[2025-05-02T19:50:21.681+0000] {local_task_job_runner.py:120} INFO - ::group::Pre task execution logs
[2025-05-02T19:50:21.730+0000] {taskinstance.py:2073} INFO - Dependencies all met for dep_context=non-requeueable deps ti=<TaskInstance: random_user_dag_s3.write_male_data scheduled__2023-12-30T00:00:00+00:00 [queued]>
[2025-05-02T19:50:21.760+0000] {taskinstance.py:2073} INFO - Dependencies all met for dep_context=requeueable deps ti=<TaskInstance: random_user_dag_s3.write_male_data scheduled__2023-12-30T00:00:00+00:00 [queued]>
[2025-05-02T19:50:21.761+0000] {taskinstance.py:2303} INFO - Starting attempt 1 of 3
[2025-05-02T19:50:21.797+0000] {taskinstance.py:2327} INFO - Executing <Task(PythonOperator): write_male_data> on 2023-12-30 00:00:00+00:00
[2025-05-02T19:50:21.809+0000] {warnings.py:110} WARNING - /home/***/.local/lib/python3.12/site-packages/***/task/task_runner/standard_task_runner.py:61: DeprecationWarning: This process (pid=1580) is multi-threaded, use of fork() may lead to deadlocks in the child.
  pid = os.fork()

[2025-05-02T19:50:21.813+0000] {standard_task_runner.py:63} INFO - Started process 1613 to run task
[2025-05-02T19:50:21.824+0000] {standard_task_runner.py:90} INFO - Running: ['***', 'tasks', 'run', 'random_user_dag_s3', 'write_male_data', 'scheduled__2023-12-30T00:00:00+00:00', '--job-id', '450', '--raw', '--subdir', 'DAGS_FOLDER/random_user_dag.py', '--cfg-path', '/tmp/tmph5s_ra1e']
[2025-05-02T19:50:21.826+0000] {standard_task_runner.py:91} INFO - Job 450: Subtask write_male_data
[2025-05-02T19:50:21.962+0000] {task_command.py:426} INFO - Running <TaskInstance: random_user_dag_s3.write_male_data scheduled__2023-12-30T00:00:00+00:00 [running]> on host 1878fa9eca19
[2025-05-02T19:50:22.258+0000] {taskinstance.py:2644} INFO - Exporting env vars: AIRFLOW_CTX_DAG_OWNER='***' AIRFLOW_CTX_DAG_ID='random_user_dag_s3' AIRFLOW_CTX_TASK_ID='write_male_data' AIRFLOW_CTX_EXECUTION_DATE='2023-12-30T00:00:00+00:00' AIRFLOW_CTX_TRY_NUMBER='1' AIRFLOW_CTX_DAG_RUN_ID='scheduled__2023-12-30T00:00:00+00:00'
[2025-05-02T19:50:22.279+0000] {taskinstance.py:430} INFO - ::endgroup::
[2025-05-02T19:50:25.851+0000] {taskinstance.py:441} INFO - ::group::Post task execution logs
[2025-05-02T19:50:25.852+0000] {taskinstance.py:2890} ERROR - Task failed with exception
Traceback (most recent call last):
  File "/home/airflow/.local/lib/python3.12/site-packages/airflow/models/taskinstance.py", line 465, in _execute_task
    result = _execute_callable(context=context, **execute_callable_kwargs)
             ^^^^^^^^^^^^^^^^^^^^^^^^^^^^^^^^^^^^^^^^^^^^^^^^^^^^^^^^^^^^^
  File "/home/airflow/.local/lib/python3.12/site-packages/airflow/models/taskinstance.py", line 432, in _execute_callable
    return execute_callable(context=context, **execute_callable_kwargs)
           ^^^^^^^^^^^^^^^^^^^^^^^^^^^^^^^^^^^^^^^^^^^^^^^^^^^^^^^^^^^^
  File "/home/airflow/.local/lib/python3.12/site-packages/airflow/models/baseoperator.py", line 400, in wrapper
    return func(self, *args, **kwargs)
           ^^^^^^^^^^^^^^^^^^^^^^^^^^^
  File "/home/airflow/.local/lib/python3.12/site-packages/airflow/operators/python.py", line 235, in execute
    return_value = self.execute_callable()
                   ^^^^^^^^^^^^^^^^^^^^^^^
  File "/home/airflow/.local/lib/python3.12/site-packages/airflow/operators/python.py", line 252, in execute_callable
    return self.python_callable(*self.op_args, **self.op_kwargs)
           ^^^^^^^^^^^^^^^^^^^^^^^^^^^^^^^^^^^^^^^^^^^^^^^^^^^^^
  File "/opt/airflow/dags/random_user_module.py", line 45, in load_male_to_s3
    region_name=Variable.get("AWS_REGION")
                ^^^^^^^^^^^^^^^^^^^^^^^^^^
  File "/home/airflow/.local/lib/python3.12/site-packages/airflow/models/variable.py", line 143, in get
    raise KeyError(f"Variable {key} does not exist")
KeyError: 'Variable AWS_REGION does not exist'
[2025-05-02T19:50:25.869+0000] {taskinstance.py:1205} INFO - Marking task as UP_FOR_RETRY. dag_id=random_user_dag_s3, task_id=write_male_data, execution_date=20231230T000000, start_date=20250502T195021, end_date=20250502T195025
[2025-05-02T19:50:26.096+0000] {standard_task_runner.py:110} ERROR - Failed to execute job 450 for task write_male_data ('Variable AWS_REGION does not exist'; 1613)
[2025-05-02T19:50:26.146+0000] {local_task_job_runner.py:240} INFO - Task exited with return code 1
[2025-05-02T19:50:26.213+0000] {taskinstance.py:3482} INFO - 0 downstream tasks scheduled from follow-on schedule check
[2025-05-02T19:50:26.223+0000] {local_task_job_runner.py:222} INFO - ::endgroup::
