[2025-05-02T19:50:08.221+0000] {local_task_job_runner.py:120} INFO - ::group::Pre task execution logs
[2025-05-02T19:50:08.262+0000] {taskinstance.py:2073} INFO - Dependencies all met for dep_context=non-requeueable deps ti=<TaskInstance: random_user_dag_s3.get_male_data scheduled__2023-12-27T00:00:00+00:00 [queued]>
[2025-05-02T19:50:08.276+0000] {taskinstance.py:2073} INFO - Dependencies all met for dep_context=requeueable deps ti=<TaskInstance: random_user_dag_s3.get_male_data scheduled__2023-12-27T00:00:00+00:00 [queued]>
[2025-05-02T19:50:08.277+0000] {taskinstance.py:2303} INFO - Starting attempt 1 of 3
[2025-05-02T19:50:08.302+0000] {taskinstance.py:2327} INFO - Executing <Task(PythonOperator): get_male_data> on 2023-12-27 00:00:00+00:00
[2025-05-02T19:50:08.318+0000] {warnings.py:110} WARNING - /home/***/.local/lib/python3.12/site-packages/***/task/task_runner/standard_task_runner.py:61: DeprecationWarning: This process (pid=1508) is multi-threaded, use of fork() may lead to deadlocks in the child.
  pid = os.fork()

[2025-05-02T19:50:08.321+0000] {standard_task_runner.py:63} INFO - Started process 1546 to run task
[2025-05-02T19:50:08.329+0000] {standard_task_runner.py:90} INFO - Running: ['***', 'tasks', 'run', 'random_user_dag_s3', 'get_male_data', 'scheduled__2023-12-27T00:00:00+00:00', '--job-id', '430', '--raw', '--subdir', 'DAGS_FOLDER/random_user_dag.py', '--cfg-path', '/tmp/tmpp9hpz8y0']
[2025-05-02T19:50:08.331+0000] {standard_task_runner.py:91} INFO - Job 430: Subtask get_male_data
[2025-05-02T19:50:08.664+0000] {task_command.py:426} INFO - Running <TaskInstance: random_user_dag_s3.get_male_data scheduled__2023-12-27T00:00:00+00:00 [running]> on host 1878fa9eca19
[2025-05-02T19:50:09.132+0000] {taskinstance.py:2644} INFO - Exporting env vars: AIRFLOW_CTX_DAG_OWNER='***' AIRFLOW_CTX_DAG_ID='random_user_dag_s3' AIRFLOW_CTX_TASK_ID='get_male_data' AIRFLOW_CTX_EXECUTION_DATE='2023-12-27T00:00:00+00:00' AIRFLOW_CTX_TRY_NUMBER='1' AIRFLOW_CTX_DAG_RUN_ID='scheduled__2023-12-27T00:00:00+00:00'
[2025-05-02T19:50:09.134+0000] {taskinstance.py:430} INFO - ::endgroup::
[2025-05-02T19:50:09.612+0000] {python.py:237} INFO - Done. Returned value was:   male_gender
0        male
1        male
2        male
3        male
4        male
[2025-05-02T19:50:09.631+0000] {taskinstance.py:441} INFO - ::group::Post task execution logs
[2025-05-02T19:50:09.805+0000] {taskinstance.py:1205} INFO - Marking task as SUCCESS. dag_id=random_user_dag_s3, task_id=get_male_data, execution_date=20231227T000000, start_date=20250502T195008, end_date=20250502T195009
[2025-05-02T19:50:10.167+0000] {local_task_job_runner.py:240} INFO - Task exited with return code 0
[2025-05-02T19:50:10.233+0000] {taskinstance.py:3482} INFO - 1 downstream tasks scheduled from follow-on schedule check
[2025-05-02T19:50:10.239+0000] {local_task_job_runner.py:222} INFO - ::endgroup::
