[2025-05-02T19:33:07.316+0000] {processor.py:161} INFO - Started process (PID=81) to work on /home/airflow/.local/lib/python3.12/site-packages/airflow/example_dags/example_task_group_decorator.py
[2025-05-02T19:33:07.318+0000] {processor.py:830} INFO - Processing file /home/airflow/.local/lib/python3.12/site-packages/airflow/example_dags/example_task_group_decorator.py for tasks to queue
[2025-05-02T19:33:07.322+0000] {logging_mixin.py:188} INFO - [2025-05-02T19:33:07.322+0000] {dagbag.py:540} INFO - Filling up the DagBag from /home/airflow/.local/lib/python3.12/site-packages/airflow/example_dags/example_task_group_decorator.py
[2025-05-02T19:33:07.342+0000] {processor.py:840} INFO - DAG(s) 'example_task_group_decorator' retrieved from /home/airflow/.local/lib/python3.12/site-packages/airflow/example_dags/example_task_group_decorator.py
[2025-05-02T19:33:07.356+0000] {logging_mixin.py:188} INFO - [2025-05-02T19:33:07.356+0000] {dag.py:3096} INFO - Sync 1 DAGs
[2025-05-02T19:33:07.395+0000] {logging_mixin.py:188} INFO - [2025-05-02T19:33:07.395+0000] {dag.py:3954} INFO - Setting next_dagrun for example_task_group_decorator to 2025-05-01 00:00:00+00:00, run_after=2025-05-02 00:00:00+00:00
[2025-05-02T19:33:07.423+0000] {processor.py:183} INFO - Processing /home/airflow/.local/lib/python3.12/site-packages/airflow/example_dags/example_task_group_decorator.py took 0.115 seconds
[2025-05-02T19:33:37.753+0000] {processor.py:161} INFO - Started process (PID=133) to work on /home/airflow/.local/lib/python3.12/site-packages/airflow/example_dags/example_task_group_decorator.py
[2025-05-02T19:33:37.753+0000] {processor.py:830} INFO - Processing file /home/airflow/.local/lib/python3.12/site-packages/airflow/example_dags/example_task_group_decorator.py for tasks to queue
[2025-05-02T19:33:37.755+0000] {logging_mixin.py:188} INFO - [2025-05-02T19:33:37.754+0000] {dagbag.py:540} INFO - Filling up the DagBag from /home/airflow/.local/lib/python3.12/site-packages/airflow/example_dags/example_task_group_decorator.py
[2025-05-02T19:33:37.768+0000] {processor.py:840} INFO - DAG(s) 'example_task_group_decorator' retrieved from /home/airflow/.local/lib/python3.12/site-packages/airflow/example_dags/example_task_group_decorator.py
[2025-05-02T19:33:37.865+0000] {logging_mixin.py:188} INFO - [2025-05-02T19:33:37.864+0000] {dag.py:3096} INFO - Sync 1 DAGs
[2025-05-02T19:33:37.883+0000] {logging_mixin.py:188} INFO - [2025-05-02T19:33:37.883+0000] {dag.py:3954} INFO - Setting next_dagrun for example_task_group_decorator to 2025-05-01 00:00:00+00:00, run_after=2025-05-02 00:00:00+00:00
[2025-05-02T19:33:37.901+0000] {processor.py:183} INFO - Processing /home/airflow/.local/lib/python3.12/site-packages/airflow/example_dags/example_task_group_decorator.py took 0.154 seconds
[2025-05-02T19:34:07.933+0000] {processor.py:161} INFO - Started process (PID=191) to work on /home/airflow/.local/lib/python3.12/site-packages/airflow/example_dags/example_task_group_decorator.py
[2025-05-02T19:34:07.934+0000] {processor.py:830} INFO - Processing file /home/airflow/.local/lib/python3.12/site-packages/airflow/example_dags/example_task_group_decorator.py for tasks to queue
[2025-05-02T19:34:07.935+0000] {logging_mixin.py:188} INFO - [2025-05-02T19:34:07.935+0000] {dagbag.py:540} INFO - Filling up the DagBag from /home/airflow/.local/lib/python3.12/site-packages/airflow/example_dags/example_task_group_decorator.py
[2025-05-02T19:34:07.945+0000] {processor.py:840} INFO - DAG(s) 'example_task_group_decorator' retrieved from /home/airflow/.local/lib/python3.12/site-packages/airflow/example_dags/example_task_group_decorator.py
[2025-05-02T19:34:07.966+0000] {logging_mixin.py:188} INFO - [2025-05-02T19:34:07.964+0000] {dag.py:3096} INFO - Sync 1 DAGs
[2025-05-02T19:34:07.983+0000] {logging_mixin.py:188} INFO - [2025-05-02T19:34:07.982+0000] {dag.py:3954} INFO - Setting next_dagrun for example_task_group_decorator to 2025-05-01 00:00:00+00:00, run_after=2025-05-02 00:00:00+00:00
[2025-05-02T19:34:07.997+0000] {processor.py:183} INFO - Processing /home/airflow/.local/lib/python3.12/site-packages/airflow/example_dags/example_task_group_decorator.py took 0.068 seconds
[2025-05-02T19:34:39.347+0000] {processor.py:161} INFO - Started process (PID=249) to work on /home/airflow/.local/lib/python3.12/site-packages/airflow/example_dags/example_task_group_decorator.py
[2025-05-02T19:34:39.348+0000] {processor.py:830} INFO - Processing file /home/airflow/.local/lib/python3.12/site-packages/airflow/example_dags/example_task_group_decorator.py for tasks to queue
[2025-05-02T19:34:39.351+0000] {logging_mixin.py:188} INFO - [2025-05-02T19:34:39.350+0000] {dagbag.py:540} INFO - Filling up the DagBag from /home/airflow/.local/lib/python3.12/site-packages/airflow/example_dags/example_task_group_decorator.py
[2025-05-02T19:34:39.363+0000] {processor.py:840} INFO - DAG(s) 'example_task_group_decorator' retrieved from /home/airflow/.local/lib/python3.12/site-packages/airflow/example_dags/example_task_group_decorator.py
[2025-05-02T19:34:39.391+0000] {logging_mixin.py:188} INFO - [2025-05-02T19:34:39.391+0000] {dag.py:3096} INFO - Sync 1 DAGs
[2025-05-02T19:34:39.412+0000] {logging_mixin.py:188} INFO - [2025-05-02T19:34:39.412+0000] {dag.py:3954} INFO - Setting next_dagrun for example_task_group_decorator to 2025-05-01 00:00:00+00:00, run_after=2025-05-02 00:00:00+00:00
[2025-05-02T19:34:39.429+0000] {processor.py:183} INFO - Processing /home/airflow/.local/lib/python3.12/site-packages/airflow/example_dags/example_task_group_decorator.py took 0.089 seconds
[2025-05-02T19:35:09.999+0000] {processor.py:161} INFO - Started process (PID=307) to work on /home/airflow/.local/lib/python3.12/site-packages/airflow/example_dags/example_task_group_decorator.py
[2025-05-02T19:35:10.000+0000] {processor.py:830} INFO - Processing file /home/airflow/.local/lib/python3.12/site-packages/airflow/example_dags/example_task_group_decorator.py for tasks to queue
[2025-05-02T19:35:10.001+0000] {logging_mixin.py:188} INFO - [2025-05-02T19:35:10.001+0000] {dagbag.py:540} INFO - Filling up the DagBag from /home/airflow/.local/lib/python3.12/site-packages/airflow/example_dags/example_task_group_decorator.py
[2025-05-02T19:35:10.013+0000] {processor.py:840} INFO - DAG(s) 'example_task_group_decorator' retrieved from /home/airflow/.local/lib/python3.12/site-packages/airflow/example_dags/example_task_group_decorator.py
[2025-05-02T19:35:10.033+0000] {logging_mixin.py:188} INFO - [2025-05-02T19:35:10.033+0000] {dag.py:3096} INFO - Sync 1 DAGs
[2025-05-02T19:35:12.934+0000] {logging_mixin.py:188} INFO - [2025-05-02T19:35:12.934+0000] {dag.py:3954} INFO - Setting next_dagrun for example_task_group_decorator to 2025-05-01 00:00:00+00:00, run_after=2025-05-02 00:00:00+00:00
[2025-05-02T19:35:12.948+0000] {processor.py:183} INFO - Processing /home/airflow/.local/lib/python3.12/site-packages/airflow/example_dags/example_task_group_decorator.py took 0.072 seconds
[2025-05-02T19:35:43.415+0000] {processor.py:161} INFO - Started process (PID=365) to work on /home/airflow/.local/lib/python3.12/site-packages/airflow/example_dags/example_task_group_decorator.py
[2025-05-02T19:35:43.416+0000] {processor.py:830} INFO - Processing file /home/airflow/.local/lib/python3.12/site-packages/airflow/example_dags/example_task_group_decorator.py for tasks to queue
[2025-05-02T19:35:43.419+0000] {logging_mixin.py:188} INFO - [2025-05-02T19:35:43.418+0000] {dagbag.py:540} INFO - Filling up the DagBag from /home/airflow/.local/lib/python3.12/site-packages/airflow/example_dags/example_task_group_decorator.py
[2025-05-02T19:35:43.448+0000] {processor.py:840} INFO - DAG(s) 'example_task_group_decorator' retrieved from /home/airflow/.local/lib/python3.12/site-packages/airflow/example_dags/example_task_group_decorator.py
[2025-05-02T19:35:43.497+0000] {logging_mixin.py:188} INFO - [2025-05-02T19:35:43.497+0000] {dag.py:3096} INFO - Sync 1 DAGs
[2025-05-02T19:35:43.540+0000] {logging_mixin.py:188} INFO - [2025-05-02T19:35:43.540+0000] {dag.py:3954} INFO - Setting next_dagrun for example_task_group_decorator to 2025-05-01 00:00:00+00:00, run_after=2025-05-02 00:00:00+00:00
[2025-05-02T19:35:43.573+0000] {processor.py:183} INFO - Processing /home/airflow/.local/lib/python3.12/site-packages/airflow/example_dags/example_task_group_decorator.py took 0.166 seconds
[2025-05-02T19:36:13.890+0000] {processor.py:161} INFO - Started process (PID=423) to work on /home/airflow/.local/lib/python3.12/site-packages/airflow/example_dags/example_task_group_decorator.py
[2025-05-02T19:36:13.894+0000] {processor.py:830} INFO - Processing file /home/airflow/.local/lib/python3.12/site-packages/airflow/example_dags/example_task_group_decorator.py for tasks to queue
[2025-05-02T19:36:13.896+0000] {logging_mixin.py:188} INFO - [2025-05-02T19:36:13.895+0000] {dagbag.py:540} INFO - Filling up the DagBag from /home/airflow/.local/lib/python3.12/site-packages/airflow/example_dags/example_task_group_decorator.py
[2025-05-02T19:36:13.906+0000] {processor.py:840} INFO - DAG(s) 'example_task_group_decorator' retrieved from /home/airflow/.local/lib/python3.12/site-packages/airflow/example_dags/example_task_group_decorator.py
[2025-05-02T19:36:13.930+0000] {logging_mixin.py:188} INFO - [2025-05-02T19:36:13.930+0000] {dag.py:3096} INFO - Sync 1 DAGs
[2025-05-02T19:36:13.946+0000] {logging_mixin.py:188} INFO - [2025-05-02T19:36:13.946+0000] {dag.py:3954} INFO - Setting next_dagrun for example_task_group_decorator to 2025-05-01 00:00:00+00:00, run_after=2025-05-02 00:00:00+00:00
[2025-05-02T19:36:13.972+0000] {processor.py:183} INFO - Processing /home/airflow/.local/lib/python3.12/site-packages/airflow/example_dags/example_task_group_decorator.py took 0.087 seconds
[2025-05-02T19:36:44.406+0000] {processor.py:161} INFO - Started process (PID=481) to work on /home/airflow/.local/lib/python3.12/site-packages/airflow/example_dags/example_task_group_decorator.py
[2025-05-02T19:36:44.406+0000] {processor.py:830} INFO - Processing file /home/airflow/.local/lib/python3.12/site-packages/airflow/example_dags/example_task_group_decorator.py for tasks to queue
[2025-05-02T19:36:44.408+0000] {logging_mixin.py:188} INFO - [2025-05-02T19:36:44.407+0000] {dagbag.py:540} INFO - Filling up the DagBag from /home/airflow/.local/lib/python3.12/site-packages/airflow/example_dags/example_task_group_decorator.py
[2025-05-02T19:36:44.420+0000] {processor.py:840} INFO - DAG(s) 'example_task_group_decorator' retrieved from /home/airflow/.local/lib/python3.12/site-packages/airflow/example_dags/example_task_group_decorator.py
[2025-05-02T19:36:44.440+0000] {logging_mixin.py:188} INFO - [2025-05-02T19:36:44.440+0000] {dag.py:3096} INFO - Sync 1 DAGs
[2025-05-02T19:36:44.457+0000] {logging_mixin.py:188} INFO - [2025-05-02T19:36:44.457+0000] {dag.py:3954} INFO - Setting next_dagrun for example_task_group_decorator to 2025-05-01 00:00:00+00:00, run_after=2025-05-02 00:00:00+00:00
[2025-05-02T19:36:44.474+0000] {processor.py:183} INFO - Processing /home/airflow/.local/lib/python3.12/site-packages/airflow/example_dags/example_task_group_decorator.py took 0.074 seconds
[2025-05-02T19:37:14.649+0000] {processor.py:161} INFO - Started process (PID=539) to work on /home/airflow/.local/lib/python3.12/site-packages/airflow/example_dags/example_task_group_decorator.py
[2025-05-02T19:37:14.649+0000] {processor.py:830} INFO - Processing file /home/airflow/.local/lib/python3.12/site-packages/airflow/example_dags/example_task_group_decorator.py for tasks to queue
[2025-05-02T19:37:14.651+0000] {logging_mixin.py:188} INFO - [2025-05-02T19:37:14.650+0000] {dagbag.py:540} INFO - Filling up the DagBag from /home/airflow/.local/lib/python3.12/site-packages/airflow/example_dags/example_task_group_decorator.py
[2025-05-02T19:37:14.661+0000] {processor.py:840} INFO - DAG(s) 'example_task_group_decorator' retrieved from /home/airflow/.local/lib/python3.12/site-packages/airflow/example_dags/example_task_group_decorator.py
[2025-05-02T19:37:14.681+0000] {logging_mixin.py:188} INFO - [2025-05-02T19:37:14.681+0000] {dag.py:3096} INFO - Sync 1 DAGs
[2025-05-02T19:37:14.696+0000] {logging_mixin.py:188} INFO - [2025-05-02T19:37:14.696+0000] {dag.py:3954} INFO - Setting next_dagrun for example_task_group_decorator to 2025-05-01 00:00:00+00:00, run_after=2025-05-02 00:00:00+00:00
[2025-05-02T19:37:14.712+0000] {processor.py:183} INFO - Processing /home/airflow/.local/lib/python3.12/site-packages/airflow/example_dags/example_task_group_decorator.py took 0.069 seconds
[2025-05-02T19:37:45.222+0000] {processor.py:161} INFO - Started process (PID=597) to work on /home/airflow/.local/lib/python3.12/site-packages/airflow/example_dags/example_task_group_decorator.py
[2025-05-02T19:37:45.223+0000] {processor.py:830} INFO - Processing file /home/airflow/.local/lib/python3.12/site-packages/airflow/example_dags/example_task_group_decorator.py for tasks to queue
[2025-05-02T19:37:45.226+0000] {logging_mixin.py:188} INFO - [2025-05-02T19:37:45.225+0000] {dagbag.py:540} INFO - Filling up the DagBag from /home/airflow/.local/lib/python3.12/site-packages/airflow/example_dags/example_task_group_decorator.py
[2025-05-02T19:37:45.241+0000] {processor.py:840} INFO - DAG(s) 'example_task_group_decorator' retrieved from /home/airflow/.local/lib/python3.12/site-packages/airflow/example_dags/example_task_group_decorator.py
[2025-05-02T19:37:45.261+0000] {logging_mixin.py:188} INFO - [2025-05-02T19:37:45.261+0000] {dag.py:3096} INFO - Sync 1 DAGs
[2025-05-02T19:37:45.276+0000] {logging_mixin.py:188} INFO - [2025-05-02T19:37:45.276+0000] {dag.py:3954} INFO - Setting next_dagrun for example_task_group_decorator to 2025-05-01 00:00:00+00:00, run_after=2025-05-02 00:00:00+00:00
[2025-05-02T19:37:45.292+0000] {processor.py:183} INFO - Processing /home/airflow/.local/lib/python3.12/site-packages/airflow/example_dags/example_task_group_decorator.py took 0.074 seconds
[2025-05-02T19:38:15.538+0000] {processor.py:161} INFO - Started process (PID=655) to work on /home/airflow/.local/lib/python3.12/site-packages/airflow/example_dags/example_task_group_decorator.py
[2025-05-02T19:38:15.540+0000] {processor.py:830} INFO - Processing file /home/airflow/.local/lib/python3.12/site-packages/airflow/example_dags/example_task_group_decorator.py for tasks to queue
[2025-05-02T19:38:15.546+0000] {logging_mixin.py:188} INFO - [2025-05-02T19:38:15.541+0000] {dagbag.py:540} INFO - Filling up the DagBag from /home/airflow/.local/lib/python3.12/site-packages/airflow/example_dags/example_task_group_decorator.py
[2025-05-02T19:38:15.562+0000] {processor.py:840} INFO - DAG(s) 'example_task_group_decorator' retrieved from /home/airflow/.local/lib/python3.12/site-packages/airflow/example_dags/example_task_group_decorator.py
[2025-05-02T19:38:15.583+0000] {logging_mixin.py:188} INFO - [2025-05-02T19:38:15.583+0000] {dag.py:3096} INFO - Sync 1 DAGs
[2025-05-02T19:38:15.601+0000] {logging_mixin.py:188} INFO - [2025-05-02T19:38:15.601+0000] {dag.py:3954} INFO - Setting next_dagrun for example_task_group_decorator to 2025-05-01 00:00:00+00:00, run_after=2025-05-02 00:00:00+00:00
[2025-05-02T19:38:15.618+0000] {processor.py:183} INFO - Processing /home/airflow/.local/lib/python3.12/site-packages/airflow/example_dags/example_task_group_decorator.py took 0.084 seconds
[2025-05-02T19:38:46.018+0000] {processor.py:161} INFO - Started process (PID=713) to work on /home/airflow/.local/lib/python3.12/site-packages/airflow/example_dags/example_task_group_decorator.py
[2025-05-02T19:38:46.020+0000] {processor.py:830} INFO - Processing file /home/airflow/.local/lib/python3.12/site-packages/airflow/example_dags/example_task_group_decorator.py for tasks to queue
[2025-05-02T19:38:46.022+0000] {logging_mixin.py:188} INFO - [2025-05-02T19:38:46.022+0000] {dagbag.py:540} INFO - Filling up the DagBag from /home/airflow/.local/lib/python3.12/site-packages/airflow/example_dags/example_task_group_decorator.py
[2025-05-02T19:38:46.036+0000] {processor.py:840} INFO - DAG(s) 'example_task_group_decorator' retrieved from /home/airflow/.local/lib/python3.12/site-packages/airflow/example_dags/example_task_group_decorator.py
[2025-05-02T19:38:46.061+0000] {logging_mixin.py:188} INFO - [2025-05-02T19:38:46.061+0000] {dag.py:3096} INFO - Sync 1 DAGs
[2025-05-02T19:38:46.080+0000] {logging_mixin.py:188} INFO - [2025-05-02T19:38:46.080+0000] {dag.py:3954} INFO - Setting next_dagrun for example_task_group_decorator to 2025-05-01 00:00:00+00:00, run_after=2025-05-02 00:00:00+00:00
[2025-05-02T19:38:46.101+0000] {processor.py:183} INFO - Processing /home/airflow/.local/lib/python3.12/site-packages/airflow/example_dags/example_task_group_decorator.py took 0.090 seconds
[2025-05-02T19:39:18.406+0000] {processor.py:161} INFO - Started process (PID=771) to work on /home/airflow/.local/lib/python3.12/site-packages/airflow/example_dags/example_task_group_decorator.py
[2025-05-02T19:39:18.407+0000] {processor.py:830} INFO - Processing file /home/airflow/.local/lib/python3.12/site-packages/airflow/example_dags/example_task_group_decorator.py for tasks to queue
[2025-05-02T19:39:18.409+0000] {logging_mixin.py:188} INFO - [2025-05-02T19:39:18.409+0000] {dagbag.py:540} INFO - Filling up the DagBag from /home/airflow/.local/lib/python3.12/site-packages/airflow/example_dags/example_task_group_decorator.py
[2025-05-02T19:39:18.421+0000] {processor.py:840} INFO - DAG(s) 'example_task_group_decorator' retrieved from /home/airflow/.local/lib/python3.12/site-packages/airflow/example_dags/example_task_group_decorator.py
[2025-05-02T19:39:18.445+0000] {logging_mixin.py:188} INFO - [2025-05-02T19:39:18.445+0000] {dag.py:3096} INFO - Sync 1 DAGs
[2025-05-02T19:39:18.464+0000] {logging_mixin.py:188} INFO - [2025-05-02T19:39:18.464+0000] {dag.py:3954} INFO - Setting next_dagrun for example_task_group_decorator to 2025-05-01 00:00:00+00:00, run_after=2025-05-02 00:00:00+00:00
[2025-05-02T19:39:18.481+0000] {processor.py:183} INFO - Processing /home/airflow/.local/lib/python3.12/site-packages/airflow/example_dags/example_task_group_decorator.py took 0.080 seconds
[2025-05-02T19:39:49.027+0000] {processor.py:161} INFO - Started process (PID=829) to work on /home/airflow/.local/lib/python3.12/site-packages/airflow/example_dags/example_task_group_decorator.py
[2025-05-02T19:39:49.028+0000] {processor.py:830} INFO - Processing file /home/airflow/.local/lib/python3.12/site-packages/airflow/example_dags/example_task_group_decorator.py for tasks to queue
[2025-05-02T19:39:49.030+0000] {logging_mixin.py:188} INFO - [2025-05-02T19:39:49.030+0000] {dagbag.py:540} INFO - Filling up the DagBag from /home/airflow/.local/lib/python3.12/site-packages/airflow/example_dags/example_task_group_decorator.py
[2025-05-02T19:39:49.041+0000] {processor.py:840} INFO - DAG(s) 'example_task_group_decorator' retrieved from /home/airflow/.local/lib/python3.12/site-packages/airflow/example_dags/example_task_group_decorator.py
[2025-05-02T19:39:49.060+0000] {logging_mixin.py:188} INFO - [2025-05-02T19:39:49.060+0000] {dag.py:3096} INFO - Sync 1 DAGs
[2025-05-02T19:39:49.079+0000] {logging_mixin.py:188} INFO - [2025-05-02T19:39:49.079+0000] {dag.py:3954} INFO - Setting next_dagrun for example_task_group_decorator to 2025-05-01 00:00:00+00:00, run_after=2025-05-02 00:00:00+00:00
[2025-05-02T19:39:49.093+0000] {processor.py:183} INFO - Processing /home/airflow/.local/lib/python3.12/site-packages/airflow/example_dags/example_task_group_decorator.py took 0.070 seconds
[2025-05-02T19:40:19.815+0000] {processor.py:161} INFO - Started process (PID=887) to work on /home/airflow/.local/lib/python3.12/site-packages/airflow/example_dags/example_task_group_decorator.py
[2025-05-02T19:40:19.815+0000] {processor.py:830} INFO - Processing file /home/airflow/.local/lib/python3.12/site-packages/airflow/example_dags/example_task_group_decorator.py for tasks to queue
[2025-05-02T19:40:19.818+0000] {logging_mixin.py:188} INFO - [2025-05-02T19:40:19.817+0000] {dagbag.py:540} INFO - Filling up the DagBag from /home/airflow/.local/lib/python3.12/site-packages/airflow/example_dags/example_task_group_decorator.py
[2025-05-02T19:40:19.831+0000] {processor.py:840} INFO - DAG(s) 'example_task_group_decorator' retrieved from /home/airflow/.local/lib/python3.12/site-packages/airflow/example_dags/example_task_group_decorator.py
[2025-05-02T19:40:19.851+0000] {logging_mixin.py:188} INFO - [2025-05-02T19:40:19.851+0000] {dag.py:3096} INFO - Sync 1 DAGs
[2025-05-02T19:40:19.868+0000] {logging_mixin.py:188} INFO - [2025-05-02T19:40:19.868+0000] {dag.py:3954} INFO - Setting next_dagrun for example_task_group_decorator to 2025-05-01 00:00:00+00:00, run_after=2025-05-02 00:00:00+00:00
[2025-05-02T19:40:19.883+0000] {processor.py:183} INFO - Processing /home/airflow/.local/lib/python3.12/site-packages/airflow/example_dags/example_task_group_decorator.py took 0.075 seconds
[2025-05-02T19:40:50.275+0000] {processor.py:161} INFO - Started process (PID=945) to work on /home/airflow/.local/lib/python3.12/site-packages/airflow/example_dags/example_task_group_decorator.py
[2025-05-02T19:40:50.276+0000] {processor.py:830} INFO - Processing file /home/airflow/.local/lib/python3.12/site-packages/airflow/example_dags/example_task_group_decorator.py for tasks to queue
[2025-05-02T19:40:50.278+0000] {logging_mixin.py:188} INFO - [2025-05-02T19:40:50.278+0000] {dagbag.py:540} INFO - Filling up the DagBag from /home/airflow/.local/lib/python3.12/site-packages/airflow/example_dags/example_task_group_decorator.py
[2025-05-02T19:40:50.293+0000] {processor.py:840} INFO - DAG(s) 'example_task_group_decorator' retrieved from /home/airflow/.local/lib/python3.12/site-packages/airflow/example_dags/example_task_group_decorator.py
[2025-05-02T19:40:50.318+0000] {logging_mixin.py:188} INFO - [2025-05-02T19:40:50.317+0000] {dag.py:3096} INFO - Sync 1 DAGs
[2025-05-02T19:40:50.341+0000] {logging_mixin.py:188} INFO - [2025-05-02T19:40:50.340+0000] {dag.py:3954} INFO - Setting next_dagrun for example_task_group_decorator to 2025-05-01 00:00:00+00:00, run_after=2025-05-02 00:00:00+00:00
[2025-05-02T19:40:50.356+0000] {processor.py:183} INFO - Processing /home/airflow/.local/lib/python3.12/site-packages/airflow/example_dags/example_task_group_decorator.py took 0.088 seconds
[2025-05-02T19:41:20.742+0000] {processor.py:161} INFO - Started process (PID=1003) to work on /home/airflow/.local/lib/python3.12/site-packages/airflow/example_dags/example_task_group_decorator.py
[2025-05-02T19:41:20.743+0000] {processor.py:830} INFO - Processing file /home/airflow/.local/lib/python3.12/site-packages/airflow/example_dags/example_task_group_decorator.py for tasks to queue
[2025-05-02T19:41:20.745+0000] {logging_mixin.py:188} INFO - [2025-05-02T19:41:20.745+0000] {dagbag.py:540} INFO - Filling up the DagBag from /home/airflow/.local/lib/python3.12/site-packages/airflow/example_dags/example_task_group_decorator.py
[2025-05-02T19:41:20.763+0000] {processor.py:840} INFO - DAG(s) 'example_task_group_decorator' retrieved from /home/airflow/.local/lib/python3.12/site-packages/airflow/example_dags/example_task_group_decorator.py
[2025-05-02T19:41:20.790+0000] {logging_mixin.py:188} INFO - [2025-05-02T19:41:20.790+0000] {dag.py:3096} INFO - Sync 1 DAGs
[2025-05-02T19:41:20.813+0000] {logging_mixin.py:188} INFO - [2025-05-02T19:41:20.812+0000] {dag.py:3954} INFO - Setting next_dagrun for example_task_group_decorator to 2025-05-01 00:00:00+00:00, run_after=2025-05-02 00:00:00+00:00
[2025-05-02T19:41:20.829+0000] {processor.py:183} INFO - Processing /home/airflow/.local/lib/python3.12/site-packages/airflow/example_dags/example_task_group_decorator.py took 0.093 seconds
[2025-05-02T19:41:51.370+0000] {processor.py:161} INFO - Started process (PID=1061) to work on /home/airflow/.local/lib/python3.12/site-packages/airflow/example_dags/example_task_group_decorator.py
[2025-05-02T19:41:51.371+0000] {processor.py:830} INFO - Processing file /home/airflow/.local/lib/python3.12/site-packages/airflow/example_dags/example_task_group_decorator.py for tasks to queue
[2025-05-02T19:41:51.372+0000] {logging_mixin.py:188} INFO - [2025-05-02T19:41:51.372+0000] {dagbag.py:540} INFO - Filling up the DagBag from /home/airflow/.local/lib/python3.12/site-packages/airflow/example_dags/example_task_group_decorator.py
[2025-05-02T19:41:51.391+0000] {processor.py:840} INFO - DAG(s) 'example_task_group_decorator' retrieved from /home/airflow/.local/lib/python3.12/site-packages/airflow/example_dags/example_task_group_decorator.py
[2025-05-02T19:41:51.426+0000] {logging_mixin.py:188} INFO - [2025-05-02T19:41:51.426+0000] {dag.py:3096} INFO - Sync 1 DAGs
[2025-05-02T19:41:51.449+0000] {logging_mixin.py:188} INFO - [2025-05-02T19:41:51.449+0000] {dag.py:3954} INFO - Setting next_dagrun for example_task_group_decorator to 2025-05-01 00:00:00+00:00, run_after=2025-05-02 00:00:00+00:00
[2025-05-02T19:41:51.470+0000] {processor.py:183} INFO - Processing /home/airflow/.local/lib/python3.12/site-packages/airflow/example_dags/example_task_group_decorator.py took 0.104 seconds
[2025-05-02T19:42:21.985+0000] {processor.py:161} INFO - Started process (PID=1113) to work on /home/airflow/.local/lib/python3.12/site-packages/airflow/example_dags/example_task_group_decorator.py
[2025-05-02T19:42:21.986+0000] {processor.py:830} INFO - Processing file /home/airflow/.local/lib/python3.12/site-packages/airflow/example_dags/example_task_group_decorator.py for tasks to queue
[2025-05-02T19:42:21.988+0000] {logging_mixin.py:188} INFO - [2025-05-02T19:42:21.987+0000] {dagbag.py:540} INFO - Filling up the DagBag from /home/airflow/.local/lib/python3.12/site-packages/airflow/example_dags/example_task_group_decorator.py
[2025-05-02T19:42:22.000+0000] {processor.py:840} INFO - DAG(s) 'example_task_group_decorator' retrieved from /home/airflow/.local/lib/python3.12/site-packages/airflow/example_dags/example_task_group_decorator.py
[2025-05-02T19:42:22.018+0000] {logging_mixin.py:188} INFO - [2025-05-02T19:42:22.018+0000] {dag.py:3096} INFO - Sync 1 DAGs
[2025-05-02T19:42:22.038+0000] {logging_mixin.py:188} INFO - [2025-05-02T19:42:22.037+0000] {dag.py:3954} INFO - Setting next_dagrun for example_task_group_decorator to 2025-05-01 00:00:00+00:00, run_after=2025-05-02 00:00:00+00:00
[2025-05-02T19:42:22.056+0000] {processor.py:183} INFO - Processing /home/airflow/.local/lib/python3.12/site-packages/airflow/example_dags/example_task_group_decorator.py took 0.075 seconds
[2025-05-02T19:42:52.724+0000] {processor.py:161} INFO - Started process (PID=1171) to work on /home/airflow/.local/lib/python3.12/site-packages/airflow/example_dags/example_task_group_decorator.py
[2025-05-02T19:42:52.725+0000] {processor.py:830} INFO - Processing file /home/airflow/.local/lib/python3.12/site-packages/airflow/example_dags/example_task_group_decorator.py for tasks to queue
[2025-05-02T19:42:52.727+0000] {logging_mixin.py:188} INFO - [2025-05-02T19:42:52.726+0000] {dagbag.py:540} INFO - Filling up the DagBag from /home/airflow/.local/lib/python3.12/site-packages/airflow/example_dags/example_task_group_decorator.py
[2025-05-02T19:42:52.739+0000] {processor.py:840} INFO - DAG(s) 'example_task_group_decorator' retrieved from /home/airflow/.local/lib/python3.12/site-packages/airflow/example_dags/example_task_group_decorator.py
[2025-05-02T19:42:52.759+0000] {logging_mixin.py:188} INFO - [2025-05-02T19:42:52.759+0000] {dag.py:3096} INFO - Sync 1 DAGs
[2025-05-02T19:42:52.777+0000] {logging_mixin.py:188} INFO - [2025-05-02T19:42:52.777+0000] {dag.py:3954} INFO - Setting next_dagrun for example_task_group_decorator to 2025-05-01 00:00:00+00:00, run_after=2025-05-02 00:00:00+00:00
[2025-05-02T19:42:52.791+0000] {processor.py:183} INFO - Processing /home/airflow/.local/lib/python3.12/site-packages/airflow/example_dags/example_task_group_decorator.py took 0.076 seconds
[2025-05-02T19:43:24.978+0000] {processor.py:161} INFO - Started process (PID=1231) to work on /home/airflow/.local/lib/python3.12/site-packages/airflow/example_dags/example_task_group_decorator.py
[2025-05-02T19:43:24.979+0000] {processor.py:830} INFO - Processing file /home/airflow/.local/lib/python3.12/site-packages/airflow/example_dags/example_task_group_decorator.py for tasks to queue
[2025-05-02T19:43:24.981+0000] {logging_mixin.py:188} INFO - [2025-05-02T19:43:24.981+0000] {dagbag.py:540} INFO - Filling up the DagBag from /home/airflow/.local/lib/python3.12/site-packages/airflow/example_dags/example_task_group_decorator.py
[2025-05-02T19:43:24.994+0000] {processor.py:840} INFO - DAG(s) 'example_task_group_decorator' retrieved from /home/airflow/.local/lib/python3.12/site-packages/airflow/example_dags/example_task_group_decorator.py
[2025-05-02T19:43:25.017+0000] {logging_mixin.py:188} INFO - [2025-05-02T19:43:25.017+0000] {dag.py:3096} INFO - Sync 1 DAGs
[2025-05-02T19:43:25.036+0000] {logging_mixin.py:188} INFO - [2025-05-02T19:43:25.036+0000] {dag.py:3954} INFO - Setting next_dagrun for example_task_group_decorator to 2025-05-01 00:00:00+00:00, run_after=2025-05-02 00:00:00+00:00
[2025-05-02T19:43:25.053+0000] {processor.py:183} INFO - Processing /home/airflow/.local/lib/python3.12/site-packages/airflow/example_dags/example_task_group_decorator.py took 0.080 seconds
[2025-05-02T19:43:55.803+0000] {processor.py:161} INFO - Started process (PID=1291) to work on /home/airflow/.local/lib/python3.12/site-packages/airflow/example_dags/example_task_group_decorator.py
[2025-05-02T19:43:55.811+0000] {processor.py:830} INFO - Processing file /home/airflow/.local/lib/python3.12/site-packages/airflow/example_dags/example_task_group_decorator.py for tasks to queue
[2025-05-02T19:43:55.813+0000] {logging_mixin.py:188} INFO - [2025-05-02T19:43:55.812+0000] {dagbag.py:540} INFO - Filling up the DagBag from /home/airflow/.local/lib/python3.12/site-packages/airflow/example_dags/example_task_group_decorator.py
[2025-05-02T19:43:55.828+0000] {processor.py:840} INFO - DAG(s) 'example_task_group_decorator' retrieved from /home/airflow/.local/lib/python3.12/site-packages/airflow/example_dags/example_task_group_decorator.py
[2025-05-02T19:43:55.871+0000] {logging_mixin.py:188} INFO - [2025-05-02T19:43:55.870+0000] {dag.py:3096} INFO - Sync 1 DAGs
[2025-05-02T19:43:55.902+0000] {logging_mixin.py:188} INFO - [2025-05-02T19:43:55.901+0000] {dag.py:3954} INFO - Setting next_dagrun for example_task_group_decorator to 2025-05-01 00:00:00+00:00, run_after=2025-05-02 00:00:00+00:00
[2025-05-02T19:43:55.937+0000] {processor.py:183} INFO - Processing /home/airflow/.local/lib/python3.12/site-packages/airflow/example_dags/example_task_group_decorator.py took 0.151 seconds
[2025-05-02T19:44:26.338+0000] {processor.py:161} INFO - Started process (PID=1386) to work on /home/airflow/.local/lib/python3.12/site-packages/airflow/example_dags/example_task_group_decorator.py
[2025-05-02T19:44:26.339+0000] {processor.py:830} INFO - Processing file /home/airflow/.local/lib/python3.12/site-packages/airflow/example_dags/example_task_group_decorator.py for tasks to queue
[2025-05-02T19:44:26.346+0000] {logging_mixin.py:188} INFO - [2025-05-02T19:44:26.345+0000] {dagbag.py:540} INFO - Filling up the DagBag from /home/airflow/.local/lib/python3.12/site-packages/airflow/example_dags/example_task_group_decorator.py
[2025-05-02T19:44:26.378+0000] {processor.py:840} INFO - DAG(s) 'example_task_group_decorator' retrieved from /home/airflow/.local/lib/python3.12/site-packages/airflow/example_dags/example_task_group_decorator.py
[2025-05-02T19:44:26.437+0000] {logging_mixin.py:188} INFO - [2025-05-02T19:44:26.437+0000] {dag.py:3096} INFO - Sync 1 DAGs
[2025-05-02T19:44:26.489+0000] {logging_mixin.py:188} INFO - [2025-05-02T19:44:26.489+0000] {dag.py:3954} INFO - Setting next_dagrun for example_task_group_decorator to 2025-05-01 00:00:00+00:00, run_after=2025-05-02 00:00:00+00:00
[2025-05-02T19:44:26.538+0000] {processor.py:183} INFO - Processing /home/airflow/.local/lib/python3.12/site-packages/airflow/example_dags/example_task_group_decorator.py took 0.211 seconds
[2025-05-02T19:44:56.718+0000] {processor.py:161} INFO - Started process (PID=1488) to work on /home/airflow/.local/lib/python3.12/site-packages/airflow/example_dags/example_task_group_decorator.py
[2025-05-02T19:44:56.730+0000] {processor.py:830} INFO - Processing file /home/airflow/.local/lib/python3.12/site-packages/airflow/example_dags/example_task_group_decorator.py for tasks to queue
[2025-05-02T19:44:56.733+0000] {logging_mixin.py:188} INFO - [2025-05-02T19:44:56.733+0000] {dagbag.py:540} INFO - Filling up the DagBag from /home/airflow/.local/lib/python3.12/site-packages/airflow/example_dags/example_task_group_decorator.py
[2025-05-02T19:44:56.764+0000] {processor.py:840} INFO - DAG(s) 'example_task_group_decorator' retrieved from /home/airflow/.local/lib/python3.12/site-packages/airflow/example_dags/example_task_group_decorator.py
[2025-05-02T19:44:56.829+0000] {logging_mixin.py:188} INFO - [2025-05-02T19:44:56.829+0000] {dag.py:3096} INFO - Sync 1 DAGs
[2025-05-02T19:44:56.875+0000] {logging_mixin.py:188} INFO - [2025-05-02T19:44:56.875+0000] {dag.py:3954} INFO - Setting next_dagrun for example_task_group_decorator to 2025-05-01 00:00:00+00:00, run_after=2025-05-02 00:00:00+00:00
[2025-05-02T19:44:56.941+0000] {processor.py:183} INFO - Processing /home/airflow/.local/lib/python3.12/site-packages/airflow/example_dags/example_task_group_decorator.py took 0.234 seconds
[2025-05-02T19:45:29.087+0000] {processor.py:161} INFO - Started process (PID=1592) to work on /home/airflow/.local/lib/python3.12/site-packages/airflow/example_dags/example_task_group_decorator.py
[2025-05-02T19:45:29.099+0000] {processor.py:830} INFO - Processing file /home/airflow/.local/lib/python3.12/site-packages/airflow/example_dags/example_task_group_decorator.py for tasks to queue
[2025-05-02T19:45:29.104+0000] {logging_mixin.py:188} INFO - [2025-05-02T19:45:29.103+0000] {dagbag.py:540} INFO - Filling up the DagBag from /home/airflow/.local/lib/python3.12/site-packages/airflow/example_dags/example_task_group_decorator.py
[2025-05-02T19:45:29.227+0000] {processor.py:840} INFO - DAG(s) 'example_task_group_decorator' retrieved from /home/airflow/.local/lib/python3.12/site-packages/airflow/example_dags/example_task_group_decorator.py
[2025-05-02T19:45:29.384+0000] {logging_mixin.py:188} INFO - [2025-05-02T19:45:29.383+0000] {dag.py:3096} INFO - Sync 1 DAGs
[2025-05-02T19:45:29.470+0000] {logging_mixin.py:188} INFO - [2025-05-02T19:45:29.469+0000] {dag.py:3954} INFO - Setting next_dagrun for example_task_group_decorator to 2025-05-01 00:00:00+00:00, run_after=2025-05-02 00:00:00+00:00
[2025-05-02T19:45:29.540+0000] {processor.py:183} INFO - Processing /home/airflow/.local/lib/python3.12/site-packages/airflow/example_dags/example_task_group_decorator.py took 0.469 seconds
[2025-05-02T19:46:00.357+0000] {processor.py:161} INFO - Started process (PID=1695) to work on /home/airflow/.local/lib/python3.12/site-packages/airflow/example_dags/example_task_group_decorator.py
[2025-05-02T19:46:00.359+0000] {processor.py:830} INFO - Processing file /home/airflow/.local/lib/python3.12/site-packages/airflow/example_dags/example_task_group_decorator.py for tasks to queue
[2025-05-02T19:46:00.362+0000] {logging_mixin.py:188} INFO - [2025-05-02T19:46:00.361+0000] {dagbag.py:540} INFO - Filling up the DagBag from /home/airflow/.local/lib/python3.12/site-packages/airflow/example_dags/example_task_group_decorator.py
[2025-05-02T19:46:00.402+0000] {processor.py:840} INFO - DAG(s) 'example_task_group_decorator' retrieved from /home/airflow/.local/lib/python3.12/site-packages/airflow/example_dags/example_task_group_decorator.py
[2025-05-02T19:46:00.504+0000] {logging_mixin.py:188} INFO - [2025-05-02T19:46:00.504+0000] {dag.py:3096} INFO - Sync 1 DAGs
[2025-05-02T19:46:00.551+0000] {logging_mixin.py:188} INFO - [2025-05-02T19:46:00.551+0000] {dag.py:3954} INFO - Setting next_dagrun for example_task_group_decorator to 2025-05-01 00:00:00+00:00, run_after=2025-05-02 00:00:00+00:00
[2025-05-02T19:46:00.599+0000] {processor.py:183} INFO - Processing /home/airflow/.local/lib/python3.12/site-packages/airflow/example_dags/example_task_group_decorator.py took 0.254 seconds
[2025-05-02T19:46:30.971+0000] {processor.py:161} INFO - Started process (PID=1794) to work on /home/airflow/.local/lib/python3.12/site-packages/airflow/example_dags/example_task_group_decorator.py
[2025-05-02T19:46:30.984+0000] {processor.py:830} INFO - Processing file /home/airflow/.local/lib/python3.12/site-packages/airflow/example_dags/example_task_group_decorator.py for tasks to queue
[2025-05-02T19:46:30.991+0000] {logging_mixin.py:188} INFO - [2025-05-02T19:46:30.991+0000] {dagbag.py:540} INFO - Filling up the DagBag from /home/airflow/.local/lib/python3.12/site-packages/airflow/example_dags/example_task_group_decorator.py
[2025-05-02T19:46:31.063+0000] {processor.py:840} INFO - DAG(s) 'example_task_group_decorator' retrieved from /home/airflow/.local/lib/python3.12/site-packages/airflow/example_dags/example_task_group_decorator.py
[2025-05-02T19:46:31.194+0000] {logging_mixin.py:188} INFO - [2025-05-02T19:46:31.194+0000] {dag.py:3096} INFO - Sync 1 DAGs
[2025-05-02T19:46:31.267+0000] {logging_mixin.py:188} INFO - [2025-05-02T19:46:31.266+0000] {dag.py:3954} INFO - Setting next_dagrun for example_task_group_decorator to 2025-05-01 00:00:00+00:00, run_after=2025-05-02 00:00:00+00:00
[2025-05-02T19:46:31.329+0000] {processor.py:183} INFO - Processing /home/airflow/.local/lib/python3.12/site-packages/airflow/example_dags/example_task_group_decorator.py took 0.380 seconds
[2025-05-02T19:47:02.865+0000] {processor.py:161} INFO - Started process (PID=1908) to work on /home/airflow/.local/lib/python3.12/site-packages/airflow/example_dags/example_task_group_decorator.py
[2025-05-02T19:47:02.882+0000] {processor.py:830} INFO - Processing file /home/airflow/.local/lib/python3.12/site-packages/airflow/example_dags/example_task_group_decorator.py for tasks to queue
[2025-05-02T19:47:02.888+0000] {logging_mixin.py:188} INFO - [2025-05-02T19:47:02.887+0000] {dagbag.py:540} INFO - Filling up the DagBag from /home/airflow/.local/lib/python3.12/site-packages/airflow/example_dags/example_task_group_decorator.py
[2025-05-02T19:47:02.962+0000] {processor.py:840} INFO - DAG(s) 'example_task_group_decorator' retrieved from /home/airflow/.local/lib/python3.12/site-packages/airflow/example_dags/example_task_group_decorator.py
[2025-05-02T19:47:03.088+0000] {logging_mixin.py:188} INFO - [2025-05-02T19:47:03.088+0000] {dag.py:3096} INFO - Sync 1 DAGs
[2025-05-02T19:47:03.137+0000] {logging_mixin.py:188} INFO - [2025-05-02T19:47:03.137+0000] {dag.py:3954} INFO - Setting next_dagrun for example_task_group_decorator to 2025-05-01 00:00:00+00:00, run_after=2025-05-02 00:00:00+00:00
[2025-05-02T19:47:03.193+0000] {processor.py:183} INFO - Processing /home/airflow/.local/lib/python3.12/site-packages/airflow/example_dags/example_task_group_decorator.py took 0.354 seconds
[2025-05-02T19:47:37.907+0000] {processor.py:161} INFO - Started process (PID=2006) to work on /home/airflow/.local/lib/python3.12/site-packages/airflow/example_dags/example_task_group_decorator.py
[2025-05-02T19:47:37.920+0000] {processor.py:830} INFO - Processing file /home/airflow/.local/lib/python3.12/site-packages/airflow/example_dags/example_task_group_decorator.py for tasks to queue
[2025-05-02T19:47:37.924+0000] {logging_mixin.py:188} INFO - [2025-05-02T19:47:37.923+0000] {dagbag.py:540} INFO - Filling up the DagBag from /home/airflow/.local/lib/python3.12/site-packages/airflow/example_dags/example_task_group_decorator.py
[2025-05-02T19:47:37.977+0000] {processor.py:840} INFO - DAG(s) 'example_task_group_decorator' retrieved from /home/airflow/.local/lib/python3.12/site-packages/airflow/example_dags/example_task_group_decorator.py
[2025-05-02T19:47:38.052+0000] {logging_mixin.py:188} INFO - [2025-05-02T19:47:38.052+0000] {dag.py:3096} INFO - Sync 1 DAGs
[2025-05-02T19:47:38.112+0000] {logging_mixin.py:188} INFO - [2025-05-02T19:47:38.112+0000] {dag.py:3954} INFO - Setting next_dagrun for example_task_group_decorator to 2025-05-01 00:00:00+00:00, run_after=2025-05-02 00:00:00+00:00
[2025-05-02T19:47:38.173+0000] {processor.py:183} INFO - Processing /home/airflow/.local/lib/python3.12/site-packages/airflow/example_dags/example_task_group_decorator.py took 0.306 seconds
[2025-05-02T19:48:10.519+0000] {processor.py:161} INFO - Started process (PID=2109) to work on /home/airflow/.local/lib/python3.12/site-packages/airflow/example_dags/example_task_group_decorator.py
[2025-05-02T19:48:10.520+0000] {processor.py:830} INFO - Processing file /home/airflow/.local/lib/python3.12/site-packages/airflow/example_dags/example_task_group_decorator.py for tasks to queue
[2025-05-02T19:48:10.526+0000] {logging_mixin.py:188} INFO - [2025-05-02T19:48:10.525+0000] {dagbag.py:540} INFO - Filling up the DagBag from /home/airflow/.local/lib/python3.12/site-packages/airflow/example_dags/example_task_group_decorator.py
[2025-05-02T19:48:10.572+0000] {processor.py:840} INFO - DAG(s) 'example_task_group_decorator' retrieved from /home/airflow/.local/lib/python3.12/site-packages/airflow/example_dags/example_task_group_decorator.py
[2025-05-02T19:48:10.632+0000] {logging_mixin.py:188} INFO - [2025-05-02T19:48:10.631+0000] {dag.py:3096} INFO - Sync 1 DAGs
[2025-05-02T19:48:10.683+0000] {logging_mixin.py:188} INFO - [2025-05-02T19:48:10.683+0000] {dag.py:3954} INFO - Setting next_dagrun for example_task_group_decorator to 2025-05-01 00:00:00+00:00, run_after=2025-05-02 00:00:00+00:00
[2025-05-02T19:48:10.733+0000] {processor.py:183} INFO - Processing /home/airflow/.local/lib/python3.12/site-packages/airflow/example_dags/example_task_group_decorator.py took 0.228 seconds
[2025-05-02T19:48:48.658+0000] {processor.py:161} INFO - Started process (PID=2205) to work on /home/airflow/.local/lib/python3.12/site-packages/airflow/example_dags/example_task_group_decorator.py
[2025-05-02T19:48:48.670+0000] {processor.py:830} INFO - Processing file /home/airflow/.local/lib/python3.12/site-packages/airflow/example_dags/example_task_group_decorator.py for tasks to queue
[2025-05-02T19:48:48.673+0000] {logging_mixin.py:188} INFO - [2025-05-02T19:48:48.673+0000] {dagbag.py:540} INFO - Filling up the DagBag from /home/airflow/.local/lib/python3.12/site-packages/airflow/example_dags/example_task_group_decorator.py
[2025-05-02T19:48:48.710+0000] {processor.py:840} INFO - DAG(s) 'example_task_group_decorator' retrieved from /home/airflow/.local/lib/python3.12/site-packages/airflow/example_dags/example_task_group_decorator.py
[2025-05-02T19:48:48.776+0000] {logging_mixin.py:188} INFO - [2025-05-02T19:48:48.776+0000] {dag.py:3096} INFO - Sync 1 DAGs
[2025-05-02T19:48:48.821+0000] {logging_mixin.py:188} INFO - [2025-05-02T19:48:48.821+0000] {dag.py:3954} INFO - Setting next_dagrun for example_task_group_decorator to 2025-05-01 00:00:00+00:00, run_after=2025-05-02 00:00:00+00:00
[2025-05-02T19:48:48.861+0000] {processor.py:183} INFO - Processing /home/airflow/.local/lib/python3.12/site-packages/airflow/example_dags/example_task_group_decorator.py took 0.261 seconds
[2025-05-02T19:49:21.927+0000] {processor.py:161} INFO - Started process (PID=2298) to work on /home/airflow/.local/lib/python3.12/site-packages/airflow/example_dags/example_task_group_decorator.py
[2025-05-02T19:49:21.928+0000] {processor.py:830} INFO - Processing file /home/airflow/.local/lib/python3.12/site-packages/airflow/example_dags/example_task_group_decorator.py for tasks to queue
[2025-05-02T19:49:21.933+0000] {logging_mixin.py:188} INFO - [2025-05-02T19:49:21.933+0000] {dagbag.py:540} INFO - Filling up the DagBag from /home/airflow/.local/lib/python3.12/site-packages/airflow/example_dags/example_task_group_decorator.py
[2025-05-02T19:49:21.965+0000] {processor.py:840} INFO - DAG(s) 'example_task_group_decorator' retrieved from /home/airflow/.local/lib/python3.12/site-packages/airflow/example_dags/example_task_group_decorator.py
[2025-05-02T19:49:22.039+0000] {logging_mixin.py:188} INFO - [2025-05-02T19:49:22.038+0000] {dag.py:3096} INFO - Sync 1 DAGs
[2025-05-02T19:49:22.085+0000] {logging_mixin.py:188} INFO - [2025-05-02T19:49:22.084+0000] {dag.py:3954} INFO - Setting next_dagrun for example_task_group_decorator to 2025-05-01 00:00:00+00:00, run_after=2025-05-02 00:00:00+00:00
[2025-05-02T19:49:22.122+0000] {processor.py:183} INFO - Processing /home/airflow/.local/lib/python3.12/site-packages/airflow/example_dags/example_task_group_decorator.py took 0.214 seconds
[2025-05-02T19:49:56.595+0000] {processor.py:161} INFO - Started process (PID=2385) to work on /home/airflow/.local/lib/python3.12/site-packages/airflow/example_dags/example_task_group_decorator.py
[2025-05-02T19:49:56.608+0000] {processor.py:830} INFO - Processing file /home/airflow/.local/lib/python3.12/site-packages/airflow/example_dags/example_task_group_decorator.py for tasks to queue
[2025-05-02T19:49:56.612+0000] {logging_mixin.py:188} INFO - [2025-05-02T19:49:56.611+0000] {dagbag.py:540} INFO - Filling up the DagBag from /home/airflow/.local/lib/python3.12/site-packages/airflow/example_dags/example_task_group_decorator.py
[2025-05-02T19:49:56.653+0000] {processor.py:840} INFO - DAG(s) 'example_task_group_decorator' retrieved from /home/airflow/.local/lib/python3.12/site-packages/airflow/example_dags/example_task_group_decorator.py
[2025-05-02T19:49:56.753+0000] {logging_mixin.py:188} INFO - [2025-05-02T19:49:56.752+0000] {dag.py:3096} INFO - Sync 1 DAGs
[2025-05-02T19:49:56.812+0000] {logging_mixin.py:188} INFO - [2025-05-02T19:49:56.811+0000] {dag.py:3954} INFO - Setting next_dagrun for example_task_group_decorator to 2025-05-01 00:00:00+00:00, run_after=2025-05-02 00:00:00+00:00
[2025-05-02T19:49:57.134+0000] {processor.py:183} INFO - Processing /home/airflow/.local/lib/python3.12/site-packages/airflow/example_dags/example_task_group_decorator.py took 0.560 seconds
[2025-05-02T19:50:30.981+0000] {processor.py:161} INFO - Started process (PID=2500) to work on /home/airflow/.local/lib/python3.12/site-packages/airflow/example_dags/example_task_group_decorator.py
[2025-05-02T19:50:30.993+0000] {processor.py:830} INFO - Processing file /home/airflow/.local/lib/python3.12/site-packages/airflow/example_dags/example_task_group_decorator.py for tasks to queue
[2025-05-02T19:50:30.996+0000] {logging_mixin.py:188} INFO - [2025-05-02T19:50:30.996+0000] {dagbag.py:540} INFO - Filling up the DagBag from /home/airflow/.local/lib/python3.12/site-packages/airflow/example_dags/example_task_group_decorator.py
[2025-05-02T19:50:31.047+0000] {processor.py:840} INFO - DAG(s) 'example_task_group_decorator' retrieved from /home/airflow/.local/lib/python3.12/site-packages/airflow/example_dags/example_task_group_decorator.py
[2025-05-02T19:50:31.188+0000] {logging_mixin.py:188} INFO - [2025-05-02T19:50:31.187+0000] {dag.py:3096} INFO - Sync 1 DAGs
[2025-05-02T19:50:31.293+0000] {logging_mixin.py:188} INFO - [2025-05-02T19:50:31.292+0000] {dag.py:3954} INFO - Setting next_dagrun for example_task_group_decorator to 2025-05-01 00:00:00+00:00, run_after=2025-05-02 00:00:00+00:00
[2025-05-02T19:50:31.443+0000] {processor.py:183} INFO - Processing /home/airflow/.local/lib/python3.12/site-packages/airflow/example_dags/example_task_group_decorator.py took 0.478 seconds
[2025-05-02T19:51:07.065+0000] {processor.py:161} INFO - Started process (PID=2595) to work on /home/airflow/.local/lib/python3.12/site-packages/airflow/example_dags/example_task_group_decorator.py
[2025-05-02T19:51:07.068+0000] {processor.py:830} INFO - Processing file /home/airflow/.local/lib/python3.12/site-packages/airflow/example_dags/example_task_group_decorator.py for tasks to queue
[2025-05-02T19:51:07.072+0000] {logging_mixin.py:188} INFO - [2025-05-02T19:51:07.071+0000] {dagbag.py:540} INFO - Filling up the DagBag from /home/airflow/.local/lib/python3.12/site-packages/airflow/example_dags/example_task_group_decorator.py
[2025-05-02T19:51:07.124+0000] {processor.py:840} INFO - DAG(s) 'example_task_group_decorator' retrieved from /home/airflow/.local/lib/python3.12/site-packages/airflow/example_dags/example_task_group_decorator.py
[2025-05-02T19:51:07.809+0000] {logging_mixin.py:188} INFO - [2025-05-02T19:51:07.809+0000] {dag.py:3096} INFO - Sync 1 DAGs
[2025-05-02T19:51:07.938+0000] {logging_mixin.py:188} INFO - [2025-05-02T19:51:07.938+0000] {dag.py:3954} INFO - Setting next_dagrun for example_task_group_decorator to 2025-05-01 00:00:00+00:00, run_after=2025-05-02 00:00:00+00:00
[2025-05-02T19:51:07.992+0000] {processor.py:183} INFO - Processing /home/airflow/.local/lib/python3.12/site-packages/airflow/example_dags/example_task_group_decorator.py took 0.951 seconds
[2025-05-02T19:51:40.935+0000] {processor.py:161} INFO - Started process (PID=2707) to work on /home/airflow/.local/lib/python3.12/site-packages/airflow/example_dags/example_task_group_decorator.py
[2025-05-02T19:51:40.937+0000] {processor.py:830} INFO - Processing file /home/airflow/.local/lib/python3.12/site-packages/airflow/example_dags/example_task_group_decorator.py for tasks to queue
[2025-05-02T19:51:40.952+0000] {logging_mixin.py:188} INFO - [2025-05-02T19:51:40.951+0000] {dagbag.py:540} INFO - Filling up the DagBag from /home/airflow/.local/lib/python3.12/site-packages/airflow/example_dags/example_task_group_decorator.py
[2025-05-02T19:51:40.995+0000] {processor.py:840} INFO - DAG(s) 'example_task_group_decorator' retrieved from /home/airflow/.local/lib/python3.12/site-packages/airflow/example_dags/example_task_group_decorator.py
[2025-05-02T19:51:41.074+0000] {logging_mixin.py:188} INFO - [2025-05-02T19:51:41.073+0000] {dag.py:3096} INFO - Sync 1 DAGs
[2025-05-02T19:51:41.137+0000] {logging_mixin.py:188} INFO - [2025-05-02T19:51:41.136+0000] {dag.py:3954} INFO - Setting next_dagrun for example_task_group_decorator to 2025-05-01 00:00:00+00:00, run_after=2025-05-02 00:00:00+00:00
[2025-05-02T19:51:41.456+0000] {processor.py:183} INFO - Processing /home/airflow/.local/lib/python3.12/site-packages/airflow/example_dags/example_task_group_decorator.py took 0.538 seconds
[2025-05-02T19:52:14.753+0000] {processor.py:161} INFO - Started process (PID=2783) to work on /home/airflow/.local/lib/python3.12/site-packages/airflow/example_dags/example_task_group_decorator.py
[2025-05-02T19:52:14.758+0000] {processor.py:830} INFO - Processing file /home/airflow/.local/lib/python3.12/site-packages/airflow/example_dags/example_task_group_decorator.py for tasks to queue
[2025-05-02T19:52:14.772+0000] {logging_mixin.py:188} INFO - [2025-05-02T19:52:14.761+0000] {dagbag.py:540} INFO - Filling up the DagBag from /home/airflow/.local/lib/python3.12/site-packages/airflow/example_dags/example_task_group_decorator.py
[2025-05-02T19:52:14.833+0000] {processor.py:840} INFO - DAG(s) 'example_task_group_decorator' retrieved from /home/airflow/.local/lib/python3.12/site-packages/airflow/example_dags/example_task_group_decorator.py
[2025-05-02T19:52:14.927+0000] {logging_mixin.py:188} INFO - [2025-05-02T19:52:14.927+0000] {dag.py:3096} INFO - Sync 1 DAGs
[2025-05-02T19:52:14.997+0000] {logging_mixin.py:188} INFO - [2025-05-02T19:52:14.996+0000] {dag.py:3954} INFO - Setting next_dagrun for example_task_group_decorator to 2025-05-01 00:00:00+00:00, run_after=2025-05-02 00:00:00+00:00
[2025-05-02T19:52:15.074+0000] {processor.py:183} INFO - Processing /home/airflow/.local/lib/python3.12/site-packages/airflow/example_dags/example_task_group_decorator.py took 0.335 seconds
[2025-05-02T19:52:46.892+0000] {processor.py:161} INFO - Started process (PID=2880) to work on /home/airflow/.local/lib/python3.12/site-packages/airflow/example_dags/example_task_group_decorator.py
[2025-05-02T19:52:46.893+0000] {processor.py:830} INFO - Processing file /home/airflow/.local/lib/python3.12/site-packages/airflow/example_dags/example_task_group_decorator.py for tasks to queue
[2025-05-02T19:52:46.895+0000] {logging_mixin.py:188} INFO - [2025-05-02T19:52:46.894+0000] {dagbag.py:540} INFO - Filling up the DagBag from /home/airflow/.local/lib/python3.12/site-packages/airflow/example_dags/example_task_group_decorator.py
[2025-05-02T19:52:46.911+0000] {processor.py:840} INFO - DAG(s) 'example_task_group_decorator' retrieved from /home/airflow/.local/lib/python3.12/site-packages/airflow/example_dags/example_task_group_decorator.py
[2025-05-02T19:52:46.942+0000] {logging_mixin.py:188} INFO - [2025-05-02T19:52:46.942+0000] {dag.py:3096} INFO - Sync 1 DAGs
[2025-05-02T19:52:46.967+0000] {logging_mixin.py:188} INFO - [2025-05-02T19:52:46.967+0000] {dag.py:3954} INFO - Setting next_dagrun for example_task_group_decorator to 2025-05-01 00:00:00+00:00, run_after=2025-05-02 00:00:00+00:00
[2025-05-02T19:52:46.988+0000] {processor.py:183} INFO - Processing /home/airflow/.local/lib/python3.12/site-packages/airflow/example_dags/example_task_group_decorator.py took 0.103 seconds
[2025-05-02T19:53:18.990+0000] {processor.py:161} INFO - Started process (PID=2995) to work on /home/airflow/.local/lib/python3.12/site-packages/airflow/example_dags/example_task_group_decorator.py
[2025-05-02T19:53:18.996+0000] {processor.py:830} INFO - Processing file /home/airflow/.local/lib/python3.12/site-packages/airflow/example_dags/example_task_group_decorator.py for tasks to queue
[2025-05-02T19:53:19.001+0000] {logging_mixin.py:188} INFO - [2025-05-02T19:53:19.000+0000] {dagbag.py:540} INFO - Filling up the DagBag from /home/airflow/.local/lib/python3.12/site-packages/airflow/example_dags/example_task_group_decorator.py
[2025-05-02T19:53:19.055+0000] {processor.py:840} INFO - DAG(s) 'example_task_group_decorator' retrieved from /home/airflow/.local/lib/python3.12/site-packages/airflow/example_dags/example_task_group_decorator.py
[2025-05-02T19:53:19.130+0000] {logging_mixin.py:188} INFO - [2025-05-02T19:53:19.129+0000] {dag.py:3096} INFO - Sync 1 DAGs
[2025-05-02T19:53:19.204+0000] {logging_mixin.py:188} INFO - [2025-05-02T19:53:19.203+0000] {dag.py:3954} INFO - Setting next_dagrun for example_task_group_decorator to 2025-05-01 00:00:00+00:00, run_after=2025-05-02 00:00:00+00:00
[2025-05-02T19:53:19.282+0000] {processor.py:183} INFO - Processing /home/airflow/.local/lib/python3.12/site-packages/airflow/example_dags/example_task_group_decorator.py took 0.319 seconds
[2025-05-02T19:53:49.415+0000] {processor.py:161} INFO - Started process (PID=3086) to work on /home/airflow/.local/lib/python3.12/site-packages/airflow/example_dags/example_task_group_decorator.py
[2025-05-02T19:53:49.417+0000] {processor.py:830} INFO - Processing file /home/airflow/.local/lib/python3.12/site-packages/airflow/example_dags/example_task_group_decorator.py for tasks to queue
[2025-05-02T19:53:49.421+0000] {logging_mixin.py:188} INFO - [2025-05-02T19:53:49.421+0000] {dagbag.py:540} INFO - Filling up the DagBag from /home/airflow/.local/lib/python3.12/site-packages/airflow/example_dags/example_task_group_decorator.py
[2025-05-02T19:53:49.460+0000] {processor.py:840} INFO - DAG(s) 'example_task_group_decorator' retrieved from /home/airflow/.local/lib/python3.12/site-packages/airflow/example_dags/example_task_group_decorator.py
[2025-05-02T19:53:49.546+0000] {logging_mixin.py:188} INFO - [2025-05-02T19:53:49.545+0000] {dag.py:3096} INFO - Sync 1 DAGs
[2025-05-02T19:53:49.597+0000] {logging_mixin.py:188} INFO - [2025-05-02T19:53:49.596+0000] {dag.py:3954} INFO - Setting next_dagrun for example_task_group_decorator to 2025-05-01 00:00:00+00:00, run_after=2025-05-02 00:00:00+00:00
[2025-05-02T19:53:49.669+0000] {processor.py:183} INFO - Processing /home/airflow/.local/lib/python3.12/site-packages/airflow/example_dags/example_task_group_decorator.py took 0.267 seconds
[2025-05-02T19:54:19.956+0000] {processor.py:161} INFO - Started process (PID=3177) to work on /home/airflow/.local/lib/python3.12/site-packages/airflow/example_dags/example_task_group_decorator.py
[2025-05-02T19:54:19.957+0000] {processor.py:830} INFO - Processing file /home/airflow/.local/lib/python3.12/site-packages/airflow/example_dags/example_task_group_decorator.py for tasks to queue
[2025-05-02T19:54:19.961+0000] {logging_mixin.py:188} INFO - [2025-05-02T19:54:19.961+0000] {dagbag.py:540} INFO - Filling up the DagBag from /home/airflow/.local/lib/python3.12/site-packages/airflow/example_dags/example_task_group_decorator.py
[2025-05-02T19:54:20.005+0000] {processor.py:840} INFO - DAG(s) 'example_task_group_decorator' retrieved from /home/airflow/.local/lib/python3.12/site-packages/airflow/example_dags/example_task_group_decorator.py
[2025-05-02T19:54:20.114+0000] {logging_mixin.py:188} INFO - [2025-05-02T19:54:20.114+0000] {dag.py:3096} INFO - Sync 1 DAGs
[2025-05-02T19:54:20.186+0000] {logging_mixin.py:188} INFO - [2025-05-02T19:54:20.186+0000] {dag.py:3954} INFO - Setting next_dagrun for example_task_group_decorator to 2025-05-01 00:00:00+00:00, run_after=2025-05-02 00:00:00+00:00
[2025-05-02T19:54:20.313+0000] {processor.py:183} INFO - Processing /home/airflow/.local/lib/python3.12/site-packages/airflow/example_dags/example_task_group_decorator.py took 0.379 seconds
[2025-05-02T19:54:50.428+0000] {processor.py:161} INFO - Started process (PID=3272) to work on /home/airflow/.local/lib/python3.12/site-packages/airflow/example_dags/example_task_group_decorator.py
[2025-05-02T19:54:50.430+0000] {processor.py:830} INFO - Processing file /home/airflow/.local/lib/python3.12/site-packages/airflow/example_dags/example_task_group_decorator.py for tasks to queue
[2025-05-02T19:54:50.434+0000] {logging_mixin.py:188} INFO - [2025-05-02T19:54:50.433+0000] {dagbag.py:540} INFO - Filling up the DagBag from /home/airflow/.local/lib/python3.12/site-packages/airflow/example_dags/example_task_group_decorator.py
[2025-05-02T19:54:50.466+0000] {processor.py:840} INFO - DAG(s) 'example_task_group_decorator' retrieved from /home/airflow/.local/lib/python3.12/site-packages/airflow/example_dags/example_task_group_decorator.py
[2025-05-02T19:54:50.574+0000] {logging_mixin.py:188} INFO - [2025-05-02T19:54:50.573+0000] {dag.py:3096} INFO - Sync 1 DAGs
[2025-05-02T19:54:50.628+0000] {logging_mixin.py:188} INFO - [2025-05-02T19:54:50.627+0000] {dag.py:3954} INFO - Setting next_dagrun for example_task_group_decorator to 2025-05-01 00:00:00+00:00, run_after=2025-05-02 00:00:00+00:00
[2025-05-02T19:54:50.700+0000] {processor.py:183} INFO - Processing /home/airflow/.local/lib/python3.12/site-packages/airflow/example_dags/example_task_group_decorator.py took 0.285 seconds
[2025-05-02T19:55:20.995+0000] {processor.py:161} INFO - Started process (PID=3363) to work on /home/airflow/.local/lib/python3.12/site-packages/airflow/example_dags/example_task_group_decorator.py
[2025-05-02T19:55:20.996+0000] {processor.py:830} INFO - Processing file /home/airflow/.local/lib/python3.12/site-packages/airflow/example_dags/example_task_group_decorator.py for tasks to queue
[2025-05-02T19:55:21.000+0000] {logging_mixin.py:188} INFO - [2025-05-02T19:55:21.000+0000] {dagbag.py:540} INFO - Filling up the DagBag from /home/airflow/.local/lib/python3.12/site-packages/airflow/example_dags/example_task_group_decorator.py
[2025-05-02T19:55:21.046+0000] {processor.py:840} INFO - DAG(s) 'example_task_group_decorator' retrieved from /home/airflow/.local/lib/python3.12/site-packages/airflow/example_dags/example_task_group_decorator.py
[2025-05-02T19:55:21.170+0000] {logging_mixin.py:188} INFO - [2025-05-02T19:55:21.170+0000] {dag.py:3096} INFO - Sync 1 DAGs
[2025-05-02T19:55:21.220+0000] {logging_mixin.py:188} INFO - [2025-05-02T19:55:21.220+0000] {dag.py:3954} INFO - Setting next_dagrun for example_task_group_decorator to 2025-05-01 00:00:00+00:00, run_after=2025-05-02 00:00:00+00:00
[2025-05-02T19:55:21.302+0000] {processor.py:183} INFO - Processing /home/airflow/.local/lib/python3.12/site-packages/airflow/example_dags/example_task_group_decorator.py took 0.328 seconds
[2025-05-02T19:55:51.777+0000] {processor.py:161} INFO - Started process (PID=3464) to work on /home/airflow/.local/lib/python3.12/site-packages/airflow/example_dags/example_task_group_decorator.py
[2025-05-02T19:55:51.778+0000] {processor.py:830} INFO - Processing file /home/airflow/.local/lib/python3.12/site-packages/airflow/example_dags/example_task_group_decorator.py for tasks to queue
[2025-05-02T19:55:51.782+0000] {logging_mixin.py:188} INFO - [2025-05-02T19:55:51.781+0000] {dagbag.py:540} INFO - Filling up the DagBag from /home/airflow/.local/lib/python3.12/site-packages/airflow/example_dags/example_task_group_decorator.py
[2025-05-02T19:55:51.815+0000] {processor.py:840} INFO - DAG(s) 'example_task_group_decorator' retrieved from /home/airflow/.local/lib/python3.12/site-packages/airflow/example_dags/example_task_group_decorator.py
[2025-05-02T19:55:51.872+0000] {logging_mixin.py:188} INFO - [2025-05-02T19:55:51.871+0000] {dag.py:3096} INFO - Sync 1 DAGs
[2025-05-02T19:55:51.928+0000] {logging_mixin.py:188} INFO - [2025-05-02T19:55:51.927+0000] {dag.py:3954} INFO - Setting next_dagrun for example_task_group_decorator to 2025-05-01 00:00:00+00:00, run_after=2025-05-02 00:00:00+00:00
[2025-05-02T19:55:52.062+0000] {processor.py:183} INFO - Processing /home/airflow/.local/lib/python3.12/site-packages/airflow/example_dags/example_task_group_decorator.py took 0.299 seconds
[2025-05-02T19:56:22.757+0000] {processor.py:161} INFO - Started process (PID=3563) to work on /home/airflow/.local/lib/python3.12/site-packages/airflow/example_dags/example_task_group_decorator.py
[2025-05-02T19:56:22.780+0000] {processor.py:830} INFO - Processing file /home/airflow/.local/lib/python3.12/site-packages/airflow/example_dags/example_task_group_decorator.py for tasks to queue
[2025-05-02T19:56:22.785+0000] {logging_mixin.py:188} INFO - [2025-05-02T19:56:22.784+0000] {dagbag.py:540} INFO - Filling up the DagBag from /home/airflow/.local/lib/python3.12/site-packages/airflow/example_dags/example_task_group_decorator.py
[2025-05-02T19:56:22.826+0000] {processor.py:840} INFO - DAG(s) 'example_task_group_decorator' retrieved from /home/airflow/.local/lib/python3.12/site-packages/airflow/example_dags/example_task_group_decorator.py
[2025-05-02T19:56:22.954+0000] {logging_mixin.py:188} INFO - [2025-05-02T19:56:22.953+0000] {dag.py:3096} INFO - Sync 1 DAGs
[2025-05-02T19:56:22.999+0000] {logging_mixin.py:188} INFO - [2025-05-02T19:56:22.998+0000] {dag.py:3954} INFO - Setting next_dagrun for example_task_group_decorator to 2025-05-01 00:00:00+00:00, run_after=2025-05-02 00:00:00+00:00
[2025-05-02T19:56:23.039+0000] {processor.py:183} INFO - Processing /home/airflow/.local/lib/python3.12/site-packages/airflow/example_dags/example_task_group_decorator.py took 0.294 seconds
[2025-05-02T19:56:53.986+0000] {processor.py:161} INFO - Started process (PID=3667) to work on /home/airflow/.local/lib/python3.12/site-packages/airflow/example_dags/example_task_group_decorator.py
[2025-05-02T19:56:53.987+0000] {processor.py:830} INFO - Processing file /home/airflow/.local/lib/python3.12/site-packages/airflow/example_dags/example_task_group_decorator.py for tasks to queue
[2025-05-02T19:56:53.990+0000] {logging_mixin.py:188} INFO - [2025-05-02T19:56:53.989+0000] {dagbag.py:540} INFO - Filling up the DagBag from /home/airflow/.local/lib/python3.12/site-packages/airflow/example_dags/example_task_group_decorator.py
[2025-05-02T19:56:54.023+0000] {processor.py:840} INFO - DAG(s) 'example_task_group_decorator' retrieved from /home/airflow/.local/lib/python3.12/site-packages/airflow/example_dags/example_task_group_decorator.py
[2025-05-02T19:56:54.090+0000] {logging_mixin.py:188} INFO - [2025-05-02T19:56:54.090+0000] {dag.py:3096} INFO - Sync 1 DAGs
[2025-05-02T19:56:54.147+0000] {logging_mixin.py:188} INFO - [2025-05-02T19:56:54.147+0000] {dag.py:3954} INFO - Setting next_dagrun for example_task_group_decorator to 2025-05-01 00:00:00+00:00, run_after=2025-05-02 00:00:00+00:00
[2025-05-02T19:56:54.191+0000] {processor.py:183} INFO - Processing /home/airflow/.local/lib/python3.12/site-packages/airflow/example_dags/example_task_group_decorator.py took 0.216 seconds
[2025-05-02T19:57:27.995+0000] {processor.py:161} INFO - Started process (PID=3769) to work on /home/airflow/.local/lib/python3.12/site-packages/airflow/example_dags/example_task_group_decorator.py
[2025-05-02T19:57:28.017+0000] {processor.py:830} INFO - Processing file /home/airflow/.local/lib/python3.12/site-packages/airflow/example_dags/example_task_group_decorator.py for tasks to queue
[2025-05-02T19:57:28.020+0000] {logging_mixin.py:188} INFO - [2025-05-02T19:57:28.020+0000] {dagbag.py:540} INFO - Filling up the DagBag from /home/airflow/.local/lib/python3.12/site-packages/airflow/example_dags/example_task_group_decorator.py
[2025-05-02T19:57:28.075+0000] {processor.py:840} INFO - DAG(s) 'example_task_group_decorator' retrieved from /home/airflow/.local/lib/python3.12/site-packages/airflow/example_dags/example_task_group_decorator.py
[2025-05-02T19:57:28.150+0000] {logging_mixin.py:188} INFO - [2025-05-02T19:57:28.149+0000] {dag.py:3096} INFO - Sync 1 DAGs
[2025-05-02T19:57:28.218+0000] {logging_mixin.py:188} INFO - [2025-05-02T19:57:28.218+0000] {dag.py:3954} INFO - Setting next_dagrun for example_task_group_decorator to 2025-05-01 00:00:00+00:00, run_after=2025-05-02 00:00:00+00:00
[2025-05-02T19:57:28.274+0000] {processor.py:183} INFO - Processing /home/airflow/.local/lib/python3.12/site-packages/airflow/example_dags/example_task_group_decorator.py took 0.316 seconds
[2025-05-02T19:58:01.958+0000] {processor.py:161} INFO - Started process (PID=3874) to work on /home/airflow/.local/lib/python3.12/site-packages/airflow/example_dags/example_task_group_decorator.py
[2025-05-02T19:58:01.960+0000] {processor.py:830} INFO - Processing file /home/airflow/.local/lib/python3.12/site-packages/airflow/example_dags/example_task_group_decorator.py for tasks to queue
[2025-05-02T19:58:01.963+0000] {logging_mixin.py:188} INFO - [2025-05-02T19:58:01.963+0000] {dagbag.py:540} INFO - Filling up the DagBag from /home/airflow/.local/lib/python3.12/site-packages/airflow/example_dags/example_task_group_decorator.py
[2025-05-02T19:58:01.999+0000] {processor.py:840} INFO - DAG(s) 'example_task_group_decorator' retrieved from /home/airflow/.local/lib/python3.12/site-packages/airflow/example_dags/example_task_group_decorator.py
[2025-05-02T19:58:02.069+0000] {logging_mixin.py:188} INFO - [2025-05-02T19:58:02.069+0000] {dag.py:3096} INFO - Sync 1 DAGs
[2025-05-02T19:58:02.117+0000] {logging_mixin.py:188} INFO - [2025-05-02T19:58:02.116+0000] {dag.py:3954} INFO - Setting next_dagrun for example_task_group_decorator to 2025-05-01 00:00:00+00:00, run_after=2025-05-02 00:00:00+00:00
[2025-05-02T19:58:02.161+0000] {processor.py:183} INFO - Processing /home/airflow/.local/lib/python3.12/site-packages/airflow/example_dags/example_task_group_decorator.py took 0.218 seconds
