[2025-05-02T19:33:07.736+0000] {processor.py:161} INFO - Started process (PID=88) to work on /home/airflow/.local/lib/python3.12/site-packages/airflow/example_dags/example_params_ui_tutorial.py
[2025-05-02T19:33:07.737+0000] {processor.py:830} INFO - Processing file /home/airflow/.local/lib/python3.12/site-packages/airflow/example_dags/example_params_ui_tutorial.py for tasks to queue
[2025-05-02T19:33:07.741+0000] {logging_mixin.py:188} INFO - [2025-05-02T19:33:07.740+0000] {dagbag.py:540} INFO - Filling up the DagBag from /home/airflow/.local/lib/python3.12/site-packages/airflow/example_dags/example_params_ui_tutorial.py
[2025-05-02T19:33:07.765+0000] {processor.py:840} INFO - DAG(s) 'example_params_ui_tutorial' retrieved from /home/airflow/.local/lib/python3.12/site-packages/airflow/example_dags/example_params_ui_tutorial.py
[2025-05-02T19:33:07.779+0000] {logging_mixin.py:188} INFO - [2025-05-02T19:33:07.779+0000] {dag.py:3096} INFO - Sync 1 DAGs
[2025-05-02T19:33:07.803+0000] {logging_mixin.py:188} INFO - [2025-05-02T19:33:07.803+0000] {dag.py:3954} INFO - Setting next_dagrun for example_params_ui_tutorial to None, run_after=None
[2025-05-02T19:33:07.837+0000] {processor.py:183} INFO - Processing /home/airflow/.local/lib/python3.12/site-packages/airflow/example_dags/example_params_ui_tutorial.py took 0.113 seconds
[2025-05-02T19:33:38.314+0000] {processor.py:161} INFO - Started process (PID=140) to work on /home/airflow/.local/lib/python3.12/site-packages/airflow/example_dags/example_params_ui_tutorial.py
[2025-05-02T19:33:38.314+0000] {processor.py:830} INFO - Processing file /home/airflow/.local/lib/python3.12/site-packages/airflow/example_dags/example_params_ui_tutorial.py for tasks to queue
[2025-05-02T19:33:38.317+0000] {logging_mixin.py:188} INFO - [2025-05-02T19:33:38.316+0000] {dagbag.py:540} INFO - Filling up the DagBag from /home/airflow/.local/lib/python3.12/site-packages/airflow/example_dags/example_params_ui_tutorial.py
[2025-05-02T19:33:38.327+0000] {processor.py:840} INFO - DAG(s) 'example_params_ui_tutorial' retrieved from /home/airflow/.local/lib/python3.12/site-packages/airflow/example_dags/example_params_ui_tutorial.py
[2025-05-02T19:33:38.451+0000] {logging_mixin.py:188} INFO - [2025-05-02T19:33:38.450+0000] {dag.py:3096} INFO - Sync 1 DAGs
[2025-05-02T19:33:38.460+0000] {logging_mixin.py:188} INFO - [2025-05-02T19:33:38.460+0000] {dag.py:3954} INFO - Setting next_dagrun for example_params_ui_tutorial to None, run_after=None
[2025-05-02T19:33:38.482+0000] {processor.py:183} INFO - Processing /home/airflow/.local/lib/python3.12/site-packages/airflow/example_dags/example_params_ui_tutorial.py took 0.176 seconds
[2025-05-02T19:34:08.513+0000] {processor.py:161} INFO - Started process (PID=198) to work on /home/airflow/.local/lib/python3.12/site-packages/airflow/example_dags/example_params_ui_tutorial.py
[2025-05-02T19:34:08.514+0000] {processor.py:830} INFO - Processing file /home/airflow/.local/lib/python3.12/site-packages/airflow/example_dags/example_params_ui_tutorial.py for tasks to queue
[2025-05-02T19:34:08.515+0000] {logging_mixin.py:188} INFO - [2025-05-02T19:34:08.515+0000] {dagbag.py:540} INFO - Filling up the DagBag from /home/airflow/.local/lib/python3.12/site-packages/airflow/example_dags/example_params_ui_tutorial.py
[2025-05-02T19:34:08.523+0000] {processor.py:840} INFO - DAG(s) 'example_params_ui_tutorial' retrieved from /home/airflow/.local/lib/python3.12/site-packages/airflow/example_dags/example_params_ui_tutorial.py
[2025-05-02T19:34:08.561+0000] {logging_mixin.py:188} INFO - [2025-05-02T19:34:08.560+0000] {dag.py:3096} INFO - Sync 1 DAGs
[2025-05-02T19:34:08.570+0000] {logging_mixin.py:188} INFO - [2025-05-02T19:34:08.570+0000] {dag.py:3954} INFO - Setting next_dagrun for example_params_ui_tutorial to None, run_after=None
[2025-05-02T19:34:08.589+0000] {processor.py:183} INFO - Processing /home/airflow/.local/lib/python3.12/site-packages/airflow/example_dags/example_params_ui_tutorial.py took 0.080 seconds
[2025-05-02T19:34:39.701+0000] {processor.py:161} INFO - Started process (PID=256) to work on /home/airflow/.local/lib/python3.12/site-packages/airflow/example_dags/example_params_ui_tutorial.py
[2025-05-02T19:34:39.703+0000] {processor.py:830} INFO - Processing file /home/airflow/.local/lib/python3.12/site-packages/airflow/example_dags/example_params_ui_tutorial.py for tasks to queue
[2025-05-02T19:34:39.705+0000] {logging_mixin.py:188} INFO - [2025-05-02T19:34:39.705+0000] {dagbag.py:540} INFO - Filling up the DagBag from /home/airflow/.local/lib/python3.12/site-packages/airflow/example_dags/example_params_ui_tutorial.py
[2025-05-02T19:34:39.718+0000] {processor.py:840} INFO - DAG(s) 'example_params_ui_tutorial' retrieved from /home/airflow/.local/lib/python3.12/site-packages/airflow/example_dags/example_params_ui_tutorial.py
[2025-05-02T19:34:39.766+0000] {logging_mixin.py:188} INFO - [2025-05-02T19:34:39.765+0000] {dag.py:3096} INFO - Sync 1 DAGs
[2025-05-02T19:34:39.775+0000] {logging_mixin.py:188} INFO - [2025-05-02T19:34:39.775+0000] {dag.py:3954} INFO - Setting next_dagrun for example_params_ui_tutorial to None, run_after=None
[2025-05-02T19:34:39.796+0000] {processor.py:183} INFO - Processing /home/airflow/.local/lib/python3.12/site-packages/airflow/example_dags/example_params_ui_tutorial.py took 0.100 seconds
[2025-05-02T19:35:13.167+0000] {processor.py:161} INFO - Started process (PID=314) to work on /home/airflow/.local/lib/python3.12/site-packages/airflow/example_dags/example_params_ui_tutorial.py
[2025-05-02T19:35:13.168+0000] {processor.py:830} INFO - Processing file /home/airflow/.local/lib/python3.12/site-packages/airflow/example_dags/example_params_ui_tutorial.py for tasks to queue
[2025-05-02T19:35:13.170+0000] {logging_mixin.py:188} INFO - [2025-05-02T19:35:13.169+0000] {dagbag.py:540} INFO - Filling up the DagBag from /home/airflow/.local/lib/python3.12/site-packages/airflow/example_dags/example_params_ui_tutorial.py
[2025-05-02T19:35:13.179+0000] {processor.py:840} INFO - DAG(s) 'example_params_ui_tutorial' retrieved from /home/airflow/.local/lib/python3.12/site-packages/airflow/example_dags/example_params_ui_tutorial.py
[2025-05-02T19:35:13.222+0000] {logging_mixin.py:188} INFO - [2025-05-02T19:35:13.222+0000] {dag.py:3096} INFO - Sync 1 DAGs
[2025-05-02T19:35:13.235+0000] {logging_mixin.py:188} INFO - [2025-05-02T19:35:13.234+0000] {dag.py:3954} INFO - Setting next_dagrun for example_params_ui_tutorial to None, run_after=None
[2025-05-02T19:35:13.248+0000] {processor.py:183} INFO - Processing /home/airflow/.local/lib/python3.12/site-packages/airflow/example_dags/example_params_ui_tutorial.py took 0.086 seconds
[2025-05-02T19:35:43.964+0000] {processor.py:161} INFO - Started process (PID=372) to work on /home/airflow/.local/lib/python3.12/site-packages/airflow/example_dags/example_params_ui_tutorial.py
[2025-05-02T19:35:43.965+0000] {processor.py:830} INFO - Processing file /home/airflow/.local/lib/python3.12/site-packages/airflow/example_dags/example_params_ui_tutorial.py for tasks to queue
[2025-05-02T19:35:43.967+0000] {logging_mixin.py:188} INFO - [2025-05-02T19:35:43.966+0000] {dagbag.py:540} INFO - Filling up the DagBag from /home/airflow/.local/lib/python3.12/site-packages/airflow/example_dags/example_params_ui_tutorial.py
[2025-05-02T19:35:43.981+0000] {processor.py:840} INFO - DAG(s) 'example_params_ui_tutorial' retrieved from /home/airflow/.local/lib/python3.12/site-packages/airflow/example_dags/example_params_ui_tutorial.py
[2025-05-02T19:35:44.045+0000] {logging_mixin.py:188} INFO - [2025-05-02T19:35:44.045+0000] {dag.py:3096} INFO - Sync 1 DAGs
[2025-05-02T19:35:44.070+0000] {logging_mixin.py:188} INFO - [2025-05-02T19:35:44.070+0000] {dag.py:3954} INFO - Setting next_dagrun for example_params_ui_tutorial to None, run_after=None
[2025-05-02T19:35:44.091+0000] {processor.py:183} INFO - Processing /home/airflow/.local/lib/python3.12/site-packages/airflow/example_dags/example_params_ui_tutorial.py took 0.136 seconds
[2025-05-02T19:36:14.176+0000] {processor.py:161} INFO - Started process (PID=430) to work on /home/airflow/.local/lib/python3.12/site-packages/airflow/example_dags/example_params_ui_tutorial.py
[2025-05-02T19:36:14.178+0000] {processor.py:830} INFO - Processing file /home/airflow/.local/lib/python3.12/site-packages/airflow/example_dags/example_params_ui_tutorial.py for tasks to queue
[2025-05-02T19:36:14.179+0000] {logging_mixin.py:188} INFO - [2025-05-02T19:36:14.179+0000] {dagbag.py:540} INFO - Filling up the DagBag from /home/airflow/.local/lib/python3.12/site-packages/airflow/example_dags/example_params_ui_tutorial.py
[2025-05-02T19:36:14.188+0000] {processor.py:840} INFO - DAG(s) 'example_params_ui_tutorial' retrieved from /home/airflow/.local/lib/python3.12/site-packages/airflow/example_dags/example_params_ui_tutorial.py
[2025-05-02T19:36:14.227+0000] {logging_mixin.py:188} INFO - [2025-05-02T19:36:14.227+0000] {dag.py:3096} INFO - Sync 1 DAGs
[2025-05-02T19:36:14.236+0000] {logging_mixin.py:188} INFO - [2025-05-02T19:36:14.236+0000] {dag.py:3954} INFO - Setting next_dagrun for example_params_ui_tutorial to None, run_after=None
[2025-05-02T19:36:14.252+0000] {processor.py:183} INFO - Processing /home/airflow/.local/lib/python3.12/site-packages/airflow/example_dags/example_params_ui_tutorial.py took 0.080 seconds
[2025-05-02T19:36:44.729+0000] {processor.py:161} INFO - Started process (PID=488) to work on /home/airflow/.local/lib/python3.12/site-packages/airflow/example_dags/example_params_ui_tutorial.py
[2025-05-02T19:36:44.729+0000] {processor.py:830} INFO - Processing file /home/airflow/.local/lib/python3.12/site-packages/airflow/example_dags/example_params_ui_tutorial.py for tasks to queue
[2025-05-02T19:36:44.730+0000] {logging_mixin.py:188} INFO - [2025-05-02T19:36:44.730+0000] {dagbag.py:540} INFO - Filling up the DagBag from /home/airflow/.local/lib/python3.12/site-packages/airflow/example_dags/example_params_ui_tutorial.py
[2025-05-02T19:36:44.740+0000] {processor.py:840} INFO - DAG(s) 'example_params_ui_tutorial' retrieved from /home/airflow/.local/lib/python3.12/site-packages/airflow/example_dags/example_params_ui_tutorial.py
[2025-05-02T19:36:44.781+0000] {logging_mixin.py:188} INFO - [2025-05-02T19:36:44.781+0000] {dag.py:3096} INFO - Sync 1 DAGs
[2025-05-02T19:36:44.791+0000] {logging_mixin.py:188} INFO - [2025-05-02T19:36:44.791+0000] {dag.py:3954} INFO - Setting next_dagrun for example_params_ui_tutorial to None, run_after=None
[2025-05-02T19:36:44.807+0000] {processor.py:183} INFO - Processing /home/airflow/.local/lib/python3.12/site-packages/airflow/example_dags/example_params_ui_tutorial.py took 0.083 seconds
[2025-05-02T19:37:15.051+0000] {processor.py:161} INFO - Started process (PID=546) to work on /home/airflow/.local/lib/python3.12/site-packages/airflow/example_dags/example_params_ui_tutorial.py
[2025-05-02T19:37:15.052+0000] {processor.py:830} INFO - Processing file /home/airflow/.local/lib/python3.12/site-packages/airflow/example_dags/example_params_ui_tutorial.py for tasks to queue
[2025-05-02T19:37:15.054+0000] {logging_mixin.py:188} INFO - [2025-05-02T19:37:15.053+0000] {dagbag.py:540} INFO - Filling up the DagBag from /home/airflow/.local/lib/python3.12/site-packages/airflow/example_dags/example_params_ui_tutorial.py
[2025-05-02T19:37:15.066+0000] {processor.py:840} INFO - DAG(s) 'example_params_ui_tutorial' retrieved from /home/airflow/.local/lib/python3.12/site-packages/airflow/example_dags/example_params_ui_tutorial.py
[2025-05-02T19:37:15.114+0000] {logging_mixin.py:188} INFO - [2025-05-02T19:37:15.114+0000] {dag.py:3096} INFO - Sync 1 DAGs
[2025-05-02T19:37:15.127+0000] {logging_mixin.py:188} INFO - [2025-05-02T19:37:15.127+0000] {dag.py:3954} INFO - Setting next_dagrun for example_params_ui_tutorial to None, run_after=None
[2025-05-02T19:37:15.147+0000] {processor.py:183} INFO - Processing /home/airflow/.local/lib/python3.12/site-packages/airflow/example_dags/example_params_ui_tutorial.py took 0.100 seconds
[2025-05-02T19:37:45.544+0000] {processor.py:161} INFO - Started process (PID=604) to work on /home/airflow/.local/lib/python3.12/site-packages/airflow/example_dags/example_params_ui_tutorial.py
[2025-05-02T19:37:45.545+0000] {processor.py:830} INFO - Processing file /home/airflow/.local/lib/python3.12/site-packages/airflow/example_dags/example_params_ui_tutorial.py for tasks to queue
[2025-05-02T19:37:45.546+0000] {logging_mixin.py:188} INFO - [2025-05-02T19:37:45.546+0000] {dagbag.py:540} INFO - Filling up the DagBag from /home/airflow/.local/lib/python3.12/site-packages/airflow/example_dags/example_params_ui_tutorial.py
[2025-05-02T19:37:45.556+0000] {processor.py:840} INFO - DAG(s) 'example_params_ui_tutorial' retrieved from /home/airflow/.local/lib/python3.12/site-packages/airflow/example_dags/example_params_ui_tutorial.py
[2025-05-02T19:37:45.597+0000] {logging_mixin.py:188} INFO - [2025-05-02T19:37:45.597+0000] {dag.py:3096} INFO - Sync 1 DAGs
[2025-05-02T19:37:45.608+0000] {logging_mixin.py:188} INFO - [2025-05-02T19:37:45.608+0000] {dag.py:3954} INFO - Setting next_dagrun for example_params_ui_tutorial to None, run_after=None
[2025-05-02T19:37:45.625+0000] {processor.py:183} INFO - Processing /home/airflow/.local/lib/python3.12/site-packages/airflow/example_dags/example_params_ui_tutorial.py took 0.086 seconds
[2025-05-02T19:38:15.866+0000] {processor.py:161} INFO - Started process (PID=662) to work on /home/airflow/.local/lib/python3.12/site-packages/airflow/example_dags/example_params_ui_tutorial.py
[2025-05-02T19:38:15.867+0000] {processor.py:830} INFO - Processing file /home/airflow/.local/lib/python3.12/site-packages/airflow/example_dags/example_params_ui_tutorial.py for tasks to queue
[2025-05-02T19:38:15.868+0000] {logging_mixin.py:188} INFO - [2025-05-02T19:38:15.868+0000] {dagbag.py:540} INFO - Filling up the DagBag from /home/airflow/.local/lib/python3.12/site-packages/airflow/example_dags/example_params_ui_tutorial.py
[2025-05-02T19:38:15.877+0000] {processor.py:840} INFO - DAG(s) 'example_params_ui_tutorial' retrieved from /home/airflow/.local/lib/python3.12/site-packages/airflow/example_dags/example_params_ui_tutorial.py
[2025-05-02T19:38:15.922+0000] {logging_mixin.py:188} INFO - [2025-05-02T19:38:15.922+0000] {dag.py:3096} INFO - Sync 1 DAGs
[2025-05-02T19:38:15.934+0000] {logging_mixin.py:188} INFO - [2025-05-02T19:38:15.934+0000] {dag.py:3954} INFO - Setting next_dagrun for example_params_ui_tutorial to None, run_after=None
[2025-05-02T19:38:15.954+0000] {processor.py:183} INFO - Processing /home/airflow/.local/lib/python3.12/site-packages/airflow/example_dags/example_params_ui_tutorial.py took 0.093 seconds
[2025-05-02T19:38:46.394+0000] {processor.py:161} INFO - Started process (PID=720) to work on /home/airflow/.local/lib/python3.12/site-packages/airflow/example_dags/example_params_ui_tutorial.py
[2025-05-02T19:38:46.395+0000] {processor.py:830} INFO - Processing file /home/airflow/.local/lib/python3.12/site-packages/airflow/example_dags/example_params_ui_tutorial.py for tasks to queue
[2025-05-02T19:38:46.397+0000] {logging_mixin.py:188} INFO - [2025-05-02T19:38:46.397+0000] {dagbag.py:540} INFO - Filling up the DagBag from /home/airflow/.local/lib/python3.12/site-packages/airflow/example_dags/example_params_ui_tutorial.py
[2025-05-02T19:38:46.406+0000] {processor.py:840} INFO - DAG(s) 'example_params_ui_tutorial' retrieved from /home/airflow/.local/lib/python3.12/site-packages/airflow/example_dags/example_params_ui_tutorial.py
[2025-05-02T19:38:46.450+0000] {logging_mixin.py:188} INFO - [2025-05-02T19:38:46.450+0000] {dag.py:3096} INFO - Sync 1 DAGs
[2025-05-02T19:38:46.465+0000] {logging_mixin.py:188} INFO - [2025-05-02T19:38:46.464+0000] {dag.py:3954} INFO - Setting next_dagrun for example_params_ui_tutorial to None, run_after=None
[2025-05-02T19:38:46.487+0000] {processor.py:183} INFO - Processing /home/airflow/.local/lib/python3.12/site-packages/airflow/example_dags/example_params_ui_tutorial.py took 0.098 seconds
[2025-05-02T19:39:18.740+0000] {processor.py:161} INFO - Started process (PID=778) to work on /home/airflow/.local/lib/python3.12/site-packages/airflow/example_dags/example_params_ui_tutorial.py
[2025-05-02T19:39:18.742+0000] {processor.py:830} INFO - Processing file /home/airflow/.local/lib/python3.12/site-packages/airflow/example_dags/example_params_ui_tutorial.py for tasks to queue
[2025-05-02T19:39:18.744+0000] {logging_mixin.py:188} INFO - [2025-05-02T19:39:18.743+0000] {dagbag.py:540} INFO - Filling up the DagBag from /home/airflow/.local/lib/python3.12/site-packages/airflow/example_dags/example_params_ui_tutorial.py
[2025-05-02T19:39:18.756+0000] {processor.py:840} INFO - DAG(s) 'example_params_ui_tutorial' retrieved from /home/airflow/.local/lib/python3.12/site-packages/airflow/example_dags/example_params_ui_tutorial.py
[2025-05-02T19:39:18.807+0000] {logging_mixin.py:188} INFO - [2025-05-02T19:39:18.807+0000] {dag.py:3096} INFO - Sync 1 DAGs
[2025-05-02T19:39:18.817+0000] {logging_mixin.py:188} INFO - [2025-05-02T19:39:18.817+0000] {dag.py:3954} INFO - Setting next_dagrun for example_params_ui_tutorial to None, run_after=None
[2025-05-02T19:39:18.831+0000] {processor.py:183} INFO - Processing /home/airflow/.local/lib/python3.12/site-packages/airflow/example_dags/example_params_ui_tutorial.py took 0.098 seconds
[2025-05-02T19:39:49.408+0000] {processor.py:161} INFO - Started process (PID=836) to work on /home/airflow/.local/lib/python3.12/site-packages/airflow/example_dags/example_params_ui_tutorial.py
[2025-05-02T19:39:49.409+0000] {processor.py:830} INFO - Processing file /home/airflow/.local/lib/python3.12/site-packages/airflow/example_dags/example_params_ui_tutorial.py for tasks to queue
[2025-05-02T19:39:49.411+0000] {logging_mixin.py:188} INFO - [2025-05-02T19:39:49.410+0000] {dagbag.py:540} INFO - Filling up the DagBag from /home/airflow/.local/lib/python3.12/site-packages/airflow/example_dags/example_params_ui_tutorial.py
[2025-05-02T19:39:49.421+0000] {processor.py:840} INFO - DAG(s) 'example_params_ui_tutorial' retrieved from /home/airflow/.local/lib/python3.12/site-packages/airflow/example_dags/example_params_ui_tutorial.py
[2025-05-02T19:39:49.472+0000] {logging_mixin.py:188} INFO - [2025-05-02T19:39:49.472+0000] {dag.py:3096} INFO - Sync 1 DAGs
[2025-05-02T19:39:49.486+0000] {logging_mixin.py:188} INFO - [2025-05-02T19:39:49.486+0000] {dag.py:3954} INFO - Setting next_dagrun for example_params_ui_tutorial to None, run_after=None
[2025-05-02T19:39:49.506+0000] {processor.py:183} INFO - Processing /home/airflow/.local/lib/python3.12/site-packages/airflow/example_dags/example_params_ui_tutorial.py took 0.103 seconds
[2025-05-02T19:40:20.139+0000] {processor.py:161} INFO - Started process (PID=894) to work on /home/airflow/.local/lib/python3.12/site-packages/airflow/example_dags/example_params_ui_tutorial.py
[2025-05-02T19:40:20.140+0000] {processor.py:830} INFO - Processing file /home/airflow/.local/lib/python3.12/site-packages/airflow/example_dags/example_params_ui_tutorial.py for tasks to queue
[2025-05-02T19:40:20.141+0000] {logging_mixin.py:188} INFO - [2025-05-02T19:40:20.141+0000] {dagbag.py:540} INFO - Filling up the DagBag from /home/airflow/.local/lib/python3.12/site-packages/airflow/example_dags/example_params_ui_tutorial.py
[2025-05-02T19:40:20.149+0000] {processor.py:840} INFO - DAG(s) 'example_params_ui_tutorial' retrieved from /home/airflow/.local/lib/python3.12/site-packages/airflow/example_dags/example_params_ui_tutorial.py
[2025-05-02T19:40:20.187+0000] {logging_mixin.py:188} INFO - [2025-05-02T19:40:20.186+0000] {dag.py:3096} INFO - Sync 1 DAGs
[2025-05-02T19:40:20.196+0000] {logging_mixin.py:188} INFO - [2025-05-02T19:40:20.196+0000] {dag.py:3954} INFO - Setting next_dagrun for example_params_ui_tutorial to None, run_after=None
[2025-05-02T19:40:20.209+0000] {processor.py:183} INFO - Processing /home/airflow/.local/lib/python3.12/site-packages/airflow/example_dags/example_params_ui_tutorial.py took 0.074 seconds
[2025-05-02T19:40:50.578+0000] {processor.py:161} INFO - Started process (PID=952) to work on /home/airflow/.local/lib/python3.12/site-packages/airflow/example_dags/example_params_ui_tutorial.py
[2025-05-02T19:40:50.579+0000] {processor.py:830} INFO - Processing file /home/airflow/.local/lib/python3.12/site-packages/airflow/example_dags/example_params_ui_tutorial.py for tasks to queue
[2025-05-02T19:40:50.580+0000] {logging_mixin.py:188} INFO - [2025-05-02T19:40:50.580+0000] {dagbag.py:540} INFO - Filling up the DagBag from /home/airflow/.local/lib/python3.12/site-packages/airflow/example_dags/example_params_ui_tutorial.py
[2025-05-02T19:40:50.589+0000] {processor.py:840} INFO - DAG(s) 'example_params_ui_tutorial' retrieved from /home/airflow/.local/lib/python3.12/site-packages/airflow/example_dags/example_params_ui_tutorial.py
[2025-05-02T19:40:50.640+0000] {logging_mixin.py:188} INFO - [2025-05-02T19:40:50.639+0000] {dag.py:3096} INFO - Sync 1 DAGs
[2025-05-02T19:40:50.650+0000] {logging_mixin.py:188} INFO - [2025-05-02T19:40:50.649+0000] {dag.py:3954} INFO - Setting next_dagrun for example_params_ui_tutorial to None, run_after=None
[2025-05-02T19:40:50.666+0000] {processor.py:183} INFO - Processing /home/airflow/.local/lib/python3.12/site-packages/airflow/example_dags/example_params_ui_tutorial.py took 0.094 seconds
[2025-05-02T19:41:21.133+0000] {processor.py:161} INFO - Started process (PID=1010) to work on /home/airflow/.local/lib/python3.12/site-packages/airflow/example_dags/example_params_ui_tutorial.py
[2025-05-02T19:41:21.134+0000] {processor.py:830} INFO - Processing file /home/airflow/.local/lib/python3.12/site-packages/airflow/example_dags/example_params_ui_tutorial.py for tasks to queue
[2025-05-02T19:41:21.136+0000] {logging_mixin.py:188} INFO - [2025-05-02T19:41:21.135+0000] {dagbag.py:540} INFO - Filling up the DagBag from /home/airflow/.local/lib/python3.12/site-packages/airflow/example_dags/example_params_ui_tutorial.py
[2025-05-02T19:41:21.147+0000] {processor.py:840} INFO - DAG(s) 'example_params_ui_tutorial' retrieved from /home/airflow/.local/lib/python3.12/site-packages/airflow/example_dags/example_params_ui_tutorial.py
[2025-05-02T19:41:21.189+0000] {logging_mixin.py:188} INFO - [2025-05-02T19:41:21.188+0000] {dag.py:3096} INFO - Sync 1 DAGs
[2025-05-02T19:41:21.199+0000] {logging_mixin.py:188} INFO - [2025-05-02T19:41:21.198+0000] {dag.py:3954} INFO - Setting next_dagrun for example_params_ui_tutorial to None, run_after=None
[2025-05-02T19:41:21.216+0000] {processor.py:183} INFO - Processing /home/airflow/.local/lib/python3.12/site-packages/airflow/example_dags/example_params_ui_tutorial.py took 0.089 seconds
[2025-05-02T19:41:51.678+0000] {processor.py:161} INFO - Started process (PID=1068) to work on /home/airflow/.local/lib/python3.12/site-packages/airflow/example_dags/example_params_ui_tutorial.py
[2025-05-02T19:41:51.679+0000] {processor.py:830} INFO - Processing file /home/airflow/.local/lib/python3.12/site-packages/airflow/example_dags/example_params_ui_tutorial.py for tasks to queue
[2025-05-02T19:41:51.681+0000] {logging_mixin.py:188} INFO - [2025-05-02T19:41:51.680+0000] {dagbag.py:540} INFO - Filling up the DagBag from /home/airflow/.local/lib/python3.12/site-packages/airflow/example_dags/example_params_ui_tutorial.py
[2025-05-02T19:41:51.689+0000] {processor.py:840} INFO - DAG(s) 'example_params_ui_tutorial' retrieved from /home/airflow/.local/lib/python3.12/site-packages/airflow/example_dags/example_params_ui_tutorial.py
[2025-05-02T19:41:51.731+0000] {logging_mixin.py:188} INFO - [2025-05-02T19:41:51.731+0000] {dag.py:3096} INFO - Sync 1 DAGs
[2025-05-02T19:41:51.760+0000] {logging_mixin.py:188} INFO - [2025-05-02T19:41:51.760+0000] {dag.py:3954} INFO - Setting next_dagrun for example_params_ui_tutorial to None, run_after=None
[2025-05-02T19:41:51.783+0000] {processor.py:183} INFO - Processing /home/airflow/.local/lib/python3.12/site-packages/airflow/example_dags/example_params_ui_tutorial.py took 0.109 seconds
[2025-05-02T19:42:22.379+0000] {processor.py:161} INFO - Started process (PID=1120) to work on /home/airflow/.local/lib/python3.12/site-packages/airflow/example_dags/example_params_ui_tutorial.py
[2025-05-02T19:42:22.380+0000] {processor.py:830} INFO - Processing file /home/airflow/.local/lib/python3.12/site-packages/airflow/example_dags/example_params_ui_tutorial.py for tasks to queue
[2025-05-02T19:42:22.382+0000] {logging_mixin.py:188} INFO - [2025-05-02T19:42:22.382+0000] {dagbag.py:540} INFO - Filling up the DagBag from /home/airflow/.local/lib/python3.12/site-packages/airflow/example_dags/example_params_ui_tutorial.py
[2025-05-02T19:42:22.394+0000] {processor.py:840} INFO - DAG(s) 'example_params_ui_tutorial' retrieved from /home/airflow/.local/lib/python3.12/site-packages/airflow/example_dags/example_params_ui_tutorial.py
[2025-05-02T19:42:22.435+0000] {logging_mixin.py:188} INFO - [2025-05-02T19:42:22.435+0000] {dag.py:3096} INFO - Sync 1 DAGs
[2025-05-02T19:42:22.446+0000] {logging_mixin.py:188} INFO - [2025-05-02T19:42:22.445+0000] {dag.py:3954} INFO - Setting next_dagrun for example_params_ui_tutorial to None, run_after=None
[2025-05-02T19:42:22.460+0000] {processor.py:183} INFO - Processing /home/airflow/.local/lib/python3.12/site-packages/airflow/example_dags/example_params_ui_tutorial.py took 0.091 seconds
[2025-05-02T19:42:53.043+0000] {processor.py:161} INFO - Started process (PID=1178) to work on /home/airflow/.local/lib/python3.12/site-packages/airflow/example_dags/example_params_ui_tutorial.py
[2025-05-02T19:42:53.044+0000] {processor.py:830} INFO - Processing file /home/airflow/.local/lib/python3.12/site-packages/airflow/example_dags/example_params_ui_tutorial.py for tasks to queue
[2025-05-02T19:42:53.046+0000] {logging_mixin.py:188} INFO - [2025-05-02T19:42:53.046+0000] {dagbag.py:540} INFO - Filling up the DagBag from /home/airflow/.local/lib/python3.12/site-packages/airflow/example_dags/example_params_ui_tutorial.py
[2025-05-02T19:42:53.055+0000] {processor.py:840} INFO - DAG(s) 'example_params_ui_tutorial' retrieved from /home/airflow/.local/lib/python3.12/site-packages/airflow/example_dags/example_params_ui_tutorial.py
[2025-05-02T19:42:53.106+0000] {logging_mixin.py:188} INFO - [2025-05-02T19:42:53.105+0000] {dag.py:3096} INFO - Sync 1 DAGs
[2025-05-02T19:42:53.116+0000] {logging_mixin.py:188} INFO - [2025-05-02T19:42:53.116+0000] {dag.py:3954} INFO - Setting next_dagrun for example_params_ui_tutorial to None, run_after=None
[2025-05-02T19:42:53.133+0000] {processor.py:183} INFO - Processing /home/airflow/.local/lib/python3.12/site-packages/airflow/example_dags/example_params_ui_tutorial.py took 0.095 seconds
[2025-05-02T19:43:25.295+0000] {processor.py:161} INFO - Started process (PID=1238) to work on /home/airflow/.local/lib/python3.12/site-packages/airflow/example_dags/example_params_ui_tutorial.py
[2025-05-02T19:43:25.296+0000] {processor.py:830} INFO - Processing file /home/airflow/.local/lib/python3.12/site-packages/airflow/example_dags/example_params_ui_tutorial.py for tasks to queue
[2025-05-02T19:43:25.297+0000] {logging_mixin.py:188} INFO - [2025-05-02T19:43:25.297+0000] {dagbag.py:540} INFO - Filling up the DagBag from /home/airflow/.local/lib/python3.12/site-packages/airflow/example_dags/example_params_ui_tutorial.py
[2025-05-02T19:43:25.307+0000] {processor.py:840} INFO - DAG(s) 'example_params_ui_tutorial' retrieved from /home/airflow/.local/lib/python3.12/site-packages/airflow/example_dags/example_params_ui_tutorial.py
[2025-05-02T19:43:25.351+0000] {logging_mixin.py:188} INFO - [2025-05-02T19:43:25.351+0000] {dag.py:3096} INFO - Sync 1 DAGs
[2025-05-02T19:43:25.364+0000] {logging_mixin.py:188} INFO - [2025-05-02T19:43:25.364+0000] {dag.py:3954} INFO - Setting next_dagrun for example_params_ui_tutorial to None, run_after=None
[2025-05-02T19:43:25.381+0000] {processor.py:183} INFO - Processing /home/airflow/.local/lib/python3.12/site-packages/airflow/example_dags/example_params_ui_tutorial.py took 0.091 seconds
[2025-05-02T19:43:56.318+0000] {processor.py:161} INFO - Started process (PID=1298) to work on /home/airflow/.local/lib/python3.12/site-packages/airflow/example_dags/example_params_ui_tutorial.py
[2025-05-02T19:43:56.324+0000] {processor.py:830} INFO - Processing file /home/airflow/.local/lib/python3.12/site-packages/airflow/example_dags/example_params_ui_tutorial.py for tasks to queue
[2025-05-02T19:43:56.327+0000] {logging_mixin.py:188} INFO - [2025-05-02T19:43:56.327+0000] {dagbag.py:540} INFO - Filling up the DagBag from /home/airflow/.local/lib/python3.12/site-packages/airflow/example_dags/example_params_ui_tutorial.py
[2025-05-02T19:43:56.357+0000] {processor.py:840} INFO - DAG(s) 'example_params_ui_tutorial' retrieved from /home/airflow/.local/lib/python3.12/site-packages/airflow/example_dags/example_params_ui_tutorial.py
[2025-05-02T19:43:56.433+0000] {logging_mixin.py:188} INFO - [2025-05-02T19:43:56.433+0000] {dag.py:3096} INFO - Sync 1 DAGs
[2025-05-02T19:43:56.454+0000] {logging_mixin.py:188} INFO - [2025-05-02T19:43:56.454+0000] {dag.py:3954} INFO - Setting next_dagrun for example_params_ui_tutorial to None, run_after=None
[2025-05-02T19:43:56.486+0000] {processor.py:183} INFO - Processing /home/airflow/.local/lib/python3.12/site-packages/airflow/example_dags/example_params_ui_tutorial.py took 0.176 seconds
[2025-05-02T19:44:27.554+0000] {processor.py:161} INFO - Started process (PID=1392) to work on /home/airflow/.local/lib/python3.12/site-packages/airflow/example_dags/example_params_ui_tutorial.py
[2025-05-02T19:44:27.555+0000] {processor.py:830} INFO - Processing file /home/airflow/.local/lib/python3.12/site-packages/airflow/example_dags/example_params_ui_tutorial.py for tasks to queue
[2025-05-02T19:44:27.560+0000] {logging_mixin.py:188} INFO - [2025-05-02T19:44:27.559+0000] {dagbag.py:540} INFO - Filling up the DagBag from /home/airflow/.local/lib/python3.12/site-packages/airflow/example_dags/example_params_ui_tutorial.py
[2025-05-02T19:44:27.599+0000] {processor.py:840} INFO - DAG(s) 'example_params_ui_tutorial' retrieved from /home/airflow/.local/lib/python3.12/site-packages/airflow/example_dags/example_params_ui_tutorial.py
[2025-05-02T19:44:27.722+0000] {logging_mixin.py:188} INFO - [2025-05-02T19:44:27.722+0000] {dag.py:3096} INFO - Sync 1 DAGs
[2025-05-02T19:44:27.765+0000] {logging_mixin.py:188} INFO - [2025-05-02T19:44:27.765+0000] {dag.py:3954} INFO - Setting next_dagrun for example_params_ui_tutorial to None, run_after=None
[2025-05-02T19:44:27.842+0000] {processor.py:183} INFO - Processing /home/airflow/.local/lib/python3.12/site-packages/airflow/example_dags/example_params_ui_tutorial.py took 0.314 seconds
[2025-05-02T19:44:58.368+0000] {processor.py:161} INFO - Started process (PID=1494) to work on /home/airflow/.local/lib/python3.12/site-packages/airflow/example_dags/example_params_ui_tutorial.py
[2025-05-02T19:44:58.369+0000] {processor.py:830} INFO - Processing file /home/airflow/.local/lib/python3.12/site-packages/airflow/example_dags/example_params_ui_tutorial.py for tasks to queue
[2025-05-02T19:44:58.372+0000] {logging_mixin.py:188} INFO - [2025-05-02T19:44:58.371+0000] {dagbag.py:540} INFO - Filling up the DagBag from /home/airflow/.local/lib/python3.12/site-packages/airflow/example_dags/example_params_ui_tutorial.py
[2025-05-02T19:44:58.394+0000] {processor.py:840} INFO - DAG(s) 'example_params_ui_tutorial' retrieved from /home/airflow/.local/lib/python3.12/site-packages/airflow/example_dags/example_params_ui_tutorial.py
[2025-05-02T19:44:58.474+0000] {logging_mixin.py:188} INFO - [2025-05-02T19:44:58.474+0000] {dag.py:3096} INFO - Sync 1 DAGs
[2025-05-02T19:44:58.488+0000] {logging_mixin.py:188} INFO - [2025-05-02T19:44:58.487+0000] {dag.py:3954} INFO - Setting next_dagrun for example_params_ui_tutorial to None, run_after=None
[2025-05-02T19:44:58.508+0000] {processor.py:183} INFO - Processing /home/airflow/.local/lib/python3.12/site-packages/airflow/example_dags/example_params_ui_tutorial.py took 0.148 seconds
[2025-05-02T19:45:30.480+0000] {processor.py:161} INFO - Started process (PID=1598) to work on /home/airflow/.local/lib/python3.12/site-packages/airflow/example_dags/example_params_ui_tutorial.py
[2025-05-02T19:45:30.481+0000] {processor.py:830} INFO - Processing file /home/airflow/.local/lib/python3.12/site-packages/airflow/example_dags/example_params_ui_tutorial.py for tasks to queue
[2025-05-02T19:45:30.488+0000] {logging_mixin.py:188} INFO - [2025-05-02T19:45:30.487+0000] {dagbag.py:540} INFO - Filling up the DagBag from /home/airflow/.local/lib/python3.12/site-packages/airflow/example_dags/example_params_ui_tutorial.py
[2025-05-02T19:45:30.525+0000] {processor.py:840} INFO - DAG(s) 'example_params_ui_tutorial' retrieved from /home/airflow/.local/lib/python3.12/site-packages/airflow/example_dags/example_params_ui_tutorial.py
[2025-05-02T19:45:30.785+0000] {logging_mixin.py:188} INFO - [2025-05-02T19:45:30.784+0000] {dag.py:3096} INFO - Sync 1 DAGs
[2025-05-02T19:45:30.838+0000] {logging_mixin.py:188} INFO - [2025-05-02T19:45:30.838+0000] {dag.py:3954} INFO - Setting next_dagrun for example_params_ui_tutorial to None, run_after=None
[2025-05-02T19:45:30.887+0000] {processor.py:183} INFO - Processing /home/airflow/.local/lib/python3.12/site-packages/airflow/example_dags/example_params_ui_tutorial.py took 0.426 seconds
[2025-05-02T19:46:01.556+0000] {processor.py:161} INFO - Started process (PID=1701) to work on /home/airflow/.local/lib/python3.12/site-packages/airflow/example_dags/example_params_ui_tutorial.py
[2025-05-02T19:46:01.563+0000] {processor.py:830} INFO - Processing file /home/airflow/.local/lib/python3.12/site-packages/airflow/example_dags/example_params_ui_tutorial.py for tasks to queue
[2025-05-02T19:46:01.567+0000] {logging_mixin.py:188} INFO - [2025-05-02T19:46:01.566+0000] {dagbag.py:540} INFO - Filling up the DagBag from /home/airflow/.local/lib/python3.12/site-packages/airflow/example_dags/example_params_ui_tutorial.py
[2025-05-02T19:46:01.612+0000] {processor.py:840} INFO - DAG(s) 'example_params_ui_tutorial' retrieved from /home/airflow/.local/lib/python3.12/site-packages/airflow/example_dags/example_params_ui_tutorial.py
[2025-05-02T19:46:01.896+0000] {logging_mixin.py:188} INFO - [2025-05-02T19:46:01.896+0000] {dag.py:3096} INFO - Sync 1 DAGs
[2025-05-02T19:46:01.964+0000] {logging_mixin.py:188} INFO - [2025-05-02T19:46:01.964+0000] {dag.py:3954} INFO - Setting next_dagrun for example_params_ui_tutorial to None, run_after=None
[2025-05-02T19:46:02.065+0000] {processor.py:183} INFO - Processing /home/airflow/.local/lib/python3.12/site-packages/airflow/example_dags/example_params_ui_tutorial.py took 0.525 seconds
[2025-05-02T19:46:32.626+0000] {processor.py:161} INFO - Started process (PID=1805) to work on /home/airflow/.local/lib/python3.12/site-packages/airflow/example_dags/example_params_ui_tutorial.py
[2025-05-02T19:46:32.627+0000] {processor.py:830} INFO - Processing file /home/airflow/.local/lib/python3.12/site-packages/airflow/example_dags/example_params_ui_tutorial.py for tasks to queue
[2025-05-02T19:46:32.631+0000] {logging_mixin.py:188} INFO - [2025-05-02T19:46:32.630+0000] {dagbag.py:540} INFO - Filling up the DagBag from /home/airflow/.local/lib/python3.12/site-packages/airflow/example_dags/example_params_ui_tutorial.py
[2025-05-02T19:46:32.652+0000] {processor.py:840} INFO - DAG(s) 'example_params_ui_tutorial' retrieved from /home/airflow/.local/lib/python3.12/site-packages/airflow/example_dags/example_params_ui_tutorial.py
[2025-05-02T19:46:32.829+0000] {logging_mixin.py:188} INFO - [2025-05-02T19:46:32.829+0000] {dag.py:3096} INFO - Sync 1 DAGs
[2025-05-02T19:46:32.870+0000] {logging_mixin.py:188} INFO - [2025-05-02T19:46:32.869+0000] {dag.py:3954} INFO - Setting next_dagrun for example_params_ui_tutorial to None, run_after=None
[2025-05-02T19:46:32.935+0000] {processor.py:183} INFO - Processing /home/airflow/.local/lib/python3.12/site-packages/airflow/example_dags/example_params_ui_tutorial.py took 0.331 seconds
[2025-05-02T19:47:04.367+0000] {processor.py:161} INFO - Started process (PID=1915) to work on /home/airflow/.local/lib/python3.12/site-packages/airflow/example_dags/example_params_ui_tutorial.py
[2025-05-02T19:47:04.368+0000] {processor.py:830} INFO - Processing file /home/airflow/.local/lib/python3.12/site-packages/airflow/example_dags/example_params_ui_tutorial.py for tasks to queue
[2025-05-02T19:47:04.372+0000] {logging_mixin.py:188} INFO - [2025-05-02T19:47:04.371+0000] {dagbag.py:540} INFO - Filling up the DagBag from /home/airflow/.local/lib/python3.12/site-packages/airflow/example_dags/example_params_ui_tutorial.py
[2025-05-02T19:47:04.396+0000] {processor.py:840} INFO - DAG(s) 'example_params_ui_tutorial' retrieved from /home/airflow/.local/lib/python3.12/site-packages/airflow/example_dags/example_params_ui_tutorial.py
[2025-05-02T19:47:04.507+0000] {logging_mixin.py:188} INFO - [2025-05-02T19:47:04.506+0000] {dag.py:3096} INFO - Sync 1 DAGs
[2025-05-02T19:47:04.531+0000] {logging_mixin.py:188} INFO - [2025-05-02T19:47:04.531+0000] {dag.py:3954} INFO - Setting next_dagrun for example_params_ui_tutorial to None, run_after=None
[2025-05-02T19:47:04.565+0000] {processor.py:183} INFO - Processing /home/airflow/.local/lib/python3.12/site-packages/airflow/example_dags/example_params_ui_tutorial.py took 0.212 seconds
[2025-05-02T19:47:39.147+0000] {processor.py:161} INFO - Started process (PID=2013) to work on /home/airflow/.local/lib/python3.12/site-packages/airflow/example_dags/example_params_ui_tutorial.py
[2025-05-02T19:47:39.148+0000] {processor.py:830} INFO - Processing file /home/airflow/.local/lib/python3.12/site-packages/airflow/example_dags/example_params_ui_tutorial.py for tasks to queue
[2025-05-02T19:47:39.162+0000] {logging_mixin.py:188} INFO - [2025-05-02T19:47:39.161+0000] {dagbag.py:540} INFO - Filling up the DagBag from /home/airflow/.local/lib/python3.12/site-packages/airflow/example_dags/example_params_ui_tutorial.py
[2025-05-02T19:47:39.198+0000] {processor.py:840} INFO - DAG(s) 'example_params_ui_tutorial' retrieved from /home/airflow/.local/lib/python3.12/site-packages/airflow/example_dags/example_params_ui_tutorial.py
[2025-05-02T19:47:39.350+0000] {logging_mixin.py:188} INFO - [2025-05-02T19:47:39.349+0000] {dag.py:3096} INFO - Sync 1 DAGs
[2025-05-02T19:47:39.388+0000] {logging_mixin.py:188} INFO - [2025-05-02T19:47:39.388+0000] {dag.py:3954} INFO - Setting next_dagrun for example_params_ui_tutorial to None, run_after=None
[2025-05-02T19:47:39.689+0000] {processor.py:183} INFO - Processing /home/airflow/.local/lib/python3.12/site-packages/airflow/example_dags/example_params_ui_tutorial.py took 0.559 seconds
[2025-05-02T19:48:11.965+0000] {processor.py:161} INFO - Started process (PID=2116) to work on /home/airflow/.local/lib/python3.12/site-packages/airflow/example_dags/example_params_ui_tutorial.py
[2025-05-02T19:48:11.967+0000] {processor.py:830} INFO - Processing file /home/airflow/.local/lib/python3.12/site-packages/airflow/example_dags/example_params_ui_tutorial.py for tasks to queue
[2025-05-02T19:48:11.974+0000] {logging_mixin.py:188} INFO - [2025-05-02T19:48:11.973+0000] {dagbag.py:540} INFO - Filling up the DagBag from /home/airflow/.local/lib/python3.12/site-packages/airflow/example_dags/example_params_ui_tutorial.py
[2025-05-02T19:48:12.023+0000] {processor.py:840} INFO - DAG(s) 'example_params_ui_tutorial' retrieved from /home/airflow/.local/lib/python3.12/site-packages/airflow/example_dags/example_params_ui_tutorial.py
[2025-05-02T19:48:12.285+0000] {logging_mixin.py:188} INFO - [2025-05-02T19:48:12.285+0000] {dag.py:3096} INFO - Sync 1 DAGs
[2025-05-02T19:48:12.326+0000] {logging_mixin.py:188} INFO - [2025-05-02T19:48:12.325+0000] {dag.py:3954} INFO - Setting next_dagrun for example_params_ui_tutorial to None, run_after=None
[2025-05-02T19:48:12.476+0000] {processor.py:183} INFO - Processing /home/airflow/.local/lib/python3.12/site-packages/airflow/example_dags/example_params_ui_tutorial.py took 0.541 seconds
[2025-05-02T19:48:49.952+0000] {processor.py:161} INFO - Started process (PID=2216) to work on /home/airflow/.local/lib/python3.12/site-packages/airflow/example_dags/example_params_ui_tutorial.py
[2025-05-02T19:48:49.957+0000] {processor.py:830} INFO - Processing file /home/airflow/.local/lib/python3.12/site-packages/airflow/example_dags/example_params_ui_tutorial.py for tasks to queue
[2025-05-02T19:48:49.961+0000] {logging_mixin.py:188} INFO - [2025-05-02T19:48:49.960+0000] {dagbag.py:540} INFO - Filling up the DagBag from /home/airflow/.local/lib/python3.12/site-packages/airflow/example_dags/example_params_ui_tutorial.py
[2025-05-02T19:48:49.994+0000] {processor.py:840} INFO - DAG(s) 'example_params_ui_tutorial' retrieved from /home/airflow/.local/lib/python3.12/site-packages/airflow/example_dags/example_params_ui_tutorial.py
[2025-05-02T19:48:50.223+0000] {logging_mixin.py:188} INFO - [2025-05-02T19:48:50.223+0000] {dag.py:3096} INFO - Sync 1 DAGs
[2025-05-02T19:48:50.282+0000] {logging_mixin.py:188} INFO - [2025-05-02T19:48:50.282+0000] {dag.py:3954} INFO - Setting next_dagrun for example_params_ui_tutorial to None, run_after=None
[2025-05-02T19:48:50.383+0000] {processor.py:183} INFO - Processing /home/airflow/.local/lib/python3.12/site-packages/airflow/example_dags/example_params_ui_tutorial.py took 0.457 seconds
[2025-05-02T19:49:23.334+0000] {processor.py:161} INFO - Started process (PID=2311) to work on /home/airflow/.local/lib/python3.12/site-packages/airflow/example_dags/example_params_ui_tutorial.py
[2025-05-02T19:49:23.335+0000] {processor.py:830} INFO - Processing file /home/airflow/.local/lib/python3.12/site-packages/airflow/example_dags/example_params_ui_tutorial.py for tasks to queue
[2025-05-02T19:49:23.348+0000] {logging_mixin.py:188} INFO - [2025-05-02T19:49:23.348+0000] {dagbag.py:540} INFO - Filling up the DagBag from /home/airflow/.local/lib/python3.12/site-packages/airflow/example_dags/example_params_ui_tutorial.py
[2025-05-02T19:49:23.381+0000] {processor.py:840} INFO - DAG(s) 'example_params_ui_tutorial' retrieved from /home/airflow/.local/lib/python3.12/site-packages/airflow/example_dags/example_params_ui_tutorial.py
[2025-05-02T19:49:23.542+0000] {logging_mixin.py:188} INFO - [2025-05-02T19:49:23.542+0000] {dag.py:3096} INFO - Sync 1 DAGs
[2025-05-02T19:49:23.590+0000] {logging_mixin.py:188} INFO - [2025-05-02T19:49:23.590+0000] {dag.py:3954} INFO - Setting next_dagrun for example_params_ui_tutorial to None, run_after=None
[2025-05-02T19:49:23.667+0000] {processor.py:183} INFO - Processing /home/airflow/.local/lib/python3.12/site-packages/airflow/example_dags/example_params_ui_tutorial.py took 0.345 seconds
[2025-05-02T19:49:58.857+0000] {processor.py:161} INFO - Started process (PID=2402) to work on /home/airflow/.local/lib/python3.12/site-packages/airflow/example_dags/example_params_ui_tutorial.py
[2025-05-02T19:49:58.864+0000] {processor.py:830} INFO - Processing file /home/airflow/.local/lib/python3.12/site-packages/airflow/example_dags/example_params_ui_tutorial.py for tasks to queue
[2025-05-02T19:49:58.868+0000] {logging_mixin.py:188} INFO - [2025-05-02T19:49:58.867+0000] {dagbag.py:540} INFO - Filling up the DagBag from /home/airflow/.local/lib/python3.12/site-packages/airflow/example_dags/example_params_ui_tutorial.py
[2025-05-02T19:49:58.894+0000] {processor.py:840} INFO - DAG(s) 'example_params_ui_tutorial' retrieved from /home/airflow/.local/lib/python3.12/site-packages/airflow/example_dags/example_params_ui_tutorial.py
[2025-05-02T19:49:59.245+0000] {logging_mixin.py:188} INFO - [2025-05-02T19:49:59.245+0000] {dag.py:3096} INFO - Sync 1 DAGs
[2025-05-02T19:49:59.557+0000] {logging_mixin.py:188} INFO - [2025-05-02T19:49:59.557+0000] {dag.py:3954} INFO - Setting next_dagrun for example_params_ui_tutorial to None, run_after=None
[2025-05-02T19:49:59.648+0000] {processor.py:183} INFO - Processing /home/airflow/.local/lib/python3.12/site-packages/airflow/example_dags/example_params_ui_tutorial.py took 0.804 seconds
[2025-05-02T19:50:32.711+0000] {processor.py:161} INFO - Started process (PID=2507) to work on /home/airflow/.local/lib/python3.12/site-packages/airflow/example_dags/example_params_ui_tutorial.py
[2025-05-02T19:50:32.717+0000] {processor.py:830} INFO - Processing file /home/airflow/.local/lib/python3.12/site-packages/airflow/example_dags/example_params_ui_tutorial.py for tasks to queue
[2025-05-02T19:50:32.721+0000] {logging_mixin.py:188} INFO - [2025-05-02T19:50:32.720+0000] {dagbag.py:540} INFO - Filling up the DagBag from /home/airflow/.local/lib/python3.12/site-packages/airflow/example_dags/example_params_ui_tutorial.py
[2025-05-02T19:50:32.791+0000] {processor.py:840} INFO - DAG(s) 'example_params_ui_tutorial' retrieved from /home/airflow/.local/lib/python3.12/site-packages/airflow/example_dags/example_params_ui_tutorial.py
[2025-05-02T19:50:32.995+0000] {logging_mixin.py:188} INFO - [2025-05-02T19:50:32.994+0000] {dag.py:3096} INFO - Sync 1 DAGs
[2025-05-02T19:50:33.043+0000] {logging_mixin.py:188} INFO - [2025-05-02T19:50:33.042+0000] {dag.py:3954} INFO - Setting next_dagrun for example_params_ui_tutorial to None, run_after=None
[2025-05-02T19:50:33.136+0000] {processor.py:183} INFO - Processing /home/airflow/.local/lib/python3.12/site-packages/airflow/example_dags/example_params_ui_tutorial.py took 0.460 seconds
[2025-05-02T19:51:10.015+0000] {processor.py:161} INFO - Started process (PID=2617) to work on /home/airflow/.local/lib/python3.12/site-packages/airflow/example_dags/example_params_ui_tutorial.py
[2025-05-02T19:51:10.023+0000] {processor.py:830} INFO - Processing file /home/airflow/.local/lib/python3.12/site-packages/airflow/example_dags/example_params_ui_tutorial.py for tasks to queue
[2025-05-02T19:51:10.027+0000] {logging_mixin.py:188} INFO - [2025-05-02T19:51:10.026+0000] {dagbag.py:540} INFO - Filling up the DagBag from /home/airflow/.local/lib/python3.12/site-packages/airflow/example_dags/example_params_ui_tutorial.py
[2025-05-02T19:51:10.061+0000] {processor.py:840} INFO - DAG(s) 'example_params_ui_tutorial' retrieved from /home/airflow/.local/lib/python3.12/site-packages/airflow/example_dags/example_params_ui_tutorial.py
[2025-05-02T19:51:10.332+0000] {logging_mixin.py:188} INFO - [2025-05-02T19:51:10.331+0000] {dag.py:3096} INFO - Sync 1 DAGs
[2025-05-02T19:51:10.377+0000] {logging_mixin.py:188} INFO - [2025-05-02T19:51:10.376+0000] {dag.py:3954} INFO - Setting next_dagrun for example_params_ui_tutorial to None, run_after=None
[2025-05-02T19:51:10.431+0000] {processor.py:183} INFO - Processing /home/airflow/.local/lib/python3.12/site-packages/airflow/example_dags/example_params_ui_tutorial.py took 0.433 seconds
[2025-05-02T19:51:42.892+0000] {processor.py:161} INFO - Started process (PID=2714) to work on /home/airflow/.local/lib/python3.12/site-packages/airflow/example_dags/example_params_ui_tutorial.py
[2025-05-02T19:51:42.894+0000] {processor.py:830} INFO - Processing file /home/airflow/.local/lib/python3.12/site-packages/airflow/example_dags/example_params_ui_tutorial.py for tasks to queue
[2025-05-02T19:51:42.897+0000] {logging_mixin.py:188} INFO - [2025-05-02T19:51:42.896+0000] {dagbag.py:540} INFO - Filling up the DagBag from /home/airflow/.local/lib/python3.12/site-packages/airflow/example_dags/example_params_ui_tutorial.py
[2025-05-02T19:51:42.936+0000] {processor.py:840} INFO - DAG(s) 'example_params_ui_tutorial' retrieved from /home/airflow/.local/lib/python3.12/site-packages/airflow/example_dags/example_params_ui_tutorial.py
[2025-05-02T19:51:43.129+0000] {logging_mixin.py:188} INFO - [2025-05-02T19:51:43.128+0000] {dag.py:3096} INFO - Sync 1 DAGs
[2025-05-02T19:51:43.421+0000] {logging_mixin.py:188} INFO - [2025-05-02T19:51:43.421+0000] {dag.py:3954} INFO - Setting next_dagrun for example_params_ui_tutorial to None, run_after=None
[2025-05-02T19:51:43.500+0000] {processor.py:183} INFO - Processing /home/airflow/.local/lib/python3.12/site-packages/airflow/example_dags/example_params_ui_tutorial.py took 0.619 seconds
[2025-05-02T19:52:16.039+0000] {processor.py:161} INFO - Started process (PID=2790) to work on /home/airflow/.local/lib/python3.12/site-packages/airflow/example_dags/example_params_ui_tutorial.py
[2025-05-02T19:52:16.052+0000] {processor.py:830} INFO - Processing file /home/airflow/.local/lib/python3.12/site-packages/airflow/example_dags/example_params_ui_tutorial.py for tasks to queue
[2025-05-02T19:52:16.055+0000] {logging_mixin.py:188} INFO - [2025-05-02T19:52:16.055+0000] {dagbag.py:540} INFO - Filling up the DagBag from /home/airflow/.local/lib/python3.12/site-packages/airflow/example_dags/example_params_ui_tutorial.py
[2025-05-02T19:52:16.132+0000] {processor.py:840} INFO - DAG(s) 'example_params_ui_tutorial' retrieved from /home/airflow/.local/lib/python3.12/site-packages/airflow/example_dags/example_params_ui_tutorial.py
[2025-05-02T19:52:16.380+0000] {logging_mixin.py:188} INFO - [2025-05-02T19:52:16.379+0000] {dag.py:3096} INFO - Sync 1 DAGs
[2025-05-02T19:52:16.420+0000] {logging_mixin.py:188} INFO - [2025-05-02T19:52:16.420+0000] {dag.py:3954} INFO - Setting next_dagrun for example_params_ui_tutorial to None, run_after=None
[2025-05-02T19:52:16.478+0000] {processor.py:183} INFO - Processing /home/airflow/.local/lib/python3.12/site-packages/airflow/example_dags/example_params_ui_tutorial.py took 0.465 seconds
[2025-05-02T19:52:47.360+0000] {processor.py:161} INFO - Started process (PID=2887) to work on /home/airflow/.local/lib/python3.12/site-packages/airflow/example_dags/example_params_ui_tutorial.py
[2025-05-02T19:52:47.361+0000] {processor.py:830} INFO - Processing file /home/airflow/.local/lib/python3.12/site-packages/airflow/example_dags/example_params_ui_tutorial.py for tasks to queue
[2025-05-02T19:52:47.364+0000] {logging_mixin.py:188} INFO - [2025-05-02T19:52:47.363+0000] {dagbag.py:540} INFO - Filling up the DagBag from /home/airflow/.local/lib/python3.12/site-packages/airflow/example_dags/example_params_ui_tutorial.py
[2025-05-02T19:52:47.386+0000] {processor.py:840} INFO - DAG(s) 'example_params_ui_tutorial' retrieved from /home/airflow/.local/lib/python3.12/site-packages/airflow/example_dags/example_params_ui_tutorial.py
[2025-05-02T19:52:47.487+0000] {logging_mixin.py:188} INFO - [2025-05-02T19:52:47.486+0000] {dag.py:3096} INFO - Sync 1 DAGs
[2025-05-02T19:52:47.511+0000] {logging_mixin.py:188} INFO - [2025-05-02T19:52:47.511+0000] {dag.py:3954} INFO - Setting next_dagrun for example_params_ui_tutorial to None, run_after=None
[2025-05-02T19:52:47.537+0000] {processor.py:183} INFO - Processing /home/airflow/.local/lib/python3.12/site-packages/airflow/example_dags/example_params_ui_tutorial.py took 0.190 seconds
[2025-05-02T19:53:21.663+0000] {processor.py:161} INFO - Started process (PID=3013) to work on /home/airflow/.local/lib/python3.12/site-packages/airflow/example_dags/example_params_ui_tutorial.py
[2025-05-02T19:53:21.677+0000] {processor.py:830} INFO - Processing file /home/airflow/.local/lib/python3.12/site-packages/airflow/example_dags/example_params_ui_tutorial.py for tasks to queue
[2025-05-02T19:53:21.682+0000] {logging_mixin.py:188} INFO - [2025-05-02T19:53:21.681+0000] {dagbag.py:540} INFO - Filling up the DagBag from /home/airflow/.local/lib/python3.12/site-packages/airflow/example_dags/example_params_ui_tutorial.py
[2025-05-02T19:53:21.714+0000] {processor.py:840} INFO - DAG(s) 'example_params_ui_tutorial' retrieved from /home/airflow/.local/lib/python3.12/site-packages/airflow/example_dags/example_params_ui_tutorial.py
[2025-05-02T19:53:21.923+0000] {logging_mixin.py:188} INFO - [2025-05-02T19:53:21.922+0000] {dag.py:3096} INFO - Sync 1 DAGs
[2025-05-02T19:53:21.977+0000] {logging_mixin.py:188} INFO - [2025-05-02T19:53:21.977+0000] {dag.py:3954} INFO - Setting next_dagrun for example_params_ui_tutorial to None, run_after=None
[2025-05-02T19:53:22.035+0000] {processor.py:183} INFO - Processing /home/airflow/.local/lib/python3.12/site-packages/airflow/example_dags/example_params_ui_tutorial.py took 0.387 seconds
[2025-05-02T19:53:56.250+0000] {processor.py:161} INFO - Started process (PID=3119) to work on /home/airflow/.local/lib/python3.12/site-packages/airflow/example_dags/example_params_ui_tutorial.py
[2025-05-02T19:53:56.254+0000] {processor.py:830} INFO - Processing file /home/airflow/.local/lib/python3.12/site-packages/airflow/example_dags/example_params_ui_tutorial.py for tasks to queue
[2025-05-02T19:53:56.258+0000] {logging_mixin.py:188} INFO - [2025-05-02T19:53:56.258+0000] {dagbag.py:540} INFO - Filling up the DagBag from /home/airflow/.local/lib/python3.12/site-packages/airflow/example_dags/example_params_ui_tutorial.py
[2025-05-02T19:53:56.295+0000] {processor.py:840} INFO - DAG(s) 'example_params_ui_tutorial' retrieved from /home/airflow/.local/lib/python3.12/site-packages/airflow/example_dags/example_params_ui_tutorial.py
[2025-05-02T19:53:56.478+0000] {logging_mixin.py:188} INFO - [2025-05-02T19:53:56.477+0000] {dag.py:3096} INFO - Sync 1 DAGs
[2025-05-02T19:53:56.517+0000] {logging_mixin.py:188} INFO - [2025-05-02T19:53:56.516+0000] {dag.py:3954} INFO - Setting next_dagrun for example_params_ui_tutorial to None, run_after=None
[2025-05-02T19:53:56.641+0000] {processor.py:183} INFO - Processing /home/airflow/.local/lib/python3.12/site-packages/airflow/example_dags/example_params_ui_tutorial.py took 0.408 seconds
[2025-05-02T19:54:30.486+0000] {processor.py:161} INFO - Started process (PID=3219) to work on /home/airflow/.local/lib/python3.12/site-packages/airflow/example_dags/example_params_ui_tutorial.py
[2025-05-02T19:54:30.493+0000] {processor.py:830} INFO - Processing file /home/airflow/.local/lib/python3.12/site-packages/airflow/example_dags/example_params_ui_tutorial.py for tasks to queue
[2025-05-02T19:54:30.498+0000] {logging_mixin.py:188} INFO - [2025-05-02T19:54:30.497+0000] {dagbag.py:540} INFO - Filling up the DagBag from /home/airflow/.local/lib/python3.12/site-packages/airflow/example_dags/example_params_ui_tutorial.py
[2025-05-02T19:54:30.529+0000] {processor.py:840} INFO - DAG(s) 'example_params_ui_tutorial' retrieved from /home/airflow/.local/lib/python3.12/site-packages/airflow/example_dags/example_params_ui_tutorial.py
[2025-05-02T19:54:30.703+0000] {logging_mixin.py:188} INFO - [2025-05-02T19:54:30.702+0000] {dag.py:3096} INFO - Sync 1 DAGs
[2025-05-02T19:54:30.768+0000] {logging_mixin.py:188} INFO - [2025-05-02T19:54:30.767+0000] {dag.py:3954} INFO - Setting next_dagrun for example_params_ui_tutorial to None, run_after=None
[2025-05-02T19:54:30.825+0000] {processor.py:183} INFO - Processing /home/airflow/.local/lib/python3.12/site-packages/airflow/example_dags/example_params_ui_tutorial.py took 0.356 seconds
[2025-05-02T19:55:05.244+0000] {processor.py:161} INFO - Started process (PID=3320) to work on /home/airflow/.local/lib/python3.12/site-packages/airflow/example_dags/example_params_ui_tutorial.py
[2025-05-02T19:55:05.257+0000] {processor.py:830} INFO - Processing file /home/airflow/.local/lib/python3.12/site-packages/airflow/example_dags/example_params_ui_tutorial.py for tasks to queue
[2025-05-02T19:55:05.261+0000] {logging_mixin.py:188} INFO - [2025-05-02T19:55:05.260+0000] {dagbag.py:540} INFO - Filling up the DagBag from /home/airflow/.local/lib/python3.12/site-packages/airflow/example_dags/example_params_ui_tutorial.py
[2025-05-02T19:55:05.284+0000] {processor.py:840} INFO - DAG(s) 'example_params_ui_tutorial' retrieved from /home/airflow/.local/lib/python3.12/site-packages/airflow/example_dags/example_params_ui_tutorial.py
[2025-05-02T19:55:05.438+0000] {logging_mixin.py:188} INFO - [2025-05-02T19:55:05.437+0000] {dag.py:3096} INFO - Sync 1 DAGs
[2025-05-02T19:55:05.465+0000] {logging_mixin.py:188} INFO - [2025-05-02T19:55:05.465+0000] {dag.py:3954} INFO - Setting next_dagrun for example_params_ui_tutorial to None, run_after=None
[2025-05-02T19:55:05.546+0000] {processor.py:183} INFO - Processing /home/airflow/.local/lib/python3.12/site-packages/airflow/example_dags/example_params_ui_tutorial.py took 0.314 seconds
[2025-05-02T19:55:39.596+0000] {processor.py:161} INFO - Started process (PID=3424) to work on /home/airflow/.local/lib/python3.12/site-packages/airflow/example_dags/example_params_ui_tutorial.py
[2025-05-02T19:55:39.598+0000] {processor.py:830} INFO - Processing file /home/airflow/.local/lib/python3.12/site-packages/airflow/example_dags/example_params_ui_tutorial.py for tasks to queue
[2025-05-02T19:55:39.601+0000] {logging_mixin.py:188} INFO - [2025-05-02T19:55:39.600+0000] {dagbag.py:540} INFO - Filling up the DagBag from /home/airflow/.local/lib/python3.12/site-packages/airflow/example_dags/example_params_ui_tutorial.py
[2025-05-02T19:55:39.626+0000] {processor.py:840} INFO - DAG(s) 'example_params_ui_tutorial' retrieved from /home/airflow/.local/lib/python3.12/site-packages/airflow/example_dags/example_params_ui_tutorial.py
[2025-05-02T19:55:39.790+0000] {logging_mixin.py:188} INFO - [2025-05-02T19:55:39.790+0000] {dag.py:3096} INFO - Sync 1 DAGs
[2025-05-02T19:55:39.828+0000] {logging_mixin.py:188} INFO - [2025-05-02T19:55:39.828+0000] {dag.py:3954} INFO - Setting next_dagrun for example_params_ui_tutorial to None, run_after=None
[2025-05-02T19:55:39.869+0000] {processor.py:183} INFO - Processing /home/airflow/.local/lib/python3.12/site-packages/airflow/example_dags/example_params_ui_tutorial.py took 0.286 seconds
[2025-05-02T19:56:13.337+0000] {processor.py:161} INFO - Started process (PID=3528) to work on /home/airflow/.local/lib/python3.12/site-packages/airflow/example_dags/example_params_ui_tutorial.py
[2025-05-02T19:56:13.339+0000] {processor.py:830} INFO - Processing file /home/airflow/.local/lib/python3.12/site-packages/airflow/example_dags/example_params_ui_tutorial.py for tasks to queue
[2025-05-02T19:56:13.342+0000] {logging_mixin.py:188} INFO - [2025-05-02T19:56:13.341+0000] {dagbag.py:540} INFO - Filling up the DagBag from /home/airflow/.local/lib/python3.12/site-packages/airflow/example_dags/example_params_ui_tutorial.py
[2025-05-02T19:56:13.365+0000] {processor.py:840} INFO - DAG(s) 'example_params_ui_tutorial' retrieved from /home/airflow/.local/lib/python3.12/site-packages/airflow/example_dags/example_params_ui_tutorial.py
[2025-05-02T19:56:13.496+0000] {logging_mixin.py:188} INFO - [2025-05-02T19:56:13.495+0000] {dag.py:3096} INFO - Sync 1 DAGs
[2025-05-02T19:56:13.522+0000] {logging_mixin.py:188} INFO - [2025-05-02T19:56:13.522+0000] {dag.py:3954} INFO - Setting next_dagrun for example_params_ui_tutorial to None, run_after=None
[2025-05-02T19:56:13.582+0000] {processor.py:183} INFO - Processing /home/airflow/.local/lib/python3.12/site-packages/airflow/example_dags/example_params_ui_tutorial.py took 0.254 seconds
[2025-05-02T19:56:43.828+0000] {processor.py:161} INFO - Started process (PID=3623) to work on /home/airflow/.local/lib/python3.12/site-packages/airflow/example_dags/example_params_ui_tutorial.py
[2025-05-02T19:56:43.829+0000] {processor.py:830} INFO - Processing file /home/airflow/.local/lib/python3.12/site-packages/airflow/example_dags/example_params_ui_tutorial.py for tasks to queue
[2025-05-02T19:56:43.832+0000] {logging_mixin.py:188} INFO - [2025-05-02T19:56:43.832+0000] {dagbag.py:540} INFO - Filling up the DagBag from /home/airflow/.local/lib/python3.12/site-packages/airflow/example_dags/example_params_ui_tutorial.py
[2025-05-02T19:56:43.860+0000] {processor.py:840} INFO - DAG(s) 'example_params_ui_tutorial' retrieved from /home/airflow/.local/lib/python3.12/site-packages/airflow/example_dags/example_params_ui_tutorial.py
[2025-05-02T19:56:44.004+0000] {logging_mixin.py:188} INFO - [2025-05-02T19:56:44.004+0000] {dag.py:3096} INFO - Sync 1 DAGs
[2025-05-02T19:56:44.046+0000] {logging_mixin.py:188} INFO - [2025-05-02T19:56:44.046+0000] {dag.py:3954} INFO - Setting next_dagrun for example_params_ui_tutorial to None, run_after=None
[2025-05-02T19:56:44.119+0000] {processor.py:183} INFO - Processing /home/airflow/.local/lib/python3.12/site-packages/airflow/example_dags/example_params_ui_tutorial.py took 0.304 seconds
[2025-05-02T19:57:14.307+0000] {processor.py:161} INFO - Started process (PID=3718) to work on /home/airflow/.local/lib/python3.12/site-packages/airflow/example_dags/example_params_ui_tutorial.py
[2025-05-02T19:57:14.310+0000] {processor.py:830} INFO - Processing file /home/airflow/.local/lib/python3.12/site-packages/airflow/example_dags/example_params_ui_tutorial.py for tasks to queue
[2025-05-02T19:57:14.314+0000] {logging_mixin.py:188} INFO - [2025-05-02T19:57:14.313+0000] {dagbag.py:540} INFO - Filling up the DagBag from /home/airflow/.local/lib/python3.12/site-packages/airflow/example_dags/example_params_ui_tutorial.py
[2025-05-02T19:57:14.356+0000] {processor.py:840} INFO - DAG(s) 'example_params_ui_tutorial' retrieved from /home/airflow/.local/lib/python3.12/site-packages/airflow/example_dags/example_params_ui_tutorial.py
[2025-05-02T19:57:14.539+0000] {logging_mixin.py:188} INFO - [2025-05-02T19:57:14.539+0000] {dag.py:3096} INFO - Sync 1 DAGs
[2025-05-02T19:57:14.580+0000] {logging_mixin.py:188} INFO - [2025-05-02T19:57:14.573+0000] {dag.py:3954} INFO - Setting next_dagrun for example_params_ui_tutorial to None, run_after=None
[2025-05-02T19:57:14.659+0000] {processor.py:183} INFO - Processing /home/airflow/.local/lib/python3.12/site-packages/airflow/example_dags/example_params_ui_tutorial.py took 0.378 seconds
[2025-05-02T19:57:44.778+0000] {processor.py:161} INFO - Started process (PID=3802) to work on /home/airflow/.local/lib/python3.12/site-packages/airflow/example_dags/example_params_ui_tutorial.py
[2025-05-02T19:57:44.779+0000] {processor.py:830} INFO - Processing file /home/airflow/.local/lib/python3.12/site-packages/airflow/example_dags/example_params_ui_tutorial.py for tasks to queue
[2025-05-02T19:57:44.783+0000] {logging_mixin.py:188} INFO - [2025-05-02T19:57:44.782+0000] {dagbag.py:540} INFO - Filling up the DagBag from /home/airflow/.local/lib/python3.12/site-packages/airflow/example_dags/example_params_ui_tutorial.py
[2025-05-02T19:57:44.806+0000] {processor.py:840} INFO - DAG(s) 'example_params_ui_tutorial' retrieved from /home/airflow/.local/lib/python3.12/site-packages/airflow/example_dags/example_params_ui_tutorial.py
[2025-05-02T19:57:45.007+0000] {logging_mixin.py:188} INFO - [2025-05-02T19:57:45.006+0000] {dag.py:3096} INFO - Sync 1 DAGs
[2025-05-02T19:57:45.037+0000] {logging_mixin.py:188} INFO - [2025-05-02T19:57:45.036+0000] {dag.py:3954} INFO - Setting next_dagrun for example_params_ui_tutorial to None, run_after=None
[2025-05-02T19:57:45.189+0000] {processor.py:183} INFO - Processing /home/airflow/.local/lib/python3.12/site-packages/airflow/example_dags/example_params_ui_tutorial.py took 0.422 seconds
[2025-05-02T19:58:15.992+0000] {processor.py:161} INFO - Started process (PID=3908) to work on /home/airflow/.local/lib/python3.12/site-packages/airflow/example_dags/example_params_ui_tutorial.py
[2025-05-02T19:58:15.995+0000] {processor.py:830} INFO - Processing file /home/airflow/.local/lib/python3.12/site-packages/airflow/example_dags/example_params_ui_tutorial.py for tasks to queue
[2025-05-02T19:58:15.997+0000] {logging_mixin.py:188} INFO - [2025-05-02T19:58:15.997+0000] {dagbag.py:540} INFO - Filling up the DagBag from /home/airflow/.local/lib/python3.12/site-packages/airflow/example_dags/example_params_ui_tutorial.py
[2025-05-02T19:58:16.014+0000] {processor.py:840} INFO - DAG(s) 'example_params_ui_tutorial' retrieved from /home/airflow/.local/lib/python3.12/site-packages/airflow/example_dags/example_params_ui_tutorial.py
[2025-05-02T19:58:16.101+0000] {logging_mixin.py:188} INFO - [2025-05-02T19:58:16.101+0000] {dag.py:3096} INFO - Sync 1 DAGs
[2025-05-02T19:58:16.121+0000] {logging_mixin.py:188} INFO - [2025-05-02T19:58:16.121+0000] {dag.py:3954} INFO - Setting next_dagrun for example_params_ui_tutorial to None, run_after=None
[2025-05-02T19:58:16.152+0000] {processor.py:183} INFO - Processing /home/airflow/.local/lib/python3.12/site-packages/airflow/example_dags/example_params_ui_tutorial.py took 0.168 seconds
