[2025-05-02T19:33:08.482+0000] {processor.py:161} INFO - Started process (PID=97) to work on /home/airflow/.local/lib/python3.12/site-packages/airflow/example_dags/example_skip_dag.py
[2025-05-02T19:33:08.483+0000] {processor.py:830} INFO - Processing file /home/airflow/.local/lib/python3.12/site-packages/airflow/example_dags/example_skip_dag.py for tasks to queue
[2025-05-02T19:33:08.485+0000] {logging_mixin.py:188} INFO - [2025-05-02T19:33:08.485+0000] {dagbag.py:540} INFO - Filling up the DagBag from /home/airflow/.local/lib/python3.12/site-packages/airflow/example_dags/example_skip_dag.py
[2025-05-02T19:33:08.494+0000] {processor.py:840} INFO - DAG(s) 'example_skip_dag' retrieved from /home/airflow/.local/lib/python3.12/site-packages/airflow/example_dags/example_skip_dag.py
[2025-05-02T19:33:08.507+0000] {logging_mixin.py:188} INFO - [2025-05-02T19:33:08.507+0000] {dag.py:3096} INFO - Sync 1 DAGs
[2025-05-02T19:33:08.533+0000] {logging_mixin.py:188} INFO - [2025-05-02T19:33:08.533+0000] {dag.py:3954} INFO - Setting next_dagrun for example_skip_dag to 2025-05-01 00:00:00+00:00, run_after=2025-05-02 00:00:00+00:00
[2025-05-02T19:33:08.556+0000] {processor.py:183} INFO - Processing /home/airflow/.local/lib/python3.12/site-packages/airflow/example_dags/example_skip_dag.py took 0.079 seconds
[2025-05-02T19:33:39.068+0000] {processor.py:161} INFO - Started process (PID=149) to work on /home/airflow/.local/lib/python3.12/site-packages/airflow/example_dags/example_skip_dag.py
[2025-05-02T19:33:39.069+0000] {processor.py:830} INFO - Processing file /home/airflow/.local/lib/python3.12/site-packages/airflow/example_dags/example_skip_dag.py for tasks to queue
[2025-05-02T19:33:39.070+0000] {logging_mixin.py:188} INFO - [2025-05-02T19:33:39.070+0000] {dagbag.py:540} INFO - Filling up the DagBag from /home/airflow/.local/lib/python3.12/site-packages/airflow/example_dags/example_skip_dag.py
[2025-05-02T19:33:39.075+0000] {processor.py:840} INFO - DAG(s) 'example_skip_dag' retrieved from /home/airflow/.local/lib/python3.12/site-packages/airflow/example_dags/example_skip_dag.py
[2025-05-02T19:33:39.150+0000] {logging_mixin.py:188} INFO - [2025-05-02T19:33:39.150+0000] {dag.py:3096} INFO - Sync 1 DAGs
[2025-05-02T19:33:39.176+0000] {logging_mixin.py:188} INFO - [2025-05-02T19:33:39.176+0000] {dag.py:3954} INFO - Setting next_dagrun for example_skip_dag to 2025-05-01 00:00:00+00:00, run_after=2025-05-02 00:00:00+00:00
[2025-05-02T19:33:39.196+0000] {processor.py:183} INFO - Processing /home/airflow/.local/lib/python3.12/site-packages/airflow/example_dags/example_skip_dag.py took 0.132 seconds
[2025-05-02T19:34:10.097+0000] {processor.py:161} INFO - Started process (PID=207) to work on /home/airflow/.local/lib/python3.12/site-packages/airflow/example_dags/example_skip_dag.py
[2025-05-02T19:34:10.098+0000] {processor.py:830} INFO - Processing file /home/airflow/.local/lib/python3.12/site-packages/airflow/example_dags/example_skip_dag.py for tasks to queue
[2025-05-02T19:34:10.100+0000] {logging_mixin.py:188} INFO - [2025-05-02T19:34:10.099+0000] {dagbag.py:540} INFO - Filling up the DagBag from /home/airflow/.local/lib/python3.12/site-packages/airflow/example_dags/example_skip_dag.py
[2025-05-02T19:34:10.104+0000] {processor.py:840} INFO - DAG(s) 'example_skip_dag' retrieved from /home/airflow/.local/lib/python3.12/site-packages/airflow/example_dags/example_skip_dag.py
[2025-05-02T19:34:10.121+0000] {logging_mixin.py:188} INFO - [2025-05-02T19:34:10.121+0000] {dag.py:3096} INFO - Sync 1 DAGs
[2025-05-02T19:34:10.141+0000] {logging_mixin.py:188} INFO - [2025-05-02T19:34:10.141+0000] {dag.py:3954} INFO - Setting next_dagrun for example_skip_dag to 2025-05-01 00:00:00+00:00, run_after=2025-05-02 00:00:00+00:00
[2025-05-02T19:34:10.159+0000] {processor.py:183} INFO - Processing /home/airflow/.local/lib/python3.12/site-packages/airflow/example_dags/example_skip_dag.py took 0.065 seconds
[2025-05-02T19:34:41.090+0000] {processor.py:161} INFO - Started process (PID=265) to work on /home/airflow/.local/lib/python3.12/site-packages/airflow/example_dags/example_skip_dag.py
[2025-05-02T19:34:41.091+0000] {processor.py:830} INFO - Processing file /home/airflow/.local/lib/python3.12/site-packages/airflow/example_dags/example_skip_dag.py for tasks to queue
[2025-05-02T19:34:41.092+0000] {logging_mixin.py:188} INFO - [2025-05-02T19:34:41.092+0000] {dagbag.py:540} INFO - Filling up the DagBag from /home/airflow/.local/lib/python3.12/site-packages/airflow/example_dags/example_skip_dag.py
[2025-05-02T19:34:41.102+0000] {processor.py:840} INFO - DAG(s) 'example_skip_dag' retrieved from /home/airflow/.local/lib/python3.12/site-packages/airflow/example_dags/example_skip_dag.py
[2025-05-02T19:34:41.132+0000] {logging_mixin.py:188} INFO - [2025-05-02T19:34:41.132+0000] {dag.py:3096} INFO - Sync 1 DAGs
[2025-05-02T19:34:41.163+0000] {logging_mixin.py:188} INFO - [2025-05-02T19:34:41.163+0000] {dag.py:3954} INFO - Setting next_dagrun for example_skip_dag to 2025-05-01 00:00:00+00:00, run_after=2025-05-02 00:00:00+00:00
[2025-05-02T19:34:41.191+0000] {processor.py:183} INFO - Processing /home/airflow/.local/lib/python3.12/site-packages/airflow/example_dags/example_skip_dag.py took 0.107 seconds
[2025-05-02T19:35:13.537+0000] {processor.py:161} INFO - Started process (PID=323) to work on /home/airflow/.local/lib/python3.12/site-packages/airflow/example_dags/example_skip_dag.py
[2025-05-02T19:35:13.538+0000] {processor.py:830} INFO - Processing file /home/airflow/.local/lib/python3.12/site-packages/airflow/example_dags/example_skip_dag.py for tasks to queue
[2025-05-02T19:35:13.539+0000] {logging_mixin.py:188} INFO - [2025-05-02T19:35:13.539+0000] {dagbag.py:540} INFO - Filling up the DagBag from /home/airflow/.local/lib/python3.12/site-packages/airflow/example_dags/example_skip_dag.py
[2025-05-02T19:35:13.545+0000] {processor.py:840} INFO - DAG(s) 'example_skip_dag' retrieved from /home/airflow/.local/lib/python3.12/site-packages/airflow/example_dags/example_skip_dag.py
[2025-05-02T19:35:13.561+0000] {logging_mixin.py:188} INFO - [2025-05-02T19:35:13.561+0000] {dag.py:3096} INFO - Sync 1 DAGs
[2025-05-02T19:35:13.580+0000] {logging_mixin.py:188} INFO - [2025-05-02T19:35:13.580+0000] {dag.py:3954} INFO - Setting next_dagrun for example_skip_dag to 2025-05-01 00:00:00+00:00, run_after=2025-05-02 00:00:00+00:00
[2025-05-02T19:35:13.596+0000] {processor.py:183} INFO - Processing /home/airflow/.local/lib/python3.12/site-packages/airflow/example_dags/example_skip_dag.py took 0.065 seconds
[2025-05-02T19:35:44.472+0000] {processor.py:161} INFO - Started process (PID=381) to work on /home/airflow/.local/lib/python3.12/site-packages/airflow/example_dags/example_skip_dag.py
[2025-05-02T19:35:44.473+0000] {processor.py:830} INFO - Processing file /home/airflow/.local/lib/python3.12/site-packages/airflow/example_dags/example_skip_dag.py for tasks to queue
[2025-05-02T19:35:44.475+0000] {logging_mixin.py:188} INFO - [2025-05-02T19:35:44.474+0000] {dagbag.py:540} INFO - Filling up the DagBag from /home/airflow/.local/lib/python3.12/site-packages/airflow/example_dags/example_skip_dag.py
[2025-05-02T19:35:44.480+0000] {processor.py:840} INFO - DAG(s) 'example_skip_dag' retrieved from /home/airflow/.local/lib/python3.12/site-packages/airflow/example_dags/example_skip_dag.py
[2025-05-02T19:35:44.498+0000] {logging_mixin.py:188} INFO - [2025-05-02T19:35:44.498+0000] {dag.py:3096} INFO - Sync 1 DAGs
[2025-05-02T19:35:44.521+0000] {logging_mixin.py:188} INFO - [2025-05-02T19:35:44.521+0000] {dag.py:3954} INFO - Setting next_dagrun for example_skip_dag to 2025-05-01 00:00:00+00:00, run_after=2025-05-02 00:00:00+00:00
[2025-05-02T19:35:44.539+0000] {processor.py:183} INFO - Processing /home/airflow/.local/lib/python3.12/site-packages/airflow/example_dags/example_skip_dag.py took 0.072 seconds
[2025-05-02T19:36:14.592+0000] {processor.py:161} INFO - Started process (PID=438) to work on /home/airflow/.local/lib/python3.12/site-packages/airflow/example_dags/example_skip_dag.py
[2025-05-02T19:36:14.595+0000] {processor.py:830} INFO - Processing file /home/airflow/.local/lib/python3.12/site-packages/airflow/example_dags/example_skip_dag.py for tasks to queue
[2025-05-02T19:36:14.597+0000] {logging_mixin.py:188} INFO - [2025-05-02T19:36:14.597+0000] {dagbag.py:540} INFO - Filling up the DagBag from /home/airflow/.local/lib/python3.12/site-packages/airflow/example_dags/example_skip_dag.py
[2025-05-02T19:36:14.601+0000] {processor.py:840} INFO - DAG(s) 'example_skip_dag' retrieved from /home/airflow/.local/lib/python3.12/site-packages/airflow/example_dags/example_skip_dag.py
[2025-05-02T19:36:14.617+0000] {logging_mixin.py:188} INFO - [2025-05-02T19:36:14.617+0000] {dag.py:3096} INFO - Sync 1 DAGs
[2025-05-02T19:36:14.631+0000] {logging_mixin.py:188} INFO - [2025-05-02T19:36:14.631+0000] {dag.py:3954} INFO - Setting next_dagrun for example_skip_dag to 2025-05-01 00:00:00+00:00, run_after=2025-05-02 00:00:00+00:00
[2025-05-02T19:36:14.644+0000] {processor.py:183} INFO - Processing /home/airflow/.local/lib/python3.12/site-packages/airflow/example_dags/example_skip_dag.py took 0.056 seconds
[2025-05-02T19:36:45.144+0000] {processor.py:161} INFO - Started process (PID=497) to work on /home/airflow/.local/lib/python3.12/site-packages/airflow/example_dags/example_skip_dag.py
[2025-05-02T19:36:45.144+0000] {processor.py:830} INFO - Processing file /home/airflow/.local/lib/python3.12/site-packages/airflow/example_dags/example_skip_dag.py for tasks to queue
[2025-05-02T19:36:45.146+0000] {logging_mixin.py:188} INFO - [2025-05-02T19:36:45.145+0000] {dagbag.py:540} INFO - Filling up the DagBag from /home/airflow/.local/lib/python3.12/site-packages/airflow/example_dags/example_skip_dag.py
[2025-05-02T19:36:45.153+0000] {processor.py:840} INFO - DAG(s) 'example_skip_dag' retrieved from /home/airflow/.local/lib/python3.12/site-packages/airflow/example_dags/example_skip_dag.py
[2025-05-02T19:36:45.174+0000] {logging_mixin.py:188} INFO - [2025-05-02T19:36:45.173+0000] {dag.py:3096} INFO - Sync 1 DAGs
[2025-05-02T19:36:45.194+0000] {logging_mixin.py:188} INFO - [2025-05-02T19:36:45.194+0000] {dag.py:3954} INFO - Setting next_dagrun for example_skip_dag to 2025-05-01 00:00:00+00:00, run_after=2025-05-02 00:00:00+00:00
[2025-05-02T19:36:45.214+0000] {processor.py:183} INFO - Processing /home/airflow/.local/lib/python3.12/site-packages/airflow/example_dags/example_skip_dag.py took 0.074 seconds
[2025-05-02T19:37:15.539+0000] {processor.py:161} INFO - Started process (PID=555) to work on /home/airflow/.local/lib/python3.12/site-packages/airflow/example_dags/example_skip_dag.py
[2025-05-02T19:37:15.540+0000] {processor.py:830} INFO - Processing file /home/airflow/.local/lib/python3.12/site-packages/airflow/example_dags/example_skip_dag.py for tasks to queue
[2025-05-02T19:37:15.542+0000] {logging_mixin.py:188} INFO - [2025-05-02T19:37:15.541+0000] {dagbag.py:540} INFO - Filling up the DagBag from /home/airflow/.local/lib/python3.12/site-packages/airflow/example_dags/example_skip_dag.py
[2025-05-02T19:37:15.547+0000] {processor.py:840} INFO - DAG(s) 'example_skip_dag' retrieved from /home/airflow/.local/lib/python3.12/site-packages/airflow/example_dags/example_skip_dag.py
[2025-05-02T19:37:15.565+0000] {logging_mixin.py:188} INFO - [2025-05-02T19:37:15.564+0000] {dag.py:3096} INFO - Sync 1 DAGs
[2025-05-02T19:37:15.583+0000] {logging_mixin.py:188} INFO - [2025-05-02T19:37:15.582+0000] {dag.py:3954} INFO - Setting next_dagrun for example_skip_dag to 2025-05-01 00:00:00+00:00, run_after=2025-05-02 00:00:00+00:00
[2025-05-02T19:37:15.603+0000] {processor.py:183} INFO - Processing /home/airflow/.local/lib/python3.12/site-packages/airflow/example_dags/example_skip_dag.py took 0.069 seconds
[2025-05-02T19:37:45.951+0000] {processor.py:161} INFO - Started process (PID=613) to work on /home/airflow/.local/lib/python3.12/site-packages/airflow/example_dags/example_skip_dag.py
[2025-05-02T19:37:45.952+0000] {processor.py:830} INFO - Processing file /home/airflow/.local/lib/python3.12/site-packages/airflow/example_dags/example_skip_dag.py for tasks to queue
[2025-05-02T19:37:45.954+0000] {logging_mixin.py:188} INFO - [2025-05-02T19:37:45.953+0000] {dagbag.py:540} INFO - Filling up the DagBag from /home/airflow/.local/lib/python3.12/site-packages/airflow/example_dags/example_skip_dag.py
[2025-05-02T19:37:45.958+0000] {processor.py:840} INFO - DAG(s) 'example_skip_dag' retrieved from /home/airflow/.local/lib/python3.12/site-packages/airflow/example_dags/example_skip_dag.py
[2025-05-02T19:37:45.978+0000] {logging_mixin.py:188} INFO - [2025-05-02T19:37:45.977+0000] {dag.py:3096} INFO - Sync 1 DAGs
[2025-05-02T19:37:45.994+0000] {logging_mixin.py:188} INFO - [2025-05-02T19:37:45.993+0000] {dag.py:3954} INFO - Setting next_dagrun for example_skip_dag to 2025-05-01 00:00:00+00:00, run_after=2025-05-02 00:00:00+00:00
[2025-05-02T19:37:46.009+0000] {processor.py:183} INFO - Processing /home/airflow/.local/lib/python3.12/site-packages/airflow/example_dags/example_skip_dag.py took 0.063 seconds
[2025-05-02T19:38:16.320+0000] {processor.py:161} INFO - Started process (PID=670) to work on /home/airflow/.local/lib/python3.12/site-packages/airflow/example_dags/example_skip_dag.py
[2025-05-02T19:38:16.321+0000] {processor.py:830} INFO - Processing file /home/airflow/.local/lib/python3.12/site-packages/airflow/example_dags/example_skip_dag.py for tasks to queue
[2025-05-02T19:38:16.323+0000] {logging_mixin.py:188} INFO - [2025-05-02T19:38:16.323+0000] {dagbag.py:540} INFO - Filling up the DagBag from /home/airflow/.local/lib/python3.12/site-packages/airflow/example_dags/example_skip_dag.py
[2025-05-02T19:38:16.330+0000] {processor.py:840} INFO - DAG(s) 'example_skip_dag' retrieved from /home/airflow/.local/lib/python3.12/site-packages/airflow/example_dags/example_skip_dag.py
[2025-05-02T19:38:16.349+0000] {logging_mixin.py:188} INFO - [2025-05-02T19:38:16.349+0000] {dag.py:3096} INFO - Sync 1 DAGs
[2025-05-02T19:38:16.368+0000] {logging_mixin.py:188} INFO - [2025-05-02T19:38:16.367+0000] {dag.py:3954} INFO - Setting next_dagrun for example_skip_dag to 2025-05-01 00:00:00+00:00, run_after=2025-05-02 00:00:00+00:00
[2025-05-02T19:38:16.385+0000] {processor.py:183} INFO - Processing /home/airflow/.local/lib/python3.12/site-packages/airflow/example_dags/example_skip_dag.py took 0.070 seconds
[2025-05-02T19:38:46.739+0000] {processor.py:161} INFO - Started process (PID=727) to work on /home/airflow/.local/lib/python3.12/site-packages/airflow/example_dags/example_skip_dag.py
[2025-05-02T19:38:46.740+0000] {processor.py:830} INFO - Processing file /home/airflow/.local/lib/python3.12/site-packages/airflow/example_dags/example_skip_dag.py for tasks to queue
[2025-05-02T19:38:46.743+0000] {logging_mixin.py:188} INFO - [2025-05-02T19:38:46.742+0000] {dagbag.py:540} INFO - Filling up the DagBag from /home/airflow/.local/lib/python3.12/site-packages/airflow/example_dags/example_skip_dag.py
[2025-05-02T19:38:46.748+0000] {processor.py:840} INFO - DAG(s) 'example_skip_dag' retrieved from /home/airflow/.local/lib/python3.12/site-packages/airflow/example_dags/example_skip_dag.py
[2025-05-02T19:38:46.768+0000] {logging_mixin.py:188} INFO - [2025-05-02T19:38:46.768+0000] {dag.py:3096} INFO - Sync 1 DAGs
[2025-05-02T19:38:46.790+0000] {logging_mixin.py:188} INFO - [2025-05-02T19:38:46.790+0000] {dag.py:3954} INFO - Setting next_dagrun for example_skip_dag to 2025-05-01 00:00:00+00:00, run_after=2025-05-02 00:00:00+00:00
[2025-05-02T19:38:46.806+0000] {processor.py:183} INFO - Processing /home/airflow/.local/lib/python3.12/site-packages/airflow/example_dags/example_skip_dag.py took 0.073 seconds
[2025-05-02T19:39:19.161+0000] {processor.py:161} INFO - Started process (PID=787) to work on /home/airflow/.local/lib/python3.12/site-packages/airflow/example_dags/example_skip_dag.py
[2025-05-02T19:39:19.162+0000] {processor.py:830} INFO - Processing file /home/airflow/.local/lib/python3.12/site-packages/airflow/example_dags/example_skip_dag.py for tasks to queue
[2025-05-02T19:39:19.163+0000] {logging_mixin.py:188} INFO - [2025-05-02T19:39:19.163+0000] {dagbag.py:540} INFO - Filling up the DagBag from /home/airflow/.local/lib/python3.12/site-packages/airflow/example_dags/example_skip_dag.py
[2025-05-02T19:39:19.170+0000] {processor.py:840} INFO - DAG(s) 'example_skip_dag' retrieved from /home/airflow/.local/lib/python3.12/site-packages/airflow/example_dags/example_skip_dag.py
[2025-05-02T19:39:19.188+0000] {logging_mixin.py:188} INFO - [2025-05-02T19:39:19.188+0000] {dag.py:3096} INFO - Sync 1 DAGs
[2025-05-02T19:39:19.206+0000] {logging_mixin.py:188} INFO - [2025-05-02T19:39:19.206+0000] {dag.py:3954} INFO - Setting next_dagrun for example_skip_dag to 2025-05-01 00:00:00+00:00, run_after=2025-05-02 00:00:00+00:00
[2025-05-02T19:39:19.222+0000] {processor.py:183} INFO - Processing /home/airflow/.local/lib/python3.12/site-packages/airflow/example_dags/example_skip_dag.py took 0.066 seconds
[2025-05-02T19:39:49.828+0000] {processor.py:161} INFO - Started process (PID=845) to work on /home/airflow/.local/lib/python3.12/site-packages/airflow/example_dags/example_skip_dag.py
[2025-05-02T19:39:49.829+0000] {processor.py:830} INFO - Processing file /home/airflow/.local/lib/python3.12/site-packages/airflow/example_dags/example_skip_dag.py for tasks to queue
[2025-05-02T19:39:49.831+0000] {logging_mixin.py:188} INFO - [2025-05-02T19:39:49.830+0000] {dagbag.py:540} INFO - Filling up the DagBag from /home/airflow/.local/lib/python3.12/site-packages/airflow/example_dags/example_skip_dag.py
[2025-05-02T19:39:49.839+0000] {processor.py:840} INFO - DAG(s) 'example_skip_dag' retrieved from /home/airflow/.local/lib/python3.12/site-packages/airflow/example_dags/example_skip_dag.py
[2025-05-02T19:39:49.858+0000] {logging_mixin.py:188} INFO - [2025-05-02T19:39:49.858+0000] {dag.py:3096} INFO - Sync 1 DAGs
[2025-05-02T19:39:49.876+0000] {logging_mixin.py:188} INFO - [2025-05-02T19:39:49.876+0000] {dag.py:3954} INFO - Setting next_dagrun for example_skip_dag to 2025-05-01 00:00:00+00:00, run_after=2025-05-02 00:00:00+00:00
[2025-05-02T19:39:49.892+0000] {processor.py:183} INFO - Processing /home/airflow/.local/lib/python3.12/site-packages/airflow/example_dags/example_skip_dag.py took 0.068 seconds
[2025-05-02T19:40:20.563+0000] {processor.py:161} INFO - Started process (PID=903) to work on /home/airflow/.local/lib/python3.12/site-packages/airflow/example_dags/example_skip_dag.py
[2025-05-02T19:40:20.564+0000] {processor.py:830} INFO - Processing file /home/airflow/.local/lib/python3.12/site-packages/airflow/example_dags/example_skip_dag.py for tasks to queue
[2025-05-02T19:40:20.565+0000] {logging_mixin.py:188} INFO - [2025-05-02T19:40:20.565+0000] {dagbag.py:540} INFO - Filling up the DagBag from /home/airflow/.local/lib/python3.12/site-packages/airflow/example_dags/example_skip_dag.py
[2025-05-02T19:40:20.571+0000] {processor.py:840} INFO - DAG(s) 'example_skip_dag' retrieved from /home/airflow/.local/lib/python3.12/site-packages/airflow/example_dags/example_skip_dag.py
[2025-05-02T19:40:20.592+0000] {logging_mixin.py:188} INFO - [2025-05-02T19:40:20.591+0000] {dag.py:3096} INFO - Sync 1 DAGs
[2025-05-02T19:40:20.609+0000] {logging_mixin.py:188} INFO - [2025-05-02T19:40:20.609+0000] {dag.py:3954} INFO - Setting next_dagrun for example_skip_dag to 2025-05-01 00:00:00+00:00, run_after=2025-05-02 00:00:00+00:00
[2025-05-02T19:40:20.624+0000] {processor.py:183} INFO - Processing /home/airflow/.local/lib/python3.12/site-packages/airflow/example_dags/example_skip_dag.py took 0.066 seconds
[2025-05-02T19:40:50.963+0000] {processor.py:161} INFO - Started process (PID=960) to work on /home/airflow/.local/lib/python3.12/site-packages/airflow/example_dags/example_skip_dag.py
[2025-05-02T19:40:50.964+0000] {processor.py:830} INFO - Processing file /home/airflow/.local/lib/python3.12/site-packages/airflow/example_dags/example_skip_dag.py for tasks to queue
[2025-05-02T19:40:50.966+0000] {logging_mixin.py:188} INFO - [2025-05-02T19:40:50.966+0000] {dagbag.py:540} INFO - Filling up the DagBag from /home/airflow/.local/lib/python3.12/site-packages/airflow/example_dags/example_skip_dag.py
[2025-05-02T19:40:50.971+0000] {processor.py:840} INFO - DAG(s) 'example_skip_dag' retrieved from /home/airflow/.local/lib/python3.12/site-packages/airflow/example_dags/example_skip_dag.py
[2025-05-02T19:40:50.990+0000] {logging_mixin.py:188} INFO - [2025-05-02T19:40:50.990+0000] {dag.py:3096} INFO - Sync 1 DAGs
[2025-05-02T19:40:51.009+0000] {logging_mixin.py:188} INFO - [2025-05-02T19:40:51.009+0000] {dag.py:3954} INFO - Setting next_dagrun for example_skip_dag to 2025-05-01 00:00:00+00:00, run_after=2025-05-02 00:00:00+00:00
[2025-05-02T19:40:51.026+0000] {processor.py:183} INFO - Processing /home/airflow/.local/lib/python3.12/site-packages/airflow/example_dags/example_skip_dag.py took 0.068 seconds
[2025-05-02T19:41:21.551+0000] {processor.py:161} INFO - Started process (PID=1019) to work on /home/airflow/.local/lib/python3.12/site-packages/airflow/example_dags/example_skip_dag.py
[2025-05-02T19:41:21.553+0000] {processor.py:830} INFO - Processing file /home/airflow/.local/lib/python3.12/site-packages/airflow/example_dags/example_skip_dag.py for tasks to queue
[2025-05-02T19:41:21.555+0000] {logging_mixin.py:188} INFO - [2025-05-02T19:41:21.555+0000] {dagbag.py:540} INFO - Filling up the DagBag from /home/airflow/.local/lib/python3.12/site-packages/airflow/example_dags/example_skip_dag.py
[2025-05-02T19:41:21.562+0000] {processor.py:840} INFO - DAG(s) 'example_skip_dag' retrieved from /home/airflow/.local/lib/python3.12/site-packages/airflow/example_dags/example_skip_dag.py
[2025-05-02T19:41:21.580+0000] {logging_mixin.py:188} INFO - [2025-05-02T19:41:21.580+0000] {dag.py:3096} INFO - Sync 1 DAGs
[2025-05-02T19:41:21.602+0000] {logging_mixin.py:188} INFO - [2025-05-02T19:41:21.602+0000] {dag.py:3954} INFO - Setting next_dagrun for example_skip_dag to 2025-05-01 00:00:00+00:00, run_after=2025-05-02 00:00:00+00:00
[2025-05-02T19:41:21.619+0000] {processor.py:183} INFO - Processing /home/airflow/.local/lib/python3.12/site-packages/airflow/example_dags/example_skip_dag.py took 0.074 seconds
[2025-05-02T19:41:52.126+0000] {processor.py:161} INFO - Started process (PID=1077) to work on /home/airflow/.local/lib/python3.12/site-packages/airflow/example_dags/example_skip_dag.py
[2025-05-02T19:41:52.127+0000] {processor.py:830} INFO - Processing file /home/airflow/.local/lib/python3.12/site-packages/airflow/example_dags/example_skip_dag.py for tasks to queue
[2025-05-02T19:41:52.128+0000] {logging_mixin.py:188} INFO - [2025-05-02T19:41:52.128+0000] {dagbag.py:540} INFO - Filling up the DagBag from /home/airflow/.local/lib/python3.12/site-packages/airflow/example_dags/example_skip_dag.py
[2025-05-02T19:41:52.134+0000] {processor.py:840} INFO - DAG(s) 'example_skip_dag' retrieved from /home/airflow/.local/lib/python3.12/site-packages/airflow/example_dags/example_skip_dag.py
[2025-05-02T19:41:52.153+0000] {logging_mixin.py:188} INFO - [2025-05-02T19:41:52.152+0000] {dag.py:3096} INFO - Sync 1 DAGs
[2025-05-02T19:41:52.172+0000] {logging_mixin.py:188} INFO - [2025-05-02T19:41:52.171+0000] {dag.py:3954} INFO - Setting next_dagrun for example_skip_dag to 2025-05-01 00:00:00+00:00, run_after=2025-05-02 00:00:00+00:00
[2025-05-02T19:41:52.187+0000] {processor.py:183} INFO - Processing /home/airflow/.local/lib/python3.12/site-packages/airflow/example_dags/example_skip_dag.py took 0.067 seconds
[2025-05-02T19:42:22.751+0000] {processor.py:161} INFO - Started process (PID=1128) to work on /home/airflow/.local/lib/python3.12/site-packages/airflow/example_dags/example_skip_dag.py
[2025-05-02T19:42:22.752+0000] {processor.py:830} INFO - Processing file /home/airflow/.local/lib/python3.12/site-packages/airflow/example_dags/example_skip_dag.py for tasks to queue
[2025-05-02T19:42:22.754+0000] {logging_mixin.py:188} INFO - [2025-05-02T19:42:22.753+0000] {dagbag.py:540} INFO - Filling up the DagBag from /home/airflow/.local/lib/python3.12/site-packages/airflow/example_dags/example_skip_dag.py
[2025-05-02T19:42:22.760+0000] {processor.py:840} INFO - DAG(s) 'example_skip_dag' retrieved from /home/airflow/.local/lib/python3.12/site-packages/airflow/example_dags/example_skip_dag.py
[2025-05-02T19:42:22.792+0000] {logging_mixin.py:188} INFO - [2025-05-02T19:42:22.792+0000] {dag.py:3096} INFO - Sync 1 DAGs
[2025-05-02T19:42:22.827+0000] {logging_mixin.py:188} INFO - [2025-05-02T19:42:22.827+0000] {dag.py:3954} INFO - Setting next_dagrun for example_skip_dag to 2025-05-01 00:00:00+00:00, run_after=2025-05-02 00:00:00+00:00
[2025-05-02T19:42:22.847+0000] {processor.py:183} INFO - Processing /home/airflow/.local/lib/python3.12/site-packages/airflow/example_dags/example_skip_dag.py took 0.102 seconds
[2025-05-02T19:42:53.480+0000] {processor.py:161} INFO - Started process (PID=1186) to work on /home/airflow/.local/lib/python3.12/site-packages/airflow/example_dags/example_skip_dag.py
[2025-05-02T19:42:53.481+0000] {processor.py:830} INFO - Processing file /home/airflow/.local/lib/python3.12/site-packages/airflow/example_dags/example_skip_dag.py for tasks to queue
[2025-05-02T19:42:53.483+0000] {logging_mixin.py:188} INFO - [2025-05-02T19:42:53.482+0000] {dagbag.py:540} INFO - Filling up the DagBag from /home/airflow/.local/lib/python3.12/site-packages/airflow/example_dags/example_skip_dag.py
[2025-05-02T19:42:53.488+0000] {processor.py:840} INFO - DAG(s) 'example_skip_dag' retrieved from /home/airflow/.local/lib/python3.12/site-packages/airflow/example_dags/example_skip_dag.py
[2025-05-02T19:42:53.504+0000] {logging_mixin.py:188} INFO - [2025-05-02T19:42:53.504+0000] {dag.py:3096} INFO - Sync 1 DAGs
[2025-05-02T19:42:53.522+0000] {logging_mixin.py:188} INFO - [2025-05-02T19:42:53.521+0000] {dag.py:3954} INFO - Setting next_dagrun for example_skip_dag to 2025-05-01 00:00:00+00:00, run_after=2025-05-02 00:00:00+00:00
[2025-05-02T19:42:53.536+0000] {processor.py:183} INFO - Processing /home/airflow/.local/lib/python3.12/site-packages/airflow/example_dags/example_skip_dag.py took 0.060 seconds
[2025-05-02T19:43:25.757+0000] {processor.py:161} INFO - Started process (PID=1247) to work on /home/airflow/.local/lib/python3.12/site-packages/airflow/example_dags/example_skip_dag.py
[2025-05-02T19:43:25.758+0000] {processor.py:830} INFO - Processing file /home/airflow/.local/lib/python3.12/site-packages/airflow/example_dags/example_skip_dag.py for tasks to queue
[2025-05-02T19:43:25.760+0000] {logging_mixin.py:188} INFO - [2025-05-02T19:43:25.760+0000] {dagbag.py:540} INFO - Filling up the DagBag from /home/airflow/.local/lib/python3.12/site-packages/airflow/example_dags/example_skip_dag.py
[2025-05-02T19:43:25.766+0000] {processor.py:840} INFO - DAG(s) 'example_skip_dag' retrieved from /home/airflow/.local/lib/python3.12/site-packages/airflow/example_dags/example_skip_dag.py
[2025-05-02T19:43:25.785+0000] {logging_mixin.py:188} INFO - [2025-05-02T19:43:25.785+0000] {dag.py:3096} INFO - Sync 1 DAGs
[2025-05-02T19:43:25.805+0000] {logging_mixin.py:188} INFO - [2025-05-02T19:43:25.805+0000] {dag.py:3954} INFO - Setting next_dagrun for example_skip_dag to 2025-05-01 00:00:00+00:00, run_after=2025-05-02 00:00:00+00:00
[2025-05-02T19:43:25.822+0000] {processor.py:183} INFO - Processing /home/airflow/.local/lib/python3.12/site-packages/airflow/example_dags/example_skip_dag.py took 0.069 seconds
[2025-05-02T19:44:00.503+0000] {processor.py:161} INFO - Started process (PID=1307) to work on /home/airflow/.local/lib/python3.12/site-packages/airflow/example_dags/example_skip_dag.py
[2025-05-02T19:44:00.504+0000] {processor.py:830} INFO - Processing file /home/airflow/.local/lib/python3.12/site-packages/airflow/example_dags/example_skip_dag.py for tasks to queue
[2025-05-02T19:44:00.508+0000] {logging_mixin.py:188} INFO - [2025-05-02T19:44:00.507+0000] {dagbag.py:540} INFO - Filling up the DagBag from /home/airflow/.local/lib/python3.12/site-packages/airflow/example_dags/example_skip_dag.py
[2025-05-02T19:44:00.532+0000] {processor.py:840} INFO - DAG(s) 'example_skip_dag' retrieved from /home/airflow/.local/lib/python3.12/site-packages/airflow/example_dags/example_skip_dag.py
[2025-05-02T19:44:00.583+0000] {logging_mixin.py:188} INFO - [2025-05-02T19:44:00.583+0000] {dag.py:3096} INFO - Sync 1 DAGs
[2025-05-02T19:44:00.626+0000] {logging_mixin.py:188} INFO - [2025-05-02T19:44:00.626+0000] {dag.py:3954} INFO - Setting next_dagrun for example_skip_dag to 2025-05-01 00:00:00+00:00, run_after=2025-05-02 00:00:00+00:00
[2025-05-02T19:44:00.665+0000] {processor.py:183} INFO - Processing /home/airflow/.local/lib/python3.12/site-packages/airflow/example_dags/example_skip_dag.py took 0.183 seconds
[2025-05-02T19:44:31.250+0000] {processor.py:161} INFO - Started process (PID=1406) to work on /home/airflow/.local/lib/python3.12/site-packages/airflow/example_dags/example_skip_dag.py
[2025-05-02T19:44:31.251+0000] {processor.py:830} INFO - Processing file /home/airflow/.local/lib/python3.12/site-packages/airflow/example_dags/example_skip_dag.py for tasks to queue
[2025-05-02T19:44:31.254+0000] {logging_mixin.py:188} INFO - [2025-05-02T19:44:31.253+0000] {dagbag.py:540} INFO - Filling up the DagBag from /home/airflow/.local/lib/python3.12/site-packages/airflow/example_dags/example_skip_dag.py
[2025-05-02T19:44:31.263+0000] {processor.py:840} INFO - DAG(s) 'example_skip_dag' retrieved from /home/airflow/.local/lib/python3.12/site-packages/airflow/example_dags/example_skip_dag.py
[2025-05-02T19:44:31.297+0000] {logging_mixin.py:188} INFO - [2025-05-02T19:44:31.296+0000] {dag.py:3096} INFO - Sync 1 DAGs
[2025-05-02T19:44:31.334+0000] {logging_mixin.py:188} INFO - [2025-05-02T19:44:31.334+0000] {dag.py:3954} INFO - Setting next_dagrun for example_skip_dag to 2025-05-01 00:00:00+00:00, run_after=2025-05-02 00:00:00+00:00
[2025-05-02T19:44:31.364+0000] {processor.py:183} INFO - Processing /home/airflow/.local/lib/python3.12/site-packages/airflow/example_dags/example_skip_dag.py took 0.123 seconds
[2025-05-02T19:45:01.815+0000] {processor.py:161} INFO - Started process (PID=1503) to work on /home/airflow/.local/lib/python3.12/site-packages/airflow/example_dags/example_skip_dag.py
[2025-05-02T19:45:01.816+0000] {processor.py:830} INFO - Processing file /home/airflow/.local/lib/python3.12/site-packages/airflow/example_dags/example_skip_dag.py for tasks to queue
[2025-05-02T19:45:01.819+0000] {logging_mixin.py:188} INFO - [2025-05-02T19:45:01.819+0000] {dagbag.py:540} INFO - Filling up the DagBag from /home/airflow/.local/lib/python3.12/site-packages/airflow/example_dags/example_skip_dag.py
[2025-05-02T19:45:01.825+0000] {processor.py:840} INFO - DAG(s) 'example_skip_dag' retrieved from /home/airflow/.local/lib/python3.12/site-packages/airflow/example_dags/example_skip_dag.py
[2025-05-02T19:45:01.844+0000] {logging_mixin.py:188} INFO - [2025-05-02T19:45:01.844+0000] {dag.py:3096} INFO - Sync 1 DAGs
[2025-05-02T19:45:01.862+0000] {logging_mixin.py:188} INFO - [2025-05-02T19:45:01.862+0000] {dag.py:3954} INFO - Setting next_dagrun for example_skip_dag to 2025-05-01 00:00:00+00:00, run_after=2025-05-02 00:00:00+00:00
[2025-05-02T19:45:01.878+0000] {processor.py:183} INFO - Processing /home/airflow/.local/lib/python3.12/site-packages/airflow/example_dags/example_skip_dag.py took 0.069 seconds
[2025-05-02T19:45:32.078+0000] {processor.py:161} INFO - Started process (PID=1607) to work on /home/airflow/.local/lib/python3.12/site-packages/airflow/example_dags/example_skip_dag.py
[2025-05-02T19:45:32.079+0000] {processor.py:830} INFO - Processing file /home/airflow/.local/lib/python3.12/site-packages/airflow/example_dags/example_skip_dag.py for tasks to queue
[2025-05-02T19:45:32.083+0000] {logging_mixin.py:188} INFO - [2025-05-02T19:45:32.082+0000] {dagbag.py:540} INFO - Filling up the DagBag from /home/airflow/.local/lib/python3.12/site-packages/airflow/example_dags/example_skip_dag.py
[2025-05-02T19:45:32.097+0000] {processor.py:840} INFO - DAG(s) 'example_skip_dag' retrieved from /home/airflow/.local/lib/python3.12/site-packages/airflow/example_dags/example_skip_dag.py
[2025-05-02T19:45:32.151+0000] {logging_mixin.py:188} INFO - [2025-05-02T19:45:32.150+0000] {dag.py:3096} INFO - Sync 1 DAGs
[2025-05-02T19:45:32.210+0000] {logging_mixin.py:188} INFO - [2025-05-02T19:45:32.206+0000] {dag.py:3954} INFO - Setting next_dagrun for example_skip_dag to 2025-05-01 00:00:00+00:00, run_after=2025-05-02 00:00:00+00:00
[2025-05-02T19:45:32.299+0000] {processor.py:183} INFO - Processing /home/airflow/.local/lib/python3.12/site-packages/airflow/example_dags/example_skip_dag.py took 0.230 seconds
[2025-05-02T19:46:03.483+0000] {processor.py:161} INFO - Started process (PID=1716) to work on /home/airflow/.local/lib/python3.12/site-packages/airflow/example_dags/example_skip_dag.py
[2025-05-02T19:46:03.485+0000] {processor.py:830} INFO - Processing file /home/airflow/.local/lib/python3.12/site-packages/airflow/example_dags/example_skip_dag.py for tasks to queue
[2025-05-02T19:46:03.488+0000] {logging_mixin.py:188} INFO - [2025-05-02T19:46:03.488+0000] {dagbag.py:540} INFO - Filling up the DagBag from /home/airflow/.local/lib/python3.12/site-packages/airflow/example_dags/example_skip_dag.py
[2025-05-02T19:46:03.502+0000] {processor.py:840} INFO - DAG(s) 'example_skip_dag' retrieved from /home/airflow/.local/lib/python3.12/site-packages/airflow/example_dags/example_skip_dag.py
[2025-05-02T19:46:03.567+0000] {logging_mixin.py:188} INFO - [2025-05-02T19:46:03.567+0000] {dag.py:3096} INFO - Sync 1 DAGs
[2025-05-02T19:46:03.631+0000] {logging_mixin.py:188} INFO - [2025-05-02T19:46:03.630+0000] {dag.py:3954} INFO - Setting next_dagrun for example_skip_dag to 2025-05-01 00:00:00+00:00, run_after=2025-05-02 00:00:00+00:00
[2025-05-02T19:46:03.735+0000] {processor.py:183} INFO - Processing /home/airflow/.local/lib/python3.12/site-packages/airflow/example_dags/example_skip_dag.py took 0.263 seconds
[2025-05-02T19:46:34.017+0000] {processor.py:161} INFO - Started process (PID=1813) to work on /home/airflow/.local/lib/python3.12/site-packages/airflow/example_dags/example_skip_dag.py
[2025-05-02T19:46:34.018+0000] {processor.py:830} INFO - Processing file /home/airflow/.local/lib/python3.12/site-packages/airflow/example_dags/example_skip_dag.py for tasks to queue
[2025-05-02T19:46:34.022+0000] {logging_mixin.py:188} INFO - [2025-05-02T19:46:34.021+0000] {dagbag.py:540} INFO - Filling up the DagBag from /home/airflow/.local/lib/python3.12/site-packages/airflow/example_dags/example_skip_dag.py
[2025-05-02T19:46:34.051+0000] {processor.py:840} INFO - DAG(s) 'example_skip_dag' retrieved from /home/airflow/.local/lib/python3.12/site-packages/airflow/example_dags/example_skip_dag.py
[2025-05-02T19:46:34.143+0000] {logging_mixin.py:188} INFO - [2025-05-02T19:46:34.135+0000] {dag.py:3096} INFO - Sync 1 DAGs
[2025-05-02T19:46:34.239+0000] {logging_mixin.py:188} INFO - [2025-05-02T19:46:34.236+0000] {dag.py:3954} INFO - Setting next_dagrun for example_skip_dag to 2025-05-01 00:00:00+00:00, run_after=2025-05-02 00:00:00+00:00
[2025-05-02T19:46:34.338+0000] {processor.py:183} INFO - Processing /home/airflow/.local/lib/python3.12/site-packages/airflow/example_dags/example_skip_dag.py took 0.343 seconds
[2025-05-02T19:47:05.399+0000] {processor.py:161} INFO - Started process (PID=1923) to work on /home/airflow/.local/lib/python3.12/site-packages/airflow/example_dags/example_skip_dag.py
[2025-05-02T19:47:05.401+0000] {processor.py:830} INFO - Processing file /home/airflow/.local/lib/python3.12/site-packages/airflow/example_dags/example_skip_dag.py for tasks to queue
[2025-05-02T19:47:05.405+0000] {logging_mixin.py:188} INFO - [2025-05-02T19:47:05.404+0000] {dagbag.py:540} INFO - Filling up the DagBag from /home/airflow/.local/lib/python3.12/site-packages/airflow/example_dags/example_skip_dag.py
[2025-05-02T19:47:05.418+0000] {processor.py:840} INFO - DAG(s) 'example_skip_dag' retrieved from /home/airflow/.local/lib/python3.12/site-packages/airflow/example_dags/example_skip_dag.py
[2025-05-02T19:47:05.458+0000] {logging_mixin.py:188} INFO - [2025-05-02T19:47:05.458+0000] {dag.py:3096} INFO - Sync 1 DAGs
[2025-05-02T19:47:05.498+0000] {logging_mixin.py:188} INFO - [2025-05-02T19:47:05.497+0000] {dag.py:3954} INFO - Setting next_dagrun for example_skip_dag to 2025-05-01 00:00:00+00:00, run_after=2025-05-02 00:00:00+00:00
[2025-05-02T19:47:05.563+0000] {processor.py:183} INFO - Processing /home/airflow/.local/lib/python3.12/site-packages/airflow/example_dags/example_skip_dag.py took 0.177 seconds
[2025-05-02T19:47:41.013+0000] {processor.py:161} INFO - Started process (PID=2030) to work on /home/airflow/.local/lib/python3.12/site-packages/airflow/example_dags/example_skip_dag.py
[2025-05-02T19:47:41.015+0000] {processor.py:830} INFO - Processing file /home/airflow/.local/lib/python3.12/site-packages/airflow/example_dags/example_skip_dag.py for tasks to queue
[2025-05-02T19:47:41.018+0000] {logging_mixin.py:188} INFO - [2025-05-02T19:47:41.018+0000] {dagbag.py:540} INFO - Filling up the DagBag from /home/airflow/.local/lib/python3.12/site-packages/airflow/example_dags/example_skip_dag.py
[2025-05-02T19:47:41.088+0000] {processor.py:840} INFO - DAG(s) 'example_skip_dag' retrieved from /home/airflow/.local/lib/python3.12/site-packages/airflow/example_dags/example_skip_dag.py
[2025-05-02T19:47:41.176+0000] {logging_mixin.py:188} INFO - [2025-05-02T19:47:41.175+0000] {dag.py:3096} INFO - Sync 1 DAGs
[2025-05-02T19:47:41.230+0000] {logging_mixin.py:188} INFO - [2025-05-02T19:47:41.229+0000] {dag.py:3954} INFO - Setting next_dagrun for example_skip_dag to 2025-05-01 00:00:00+00:00, run_after=2025-05-02 00:00:00+00:00
[2025-05-02T19:47:41.516+0000] {processor.py:183} INFO - Processing /home/airflow/.local/lib/python3.12/site-packages/airflow/example_dags/example_skip_dag.py took 0.514 seconds
[2025-05-02T19:48:13.711+0000] {processor.py:161} INFO - Started process (PID=2124) to work on /home/airflow/.local/lib/python3.12/site-packages/airflow/example_dags/example_skip_dag.py
[2025-05-02T19:48:13.713+0000] {processor.py:830} INFO - Processing file /home/airflow/.local/lib/python3.12/site-packages/airflow/example_dags/example_skip_dag.py for tasks to queue
[2025-05-02T19:48:13.716+0000] {logging_mixin.py:188} INFO - [2025-05-02T19:48:13.716+0000] {dagbag.py:540} INFO - Filling up the DagBag from /home/airflow/.local/lib/python3.12/site-packages/airflow/example_dags/example_skip_dag.py
[2025-05-02T19:48:13.727+0000] {processor.py:840} INFO - DAG(s) 'example_skip_dag' retrieved from /home/airflow/.local/lib/python3.12/site-packages/airflow/example_dags/example_skip_dag.py
[2025-05-02T19:48:13.754+0000] {logging_mixin.py:188} INFO - [2025-05-02T19:48:13.753+0000] {dag.py:3096} INFO - Sync 1 DAGs
[2025-05-02T19:48:13.784+0000] {logging_mixin.py:188} INFO - [2025-05-02T19:48:13.783+0000] {dag.py:3954} INFO - Setting next_dagrun for example_skip_dag to 2025-05-01 00:00:00+00:00, run_after=2025-05-02 00:00:00+00:00
[2025-05-02T19:48:13.993+0000] {processor.py:183} INFO - Processing /home/airflow/.local/lib/python3.12/site-packages/airflow/example_dags/example_skip_dag.py took 0.290 seconds
[2025-05-02T19:48:52.004+0000] {processor.py:161} INFO - Started process (PID=2225) to work on /home/airflow/.local/lib/python3.12/site-packages/airflow/example_dags/example_skip_dag.py
[2025-05-02T19:48:52.021+0000] {processor.py:830} INFO - Processing file /home/airflow/.local/lib/python3.12/site-packages/airflow/example_dags/example_skip_dag.py for tasks to queue
[2025-05-02T19:48:52.030+0000] {logging_mixin.py:188} INFO - [2025-05-02T19:48:52.030+0000] {dagbag.py:540} INFO - Filling up the DagBag from /home/airflow/.local/lib/python3.12/site-packages/airflow/example_dags/example_skip_dag.py
[2025-05-02T19:48:52.055+0000] {processor.py:840} INFO - DAG(s) 'example_skip_dag' retrieved from /home/airflow/.local/lib/python3.12/site-packages/airflow/example_dags/example_skip_dag.py
[2025-05-02T19:48:52.185+0000] {logging_mixin.py:188} INFO - [2025-05-02T19:48:52.184+0000] {dag.py:3096} INFO - Sync 1 DAGs
[2025-05-02T19:48:52.254+0000] {logging_mixin.py:188} INFO - [2025-05-02T19:48:52.253+0000] {dag.py:3954} INFO - Setting next_dagrun for example_skip_dag to 2025-05-01 00:00:00+00:00, run_after=2025-05-02 00:00:00+00:00
[2025-05-02T19:48:52.341+0000] {processor.py:183} INFO - Processing /home/airflow/.local/lib/python3.12/site-packages/airflow/example_dags/example_skip_dag.py took 0.383 seconds
[2025-05-02T19:49:25.135+0000] {processor.py:161} INFO - Started process (PID=2320) to work on /home/airflow/.local/lib/python3.12/site-packages/airflow/example_dags/example_skip_dag.py
[2025-05-02T19:49:25.136+0000] {processor.py:830} INFO - Processing file /home/airflow/.local/lib/python3.12/site-packages/airflow/example_dags/example_skip_dag.py for tasks to queue
[2025-05-02T19:49:25.140+0000] {logging_mixin.py:188} INFO - [2025-05-02T19:49:25.139+0000] {dagbag.py:540} INFO - Filling up the DagBag from /home/airflow/.local/lib/python3.12/site-packages/airflow/example_dags/example_skip_dag.py
[2025-05-02T19:49:25.155+0000] {processor.py:840} INFO - DAG(s) 'example_skip_dag' retrieved from /home/airflow/.local/lib/python3.12/site-packages/airflow/example_dags/example_skip_dag.py
[2025-05-02T19:49:25.201+0000] {logging_mixin.py:188} INFO - [2025-05-02T19:49:25.201+0000] {dag.py:3096} INFO - Sync 1 DAGs
[2025-05-02T19:49:25.263+0000] {logging_mixin.py:188} INFO - [2025-05-02T19:49:25.262+0000] {dag.py:3954} INFO - Setting next_dagrun for example_skip_dag to 2025-05-01 00:00:00+00:00, run_after=2025-05-02 00:00:00+00:00
[2025-05-02T19:49:25.319+0000] {processor.py:183} INFO - Processing /home/airflow/.local/lib/python3.12/site-packages/airflow/example_dags/example_skip_dag.py took 0.205 seconds
[2025-05-02T19:50:02.076+0000] {processor.py:161} INFO - Started process (PID=2419) to work on /home/airflow/.local/lib/python3.12/site-packages/airflow/example_dags/example_skip_dag.py
[2025-05-02T19:50:02.078+0000] {processor.py:830} INFO - Processing file /home/airflow/.local/lib/python3.12/site-packages/airflow/example_dags/example_skip_dag.py for tasks to queue
[2025-05-02T19:50:02.082+0000] {logging_mixin.py:188} INFO - [2025-05-02T19:50:02.081+0000] {dagbag.py:540} INFO - Filling up the DagBag from /home/airflow/.local/lib/python3.12/site-packages/airflow/example_dags/example_skip_dag.py
[2025-05-02T19:50:02.094+0000] {processor.py:840} INFO - DAG(s) 'example_skip_dag' retrieved from /home/airflow/.local/lib/python3.12/site-packages/airflow/example_dags/example_skip_dag.py
[2025-05-02T19:50:02.137+0000] {logging_mixin.py:188} INFO - [2025-05-02T19:50:02.137+0000] {dag.py:3096} INFO - Sync 1 DAGs
[2025-05-02T19:50:02.555+0000] {logging_mixin.py:188} INFO - [2025-05-02T19:50:02.554+0000] {dag.py:3954} INFO - Setting next_dagrun for example_skip_dag to 2025-05-01 00:00:00+00:00, run_after=2025-05-02 00:00:00+00:00
[2025-05-02T19:50:02.602+0000] {processor.py:183} INFO - Processing /home/airflow/.local/lib/python3.12/site-packages/airflow/example_dags/example_skip_dag.py took 0.545 seconds
[2025-05-02T19:50:34.590+0000] {processor.py:161} INFO - Started process (PID=2515) to work on /home/airflow/.local/lib/python3.12/site-packages/airflow/example_dags/example_skip_dag.py
[2025-05-02T19:50:34.593+0000] {processor.py:830} INFO - Processing file /home/airflow/.local/lib/python3.12/site-packages/airflow/example_dags/example_skip_dag.py for tasks to queue
[2025-05-02T19:50:34.598+0000] {logging_mixin.py:188} INFO - [2025-05-02T19:50:34.597+0000] {dagbag.py:540} INFO - Filling up the DagBag from /home/airflow/.local/lib/python3.12/site-packages/airflow/example_dags/example_skip_dag.py
[2025-05-02T19:50:34.630+0000] {processor.py:840} INFO - DAG(s) 'example_skip_dag' retrieved from /home/airflow/.local/lib/python3.12/site-packages/airflow/example_dags/example_skip_dag.py
[2025-05-02T19:50:34.779+0000] {logging_mixin.py:188} INFO - [2025-05-02T19:50:34.778+0000] {dag.py:3096} INFO - Sync 1 DAGs
[2025-05-02T19:50:34.964+0000] {logging_mixin.py:188} INFO - [2025-05-02T19:50:34.963+0000] {dag.py:3954} INFO - Setting next_dagrun for example_skip_dag to 2025-05-01 00:00:00+00:00, run_after=2025-05-02 00:00:00+00:00
[2025-05-02T19:50:35.051+0000] {processor.py:183} INFO - Processing /home/airflow/.local/lib/python3.12/site-packages/airflow/example_dags/example_skip_dag.py took 0.487 seconds
[2025-05-02T19:51:11.977+0000] {processor.py:161} INFO - Started process (PID=2630) to work on /home/airflow/.local/lib/python3.12/site-packages/airflow/example_dags/example_skip_dag.py
[2025-05-02T19:51:11.980+0000] {processor.py:830} INFO - Processing file /home/airflow/.local/lib/python3.12/site-packages/airflow/example_dags/example_skip_dag.py for tasks to queue
[2025-05-02T19:51:11.998+0000] {logging_mixin.py:188} INFO - [2025-05-02T19:51:11.997+0000] {dagbag.py:540} INFO - Filling up the DagBag from /home/airflow/.local/lib/python3.12/site-packages/airflow/example_dags/example_skip_dag.py
[2025-05-02T19:51:12.032+0000] {processor.py:840} INFO - DAG(s) 'example_skip_dag' retrieved from /home/airflow/.local/lib/python3.12/site-packages/airflow/example_dags/example_skip_dag.py
[2025-05-02T19:51:12.160+0000] {logging_mixin.py:188} INFO - [2025-05-02T19:51:12.159+0000] {dag.py:3096} INFO - Sync 1 DAGs
[2025-05-02T19:51:12.269+0000] {logging_mixin.py:188} INFO - [2025-05-02T19:51:12.268+0000] {dag.py:3954} INFO - Setting next_dagrun for example_skip_dag to 2025-05-01 00:00:00+00:00, run_after=2025-05-02 00:00:00+00:00
[2025-05-02T19:51:12.360+0000] {processor.py:183} INFO - Processing /home/airflow/.local/lib/python3.12/site-packages/airflow/example_dags/example_skip_dag.py took 0.407 seconds
[2025-05-02T19:51:48.822+0000] {processor.py:161} INFO - Started process (PID=2737) to work on /home/airflow/.local/lib/python3.12/site-packages/airflow/example_dags/example_skip_dag.py
[2025-05-02T19:51:48.823+0000] {processor.py:830} INFO - Processing file /home/airflow/.local/lib/python3.12/site-packages/airflow/example_dags/example_skip_dag.py for tasks to queue
[2025-05-02T19:51:48.827+0000] {logging_mixin.py:188} INFO - [2025-05-02T19:51:48.826+0000] {dagbag.py:540} INFO - Filling up the DagBag from /home/airflow/.local/lib/python3.12/site-packages/airflow/example_dags/example_skip_dag.py
[2025-05-02T19:51:48.850+0000] {processor.py:840} INFO - DAG(s) 'example_skip_dag' retrieved from /home/airflow/.local/lib/python3.12/site-packages/airflow/example_dags/example_skip_dag.py
[2025-05-02T19:51:49.132+0000] {logging_mixin.py:188} INFO - [2025-05-02T19:51:49.131+0000] {dag.py:3096} INFO - Sync 1 DAGs
[2025-05-02T19:51:49.188+0000] {logging_mixin.py:188} INFO - [2025-05-02T19:51:49.188+0000] {dag.py:3954} INFO - Setting next_dagrun for example_skip_dag to 2025-05-01 00:00:00+00:00, run_after=2025-05-02 00:00:00+00:00
[2025-05-02T19:51:49.227+0000] {processor.py:183} INFO - Processing /home/airflow/.local/lib/python3.12/site-packages/airflow/example_dags/example_skip_dag.py took 0.417 seconds
[2025-05-02T19:52:20.233+0000] {processor.py:161} INFO - Started process (PID=2819) to work on /home/airflow/.local/lib/python3.12/site-packages/airflow/example_dags/example_skip_dag.py
[2025-05-02T19:52:20.234+0000] {processor.py:830} INFO - Processing file /home/airflow/.local/lib/python3.12/site-packages/airflow/example_dags/example_skip_dag.py for tasks to queue
[2025-05-02T19:52:20.237+0000] {logging_mixin.py:188} INFO - [2025-05-02T19:52:20.237+0000] {dagbag.py:540} INFO - Filling up the DagBag from /home/airflow/.local/lib/python3.12/site-packages/airflow/example_dags/example_skip_dag.py
[2025-05-02T19:52:20.251+0000] {processor.py:840} INFO - DAG(s) 'example_skip_dag' retrieved from /home/airflow/.local/lib/python3.12/site-packages/airflow/example_dags/example_skip_dag.py
[2025-05-02T19:52:20.343+0000] {logging_mixin.py:188} INFO - [2025-05-02T19:52:20.343+0000] {dag.py:3096} INFO - Sync 1 DAGs
[2025-05-02T19:52:20.399+0000] {logging_mixin.py:188} INFO - [2025-05-02T19:52:20.399+0000] {dag.py:3954} INFO - Setting next_dagrun for example_skip_dag to 2025-05-01 00:00:00+00:00, run_after=2025-05-02 00:00:00+00:00
[2025-05-02T19:52:20.481+0000] {processor.py:183} INFO - Processing /home/airflow/.local/lib/python3.12/site-packages/airflow/example_dags/example_skip_dag.py took 0.261 seconds
[2025-05-02T19:52:50.797+0000] {processor.py:161} INFO - Started process (PID=2906) to work on /home/airflow/.local/lib/python3.12/site-packages/airflow/example_dags/example_skip_dag.py
[2025-05-02T19:52:50.806+0000] {processor.py:830} INFO - Processing file /home/airflow/.local/lib/python3.12/site-packages/airflow/example_dags/example_skip_dag.py for tasks to queue
[2025-05-02T19:52:50.810+0000] {logging_mixin.py:188} INFO - [2025-05-02T19:52:50.809+0000] {dagbag.py:540} INFO - Filling up the DagBag from /home/airflow/.local/lib/python3.12/site-packages/airflow/example_dags/example_skip_dag.py
[2025-05-02T19:52:50.825+0000] {processor.py:840} INFO - DAG(s) 'example_skip_dag' retrieved from /home/airflow/.local/lib/python3.12/site-packages/airflow/example_dags/example_skip_dag.py
[2025-05-02T19:52:50.937+0000] {logging_mixin.py:188} INFO - [2025-05-02T19:52:50.937+0000] {dag.py:3096} INFO - Sync 1 DAGs
[2025-05-02T19:52:51.018+0000] {logging_mixin.py:188} INFO - [2025-05-02T19:52:51.018+0000] {dag.py:3954} INFO - Setting next_dagrun for example_skip_dag to 2025-05-01 00:00:00+00:00, run_after=2025-05-02 00:00:00+00:00
[2025-05-02T19:52:51.116+0000] {processor.py:183} INFO - Processing /home/airflow/.local/lib/python3.12/site-packages/airflow/example_dags/example_skip_dag.py took 0.333 seconds
[2025-05-02T19:53:23.831+0000] {processor.py:161} INFO - Started process (PID=3025) to work on /home/airflow/.local/lib/python3.12/site-packages/airflow/example_dags/example_skip_dag.py
[2025-05-02T19:53:23.835+0000] {processor.py:830} INFO - Processing file /home/airflow/.local/lib/python3.12/site-packages/airflow/example_dags/example_skip_dag.py for tasks to queue
[2025-05-02T19:53:23.841+0000] {logging_mixin.py:188} INFO - [2025-05-02T19:53:23.840+0000] {dagbag.py:540} INFO - Filling up the DagBag from /home/airflow/.local/lib/python3.12/site-packages/airflow/example_dags/example_skip_dag.py
[2025-05-02T19:53:23.858+0000] {processor.py:840} INFO - DAG(s) 'example_skip_dag' retrieved from /home/airflow/.local/lib/python3.12/site-packages/airflow/example_dags/example_skip_dag.py
[2025-05-02T19:53:23.908+0000] {logging_mixin.py:188} INFO - [2025-05-02T19:53:23.908+0000] {dag.py:3096} INFO - Sync 1 DAGs
[2025-05-02T19:53:23.961+0000] {logging_mixin.py:188} INFO - [2025-05-02T19:53:23.961+0000] {dag.py:3954} INFO - Setting next_dagrun for example_skip_dag to 2025-05-01 00:00:00+00:00, run_after=2025-05-02 00:00:00+00:00
[2025-05-02T19:53:23.999+0000] {processor.py:183} INFO - Processing /home/airflow/.local/lib/python3.12/site-packages/airflow/example_dags/example_skip_dag.py took 0.186 seconds
[2025-05-02T19:53:57.786+0000] {processor.py:161} INFO - Started process (PID=3128) to work on /home/airflow/.local/lib/python3.12/site-packages/airflow/example_dags/example_skip_dag.py
[2025-05-02T19:53:57.788+0000] {processor.py:830} INFO - Processing file /home/airflow/.local/lib/python3.12/site-packages/airflow/example_dags/example_skip_dag.py for tasks to queue
[2025-05-02T19:53:57.792+0000] {logging_mixin.py:188} INFO - [2025-05-02T19:53:57.791+0000] {dagbag.py:540} INFO - Filling up the DagBag from /home/airflow/.local/lib/python3.12/site-packages/airflow/example_dags/example_skip_dag.py
[2025-05-02T19:53:57.809+0000] {processor.py:840} INFO - DAG(s) 'example_skip_dag' retrieved from /home/airflow/.local/lib/python3.12/site-packages/airflow/example_dags/example_skip_dag.py
[2025-05-02T19:53:57.945+0000] {logging_mixin.py:188} INFO - [2025-05-02T19:53:57.945+0000] {dag.py:3096} INFO - Sync 1 DAGs
[2025-05-02T19:53:58.027+0000] {logging_mixin.py:188} INFO - [2025-05-02T19:53:58.026+0000] {dag.py:3954} INFO - Setting next_dagrun for example_skip_dag to 2025-05-01 00:00:00+00:00, run_after=2025-05-02 00:00:00+00:00
[2025-05-02T19:53:58.092+0000] {processor.py:183} INFO - Processing /home/airflow/.local/lib/python3.12/site-packages/airflow/example_dags/example_skip_dag.py took 0.338 seconds
[2025-05-02T19:54:32.451+0000] {processor.py:161} INFO - Started process (PID=3234) to work on /home/airflow/.local/lib/python3.12/site-packages/airflow/example_dags/example_skip_dag.py
[2025-05-02T19:54:32.454+0000] {processor.py:830} INFO - Processing file /home/airflow/.local/lib/python3.12/site-packages/airflow/example_dags/example_skip_dag.py for tasks to queue
[2025-05-02T19:54:32.458+0000] {logging_mixin.py:188} INFO - [2025-05-02T19:54:32.457+0000] {dagbag.py:540} INFO - Filling up the DagBag from /home/airflow/.local/lib/python3.12/site-packages/airflow/example_dags/example_skip_dag.py
[2025-05-02T19:54:32.475+0000] {processor.py:840} INFO - DAG(s) 'example_skip_dag' retrieved from /home/airflow/.local/lib/python3.12/site-packages/airflow/example_dags/example_skip_dag.py
[2025-05-02T19:54:32.617+0000] {logging_mixin.py:188} INFO - [2025-05-02T19:54:32.612+0000] {dag.py:3096} INFO - Sync 1 DAGs
[2025-05-02T19:54:32.714+0000] {logging_mixin.py:188} INFO - [2025-05-02T19:54:32.713+0000] {dag.py:3954} INFO - Setting next_dagrun for example_skip_dag to 2025-05-01 00:00:00+00:00, run_after=2025-05-02 00:00:00+00:00
[2025-05-02T19:54:32.819+0000] {processor.py:183} INFO - Processing /home/airflow/.local/lib/python3.12/site-packages/airflow/example_dags/example_skip_dag.py took 0.379 seconds
[2025-05-02T19:55:07.147+0000] {processor.py:161} INFO - Started process (PID=3329) to work on /home/airflow/.local/lib/python3.12/site-packages/airflow/example_dags/example_skip_dag.py
[2025-05-02T19:55:07.148+0000] {processor.py:830} INFO - Processing file /home/airflow/.local/lib/python3.12/site-packages/airflow/example_dags/example_skip_dag.py for tasks to queue
[2025-05-02T19:55:07.154+0000] {logging_mixin.py:188} INFO - [2025-05-02T19:55:07.154+0000] {dagbag.py:540} INFO - Filling up the DagBag from /home/airflow/.local/lib/python3.12/site-packages/airflow/example_dags/example_skip_dag.py
[2025-05-02T19:55:07.179+0000] {processor.py:840} INFO - DAG(s) 'example_skip_dag' retrieved from /home/airflow/.local/lib/python3.12/site-packages/airflow/example_dags/example_skip_dag.py
[2025-05-02T19:55:07.266+0000] {logging_mixin.py:188} INFO - [2025-05-02T19:55:07.266+0000] {dag.py:3096} INFO - Sync 1 DAGs
[2025-05-02T19:55:07.362+0000] {logging_mixin.py:188} INFO - [2025-05-02T19:55:07.362+0000] {dag.py:3954} INFO - Setting next_dagrun for example_skip_dag to 2025-05-01 00:00:00+00:00, run_after=2025-05-02 00:00:00+00:00
[2025-05-02T19:55:07.469+0000] {processor.py:183} INFO - Processing /home/airflow/.local/lib/python3.12/site-packages/airflow/example_dags/example_skip_dag.py took 0.366 seconds
[2025-05-02T19:55:41.624+0000] {processor.py:161} INFO - Started process (PID=3433) to work on /home/airflow/.local/lib/python3.12/site-packages/airflow/example_dags/example_skip_dag.py
[2025-05-02T19:55:41.634+0000] {processor.py:830} INFO - Processing file /home/airflow/.local/lib/python3.12/site-packages/airflow/example_dags/example_skip_dag.py for tasks to queue
[2025-05-02T19:55:41.642+0000] {logging_mixin.py:188} INFO - [2025-05-02T19:55:41.641+0000] {dagbag.py:540} INFO - Filling up the DagBag from /home/airflow/.local/lib/python3.12/site-packages/airflow/example_dags/example_skip_dag.py
[2025-05-02T19:55:41.684+0000] {processor.py:840} INFO - DAG(s) 'example_skip_dag' retrieved from /home/airflow/.local/lib/python3.12/site-packages/airflow/example_dags/example_skip_dag.py
[2025-05-02T19:55:41.790+0000] {logging_mixin.py:188} INFO - [2025-05-02T19:55:41.786+0000] {dag.py:3096} INFO - Sync 1 DAGs
[2025-05-02T19:55:41.879+0000] {logging_mixin.py:188} INFO - [2025-05-02T19:55:41.879+0000] {dag.py:3954} INFO - Setting next_dagrun for example_skip_dag to 2025-05-01 00:00:00+00:00, run_after=2025-05-02 00:00:00+00:00
[2025-05-02T19:55:42.009+0000] {processor.py:183} INFO - Processing /home/airflow/.local/lib/python3.12/site-packages/airflow/example_dags/example_skip_dag.py took 0.405 seconds
[2025-05-02T19:56:15.300+0000] {processor.py:161} INFO - Started process (PID=3540) to work on /home/airflow/.local/lib/python3.12/site-packages/airflow/example_dags/example_skip_dag.py
[2025-05-02T19:56:15.301+0000] {processor.py:830} INFO - Processing file /home/airflow/.local/lib/python3.12/site-packages/airflow/example_dags/example_skip_dag.py for tasks to queue
[2025-05-02T19:56:15.304+0000] {logging_mixin.py:188} INFO - [2025-05-02T19:56:15.304+0000] {dagbag.py:540} INFO - Filling up the DagBag from /home/airflow/.local/lib/python3.12/site-packages/airflow/example_dags/example_skip_dag.py
[2025-05-02T19:56:15.319+0000] {processor.py:840} INFO - DAG(s) 'example_skip_dag' retrieved from /home/airflow/.local/lib/python3.12/site-packages/airflow/example_dags/example_skip_dag.py
[2025-05-02T19:56:15.388+0000] {logging_mixin.py:188} INFO - [2025-05-02T19:56:15.381+0000] {dag.py:3096} INFO - Sync 1 DAGs
[2025-05-02T19:56:15.464+0000] {logging_mixin.py:188} INFO - [2025-05-02T19:56:15.464+0000] {dag.py:3954} INFO - Setting next_dagrun for example_skip_dag to 2025-05-01 00:00:00+00:00, run_after=2025-05-02 00:00:00+00:00
[2025-05-02T19:56:15.499+0000] {processor.py:183} INFO - Processing /home/airflow/.local/lib/python3.12/site-packages/airflow/example_dags/example_skip_dag.py took 0.213 seconds
[2025-05-02T19:56:51.558+0000] {processor.py:161} INFO - Started process (PID=3649) to work on /home/airflow/.local/lib/python3.12/site-packages/airflow/example_dags/example_skip_dag.py
[2025-05-02T19:56:51.570+0000] {processor.py:830} INFO - Processing file /home/airflow/.local/lib/python3.12/site-packages/airflow/example_dags/example_skip_dag.py for tasks to queue
[2025-05-02T19:56:51.574+0000] {logging_mixin.py:188} INFO - [2025-05-02T19:56:51.574+0000] {dagbag.py:540} INFO - Filling up the DagBag from /home/airflow/.local/lib/python3.12/site-packages/airflow/example_dags/example_skip_dag.py
[2025-05-02T19:56:51.597+0000] {processor.py:840} INFO - DAG(s) 'example_skip_dag' retrieved from /home/airflow/.local/lib/python3.12/site-packages/airflow/example_dags/example_skip_dag.py
[2025-05-02T19:56:51.654+0000] {logging_mixin.py:188} INFO - [2025-05-02T19:56:51.654+0000] {dag.py:3096} INFO - Sync 1 DAGs
[2025-05-02T19:56:51.700+0000] {logging_mixin.py:188} INFO - [2025-05-02T19:56:51.700+0000] {dag.py:3954} INFO - Setting next_dagrun for example_skip_dag to 2025-05-01 00:00:00+00:00, run_after=2025-05-02 00:00:00+00:00
[2025-05-02T19:56:51.813+0000] {processor.py:183} INFO - Processing /home/airflow/.local/lib/python3.12/site-packages/airflow/example_dags/example_skip_dag.py took 0.268 seconds
[2025-05-02T19:57:25.498+0000] {processor.py:161} INFO - Started process (PID=3754) to work on /home/airflow/.local/lib/python3.12/site-packages/airflow/example_dags/example_skip_dag.py
[2025-05-02T19:57:25.500+0000] {processor.py:830} INFO - Processing file /home/airflow/.local/lib/python3.12/site-packages/airflow/example_dags/example_skip_dag.py for tasks to queue
[2025-05-02T19:57:25.506+0000] {logging_mixin.py:188} INFO - [2025-05-02T19:57:25.505+0000] {dagbag.py:540} INFO - Filling up the DagBag from /home/airflow/.local/lib/python3.12/site-packages/airflow/example_dags/example_skip_dag.py
[2025-05-02T19:57:25.525+0000] {processor.py:840} INFO - DAG(s) 'example_skip_dag' retrieved from /home/airflow/.local/lib/python3.12/site-packages/airflow/example_dags/example_skip_dag.py
[2025-05-02T19:57:25.581+0000] {logging_mixin.py:188} INFO - [2025-05-02T19:57:25.581+0000] {dag.py:3096} INFO - Sync 1 DAGs
[2025-05-02T19:57:25.633+0000] {logging_mixin.py:188} INFO - [2025-05-02T19:57:25.633+0000] {dag.py:3954} INFO - Setting next_dagrun for example_skip_dag to 2025-05-01 00:00:00+00:00, run_after=2025-05-02 00:00:00+00:00
[2025-05-02T19:57:25.691+0000] {processor.py:183} INFO - Processing /home/airflow/.local/lib/python3.12/site-packages/airflow/example_dags/example_skip_dag.py took 0.206 seconds
[2025-05-02T19:58:00.288+0000] {processor.py:161} INFO - Started process (PID=3865) to work on /home/airflow/.local/lib/python3.12/site-packages/airflow/example_dags/example_skip_dag.py
[2025-05-02T19:58:00.300+0000] {processor.py:830} INFO - Processing file /home/airflow/.local/lib/python3.12/site-packages/airflow/example_dags/example_skip_dag.py for tasks to queue
[2025-05-02T19:58:00.304+0000] {logging_mixin.py:188} INFO - [2025-05-02T19:58:00.303+0000] {dagbag.py:540} INFO - Filling up the DagBag from /home/airflow/.local/lib/python3.12/site-packages/airflow/example_dags/example_skip_dag.py
[2025-05-02T19:58:00.327+0000] {processor.py:840} INFO - DAG(s) 'example_skip_dag' retrieved from /home/airflow/.local/lib/python3.12/site-packages/airflow/example_dags/example_skip_dag.py
[2025-05-02T19:58:00.462+0000] {logging_mixin.py:188} INFO - [2025-05-02T19:58:00.462+0000] {dag.py:3096} INFO - Sync 1 DAGs
[2025-05-02T19:58:00.532+0000] {logging_mixin.py:188} INFO - [2025-05-02T19:58:00.532+0000] {dag.py:3954} INFO - Setting next_dagrun for example_skip_dag to 2025-05-01 00:00:00+00:00, run_after=2025-05-02 00:00:00+00:00
[2025-05-02T19:58:00.601+0000] {processor.py:183} INFO - Processing /home/airflow/.local/lib/python3.12/site-packages/airflow/example_dags/example_skip_dag.py took 0.343 seconds
