[2025-05-02T19:33:06.414+0000] {processor.py:161} INFO - Started process (PID=63) to work on /home/airflow/.local/lib/python3.12/site-packages/airflow/example_dags/example_short_circuit_decorator.py
[2025-05-02T19:33:06.415+0000] {processor.py:830} INFO - Processing file /home/airflow/.local/lib/python3.12/site-packages/airflow/example_dags/example_short_circuit_decorator.py for tasks to queue
[2025-05-02T19:33:06.419+0000] {logging_mixin.py:188} INFO - [2025-05-02T19:33:06.418+0000] {dagbag.py:540} INFO - Filling up the DagBag from /home/airflow/.local/lib/python3.12/site-packages/airflow/example_dags/example_short_circuit_decorator.py
[2025-05-02T19:33:06.437+0000] {processor.py:840} INFO - DAG(s) 'example_short_circuit_decorator' retrieved from /home/airflow/.local/lib/python3.12/site-packages/airflow/example_dags/example_short_circuit_decorator.py
[2025-05-02T19:33:06.451+0000] {logging_mixin.py:188} INFO - [2025-05-02T19:33:06.451+0000] {dag.py:3096} INFO - Sync 1 DAGs
[2025-05-02T19:33:06.492+0000] {logging_mixin.py:188} INFO - [2025-05-02T19:33:06.491+0000] {dag.py:3954} INFO - Setting next_dagrun for example_short_circuit_decorator to 2025-05-01 00:00:00+00:00, run_after=2025-05-02 00:00:00+00:00
[2025-05-02T19:33:06.519+0000] {processor.py:183} INFO - Processing /home/airflow/.local/lib/python3.12/site-packages/airflow/example_dags/example_short_circuit_decorator.py took 0.117 seconds
[2025-05-02T19:33:36.788+0000] {processor.py:161} INFO - Started process (PID=121) to work on /home/airflow/.local/lib/python3.12/site-packages/airflow/example_dags/example_short_circuit_decorator.py
[2025-05-02T19:33:36.788+0000] {processor.py:830} INFO - Processing file /home/airflow/.local/lib/python3.12/site-packages/airflow/example_dags/example_short_circuit_decorator.py for tasks to queue
[2025-05-02T19:33:36.790+0000] {logging_mixin.py:188} INFO - [2025-05-02T19:33:36.790+0000] {dagbag.py:540} INFO - Filling up the DagBag from /home/airflow/.local/lib/python3.12/site-packages/airflow/example_dags/example_short_circuit_decorator.py
[2025-05-02T19:33:36.800+0000] {processor.py:840} INFO - DAG(s) 'example_short_circuit_decorator' retrieved from /home/airflow/.local/lib/python3.12/site-packages/airflow/example_dags/example_short_circuit_decorator.py
[2025-05-02T19:33:36.902+0000] {logging_mixin.py:188} INFO - [2025-05-02T19:33:36.902+0000] {dag.py:3096} INFO - Sync 1 DAGs
[2025-05-02T19:33:36.922+0000] {logging_mixin.py:188} INFO - [2025-05-02T19:33:36.922+0000] {dag.py:3954} INFO - Setting next_dagrun for example_short_circuit_decorator to 2025-05-01 00:00:00+00:00, run_after=2025-05-02 00:00:00+00:00
[2025-05-02T19:33:36.940+0000] {processor.py:183} INFO - Processing /home/airflow/.local/lib/python3.12/site-packages/airflow/example_dags/example_short_circuit_decorator.py took 0.159 seconds
[2025-05-02T19:34:07.447+0000] {processor.py:161} INFO - Started process (PID=179) to work on /home/airflow/.local/lib/python3.12/site-packages/airflow/example_dags/example_short_circuit_decorator.py
[2025-05-02T19:34:07.448+0000] {processor.py:830} INFO - Processing file /home/airflow/.local/lib/python3.12/site-packages/airflow/example_dags/example_short_circuit_decorator.py for tasks to queue
[2025-05-02T19:34:07.449+0000] {logging_mixin.py:188} INFO - [2025-05-02T19:34:07.449+0000] {dagbag.py:540} INFO - Filling up the DagBag from /home/airflow/.local/lib/python3.12/site-packages/airflow/example_dags/example_short_circuit_decorator.py
[2025-05-02T19:34:07.457+0000] {processor.py:840} INFO - DAG(s) 'example_short_circuit_decorator' retrieved from /home/airflow/.local/lib/python3.12/site-packages/airflow/example_dags/example_short_circuit_decorator.py
[2025-05-02T19:34:07.475+0000] {logging_mixin.py:188} INFO - [2025-05-02T19:34:07.474+0000] {dag.py:3096} INFO - Sync 1 DAGs
[2025-05-02T19:34:07.490+0000] {logging_mixin.py:188} INFO - [2025-05-02T19:34:07.490+0000] {dag.py:3954} INFO - Setting next_dagrun for example_short_circuit_decorator to 2025-05-01 00:00:00+00:00, run_after=2025-05-02 00:00:00+00:00
[2025-05-02T19:34:07.506+0000] {processor.py:183} INFO - Processing /home/airflow/.local/lib/python3.12/site-packages/airflow/example_dags/example_short_circuit_decorator.py took 0.063 seconds
[2025-05-02T19:34:38.835+0000] {processor.py:161} INFO - Started process (PID=237) to work on /home/airflow/.local/lib/python3.12/site-packages/airflow/example_dags/example_short_circuit_decorator.py
[2025-05-02T19:34:38.837+0000] {processor.py:830} INFO - Processing file /home/airflow/.local/lib/python3.12/site-packages/airflow/example_dags/example_short_circuit_decorator.py for tasks to queue
[2025-05-02T19:34:38.839+0000] {logging_mixin.py:188} INFO - [2025-05-02T19:34:38.839+0000] {dagbag.py:540} INFO - Filling up the DagBag from /home/airflow/.local/lib/python3.12/site-packages/airflow/example_dags/example_short_circuit_decorator.py
[2025-05-02T19:34:38.849+0000] {processor.py:840} INFO - DAG(s) 'example_short_circuit_decorator' retrieved from /home/airflow/.local/lib/python3.12/site-packages/airflow/example_dags/example_short_circuit_decorator.py
[2025-05-02T19:34:38.876+0000] {logging_mixin.py:188} INFO - [2025-05-02T19:34:38.875+0000] {dag.py:3096} INFO - Sync 1 DAGs
[2025-05-02T19:34:38.894+0000] {logging_mixin.py:188} INFO - [2025-05-02T19:34:38.894+0000] {dag.py:3954} INFO - Setting next_dagrun for example_short_circuit_decorator to 2025-05-01 00:00:00+00:00, run_after=2025-05-02 00:00:00+00:00
[2025-05-02T19:34:38.911+0000] {processor.py:183} INFO - Processing /home/airflow/.local/lib/python3.12/site-packages/airflow/example_dags/example_short_circuit_decorator.py took 0.083 seconds
[2025-05-02T19:35:09.511+0000] {processor.py:161} INFO - Started process (PID=295) to work on /home/airflow/.local/lib/python3.12/site-packages/airflow/example_dags/example_short_circuit_decorator.py
[2025-05-02T19:35:09.512+0000] {processor.py:830} INFO - Processing file /home/airflow/.local/lib/python3.12/site-packages/airflow/example_dags/example_short_circuit_decorator.py for tasks to queue
[2025-05-02T19:35:09.514+0000] {logging_mixin.py:188} INFO - [2025-05-02T19:35:09.514+0000] {dagbag.py:540} INFO - Filling up the DagBag from /home/airflow/.local/lib/python3.12/site-packages/airflow/example_dags/example_short_circuit_decorator.py
[2025-05-02T19:35:09.523+0000] {processor.py:840} INFO - DAG(s) 'example_short_circuit_decorator' retrieved from /home/airflow/.local/lib/python3.12/site-packages/airflow/example_dags/example_short_circuit_decorator.py
[2025-05-02T19:35:09.547+0000] {logging_mixin.py:188} INFO - [2025-05-02T19:35:09.547+0000] {dag.py:3096} INFO - Sync 1 DAGs
[2025-05-02T19:35:09.568+0000] {logging_mixin.py:188} INFO - [2025-05-02T19:35:09.567+0000] {dag.py:3954} INFO - Setting next_dagrun for example_short_circuit_decorator to 2025-05-01 00:00:00+00:00, run_after=2025-05-02 00:00:00+00:00
[2025-05-02T19:35:09.585+0000] {processor.py:183} INFO - Processing /home/airflow/.local/lib/python3.12/site-packages/airflow/example_dags/example_short_circuit_decorator.py took 0.081 seconds
[2025-05-02T19:35:39.861+0000] {processor.py:161} INFO - Started process (PID=353) to work on /home/airflow/.local/lib/python3.12/site-packages/airflow/example_dags/example_short_circuit_decorator.py
[2025-05-02T19:35:39.862+0000] {processor.py:830} INFO - Processing file /home/airflow/.local/lib/python3.12/site-packages/airflow/example_dags/example_short_circuit_decorator.py for tasks to queue
[2025-05-02T19:35:39.863+0000] {logging_mixin.py:188} INFO - [2025-05-02T19:35:39.863+0000] {dagbag.py:540} INFO - Filling up the DagBag from /home/airflow/.local/lib/python3.12/site-packages/airflow/example_dags/example_short_circuit_decorator.py
[2025-05-02T19:35:39.870+0000] {processor.py:840} INFO - DAG(s) 'example_short_circuit_decorator' retrieved from /home/airflow/.local/lib/python3.12/site-packages/airflow/example_dags/example_short_circuit_decorator.py
[2025-05-02T19:35:39.890+0000] {logging_mixin.py:188} INFO - [2025-05-02T19:35:39.890+0000] {dag.py:3096} INFO - Sync 1 DAGs
[2025-05-02T19:35:39.907+0000] {logging_mixin.py:188} INFO - [2025-05-02T19:35:39.907+0000] {dag.py:3954} INFO - Setting next_dagrun for example_short_circuit_decorator to 2025-05-01 00:00:00+00:00, run_after=2025-05-02 00:00:00+00:00
[2025-05-02T19:35:39.922+0000] {processor.py:183} INFO - Processing /home/airflow/.local/lib/python3.12/site-packages/airflow/example_dags/example_short_circuit_decorator.py took 0.066 seconds
[2025-05-02T19:36:10.417+0000] {processor.py:161} INFO - Started process (PID=411) to work on /home/airflow/.local/lib/python3.12/site-packages/airflow/example_dags/example_short_circuit_decorator.py
[2025-05-02T19:36:10.419+0000] {processor.py:830} INFO - Processing file /home/airflow/.local/lib/python3.12/site-packages/airflow/example_dags/example_short_circuit_decorator.py for tasks to queue
[2025-05-02T19:36:10.420+0000] {logging_mixin.py:188} INFO - [2025-05-02T19:36:10.420+0000] {dagbag.py:540} INFO - Filling up the DagBag from /home/airflow/.local/lib/python3.12/site-packages/airflow/example_dags/example_short_circuit_decorator.py
[2025-05-02T19:36:10.426+0000] {processor.py:840} INFO - DAG(s) 'example_short_circuit_decorator' retrieved from /home/airflow/.local/lib/python3.12/site-packages/airflow/example_dags/example_short_circuit_decorator.py
[2025-05-02T19:36:10.443+0000] {logging_mixin.py:188} INFO - [2025-05-02T19:36:10.442+0000] {dag.py:3096} INFO - Sync 1 DAGs
[2025-05-02T19:36:10.461+0000] {logging_mixin.py:188} INFO - [2025-05-02T19:36:10.460+0000] {dag.py:3954} INFO - Setting next_dagrun for example_short_circuit_decorator to 2025-05-01 00:00:00+00:00, run_after=2025-05-02 00:00:00+00:00
[2025-05-02T19:36:10.478+0000] {processor.py:183} INFO - Processing /home/airflow/.local/lib/python3.12/site-packages/airflow/example_dags/example_short_circuit_decorator.py took 0.067 seconds
[2025-05-02T19:36:40.777+0000] {processor.py:161} INFO - Started process (PID=469) to work on /home/airflow/.local/lib/python3.12/site-packages/airflow/example_dags/example_short_circuit_decorator.py
[2025-05-02T19:36:40.778+0000] {processor.py:830} INFO - Processing file /home/airflow/.local/lib/python3.12/site-packages/airflow/example_dags/example_short_circuit_decorator.py for tasks to queue
[2025-05-02T19:36:40.779+0000] {logging_mixin.py:188} INFO - [2025-05-02T19:36:40.779+0000] {dagbag.py:540} INFO - Filling up the DagBag from /home/airflow/.local/lib/python3.12/site-packages/airflow/example_dags/example_short_circuit_decorator.py
[2025-05-02T19:36:40.786+0000] {processor.py:840} INFO - DAG(s) 'example_short_circuit_decorator' retrieved from /home/airflow/.local/lib/python3.12/site-packages/airflow/example_dags/example_short_circuit_decorator.py
[2025-05-02T19:36:40.810+0000] {logging_mixin.py:188} INFO - [2025-05-02T19:36:40.810+0000] {dag.py:3096} INFO - Sync 1 DAGs
[2025-05-02T19:36:40.830+0000] {logging_mixin.py:188} INFO - [2025-05-02T19:36:40.830+0000] {dag.py:3954} INFO - Setting next_dagrun for example_short_circuit_decorator to 2025-05-01 00:00:00+00:00, run_after=2025-05-02 00:00:00+00:00
[2025-05-02T19:36:40.847+0000] {processor.py:183} INFO - Processing /home/airflow/.local/lib/python3.12/site-packages/airflow/example_dags/example_short_circuit_decorator.py took 0.075 seconds
[2025-05-02T19:37:11.067+0000] {processor.py:161} INFO - Started process (PID=527) to work on /home/airflow/.local/lib/python3.12/site-packages/airflow/example_dags/example_short_circuit_decorator.py
[2025-05-02T19:37:11.068+0000] {processor.py:830} INFO - Processing file /home/airflow/.local/lib/python3.12/site-packages/airflow/example_dags/example_short_circuit_decorator.py for tasks to queue
[2025-05-02T19:37:11.070+0000] {logging_mixin.py:188} INFO - [2025-05-02T19:37:11.069+0000] {dagbag.py:540} INFO - Filling up the DagBag from /home/airflow/.local/lib/python3.12/site-packages/airflow/example_dags/example_short_circuit_decorator.py
[2025-05-02T19:37:11.078+0000] {processor.py:840} INFO - DAG(s) 'example_short_circuit_decorator' retrieved from /home/airflow/.local/lib/python3.12/site-packages/airflow/example_dags/example_short_circuit_decorator.py
[2025-05-02T19:37:11.094+0000] {logging_mixin.py:188} INFO - [2025-05-02T19:37:11.094+0000] {dag.py:3096} INFO - Sync 1 DAGs
[2025-05-02T19:37:11.116+0000] {logging_mixin.py:188} INFO - [2025-05-02T19:37:11.116+0000] {dag.py:3954} INFO - Setting next_dagrun for example_short_circuit_decorator to 2025-05-01 00:00:00+00:00, run_after=2025-05-02 00:00:00+00:00
[2025-05-02T19:37:11.137+0000] {processor.py:183} INFO - Processing /home/airflow/.local/lib/python3.12/site-packages/airflow/example_dags/example_short_circuit_decorator.py took 0.075 seconds
[2025-05-02T19:37:41.721+0000] {processor.py:161} INFO - Started process (PID=585) to work on /home/airflow/.local/lib/python3.12/site-packages/airflow/example_dags/example_short_circuit_decorator.py
[2025-05-02T19:37:41.722+0000] {processor.py:830} INFO - Processing file /home/airflow/.local/lib/python3.12/site-packages/airflow/example_dags/example_short_circuit_decorator.py for tasks to queue
[2025-05-02T19:37:41.724+0000] {logging_mixin.py:188} INFO - [2025-05-02T19:37:41.723+0000] {dagbag.py:540} INFO - Filling up the DagBag from /home/airflow/.local/lib/python3.12/site-packages/airflow/example_dags/example_short_circuit_decorator.py
[2025-05-02T19:37:41.732+0000] {processor.py:840} INFO - DAG(s) 'example_short_circuit_decorator' retrieved from /home/airflow/.local/lib/python3.12/site-packages/airflow/example_dags/example_short_circuit_decorator.py
[2025-05-02T19:37:41.754+0000] {logging_mixin.py:188} INFO - [2025-05-02T19:37:41.754+0000] {dag.py:3096} INFO - Sync 1 DAGs
[2025-05-02T19:37:41.772+0000] {logging_mixin.py:188} INFO - [2025-05-02T19:37:41.772+0000] {dag.py:3954} INFO - Setting next_dagrun for example_short_circuit_decorator to 2025-05-01 00:00:00+00:00, run_after=2025-05-02 00:00:00+00:00
[2025-05-02T19:37:41.786+0000] {processor.py:183} INFO - Processing /home/airflow/.local/lib/python3.12/site-packages/airflow/example_dags/example_short_circuit_decorator.py took 0.070 seconds
[2025-05-02T19:38:11.920+0000] {processor.py:161} INFO - Started process (PID=643) to work on /home/airflow/.local/lib/python3.12/site-packages/airflow/example_dags/example_short_circuit_decorator.py
[2025-05-02T19:38:11.922+0000] {processor.py:830} INFO - Processing file /home/airflow/.local/lib/python3.12/site-packages/airflow/example_dags/example_short_circuit_decorator.py for tasks to queue
[2025-05-02T19:38:11.923+0000] {logging_mixin.py:188} INFO - [2025-05-02T19:38:11.923+0000] {dagbag.py:540} INFO - Filling up the DagBag from /home/airflow/.local/lib/python3.12/site-packages/airflow/example_dags/example_short_circuit_decorator.py
[2025-05-02T19:38:11.931+0000] {processor.py:840} INFO - DAG(s) 'example_short_circuit_decorator' retrieved from /home/airflow/.local/lib/python3.12/site-packages/airflow/example_dags/example_short_circuit_decorator.py
[2025-05-02T19:38:11.951+0000] {logging_mixin.py:188} INFO - [2025-05-02T19:38:11.951+0000] {dag.py:3096} INFO - Sync 1 DAGs
[2025-05-02T19:38:11.969+0000] {logging_mixin.py:188} INFO - [2025-05-02T19:38:11.969+0000] {dag.py:3954} INFO - Setting next_dagrun for example_short_circuit_decorator to 2025-05-01 00:00:00+00:00, run_after=2025-05-02 00:00:00+00:00
[2025-05-02T19:38:11.985+0000] {processor.py:183} INFO - Processing /home/airflow/.local/lib/python3.12/site-packages/airflow/example_dags/example_short_circuit_decorator.py took 0.072 seconds
[2025-05-02T19:38:44.425+0000] {processor.py:161} INFO - Started process (PID=701) to work on /home/airflow/.local/lib/python3.12/site-packages/airflow/example_dags/example_short_circuit_decorator.py
[2025-05-02T19:38:44.426+0000] {processor.py:830} INFO - Processing file /home/airflow/.local/lib/python3.12/site-packages/airflow/example_dags/example_short_circuit_decorator.py for tasks to queue
[2025-05-02T19:38:44.428+0000] {logging_mixin.py:188} INFO - [2025-05-02T19:38:44.428+0000] {dagbag.py:540} INFO - Filling up the DagBag from /home/airflow/.local/lib/python3.12/site-packages/airflow/example_dags/example_short_circuit_decorator.py
[2025-05-02T19:38:44.435+0000] {processor.py:840} INFO - DAG(s) 'example_short_circuit_decorator' retrieved from /home/airflow/.local/lib/python3.12/site-packages/airflow/example_dags/example_short_circuit_decorator.py
[2025-05-02T19:38:44.457+0000] {logging_mixin.py:188} INFO - [2025-05-02T19:38:44.456+0000] {dag.py:3096} INFO - Sync 1 DAGs
[2025-05-02T19:38:44.477+0000] {logging_mixin.py:188} INFO - [2025-05-02T19:38:44.477+0000] {dag.py:3954} INFO - Setting next_dagrun for example_short_circuit_decorator to 2025-05-01 00:00:00+00:00, run_after=2025-05-02 00:00:00+00:00
[2025-05-02T19:38:44.492+0000] {processor.py:183} INFO - Processing /home/airflow/.local/lib/python3.12/site-packages/airflow/example_dags/example_short_circuit_decorator.py took 0.071 seconds
[2025-05-02T19:39:15.086+0000] {processor.py:161} INFO - Started process (PID=759) to work on /home/airflow/.local/lib/python3.12/site-packages/airflow/example_dags/example_short_circuit_decorator.py
[2025-05-02T19:39:15.088+0000] {processor.py:830} INFO - Processing file /home/airflow/.local/lib/python3.12/site-packages/airflow/example_dags/example_short_circuit_decorator.py for tasks to queue
[2025-05-02T19:39:15.090+0000] {logging_mixin.py:188} INFO - [2025-05-02T19:39:15.090+0000] {dagbag.py:540} INFO - Filling up the DagBag from /home/airflow/.local/lib/python3.12/site-packages/airflow/example_dags/example_short_circuit_decorator.py
[2025-05-02T19:39:15.105+0000] {processor.py:840} INFO - DAG(s) 'example_short_circuit_decorator' retrieved from /home/airflow/.local/lib/python3.12/site-packages/airflow/example_dags/example_short_circuit_decorator.py
[2025-05-02T19:39:15.142+0000] {logging_mixin.py:188} INFO - [2025-05-02T19:39:15.141+0000] {dag.py:3096} INFO - Sync 1 DAGs
[2025-05-02T19:39:15.163+0000] {logging_mixin.py:188} INFO - [2025-05-02T19:39:15.162+0000] {dag.py:3954} INFO - Setting next_dagrun for example_short_circuit_decorator to 2025-05-01 00:00:00+00:00, run_after=2025-05-02 00:00:00+00:00
[2025-05-02T19:39:15.185+0000] {processor.py:183} INFO - Processing /home/airflow/.local/lib/python3.12/site-packages/airflow/example_dags/example_short_circuit_decorator.py took 0.107 seconds
[2025-05-02T19:39:45.506+0000] {processor.py:161} INFO - Started process (PID=817) to work on /home/airflow/.local/lib/python3.12/site-packages/airflow/example_dags/example_short_circuit_decorator.py
[2025-05-02T19:39:45.507+0000] {processor.py:830} INFO - Processing file /home/airflow/.local/lib/python3.12/site-packages/airflow/example_dags/example_short_circuit_decorator.py for tasks to queue
[2025-05-02T19:39:45.509+0000] {logging_mixin.py:188} INFO - [2025-05-02T19:39:45.508+0000] {dagbag.py:540} INFO - Filling up the DagBag from /home/airflow/.local/lib/python3.12/site-packages/airflow/example_dags/example_short_circuit_decorator.py
[2025-05-02T19:39:45.515+0000] {processor.py:840} INFO - DAG(s) 'example_short_circuit_decorator' retrieved from /home/airflow/.local/lib/python3.12/site-packages/airflow/example_dags/example_short_circuit_decorator.py
[2025-05-02T19:39:45.534+0000] {logging_mixin.py:188} INFO - [2025-05-02T19:39:45.534+0000] {dag.py:3096} INFO - Sync 1 DAGs
[2025-05-02T19:39:45.550+0000] {logging_mixin.py:188} INFO - [2025-05-02T19:39:45.550+0000] {dag.py:3954} INFO - Setting next_dagrun for example_short_circuit_decorator to 2025-05-01 00:00:00+00:00, run_after=2025-05-02 00:00:00+00:00
[2025-05-02T19:39:45.566+0000] {processor.py:183} INFO - Processing /home/airflow/.local/lib/python3.12/site-packages/airflow/example_dags/example_short_circuit_decorator.py took 0.066 seconds
[2025-05-02T19:40:16.102+0000] {processor.py:161} INFO - Started process (PID=875) to work on /home/airflow/.local/lib/python3.12/site-packages/airflow/example_dags/example_short_circuit_decorator.py
[2025-05-02T19:40:16.103+0000] {processor.py:830} INFO - Processing file /home/airflow/.local/lib/python3.12/site-packages/airflow/example_dags/example_short_circuit_decorator.py for tasks to queue
[2025-05-02T19:40:16.104+0000] {logging_mixin.py:188} INFO - [2025-05-02T19:40:16.104+0000] {dagbag.py:540} INFO - Filling up the DagBag from /home/airflow/.local/lib/python3.12/site-packages/airflow/example_dags/example_short_circuit_decorator.py
[2025-05-02T19:40:16.113+0000] {processor.py:840} INFO - DAG(s) 'example_short_circuit_decorator' retrieved from /home/airflow/.local/lib/python3.12/site-packages/airflow/example_dags/example_short_circuit_decorator.py
[2025-05-02T19:40:16.134+0000] {logging_mixin.py:188} INFO - [2025-05-02T19:40:16.133+0000] {dag.py:3096} INFO - Sync 1 DAGs
[2025-05-02T19:40:16.150+0000] {logging_mixin.py:188} INFO - [2025-05-02T19:40:16.149+0000] {dag.py:3954} INFO - Setting next_dagrun for example_short_circuit_decorator to 2025-05-01 00:00:00+00:00, run_after=2025-05-02 00:00:00+00:00
[2025-05-02T19:40:16.165+0000] {processor.py:183} INFO - Processing /home/airflow/.local/lib/python3.12/site-packages/airflow/example_dags/example_short_circuit_decorator.py took 0.067 seconds
[2025-05-02T19:40:46.594+0000] {processor.py:161} INFO - Started process (PID=933) to work on /home/airflow/.local/lib/python3.12/site-packages/airflow/example_dags/example_short_circuit_decorator.py
[2025-05-02T19:40:46.595+0000] {processor.py:830} INFO - Processing file /home/airflow/.local/lib/python3.12/site-packages/airflow/example_dags/example_short_circuit_decorator.py for tasks to queue
[2025-05-02T19:40:46.597+0000] {logging_mixin.py:188} INFO - [2025-05-02T19:40:46.597+0000] {dagbag.py:540} INFO - Filling up the DagBag from /home/airflow/.local/lib/python3.12/site-packages/airflow/example_dags/example_short_circuit_decorator.py
[2025-05-02T19:40:46.609+0000] {processor.py:840} INFO - DAG(s) 'example_short_circuit_decorator' retrieved from /home/airflow/.local/lib/python3.12/site-packages/airflow/example_dags/example_short_circuit_decorator.py
[2025-05-02T19:40:46.638+0000] {logging_mixin.py:188} INFO - [2025-05-02T19:40:46.637+0000] {dag.py:3096} INFO - Sync 1 DAGs
[2025-05-02T19:40:46.658+0000] {logging_mixin.py:188} INFO - [2025-05-02T19:40:46.657+0000] {dag.py:3954} INFO - Setting next_dagrun for example_short_circuit_decorator to 2025-05-01 00:00:00+00:00, run_after=2025-05-02 00:00:00+00:00
[2025-05-02T19:40:46.673+0000] {processor.py:183} INFO - Processing /home/airflow/.local/lib/python3.12/site-packages/airflow/example_dags/example_short_circuit_decorator.py took 0.085 seconds
[2025-05-02T19:41:17.110+0000] {processor.py:161} INFO - Started process (PID=985) to work on /home/airflow/.local/lib/python3.12/site-packages/airflow/example_dags/example_short_circuit_decorator.py
[2025-05-02T19:41:17.112+0000] {processor.py:830} INFO - Processing file /home/airflow/.local/lib/python3.12/site-packages/airflow/example_dags/example_short_circuit_decorator.py for tasks to queue
[2025-05-02T19:41:17.115+0000] {logging_mixin.py:188} INFO - [2025-05-02T19:41:17.115+0000] {dagbag.py:540} INFO - Filling up the DagBag from /home/airflow/.local/lib/python3.12/site-packages/airflow/example_dags/example_short_circuit_decorator.py
[2025-05-02T19:41:17.126+0000] {processor.py:840} INFO - DAG(s) 'example_short_circuit_decorator' retrieved from /home/airflow/.local/lib/python3.12/site-packages/airflow/example_dags/example_short_circuit_decorator.py
[2025-05-02T19:41:17.149+0000] {logging_mixin.py:188} INFO - [2025-05-02T19:41:17.149+0000] {dag.py:3096} INFO - Sync 1 DAGs
[2025-05-02T19:41:17.170+0000] {logging_mixin.py:188} INFO - [2025-05-02T19:41:17.170+0000] {dag.py:3954} INFO - Setting next_dagrun for example_short_circuit_decorator to 2025-05-01 00:00:00+00:00, run_after=2025-05-02 00:00:00+00:00
[2025-05-02T19:41:17.186+0000] {processor.py:183} INFO - Processing /home/airflow/.local/lib/python3.12/site-packages/airflow/example_dags/example_short_circuit_decorator.py took 0.082 seconds
[2025-05-02T19:41:47.753+0000] {processor.py:161} INFO - Started process (PID=1043) to work on /home/airflow/.local/lib/python3.12/site-packages/airflow/example_dags/example_short_circuit_decorator.py
[2025-05-02T19:41:47.754+0000] {processor.py:830} INFO - Processing file /home/airflow/.local/lib/python3.12/site-packages/airflow/example_dags/example_short_circuit_decorator.py for tasks to queue
[2025-05-02T19:41:47.755+0000] {logging_mixin.py:188} INFO - [2025-05-02T19:41:47.755+0000] {dagbag.py:540} INFO - Filling up the DagBag from /home/airflow/.local/lib/python3.12/site-packages/airflow/example_dags/example_short_circuit_decorator.py
[2025-05-02T19:41:47.766+0000] {processor.py:840} INFO - DAG(s) 'example_short_circuit_decorator' retrieved from /home/airflow/.local/lib/python3.12/site-packages/airflow/example_dags/example_short_circuit_decorator.py
[2025-05-02T19:41:47.787+0000] {logging_mixin.py:188} INFO - [2025-05-02T19:41:47.786+0000] {dag.py:3096} INFO - Sync 1 DAGs
[2025-05-02T19:41:47.810+0000] {logging_mixin.py:188} INFO - [2025-05-02T19:41:47.810+0000] {dag.py:3954} INFO - Setting next_dagrun for example_short_circuit_decorator to 2025-05-01 00:00:00+00:00, run_after=2025-05-02 00:00:00+00:00
[2025-05-02T19:41:47.830+0000] {processor.py:183} INFO - Processing /home/airflow/.local/lib/python3.12/site-packages/airflow/example_dags/example_short_circuit_decorator.py took 0.086 seconds
[2025-05-02T19:42:18.445+0000] {processor.py:161} INFO - Started process (PID=1101) to work on /home/airflow/.local/lib/python3.12/site-packages/airflow/example_dags/example_short_circuit_decorator.py
[2025-05-02T19:42:18.446+0000] {processor.py:830} INFO - Processing file /home/airflow/.local/lib/python3.12/site-packages/airflow/example_dags/example_short_circuit_decorator.py for tasks to queue
[2025-05-02T19:42:18.447+0000] {logging_mixin.py:188} INFO - [2025-05-02T19:42:18.447+0000] {dagbag.py:540} INFO - Filling up the DagBag from /home/airflow/.local/lib/python3.12/site-packages/airflow/example_dags/example_short_circuit_decorator.py
[2025-05-02T19:42:18.457+0000] {processor.py:840} INFO - DAG(s) 'example_short_circuit_decorator' retrieved from /home/airflow/.local/lib/python3.12/site-packages/airflow/example_dags/example_short_circuit_decorator.py
[2025-05-02T19:42:18.483+0000] {logging_mixin.py:188} INFO - [2025-05-02T19:42:18.482+0000] {dag.py:3096} INFO - Sync 1 DAGs
[2025-05-02T19:42:18.505+0000] {logging_mixin.py:188} INFO - [2025-05-02T19:42:18.505+0000] {dag.py:3954} INFO - Setting next_dagrun for example_short_circuit_decorator to 2025-05-01 00:00:00+00:00, run_after=2025-05-02 00:00:00+00:00
[2025-05-02T19:42:18.524+0000] {processor.py:183} INFO - Processing /home/airflow/.local/lib/python3.12/site-packages/airflow/example_dags/example_short_circuit_decorator.py took 0.085 seconds
[2025-05-02T19:42:50.114+0000] {processor.py:161} INFO - Started process (PID=1159) to work on /home/airflow/.local/lib/python3.12/site-packages/airflow/example_dags/example_short_circuit_decorator.py
[2025-05-02T19:42:50.115+0000] {processor.py:830} INFO - Processing file /home/airflow/.local/lib/python3.12/site-packages/airflow/example_dags/example_short_circuit_decorator.py for tasks to queue
[2025-05-02T19:42:50.117+0000] {logging_mixin.py:188} INFO - [2025-05-02T19:42:50.117+0000] {dagbag.py:540} INFO - Filling up the DagBag from /home/airflow/.local/lib/python3.12/site-packages/airflow/example_dags/example_short_circuit_decorator.py
[2025-05-02T19:42:50.127+0000] {processor.py:840} INFO - DAG(s) 'example_short_circuit_decorator' retrieved from /home/airflow/.local/lib/python3.12/site-packages/airflow/example_dags/example_short_circuit_decorator.py
[2025-05-02T19:42:50.150+0000] {logging_mixin.py:188} INFO - [2025-05-02T19:42:50.150+0000] {dag.py:3096} INFO - Sync 1 DAGs
[2025-05-02T19:42:50.178+0000] {logging_mixin.py:188} INFO - [2025-05-02T19:42:50.178+0000] {dag.py:3954} INFO - Setting next_dagrun for example_short_circuit_decorator to 2025-05-01 00:00:00+00:00, run_after=2025-05-02 00:00:00+00:00
[2025-05-02T19:42:50.199+0000] {processor.py:183} INFO - Processing /home/airflow/.local/lib/python3.12/site-packages/airflow/example_dags/example_short_circuit_decorator.py took 0.089 seconds
[2025-05-02T19:43:20.292+0000] {processor.py:161} INFO - Started process (PID=1219) to work on /home/airflow/.local/lib/python3.12/site-packages/airflow/example_dags/example_short_circuit_decorator.py
[2025-05-02T19:43:20.293+0000] {processor.py:830} INFO - Processing file /home/airflow/.local/lib/python3.12/site-packages/airflow/example_dags/example_short_circuit_decorator.py for tasks to queue
[2025-05-02T19:43:20.294+0000] {logging_mixin.py:188} INFO - [2025-05-02T19:43:20.294+0000] {dagbag.py:540} INFO - Filling up the DagBag from /home/airflow/.local/lib/python3.12/site-packages/airflow/example_dags/example_short_circuit_decorator.py
[2025-05-02T19:43:20.303+0000] {processor.py:840} INFO - DAG(s) 'example_short_circuit_decorator' retrieved from /home/airflow/.local/lib/python3.12/site-packages/airflow/example_dags/example_short_circuit_decorator.py
[2025-05-02T19:43:20.324+0000] {logging_mixin.py:188} INFO - [2025-05-02T19:43:20.324+0000] {dag.py:3096} INFO - Sync 1 DAGs
[2025-05-02T19:43:20.347+0000] {logging_mixin.py:188} INFO - [2025-05-02T19:43:20.347+0000] {dag.py:3954} INFO - Setting next_dagrun for example_short_circuit_decorator to 2025-05-01 00:00:00+00:00, run_after=2025-05-02 00:00:00+00:00
[2025-05-02T19:43:20.365+0000] {processor.py:183} INFO - Processing /home/airflow/.local/lib/python3.12/site-packages/airflow/example_dags/example_short_circuit_decorator.py took 0.080 seconds
[2025-05-02T19:43:50.858+0000] {processor.py:161} INFO - Started process (PID=1279) to work on /home/airflow/.local/lib/python3.12/site-packages/airflow/example_dags/example_short_circuit_decorator.py
[2025-05-02T19:43:50.859+0000] {processor.py:830} INFO - Processing file /home/airflow/.local/lib/python3.12/site-packages/airflow/example_dags/example_short_circuit_decorator.py for tasks to queue
[2025-05-02T19:43:50.861+0000] {logging_mixin.py:188} INFO - [2025-05-02T19:43:50.860+0000] {dagbag.py:540} INFO - Filling up the DagBag from /home/airflow/.local/lib/python3.12/site-packages/airflow/example_dags/example_short_circuit_decorator.py
[2025-05-02T19:43:50.869+0000] {processor.py:840} INFO - DAG(s) 'example_short_circuit_decorator' retrieved from /home/airflow/.local/lib/python3.12/site-packages/airflow/example_dags/example_short_circuit_decorator.py
[2025-05-02T19:43:50.896+0000] {logging_mixin.py:188} INFO - [2025-05-02T19:43:50.896+0000] {dag.py:3096} INFO - Sync 1 DAGs
[2025-05-02T19:43:50.917+0000] {logging_mixin.py:188} INFO - [2025-05-02T19:43:50.917+0000] {dag.py:3954} INFO - Setting next_dagrun for example_short_circuit_decorator to 2025-05-01 00:00:00+00:00, run_after=2025-05-02 00:00:00+00:00
[2025-05-02T19:43:50.935+0000] {processor.py:183} INFO - Processing /home/airflow/.local/lib/python3.12/site-packages/airflow/example_dags/example_short_circuit_decorator.py took 0.081 seconds
[2025-05-02T19:44:23.070+0000] {processor.py:161} INFO - Started process (PID=1374) to work on /home/airflow/.local/lib/python3.12/site-packages/airflow/example_dags/example_short_circuit_decorator.py
[2025-05-02T19:44:23.071+0000] {processor.py:830} INFO - Processing file /home/airflow/.local/lib/python3.12/site-packages/airflow/example_dags/example_short_circuit_decorator.py for tasks to queue
[2025-05-02T19:44:23.075+0000] {logging_mixin.py:188} INFO - [2025-05-02T19:44:23.074+0000] {dagbag.py:540} INFO - Filling up the DagBag from /home/airflow/.local/lib/python3.12/site-packages/airflow/example_dags/example_short_circuit_decorator.py
[2025-05-02T19:44:23.103+0000] {processor.py:840} INFO - DAG(s) 'example_short_circuit_decorator' retrieved from /home/airflow/.local/lib/python3.12/site-packages/airflow/example_dags/example_short_circuit_decorator.py
[2025-05-02T19:44:23.207+0000] {logging_mixin.py:188} INFO - [2025-05-02T19:44:23.206+0000] {dag.py:3096} INFO - Sync 1 DAGs
[2025-05-02T19:44:23.327+0000] {logging_mixin.py:188} INFO - [2025-05-02T19:44:23.326+0000] {dag.py:3954} INFO - Setting next_dagrun for example_short_circuit_decorator to 2025-05-01 00:00:00+00:00, run_after=2025-05-02 00:00:00+00:00
[2025-05-02T19:44:23.404+0000] {processor.py:183} INFO - Processing /home/airflow/.local/lib/python3.12/site-packages/airflow/example_dags/example_short_circuit_decorator.py took 0.357 seconds
[2025-05-02T19:44:54.924+0000] {processor.py:161} INFO - Started process (PID=1476) to work on /home/airflow/.local/lib/python3.12/site-packages/airflow/example_dags/example_short_circuit_decorator.py
[2025-05-02T19:44:54.930+0000] {processor.py:830} INFO - Processing file /home/airflow/.local/lib/python3.12/site-packages/airflow/example_dags/example_short_circuit_decorator.py for tasks to queue
[2025-05-02T19:44:54.934+0000] {logging_mixin.py:188} INFO - [2025-05-02T19:44:54.933+0000] {dagbag.py:540} INFO - Filling up the DagBag from /home/airflow/.local/lib/python3.12/site-packages/airflow/example_dags/example_short_circuit_decorator.py
[2025-05-02T19:44:54.963+0000] {processor.py:840} INFO - DAG(s) 'example_short_circuit_decorator' retrieved from /home/airflow/.local/lib/python3.12/site-packages/airflow/example_dags/example_short_circuit_decorator.py
[2025-05-02T19:44:55.082+0000] {logging_mixin.py:188} INFO - [2025-05-02T19:44:55.081+0000] {dag.py:3096} INFO - Sync 1 DAGs
[2025-05-02T19:44:55.136+0000] {logging_mixin.py:188} INFO - [2025-05-02T19:44:55.136+0000] {dag.py:3954} INFO - Setting next_dagrun for example_short_circuit_decorator to 2025-05-01 00:00:00+00:00, run_after=2025-05-02 00:00:00+00:00
[2025-05-02T19:44:55.189+0000] {processor.py:183} INFO - Processing /home/airflow/.local/lib/python3.12/site-packages/airflow/example_dags/example_short_circuit_decorator.py took 0.276 seconds
[2025-05-02T19:45:26.996+0000] {processor.py:161} INFO - Started process (PID=1570) to work on /home/airflow/.local/lib/python3.12/site-packages/airflow/example_dags/example_short_circuit_decorator.py
[2025-05-02T19:45:26.997+0000] {processor.py:830} INFO - Processing file /home/airflow/.local/lib/python3.12/site-packages/airflow/example_dags/example_short_circuit_decorator.py for tasks to queue
[2025-05-02T19:45:27.013+0000] {logging_mixin.py:188} INFO - [2025-05-02T19:45:27.013+0000] {dagbag.py:540} INFO - Filling up the DagBag from /home/airflow/.local/lib/python3.12/site-packages/airflow/example_dags/example_short_circuit_decorator.py
[2025-05-02T19:45:27.036+0000] {processor.py:840} INFO - DAG(s) 'example_short_circuit_decorator' retrieved from /home/airflow/.local/lib/python3.12/site-packages/airflow/example_dags/example_short_circuit_decorator.py
[2025-05-02T19:45:27.122+0000] {logging_mixin.py:188} INFO - [2025-05-02T19:45:27.122+0000] {dag.py:3096} INFO - Sync 1 DAGs
[2025-05-02T19:45:27.178+0000] {logging_mixin.py:188} INFO - [2025-05-02T19:45:27.177+0000] {dag.py:3954} INFO - Setting next_dagrun for example_short_circuit_decorator to 2025-05-01 00:00:00+00:00, run_after=2025-05-02 00:00:00+00:00
[2025-05-02T19:45:27.242+0000] {processor.py:183} INFO - Processing /home/airflow/.local/lib/python3.12/site-packages/airflow/example_dags/example_short_circuit_decorator.py took 0.266 seconds
[2025-05-02T19:45:57.700+0000] {processor.py:161} INFO - Started process (PID=1677) to work on /home/airflow/.local/lib/python3.12/site-packages/airflow/example_dags/example_short_circuit_decorator.py
[2025-05-02T19:45:57.702+0000] {processor.py:830} INFO - Processing file /home/airflow/.local/lib/python3.12/site-packages/airflow/example_dags/example_short_circuit_decorator.py for tasks to queue
[2025-05-02T19:45:57.705+0000] {logging_mixin.py:188} INFO - [2025-05-02T19:45:57.704+0000] {dagbag.py:540} INFO - Filling up the DagBag from /home/airflow/.local/lib/python3.12/site-packages/airflow/example_dags/example_short_circuit_decorator.py
[2025-05-02T19:45:57.722+0000] {processor.py:840} INFO - DAG(s) 'example_short_circuit_decorator' retrieved from /home/airflow/.local/lib/python3.12/site-packages/airflow/example_dags/example_short_circuit_decorator.py
[2025-05-02T19:45:57.770+0000] {logging_mixin.py:188} INFO - [2025-05-02T19:45:57.770+0000] {dag.py:3096} INFO - Sync 1 DAGs
[2025-05-02T19:45:57.821+0000] {logging_mixin.py:188} INFO - [2025-05-02T19:45:57.820+0000] {dag.py:3954} INFO - Setting next_dagrun for example_short_circuit_decorator to 2025-05-01 00:00:00+00:00, run_after=2025-05-02 00:00:00+00:00
[2025-05-02T19:45:57.857+0000] {processor.py:183} INFO - Processing /home/airflow/.local/lib/python3.12/site-packages/airflow/example_dags/example_short_circuit_decorator.py took 0.170 seconds
[2025-05-02T19:46:28.058+0000] {processor.py:161} INFO - Started process (PID=1776) to work on /home/airflow/.local/lib/python3.12/site-packages/airflow/example_dags/example_short_circuit_decorator.py
[2025-05-02T19:46:28.059+0000] {processor.py:830} INFO - Processing file /home/airflow/.local/lib/python3.12/site-packages/airflow/example_dags/example_short_circuit_decorator.py for tasks to queue
[2025-05-02T19:46:28.062+0000] {logging_mixin.py:188} INFO - [2025-05-02T19:46:28.062+0000] {dagbag.py:540} INFO - Filling up the DagBag from /home/airflow/.local/lib/python3.12/site-packages/airflow/example_dags/example_short_circuit_decorator.py
[2025-05-02T19:46:28.093+0000] {processor.py:840} INFO - DAG(s) 'example_short_circuit_decorator' retrieved from /home/airflow/.local/lib/python3.12/site-packages/airflow/example_dags/example_short_circuit_decorator.py
[2025-05-02T19:46:28.177+0000] {logging_mixin.py:188} INFO - [2025-05-02T19:46:28.177+0000] {dag.py:3096} INFO - Sync 1 DAGs
[2025-05-02T19:46:28.241+0000] {logging_mixin.py:188} INFO - [2025-05-02T19:46:28.241+0000] {dag.py:3954} INFO - Setting next_dagrun for example_short_circuit_decorator to 2025-05-01 00:00:00+00:00, run_after=2025-05-02 00:00:00+00:00
[2025-05-02T19:46:28.358+0000] {processor.py:183} INFO - Processing /home/airflow/.local/lib/python3.12/site-packages/airflow/example_dags/example_short_circuit_decorator.py took 0.311 seconds
[2025-05-02T19:46:58.659+0000] {processor.py:161} INFO - Started process (PID=1891) to work on /home/airflow/.local/lib/python3.12/site-packages/airflow/example_dags/example_short_circuit_decorator.py
[2025-05-02T19:46:58.661+0000] {processor.py:830} INFO - Processing file /home/airflow/.local/lib/python3.12/site-packages/airflow/example_dags/example_short_circuit_decorator.py for tasks to queue
[2025-05-02T19:46:58.665+0000] {logging_mixin.py:188} INFO - [2025-05-02T19:46:58.664+0000] {dagbag.py:540} INFO - Filling up the DagBag from /home/airflow/.local/lib/python3.12/site-packages/airflow/example_dags/example_short_circuit_decorator.py
[2025-05-02T19:46:58.684+0000] {processor.py:840} INFO - DAG(s) 'example_short_circuit_decorator' retrieved from /home/airflow/.local/lib/python3.12/site-packages/airflow/example_dags/example_short_circuit_decorator.py
[2025-05-02T19:46:58.760+0000] {logging_mixin.py:188} INFO - [2025-05-02T19:46:58.760+0000] {dag.py:3096} INFO - Sync 1 DAGs
[2025-05-02T19:46:58.821+0000] {logging_mixin.py:188} INFO - [2025-05-02T19:46:58.821+0000] {dag.py:3954} INFO - Setting next_dagrun for example_short_circuit_decorator to 2025-05-01 00:00:00+00:00, run_after=2025-05-02 00:00:00+00:00
[2025-05-02T19:46:58.910+0000] {processor.py:183} INFO - Processing /home/airflow/.local/lib/python3.12/site-packages/airflow/example_dags/example_short_circuit_decorator.py took 0.263 seconds
[2025-05-02T19:47:34.503+0000] {processor.py:161} INFO - Started process (PID=1993) to work on /home/airflow/.local/lib/python3.12/site-packages/airflow/example_dags/example_short_circuit_decorator.py
[2025-05-02T19:47:34.505+0000] {processor.py:830} INFO - Processing file /home/airflow/.local/lib/python3.12/site-packages/airflow/example_dags/example_short_circuit_decorator.py for tasks to queue
[2025-05-02T19:47:34.511+0000] {logging_mixin.py:188} INFO - [2025-05-02T19:47:34.510+0000] {dagbag.py:540} INFO - Filling up the DagBag from /home/airflow/.local/lib/python3.12/site-packages/airflow/example_dags/example_short_circuit_decorator.py
[2025-05-02T19:47:34.565+0000] {processor.py:840} INFO - DAG(s) 'example_short_circuit_decorator' retrieved from /home/airflow/.local/lib/python3.12/site-packages/airflow/example_dags/example_short_circuit_decorator.py
[2025-05-02T19:47:34.631+0000] {logging_mixin.py:188} INFO - [2025-05-02T19:47:34.629+0000] {dag.py:3096} INFO - Sync 1 DAGs
[2025-05-02T19:47:34.697+0000] {logging_mixin.py:188} INFO - [2025-05-02T19:47:34.695+0000] {dag.py:3954} INFO - Setting next_dagrun for example_short_circuit_decorator to 2025-05-01 00:00:00+00:00, run_after=2025-05-02 00:00:00+00:00
[2025-05-02T19:47:34.751+0000] {processor.py:183} INFO - Processing /home/airflow/.local/lib/python3.12/site-packages/airflow/example_dags/example_short_circuit_decorator.py took 0.277 seconds
[2025-05-02T19:48:07.873+0000] {processor.py:161} INFO - Started process (PID=2096) to work on /home/airflow/.local/lib/python3.12/site-packages/airflow/example_dags/example_short_circuit_decorator.py
[2025-05-02T19:48:07.886+0000] {processor.py:830} INFO - Processing file /home/airflow/.local/lib/python3.12/site-packages/airflow/example_dags/example_short_circuit_decorator.py for tasks to queue
[2025-05-02T19:48:07.889+0000] {logging_mixin.py:188} INFO - [2025-05-02T19:48:07.889+0000] {dagbag.py:540} INFO - Filling up the DagBag from /home/airflow/.local/lib/python3.12/site-packages/airflow/example_dags/example_short_circuit_decorator.py
[2025-05-02T19:48:07.911+0000] {processor.py:840} INFO - DAG(s) 'example_short_circuit_decorator' retrieved from /home/airflow/.local/lib/python3.12/site-packages/airflow/example_dags/example_short_circuit_decorator.py
[2025-05-02T19:48:07.989+0000] {logging_mixin.py:188} INFO - [2025-05-02T19:48:07.989+0000] {dag.py:3096} INFO - Sync 1 DAGs
[2025-05-02T19:48:08.063+0000] {logging_mixin.py:188} INFO - [2025-05-02T19:48:08.062+0000] {dag.py:3954} INFO - Setting next_dagrun for example_short_circuit_decorator to 2025-05-01 00:00:00+00:00, run_after=2025-05-02 00:00:00+00:00
[2025-05-02T19:48:08.151+0000] {processor.py:183} INFO - Processing /home/airflow/.local/lib/python3.12/site-packages/airflow/example_dags/example_short_circuit_decorator.py took 0.298 seconds
[2025-05-02T19:48:44.825+0000] {processor.py:161} INFO - Started process (PID=2189) to work on /home/airflow/.local/lib/python3.12/site-packages/airflow/example_dags/example_short_circuit_decorator.py
[2025-05-02T19:48:44.839+0000] {processor.py:830} INFO - Processing file /home/airflow/.local/lib/python3.12/site-packages/airflow/example_dags/example_short_circuit_decorator.py for tasks to queue
[2025-05-02T19:48:44.854+0000] {logging_mixin.py:188} INFO - [2025-05-02T19:48:44.842+0000] {dagbag.py:540} INFO - Filling up the DagBag from /home/airflow/.local/lib/python3.12/site-packages/airflow/example_dags/example_short_circuit_decorator.py
[2025-05-02T19:48:44.909+0000] {processor.py:840} INFO - DAG(s) 'example_short_circuit_decorator' retrieved from /home/airflow/.local/lib/python3.12/site-packages/airflow/example_dags/example_short_circuit_decorator.py
[2025-05-02T19:48:45.279+0000] {logging_mixin.py:188} INFO - [2025-05-02T19:48:45.279+0000] {dag.py:3096} INFO - Sync 1 DAGs
[2025-05-02T19:48:45.398+0000] {logging_mixin.py:188} INFO - [2025-05-02T19:48:45.387+0000] {dag.py:3954} INFO - Setting next_dagrun for example_short_circuit_decorator to 2025-05-01 00:00:00+00:00, run_after=2025-05-02 00:00:00+00:00
[2025-05-02T19:48:45.756+0000] {processor.py:183} INFO - Processing /home/airflow/.local/lib/python3.12/site-packages/airflow/example_dags/example_short_circuit_decorator.py took 0.956 seconds
[2025-05-02T19:49:18.840+0000] {processor.py:161} INFO - Started process (PID=2286) to work on /home/airflow/.local/lib/python3.12/site-packages/airflow/example_dags/example_short_circuit_decorator.py
[2025-05-02T19:49:18.842+0000] {processor.py:830} INFO - Processing file /home/airflow/.local/lib/python3.12/site-packages/airflow/example_dags/example_short_circuit_decorator.py for tasks to queue
[2025-05-02T19:49:18.845+0000] {logging_mixin.py:188} INFO - [2025-05-02T19:49:18.844+0000] {dagbag.py:540} INFO - Filling up the DagBag from /home/airflow/.local/lib/python3.12/site-packages/airflow/example_dags/example_short_circuit_decorator.py
[2025-05-02T19:49:18.937+0000] {processor.py:840} INFO - DAG(s) 'example_short_circuit_decorator' retrieved from /home/airflow/.local/lib/python3.12/site-packages/airflow/example_dags/example_short_circuit_decorator.py
[2025-05-02T19:49:19.024+0000] {logging_mixin.py:188} INFO - [2025-05-02T19:49:19.023+0000] {dag.py:3096} INFO - Sync 1 DAGs
[2025-05-02T19:49:19.528+0000] {logging_mixin.py:188} INFO - [2025-05-02T19:49:19.527+0000] {dag.py:3954} INFO - Setting next_dagrun for example_short_circuit_decorator to 2025-05-01 00:00:00+00:00, run_after=2025-05-02 00:00:00+00:00
[2025-05-02T19:49:19.614+0000] {processor.py:183} INFO - Processing /home/airflow/.local/lib/python3.12/site-packages/airflow/example_dags/example_short_circuit_decorator.py took 0.788 seconds
[2025-05-02T19:49:53.286+0000] {processor.py:161} INFO - Started process (PID=2364) to work on /home/airflow/.local/lib/python3.12/site-packages/airflow/example_dags/example_short_circuit_decorator.py
[2025-05-02T19:49:53.296+0000] {processor.py:830} INFO - Processing file /home/airflow/.local/lib/python3.12/site-packages/airflow/example_dags/example_short_circuit_decorator.py for tasks to queue
[2025-05-02T19:49:53.300+0000] {logging_mixin.py:188} INFO - [2025-05-02T19:49:53.300+0000] {dagbag.py:540} INFO - Filling up the DagBag from /home/airflow/.local/lib/python3.12/site-packages/airflow/example_dags/example_short_circuit_decorator.py
[2025-05-02T19:49:53.333+0000] {processor.py:840} INFO - DAG(s) 'example_short_circuit_decorator' retrieved from /home/airflow/.local/lib/python3.12/site-packages/airflow/example_dags/example_short_circuit_decorator.py
[2025-05-02T19:49:53.400+0000] {logging_mixin.py:188} INFO - [2025-05-02T19:49:53.400+0000] {dag.py:3096} INFO - Sync 1 DAGs
[2025-05-02T19:49:53.464+0000] {logging_mixin.py:188} INFO - [2025-05-02T19:49:53.463+0000] {dag.py:3954} INFO - Setting next_dagrun for example_short_circuit_decorator to 2025-05-01 00:00:00+00:00, run_after=2025-05-02 00:00:00+00:00
[2025-05-02T19:49:53.509+0000] {processor.py:183} INFO - Processing /home/airflow/.local/lib/python3.12/site-packages/airflow/example_dags/example_short_circuit_decorator.py took 0.245 seconds
[2025-05-02T19:50:27.459+0000] {processor.py:161} INFO - Started process (PID=2488) to work on /home/airflow/.local/lib/python3.12/site-packages/airflow/example_dags/example_short_circuit_decorator.py
[2025-05-02T19:50:27.462+0000] {processor.py:830} INFO - Processing file /home/airflow/.local/lib/python3.12/site-packages/airflow/example_dags/example_short_circuit_decorator.py for tasks to queue
[2025-05-02T19:50:27.467+0000] {logging_mixin.py:188} INFO - [2025-05-02T19:50:27.466+0000] {dagbag.py:540} INFO - Filling up the DagBag from /home/airflow/.local/lib/python3.12/site-packages/airflow/example_dags/example_short_circuit_decorator.py
[2025-05-02T19:50:27.501+0000] {processor.py:840} INFO - DAG(s) 'example_short_circuit_decorator' retrieved from /home/airflow/.local/lib/python3.12/site-packages/airflow/example_dags/example_short_circuit_decorator.py
[2025-05-02T19:50:27.596+0000] {logging_mixin.py:188} INFO - [2025-05-02T19:50:27.595+0000] {dag.py:3096} INFO - Sync 1 DAGs
[2025-05-02T19:50:27.766+0000] {logging_mixin.py:188} INFO - [2025-05-02T19:50:27.765+0000] {dag.py:3954} INFO - Setting next_dagrun for example_short_circuit_decorator to 2025-05-01 00:00:00+00:00, run_after=2025-05-02 00:00:00+00:00
[2025-05-02T19:50:27.874+0000] {processor.py:183} INFO - Processing /home/airflow/.local/lib/python3.12/site-packages/airflow/example_dags/example_short_circuit_decorator.py took 0.438 seconds
[2025-05-02T19:51:01.493+0000] {processor.py:161} INFO - Started process (PID=2578) to work on /home/airflow/.local/lib/python3.12/site-packages/airflow/example_dags/example_short_circuit_decorator.py
[2025-05-02T19:51:01.496+0000] {processor.py:830} INFO - Processing file /home/airflow/.local/lib/python3.12/site-packages/airflow/example_dags/example_short_circuit_decorator.py for tasks to queue
[2025-05-02T19:51:01.501+0000] {logging_mixin.py:188} INFO - [2025-05-02T19:51:01.500+0000] {dagbag.py:540} INFO - Filling up the DagBag from /home/airflow/.local/lib/python3.12/site-packages/airflow/example_dags/example_short_circuit_decorator.py
[2025-05-02T19:51:01.541+0000] {processor.py:840} INFO - DAG(s) 'example_short_circuit_decorator' retrieved from /home/airflow/.local/lib/python3.12/site-packages/airflow/example_dags/example_short_circuit_decorator.py
[2025-05-02T19:51:01.623+0000] {logging_mixin.py:188} INFO - [2025-05-02T19:51:01.622+0000] {dag.py:3096} INFO - Sync 1 DAGs
[2025-05-02T19:51:02.129+0000] {logging_mixin.py:188} INFO - [2025-05-02T19:51:02.127+0000] {dag.py:3954} INFO - Setting next_dagrun for example_short_circuit_decorator to 2025-05-01 00:00:00+00:00, run_after=2025-05-02 00:00:00+00:00
[2025-05-02T19:51:02.239+0000] {processor.py:183} INFO - Processing /home/airflow/.local/lib/python3.12/site-packages/airflow/example_dags/example_short_circuit_decorator.py took 0.807 seconds
[2025-05-02T19:51:36.074+0000] {processor.py:161} INFO - Started process (PID=2684) to work on /home/airflow/.local/lib/python3.12/site-packages/airflow/example_dags/example_short_circuit_decorator.py
[2025-05-02T19:51:36.075+0000] {processor.py:830} INFO - Processing file /home/airflow/.local/lib/python3.12/site-packages/airflow/example_dags/example_short_circuit_decorator.py for tasks to queue
[2025-05-02T19:51:36.079+0000] {logging_mixin.py:188} INFO - [2025-05-02T19:51:36.078+0000] {dagbag.py:540} INFO - Filling up the DagBag from /home/airflow/.local/lib/python3.12/site-packages/airflow/example_dags/example_short_circuit_decorator.py
[2025-05-02T19:51:36.099+0000] {processor.py:840} INFO - DAG(s) 'example_short_circuit_decorator' retrieved from /home/airflow/.local/lib/python3.12/site-packages/airflow/example_dags/example_short_circuit_decorator.py
[2025-05-02T19:51:36.158+0000] {logging_mixin.py:188} INFO - [2025-05-02T19:51:36.158+0000] {dag.py:3096} INFO - Sync 1 DAGs
[2025-05-02T19:51:36.206+0000] {logging_mixin.py:188} INFO - [2025-05-02T19:51:36.206+0000] {dag.py:3954} INFO - Setting next_dagrun for example_short_circuit_decorator to 2025-05-01 00:00:00+00:00, run_after=2025-05-02 00:00:00+00:00
[2025-05-02T19:51:36.260+0000] {processor.py:183} INFO - Processing /home/airflow/.local/lib/python3.12/site-packages/airflow/example_dags/example_short_circuit_decorator.py took 0.199 seconds
[2025-05-02T19:52:06.858+0000] {processor.py:161} INFO - Started process (PID=2760) to work on /home/airflow/.local/lib/python3.12/site-packages/airflow/example_dags/example_short_circuit_decorator.py
[2025-05-02T19:52:06.860+0000] {processor.py:830} INFO - Processing file /home/airflow/.local/lib/python3.12/site-packages/airflow/example_dags/example_short_circuit_decorator.py for tasks to queue
[2025-05-02T19:52:06.867+0000] {logging_mixin.py:188} INFO - [2025-05-02T19:52:06.865+0000] {dagbag.py:540} INFO - Filling up the DagBag from /home/airflow/.local/lib/python3.12/site-packages/airflow/example_dags/example_short_circuit_decorator.py
[2025-05-02T19:52:07.362+0000] {processor.py:840} INFO - DAG(s) 'example_short_circuit_decorator' retrieved from /home/airflow/.local/lib/python3.12/site-packages/airflow/example_dags/example_short_circuit_decorator.py
[2025-05-02T19:52:07.497+0000] {logging_mixin.py:188} INFO - [2025-05-02T19:52:07.497+0000] {dag.py:3096} INFO - Sync 1 DAGs
[2025-05-02T19:52:07.604+0000] {logging_mixin.py:188} INFO - [2025-05-02T19:52:07.603+0000] {dag.py:3954} INFO - Setting next_dagrun for example_short_circuit_decorator to 2025-05-01 00:00:00+00:00, run_after=2025-05-02 00:00:00+00:00
[2025-05-02T19:52:07.699+0000] {processor.py:183} INFO - Processing /home/airflow/.local/lib/python3.12/site-packages/airflow/example_dags/example_short_circuit_decorator.py took 0.859 seconds
[2025-05-02T19:52:37.878+0000] {processor.py:161} INFO - Started process (PID=2866) to work on /home/airflow/.local/lib/python3.12/site-packages/airflow/example_dags/example_short_circuit_decorator.py
[2025-05-02T19:52:37.879+0000] {processor.py:830} INFO - Processing file /home/airflow/.local/lib/python3.12/site-packages/airflow/example_dags/example_short_circuit_decorator.py for tasks to queue
[2025-05-02T19:52:37.891+0000] {logging_mixin.py:188} INFO - [2025-05-02T19:52:37.890+0000] {dagbag.py:540} INFO - Filling up the DagBag from /home/airflow/.local/lib/python3.12/site-packages/airflow/example_dags/example_short_circuit_decorator.py
[2025-05-02T19:52:37.921+0000] {processor.py:840} INFO - DAG(s) 'example_short_circuit_decorator' retrieved from /home/airflow/.local/lib/python3.12/site-packages/airflow/example_dags/example_short_circuit_decorator.py
[2025-05-02T19:52:38.006+0000] {logging_mixin.py:188} INFO - [2025-05-02T19:52:38.006+0000] {dag.py:3096} INFO - Sync 1 DAGs
[2025-05-02T19:52:38.072+0000] {logging_mixin.py:188} INFO - [2025-05-02T19:52:38.071+0000] {dag.py:3954} INFO - Setting next_dagrun for example_short_circuit_decorator to 2025-05-01 00:00:00+00:00, run_after=2025-05-02 00:00:00+00:00
[2025-05-02T19:52:38.177+0000] {processor.py:183} INFO - Processing /home/airflow/.local/lib/python3.12/site-packages/airflow/example_dags/example_short_circuit_decorator.py took 0.331 seconds
[2025-05-02T19:53:08.437+0000] {processor.py:161} INFO - Started process (PID=2970) to work on /home/airflow/.local/lib/python3.12/site-packages/airflow/example_dags/example_short_circuit_decorator.py
[2025-05-02T19:53:08.447+0000] {processor.py:830} INFO - Processing file /home/airflow/.local/lib/python3.12/site-packages/airflow/example_dags/example_short_circuit_decorator.py for tasks to queue
[2025-05-02T19:53:08.452+0000] {logging_mixin.py:188} INFO - [2025-05-02T19:53:08.451+0000] {dagbag.py:540} INFO - Filling up the DagBag from /home/airflow/.local/lib/python3.12/site-packages/airflow/example_dags/example_short_circuit_decorator.py
[2025-05-02T19:53:08.481+0000] {processor.py:840} INFO - DAG(s) 'example_short_circuit_decorator' retrieved from /home/airflow/.local/lib/python3.12/site-packages/airflow/example_dags/example_short_circuit_decorator.py
[2025-05-02T19:53:08.611+0000] {logging_mixin.py:188} INFO - [2025-05-02T19:53:08.611+0000] {dag.py:3096} INFO - Sync 1 DAGs
[2025-05-02T19:53:08.673+0000] {logging_mixin.py:188} INFO - [2025-05-02T19:53:08.673+0000] {dag.py:3954} INFO - Setting next_dagrun for example_short_circuit_decorator to 2025-05-01 00:00:00+00:00, run_after=2025-05-02 00:00:00+00:00
[2025-05-02T19:53:08.798+0000] {processor.py:183} INFO - Processing /home/airflow/.local/lib/python3.12/site-packages/airflow/example_dags/example_short_circuit_decorator.py took 0.377 seconds
[2025-05-02T19:53:38.954+0000] {processor.py:161} INFO - Started process (PID=3056) to work on /home/airflow/.local/lib/python3.12/site-packages/airflow/example_dags/example_short_circuit_decorator.py
[2025-05-02T19:53:38.956+0000] {processor.py:830} INFO - Processing file /home/airflow/.local/lib/python3.12/site-packages/airflow/example_dags/example_short_circuit_decorator.py for tasks to queue
[2025-05-02T19:53:38.960+0000] {logging_mixin.py:188} INFO - [2025-05-02T19:53:38.959+0000] {dagbag.py:540} INFO - Filling up the DagBag from /home/airflow/.local/lib/python3.12/site-packages/airflow/example_dags/example_short_circuit_decorator.py
[2025-05-02T19:53:38.980+0000] {processor.py:840} INFO - DAG(s) 'example_short_circuit_decorator' retrieved from /home/airflow/.local/lib/python3.12/site-packages/airflow/example_dags/example_short_circuit_decorator.py
[2025-05-02T19:53:39.039+0000] {logging_mixin.py:188} INFO - [2025-05-02T19:53:39.039+0000] {dag.py:3096} INFO - Sync 1 DAGs
[2025-05-02T19:53:39.094+0000] {logging_mixin.py:188} INFO - [2025-05-02T19:53:39.093+0000] {dag.py:3954} INFO - Setting next_dagrun for example_short_circuit_decorator to 2025-05-01 00:00:00+00:00, run_after=2025-05-02 00:00:00+00:00
[2025-05-02T19:53:39.148+0000] {processor.py:183} INFO - Processing /home/airflow/.local/lib/python3.12/site-packages/airflow/example_dags/example_short_circuit_decorator.py took 0.227 seconds
[2025-05-02T19:54:09.395+0000] {processor.py:161} INFO - Started process (PID=3144) to work on /home/airflow/.local/lib/python3.12/site-packages/airflow/example_dags/example_short_circuit_decorator.py
[2025-05-02T19:54:09.403+0000] {processor.py:830} INFO - Processing file /home/airflow/.local/lib/python3.12/site-packages/airflow/example_dags/example_short_circuit_decorator.py for tasks to queue
[2025-05-02T19:54:09.406+0000] {logging_mixin.py:188} INFO - [2025-05-02T19:54:09.406+0000] {dagbag.py:540} INFO - Filling up the DagBag from /home/airflow/.local/lib/python3.12/site-packages/airflow/example_dags/example_short_circuit_decorator.py
[2025-05-02T19:54:09.445+0000] {processor.py:840} INFO - DAG(s) 'example_short_circuit_decorator' retrieved from /home/airflow/.local/lib/python3.12/site-packages/airflow/example_dags/example_short_circuit_decorator.py
[2025-05-02T19:54:09.551+0000] {logging_mixin.py:188} INFO - [2025-05-02T19:54:09.550+0000] {dag.py:3096} INFO - Sync 1 DAGs
[2025-05-02T19:54:09.595+0000] {logging_mixin.py:188} INFO - [2025-05-02T19:54:09.595+0000] {dag.py:3954} INFO - Setting next_dagrun for example_short_circuit_decorator to 2025-05-01 00:00:00+00:00, run_after=2025-05-02 00:00:00+00:00
[2025-05-02T19:54:09.655+0000] {processor.py:183} INFO - Processing /home/airflow/.local/lib/python3.12/site-packages/airflow/example_dags/example_short_circuit_decorator.py took 0.272 seconds
[2025-05-02T19:54:40.134+0000] {processor.py:161} INFO - Started process (PID=3252) to work on /home/airflow/.local/lib/python3.12/site-packages/airflow/example_dags/example_short_circuit_decorator.py
[2025-05-02T19:54:40.136+0000] {processor.py:830} INFO - Processing file /home/airflow/.local/lib/python3.12/site-packages/airflow/example_dags/example_short_circuit_decorator.py for tasks to queue
[2025-05-02T19:54:40.139+0000] {logging_mixin.py:188} INFO - [2025-05-02T19:54:40.139+0000] {dagbag.py:540} INFO - Filling up the DagBag from /home/airflow/.local/lib/python3.12/site-packages/airflow/example_dags/example_short_circuit_decorator.py
[2025-05-02T19:54:40.157+0000] {processor.py:840} INFO - DAG(s) 'example_short_circuit_decorator' retrieved from /home/airflow/.local/lib/python3.12/site-packages/airflow/example_dags/example_short_circuit_decorator.py
[2025-05-02T19:54:40.203+0000] {logging_mixin.py:188} INFO - [2025-05-02T19:54:40.203+0000] {dag.py:3096} INFO - Sync 1 DAGs
[2025-05-02T19:54:40.249+0000] {logging_mixin.py:188} INFO - [2025-05-02T19:54:40.249+0000] {dag.py:3954} INFO - Setting next_dagrun for example_short_circuit_decorator to 2025-05-01 00:00:00+00:00, run_after=2025-05-02 00:00:00+00:00
[2025-05-02T19:54:40.280+0000] {processor.py:183} INFO - Processing /home/airflow/.local/lib/python3.12/site-packages/airflow/example_dags/example_short_circuit_decorator.py took 0.157 seconds
[2025-05-02T19:55:10.315+0000] {processor.py:161} INFO - Started process (PID=3343) to work on /home/airflow/.local/lib/python3.12/site-packages/airflow/example_dags/example_short_circuit_decorator.py
[2025-05-02T19:55:10.317+0000] {processor.py:830} INFO - Processing file /home/airflow/.local/lib/python3.12/site-packages/airflow/example_dags/example_short_circuit_decorator.py for tasks to queue
[2025-05-02T19:55:10.321+0000] {logging_mixin.py:188} INFO - [2025-05-02T19:55:10.320+0000] {dagbag.py:540} INFO - Filling up the DagBag from /home/airflow/.local/lib/python3.12/site-packages/airflow/example_dags/example_short_circuit_decorator.py
[2025-05-02T19:55:10.339+0000] {processor.py:840} INFO - DAG(s) 'example_short_circuit_decorator' retrieved from /home/airflow/.local/lib/python3.12/site-packages/airflow/example_dags/example_short_circuit_decorator.py
[2025-05-02T19:55:10.402+0000] {logging_mixin.py:188} INFO - [2025-05-02T19:55:10.401+0000] {dag.py:3096} INFO - Sync 1 DAGs
[2025-05-02T19:55:10.454+0000] {logging_mixin.py:188} INFO - [2025-05-02T19:55:10.453+0000] {dag.py:3954} INFO - Setting next_dagrun for example_short_circuit_decorator to 2025-05-01 00:00:00+00:00, run_after=2025-05-02 00:00:00+00:00
[2025-05-02T19:55:10.558+0000] {processor.py:183} INFO - Processing /home/airflow/.local/lib/python3.12/site-packages/airflow/example_dags/example_short_circuit_decorator.py took 0.255 seconds
[2025-05-02T19:55:43.555+0000] {processor.py:161} INFO - Started process (PID=3439) to work on /home/airflow/.local/lib/python3.12/site-packages/airflow/example_dags/example_short_circuit_decorator.py
[2025-05-02T19:55:43.557+0000] {processor.py:830} INFO - Processing file /home/airflow/.local/lib/python3.12/site-packages/airflow/example_dags/example_short_circuit_decorator.py for tasks to queue
[2025-05-02T19:55:43.561+0000] {logging_mixin.py:188} INFO - [2025-05-02T19:55:43.561+0000] {dagbag.py:540} INFO - Filling up the DagBag from /home/airflow/.local/lib/python3.12/site-packages/airflow/example_dags/example_short_circuit_decorator.py
[2025-05-02T19:55:43.579+0000] {processor.py:840} INFO - DAG(s) 'example_short_circuit_decorator' retrieved from /home/airflow/.local/lib/python3.12/site-packages/airflow/example_dags/example_short_circuit_decorator.py
[2025-05-02T19:55:43.673+0000] {logging_mixin.py:188} INFO - [2025-05-02T19:55:43.673+0000] {dag.py:3096} INFO - Sync 1 DAGs
[2025-05-02T19:55:43.735+0000] {logging_mixin.py:188} INFO - [2025-05-02T19:55:43.734+0000] {dag.py:3954} INFO - Setting next_dagrun for example_short_circuit_decorator to 2025-05-01 00:00:00+00:00, run_after=2025-05-02 00:00:00+00:00
[2025-05-02T19:55:43.901+0000] {processor.py:183} INFO - Processing /home/airflow/.local/lib/python3.12/site-packages/airflow/example_dags/example_short_circuit_decorator.py took 0.368 seconds
[2025-05-02T19:56:15.962+0000] {processor.py:161} INFO - Started process (PID=3544) to work on /home/airflow/.local/lib/python3.12/site-packages/airflow/example_dags/example_short_circuit_decorator.py
[2025-05-02T19:56:15.966+0000] {processor.py:830} INFO - Processing file /home/airflow/.local/lib/python3.12/site-packages/airflow/example_dags/example_short_circuit_decorator.py for tasks to queue
[2025-05-02T19:56:15.970+0000] {logging_mixin.py:188} INFO - [2025-05-02T19:56:15.970+0000] {dagbag.py:540} INFO - Filling up the DagBag from /home/airflow/.local/lib/python3.12/site-packages/airflow/example_dags/example_short_circuit_decorator.py
[2025-05-02T19:56:15.991+0000] {processor.py:840} INFO - DAG(s) 'example_short_circuit_decorator' retrieved from /home/airflow/.local/lib/python3.12/site-packages/airflow/example_dags/example_short_circuit_decorator.py
[2025-05-02T19:56:16.034+0000] {logging_mixin.py:188} INFO - [2025-05-02T19:56:16.033+0000] {dag.py:3096} INFO - Sync 1 DAGs
[2025-05-02T19:56:16.073+0000] {logging_mixin.py:188} INFO - [2025-05-02T19:56:16.073+0000] {dag.py:3954} INFO - Setting next_dagrun for example_short_circuit_decorator to 2025-05-01 00:00:00+00:00, run_after=2025-05-02 00:00:00+00:00
[2025-05-02T19:56:16.165+0000] {processor.py:183} INFO - Processing /home/airflow/.local/lib/python3.12/site-packages/airflow/example_dags/example_short_circuit_decorator.py took 0.223 seconds
[2025-05-02T19:56:49.228+0000] {processor.py:161} INFO - Started process (PID=3638) to work on /home/airflow/.local/lib/python3.12/site-packages/airflow/example_dags/example_short_circuit_decorator.py
[2025-05-02T19:56:49.230+0000] {processor.py:830} INFO - Processing file /home/airflow/.local/lib/python3.12/site-packages/airflow/example_dags/example_short_circuit_decorator.py for tasks to queue
[2025-05-02T19:56:49.233+0000] {logging_mixin.py:188} INFO - [2025-05-02T19:56:49.232+0000] {dagbag.py:540} INFO - Filling up the DagBag from /home/airflow/.local/lib/python3.12/site-packages/airflow/example_dags/example_short_circuit_decorator.py
[2025-05-02T19:56:49.261+0000] {processor.py:840} INFO - DAG(s) 'example_short_circuit_decorator' retrieved from /home/airflow/.local/lib/python3.12/site-packages/airflow/example_dags/example_short_circuit_decorator.py
[2025-05-02T19:56:49.324+0000] {logging_mixin.py:188} INFO - [2025-05-02T19:56:49.324+0000] {dag.py:3096} INFO - Sync 1 DAGs
[2025-05-02T19:56:49.376+0000] {logging_mixin.py:188} INFO - [2025-05-02T19:56:49.376+0000] {dag.py:3954} INFO - Setting next_dagrun for example_short_circuit_decorator to 2025-05-01 00:00:00+00:00, run_after=2025-05-02 00:00:00+00:00
[2025-05-02T19:56:49.496+0000] {processor.py:183} INFO - Processing /home/airflow/.local/lib/python3.12/site-packages/airflow/example_dags/example_short_circuit_decorator.py took 0.290 seconds
[2025-05-02T19:57:19.748+0000] {processor.py:161} INFO - Started process (PID=3738) to work on /home/airflow/.local/lib/python3.12/site-packages/airflow/example_dags/example_short_circuit_decorator.py
[2025-05-02T19:57:19.759+0000] {processor.py:830} INFO - Processing file /home/airflow/.local/lib/python3.12/site-packages/airflow/example_dags/example_short_circuit_decorator.py for tasks to queue
[2025-05-02T19:57:19.762+0000] {logging_mixin.py:188} INFO - [2025-05-02T19:57:19.762+0000] {dagbag.py:540} INFO - Filling up the DagBag from /home/airflow/.local/lib/python3.12/site-packages/airflow/example_dags/example_short_circuit_decorator.py
[2025-05-02T19:57:19.781+0000] {processor.py:840} INFO - DAG(s) 'example_short_circuit_decorator' retrieved from /home/airflow/.local/lib/python3.12/site-packages/airflow/example_dags/example_short_circuit_decorator.py
[2025-05-02T19:57:19.850+0000] {logging_mixin.py:188} INFO - [2025-05-02T19:57:19.849+0000] {dag.py:3096} INFO - Sync 1 DAGs
[2025-05-02T19:57:19.895+0000] {logging_mixin.py:188} INFO - [2025-05-02T19:57:19.894+0000] {dag.py:3954} INFO - Setting next_dagrun for example_short_circuit_decorator to 2025-05-01 00:00:00+00:00, run_after=2025-05-02 00:00:00+00:00
[2025-05-02T19:57:19.952+0000] {processor.py:183} INFO - Processing /home/airflow/.local/lib/python3.12/site-packages/airflow/example_dags/example_short_circuit_decorator.py took 0.217 seconds
[2025-05-02T19:57:50.450+0000] {processor.py:161} INFO - Started process (PID=3822) to work on /home/airflow/.local/lib/python3.12/site-packages/airflow/example_dags/example_short_circuit_decorator.py
[2025-05-02T19:57:50.451+0000] {processor.py:830} INFO - Processing file /home/airflow/.local/lib/python3.12/site-packages/airflow/example_dags/example_short_circuit_decorator.py for tasks to queue
[2025-05-02T19:57:50.454+0000] {logging_mixin.py:188} INFO - [2025-05-02T19:57:50.454+0000] {dagbag.py:540} INFO - Filling up the DagBag from /home/airflow/.local/lib/python3.12/site-packages/airflow/example_dags/example_short_circuit_decorator.py
[2025-05-02T19:57:50.483+0000] {processor.py:840} INFO - DAG(s) 'example_short_circuit_decorator' retrieved from /home/airflow/.local/lib/python3.12/site-packages/airflow/example_dags/example_short_circuit_decorator.py
[2025-05-02T19:57:50.608+0000] {logging_mixin.py:188} INFO - [2025-05-02T19:57:50.608+0000] {dag.py:3096} INFO - Sync 1 DAGs
[2025-05-02T19:57:50.653+0000] {logging_mixin.py:188} INFO - [2025-05-02T19:57:50.652+0000] {dag.py:3954} INFO - Setting next_dagrun for example_short_circuit_decorator to 2025-05-01 00:00:00+00:00, run_after=2025-05-02 00:00:00+00:00
[2025-05-02T19:57:50.707+0000] {processor.py:183} INFO - Processing /home/airflow/.local/lib/python3.12/site-packages/airflow/example_dags/example_short_circuit_decorator.py took 0.270 seconds
