[2025-05-02T19:33:05.361+0000] {processor.py:161} INFO - Started process (PID=52) to work on /home/airflow/.local/lib/python3.12/site-packages/airflow/example_dags/example_bash_operator.py
[2025-05-02T19:33:05.362+0000] {processor.py:830} INFO - Processing file /home/airflow/.local/lib/python3.12/site-packages/airflow/example_dags/example_bash_operator.py for tasks to queue
[2025-05-02T19:33:05.365+0000] {logging_mixin.py:188} INFO - [2025-05-02T19:33:05.364+0000] {dagbag.py:540} INFO - Filling up the DagBag from /home/airflow/.local/lib/python3.12/site-packages/airflow/example_dags/example_bash_operator.py
[2025-05-02T19:33:05.387+0000] {processor.py:840} INFO - DAG(s) 'example_bash_operator' retrieved from /home/airflow/.local/lib/python3.12/site-packages/airflow/example_dags/example_bash_operator.py
[2025-05-02T19:33:05.407+0000] {logging_mixin.py:188} INFO - [2025-05-02T19:33:05.406+0000] {dag.py:3096} INFO - Sync 1 DAGs
[2025-05-02T19:33:05.461+0000] {logging_mixin.py:188} INFO - [2025-05-02T19:33:05.460+0000] {dag.py:3954} INFO - Setting next_dagrun for example_bash_operator to 2025-05-01 00:00:00+00:00, run_after=2025-05-02 00:00:00+00:00
[2025-05-02T19:33:05.488+0000] {processor.py:183} INFO - Processing /home/airflow/.local/lib/python3.12/site-packages/airflow/example_dags/example_bash_operator.py took 0.136 seconds
[2025-05-02T19:33:35.651+0000] {processor.py:161} INFO - Started process (PID=110) to work on /home/airflow/.local/lib/python3.12/site-packages/airflow/example_dags/example_bash_operator.py
[2025-05-02T19:33:35.652+0000] {processor.py:830} INFO - Processing file /home/airflow/.local/lib/python3.12/site-packages/airflow/example_dags/example_bash_operator.py for tasks to queue
[2025-05-02T19:33:35.653+0000] {logging_mixin.py:188} INFO - [2025-05-02T19:33:35.653+0000] {dagbag.py:540} INFO - Filling up the DagBag from /home/airflow/.local/lib/python3.12/site-packages/airflow/example_dags/example_bash_operator.py
[2025-05-02T19:33:35.667+0000] {processor.py:840} INFO - DAG(s) 'example_bash_operator' retrieved from /home/airflow/.local/lib/python3.12/site-packages/airflow/example_dags/example_bash_operator.py
[2025-05-02T19:33:35.764+0000] {logging_mixin.py:188} INFO - [2025-05-02T19:33:35.764+0000] {dag.py:3096} INFO - Sync 1 DAGs
[2025-05-02T19:33:35.782+0000] {logging_mixin.py:188} INFO - [2025-05-02T19:33:35.782+0000] {dag.py:3954} INFO - Setting next_dagrun for example_bash_operator to 2025-05-01 00:00:00+00:00, run_after=2025-05-02 00:00:00+00:00
[2025-05-02T19:33:35.800+0000] {processor.py:183} INFO - Processing /home/airflow/.local/lib/python3.12/site-packages/airflow/example_dags/example_bash_operator.py took 0.156 seconds
[2025-05-02T19:34:05.958+0000] {processor.py:161} INFO - Started process (PID=168) to work on /home/airflow/.local/lib/python3.12/site-packages/airflow/example_dags/example_bash_operator.py
[2025-05-02T19:34:05.959+0000] {processor.py:830} INFO - Processing file /home/airflow/.local/lib/python3.12/site-packages/airflow/example_dags/example_bash_operator.py for tasks to queue
[2025-05-02T19:34:05.960+0000] {logging_mixin.py:188} INFO - [2025-05-02T19:34:05.960+0000] {dagbag.py:540} INFO - Filling up the DagBag from /home/airflow/.local/lib/python3.12/site-packages/airflow/example_dags/example_bash_operator.py
[2025-05-02T19:34:05.970+0000] {processor.py:840} INFO - DAG(s) 'example_bash_operator' retrieved from /home/airflow/.local/lib/python3.12/site-packages/airflow/example_dags/example_bash_operator.py
[2025-05-02T19:34:05.991+0000] {logging_mixin.py:188} INFO - [2025-05-02T19:34:05.990+0000] {dag.py:3096} INFO - Sync 1 DAGs
[2025-05-02T19:34:06.009+0000] {logging_mixin.py:188} INFO - [2025-05-02T19:34:06.009+0000] {dag.py:3954} INFO - Setting next_dagrun for example_bash_operator to 2025-05-01 00:00:00+00:00, run_after=2025-05-02 00:00:00+00:00
[2025-05-02T19:34:06.027+0000] {processor.py:183} INFO - Processing /home/airflow/.local/lib/python3.12/site-packages/airflow/example_dags/example_bash_operator.py took 0.074 seconds
[2025-05-02T19:34:38.235+0000] {processor.py:161} INFO - Started process (PID=226) to work on /home/airflow/.local/lib/python3.12/site-packages/airflow/example_dags/example_bash_operator.py
[2025-05-02T19:34:38.236+0000] {processor.py:830} INFO - Processing file /home/airflow/.local/lib/python3.12/site-packages/airflow/example_dags/example_bash_operator.py for tasks to queue
[2025-05-02T19:34:38.238+0000] {logging_mixin.py:188} INFO - [2025-05-02T19:34:38.238+0000] {dagbag.py:540} INFO - Filling up the DagBag from /home/airflow/.local/lib/python3.12/site-packages/airflow/example_dags/example_bash_operator.py
[2025-05-02T19:34:38.247+0000] {processor.py:840} INFO - DAG(s) 'example_bash_operator' retrieved from /home/airflow/.local/lib/python3.12/site-packages/airflow/example_dags/example_bash_operator.py
[2025-05-02T19:34:38.272+0000] {logging_mixin.py:188} INFO - [2025-05-02T19:34:38.272+0000] {dag.py:3096} INFO - Sync 1 DAGs
[2025-05-02T19:34:38.293+0000] {logging_mixin.py:188} INFO - [2025-05-02T19:34:38.293+0000] {dag.py:3954} INFO - Setting next_dagrun for example_bash_operator to 2025-05-01 00:00:00+00:00, run_after=2025-05-02 00:00:00+00:00
[2025-05-02T19:34:38.310+0000] {processor.py:183} INFO - Processing /home/airflow/.local/lib/python3.12/site-packages/airflow/example_dags/example_bash_operator.py took 0.080 seconds
[2025-05-02T19:35:08.853+0000] {processor.py:161} INFO - Started process (PID=284) to work on /home/airflow/.local/lib/python3.12/site-packages/airflow/example_dags/example_bash_operator.py
[2025-05-02T19:35:08.854+0000] {processor.py:830} INFO - Processing file /home/airflow/.local/lib/python3.12/site-packages/airflow/example_dags/example_bash_operator.py for tasks to queue
[2025-05-02T19:35:08.856+0000] {logging_mixin.py:188} INFO - [2025-05-02T19:35:08.856+0000] {dagbag.py:540} INFO - Filling up the DagBag from /home/airflow/.local/lib/python3.12/site-packages/airflow/example_dags/example_bash_operator.py
[2025-05-02T19:35:08.871+0000] {processor.py:840} INFO - DAG(s) 'example_bash_operator' retrieved from /home/airflow/.local/lib/python3.12/site-packages/airflow/example_dags/example_bash_operator.py
[2025-05-02T19:35:08.903+0000] {logging_mixin.py:188} INFO - [2025-05-02T19:35:08.902+0000] {dag.py:3096} INFO - Sync 1 DAGs
[2025-05-02T19:35:08.931+0000] {logging_mixin.py:188} INFO - [2025-05-02T19:35:08.931+0000] {dag.py:3954} INFO - Setting next_dagrun for example_bash_operator to 2025-05-01 00:00:00+00:00, run_after=2025-05-02 00:00:00+00:00
[2025-05-02T19:35:08.957+0000] {processor.py:183} INFO - Processing /home/airflow/.local/lib/python3.12/site-packages/airflow/example_dags/example_bash_operator.py took 0.110 seconds
[2025-05-02T19:35:39.253+0000] {processor.py:161} INFO - Started process (PID=342) to work on /home/airflow/.local/lib/python3.12/site-packages/airflow/example_dags/example_bash_operator.py
[2025-05-02T19:35:39.254+0000] {processor.py:830} INFO - Processing file /home/airflow/.local/lib/python3.12/site-packages/airflow/example_dags/example_bash_operator.py for tasks to queue
[2025-05-02T19:35:39.255+0000] {logging_mixin.py:188} INFO - [2025-05-02T19:35:39.255+0000] {dagbag.py:540} INFO - Filling up the DagBag from /home/airflow/.local/lib/python3.12/site-packages/airflow/example_dags/example_bash_operator.py
[2025-05-02T19:35:39.266+0000] {processor.py:840} INFO - DAG(s) 'example_bash_operator' retrieved from /home/airflow/.local/lib/python3.12/site-packages/airflow/example_dags/example_bash_operator.py
[2025-05-02T19:35:39.291+0000] {logging_mixin.py:188} INFO - [2025-05-02T19:35:39.291+0000] {dag.py:3096} INFO - Sync 1 DAGs
[2025-05-02T19:35:39.323+0000] {logging_mixin.py:188} INFO - [2025-05-02T19:35:39.322+0000] {dag.py:3954} INFO - Setting next_dagrun for example_bash_operator to 2025-05-01 00:00:00+00:00, run_after=2025-05-02 00:00:00+00:00
[2025-05-02T19:35:39.345+0000] {processor.py:183} INFO - Processing /home/airflow/.local/lib/python3.12/site-packages/airflow/example_dags/example_bash_operator.py took 0.097 seconds
[2025-05-02T19:36:09.863+0000] {processor.py:161} INFO - Started process (PID=400) to work on /home/airflow/.local/lib/python3.12/site-packages/airflow/example_dags/example_bash_operator.py
[2025-05-02T19:36:09.865+0000] {processor.py:830} INFO - Processing file /home/airflow/.local/lib/python3.12/site-packages/airflow/example_dags/example_bash_operator.py for tasks to queue
[2025-05-02T19:36:09.866+0000] {logging_mixin.py:188} INFO - [2025-05-02T19:36:09.866+0000] {dagbag.py:540} INFO - Filling up the DagBag from /home/airflow/.local/lib/python3.12/site-packages/airflow/example_dags/example_bash_operator.py
[2025-05-02T19:36:09.876+0000] {processor.py:840} INFO - DAG(s) 'example_bash_operator' retrieved from /home/airflow/.local/lib/python3.12/site-packages/airflow/example_dags/example_bash_operator.py
[2025-05-02T19:36:09.898+0000] {logging_mixin.py:188} INFO - [2025-05-02T19:36:09.898+0000] {dag.py:3096} INFO - Sync 1 DAGs
[2025-05-02T19:36:09.918+0000] {logging_mixin.py:188} INFO - [2025-05-02T19:36:09.918+0000] {dag.py:3954} INFO - Setting next_dagrun for example_bash_operator to 2025-05-01 00:00:00+00:00, run_after=2025-05-02 00:00:00+00:00
[2025-05-02T19:36:09.935+0000] {processor.py:183} INFO - Processing /home/airflow/.local/lib/python3.12/site-packages/airflow/example_dags/example_bash_operator.py took 0.076 seconds
[2025-05-02T19:36:40.252+0000] {processor.py:161} INFO - Started process (PID=458) to work on /home/airflow/.local/lib/python3.12/site-packages/airflow/example_dags/example_bash_operator.py
[2025-05-02T19:36:40.253+0000] {processor.py:830} INFO - Processing file /home/airflow/.local/lib/python3.12/site-packages/airflow/example_dags/example_bash_operator.py for tasks to queue
[2025-05-02T19:36:40.255+0000] {logging_mixin.py:188} INFO - [2025-05-02T19:36:40.255+0000] {dagbag.py:540} INFO - Filling up the DagBag from /home/airflow/.local/lib/python3.12/site-packages/airflow/example_dags/example_bash_operator.py
[2025-05-02T19:36:40.266+0000] {processor.py:840} INFO - DAG(s) 'example_bash_operator' retrieved from /home/airflow/.local/lib/python3.12/site-packages/airflow/example_dags/example_bash_operator.py
[2025-05-02T19:36:40.289+0000] {logging_mixin.py:188} INFO - [2025-05-02T19:36:40.289+0000] {dag.py:3096} INFO - Sync 1 DAGs
[2025-05-02T19:36:40.307+0000] {logging_mixin.py:188} INFO - [2025-05-02T19:36:40.307+0000] {dag.py:3954} INFO - Setting next_dagrun for example_bash_operator to 2025-05-01 00:00:00+00:00, run_after=2025-05-02 00:00:00+00:00
[2025-05-02T19:36:40.324+0000] {processor.py:183} INFO - Processing /home/airflow/.local/lib/python3.12/site-packages/airflow/example_dags/example_bash_operator.py took 0.077 seconds
[2025-05-02T19:37:10.529+0000] {processor.py:161} INFO - Started process (PID=516) to work on /home/airflow/.local/lib/python3.12/site-packages/airflow/example_dags/example_bash_operator.py
[2025-05-02T19:37:10.531+0000] {processor.py:830} INFO - Processing file /home/airflow/.local/lib/python3.12/site-packages/airflow/example_dags/example_bash_operator.py for tasks to queue
[2025-05-02T19:37:10.533+0000] {logging_mixin.py:188} INFO - [2025-05-02T19:37:10.533+0000] {dagbag.py:540} INFO - Filling up the DagBag from /home/airflow/.local/lib/python3.12/site-packages/airflow/example_dags/example_bash_operator.py
[2025-05-02T19:37:10.541+0000] {processor.py:840} INFO - DAG(s) 'example_bash_operator' retrieved from /home/airflow/.local/lib/python3.12/site-packages/airflow/example_dags/example_bash_operator.py
[2025-05-02T19:37:10.562+0000] {logging_mixin.py:188} INFO - [2025-05-02T19:37:10.562+0000] {dag.py:3096} INFO - Sync 1 DAGs
[2025-05-02T19:37:10.593+0000] {logging_mixin.py:188} INFO - [2025-05-02T19:37:10.593+0000] {dag.py:3954} INFO - Setting next_dagrun for example_bash_operator to 2025-05-01 00:00:00+00:00, run_after=2025-05-02 00:00:00+00:00
[2025-05-02T19:37:10.615+0000] {processor.py:183} INFO - Processing /home/airflow/.local/lib/python3.12/site-packages/airflow/example_dags/example_bash_operator.py took 0.091 seconds
[2025-05-02T19:37:41.041+0000] {processor.py:161} INFO - Started process (PID=574) to work on /home/airflow/.local/lib/python3.12/site-packages/airflow/example_dags/example_bash_operator.py
[2025-05-02T19:37:41.042+0000] {processor.py:830} INFO - Processing file /home/airflow/.local/lib/python3.12/site-packages/airflow/example_dags/example_bash_operator.py for tasks to queue
[2025-05-02T19:37:41.044+0000] {logging_mixin.py:188} INFO - [2025-05-02T19:37:41.043+0000] {dagbag.py:540} INFO - Filling up the DagBag from /home/airflow/.local/lib/python3.12/site-packages/airflow/example_dags/example_bash_operator.py
[2025-05-02T19:37:41.056+0000] {processor.py:840} INFO - DAG(s) 'example_bash_operator' retrieved from /home/airflow/.local/lib/python3.12/site-packages/airflow/example_dags/example_bash_operator.py
[2025-05-02T19:37:41.080+0000] {logging_mixin.py:188} INFO - [2025-05-02T19:37:41.080+0000] {dag.py:3096} INFO - Sync 1 DAGs
[2025-05-02T19:37:41.099+0000] {logging_mixin.py:188} INFO - [2025-05-02T19:37:41.099+0000] {dag.py:3954} INFO - Setting next_dagrun for example_bash_operator to 2025-05-01 00:00:00+00:00, run_after=2025-05-02 00:00:00+00:00
[2025-05-02T19:37:41.118+0000] {processor.py:183} INFO - Processing /home/airflow/.local/lib/python3.12/site-packages/airflow/example_dags/example_bash_operator.py took 0.083 seconds
[2025-05-02T19:38:11.310+0000] {processor.py:161} INFO - Started process (PID=632) to work on /home/airflow/.local/lib/python3.12/site-packages/airflow/example_dags/example_bash_operator.py
[2025-05-02T19:38:11.311+0000] {processor.py:830} INFO - Processing file /home/airflow/.local/lib/python3.12/site-packages/airflow/example_dags/example_bash_operator.py for tasks to queue
[2025-05-02T19:38:11.312+0000] {logging_mixin.py:188} INFO - [2025-05-02T19:38:11.312+0000] {dagbag.py:540} INFO - Filling up the DagBag from /home/airflow/.local/lib/python3.12/site-packages/airflow/example_dags/example_bash_operator.py
[2025-05-02T19:38:11.321+0000] {processor.py:840} INFO - DAG(s) 'example_bash_operator' retrieved from /home/airflow/.local/lib/python3.12/site-packages/airflow/example_dags/example_bash_operator.py
[2025-05-02T19:38:11.342+0000] {logging_mixin.py:188} INFO - [2025-05-02T19:38:11.342+0000] {dag.py:3096} INFO - Sync 1 DAGs
[2025-05-02T19:38:11.362+0000] {logging_mixin.py:188} INFO - [2025-05-02T19:38:11.362+0000] {dag.py:3954} INFO - Setting next_dagrun for example_bash_operator to 2025-05-01 00:00:00+00:00, run_after=2025-05-02 00:00:00+00:00
[2025-05-02T19:38:11.376+0000] {processor.py:183} INFO - Processing /home/airflow/.local/lib/python3.12/site-packages/airflow/example_dags/example_bash_operator.py took 0.070 seconds
[2025-05-02T19:38:43.910+0000] {processor.py:161} INFO - Started process (PID=690) to work on /home/airflow/.local/lib/python3.12/site-packages/airflow/example_dags/example_bash_operator.py
[2025-05-02T19:38:43.912+0000] {processor.py:830} INFO - Processing file /home/airflow/.local/lib/python3.12/site-packages/airflow/example_dags/example_bash_operator.py for tasks to queue
[2025-05-02T19:38:43.913+0000] {logging_mixin.py:188} INFO - [2025-05-02T19:38:43.913+0000] {dagbag.py:540} INFO - Filling up the DagBag from /home/airflow/.local/lib/python3.12/site-packages/airflow/example_dags/example_bash_operator.py
[2025-05-02T19:38:43.924+0000] {processor.py:840} INFO - DAG(s) 'example_bash_operator' retrieved from /home/airflow/.local/lib/python3.12/site-packages/airflow/example_dags/example_bash_operator.py
[2025-05-02T19:38:43.952+0000] {logging_mixin.py:188} INFO - [2025-05-02T19:38:43.951+0000] {dag.py:3096} INFO - Sync 1 DAGs
[2025-05-02T19:38:43.972+0000] {logging_mixin.py:188} INFO - [2025-05-02T19:38:43.972+0000] {dag.py:3954} INFO - Setting next_dagrun for example_bash_operator to 2025-05-01 00:00:00+00:00, run_after=2025-05-02 00:00:00+00:00
[2025-05-02T19:38:43.988+0000] {processor.py:183} INFO - Processing /home/airflow/.local/lib/python3.12/site-packages/airflow/example_dags/example_bash_operator.py took 0.084 seconds
[2025-05-02T19:39:14.474+0000] {processor.py:161} INFO - Started process (PID=748) to work on /home/airflow/.local/lib/python3.12/site-packages/airflow/example_dags/example_bash_operator.py
[2025-05-02T19:39:14.475+0000] {processor.py:830} INFO - Processing file /home/airflow/.local/lib/python3.12/site-packages/airflow/example_dags/example_bash_operator.py for tasks to queue
[2025-05-02T19:39:14.477+0000] {logging_mixin.py:188} INFO - [2025-05-02T19:39:14.477+0000] {dagbag.py:540} INFO - Filling up the DagBag from /home/airflow/.local/lib/python3.12/site-packages/airflow/example_dags/example_bash_operator.py
[2025-05-02T19:39:14.486+0000] {processor.py:840} INFO - DAG(s) 'example_bash_operator' retrieved from /home/airflow/.local/lib/python3.12/site-packages/airflow/example_dags/example_bash_operator.py
[2025-05-02T19:39:14.509+0000] {logging_mixin.py:188} INFO - [2025-05-02T19:39:14.508+0000] {dag.py:3096} INFO - Sync 1 DAGs
[2025-05-02T19:39:14.527+0000] {logging_mixin.py:188} INFO - [2025-05-02T19:39:14.527+0000] {dag.py:3954} INFO - Setting next_dagrun for example_bash_operator to 2025-05-01 00:00:00+00:00, run_after=2025-05-02 00:00:00+00:00
[2025-05-02T19:39:14.544+0000] {processor.py:183} INFO - Processing /home/airflow/.local/lib/python3.12/site-packages/airflow/example_dags/example_bash_operator.py took 0.074 seconds
[2025-05-02T19:39:44.692+0000] {processor.py:161} INFO - Started process (PID=806) to work on /home/airflow/.local/lib/python3.12/site-packages/airflow/example_dags/example_bash_operator.py
[2025-05-02T19:39:44.693+0000] {processor.py:830} INFO - Processing file /home/airflow/.local/lib/python3.12/site-packages/airflow/example_dags/example_bash_operator.py for tasks to queue
[2025-05-02T19:39:44.695+0000] {logging_mixin.py:188} INFO - [2025-05-02T19:39:44.694+0000] {dagbag.py:540} INFO - Filling up the DagBag from /home/airflow/.local/lib/python3.12/site-packages/airflow/example_dags/example_bash_operator.py
[2025-05-02T19:39:44.703+0000] {processor.py:840} INFO - DAG(s) 'example_bash_operator' retrieved from /home/airflow/.local/lib/python3.12/site-packages/airflow/example_dags/example_bash_operator.py
[2025-05-02T19:39:44.724+0000] {logging_mixin.py:188} INFO - [2025-05-02T19:39:44.724+0000] {dag.py:3096} INFO - Sync 1 DAGs
[2025-05-02T19:39:44.743+0000] {logging_mixin.py:188} INFO - [2025-05-02T19:39:44.743+0000] {dag.py:3954} INFO - Setting next_dagrun for example_bash_operator to 2025-05-01 00:00:00+00:00, run_after=2025-05-02 00:00:00+00:00
[2025-05-02T19:39:44.761+0000] {processor.py:183} INFO - Processing /home/airflow/.local/lib/python3.12/site-packages/airflow/example_dags/example_bash_operator.py took 0.073 seconds
[2025-05-02T19:40:15.291+0000] {processor.py:161} INFO - Started process (PID=864) to work on /home/airflow/.local/lib/python3.12/site-packages/airflow/example_dags/example_bash_operator.py
[2025-05-02T19:40:15.292+0000] {processor.py:830} INFO - Processing file /home/airflow/.local/lib/python3.12/site-packages/airflow/example_dags/example_bash_operator.py for tasks to queue
[2025-05-02T19:40:15.293+0000] {logging_mixin.py:188} INFO - [2025-05-02T19:40:15.293+0000] {dagbag.py:540} INFO - Filling up the DagBag from /home/airflow/.local/lib/python3.12/site-packages/airflow/example_dags/example_bash_operator.py
[2025-05-02T19:40:15.304+0000] {processor.py:840} INFO - DAG(s) 'example_bash_operator' retrieved from /home/airflow/.local/lib/python3.12/site-packages/airflow/example_dags/example_bash_operator.py
[2025-05-02T19:40:15.327+0000] {logging_mixin.py:188} INFO - [2025-05-02T19:40:15.327+0000] {dag.py:3096} INFO - Sync 1 DAGs
[2025-05-02T19:40:15.350+0000] {logging_mixin.py:188} INFO - [2025-05-02T19:40:15.350+0000] {dag.py:3954} INFO - Setting next_dagrun for example_bash_operator to 2025-05-01 00:00:00+00:00, run_after=2025-05-02 00:00:00+00:00
[2025-05-02T19:40:15.365+0000] {processor.py:183} INFO - Processing /home/airflow/.local/lib/python3.12/site-packages/airflow/example_dags/example_bash_operator.py took 0.080 seconds
[2025-05-02T19:40:45.990+0000] {processor.py:161} INFO - Started process (PID=922) to work on /home/airflow/.local/lib/python3.12/site-packages/airflow/example_dags/example_bash_operator.py
[2025-05-02T19:40:45.991+0000] {processor.py:830} INFO - Processing file /home/airflow/.local/lib/python3.12/site-packages/airflow/example_dags/example_bash_operator.py for tasks to queue
[2025-05-02T19:40:45.992+0000] {logging_mixin.py:188} INFO - [2025-05-02T19:40:45.992+0000] {dagbag.py:540} INFO - Filling up the DagBag from /home/airflow/.local/lib/python3.12/site-packages/airflow/example_dags/example_bash_operator.py
[2025-05-02T19:40:46.002+0000] {processor.py:840} INFO - DAG(s) 'example_bash_operator' retrieved from /home/airflow/.local/lib/python3.12/site-packages/airflow/example_dags/example_bash_operator.py
[2025-05-02T19:40:46.027+0000] {logging_mixin.py:188} INFO - [2025-05-02T19:40:46.027+0000] {dag.py:3096} INFO - Sync 1 DAGs
[2025-05-02T19:40:46.049+0000] {logging_mixin.py:188} INFO - [2025-05-02T19:40:46.049+0000] {dag.py:3954} INFO - Setting next_dagrun for example_bash_operator to 2025-05-01 00:00:00+00:00, run_after=2025-05-02 00:00:00+00:00
[2025-05-02T19:40:46.067+0000] {processor.py:183} INFO - Processing /home/airflow/.local/lib/python3.12/site-packages/airflow/example_dags/example_bash_operator.py took 0.082 seconds
[2025-05-02T19:41:16.436+0000] {processor.py:161} INFO - Started process (PID=974) to work on /home/airflow/.local/lib/python3.12/site-packages/airflow/example_dags/example_bash_operator.py
[2025-05-02T19:41:16.437+0000] {processor.py:830} INFO - Processing file /home/airflow/.local/lib/python3.12/site-packages/airflow/example_dags/example_bash_operator.py for tasks to queue
[2025-05-02T19:41:16.439+0000] {logging_mixin.py:188} INFO - [2025-05-02T19:41:16.438+0000] {dagbag.py:540} INFO - Filling up the DagBag from /home/airflow/.local/lib/python3.12/site-packages/airflow/example_dags/example_bash_operator.py
[2025-05-02T19:41:16.449+0000] {processor.py:840} INFO - DAG(s) 'example_bash_operator' retrieved from /home/airflow/.local/lib/python3.12/site-packages/airflow/example_dags/example_bash_operator.py
[2025-05-02T19:41:16.473+0000] {logging_mixin.py:188} INFO - [2025-05-02T19:41:16.473+0000] {dag.py:3096} INFO - Sync 1 DAGs
[2025-05-02T19:41:16.495+0000] {logging_mixin.py:188} INFO - [2025-05-02T19:41:16.495+0000] {dag.py:3954} INFO - Setting next_dagrun for example_bash_operator to 2025-05-01 00:00:00+00:00, run_after=2025-05-02 00:00:00+00:00
[2025-05-02T19:41:16.516+0000] {processor.py:183} INFO - Processing /home/airflow/.local/lib/python3.12/site-packages/airflow/example_dags/example_bash_operator.py took 0.085 seconds
[2025-05-02T19:41:47.136+0000] {processor.py:161} INFO - Started process (PID=1032) to work on /home/airflow/.local/lib/python3.12/site-packages/airflow/example_dags/example_bash_operator.py
[2025-05-02T19:41:47.138+0000] {processor.py:830} INFO - Processing file /home/airflow/.local/lib/python3.12/site-packages/airflow/example_dags/example_bash_operator.py for tasks to queue
[2025-05-02T19:41:47.140+0000] {logging_mixin.py:188} INFO - [2025-05-02T19:41:47.140+0000] {dagbag.py:540} INFO - Filling up the DagBag from /home/airflow/.local/lib/python3.12/site-packages/airflow/example_dags/example_bash_operator.py
[2025-05-02T19:41:47.153+0000] {processor.py:840} INFO - DAG(s) 'example_bash_operator' retrieved from /home/airflow/.local/lib/python3.12/site-packages/airflow/example_dags/example_bash_operator.py
[2025-05-02T19:41:47.182+0000] {logging_mixin.py:188} INFO - [2025-05-02T19:41:47.182+0000] {dag.py:3096} INFO - Sync 1 DAGs
[2025-05-02T19:41:47.208+0000] {logging_mixin.py:188} INFO - [2025-05-02T19:41:47.207+0000] {dag.py:3954} INFO - Setting next_dagrun for example_bash_operator to 2025-05-01 00:00:00+00:00, run_after=2025-05-02 00:00:00+00:00
[2025-05-02T19:41:47.231+0000] {processor.py:183} INFO - Processing /home/airflow/.local/lib/python3.12/site-packages/airflow/example_dags/example_bash_operator.py took 0.100 seconds
[2025-05-02T19:42:17.667+0000] {processor.py:161} INFO - Started process (PID=1090) to work on /home/airflow/.local/lib/python3.12/site-packages/airflow/example_dags/example_bash_operator.py
[2025-05-02T19:42:17.668+0000] {processor.py:830} INFO - Processing file /home/airflow/.local/lib/python3.12/site-packages/airflow/example_dags/example_bash_operator.py for tasks to queue
[2025-05-02T19:42:17.669+0000] {logging_mixin.py:188} INFO - [2025-05-02T19:42:17.669+0000] {dagbag.py:540} INFO - Filling up the DagBag from /home/airflow/.local/lib/python3.12/site-packages/airflow/example_dags/example_bash_operator.py
[2025-05-02T19:42:17.678+0000] {processor.py:840} INFO - DAG(s) 'example_bash_operator' retrieved from /home/airflow/.local/lib/python3.12/site-packages/airflow/example_dags/example_bash_operator.py
[2025-05-02T19:42:17.698+0000] {logging_mixin.py:188} INFO - [2025-05-02T19:42:17.698+0000] {dag.py:3096} INFO - Sync 1 DAGs
[2025-05-02T19:42:17.717+0000] {logging_mixin.py:188} INFO - [2025-05-02T19:42:17.717+0000] {dag.py:3954} INFO - Setting next_dagrun for example_bash_operator to 2025-05-01 00:00:00+00:00, run_after=2025-05-02 00:00:00+00:00
[2025-05-02T19:42:17.731+0000] {processor.py:183} INFO - Processing /home/airflow/.local/lib/python3.12/site-packages/airflow/example_dags/example_bash_operator.py took 0.069 seconds
[2025-05-02T19:42:49.357+0000] {processor.py:161} INFO - Started process (PID=1148) to work on /home/airflow/.local/lib/python3.12/site-packages/airflow/example_dags/example_bash_operator.py
[2025-05-02T19:42:49.358+0000] {processor.py:830} INFO - Processing file /home/airflow/.local/lib/python3.12/site-packages/airflow/example_dags/example_bash_operator.py for tasks to queue
[2025-05-02T19:42:49.360+0000] {logging_mixin.py:188} INFO - [2025-05-02T19:42:49.359+0000] {dagbag.py:540} INFO - Filling up the DagBag from /home/airflow/.local/lib/python3.12/site-packages/airflow/example_dags/example_bash_operator.py
[2025-05-02T19:42:49.373+0000] {processor.py:840} INFO - DAG(s) 'example_bash_operator' retrieved from /home/airflow/.local/lib/python3.12/site-packages/airflow/example_dags/example_bash_operator.py
[2025-05-02T19:42:49.399+0000] {logging_mixin.py:188} INFO - [2025-05-02T19:42:49.399+0000] {dag.py:3096} INFO - Sync 1 DAGs
[2025-05-02T19:42:49.419+0000] {logging_mixin.py:188} INFO - [2025-05-02T19:42:49.419+0000] {dag.py:3954} INFO - Setting next_dagrun for example_bash_operator to 2025-05-01 00:00:00+00:00, run_after=2025-05-02 00:00:00+00:00
[2025-05-02T19:42:49.437+0000] {processor.py:183} INFO - Processing /home/airflow/.local/lib/python3.12/site-packages/airflow/example_dags/example_bash_operator.py took 0.086 seconds
[2025-05-02T19:43:19.630+0000] {processor.py:161} INFO - Started process (PID=1208) to work on /home/airflow/.local/lib/python3.12/site-packages/airflow/example_dags/example_bash_operator.py
[2025-05-02T19:43:19.632+0000] {processor.py:830} INFO - Processing file /home/airflow/.local/lib/python3.12/site-packages/airflow/example_dags/example_bash_operator.py for tasks to queue
[2025-05-02T19:43:19.633+0000] {logging_mixin.py:188} INFO - [2025-05-02T19:43:19.633+0000] {dagbag.py:540} INFO - Filling up the DagBag from /home/airflow/.local/lib/python3.12/site-packages/airflow/example_dags/example_bash_operator.py
[2025-05-02T19:43:19.640+0000] {processor.py:840} INFO - DAG(s) 'example_bash_operator' retrieved from /home/airflow/.local/lib/python3.12/site-packages/airflow/example_dags/example_bash_operator.py
[2025-05-02T19:43:19.661+0000] {logging_mixin.py:188} INFO - [2025-05-02T19:43:19.661+0000] {dag.py:3096} INFO - Sync 1 DAGs
[2025-05-02T19:43:19.677+0000] {logging_mixin.py:188} INFO - [2025-05-02T19:43:19.677+0000] {dag.py:3954} INFO - Setting next_dagrun for example_bash_operator to 2025-05-01 00:00:00+00:00, run_after=2025-05-02 00:00:00+00:00
[2025-05-02T19:43:19.695+0000] {processor.py:183} INFO - Processing /home/airflow/.local/lib/python3.12/site-packages/airflow/example_dags/example_bash_operator.py took 0.070 seconds
[2025-05-02T19:43:50.342+0000] {processor.py:161} INFO - Started process (PID=1268) to work on /home/airflow/.local/lib/python3.12/site-packages/airflow/example_dags/example_bash_operator.py
[2025-05-02T19:43:50.343+0000] {processor.py:830} INFO - Processing file /home/airflow/.local/lib/python3.12/site-packages/airflow/example_dags/example_bash_operator.py for tasks to queue
[2025-05-02T19:43:50.345+0000] {logging_mixin.py:188} INFO - [2025-05-02T19:43:50.345+0000] {dagbag.py:540} INFO - Filling up the DagBag from /home/airflow/.local/lib/python3.12/site-packages/airflow/example_dags/example_bash_operator.py
[2025-05-02T19:43:50.353+0000] {processor.py:840} INFO - DAG(s) 'example_bash_operator' retrieved from /home/airflow/.local/lib/python3.12/site-packages/airflow/example_dags/example_bash_operator.py
[2025-05-02T19:43:50.375+0000] {logging_mixin.py:188} INFO - [2025-05-02T19:43:50.374+0000] {dag.py:3096} INFO - Sync 1 DAGs
[2025-05-02T19:43:50.397+0000] {logging_mixin.py:188} INFO - [2025-05-02T19:43:50.397+0000] {dag.py:3954} INFO - Setting next_dagrun for example_bash_operator to 2025-05-01 00:00:00+00:00, run_after=2025-05-02 00:00:00+00:00
[2025-05-02T19:43:50.414+0000] {processor.py:183} INFO - Processing /home/airflow/.local/lib/python3.12/site-packages/airflow/example_dags/example_bash_operator.py took 0.076 seconds
[2025-05-02T19:44:21.124+0000] {processor.py:161} INFO - Started process (PID=1363) to work on /home/airflow/.local/lib/python3.12/site-packages/airflow/example_dags/example_bash_operator.py
[2025-05-02T19:44:21.125+0000] {processor.py:830} INFO - Processing file /home/airflow/.local/lib/python3.12/site-packages/airflow/example_dags/example_bash_operator.py for tasks to queue
[2025-05-02T19:44:21.128+0000] {logging_mixin.py:188} INFO - [2025-05-02T19:44:21.127+0000] {dagbag.py:540} INFO - Filling up the DagBag from /home/airflow/.local/lib/python3.12/site-packages/airflow/example_dags/example_bash_operator.py
[2025-05-02T19:44:21.180+0000] {processor.py:840} INFO - DAG(s) 'example_bash_operator' retrieved from /home/airflow/.local/lib/python3.12/site-packages/airflow/example_dags/example_bash_operator.py
[2025-05-02T19:44:21.261+0000] {logging_mixin.py:188} INFO - [2025-05-02T19:44:21.260+0000] {dag.py:3096} INFO - Sync 1 DAGs
[2025-05-02T19:44:21.305+0000] {logging_mixin.py:188} INFO - [2025-05-02T19:44:21.305+0000] {dag.py:3954} INFO - Setting next_dagrun for example_bash_operator to 2025-05-01 00:00:00+00:00, run_after=2025-05-02 00:00:00+00:00
[2025-05-02T19:44:21.350+0000] {processor.py:183} INFO - Processing /home/airflow/.local/lib/python3.12/site-packages/airflow/example_dags/example_bash_operator.py took 0.268 seconds
[2025-05-02T19:44:52.387+0000] {processor.py:161} INFO - Started process (PID=1465) to work on /home/airflow/.local/lib/python3.12/site-packages/airflow/example_dags/example_bash_operator.py
[2025-05-02T19:44:52.388+0000] {processor.py:830} INFO - Processing file /home/airflow/.local/lib/python3.12/site-packages/airflow/example_dags/example_bash_operator.py for tasks to queue
[2025-05-02T19:44:52.399+0000] {logging_mixin.py:188} INFO - [2025-05-02T19:44:52.398+0000] {dagbag.py:540} INFO - Filling up the DagBag from /home/airflow/.local/lib/python3.12/site-packages/airflow/example_dags/example_bash_operator.py
[2025-05-02T19:44:52.454+0000] {processor.py:840} INFO - DAG(s) 'example_bash_operator' retrieved from /home/airflow/.local/lib/python3.12/site-packages/airflow/example_dags/example_bash_operator.py
[2025-05-02T19:44:52.587+0000] {logging_mixin.py:188} INFO - [2025-05-02T19:44:52.586+0000] {dag.py:3096} INFO - Sync 1 DAGs
[2025-05-02T19:44:52.689+0000] {logging_mixin.py:188} INFO - [2025-05-02T19:44:52.689+0000] {dag.py:3954} INFO - Setting next_dagrun for example_bash_operator to 2025-05-01 00:00:00+00:00, run_after=2025-05-02 00:00:00+00:00
[2025-05-02T19:44:52.834+0000] {processor.py:183} INFO - Processing /home/airflow/.local/lib/python3.12/site-packages/airflow/example_dags/example_bash_operator.py took 0.464 seconds
[2025-05-02T19:45:23.548+0000] {processor.py:161} INFO - Started process (PID=1555) to work on /home/airflow/.local/lib/python3.12/site-packages/airflow/example_dags/example_bash_operator.py
[2025-05-02T19:45:23.551+0000] {processor.py:830} INFO - Processing file /home/airflow/.local/lib/python3.12/site-packages/airflow/example_dags/example_bash_operator.py for tasks to queue
[2025-05-02T19:45:23.556+0000] {logging_mixin.py:188} INFO - [2025-05-02T19:45:23.555+0000] {dagbag.py:540} INFO - Filling up the DagBag from /home/airflow/.local/lib/python3.12/site-packages/airflow/example_dags/example_bash_operator.py
[2025-05-02T19:45:23.586+0000] {processor.py:840} INFO - DAG(s) 'example_bash_operator' retrieved from /home/airflow/.local/lib/python3.12/site-packages/airflow/example_dags/example_bash_operator.py
[2025-05-02T19:45:23.709+0000] {logging_mixin.py:188} INFO - [2025-05-02T19:45:23.708+0000] {dag.py:3096} INFO - Sync 1 DAGs
[2025-05-02T19:45:23.774+0000] {logging_mixin.py:188} INFO - [2025-05-02T19:45:23.773+0000] {dag.py:3954} INFO - Setting next_dagrun for example_bash_operator to 2025-05-01 00:00:00+00:00, run_after=2025-05-02 00:00:00+00:00
[2025-05-02T19:45:23.864+0000] {processor.py:183} INFO - Processing /home/airflow/.local/lib/python3.12/site-packages/airflow/example_dags/example_bash_operator.py took 0.332 seconds
[2025-05-02T19:45:54.791+0000] {processor.py:161} INFO - Started process (PID=1657) to work on /home/airflow/.local/lib/python3.12/site-packages/airflow/example_dags/example_bash_operator.py
[2025-05-02T19:45:54.799+0000] {processor.py:830} INFO - Processing file /home/airflow/.local/lib/python3.12/site-packages/airflow/example_dags/example_bash_operator.py for tasks to queue
[2025-05-02T19:45:54.807+0000] {logging_mixin.py:188} INFO - [2025-05-02T19:45:54.806+0000] {dagbag.py:540} INFO - Filling up the DagBag from /home/airflow/.local/lib/python3.12/site-packages/airflow/example_dags/example_bash_operator.py
[2025-05-02T19:45:54.850+0000] {processor.py:840} INFO - DAG(s) 'example_bash_operator' retrieved from /home/airflow/.local/lib/python3.12/site-packages/airflow/example_dags/example_bash_operator.py
[2025-05-02T19:45:54.949+0000] {logging_mixin.py:188} INFO - [2025-05-02T19:45:54.949+0000] {dag.py:3096} INFO - Sync 1 DAGs
[2025-05-02T19:45:55.050+0000] {logging_mixin.py:188} INFO - [2025-05-02T19:45:55.044+0000] {dag.py:3954} INFO - Setting next_dagrun for example_bash_operator to 2025-05-01 00:00:00+00:00, run_after=2025-05-02 00:00:00+00:00
[2025-05-02T19:45:55.147+0000] {processor.py:183} INFO - Processing /home/airflow/.local/lib/python3.12/site-packages/airflow/example_dags/example_bash_operator.py took 0.380 seconds
[2025-05-02T19:46:25.271+0000] {processor.py:161} INFO - Started process (PID=1756) to work on /home/airflow/.local/lib/python3.12/site-packages/airflow/example_dags/example_bash_operator.py
[2025-05-02T19:46:25.273+0000] {processor.py:830} INFO - Processing file /home/airflow/.local/lib/python3.12/site-packages/airflow/example_dags/example_bash_operator.py for tasks to queue
[2025-05-02T19:46:25.276+0000] {logging_mixin.py:188} INFO - [2025-05-02T19:46:25.275+0000] {dagbag.py:540} INFO - Filling up the DagBag from /home/airflow/.local/lib/python3.12/site-packages/airflow/example_dags/example_bash_operator.py
[2025-05-02T19:46:25.299+0000] {processor.py:840} INFO - DAG(s) 'example_bash_operator' retrieved from /home/airflow/.local/lib/python3.12/site-packages/airflow/example_dags/example_bash_operator.py
[2025-05-02T19:46:25.382+0000] {logging_mixin.py:188} INFO - [2025-05-02T19:46:25.381+0000] {dag.py:3096} INFO - Sync 1 DAGs
[2025-05-02T19:46:25.439+0000] {logging_mixin.py:188} INFO - [2025-05-02T19:46:25.438+0000] {dag.py:3954} INFO - Setting next_dagrun for example_bash_operator to 2025-05-01 00:00:00+00:00, run_after=2025-05-02 00:00:00+00:00
[2025-05-02T19:46:25.544+0000] {processor.py:183} INFO - Processing /home/airflow/.local/lib/python3.12/site-packages/airflow/example_dags/example_bash_operator.py took 0.297 seconds
[2025-05-02T19:46:56.658+0000] {processor.py:161} INFO - Started process (PID=1881) to work on /home/airflow/.local/lib/python3.12/site-packages/airflow/example_dags/example_bash_operator.py
[2025-05-02T19:46:56.662+0000] {processor.py:830} INFO - Processing file /home/airflow/.local/lib/python3.12/site-packages/airflow/example_dags/example_bash_operator.py for tasks to queue
[2025-05-02T19:46:56.666+0000] {logging_mixin.py:188} INFO - [2025-05-02T19:46:56.666+0000] {dagbag.py:540} INFO - Filling up the DagBag from /home/airflow/.local/lib/python3.12/site-packages/airflow/example_dags/example_bash_operator.py
[2025-05-02T19:46:56.704+0000] {processor.py:840} INFO - DAG(s) 'example_bash_operator' retrieved from /home/airflow/.local/lib/python3.12/site-packages/airflow/example_dags/example_bash_operator.py
[2025-05-02T19:46:56.794+0000] {logging_mixin.py:188} INFO - [2025-05-02T19:46:56.794+0000] {dag.py:3096} INFO - Sync 1 DAGs
[2025-05-02T19:46:56.879+0000] {logging_mixin.py:188} INFO - [2025-05-02T19:46:56.878+0000] {dag.py:3954} INFO - Setting next_dagrun for example_bash_operator to 2025-05-01 00:00:00+00:00, run_after=2025-05-02 00:00:00+00:00
[2025-05-02T19:46:56.980+0000] {processor.py:183} INFO - Processing /home/airflow/.local/lib/python3.12/site-packages/airflow/example_dags/example_bash_operator.py took 0.347 seconds
[2025-05-02T19:47:31.178+0000] {processor.py:161} INFO - Started process (PID=1978) to work on /home/airflow/.local/lib/python3.12/site-packages/airflow/example_dags/example_bash_operator.py
[2025-05-02T19:47:31.180+0000] {processor.py:830} INFO - Processing file /home/airflow/.local/lib/python3.12/site-packages/airflow/example_dags/example_bash_operator.py for tasks to queue
[2025-05-02T19:47:31.202+0000] {logging_mixin.py:188} INFO - [2025-05-02T19:47:31.202+0000] {dagbag.py:540} INFO - Filling up the DagBag from /home/airflow/.local/lib/python3.12/site-packages/airflow/example_dags/example_bash_operator.py
[2025-05-02T19:47:31.314+0000] {processor.py:840} INFO - DAG(s) 'example_bash_operator' retrieved from /home/airflow/.local/lib/python3.12/site-packages/airflow/example_dags/example_bash_operator.py
[2025-05-02T19:47:31.452+0000] {logging_mixin.py:188} INFO - [2025-05-02T19:47:31.451+0000] {dag.py:3096} INFO - Sync 1 DAGs
[2025-05-02T19:47:31.543+0000] {logging_mixin.py:188} INFO - [2025-05-02T19:47:31.539+0000] {dag.py:3954} INFO - Setting next_dagrun for example_bash_operator to 2025-05-01 00:00:00+00:00, run_after=2025-05-02 00:00:00+00:00
[2025-05-02T19:47:31.622+0000] {processor.py:183} INFO - Processing /home/airflow/.local/lib/python3.12/site-packages/airflow/example_dags/example_bash_operator.py took 0.493 seconds
[2025-05-02T19:48:01.740+0000] {processor.py:161} INFO - Started process (PID=2072) to work on /home/airflow/.local/lib/python3.12/site-packages/airflow/example_dags/example_bash_operator.py
[2025-05-02T19:48:01.742+0000] {processor.py:830} INFO - Processing file /home/airflow/.local/lib/python3.12/site-packages/airflow/example_dags/example_bash_operator.py for tasks to queue
[2025-05-02T19:48:01.746+0000] {logging_mixin.py:188} INFO - [2025-05-02T19:48:01.745+0000] {dagbag.py:540} INFO - Filling up the DagBag from /home/airflow/.local/lib/python3.12/site-packages/airflow/example_dags/example_bash_operator.py
[2025-05-02T19:48:01.775+0000] {processor.py:840} INFO - DAG(s) 'example_bash_operator' retrieved from /home/airflow/.local/lib/python3.12/site-packages/airflow/example_dags/example_bash_operator.py
[2025-05-02T19:48:04.786+0000] {logging_mixin.py:188} INFO - [2025-05-02T19:48:04.785+0000] {dag.py:3096} INFO - Sync 1 DAGs
[2025-05-02T19:48:04.835+0000] {logging_mixin.py:188} INFO - [2025-05-02T19:48:04.834+0000] {dag.py:3954} INFO - Setting next_dagrun for example_bash_operator to 2025-05-01 00:00:00+00:00, run_after=2025-05-02 00:00:00+00:00
[2025-05-02T19:48:04.897+0000] {processor.py:183} INFO - Processing /home/airflow/.local/lib/python3.12/site-packages/airflow/example_dags/example_bash_operator.py took 0.248 seconds
[2025-05-02T19:48:35.567+0000] {processor.py:161} INFO - Started process (PID=2170) to work on /home/airflow/.local/lib/python3.12/site-packages/airflow/example_dags/example_bash_operator.py
[2025-05-02T19:48:35.575+0000] {processor.py:830} INFO - Processing file /home/airflow/.local/lib/python3.12/site-packages/airflow/example_dags/example_bash_operator.py for tasks to queue
[2025-05-02T19:48:35.579+0000] {logging_mixin.py:188} INFO - [2025-05-02T19:48:35.578+0000] {dagbag.py:540} INFO - Filling up the DagBag from /home/airflow/.local/lib/python3.12/site-packages/airflow/example_dags/example_bash_operator.py
[2025-05-02T19:48:35.604+0000] {processor.py:840} INFO - DAG(s) 'example_bash_operator' retrieved from /home/airflow/.local/lib/python3.12/site-packages/airflow/example_dags/example_bash_operator.py
[2025-05-02T19:48:35.676+0000] {logging_mixin.py:188} INFO - [2025-05-02T19:48:35.675+0000] {dag.py:3096} INFO - Sync 1 DAGs
[2025-05-02T19:48:35.774+0000] {logging_mixin.py:188} INFO - [2025-05-02T19:48:35.774+0000] {dag.py:3954} INFO - Setting next_dagrun for example_bash_operator to 2025-05-01 00:00:00+00:00, run_after=2025-05-02 00:00:00+00:00
[2025-05-02T19:48:35.831+0000] {processor.py:183} INFO - Processing /home/airflow/.local/lib/python3.12/site-packages/airflow/example_dags/example_bash_operator.py took 0.276 seconds
[2025-05-02T19:49:06.195+0000] {processor.py:161} INFO - Started process (PID=2256) to work on /home/airflow/.local/lib/python3.12/site-packages/airflow/example_dags/example_bash_operator.py
[2025-05-02T19:49:06.196+0000] {processor.py:830} INFO - Processing file /home/airflow/.local/lib/python3.12/site-packages/airflow/example_dags/example_bash_operator.py for tasks to queue
[2025-05-02T19:49:06.200+0000] {logging_mixin.py:188} INFO - [2025-05-02T19:49:06.199+0000] {dagbag.py:540} INFO - Filling up the DagBag from /home/airflow/.local/lib/python3.12/site-packages/airflow/example_dags/example_bash_operator.py
[2025-05-02T19:49:06.309+0000] {processor.py:840} INFO - DAG(s) 'example_bash_operator' retrieved from /home/airflow/.local/lib/python3.12/site-packages/airflow/example_dags/example_bash_operator.py
[2025-05-02T19:49:06.411+0000] {logging_mixin.py:188} INFO - [2025-05-02T19:49:06.410+0000] {dag.py:3096} INFO - Sync 1 DAGs
[2025-05-02T19:49:06.475+0000] {logging_mixin.py:188} INFO - [2025-05-02T19:49:06.473+0000] {dag.py:3954} INFO - Setting next_dagrun for example_bash_operator to 2025-05-01 00:00:00+00:00, run_after=2025-05-02 00:00:00+00:00
[2025-05-02T19:49:06.796+0000] {processor.py:183} INFO - Processing /home/airflow/.local/lib/python3.12/site-packages/airflow/example_dags/example_bash_operator.py took 0.618 seconds
[2025-05-02T19:49:36.911+0000] {processor.py:161} INFO - Started process (PID=2352) to work on /home/airflow/.local/lib/python3.12/site-packages/airflow/example_dags/example_bash_operator.py
[2025-05-02T19:49:36.913+0000] {processor.py:830} INFO - Processing file /home/airflow/.local/lib/python3.12/site-packages/airflow/example_dags/example_bash_operator.py for tasks to queue
[2025-05-02T19:49:36.915+0000] {logging_mixin.py:188} INFO - [2025-05-02T19:49:36.914+0000] {dagbag.py:540} INFO - Filling up the DagBag from /home/airflow/.local/lib/python3.12/site-packages/airflow/example_dags/example_bash_operator.py
[2025-05-02T19:49:36.933+0000] {processor.py:840} INFO - DAG(s) 'example_bash_operator' retrieved from /home/airflow/.local/lib/python3.12/site-packages/airflow/example_dags/example_bash_operator.py
[2025-05-02T19:49:36.979+0000] {logging_mixin.py:188} INFO - [2025-05-02T19:49:36.978+0000] {dag.py:3096} INFO - Sync 1 DAGs
[2025-05-02T19:49:37.026+0000] {logging_mixin.py:188} INFO - [2025-05-02T19:49:37.025+0000] {dag.py:3954} INFO - Setting next_dagrun for example_bash_operator to 2025-05-01 00:00:00+00:00, run_after=2025-05-02 00:00:00+00:00
[2025-05-02T19:49:37.057+0000] {processor.py:183} INFO - Processing /home/airflow/.local/lib/python3.12/site-packages/airflow/example_dags/example_bash_operator.py took 0.158 seconds
[2025-05-02T19:50:07.141+0000] {processor.py:161} INFO - Started process (PID=2437) to work on /home/airflow/.local/lib/python3.12/site-packages/airflow/example_dags/example_bash_operator.py
[2025-05-02T19:50:07.143+0000] {processor.py:830} INFO - Processing file /home/airflow/.local/lib/python3.12/site-packages/airflow/example_dags/example_bash_operator.py for tasks to queue
[2025-05-02T19:50:07.146+0000] {logging_mixin.py:188} INFO - [2025-05-02T19:50:07.145+0000] {dagbag.py:540} INFO - Filling up the DagBag from /home/airflow/.local/lib/python3.12/site-packages/airflow/example_dags/example_bash_operator.py
[2025-05-02T19:50:07.185+0000] {processor.py:840} INFO - DAG(s) 'example_bash_operator' retrieved from /home/airflow/.local/lib/python3.12/site-packages/airflow/example_dags/example_bash_operator.py
[2025-05-02T19:50:07.309+0000] {logging_mixin.py:188} INFO - [2025-05-02T19:50:07.309+0000] {dag.py:3096} INFO - Sync 1 DAGs
[2025-05-02T19:50:07.379+0000] {logging_mixin.py:188} INFO - [2025-05-02T19:50:07.378+0000] {dag.py:3954} INFO - Setting next_dagrun for example_bash_operator to 2025-05-01 00:00:00+00:00, run_after=2025-05-02 00:00:00+00:00
[2025-05-02T19:50:07.446+0000] {processor.py:183} INFO - Processing /home/airflow/.local/lib/python3.12/site-packages/airflow/example_dags/example_bash_operator.py took 0.317 seconds
[2025-05-02T19:50:38.175+0000] {processor.py:161} INFO - Started process (PID=2540) to work on /home/airflow/.local/lib/python3.12/site-packages/airflow/example_dags/example_bash_operator.py
[2025-05-02T19:50:38.177+0000] {processor.py:830} INFO - Processing file /home/airflow/.local/lib/python3.12/site-packages/airflow/example_dags/example_bash_operator.py for tasks to queue
[2025-05-02T19:50:38.180+0000] {logging_mixin.py:188} INFO - [2025-05-02T19:50:38.180+0000] {dagbag.py:540} INFO - Filling up the DagBag from /home/airflow/.local/lib/python3.12/site-packages/airflow/example_dags/example_bash_operator.py
[2025-05-02T19:50:38.204+0000] {processor.py:840} INFO - DAG(s) 'example_bash_operator' retrieved from /home/airflow/.local/lib/python3.12/site-packages/airflow/example_dags/example_bash_operator.py
[2025-05-02T19:50:38.267+0000] {logging_mixin.py:188} INFO - [2025-05-02T19:50:38.267+0000] {dag.py:3096} INFO - Sync 1 DAGs
[2025-05-02T19:50:38.686+0000] {logging_mixin.py:188} INFO - [2025-05-02T19:50:38.685+0000] {dag.py:3954} INFO - Setting next_dagrun for example_bash_operator to 2025-05-01 00:00:00+00:00, run_after=2025-05-02 00:00:00+00:00
[2025-05-02T19:50:38.746+0000] {processor.py:183} INFO - Processing /home/airflow/.local/lib/python3.12/site-packages/airflow/example_dags/example_bash_operator.py took 0.584 seconds
[2025-05-02T19:51:15.053+0000] {processor.py:161} INFO - Started process (PID=2641) to work on /home/airflow/.local/lib/python3.12/site-packages/airflow/example_dags/example_bash_operator.py
[2025-05-02T19:51:15.054+0000] {processor.py:830} INFO - Processing file /home/airflow/.local/lib/python3.12/site-packages/airflow/example_dags/example_bash_operator.py for tasks to queue
[2025-05-02T19:51:15.059+0000] {logging_mixin.py:188} INFO - [2025-05-02T19:51:15.058+0000] {dagbag.py:540} INFO - Filling up the DagBag from /home/airflow/.local/lib/python3.12/site-packages/airflow/example_dags/example_bash_operator.py
[2025-05-02T19:51:15.095+0000] {processor.py:840} INFO - DAG(s) 'example_bash_operator' retrieved from /home/airflow/.local/lib/python3.12/site-packages/airflow/example_dags/example_bash_operator.py
[2025-05-02T19:51:15.298+0000] {logging_mixin.py:188} INFO - [2025-05-02T19:51:15.297+0000] {dag.py:3096} INFO - Sync 1 DAGs
[2025-05-02T19:51:15.406+0000] {logging_mixin.py:188} INFO - [2025-05-02T19:51:15.406+0000] {dag.py:3954} INFO - Setting next_dagrun for example_bash_operator to 2025-05-01 00:00:00+00:00, run_after=2025-05-02 00:00:00+00:00
[2025-05-02T19:51:15.471+0000] {processor.py:183} INFO - Processing /home/airflow/.local/lib/python3.12/site-packages/airflow/example_dags/example_bash_operator.py took 0.429 seconds
[2025-05-02T19:51:47.248+0000] {processor.py:161} INFO - Started process (PID=2733) to work on /home/airflow/.local/lib/python3.12/site-packages/airflow/example_dags/example_bash_operator.py
[2025-05-02T19:51:47.265+0000] {processor.py:830} INFO - Processing file /home/airflow/.local/lib/python3.12/site-packages/airflow/example_dags/example_bash_operator.py for tasks to queue
[2025-05-02T19:51:47.302+0000] {logging_mixin.py:188} INFO - [2025-05-02T19:51:47.301+0000] {dagbag.py:540} INFO - Filling up the DagBag from /home/airflow/.local/lib/python3.12/site-packages/airflow/example_dags/example_bash_operator.py
[2025-05-02T19:51:47.413+0000] {processor.py:840} INFO - DAG(s) 'example_bash_operator' retrieved from /home/airflow/.local/lib/python3.12/site-packages/airflow/example_dags/example_bash_operator.py
[2025-05-02T19:51:47.942+0000] {logging_mixin.py:188} INFO - [2025-05-02T19:51:47.941+0000] {dag.py:3096} INFO - Sync 1 DAGs
[2025-05-02T19:51:48.033+0000] {logging_mixin.py:188} INFO - [2025-05-02T19:51:48.032+0000] {dag.py:3954} INFO - Setting next_dagrun for example_bash_operator to 2025-05-01 00:00:00+00:00, run_after=2025-05-02 00:00:00+00:00
[2025-05-02T19:51:48.130+0000] {processor.py:183} INFO - Processing /home/airflow/.local/lib/python3.12/site-packages/airflow/example_dags/example_bash_operator.py took 0.915 seconds
[2025-05-02T19:52:18.751+0000] {processor.py:161} INFO - Started process (PID=2811) to work on /home/airflow/.local/lib/python3.12/site-packages/airflow/example_dags/example_bash_operator.py
[2025-05-02T19:52:18.764+0000] {processor.py:830} INFO - Processing file /home/airflow/.local/lib/python3.12/site-packages/airflow/example_dags/example_bash_operator.py for tasks to queue
[2025-05-02T19:52:18.770+0000] {logging_mixin.py:188} INFO - [2025-05-02T19:52:18.770+0000] {dagbag.py:540} INFO - Filling up the DagBag from /home/airflow/.local/lib/python3.12/site-packages/airflow/example_dags/example_bash_operator.py
[2025-05-02T19:52:18.812+0000] {processor.py:840} INFO - DAG(s) 'example_bash_operator' retrieved from /home/airflow/.local/lib/python3.12/site-packages/airflow/example_dags/example_bash_operator.py
[2025-05-02T19:52:18.933+0000] {logging_mixin.py:188} INFO - [2025-05-02T19:52:18.932+0000] {dag.py:3096} INFO - Sync 1 DAGs
[2025-05-02T19:52:19.004+0000] {logging_mixin.py:188} INFO - [2025-05-02T19:52:19.004+0000] {dag.py:3954} INFO - Setting next_dagrun for example_bash_operator to 2025-05-01 00:00:00+00:00, run_after=2025-05-02 00:00:00+00:00
[2025-05-02T19:52:19.096+0000] {processor.py:183} INFO - Processing /home/airflow/.local/lib/python3.12/site-packages/airflow/example_dags/example_bash_operator.py took 0.372 seconds
[2025-05-02T19:52:49.484+0000] {processor.py:161} INFO - Started process (PID=2902) to work on /home/airflow/.local/lib/python3.12/site-packages/airflow/example_dags/example_bash_operator.py
[2025-05-02T19:52:49.486+0000] {processor.py:830} INFO - Processing file /home/airflow/.local/lib/python3.12/site-packages/airflow/example_dags/example_bash_operator.py for tasks to queue
[2025-05-02T19:52:49.490+0000] {logging_mixin.py:188} INFO - [2025-05-02T19:52:49.489+0000] {dagbag.py:540} INFO - Filling up the DagBag from /home/airflow/.local/lib/python3.12/site-packages/airflow/example_dags/example_bash_operator.py
[2025-05-02T19:52:49.515+0000] {processor.py:840} INFO - DAG(s) 'example_bash_operator' retrieved from /home/airflow/.local/lib/python3.12/site-packages/airflow/example_dags/example_bash_operator.py
[2025-05-02T19:52:49.575+0000] {logging_mixin.py:188} INFO - [2025-05-02T19:52:49.574+0000] {dag.py:3096} INFO - Sync 1 DAGs
[2025-05-02T19:52:49.629+0000] {logging_mixin.py:188} INFO - [2025-05-02T19:52:49.628+0000] {dag.py:3954} INFO - Setting next_dagrun for example_bash_operator to 2025-05-01 00:00:00+00:00, run_after=2025-05-02 00:00:00+00:00
[2025-05-02T19:52:49.664+0000] {processor.py:183} INFO - Processing /home/airflow/.local/lib/python3.12/site-packages/airflow/example_dags/example_bash_operator.py took 0.194 seconds
[2025-05-02T19:53:21.174+0000] {processor.py:161} INFO - Started process (PID=3010) to work on /home/airflow/.local/lib/python3.12/site-packages/airflow/example_dags/example_bash_operator.py
[2025-05-02T19:53:21.187+0000] {processor.py:830} INFO - Processing file /home/airflow/.local/lib/python3.12/site-packages/airflow/example_dags/example_bash_operator.py for tasks to queue
[2025-05-02T19:53:21.191+0000] {logging_mixin.py:188} INFO - [2025-05-02T19:53:21.191+0000] {dagbag.py:540} INFO - Filling up the DagBag from /home/airflow/.local/lib/python3.12/site-packages/airflow/example_dags/example_bash_operator.py
[2025-05-02T19:53:21.219+0000] {processor.py:840} INFO - DAG(s) 'example_bash_operator' retrieved from /home/airflow/.local/lib/python3.12/site-packages/airflow/example_dags/example_bash_operator.py
[2025-05-02T19:53:21.329+0000] {logging_mixin.py:188} INFO - [2025-05-02T19:53:21.329+0000] {dag.py:3096} INFO - Sync 1 DAGs
[2025-05-02T19:53:21.433+0000] {logging_mixin.py:188} INFO - [2025-05-02T19:53:21.432+0000] {dag.py:3954} INFO - Setting next_dagrun for example_bash_operator to 2025-05-01 00:00:00+00:00, run_after=2025-05-02 00:00:00+00:00
[2025-05-02T19:53:21.526+0000] {processor.py:183} INFO - Processing /home/airflow/.local/lib/python3.12/site-packages/airflow/example_dags/example_bash_operator.py took 0.367 seconds
[2025-05-02T19:53:55.074+0000] {processor.py:161} INFO - Started process (PID=3107) to work on /home/airflow/.local/lib/python3.12/site-packages/airflow/example_dags/example_bash_operator.py
[2025-05-02T19:53:55.075+0000] {processor.py:830} INFO - Processing file /home/airflow/.local/lib/python3.12/site-packages/airflow/example_dags/example_bash_operator.py for tasks to queue
[2025-05-02T19:53:55.079+0000] {logging_mixin.py:188} INFO - [2025-05-02T19:53:55.078+0000] {dagbag.py:540} INFO - Filling up the DagBag from /home/airflow/.local/lib/python3.12/site-packages/airflow/example_dags/example_bash_operator.py
[2025-05-02T19:53:55.103+0000] {processor.py:840} INFO - DAG(s) 'example_bash_operator' retrieved from /home/airflow/.local/lib/python3.12/site-packages/airflow/example_dags/example_bash_operator.py
[2025-05-02T19:53:55.197+0000] {logging_mixin.py:188} INFO - [2025-05-02T19:53:55.197+0000] {dag.py:3096} INFO - Sync 1 DAGs
[2025-05-02T19:53:55.253+0000] {logging_mixin.py:188} INFO - [2025-05-02T19:53:55.252+0000] {dag.py:3954} INFO - Setting next_dagrun for example_bash_operator to 2025-05-01 00:00:00+00:00, run_after=2025-05-02 00:00:00+00:00
[2025-05-02T19:53:55.334+0000] {processor.py:183} INFO - Processing /home/airflow/.local/lib/python3.12/site-packages/airflow/example_dags/example_bash_operator.py took 0.298 seconds
[2025-05-02T19:54:28.627+0000] {processor.py:161} INFO - Started process (PID=3206) to work on /home/airflow/.local/lib/python3.12/site-packages/airflow/example_dags/example_bash_operator.py
[2025-05-02T19:54:28.632+0000] {processor.py:830} INFO - Processing file /home/airflow/.local/lib/python3.12/site-packages/airflow/example_dags/example_bash_operator.py for tasks to queue
[2025-05-02T19:54:28.636+0000] {logging_mixin.py:188} INFO - [2025-05-02T19:54:28.635+0000] {dagbag.py:540} INFO - Filling up the DagBag from /home/airflow/.local/lib/python3.12/site-packages/airflow/example_dags/example_bash_operator.py
[2025-05-02T19:54:28.673+0000] {processor.py:840} INFO - DAG(s) 'example_bash_operator' retrieved from /home/airflow/.local/lib/python3.12/site-packages/airflow/example_dags/example_bash_operator.py
[2025-05-02T19:54:28.755+0000] {logging_mixin.py:188} INFO - [2025-05-02T19:54:28.755+0000] {dag.py:3096} INFO - Sync 1 DAGs
[2025-05-02T19:54:28.823+0000] {logging_mixin.py:188} INFO - [2025-05-02T19:54:28.823+0000] {dag.py:3954} INFO - Setting next_dagrun for example_bash_operator to 2025-05-01 00:00:00+00:00, run_after=2025-05-02 00:00:00+00:00
[2025-05-02T19:54:28.901+0000] {processor.py:183} INFO - Processing /home/airflow/.local/lib/python3.12/site-packages/airflow/example_dags/example_bash_operator.py took 0.290 seconds
[2025-05-02T19:54:59.065+0000] {processor.py:161} INFO - Started process (PID=3302) to work on /home/airflow/.local/lib/python3.12/site-packages/airflow/example_dags/example_bash_operator.py
[2025-05-02T19:54:59.066+0000] {processor.py:830} INFO - Processing file /home/airflow/.local/lib/python3.12/site-packages/airflow/example_dags/example_bash_operator.py for tasks to queue
[2025-05-02T19:54:59.071+0000] {logging_mixin.py:188} INFO - [2025-05-02T19:54:59.070+0000] {dagbag.py:540} INFO - Filling up the DagBag from /home/airflow/.local/lib/python3.12/site-packages/airflow/example_dags/example_bash_operator.py
[2025-05-02T19:54:59.110+0000] {processor.py:840} INFO - DAG(s) 'example_bash_operator' retrieved from /home/airflow/.local/lib/python3.12/site-packages/airflow/example_dags/example_bash_operator.py
[2025-05-02T19:54:59.196+0000] {logging_mixin.py:188} INFO - [2025-05-02T19:54:59.195+0000] {dag.py:3096} INFO - Sync 1 DAGs
[2025-05-02T19:54:59.256+0000] {logging_mixin.py:188} INFO - [2025-05-02T19:54:59.255+0000] {dag.py:3954} INFO - Setting next_dagrun for example_bash_operator to 2025-05-01 00:00:00+00:00, run_after=2025-05-02 00:00:00+00:00
[2025-05-02T19:54:59.293+0000] {processor.py:183} INFO - Processing /home/airflow/.local/lib/python3.12/site-packages/airflow/example_dags/example_bash_operator.py took 0.257 seconds
[2025-05-02T19:55:30.039+0000] {processor.py:161} INFO - Started process (PID=3391) to work on /home/airflow/.local/lib/python3.12/site-packages/airflow/example_dags/example_bash_operator.py
[2025-05-02T19:55:30.044+0000] {processor.py:830} INFO - Processing file /home/airflow/.local/lib/python3.12/site-packages/airflow/example_dags/example_bash_operator.py for tasks to queue
[2025-05-02T19:55:30.047+0000] {logging_mixin.py:188} INFO - [2025-05-02T19:55:30.047+0000] {dagbag.py:540} INFO - Filling up the DagBag from /home/airflow/.local/lib/python3.12/site-packages/airflow/example_dags/example_bash_operator.py
[2025-05-02T19:55:30.072+0000] {processor.py:840} INFO - DAG(s) 'example_bash_operator' retrieved from /home/airflow/.local/lib/python3.12/site-packages/airflow/example_dags/example_bash_operator.py
[2025-05-02T19:55:30.128+0000] {logging_mixin.py:188} INFO - [2025-05-02T19:55:30.128+0000] {dag.py:3096} INFO - Sync 1 DAGs
[2025-05-02T19:55:30.182+0000] {logging_mixin.py:188} INFO - [2025-05-02T19:55:30.181+0000] {dag.py:3954} INFO - Setting next_dagrun for example_bash_operator to 2025-05-01 00:00:00+00:00, run_after=2025-05-02 00:00:00+00:00
[2025-05-02T19:55:30.219+0000] {processor.py:183} INFO - Processing /home/airflow/.local/lib/python3.12/site-packages/airflow/example_dags/example_bash_operator.py took 0.196 seconds
[2025-05-02T19:56:00.945+0000] {processor.py:161} INFO - Started process (PID=3485) to work on /home/airflow/.local/lib/python3.12/site-packages/airflow/example_dags/example_bash_operator.py
[2025-05-02T19:56:00.946+0000] {processor.py:830} INFO - Processing file /home/airflow/.local/lib/python3.12/site-packages/airflow/example_dags/example_bash_operator.py for tasks to queue
[2025-05-02T19:56:00.949+0000] {logging_mixin.py:188} INFO - [2025-05-02T19:56:00.949+0000] {dagbag.py:540} INFO - Filling up the DagBag from /home/airflow/.local/lib/python3.12/site-packages/airflow/example_dags/example_bash_operator.py
[2025-05-02T19:56:00.972+0000] {processor.py:840} INFO - DAG(s) 'example_bash_operator' retrieved from /home/airflow/.local/lib/python3.12/site-packages/airflow/example_dags/example_bash_operator.py
[2025-05-02T19:56:01.046+0000] {logging_mixin.py:188} INFO - [2025-05-02T19:56:01.045+0000] {dag.py:3096} INFO - Sync 1 DAGs
[2025-05-02T19:56:01.158+0000] {logging_mixin.py:188} INFO - [2025-05-02T19:56:01.157+0000] {dag.py:3954} INFO - Setting next_dagrun for example_bash_operator to 2025-05-01 00:00:00+00:00, run_after=2025-05-02 00:00:00+00:00
[2025-05-02T19:56:01.290+0000] {processor.py:183} INFO - Processing /home/airflow/.local/lib/python3.12/site-packages/airflow/example_dags/example_bash_operator.py took 0.357 seconds
[2025-05-02T19:56:31.963+0000] {processor.py:161} INFO - Started process (PID=3580) to work on /home/airflow/.local/lib/python3.12/site-packages/airflow/example_dags/example_bash_operator.py
[2025-05-02T19:56:31.971+0000] {processor.py:830} INFO - Processing file /home/airflow/.local/lib/python3.12/site-packages/airflow/example_dags/example_bash_operator.py for tasks to queue
[2025-05-02T19:56:31.978+0000] {logging_mixin.py:188} INFO - [2025-05-02T19:56:31.974+0000] {dagbag.py:540} INFO - Filling up the DagBag from /home/airflow/.local/lib/python3.12/site-packages/airflow/example_dags/example_bash_operator.py
[2025-05-02T19:56:32.005+0000] {processor.py:840} INFO - DAG(s) 'example_bash_operator' retrieved from /home/airflow/.local/lib/python3.12/site-packages/airflow/example_dags/example_bash_operator.py
[2025-05-02T19:56:32.094+0000] {logging_mixin.py:188} INFO - [2025-05-02T19:56:32.093+0000] {dag.py:3096} INFO - Sync 1 DAGs
[2025-05-02T19:56:32.205+0000] {logging_mixin.py:188} INFO - [2025-05-02T19:56:32.205+0000] {dag.py:3954} INFO - Setting next_dagrun for example_bash_operator to 2025-05-01 00:00:00+00:00, run_after=2025-05-02 00:00:00+00:00
[2025-05-02T19:56:32.288+0000] {processor.py:183} INFO - Processing /home/airflow/.local/lib/python3.12/site-packages/airflow/example_dags/example_bash_operator.py took 0.343 seconds
[2025-05-02T19:57:03.127+0000] {processor.py:161} INFO - Started process (PID=3675) to work on /home/airflow/.local/lib/python3.12/site-packages/airflow/example_dags/example_bash_operator.py
[2025-05-02T19:57:03.129+0000] {processor.py:830} INFO - Processing file /home/airflow/.local/lib/python3.12/site-packages/airflow/example_dags/example_bash_operator.py for tasks to queue
[2025-05-02T19:57:03.132+0000] {logging_mixin.py:188} INFO - [2025-05-02T19:57:03.131+0000] {dagbag.py:540} INFO - Filling up the DagBag from /home/airflow/.local/lib/python3.12/site-packages/airflow/example_dags/example_bash_operator.py
[2025-05-02T19:57:03.154+0000] {processor.py:840} INFO - DAG(s) 'example_bash_operator' retrieved from /home/airflow/.local/lib/python3.12/site-packages/airflow/example_dags/example_bash_operator.py
[2025-05-02T19:57:03.248+0000] {logging_mixin.py:188} INFO - [2025-05-02T19:57:03.248+0000] {dag.py:3096} INFO - Sync 1 DAGs
[2025-05-02T19:57:03.298+0000] {logging_mixin.py:188} INFO - [2025-05-02T19:57:03.297+0000] {dag.py:3954} INFO - Setting next_dagrun for example_bash_operator to 2025-05-01 00:00:00+00:00, run_after=2025-05-02 00:00:00+00:00
[2025-05-02T19:57:03.364+0000] {processor.py:183} INFO - Processing /home/airflow/.local/lib/python3.12/site-packages/airflow/example_dags/example_bash_operator.py took 0.248 seconds
[2025-05-02T19:57:33.884+0000] {processor.py:161} INFO - Started process (PID=3779) to work on /home/airflow/.local/lib/python3.12/site-packages/airflow/example_dags/example_bash_operator.py
[2025-05-02T19:57:33.890+0000] {processor.py:830} INFO - Processing file /home/airflow/.local/lib/python3.12/site-packages/airflow/example_dags/example_bash_operator.py for tasks to queue
[2025-05-02T19:57:33.894+0000] {logging_mixin.py:188} INFO - [2025-05-02T19:57:33.894+0000] {dagbag.py:540} INFO - Filling up the DagBag from /home/airflow/.local/lib/python3.12/site-packages/airflow/example_dags/example_bash_operator.py
[2025-05-02T19:57:33.934+0000] {processor.py:840} INFO - DAG(s) 'example_bash_operator' retrieved from /home/airflow/.local/lib/python3.12/site-packages/airflow/example_dags/example_bash_operator.py
[2025-05-02T19:57:33.996+0000] {logging_mixin.py:188} INFO - [2025-05-02T19:57:33.996+0000] {dag.py:3096} INFO - Sync 1 DAGs
[2025-05-02T19:57:34.048+0000] {logging_mixin.py:188} INFO - [2025-05-02T19:57:34.048+0000] {dag.py:3954} INFO - Setting next_dagrun for example_bash_operator to 2025-05-01 00:00:00+00:00, run_after=2025-05-02 00:00:00+00:00
[2025-05-02T19:57:34.091+0000] {processor.py:183} INFO - Processing /home/airflow/.local/lib/python3.12/site-packages/airflow/example_dags/example_bash_operator.py took 0.219 seconds
[2025-05-02T19:58:04.590+0000] {processor.py:161} INFO - Started process (PID=3892) to work on /home/airflow/.local/lib/python3.12/site-packages/airflow/example_dags/example_bash_operator.py
[2025-05-02T19:58:04.591+0000] {processor.py:830} INFO - Processing file /home/airflow/.local/lib/python3.12/site-packages/airflow/example_dags/example_bash_operator.py for tasks to queue
[2025-05-02T19:58:04.595+0000] {logging_mixin.py:188} INFO - [2025-05-02T19:58:04.594+0000] {dagbag.py:540} INFO - Filling up the DagBag from /home/airflow/.local/lib/python3.12/site-packages/airflow/example_dags/example_bash_operator.py
[2025-05-02T19:58:04.632+0000] {processor.py:840} INFO - DAG(s) 'example_bash_operator' retrieved from /home/airflow/.local/lib/python3.12/site-packages/airflow/example_dags/example_bash_operator.py
[2025-05-02T19:58:04.701+0000] {logging_mixin.py:188} INFO - [2025-05-02T19:58:04.701+0000] {dag.py:3096} INFO - Sync 1 DAGs
[2025-05-02T19:58:04.761+0000] {logging_mixin.py:188} INFO - [2025-05-02T19:58:04.761+0000] {dag.py:3954} INFO - Setting next_dagrun for example_bash_operator to 2025-05-01 00:00:00+00:00, run_after=2025-05-02 00:00:00+00:00
[2025-05-02T19:58:04.793+0000] {processor.py:183} INFO - Processing /home/airflow/.local/lib/python3.12/site-packages/airflow/example_dags/example_bash_operator.py took 0.229 seconds
