[2025-05-02T19:33:06.562+0000] {processor.py:161} INFO - Started process (PID=65) to work on /home/airflow/.local/lib/python3.12/site-packages/airflow/example_dags/example_python_decorator.py
[2025-05-02T19:33:06.564+0000] {processor.py:830} INFO - Processing file /home/airflow/.local/lib/python3.12/site-packages/airflow/example_dags/example_python_decorator.py for tasks to queue
[2025-05-02T19:33:06.568+0000] {logging_mixin.py:188} INFO - [2025-05-02T19:33:06.567+0000] {dagbag.py:540} INFO - Filling up the DagBag from /home/airflow/.local/lib/python3.12/site-packages/airflow/example_dags/example_python_decorator.py
[2025-05-02T19:33:06.597+0000] {processor.py:840} INFO - DAG(s) 'example_python_decorator' retrieved from /home/airflow/.local/lib/python3.12/site-packages/airflow/example_dags/example_python_decorator.py
[2025-05-02T19:33:06.612+0000] {logging_mixin.py:188} INFO - [2025-05-02T19:33:06.611+0000] {dag.py:3096} INFO - Sync 1 DAGs
[2025-05-02T19:33:06.632+0000] {logging_mixin.py:188} INFO - [2025-05-02T19:33:06.632+0000] {dag.py:3954} INFO - Setting next_dagrun for example_python_decorator to None, run_after=None
[2025-05-02T19:33:06.664+0000] {processor.py:183} INFO - Processing /home/airflow/.local/lib/python3.12/site-packages/airflow/example_dags/example_python_decorator.py took 0.116 seconds
[2025-05-02T19:33:36.961+0000] {processor.py:161} INFO - Started process (PID=123) to work on /home/airflow/.local/lib/python3.12/site-packages/airflow/example_dags/example_python_decorator.py
[2025-05-02T19:33:36.962+0000] {processor.py:830} INFO - Processing file /home/airflow/.local/lib/python3.12/site-packages/airflow/example_dags/example_python_decorator.py for tasks to queue
[2025-05-02T19:33:36.963+0000] {logging_mixin.py:188} INFO - [2025-05-02T19:33:36.963+0000] {dagbag.py:540} INFO - Filling up the DagBag from /home/airflow/.local/lib/python3.12/site-packages/airflow/example_dags/example_python_decorator.py
[2025-05-02T19:33:36.975+0000] {processor.py:840} INFO - DAG(s) 'example_python_decorator' retrieved from /home/airflow/.local/lib/python3.12/site-packages/airflow/example_dags/example_python_decorator.py
[2025-05-02T19:33:37.067+0000] {logging_mixin.py:188} INFO - [2025-05-02T19:33:37.066+0000] {dag.py:3096} INFO - Sync 1 DAGs
[2025-05-02T19:33:37.074+0000] {logging_mixin.py:188} INFO - [2025-05-02T19:33:37.073+0000] {dag.py:3954} INFO - Setting next_dagrun for example_python_decorator to None, run_after=None
[2025-05-02T19:33:37.088+0000] {processor.py:183} INFO - Processing /home/airflow/.local/lib/python3.12/site-packages/airflow/example_dags/example_python_decorator.py took 0.132 seconds
[2025-05-02T19:34:07.524+0000] {processor.py:161} INFO - Started process (PID=181) to work on /home/airflow/.local/lib/python3.12/site-packages/airflow/example_dags/example_python_decorator.py
[2025-05-02T19:34:07.525+0000] {processor.py:830} INFO - Processing file /home/airflow/.local/lib/python3.12/site-packages/airflow/example_dags/example_python_decorator.py for tasks to queue
[2025-05-02T19:34:07.526+0000] {logging_mixin.py:188} INFO - [2025-05-02T19:34:07.526+0000] {dagbag.py:540} INFO - Filling up the DagBag from /home/airflow/.local/lib/python3.12/site-packages/airflow/example_dags/example_python_decorator.py
[2025-05-02T19:34:07.536+0000] {processor.py:840} INFO - DAG(s) 'example_python_decorator' retrieved from /home/airflow/.local/lib/python3.12/site-packages/airflow/example_dags/example_python_decorator.py
[2025-05-02T19:34:07.553+0000] {logging_mixin.py:188} INFO - [2025-05-02T19:34:07.553+0000] {dag.py:3096} INFO - Sync 1 DAGs
[2025-05-02T19:34:07.565+0000] {logging_mixin.py:188} INFO - [2025-05-02T19:34:07.565+0000] {dag.py:3954} INFO - Setting next_dagrun for example_python_decorator to None, run_after=None
[2025-05-02T19:34:07.580+0000] {processor.py:183} INFO - Processing /home/airflow/.local/lib/python3.12/site-packages/airflow/example_dags/example_python_decorator.py took 0.061 seconds
[2025-05-02T19:34:38.930+0000] {processor.py:161} INFO - Started process (PID=239) to work on /home/airflow/.local/lib/python3.12/site-packages/airflow/example_dags/example_python_decorator.py
[2025-05-02T19:34:38.931+0000] {processor.py:830} INFO - Processing file /home/airflow/.local/lib/python3.12/site-packages/airflow/example_dags/example_python_decorator.py for tasks to queue
[2025-05-02T19:34:38.933+0000] {logging_mixin.py:188} INFO - [2025-05-02T19:34:38.933+0000] {dagbag.py:540} INFO - Filling up the DagBag from /home/airflow/.local/lib/python3.12/site-packages/airflow/example_dags/example_python_decorator.py
[2025-05-02T19:34:38.944+0000] {processor.py:840} INFO - DAG(s) 'example_python_decorator' retrieved from /home/airflow/.local/lib/python3.12/site-packages/airflow/example_dags/example_python_decorator.py
[2025-05-02T19:34:38.966+0000] {logging_mixin.py:188} INFO - [2025-05-02T19:34:38.966+0000] {dag.py:3096} INFO - Sync 1 DAGs
[2025-05-02T19:34:38.979+0000] {logging_mixin.py:188} INFO - [2025-05-02T19:34:38.979+0000] {dag.py:3954} INFO - Setting next_dagrun for example_python_decorator to None, run_after=None
[2025-05-02T19:34:38.995+0000] {processor.py:183} INFO - Processing /home/airflow/.local/lib/python3.12/site-packages/airflow/example_dags/example_python_decorator.py took 0.071 seconds
[2025-05-02T19:35:09.602+0000] {processor.py:161} INFO - Started process (PID=297) to work on /home/airflow/.local/lib/python3.12/site-packages/airflow/example_dags/example_python_decorator.py
[2025-05-02T19:35:09.603+0000] {processor.py:830} INFO - Processing file /home/airflow/.local/lib/python3.12/site-packages/airflow/example_dags/example_python_decorator.py for tasks to queue
[2025-05-02T19:35:09.605+0000] {logging_mixin.py:188} INFO - [2025-05-02T19:35:09.605+0000] {dagbag.py:540} INFO - Filling up the DagBag from /home/airflow/.local/lib/python3.12/site-packages/airflow/example_dags/example_python_decorator.py
[2025-05-02T19:35:09.616+0000] {processor.py:840} INFO - DAG(s) 'example_python_decorator' retrieved from /home/airflow/.local/lib/python3.12/site-packages/airflow/example_dags/example_python_decorator.py
[2025-05-02T19:35:09.635+0000] {logging_mixin.py:188} INFO - [2025-05-02T19:35:09.635+0000] {dag.py:3096} INFO - Sync 1 DAGs
[2025-05-02T19:35:09.645+0000] {logging_mixin.py:188} INFO - [2025-05-02T19:35:09.645+0000] {dag.py:3954} INFO - Setting next_dagrun for example_python_decorator to None, run_after=None
[2025-05-02T19:35:09.664+0000] {processor.py:183} INFO - Processing /home/airflow/.local/lib/python3.12/site-packages/airflow/example_dags/example_python_decorator.py took 0.067 seconds
[2025-05-02T19:35:39.942+0000] {processor.py:161} INFO - Started process (PID=355) to work on /home/airflow/.local/lib/python3.12/site-packages/airflow/example_dags/example_python_decorator.py
[2025-05-02T19:35:39.943+0000] {processor.py:830} INFO - Processing file /home/airflow/.local/lib/python3.12/site-packages/airflow/example_dags/example_python_decorator.py for tasks to queue
[2025-05-02T19:35:39.944+0000] {logging_mixin.py:188} INFO - [2025-05-02T19:35:39.944+0000] {dagbag.py:540} INFO - Filling up the DagBag from /home/airflow/.local/lib/python3.12/site-packages/airflow/example_dags/example_python_decorator.py
[2025-05-02T19:35:39.955+0000] {processor.py:840} INFO - DAG(s) 'example_python_decorator' retrieved from /home/airflow/.local/lib/python3.12/site-packages/airflow/example_dags/example_python_decorator.py
[2025-05-02T19:35:39.974+0000] {logging_mixin.py:188} INFO - [2025-05-02T19:35:39.974+0000] {dag.py:3096} INFO - Sync 1 DAGs
[2025-05-02T19:35:39.986+0000] {logging_mixin.py:188} INFO - [2025-05-02T19:35:39.985+0000] {dag.py:3954} INFO - Setting next_dagrun for example_python_decorator to None, run_after=None
[2025-05-02T19:35:40.003+0000] {processor.py:183} INFO - Processing /home/airflow/.local/lib/python3.12/site-packages/airflow/example_dags/example_python_decorator.py took 0.065 seconds
[2025-05-02T19:36:10.500+0000] {processor.py:161} INFO - Started process (PID=413) to work on /home/airflow/.local/lib/python3.12/site-packages/airflow/example_dags/example_python_decorator.py
[2025-05-02T19:36:10.501+0000] {processor.py:830} INFO - Processing file /home/airflow/.local/lib/python3.12/site-packages/airflow/example_dags/example_python_decorator.py for tasks to queue
[2025-05-02T19:36:10.502+0000] {logging_mixin.py:188} INFO - [2025-05-02T19:36:10.502+0000] {dagbag.py:540} INFO - Filling up the DagBag from /home/airflow/.local/lib/python3.12/site-packages/airflow/example_dags/example_python_decorator.py
[2025-05-02T19:36:10.512+0000] {processor.py:840} INFO - DAG(s) 'example_python_decorator' retrieved from /home/airflow/.local/lib/python3.12/site-packages/airflow/example_dags/example_python_decorator.py
[2025-05-02T19:36:10.527+0000] {logging_mixin.py:188} INFO - [2025-05-02T19:36:10.527+0000] {dag.py:3096} INFO - Sync 1 DAGs
[2025-05-02T19:36:10.538+0000] {logging_mixin.py:188} INFO - [2025-05-02T19:36:10.537+0000] {dag.py:3954} INFO - Setting next_dagrun for example_python_decorator to None, run_after=None
[2025-05-02T19:36:10.554+0000] {processor.py:183} INFO - Processing /home/airflow/.local/lib/python3.12/site-packages/airflow/example_dags/example_python_decorator.py took 0.060 seconds
[2025-05-02T19:36:40.900+0000] {processor.py:161} INFO - Started process (PID=471) to work on /home/airflow/.local/lib/python3.12/site-packages/airflow/example_dags/example_python_decorator.py
[2025-05-02T19:36:40.901+0000] {processor.py:830} INFO - Processing file /home/airflow/.local/lib/python3.12/site-packages/airflow/example_dags/example_python_decorator.py for tasks to queue
[2025-05-02T19:36:40.902+0000] {logging_mixin.py:188} INFO - [2025-05-02T19:36:40.902+0000] {dagbag.py:540} INFO - Filling up the DagBag from /home/airflow/.local/lib/python3.12/site-packages/airflow/example_dags/example_python_decorator.py
[2025-05-02T19:36:40.915+0000] {processor.py:840} INFO - DAG(s) 'example_python_decorator' retrieved from /home/airflow/.local/lib/python3.12/site-packages/airflow/example_dags/example_python_decorator.py
[2025-05-02T19:36:40.935+0000] {logging_mixin.py:188} INFO - [2025-05-02T19:36:40.935+0000] {dag.py:3096} INFO - Sync 1 DAGs
[2025-05-02T19:36:40.949+0000] {logging_mixin.py:188} INFO - [2025-05-02T19:36:40.949+0000] {dag.py:3954} INFO - Setting next_dagrun for example_python_decorator to None, run_after=None
[2025-05-02T19:36:40.969+0000] {processor.py:183} INFO - Processing /home/airflow/.local/lib/python3.12/site-packages/airflow/example_dags/example_python_decorator.py took 0.076 seconds
[2025-05-02T19:37:11.221+0000] {processor.py:161} INFO - Started process (PID=529) to work on /home/airflow/.local/lib/python3.12/site-packages/airflow/example_dags/example_python_decorator.py
[2025-05-02T19:37:11.222+0000] {processor.py:830} INFO - Processing file /home/airflow/.local/lib/python3.12/site-packages/airflow/example_dags/example_python_decorator.py for tasks to queue
[2025-05-02T19:37:11.223+0000] {logging_mixin.py:188} INFO - [2025-05-02T19:37:11.223+0000] {dagbag.py:540} INFO - Filling up the DagBag from /home/airflow/.local/lib/python3.12/site-packages/airflow/example_dags/example_python_decorator.py
[2025-05-02T19:37:11.236+0000] {processor.py:840} INFO - DAG(s) 'example_python_decorator' retrieved from /home/airflow/.local/lib/python3.12/site-packages/airflow/example_dags/example_python_decorator.py
[2025-05-02T19:37:11.255+0000] {logging_mixin.py:188} INFO - [2025-05-02T19:37:11.255+0000] {dag.py:3096} INFO - Sync 1 DAGs
[2025-05-02T19:37:11.267+0000] {logging_mixin.py:188} INFO - [2025-05-02T19:37:11.267+0000] {dag.py:3954} INFO - Setting next_dagrun for example_python_decorator to None, run_after=None
[2025-05-02T19:37:11.286+0000] {processor.py:183} INFO - Processing /home/airflow/.local/lib/python3.12/site-packages/airflow/example_dags/example_python_decorator.py took 0.072 seconds
[2025-05-02T19:37:41.803+0000] {processor.py:161} INFO - Started process (PID=587) to work on /home/airflow/.local/lib/python3.12/site-packages/airflow/example_dags/example_python_decorator.py
[2025-05-02T19:37:41.804+0000] {processor.py:830} INFO - Processing file /home/airflow/.local/lib/python3.12/site-packages/airflow/example_dags/example_python_decorator.py for tasks to queue
[2025-05-02T19:37:41.805+0000] {logging_mixin.py:188} INFO - [2025-05-02T19:37:41.805+0000] {dagbag.py:540} INFO - Filling up the DagBag from /home/airflow/.local/lib/python3.12/site-packages/airflow/example_dags/example_python_decorator.py
[2025-05-02T19:37:41.815+0000] {processor.py:840} INFO - DAG(s) 'example_python_decorator' retrieved from /home/airflow/.local/lib/python3.12/site-packages/airflow/example_dags/example_python_decorator.py
[2025-05-02T19:37:41.835+0000] {logging_mixin.py:188} INFO - [2025-05-02T19:37:41.834+0000] {dag.py:3096} INFO - Sync 1 DAGs
[2025-05-02T19:37:41.847+0000] {logging_mixin.py:188} INFO - [2025-05-02T19:37:41.847+0000] {dag.py:3954} INFO - Setting next_dagrun for example_python_decorator to None, run_after=None
[2025-05-02T19:37:41.864+0000] {processor.py:183} INFO - Processing /home/airflow/.local/lib/python3.12/site-packages/airflow/example_dags/example_python_decorator.py took 0.065 seconds
[2025-05-02T19:38:12.100+0000] {processor.py:161} INFO - Started process (PID=645) to work on /home/airflow/.local/lib/python3.12/site-packages/airflow/example_dags/example_python_decorator.py
[2025-05-02T19:38:12.101+0000] {processor.py:830} INFO - Processing file /home/airflow/.local/lib/python3.12/site-packages/airflow/example_dags/example_python_decorator.py for tasks to queue
[2025-05-02T19:38:12.102+0000] {logging_mixin.py:188} INFO - [2025-05-02T19:38:12.102+0000] {dagbag.py:540} INFO - Filling up the DagBag from /home/airflow/.local/lib/python3.12/site-packages/airflow/example_dags/example_python_decorator.py
[2025-05-02T19:38:12.113+0000] {processor.py:840} INFO - DAG(s) 'example_python_decorator' retrieved from /home/airflow/.local/lib/python3.12/site-packages/airflow/example_dags/example_python_decorator.py
[2025-05-02T19:38:12.132+0000] {logging_mixin.py:188} INFO - [2025-05-02T19:38:12.132+0000] {dag.py:3096} INFO - Sync 1 DAGs
[2025-05-02T19:38:12.147+0000] {logging_mixin.py:188} INFO - [2025-05-02T19:38:12.147+0000] {dag.py:3954} INFO - Setting next_dagrun for example_python_decorator to None, run_after=None
[2025-05-02T19:38:12.166+0000] {processor.py:183} INFO - Processing /home/airflow/.local/lib/python3.12/site-packages/airflow/example_dags/example_python_decorator.py took 0.071 seconds
[2025-05-02T19:38:44.516+0000] {processor.py:161} INFO - Started process (PID=703) to work on /home/airflow/.local/lib/python3.12/site-packages/airflow/example_dags/example_python_decorator.py
[2025-05-02T19:38:44.517+0000] {processor.py:830} INFO - Processing file /home/airflow/.local/lib/python3.12/site-packages/airflow/example_dags/example_python_decorator.py for tasks to queue
[2025-05-02T19:38:44.519+0000] {logging_mixin.py:188} INFO - [2025-05-02T19:38:44.518+0000] {dagbag.py:540} INFO - Filling up the DagBag from /home/airflow/.local/lib/python3.12/site-packages/airflow/example_dags/example_python_decorator.py
[2025-05-02T19:38:44.531+0000] {processor.py:840} INFO - DAG(s) 'example_python_decorator' retrieved from /home/airflow/.local/lib/python3.12/site-packages/airflow/example_dags/example_python_decorator.py
[2025-05-02T19:38:44.553+0000] {logging_mixin.py:188} INFO - [2025-05-02T19:38:44.553+0000] {dag.py:3096} INFO - Sync 1 DAGs
[2025-05-02T19:38:44.564+0000] {logging_mixin.py:188} INFO - [2025-05-02T19:38:44.564+0000] {dag.py:3954} INFO - Setting next_dagrun for example_python_decorator to None, run_after=None
[2025-05-02T19:38:44.583+0000] {processor.py:183} INFO - Processing /home/airflow/.local/lib/python3.12/site-packages/airflow/example_dags/example_python_decorator.py took 0.073 seconds
[2025-05-02T19:39:15.209+0000] {processor.py:161} INFO - Started process (PID=761) to work on /home/airflow/.local/lib/python3.12/site-packages/airflow/example_dags/example_python_decorator.py
[2025-05-02T19:39:15.210+0000] {processor.py:830} INFO - Processing file /home/airflow/.local/lib/python3.12/site-packages/airflow/example_dags/example_python_decorator.py for tasks to queue
[2025-05-02T19:39:15.212+0000] {logging_mixin.py:188} INFO - [2025-05-02T19:39:15.211+0000] {dagbag.py:540} INFO - Filling up the DagBag from /home/airflow/.local/lib/python3.12/site-packages/airflow/example_dags/example_python_decorator.py
[2025-05-02T19:39:15.223+0000] {processor.py:840} INFO - DAG(s) 'example_python_decorator' retrieved from /home/airflow/.local/lib/python3.12/site-packages/airflow/example_dags/example_python_decorator.py
[2025-05-02T19:39:15.243+0000] {logging_mixin.py:188} INFO - [2025-05-02T19:39:15.243+0000] {dag.py:3096} INFO - Sync 1 DAGs
[2025-05-02T19:39:15.255+0000] {logging_mixin.py:188} INFO - [2025-05-02T19:39:15.255+0000] {dag.py:3954} INFO - Setting next_dagrun for example_python_decorator to None, run_after=None
[2025-05-02T19:39:15.272+0000] {processor.py:183} INFO - Processing /home/airflow/.local/lib/python3.12/site-packages/airflow/example_dags/example_python_decorator.py took 0.069 seconds
[2025-05-02T19:39:45.586+0000] {processor.py:161} INFO - Started process (PID=819) to work on /home/airflow/.local/lib/python3.12/site-packages/airflow/example_dags/example_python_decorator.py
[2025-05-02T19:39:45.587+0000] {processor.py:830} INFO - Processing file /home/airflow/.local/lib/python3.12/site-packages/airflow/example_dags/example_python_decorator.py for tasks to queue
[2025-05-02T19:39:45.588+0000] {logging_mixin.py:188} INFO - [2025-05-02T19:39:45.588+0000] {dagbag.py:540} INFO - Filling up the DagBag from /home/airflow/.local/lib/python3.12/site-packages/airflow/example_dags/example_python_decorator.py
[2025-05-02T19:39:45.599+0000] {processor.py:840} INFO - DAG(s) 'example_python_decorator' retrieved from /home/airflow/.local/lib/python3.12/site-packages/airflow/example_dags/example_python_decorator.py
[2025-05-02T19:39:45.618+0000] {logging_mixin.py:188} INFO - [2025-05-02T19:39:45.617+0000] {dag.py:3096} INFO - Sync 1 DAGs
[2025-05-02T19:39:45.627+0000] {logging_mixin.py:188} INFO - [2025-05-02T19:39:45.627+0000] {dag.py:3954} INFO - Setting next_dagrun for example_python_decorator to None, run_after=None
[2025-05-02T19:39:45.641+0000] {processor.py:183} INFO - Processing /home/airflow/.local/lib/python3.12/site-packages/airflow/example_dags/example_python_decorator.py took 0.061 seconds
[2025-05-02T19:40:16.268+0000] {processor.py:161} INFO - Started process (PID=877) to work on /home/airflow/.local/lib/python3.12/site-packages/airflow/example_dags/example_python_decorator.py
[2025-05-02T19:40:16.269+0000] {processor.py:830} INFO - Processing file /home/airflow/.local/lib/python3.12/site-packages/airflow/example_dags/example_python_decorator.py for tasks to queue
[2025-05-02T19:40:16.271+0000] {logging_mixin.py:188} INFO - [2025-05-02T19:40:16.271+0000] {dagbag.py:540} INFO - Filling up the DagBag from /home/airflow/.local/lib/python3.12/site-packages/airflow/example_dags/example_python_decorator.py
[2025-05-02T19:40:16.284+0000] {processor.py:840} INFO - DAG(s) 'example_python_decorator' retrieved from /home/airflow/.local/lib/python3.12/site-packages/airflow/example_dags/example_python_decorator.py
[2025-05-02T19:40:16.318+0000] {logging_mixin.py:188} INFO - [2025-05-02T19:40:16.318+0000] {dag.py:3096} INFO - Sync 1 DAGs
[2025-05-02T19:40:16.342+0000] {logging_mixin.py:188} INFO - [2025-05-02T19:40:16.342+0000] {dag.py:3954} INFO - Setting next_dagrun for example_python_decorator to None, run_after=None
[2025-05-02T19:40:16.370+0000] {processor.py:183} INFO - Processing /home/airflow/.local/lib/python3.12/site-packages/airflow/example_dags/example_python_decorator.py took 0.108 seconds
[2025-05-02T19:40:46.776+0000] {processor.py:161} INFO - Started process (PID=935) to work on /home/airflow/.local/lib/python3.12/site-packages/airflow/example_dags/example_python_decorator.py
[2025-05-02T19:40:46.777+0000] {processor.py:830} INFO - Processing file /home/airflow/.local/lib/python3.12/site-packages/airflow/example_dags/example_python_decorator.py for tasks to queue
[2025-05-02T19:40:46.779+0000] {logging_mixin.py:188} INFO - [2025-05-02T19:40:46.778+0000] {dagbag.py:540} INFO - Filling up the DagBag from /home/airflow/.local/lib/python3.12/site-packages/airflow/example_dags/example_python_decorator.py
[2025-05-02T19:40:46.788+0000] {processor.py:840} INFO - DAG(s) 'example_python_decorator' retrieved from /home/airflow/.local/lib/python3.12/site-packages/airflow/example_dags/example_python_decorator.py
[2025-05-02T19:40:46.809+0000] {logging_mixin.py:188} INFO - [2025-05-02T19:40:46.809+0000] {dag.py:3096} INFO - Sync 1 DAGs
[2025-05-02T19:40:46.818+0000] {logging_mixin.py:188} INFO - [2025-05-02T19:40:46.817+0000] {dag.py:3954} INFO - Setting next_dagrun for example_python_decorator to None, run_after=None
[2025-05-02T19:40:46.833+0000] {processor.py:183} INFO - Processing /home/airflow/.local/lib/python3.12/site-packages/airflow/example_dags/example_python_decorator.py took 0.061 seconds
[2025-05-02T19:41:17.205+0000] {processor.py:161} INFO - Started process (PID=987) to work on /home/airflow/.local/lib/python3.12/site-packages/airflow/example_dags/example_python_decorator.py
[2025-05-02T19:41:17.206+0000] {processor.py:830} INFO - Processing file /home/airflow/.local/lib/python3.12/site-packages/airflow/example_dags/example_python_decorator.py for tasks to queue
[2025-05-02T19:41:17.207+0000] {logging_mixin.py:188} INFO - [2025-05-02T19:41:17.207+0000] {dagbag.py:540} INFO - Filling up the DagBag from /home/airflow/.local/lib/python3.12/site-packages/airflow/example_dags/example_python_decorator.py
[2025-05-02T19:41:17.221+0000] {processor.py:840} INFO - DAG(s) 'example_python_decorator' retrieved from /home/airflow/.local/lib/python3.12/site-packages/airflow/example_dags/example_python_decorator.py
[2025-05-02T19:41:17.243+0000] {logging_mixin.py:188} INFO - [2025-05-02T19:41:17.243+0000] {dag.py:3096} INFO - Sync 1 DAGs
[2025-05-02T19:41:17.253+0000] {logging_mixin.py:188} INFO - [2025-05-02T19:41:17.253+0000] {dag.py:3954} INFO - Setting next_dagrun for example_python_decorator to None, run_after=None
[2025-05-02T19:41:17.269+0000] {processor.py:183} INFO - Processing /home/airflow/.local/lib/python3.12/site-packages/airflow/example_dags/example_python_decorator.py took 0.068 seconds
[2025-05-02T19:41:47.935+0000] {processor.py:161} INFO - Started process (PID=1045) to work on /home/airflow/.local/lib/python3.12/site-packages/airflow/example_dags/example_python_decorator.py
[2025-05-02T19:41:47.936+0000] {processor.py:830} INFO - Processing file /home/airflow/.local/lib/python3.12/site-packages/airflow/example_dags/example_python_decorator.py for tasks to queue
[2025-05-02T19:41:47.938+0000] {logging_mixin.py:188} INFO - [2025-05-02T19:41:47.937+0000] {dagbag.py:540} INFO - Filling up the DagBag from /home/airflow/.local/lib/python3.12/site-packages/airflow/example_dags/example_python_decorator.py
[2025-05-02T19:41:47.950+0000] {processor.py:840} INFO - DAG(s) 'example_python_decorator' retrieved from /home/airflow/.local/lib/python3.12/site-packages/airflow/example_dags/example_python_decorator.py
[2025-05-02T19:41:47.970+0000] {logging_mixin.py:188} INFO - [2025-05-02T19:41:47.970+0000] {dag.py:3096} INFO - Sync 1 DAGs
[2025-05-02T19:41:47.981+0000] {logging_mixin.py:188} INFO - [2025-05-02T19:41:47.981+0000] {dag.py:3954} INFO - Setting next_dagrun for example_python_decorator to None, run_after=None
[2025-05-02T19:41:48.004+0000] {processor.py:183} INFO - Processing /home/airflow/.local/lib/python3.12/site-packages/airflow/example_dags/example_python_decorator.py took 0.073 seconds
[2025-05-02T19:42:18.545+0000] {processor.py:161} INFO - Started process (PID=1103) to work on /home/airflow/.local/lib/python3.12/site-packages/airflow/example_dags/example_python_decorator.py
[2025-05-02T19:42:18.546+0000] {processor.py:830} INFO - Processing file /home/airflow/.local/lib/python3.12/site-packages/airflow/example_dags/example_python_decorator.py for tasks to queue
[2025-05-02T19:42:18.547+0000] {logging_mixin.py:188} INFO - [2025-05-02T19:42:18.547+0000] {dagbag.py:540} INFO - Filling up the DagBag from /home/airflow/.local/lib/python3.12/site-packages/airflow/example_dags/example_python_decorator.py
[2025-05-02T19:42:18.560+0000] {processor.py:840} INFO - DAG(s) 'example_python_decorator' retrieved from /home/airflow/.local/lib/python3.12/site-packages/airflow/example_dags/example_python_decorator.py
[2025-05-02T19:42:18.580+0000] {logging_mixin.py:188} INFO - [2025-05-02T19:42:18.580+0000] {dag.py:3096} INFO - Sync 1 DAGs
[2025-05-02T19:42:18.593+0000] {logging_mixin.py:188} INFO - [2025-05-02T19:42:18.593+0000] {dag.py:3954} INFO - Setting next_dagrun for example_python_decorator to None, run_after=None
[2025-05-02T19:42:18.613+0000] {processor.py:183} INFO - Processing /home/airflow/.local/lib/python3.12/site-packages/airflow/example_dags/example_python_decorator.py took 0.074 seconds
[2025-05-02T19:42:50.223+0000] {processor.py:161} INFO - Started process (PID=1161) to work on /home/airflow/.local/lib/python3.12/site-packages/airflow/example_dags/example_python_decorator.py
[2025-05-02T19:42:50.224+0000] {processor.py:830} INFO - Processing file /home/airflow/.local/lib/python3.12/site-packages/airflow/example_dags/example_python_decorator.py for tasks to queue
[2025-05-02T19:42:50.226+0000] {logging_mixin.py:188} INFO - [2025-05-02T19:42:50.226+0000] {dagbag.py:540} INFO - Filling up the DagBag from /home/airflow/.local/lib/python3.12/site-packages/airflow/example_dags/example_python_decorator.py
[2025-05-02T19:42:50.248+0000] {processor.py:840} INFO - DAG(s) 'example_python_decorator' retrieved from /home/airflow/.local/lib/python3.12/site-packages/airflow/example_dags/example_python_decorator.py
[2025-05-02T19:42:50.276+0000] {logging_mixin.py:188} INFO - [2025-05-02T19:42:50.276+0000] {dag.py:3096} INFO - Sync 1 DAGs
[2025-05-02T19:42:50.288+0000] {logging_mixin.py:188} INFO - [2025-05-02T19:42:50.288+0000] {dag.py:3954} INFO - Setting next_dagrun for example_python_decorator to None, run_after=None
[2025-05-02T19:42:50.324+0000] {processor.py:183} INFO - Processing /home/airflow/.local/lib/python3.12/site-packages/airflow/example_dags/example_python_decorator.py took 0.110 seconds
[2025-05-02T19:43:20.515+0000] {processor.py:161} INFO - Started process (PID=1221) to work on /home/airflow/.local/lib/python3.12/site-packages/airflow/example_dags/example_python_decorator.py
[2025-05-02T19:43:20.516+0000] {processor.py:830} INFO - Processing file /home/airflow/.local/lib/python3.12/site-packages/airflow/example_dags/example_python_decorator.py for tasks to queue
[2025-05-02T19:43:20.519+0000] {logging_mixin.py:188} INFO - [2025-05-02T19:43:20.518+0000] {dagbag.py:540} INFO - Filling up the DagBag from /home/airflow/.local/lib/python3.12/site-packages/airflow/example_dags/example_python_decorator.py
[2025-05-02T19:43:20.532+0000] {processor.py:840} INFO - DAG(s) 'example_python_decorator' retrieved from /home/airflow/.local/lib/python3.12/site-packages/airflow/example_dags/example_python_decorator.py
[2025-05-02T19:43:20.549+0000] {logging_mixin.py:188} INFO - [2025-05-02T19:43:20.549+0000] {dag.py:3096} INFO - Sync 1 DAGs
[2025-05-02T19:43:20.563+0000] {logging_mixin.py:188} INFO - [2025-05-02T19:43:20.563+0000] {dag.py:3954} INFO - Setting next_dagrun for example_python_decorator to None, run_after=None
[2025-05-02T19:43:20.577+0000] {processor.py:183} INFO - Processing /home/airflow/.local/lib/python3.12/site-packages/airflow/example_dags/example_python_decorator.py took 0.069 seconds
[2025-05-02T19:43:51.059+0000] {processor.py:161} INFO - Started process (PID=1281) to work on /home/airflow/.local/lib/python3.12/site-packages/airflow/example_dags/example_python_decorator.py
[2025-05-02T19:43:51.059+0000] {processor.py:830} INFO - Processing file /home/airflow/.local/lib/python3.12/site-packages/airflow/example_dags/example_python_decorator.py for tasks to queue
[2025-05-02T19:43:51.061+0000] {logging_mixin.py:188} INFO - [2025-05-02T19:43:51.061+0000] {dagbag.py:540} INFO - Filling up the DagBag from /home/airflow/.local/lib/python3.12/site-packages/airflow/example_dags/example_python_decorator.py
[2025-05-02T19:43:51.076+0000] {processor.py:840} INFO - DAG(s) 'example_python_decorator' retrieved from /home/airflow/.local/lib/python3.12/site-packages/airflow/example_dags/example_python_decorator.py
[2025-05-02T19:43:51.103+0000] {logging_mixin.py:188} INFO - [2025-05-02T19:43:51.103+0000] {dag.py:3096} INFO - Sync 1 DAGs
[2025-05-02T19:43:51.119+0000] {logging_mixin.py:188} INFO - [2025-05-02T19:43:51.119+0000] {dag.py:3954} INFO - Setting next_dagrun for example_python_decorator to None, run_after=None
[2025-05-02T19:43:51.135+0000] {processor.py:183} INFO - Processing /home/airflow/.local/lib/python3.12/site-packages/airflow/example_dags/example_python_decorator.py took 0.082 seconds
[2025-05-02T19:44:23.483+0000] {processor.py:161} INFO - Started process (PID=1376) to work on /home/airflow/.local/lib/python3.12/site-packages/airflow/example_dags/example_python_decorator.py
[2025-05-02T19:44:23.484+0000] {processor.py:830} INFO - Processing file /home/airflow/.local/lib/python3.12/site-packages/airflow/example_dags/example_python_decorator.py for tasks to queue
[2025-05-02T19:44:23.488+0000] {logging_mixin.py:188} INFO - [2025-05-02T19:44:23.487+0000] {dagbag.py:540} INFO - Filling up the DagBag from /home/airflow/.local/lib/python3.12/site-packages/airflow/example_dags/example_python_decorator.py
[2025-05-02T19:44:23.537+0000] {processor.py:840} INFO - DAG(s) 'example_python_decorator' retrieved from /home/airflow/.local/lib/python3.12/site-packages/airflow/example_dags/example_python_decorator.py
[2025-05-02T19:44:23.638+0000] {logging_mixin.py:188} INFO - [2025-05-02T19:44:23.638+0000] {dag.py:3096} INFO - Sync 1 DAGs
[2025-05-02T19:44:23.686+0000] {logging_mixin.py:188} INFO - [2025-05-02T19:44:23.686+0000] {dag.py:3954} INFO - Setting next_dagrun for example_python_decorator to None, run_after=None
[2025-05-02T19:44:23.814+0000] {processor.py:183} INFO - Processing /home/airflow/.local/lib/python3.12/site-packages/airflow/example_dags/example_python_decorator.py took 0.343 seconds
[2025-05-02T19:44:55.237+0000] {processor.py:161} INFO - Started process (PID=1478) to work on /home/airflow/.local/lib/python3.12/site-packages/airflow/example_dags/example_python_decorator.py
[2025-05-02T19:44:55.244+0000] {processor.py:830} INFO - Processing file /home/airflow/.local/lib/python3.12/site-packages/airflow/example_dags/example_python_decorator.py for tasks to queue
[2025-05-02T19:44:55.247+0000] {logging_mixin.py:188} INFO - [2025-05-02T19:44:55.247+0000] {dagbag.py:540} INFO - Filling up the DagBag from /home/airflow/.local/lib/python3.12/site-packages/airflow/example_dags/example_python_decorator.py
[2025-05-02T19:44:55.273+0000] {processor.py:840} INFO - DAG(s) 'example_python_decorator' retrieved from /home/airflow/.local/lib/python3.12/site-packages/airflow/example_dags/example_python_decorator.py
[2025-05-02T19:44:55.364+0000] {logging_mixin.py:188} INFO - [2025-05-02T19:44:55.364+0000] {dag.py:3096} INFO - Sync 1 DAGs
[2025-05-02T19:44:55.402+0000] {logging_mixin.py:188} INFO - [2025-05-02T19:44:55.402+0000] {dag.py:3954} INFO - Setting next_dagrun for example_python_decorator to None, run_after=None
[2025-05-02T19:44:55.502+0000] {processor.py:183} INFO - Processing /home/airflow/.local/lib/python3.12/site-packages/airflow/example_dags/example_python_decorator.py took 0.277 seconds
[2025-05-02T19:45:27.325+0000] {processor.py:161} INFO - Started process (PID=1572) to work on /home/airflow/.local/lib/python3.12/site-packages/airflow/example_dags/example_python_decorator.py
[2025-05-02T19:45:27.326+0000] {processor.py:830} INFO - Processing file /home/airflow/.local/lib/python3.12/site-packages/airflow/example_dags/example_python_decorator.py for tasks to queue
[2025-05-02T19:45:27.330+0000] {logging_mixin.py:188} INFO - [2025-05-02T19:45:27.329+0000] {dagbag.py:540} INFO - Filling up the DagBag from /home/airflow/.local/lib/python3.12/site-packages/airflow/example_dags/example_python_decorator.py
[2025-05-02T19:45:27.362+0000] {processor.py:840} INFO - DAG(s) 'example_python_decorator' retrieved from /home/airflow/.local/lib/python3.12/site-packages/airflow/example_dags/example_python_decorator.py
[2025-05-02T19:45:27.417+0000] {logging_mixin.py:188} INFO - [2025-05-02T19:45:27.417+0000] {dag.py:3096} INFO - Sync 1 DAGs
[2025-05-02T19:45:27.450+0000] {logging_mixin.py:188} INFO - [2025-05-02T19:45:27.450+0000] {dag.py:3954} INFO - Setting next_dagrun for example_python_decorator to None, run_after=None
[2025-05-02T19:45:27.534+0000] {processor.py:183} INFO - Processing /home/airflow/.local/lib/python3.12/site-packages/airflow/example_dags/example_python_decorator.py took 0.223 seconds
[2025-05-02T19:45:58.107+0000] {processor.py:161} INFO - Started process (PID=1679) to work on /home/airflow/.local/lib/python3.12/site-packages/airflow/example_dags/example_python_decorator.py
[2025-05-02T19:45:58.110+0000] {processor.py:830} INFO - Processing file /home/airflow/.local/lib/python3.12/site-packages/airflow/example_dags/example_python_decorator.py for tasks to queue
[2025-05-02T19:45:58.113+0000] {logging_mixin.py:188} INFO - [2025-05-02T19:45:58.113+0000] {dagbag.py:540} INFO - Filling up the DagBag from /home/airflow/.local/lib/python3.12/site-packages/airflow/example_dags/example_python_decorator.py
[2025-05-02T19:45:58.138+0000] {processor.py:840} INFO - DAG(s) 'example_python_decorator' retrieved from /home/airflow/.local/lib/python3.12/site-packages/airflow/example_dags/example_python_decorator.py
[2025-05-02T19:45:58.212+0000] {logging_mixin.py:188} INFO - [2025-05-02T19:45:58.212+0000] {dag.py:3096} INFO - Sync 1 DAGs
[2025-05-02T19:45:58.246+0000] {logging_mixin.py:188} INFO - [2025-05-02T19:45:58.245+0000] {dag.py:3954} INFO - Setting next_dagrun for example_python_decorator to None, run_after=None
[2025-05-02T19:45:58.299+0000] {processor.py:183} INFO - Processing /home/airflow/.local/lib/python3.12/site-packages/airflow/example_dags/example_python_decorator.py took 0.204 seconds
[2025-05-02T19:46:28.765+0000] {processor.py:161} INFO - Started process (PID=1779) to work on /home/airflow/.local/lib/python3.12/site-packages/airflow/example_dags/example_python_decorator.py
[2025-05-02T19:46:28.766+0000] {processor.py:830} INFO - Processing file /home/airflow/.local/lib/python3.12/site-packages/airflow/example_dags/example_python_decorator.py for tasks to queue
[2025-05-02T19:46:28.769+0000] {logging_mixin.py:188} INFO - [2025-05-02T19:46:28.769+0000] {dagbag.py:540} INFO - Filling up the DagBag from /home/airflow/.local/lib/python3.12/site-packages/airflow/example_dags/example_python_decorator.py
[2025-05-02T19:46:28.799+0000] {processor.py:840} INFO - DAG(s) 'example_python_decorator' retrieved from /home/airflow/.local/lib/python3.12/site-packages/airflow/example_dags/example_python_decorator.py
[2025-05-02T19:46:28.889+0000] {logging_mixin.py:188} INFO - [2025-05-02T19:46:28.889+0000] {dag.py:3096} INFO - Sync 1 DAGs
[2025-05-02T19:46:28.976+0000] {logging_mixin.py:188} INFO - [2025-05-02T19:46:28.976+0000] {dag.py:3954} INFO - Setting next_dagrun for example_python_decorator to None, run_after=None
[2025-05-02T19:46:29.091+0000] {processor.py:183} INFO - Processing /home/airflow/.local/lib/python3.12/site-packages/airflow/example_dags/example_python_decorator.py took 0.337 seconds
[2025-05-02T19:46:59.380+0000] {processor.py:161} INFO - Started process (PID=1893) to work on /home/airflow/.local/lib/python3.12/site-packages/airflow/example_dags/example_python_decorator.py
[2025-05-02T19:46:59.381+0000] {processor.py:830} INFO - Processing file /home/airflow/.local/lib/python3.12/site-packages/airflow/example_dags/example_python_decorator.py for tasks to queue
[2025-05-02T19:46:59.388+0000] {logging_mixin.py:188} INFO - [2025-05-02T19:46:59.387+0000] {dagbag.py:540} INFO - Filling up the DagBag from /home/airflow/.local/lib/python3.12/site-packages/airflow/example_dags/example_python_decorator.py
[2025-05-02T19:46:59.431+0000] {processor.py:840} INFO - DAG(s) 'example_python_decorator' retrieved from /home/airflow/.local/lib/python3.12/site-packages/airflow/example_dags/example_python_decorator.py
[2025-05-02T19:46:59.510+0000] {logging_mixin.py:188} INFO - [2025-05-02T19:46:59.509+0000] {dag.py:3096} INFO - Sync 1 DAGs
[2025-05-02T19:46:59.549+0000] {logging_mixin.py:188} INFO - [2025-05-02T19:46:59.548+0000] {dag.py:3954} INFO - Setting next_dagrun for example_python_decorator to None, run_after=None
[2025-05-02T19:46:59.609+0000] {processor.py:183} INFO - Processing /home/airflow/.local/lib/python3.12/site-packages/airflow/example_dags/example_python_decorator.py took 0.242 seconds
[2025-05-02T19:47:34.840+0000] {processor.py:161} INFO - Started process (PID=1995) to work on /home/airflow/.local/lib/python3.12/site-packages/airflow/example_dags/example_python_decorator.py
[2025-05-02T19:47:34.842+0000] {processor.py:830} INFO - Processing file /home/airflow/.local/lib/python3.12/site-packages/airflow/example_dags/example_python_decorator.py for tasks to queue
[2025-05-02T19:47:34.848+0000] {logging_mixin.py:188} INFO - [2025-05-02T19:47:34.845+0000] {dagbag.py:540} INFO - Filling up the DagBag from /home/airflow/.local/lib/python3.12/site-packages/airflow/example_dags/example_python_decorator.py
[2025-05-02T19:47:34.904+0000] {processor.py:840} INFO - DAG(s) 'example_python_decorator' retrieved from /home/airflow/.local/lib/python3.12/site-packages/airflow/example_dags/example_python_decorator.py
[2025-05-02T19:47:35.004+0000] {logging_mixin.py:188} INFO - [2025-05-02T19:47:35.002+0000] {dag.py:3096} INFO - Sync 1 DAGs
[2025-05-02T19:47:35.059+0000] {logging_mixin.py:188} INFO - [2025-05-02T19:47:35.059+0000] {dag.py:3954} INFO - Setting next_dagrun for example_python_decorator to None, run_after=None
[2025-05-02T19:47:35.189+0000] {processor.py:183} INFO - Processing /home/airflow/.local/lib/python3.12/site-packages/airflow/example_dags/example_python_decorator.py took 0.367 seconds
[2025-05-02T19:48:08.863+0000] {processor.py:161} INFO - Started process (PID=2099) to work on /home/airflow/.local/lib/python3.12/site-packages/airflow/example_dags/example_python_decorator.py
[2025-05-02T19:48:08.865+0000] {processor.py:830} INFO - Processing file /home/airflow/.local/lib/python3.12/site-packages/airflow/example_dags/example_python_decorator.py for tasks to queue
[2025-05-02T19:48:08.869+0000] {logging_mixin.py:188} INFO - [2025-05-02T19:48:08.869+0000] {dagbag.py:540} INFO - Filling up the DagBag from /home/airflow/.local/lib/python3.12/site-packages/airflow/example_dags/example_python_decorator.py
[2025-05-02T19:48:08.913+0000] {processor.py:840} INFO - DAG(s) 'example_python_decorator' retrieved from /home/airflow/.local/lib/python3.12/site-packages/airflow/example_dags/example_python_decorator.py
[2025-05-02T19:48:08.982+0000] {logging_mixin.py:188} INFO - [2025-05-02T19:48:08.982+0000] {dag.py:3096} INFO - Sync 1 DAGs
[2025-05-02T19:48:09.008+0000] {logging_mixin.py:188} INFO - [2025-05-02T19:48:09.008+0000] {dag.py:3954} INFO - Setting next_dagrun for example_python_decorator to None, run_after=None
[2025-05-02T19:48:09.083+0000] {processor.py:183} INFO - Processing /home/airflow/.local/lib/python3.12/site-packages/airflow/example_dags/example_python_decorator.py took 0.236 seconds
[2025-05-02T19:48:45.844+0000] {processor.py:161} INFO - Started process (PID=2191) to work on /home/airflow/.local/lib/python3.12/site-packages/airflow/example_dags/example_python_decorator.py
[2025-05-02T19:48:45.859+0000] {processor.py:830} INFO - Processing file /home/airflow/.local/lib/python3.12/site-packages/airflow/example_dags/example_python_decorator.py for tasks to queue
[2025-05-02T19:48:45.862+0000] {logging_mixin.py:188} INFO - [2025-05-02T19:48:45.862+0000] {dagbag.py:540} INFO - Filling up the DagBag from /home/airflow/.local/lib/python3.12/site-packages/airflow/example_dags/example_python_decorator.py
[2025-05-02T19:48:45.963+0000] {processor.py:840} INFO - DAG(s) 'example_python_decorator' retrieved from /home/airflow/.local/lib/python3.12/site-packages/airflow/example_dags/example_python_decorator.py
[2025-05-02T19:48:46.115+0000] {logging_mixin.py:188} INFO - [2025-05-02T19:48:46.115+0000] {dag.py:3096} INFO - Sync 1 DAGs
[2025-05-02T19:48:46.213+0000] {logging_mixin.py:188} INFO - [2025-05-02T19:48:46.210+0000] {dag.py:3954} INFO - Setting next_dagrun for example_python_decorator to None, run_after=None
[2025-05-02T19:48:46.406+0000] {processor.py:183} INFO - Processing /home/airflow/.local/lib/python3.12/site-packages/airflow/example_dags/example_python_decorator.py took 0.578 seconds
[2025-05-02T19:49:19.739+0000] {processor.py:161} INFO - Started process (PID=2288) to work on /home/airflow/.local/lib/python3.12/site-packages/airflow/example_dags/example_python_decorator.py
[2025-05-02T19:49:19.741+0000] {processor.py:830} INFO - Processing file /home/airflow/.local/lib/python3.12/site-packages/airflow/example_dags/example_python_decorator.py for tasks to queue
[2025-05-02T19:49:19.748+0000] {logging_mixin.py:188} INFO - [2025-05-02T19:49:19.747+0000] {dagbag.py:540} INFO - Filling up the DagBag from /home/airflow/.local/lib/python3.12/site-packages/airflow/example_dags/example_python_decorator.py
[2025-05-02T19:49:19.800+0000] {processor.py:840} INFO - DAG(s) 'example_python_decorator' retrieved from /home/airflow/.local/lib/python3.12/site-packages/airflow/example_dags/example_python_decorator.py
[2025-05-02T19:49:19.859+0000] {logging_mixin.py:188} INFO - [2025-05-02T19:49:19.859+0000] {dag.py:3096} INFO - Sync 1 DAGs
[2025-05-02T19:49:20.133+0000] {logging_mixin.py:188} INFO - [2025-05-02T19:49:20.132+0000] {dag.py:3954} INFO - Setting next_dagrun for example_python_decorator to None, run_after=None
[2025-05-02T19:49:20.177+0000] {processor.py:183} INFO - Processing /home/airflow/.local/lib/python3.12/site-packages/airflow/example_dags/example_python_decorator.py took 0.463 seconds
[2025-05-02T19:49:53.643+0000] {processor.py:161} INFO - Started process (PID=2366) to work on /home/airflow/.local/lib/python3.12/site-packages/airflow/example_dags/example_python_decorator.py
[2025-05-02T19:49:53.645+0000] {processor.py:830} INFO - Processing file /home/airflow/.local/lib/python3.12/site-packages/airflow/example_dags/example_python_decorator.py for tasks to queue
[2025-05-02T19:49:53.649+0000] {logging_mixin.py:188} INFO - [2025-05-02T19:49:53.648+0000] {dagbag.py:540} INFO - Filling up the DagBag from /home/airflow/.local/lib/python3.12/site-packages/airflow/example_dags/example_python_decorator.py
[2025-05-02T19:49:53.684+0000] {processor.py:840} INFO - DAG(s) 'example_python_decorator' retrieved from /home/airflow/.local/lib/python3.12/site-packages/airflow/example_dags/example_python_decorator.py
[2025-05-02T19:49:53.796+0000] {logging_mixin.py:188} INFO - [2025-05-02T19:49:53.795+0000] {dag.py:3096} INFO - Sync 1 DAGs
[2025-05-02T19:49:53.825+0000] {logging_mixin.py:188} INFO - [2025-05-02T19:49:53.825+0000] {dag.py:3954} INFO - Setting next_dagrun for example_python_decorator to None, run_after=None
[2025-05-02T19:49:53.890+0000] {processor.py:183} INFO - Processing /home/airflow/.local/lib/python3.12/site-packages/airflow/example_dags/example_python_decorator.py took 0.260 seconds
[2025-05-02T19:50:28.388+0000] {processor.py:161} INFO - Started process (PID=2490) to work on /home/airflow/.local/lib/python3.12/site-packages/airflow/example_dags/example_python_decorator.py
[2025-05-02T19:50:28.392+0000] {processor.py:830} INFO - Processing file /home/airflow/.local/lib/python3.12/site-packages/airflow/example_dags/example_python_decorator.py for tasks to queue
[2025-05-02T19:50:28.400+0000] {logging_mixin.py:188} INFO - [2025-05-02T19:50:28.400+0000] {dagbag.py:540} INFO - Filling up the DagBag from /home/airflow/.local/lib/python3.12/site-packages/airflow/example_dags/example_python_decorator.py
[2025-05-02T19:50:28.443+0000] {processor.py:840} INFO - DAG(s) 'example_python_decorator' retrieved from /home/airflow/.local/lib/python3.12/site-packages/airflow/example_dags/example_python_decorator.py
[2025-05-02T19:50:28.564+0000] {logging_mixin.py:188} INFO - [2025-05-02T19:50:28.558+0000] {dag.py:3096} INFO - Sync 1 DAGs
[2025-05-02T19:50:28.652+0000] {logging_mixin.py:188} INFO - [2025-05-02T19:50:28.652+0000] {dag.py:3954} INFO - Setting next_dagrun for example_python_decorator to None, run_after=None
[2025-05-02T19:50:28.732+0000] {processor.py:183} INFO - Processing /home/airflow/.local/lib/python3.12/site-packages/airflow/example_dags/example_python_decorator.py took 0.391 seconds
[2025-05-02T19:51:03.014+0000] {processor.py:161} INFO - Started process (PID=2581) to work on /home/airflow/.local/lib/python3.12/site-packages/airflow/example_dags/example_python_decorator.py
[2025-05-02T19:51:03.015+0000] {processor.py:830} INFO - Processing file /home/airflow/.local/lib/python3.12/site-packages/airflow/example_dags/example_python_decorator.py for tasks to queue
[2025-05-02T19:51:03.019+0000] {logging_mixin.py:188} INFO - [2025-05-02T19:51:03.018+0000] {dagbag.py:540} INFO - Filling up the DagBag from /home/airflow/.local/lib/python3.12/site-packages/airflow/example_dags/example_python_decorator.py
[2025-05-02T19:51:03.085+0000] {processor.py:840} INFO - DAG(s) 'example_python_decorator' retrieved from /home/airflow/.local/lib/python3.12/site-packages/airflow/example_dags/example_python_decorator.py
[2025-05-02T19:51:03.601+0000] {logging_mixin.py:188} INFO - [2025-05-02T19:51:03.600+0000] {dag.py:3096} INFO - Sync 1 DAGs
[2025-05-02T19:51:03.667+0000] {logging_mixin.py:188} INFO - [2025-05-02T19:51:03.663+0000] {dag.py:3954} INFO - Setting next_dagrun for example_python_decorator to None, run_after=None
[2025-05-02T19:51:03.814+0000] {processor.py:183} INFO - Processing /home/airflow/.local/lib/python3.12/site-packages/airflow/example_dags/example_python_decorator.py took 0.834 seconds
[2025-05-02T19:51:37.332+0000] {processor.py:161} INFO - Started process (PID=2693) to work on /home/airflow/.local/lib/python3.12/site-packages/airflow/example_dags/example_python_decorator.py
[2025-05-02T19:51:37.337+0000] {processor.py:830} INFO - Processing file /home/airflow/.local/lib/python3.12/site-packages/airflow/example_dags/example_python_decorator.py for tasks to queue
[2025-05-02T19:51:37.347+0000] {logging_mixin.py:188} INFO - [2025-05-02T19:51:37.346+0000] {dagbag.py:540} INFO - Filling up the DagBag from /home/airflow/.local/lib/python3.12/site-packages/airflow/example_dags/example_python_decorator.py
[2025-05-02T19:51:37.422+0000] {processor.py:840} INFO - DAG(s) 'example_python_decorator' retrieved from /home/airflow/.local/lib/python3.12/site-packages/airflow/example_dags/example_python_decorator.py
[2025-05-02T19:51:37.534+0000] {logging_mixin.py:188} INFO - [2025-05-02T19:51:37.534+0000] {dag.py:3096} INFO - Sync 1 DAGs
[2025-05-02T19:51:37.582+0000] {logging_mixin.py:188} INFO - [2025-05-02T19:51:37.582+0000] {dag.py:3954} INFO - Setting next_dagrun for example_python_decorator to None, run_after=None
[2025-05-02T19:51:37.680+0000] {processor.py:183} INFO - Processing /home/airflow/.local/lib/python3.12/site-packages/airflow/example_dags/example_python_decorator.py took 0.380 seconds
[2025-05-02T19:52:11.160+0000] {processor.py:161} INFO - Started process (PID=2767) to work on /home/airflow/.local/lib/python3.12/site-packages/airflow/example_dags/example_python_decorator.py
[2025-05-02T19:52:11.162+0000] {processor.py:830} INFO - Processing file /home/airflow/.local/lib/python3.12/site-packages/airflow/example_dags/example_python_decorator.py for tasks to queue
[2025-05-02T19:52:11.175+0000] {logging_mixin.py:188} INFO - [2025-05-02T19:52:11.174+0000] {dagbag.py:540} INFO - Filling up the DagBag from /home/airflow/.local/lib/python3.12/site-packages/airflow/example_dags/example_python_decorator.py
[2025-05-02T19:52:11.239+0000] {processor.py:840} INFO - DAG(s) 'example_python_decorator' retrieved from /home/airflow/.local/lib/python3.12/site-packages/airflow/example_dags/example_python_decorator.py
[2025-05-02T19:52:11.352+0000] {logging_mixin.py:188} INFO - [2025-05-02T19:52:11.351+0000] {dag.py:3096} INFO - Sync 1 DAGs
[2025-05-02T19:52:11.414+0000] {logging_mixin.py:188} INFO - [2025-05-02T19:52:11.413+0000] {dag.py:3954} INFO - Setting next_dagrun for example_python_decorator to None, run_after=None
[2025-05-02T19:52:11.518+0000] {processor.py:183} INFO - Processing /home/airflow/.local/lib/python3.12/site-packages/airflow/example_dags/example_python_decorator.py took 0.378 seconds
[2025-05-02T19:52:42.009+0000] {processor.py:161} INFO - Started process (PID=2868) to work on /home/airflow/.local/lib/python3.12/site-packages/airflow/example_dags/example_python_decorator.py
[2025-05-02T19:52:42.011+0000] {processor.py:830} INFO - Processing file /home/airflow/.local/lib/python3.12/site-packages/airflow/example_dags/example_python_decorator.py for tasks to queue
[2025-05-02T19:52:42.016+0000] {logging_mixin.py:188} INFO - [2025-05-02T19:52:42.015+0000] {dagbag.py:540} INFO - Filling up the DagBag from /home/airflow/.local/lib/python3.12/site-packages/airflow/example_dags/example_python_decorator.py
[2025-05-02T19:52:42.043+0000] {processor.py:840} INFO - DAG(s) 'example_python_decorator' retrieved from /home/airflow/.local/lib/python3.12/site-packages/airflow/example_dags/example_python_decorator.py
[2025-05-02T19:52:42.090+0000] {logging_mixin.py:188} INFO - [2025-05-02T19:52:42.090+0000] {dag.py:3096} INFO - Sync 1 DAGs
[2025-05-02T19:52:42.126+0000] {logging_mixin.py:188} INFO - [2025-05-02T19:52:42.125+0000] {dag.py:3954} INFO - Setting next_dagrun for example_python_decorator to None, run_after=None
[2025-05-02T19:52:42.195+0000] {processor.py:183} INFO - Processing /home/airflow/.local/lib/python3.12/site-packages/airflow/example_dags/example_python_decorator.py took 0.198 seconds
[2025-05-02T19:53:12.661+0000] {processor.py:161} INFO - Started process (PID=2983) to work on /home/airflow/.local/lib/python3.12/site-packages/airflow/example_dags/example_python_decorator.py
[2025-05-02T19:53:12.688+0000] {processor.py:830} INFO - Processing file /home/airflow/.local/lib/python3.12/site-packages/airflow/example_dags/example_python_decorator.py for tasks to queue
[2025-05-02T19:53:12.691+0000] {logging_mixin.py:188} INFO - [2025-05-02T19:53:12.691+0000] {dagbag.py:540} INFO - Filling up the DagBag from /home/airflow/.local/lib/python3.12/site-packages/airflow/example_dags/example_python_decorator.py
[2025-05-02T19:53:12.829+0000] {processor.py:840} INFO - DAG(s) 'example_python_decorator' retrieved from /home/airflow/.local/lib/python3.12/site-packages/airflow/example_dags/example_python_decorator.py
[2025-05-02T19:53:12.956+0000] {logging_mixin.py:188} INFO - [2025-05-02T19:53:12.956+0000] {dag.py:3096} INFO - Sync 1 DAGs
[2025-05-02T19:53:13.039+0000] {logging_mixin.py:188} INFO - [2025-05-02T19:53:13.039+0000] {dag.py:3954} INFO - Setting next_dagrun for example_python_decorator to None, run_after=None
[2025-05-02T19:53:13.239+0000] {processor.py:183} INFO - Processing /home/airflow/.local/lib/python3.12/site-packages/airflow/example_dags/example_python_decorator.py took 0.625 seconds
[2025-05-02T19:53:44.118+0000] {processor.py:161} INFO - Started process (PID=3062) to work on /home/airflow/.local/lib/python3.12/site-packages/airflow/example_dags/example_python_decorator.py
[2025-05-02T19:53:44.123+0000] {processor.py:830} INFO - Processing file /home/airflow/.local/lib/python3.12/site-packages/airflow/example_dags/example_python_decorator.py for tasks to queue
[2025-05-02T19:53:44.127+0000] {logging_mixin.py:188} INFO - [2025-05-02T19:53:44.127+0000] {dagbag.py:540} INFO - Filling up the DagBag from /home/airflow/.local/lib/python3.12/site-packages/airflow/example_dags/example_python_decorator.py
[2025-05-02T19:53:44.174+0000] {processor.py:840} INFO - DAG(s) 'example_python_decorator' retrieved from /home/airflow/.local/lib/python3.12/site-packages/airflow/example_dags/example_python_decorator.py
[2025-05-02T19:53:44.265+0000] {logging_mixin.py:188} INFO - [2025-05-02T19:53:44.264+0000] {dag.py:3096} INFO - Sync 1 DAGs
[2025-05-02T19:53:44.298+0000] {logging_mixin.py:188} INFO - [2025-05-02T19:53:44.298+0000] {dag.py:3954} INFO - Setting next_dagrun for example_python_decorator to None, run_after=None
[2025-05-02T19:53:44.372+0000] {processor.py:183} INFO - Processing /home/airflow/.local/lib/python3.12/site-packages/airflow/example_dags/example_python_decorator.py took 0.289 seconds
[2025-05-02T19:54:14.461+0000] {processor.py:161} INFO - Started process (PID=3157) to work on /home/airflow/.local/lib/python3.12/site-packages/airflow/example_dags/example_python_decorator.py
[2025-05-02T19:54:14.464+0000] {processor.py:830} INFO - Processing file /home/airflow/.local/lib/python3.12/site-packages/airflow/example_dags/example_python_decorator.py for tasks to queue
[2025-05-02T19:54:14.468+0000] {logging_mixin.py:188} INFO - [2025-05-02T19:54:14.467+0000] {dagbag.py:540} INFO - Filling up the DagBag from /home/airflow/.local/lib/python3.12/site-packages/airflow/example_dags/example_python_decorator.py
[2025-05-02T19:54:14.505+0000] {processor.py:840} INFO - DAG(s) 'example_python_decorator' retrieved from /home/airflow/.local/lib/python3.12/site-packages/airflow/example_dags/example_python_decorator.py
[2025-05-02T19:54:14.662+0000] {logging_mixin.py:188} INFO - [2025-05-02T19:54:14.662+0000] {dag.py:3096} INFO - Sync 1 DAGs
[2025-05-02T19:54:14.702+0000] {logging_mixin.py:188} INFO - [2025-05-02T19:54:14.702+0000] {dag.py:3954} INFO - Setting next_dagrun for example_python_decorator to None, run_after=None
[2025-05-02T19:54:14.809+0000] {processor.py:183} INFO - Processing /home/airflow/.local/lib/python3.12/site-packages/airflow/example_dags/example_python_decorator.py took 0.373 seconds
[2025-05-02T19:54:45.289+0000] {processor.py:161} INFO - Started process (PID=3254) to work on /home/airflow/.local/lib/python3.12/site-packages/airflow/example_dags/example_python_decorator.py
[2025-05-02T19:54:45.302+0000] {processor.py:830} INFO - Processing file /home/airflow/.local/lib/python3.12/site-packages/airflow/example_dags/example_python_decorator.py for tasks to queue
[2025-05-02T19:54:45.310+0000] {logging_mixin.py:188} INFO - [2025-05-02T19:54:45.310+0000] {dagbag.py:540} INFO - Filling up the DagBag from /home/airflow/.local/lib/python3.12/site-packages/airflow/example_dags/example_python_decorator.py
[2025-05-02T19:54:45.348+0000] {processor.py:840} INFO - DAG(s) 'example_python_decorator' retrieved from /home/airflow/.local/lib/python3.12/site-packages/airflow/example_dags/example_python_decorator.py
[2025-05-02T19:54:45.387+0000] {logging_mixin.py:188} INFO - [2025-05-02T19:54:45.387+0000] {dag.py:3096} INFO - Sync 1 DAGs
[2025-05-02T19:54:45.411+0000] {logging_mixin.py:188} INFO - [2025-05-02T19:54:45.411+0000] {dag.py:3954} INFO - Setting next_dagrun for example_python_decorator to None, run_after=None
[2025-05-02T19:54:45.455+0000] {processor.py:183} INFO - Processing /home/airflow/.local/lib/python3.12/site-packages/airflow/example_dags/example_python_decorator.py took 0.195 seconds
[2025-05-02T19:55:15.645+0000] {processor.py:161} INFO - Started process (PID=3348) to work on /home/airflow/.local/lib/python3.12/site-packages/airflow/example_dags/example_python_decorator.py
[2025-05-02T19:55:15.646+0000] {processor.py:830} INFO - Processing file /home/airflow/.local/lib/python3.12/site-packages/airflow/example_dags/example_python_decorator.py for tasks to queue
[2025-05-02T19:55:15.651+0000] {logging_mixin.py:188} INFO - [2025-05-02T19:55:15.651+0000] {dagbag.py:540} INFO - Filling up the DagBag from /home/airflow/.local/lib/python3.12/site-packages/airflow/example_dags/example_python_decorator.py
[2025-05-02T19:55:15.690+0000] {processor.py:840} INFO - DAG(s) 'example_python_decorator' retrieved from /home/airflow/.local/lib/python3.12/site-packages/airflow/example_dags/example_python_decorator.py
[2025-05-02T19:55:15.742+0000] {logging_mixin.py:188} INFO - [2025-05-02T19:55:15.741+0000] {dag.py:3096} INFO - Sync 1 DAGs
[2025-05-02T19:55:15.773+0000] {logging_mixin.py:188} INFO - [2025-05-02T19:55:15.767+0000] {dag.py:3954} INFO - Setting next_dagrun for example_python_decorator to None, run_after=None
[2025-05-02T19:55:15.819+0000] {processor.py:183} INFO - Processing /home/airflow/.local/lib/python3.12/site-packages/airflow/example_dags/example_python_decorator.py took 0.195 seconds
[2025-05-02T19:55:46.533+0000] {processor.py:161} INFO - Started process (PID=3448) to work on /home/airflow/.local/lib/python3.12/site-packages/airflow/example_dags/example_python_decorator.py
[2025-05-02T19:55:46.548+0000] {processor.py:830} INFO - Processing file /home/airflow/.local/lib/python3.12/site-packages/airflow/example_dags/example_python_decorator.py for tasks to queue
[2025-05-02T19:55:46.591+0000] {logging_mixin.py:188} INFO - [2025-05-02T19:55:46.566+0000] {dagbag.py:540} INFO - Filling up the DagBag from /home/airflow/.local/lib/python3.12/site-packages/airflow/example_dags/example_python_decorator.py
[2025-05-02T19:55:46.657+0000] {processor.py:840} INFO - DAG(s) 'example_python_decorator' retrieved from /home/airflow/.local/lib/python3.12/site-packages/airflow/example_dags/example_python_decorator.py
[2025-05-02T19:55:46.739+0000] {logging_mixin.py:188} INFO - [2025-05-02T19:55:46.739+0000] {dag.py:3096} INFO - Sync 1 DAGs
[2025-05-02T19:55:46.769+0000] {logging_mixin.py:188} INFO - [2025-05-02T19:55:46.767+0000] {dag.py:3954} INFO - Setting next_dagrun for example_python_decorator to None, run_after=None
[2025-05-02T19:55:46.817+0000] {processor.py:183} INFO - Processing /home/airflow/.local/lib/python3.12/site-packages/airflow/example_dags/example_python_decorator.py took 0.306 seconds
[2025-05-02T19:56:16.857+0000] {processor.py:161} INFO - Started process (PID=3552) to work on /home/airflow/.local/lib/python3.12/site-packages/airflow/example_dags/example_python_decorator.py
[2025-05-02T19:56:16.858+0000] {processor.py:830} INFO - Processing file /home/airflow/.local/lib/python3.12/site-packages/airflow/example_dags/example_python_decorator.py for tasks to queue
[2025-05-02T19:56:16.861+0000] {logging_mixin.py:188} INFO - [2025-05-02T19:56:16.860+0000] {dagbag.py:540} INFO - Filling up the DagBag from /home/airflow/.local/lib/python3.12/site-packages/airflow/example_dags/example_python_decorator.py
[2025-05-02T19:56:16.884+0000] {processor.py:840} INFO - DAG(s) 'example_python_decorator' retrieved from /home/airflow/.local/lib/python3.12/site-packages/airflow/example_dags/example_python_decorator.py
[2025-05-02T19:56:16.914+0000] {logging_mixin.py:188} INFO - [2025-05-02T19:56:16.913+0000] {dag.py:3096} INFO - Sync 1 DAGs
[2025-05-02T19:56:16.933+0000] {logging_mixin.py:188} INFO - [2025-05-02T19:56:16.932+0000] {dag.py:3954} INFO - Setting next_dagrun for example_python_decorator to None, run_after=None
[2025-05-02T19:56:16.958+0000] {processor.py:183} INFO - Processing /home/airflow/.local/lib/python3.12/site-packages/airflow/example_dags/example_python_decorator.py took 0.109 seconds
[2025-05-02T19:56:49.604+0000] {processor.py:161} INFO - Started process (PID=3640) to work on /home/airflow/.local/lib/python3.12/site-packages/airflow/example_dags/example_python_decorator.py
[2025-05-02T19:56:49.606+0000] {processor.py:830} INFO - Processing file /home/airflow/.local/lib/python3.12/site-packages/airflow/example_dags/example_python_decorator.py for tasks to queue
[2025-05-02T19:56:49.610+0000] {logging_mixin.py:188} INFO - [2025-05-02T19:56:49.609+0000] {dagbag.py:540} INFO - Filling up the DagBag from /home/airflow/.local/lib/python3.12/site-packages/airflow/example_dags/example_python_decorator.py
[2025-05-02T19:56:49.661+0000] {processor.py:840} INFO - DAG(s) 'example_python_decorator' retrieved from /home/airflow/.local/lib/python3.12/site-packages/airflow/example_dags/example_python_decorator.py
[2025-05-02T19:56:49.732+0000] {logging_mixin.py:188} INFO - [2025-05-02T19:56:49.732+0000] {dag.py:3096} INFO - Sync 1 DAGs
[2025-05-02T19:56:49.776+0000] {logging_mixin.py:188} INFO - [2025-05-02T19:56:49.775+0000] {dag.py:3954} INFO - Setting next_dagrun for example_python_decorator to None, run_after=None
[2025-05-02T19:56:49.836+0000] {processor.py:183} INFO - Processing /home/airflow/.local/lib/python3.12/site-packages/airflow/example_dags/example_python_decorator.py took 0.246 seconds
[2025-05-02T19:57:22.968+0000] {processor.py:161} INFO - Started process (PID=3740) to work on /home/airflow/.local/lib/python3.12/site-packages/airflow/example_dags/example_python_decorator.py
[2025-05-02T19:57:22.970+0000] {processor.py:830} INFO - Processing file /home/airflow/.local/lib/python3.12/site-packages/airflow/example_dags/example_python_decorator.py for tasks to queue
[2025-05-02T19:57:22.973+0000] {logging_mixin.py:188} INFO - [2025-05-02T19:57:22.973+0000] {dagbag.py:540} INFO - Filling up the DagBag from /home/airflow/.local/lib/python3.12/site-packages/airflow/example_dags/example_python_decorator.py
[2025-05-02T19:57:23.021+0000] {processor.py:840} INFO - DAG(s) 'example_python_decorator' retrieved from /home/airflow/.local/lib/python3.12/site-packages/airflow/example_dags/example_python_decorator.py
[2025-05-02T19:57:23.097+0000] {logging_mixin.py:188} INFO - [2025-05-02T19:57:23.096+0000] {dag.py:3096} INFO - Sync 1 DAGs
[2025-05-02T19:57:23.153+0000] {logging_mixin.py:188} INFO - [2025-05-02T19:57:23.152+0000] {dag.py:3954} INFO - Setting next_dagrun for example_python_decorator to None, run_after=None
[2025-05-02T19:57:23.235+0000] {processor.py:183} INFO - Processing /home/airflow/.local/lib/python3.12/site-packages/airflow/example_dags/example_python_decorator.py took 0.279 seconds
[2025-05-02T19:57:53.675+0000] {processor.py:161} INFO - Started process (PID=3833) to work on /home/airflow/.local/lib/python3.12/site-packages/airflow/example_dags/example_python_decorator.py
[2025-05-02T19:57:53.676+0000] {processor.py:830} INFO - Processing file /home/airflow/.local/lib/python3.12/site-packages/airflow/example_dags/example_python_decorator.py for tasks to queue
[2025-05-02T19:57:53.680+0000] {logging_mixin.py:188} INFO - [2025-05-02T19:57:53.679+0000] {dagbag.py:540} INFO - Filling up the DagBag from /home/airflow/.local/lib/python3.12/site-packages/airflow/example_dags/example_python_decorator.py
[2025-05-02T19:57:53.729+0000] {processor.py:840} INFO - DAG(s) 'example_python_decorator' retrieved from /home/airflow/.local/lib/python3.12/site-packages/airflow/example_dags/example_python_decorator.py
[2025-05-02T19:57:53.800+0000] {logging_mixin.py:188} INFO - [2025-05-02T19:57:53.799+0000] {dag.py:3096} INFO - Sync 1 DAGs
[2025-05-02T19:57:53.829+0000] {logging_mixin.py:188} INFO - [2025-05-02T19:57:53.828+0000] {dag.py:3954} INFO - Setting next_dagrun for example_python_decorator to None, run_after=None
[2025-05-02T19:57:53.917+0000] {processor.py:183} INFO - Processing /home/airflow/.local/lib/python3.12/site-packages/airflow/example_dags/example_python_decorator.py took 0.263 seconds
