[2025-05-02T19:33:08.384+0000] {processor.py:161} INFO - Started process (PID=95) to work on /home/airflow/.local/lib/python3.12/site-packages/airflow/example_dags/example_nested_branch_dag.py
[2025-05-02T19:33:08.385+0000] {processor.py:830} INFO - Processing file /home/airflow/.local/lib/python3.12/site-packages/airflow/example_dags/example_nested_branch_dag.py for tasks to queue
[2025-05-02T19:33:08.386+0000] {logging_mixin.py:188} INFO - [2025-05-02T19:33:08.386+0000] {dagbag.py:540} INFO - Filling up the DagBag from /home/airflow/.local/lib/python3.12/site-packages/airflow/example_dags/example_nested_branch_dag.py
[2025-05-02T19:33:08.396+0000] {processor.py:840} INFO - DAG(s) 'example_nested_branch_dag' retrieved from /home/airflow/.local/lib/python3.12/site-packages/airflow/example_dags/example_nested_branch_dag.py
[2025-05-02T19:33:08.407+0000] {logging_mixin.py:188} INFO - [2025-05-02T19:33:08.407+0000] {dag.py:3096} INFO - Sync 1 DAGs
[2025-05-02T19:33:08.434+0000] {logging_mixin.py:188} INFO - [2025-05-02T19:33:08.433+0000] {dag.py:3954} INFO - Setting next_dagrun for example_nested_branch_dag to 2025-05-01 00:00:00+00:00, run_after=2025-05-02 00:00:00+00:00
[2025-05-02T19:33:08.456+0000] {processor.py:183} INFO - Processing /home/airflow/.local/lib/python3.12/site-packages/airflow/example_dags/example_nested_branch_dag.py took 0.078 seconds
[2025-05-02T19:33:38.873+0000] {processor.py:161} INFO - Started process (PID=147) to work on /home/airflow/.local/lib/python3.12/site-packages/airflow/example_dags/example_nested_branch_dag.py
[2025-05-02T19:33:38.873+0000] {processor.py:830} INFO - Processing file /home/airflow/.local/lib/python3.12/site-packages/airflow/example_dags/example_nested_branch_dag.py for tasks to queue
[2025-05-02T19:33:38.875+0000] {logging_mixin.py:188} INFO - [2025-05-02T19:33:38.875+0000] {dagbag.py:540} INFO - Filling up the DagBag from /home/airflow/.local/lib/python3.12/site-packages/airflow/example_dags/example_nested_branch_dag.py
[2025-05-02T19:33:38.884+0000] {processor.py:840} INFO - DAG(s) 'example_nested_branch_dag' retrieved from /home/airflow/.local/lib/python3.12/site-packages/airflow/example_dags/example_nested_branch_dag.py
[2025-05-02T19:33:38.996+0000] {logging_mixin.py:188} INFO - [2025-05-02T19:33:38.996+0000] {dag.py:3096} INFO - Sync 1 DAGs
[2025-05-02T19:33:39.016+0000] {logging_mixin.py:188} INFO - [2025-05-02T19:33:39.016+0000] {dag.py:3954} INFO - Setting next_dagrun for example_nested_branch_dag to 2025-05-01 00:00:00+00:00, run_after=2025-05-02 00:00:00+00:00
[2025-05-02T19:33:39.047+0000] {processor.py:183} INFO - Processing /home/airflow/.local/lib/python3.12/site-packages/airflow/example_dags/example_nested_branch_dag.py took 0.180 seconds
[2025-05-02T19:34:09.083+0000] {processor.py:161} INFO - Started process (PID=205) to work on /home/airflow/.local/lib/python3.12/site-packages/airflow/example_dags/example_nested_branch_dag.py
[2025-05-02T19:34:09.083+0000] {processor.py:830} INFO - Processing file /home/airflow/.local/lib/python3.12/site-packages/airflow/example_dags/example_nested_branch_dag.py for tasks to queue
[2025-05-02T19:34:09.085+0000] {logging_mixin.py:188} INFO - [2025-05-02T19:34:09.085+0000] {dagbag.py:540} INFO - Filling up the DagBag from /home/airflow/.local/lib/python3.12/site-packages/airflow/example_dags/example_nested_branch_dag.py
[2025-05-02T19:34:09.092+0000] {processor.py:840} INFO - DAG(s) 'example_nested_branch_dag' retrieved from /home/airflow/.local/lib/python3.12/site-packages/airflow/example_dags/example_nested_branch_dag.py
[2025-05-02T19:34:09.111+0000] {logging_mixin.py:188} INFO - [2025-05-02T19:34:09.111+0000] {dag.py:3096} INFO - Sync 1 DAGs
[2025-05-02T19:34:09.127+0000] {logging_mixin.py:188} INFO - [2025-05-02T19:34:09.126+0000] {dag.py:3954} INFO - Setting next_dagrun for example_nested_branch_dag to 2025-05-01 00:00:00+00:00, run_after=2025-05-02 00:00:00+00:00
[2025-05-02T19:34:09.144+0000] {processor.py:183} INFO - Processing /home/airflow/.local/lib/python3.12/site-packages/airflow/example_dags/example_nested_branch_dag.py took 0.067 seconds
[2025-05-02T19:34:40.034+0000] {processor.py:161} INFO - Started process (PID=263) to work on /home/airflow/.local/lib/python3.12/site-packages/airflow/example_dags/example_nested_branch_dag.py
[2025-05-02T19:34:40.035+0000] {processor.py:830} INFO - Processing file /home/airflow/.local/lib/python3.12/site-packages/airflow/example_dags/example_nested_branch_dag.py for tasks to queue
[2025-05-02T19:34:40.036+0000] {logging_mixin.py:188} INFO - [2025-05-02T19:34:40.036+0000] {dagbag.py:540} INFO - Filling up the DagBag from /home/airflow/.local/lib/python3.12/site-packages/airflow/example_dags/example_nested_branch_dag.py
[2025-05-02T19:34:40.046+0000] {processor.py:840} INFO - DAG(s) 'example_nested_branch_dag' retrieved from /home/airflow/.local/lib/python3.12/site-packages/airflow/example_dags/example_nested_branch_dag.py
[2025-05-02T19:34:40.065+0000] {logging_mixin.py:188} INFO - [2025-05-02T19:34:40.064+0000] {dag.py:3096} INFO - Sync 1 DAGs
[2025-05-02T19:34:40.081+0000] {logging_mixin.py:188} INFO - [2025-05-02T19:34:40.081+0000] {dag.py:3954} INFO - Setting next_dagrun for example_nested_branch_dag to 2025-05-01 00:00:00+00:00, run_after=2025-05-02 00:00:00+00:00
[2025-05-02T19:34:40.096+0000] {processor.py:183} INFO - Processing /home/airflow/.local/lib/python3.12/site-packages/airflow/example_dags/example_nested_branch_dag.py took 0.067 seconds
[2025-05-02T19:35:13.454+0000] {processor.py:161} INFO - Started process (PID=321) to work on /home/airflow/.local/lib/python3.12/site-packages/airflow/example_dags/example_nested_branch_dag.py
[2025-05-02T19:35:13.455+0000] {processor.py:830} INFO - Processing file /home/airflow/.local/lib/python3.12/site-packages/airflow/example_dags/example_nested_branch_dag.py for tasks to queue
[2025-05-02T19:35:13.457+0000] {logging_mixin.py:188} INFO - [2025-05-02T19:35:13.456+0000] {dagbag.py:540} INFO - Filling up the DagBag from /home/airflow/.local/lib/python3.12/site-packages/airflow/example_dags/example_nested_branch_dag.py
[2025-05-02T19:35:13.464+0000] {processor.py:840} INFO - DAG(s) 'example_nested_branch_dag' retrieved from /home/airflow/.local/lib/python3.12/site-packages/airflow/example_dags/example_nested_branch_dag.py
[2025-05-02T19:35:13.481+0000] {logging_mixin.py:188} INFO - [2025-05-02T19:35:13.481+0000] {dag.py:3096} INFO - Sync 1 DAGs
[2025-05-02T19:35:13.500+0000] {logging_mixin.py:188} INFO - [2025-05-02T19:35:13.500+0000] {dag.py:3954} INFO - Setting next_dagrun for example_nested_branch_dag to 2025-05-01 00:00:00+00:00, run_after=2025-05-02 00:00:00+00:00
[2025-05-02T19:35:13.516+0000] {processor.py:183} INFO - Processing /home/airflow/.local/lib/python3.12/site-packages/airflow/example_dags/example_nested_branch_dag.py took 0.066 seconds
[2025-05-02T19:35:44.377+0000] {processor.py:161} INFO - Started process (PID=379) to work on /home/airflow/.local/lib/python3.12/site-packages/airflow/example_dags/example_nested_branch_dag.py
[2025-05-02T19:35:44.378+0000] {processor.py:830} INFO - Processing file /home/airflow/.local/lib/python3.12/site-packages/airflow/example_dags/example_nested_branch_dag.py for tasks to queue
[2025-05-02T19:35:44.379+0000] {logging_mixin.py:188} INFO - [2025-05-02T19:35:44.379+0000] {dagbag.py:540} INFO - Filling up the DagBag from /home/airflow/.local/lib/python3.12/site-packages/airflow/example_dags/example_nested_branch_dag.py
[2025-05-02T19:35:44.391+0000] {processor.py:840} INFO - DAG(s) 'example_nested_branch_dag' retrieved from /home/airflow/.local/lib/python3.12/site-packages/airflow/example_dags/example_nested_branch_dag.py
[2025-05-02T19:35:44.412+0000] {logging_mixin.py:188} INFO - [2025-05-02T19:35:44.412+0000] {dag.py:3096} INFO - Sync 1 DAGs
[2025-05-02T19:35:44.433+0000] {logging_mixin.py:188} INFO - [2025-05-02T19:35:44.432+0000] {dag.py:3954} INFO - Setting next_dagrun for example_nested_branch_dag to 2025-05-01 00:00:00+00:00, run_after=2025-05-02 00:00:00+00:00
[2025-05-02T19:35:44.450+0000] {processor.py:183} INFO - Processing /home/airflow/.local/lib/python3.12/site-packages/airflow/example_dags/example_nested_branch_dag.py took 0.078 seconds
[2025-05-02T19:36:14.519+0000] {processor.py:161} INFO - Started process (PID=437) to work on /home/airflow/.local/lib/python3.12/site-packages/airflow/example_dags/example_nested_branch_dag.py
[2025-05-02T19:36:14.520+0000] {processor.py:830} INFO - Processing file /home/airflow/.local/lib/python3.12/site-packages/airflow/example_dags/example_nested_branch_dag.py for tasks to queue
[2025-05-02T19:36:14.521+0000] {logging_mixin.py:188} INFO - [2025-05-02T19:36:14.521+0000] {dagbag.py:540} INFO - Filling up the DagBag from /home/airflow/.local/lib/python3.12/site-packages/airflow/example_dags/example_nested_branch_dag.py
[2025-05-02T19:36:14.529+0000] {processor.py:840} INFO - DAG(s) 'example_nested_branch_dag' retrieved from /home/airflow/.local/lib/python3.12/site-packages/airflow/example_dags/example_nested_branch_dag.py
[2025-05-02T19:36:14.546+0000] {logging_mixin.py:188} INFO - [2025-05-02T19:36:14.546+0000] {dag.py:3096} INFO - Sync 1 DAGs
[2025-05-02T19:36:14.562+0000] {logging_mixin.py:188} INFO - [2025-05-02T19:36:14.562+0000] {dag.py:3954} INFO - Setting next_dagrun for example_nested_branch_dag to 2025-05-01 00:00:00+00:00, run_after=2025-05-02 00:00:00+00:00
[2025-05-02T19:36:14.575+0000] {processor.py:183} INFO - Processing /home/airflow/.local/lib/python3.12/site-packages/airflow/example_dags/example_nested_branch_dag.py took 0.060 seconds
[2025-05-02T19:36:45.067+0000] {processor.py:161} INFO - Started process (PID=495) to work on /home/airflow/.local/lib/python3.12/site-packages/airflow/example_dags/example_nested_branch_dag.py
[2025-05-02T19:36:45.068+0000] {processor.py:830} INFO - Processing file /home/airflow/.local/lib/python3.12/site-packages/airflow/example_dags/example_nested_branch_dag.py for tasks to queue
[2025-05-02T19:36:45.069+0000] {logging_mixin.py:188} INFO - [2025-05-02T19:36:45.069+0000] {dagbag.py:540} INFO - Filling up the DagBag from /home/airflow/.local/lib/python3.12/site-packages/airflow/example_dags/example_nested_branch_dag.py
[2025-05-02T19:36:45.076+0000] {processor.py:840} INFO - DAG(s) 'example_nested_branch_dag' retrieved from /home/airflow/.local/lib/python3.12/site-packages/airflow/example_dags/example_nested_branch_dag.py
[2025-05-02T19:36:45.093+0000] {logging_mixin.py:188} INFO - [2025-05-02T19:36:45.093+0000] {dag.py:3096} INFO - Sync 1 DAGs
[2025-05-02T19:36:45.110+0000] {logging_mixin.py:188} INFO - [2025-05-02T19:36:45.110+0000] {dag.py:3954} INFO - Setting next_dagrun for example_nested_branch_dag to 2025-05-01 00:00:00+00:00, run_after=2025-05-02 00:00:00+00:00
[2025-05-02T19:36:45.123+0000] {processor.py:183} INFO - Processing /home/airflow/.local/lib/python3.12/site-packages/airflow/example_dags/example_nested_branch_dag.py took 0.060 seconds
[2025-05-02T19:37:15.446+0000] {processor.py:161} INFO - Started process (PID=553) to work on /home/airflow/.local/lib/python3.12/site-packages/airflow/example_dags/example_nested_branch_dag.py
[2025-05-02T19:37:15.447+0000] {processor.py:830} INFO - Processing file /home/airflow/.local/lib/python3.12/site-packages/airflow/example_dags/example_nested_branch_dag.py for tasks to queue
[2025-05-02T19:37:15.449+0000] {logging_mixin.py:188} INFO - [2025-05-02T19:37:15.448+0000] {dagbag.py:540} INFO - Filling up the DagBag from /home/airflow/.local/lib/python3.12/site-packages/airflow/example_dags/example_nested_branch_dag.py
[2025-05-02T19:37:15.459+0000] {processor.py:840} INFO - DAG(s) 'example_nested_branch_dag' retrieved from /home/airflow/.local/lib/python3.12/site-packages/airflow/example_dags/example_nested_branch_dag.py
[2025-05-02T19:37:15.480+0000] {logging_mixin.py:188} INFO - [2025-05-02T19:37:15.479+0000] {dag.py:3096} INFO - Sync 1 DAGs
[2025-05-02T19:37:15.503+0000] {logging_mixin.py:188} INFO - [2025-05-02T19:37:15.502+0000] {dag.py:3954} INFO - Setting next_dagrun for example_nested_branch_dag to 2025-05-01 00:00:00+00:00, run_after=2025-05-02 00:00:00+00:00
[2025-05-02T19:37:15.520+0000] {processor.py:183} INFO - Processing /home/airflow/.local/lib/python3.12/site-packages/airflow/example_dags/example_nested_branch_dag.py took 0.078 seconds
[2025-05-02T19:37:45.876+0000] {processor.py:161} INFO - Started process (PID=611) to work on /home/airflow/.local/lib/python3.12/site-packages/airflow/example_dags/example_nested_branch_dag.py
[2025-05-02T19:37:45.876+0000] {processor.py:830} INFO - Processing file /home/airflow/.local/lib/python3.12/site-packages/airflow/example_dags/example_nested_branch_dag.py for tasks to queue
[2025-05-02T19:37:45.878+0000] {logging_mixin.py:188} INFO - [2025-05-02T19:37:45.877+0000] {dagbag.py:540} INFO - Filling up the DagBag from /home/airflow/.local/lib/python3.12/site-packages/airflow/example_dags/example_nested_branch_dag.py
[2025-05-02T19:37:45.885+0000] {processor.py:840} INFO - DAG(s) 'example_nested_branch_dag' retrieved from /home/airflow/.local/lib/python3.12/site-packages/airflow/example_dags/example_nested_branch_dag.py
[2025-05-02T19:37:45.900+0000] {logging_mixin.py:188} INFO - [2025-05-02T19:37:45.900+0000] {dag.py:3096} INFO - Sync 1 DAGs
[2025-05-02T19:37:45.916+0000] {logging_mixin.py:188} INFO - [2025-05-02T19:37:45.916+0000] {dag.py:3954} INFO - Setting next_dagrun for example_nested_branch_dag to 2025-05-01 00:00:00+00:00, run_after=2025-05-02 00:00:00+00:00
[2025-05-02T19:37:45.932+0000] {processor.py:183} INFO - Processing /home/airflow/.local/lib/python3.12/site-packages/airflow/example_dags/example_nested_branch_dag.py took 0.061 seconds
[2025-05-02T19:38:16.314+0000] {processor.py:161} INFO - Started process (PID=669) to work on /home/airflow/.local/lib/python3.12/site-packages/airflow/example_dags/example_nested_branch_dag.py
[2025-05-02T19:38:16.315+0000] {processor.py:830} INFO - Processing file /home/airflow/.local/lib/python3.12/site-packages/airflow/example_dags/example_nested_branch_dag.py for tasks to queue
[2025-05-02T19:38:16.316+0000] {logging_mixin.py:188} INFO - [2025-05-02T19:38:16.316+0000] {dagbag.py:540} INFO - Filling up the DagBag from /home/airflow/.local/lib/python3.12/site-packages/airflow/example_dags/example_nested_branch_dag.py
[2025-05-02T19:38:16.325+0000] {processor.py:840} INFO - DAG(s) 'example_nested_branch_dag' retrieved from /home/airflow/.local/lib/python3.12/site-packages/airflow/example_dags/example_nested_branch_dag.py
[2025-05-02T19:38:16.347+0000] {logging_mixin.py:188} INFO - [2025-05-02T19:38:16.346+0000] {dag.py:3096} INFO - Sync 1 DAGs
[2025-05-02T19:38:16.368+0000] {logging_mixin.py:188} INFO - [2025-05-02T19:38:16.368+0000] {dag.py:3954} INFO - Setting next_dagrun for example_nested_branch_dag to 2025-05-01 00:00:00+00:00, run_after=2025-05-02 00:00:00+00:00
[2025-05-02T19:38:16.384+0000] {processor.py:183} INFO - Processing /home/airflow/.local/lib/python3.12/site-packages/airflow/example_dags/example_nested_branch_dag.py took 0.075 seconds
[2025-05-02T19:38:46.780+0000] {processor.py:161} INFO - Started process (PID=728) to work on /home/airflow/.local/lib/python3.12/site-packages/airflow/example_dags/example_nested_branch_dag.py
[2025-05-02T19:38:46.781+0000] {processor.py:830} INFO - Processing file /home/airflow/.local/lib/python3.12/site-packages/airflow/example_dags/example_nested_branch_dag.py for tasks to queue
[2025-05-02T19:38:46.783+0000] {logging_mixin.py:188} INFO - [2025-05-02T19:38:46.782+0000] {dagbag.py:540} INFO - Filling up the DagBag from /home/airflow/.local/lib/python3.12/site-packages/airflow/example_dags/example_nested_branch_dag.py
[2025-05-02T19:38:46.791+0000] {processor.py:840} INFO - DAG(s) 'example_nested_branch_dag' retrieved from /home/airflow/.local/lib/python3.12/site-packages/airflow/example_dags/example_nested_branch_dag.py
[2025-05-02T19:38:46.810+0000] {logging_mixin.py:188} INFO - [2025-05-02T19:38:46.809+0000] {dag.py:3096} INFO - Sync 1 DAGs
[2025-05-02T19:38:46.828+0000] {logging_mixin.py:188} INFO - [2025-05-02T19:38:46.828+0000] {dag.py:3954} INFO - Setting next_dagrun for example_nested_branch_dag to 2025-05-01 00:00:00+00:00, run_after=2025-05-02 00:00:00+00:00
[2025-05-02T19:38:46.845+0000] {processor.py:183} INFO - Processing /home/airflow/.local/lib/python3.12/site-packages/airflow/example_dags/example_nested_branch_dag.py took 0.070 seconds
[2025-05-02T19:39:19.071+0000] {processor.py:161} INFO - Started process (PID=785) to work on /home/airflow/.local/lib/python3.12/site-packages/airflow/example_dags/example_nested_branch_dag.py
[2025-05-02T19:39:19.072+0000] {processor.py:830} INFO - Processing file /home/airflow/.local/lib/python3.12/site-packages/airflow/example_dags/example_nested_branch_dag.py for tasks to queue
[2025-05-02T19:39:19.073+0000] {logging_mixin.py:188} INFO - [2025-05-02T19:39:19.073+0000] {dagbag.py:540} INFO - Filling up the DagBag from /home/airflow/.local/lib/python3.12/site-packages/airflow/example_dags/example_nested_branch_dag.py
[2025-05-02T19:39:19.081+0000] {processor.py:840} INFO - DAG(s) 'example_nested_branch_dag' retrieved from /home/airflow/.local/lib/python3.12/site-packages/airflow/example_dags/example_nested_branch_dag.py
[2025-05-02T19:39:19.102+0000] {logging_mixin.py:188} INFO - [2025-05-02T19:39:19.102+0000] {dag.py:3096} INFO - Sync 1 DAGs
[2025-05-02T19:39:19.121+0000] {logging_mixin.py:188} INFO - [2025-05-02T19:39:19.121+0000] {dag.py:3954} INFO - Setting next_dagrun for example_nested_branch_dag to 2025-05-01 00:00:00+00:00, run_after=2025-05-02 00:00:00+00:00
[2025-05-02T19:39:19.140+0000] {processor.py:183} INFO - Processing /home/airflow/.local/lib/python3.12/site-packages/airflow/example_dags/example_nested_branch_dag.py took 0.074 seconds
[2025-05-02T19:39:49.745+0000] {processor.py:161} INFO - Started process (PID=843) to work on /home/airflow/.local/lib/python3.12/site-packages/airflow/example_dags/example_nested_branch_dag.py
[2025-05-02T19:39:49.746+0000] {processor.py:830} INFO - Processing file /home/airflow/.local/lib/python3.12/site-packages/airflow/example_dags/example_nested_branch_dag.py for tasks to queue
[2025-05-02T19:39:49.747+0000] {logging_mixin.py:188} INFO - [2025-05-02T19:39:49.747+0000] {dagbag.py:540} INFO - Filling up the DagBag from /home/airflow/.local/lib/python3.12/site-packages/airflow/example_dags/example_nested_branch_dag.py
[2025-05-02T19:39:49.755+0000] {processor.py:840} INFO - DAG(s) 'example_nested_branch_dag' retrieved from /home/airflow/.local/lib/python3.12/site-packages/airflow/example_dags/example_nested_branch_dag.py
[2025-05-02T19:39:49.775+0000] {logging_mixin.py:188} INFO - [2025-05-02T19:39:49.775+0000] {dag.py:3096} INFO - Sync 1 DAGs
[2025-05-02T19:39:49.794+0000] {logging_mixin.py:188} INFO - [2025-05-02T19:39:49.794+0000] {dag.py:3954} INFO - Setting next_dagrun for example_nested_branch_dag to 2025-05-01 00:00:00+00:00, run_after=2025-05-02 00:00:00+00:00
[2025-05-02T19:39:49.810+0000] {processor.py:183} INFO - Processing /home/airflow/.local/lib/python3.12/site-packages/airflow/example_dags/example_nested_branch_dag.py took 0.071 seconds
[2025-05-02T19:40:20.483+0000] {processor.py:161} INFO - Started process (PID=901) to work on /home/airflow/.local/lib/python3.12/site-packages/airflow/example_dags/example_nested_branch_dag.py
[2025-05-02T19:40:20.484+0000] {processor.py:830} INFO - Processing file /home/airflow/.local/lib/python3.12/site-packages/airflow/example_dags/example_nested_branch_dag.py for tasks to queue
[2025-05-02T19:40:20.485+0000] {logging_mixin.py:188} INFO - [2025-05-02T19:40:20.485+0000] {dagbag.py:540} INFO - Filling up the DagBag from /home/airflow/.local/lib/python3.12/site-packages/airflow/example_dags/example_nested_branch_dag.py
[2025-05-02T19:40:20.492+0000] {processor.py:840} INFO - DAG(s) 'example_nested_branch_dag' retrieved from /home/airflow/.local/lib/python3.12/site-packages/airflow/example_dags/example_nested_branch_dag.py
[2025-05-02T19:40:20.509+0000] {logging_mixin.py:188} INFO - [2025-05-02T19:40:20.509+0000] {dag.py:3096} INFO - Sync 1 DAGs
[2025-05-02T19:40:20.525+0000] {logging_mixin.py:188} INFO - [2025-05-02T19:40:20.525+0000] {dag.py:3954} INFO - Setting next_dagrun for example_nested_branch_dag to 2025-05-01 00:00:00+00:00, run_after=2025-05-02 00:00:00+00:00
[2025-05-02T19:40:20.538+0000] {processor.py:183} INFO - Processing /home/airflow/.local/lib/python3.12/site-packages/airflow/example_dags/example_nested_branch_dag.py took 0.059 seconds
[2025-05-02T19:40:50.936+0000] {processor.py:161} INFO - Started process (PID=959) to work on /home/airflow/.local/lib/python3.12/site-packages/airflow/example_dags/example_nested_branch_dag.py
[2025-05-02T19:40:50.936+0000] {processor.py:830} INFO - Processing file /home/airflow/.local/lib/python3.12/site-packages/airflow/example_dags/example_nested_branch_dag.py for tasks to queue
[2025-05-02T19:40:50.938+0000] {logging_mixin.py:188} INFO - [2025-05-02T19:40:50.938+0000] {dagbag.py:540} INFO - Filling up the DagBag from /home/airflow/.local/lib/python3.12/site-packages/airflow/example_dags/example_nested_branch_dag.py
[2025-05-02T19:40:50.946+0000] {processor.py:840} INFO - DAG(s) 'example_nested_branch_dag' retrieved from /home/airflow/.local/lib/python3.12/site-packages/airflow/example_dags/example_nested_branch_dag.py
[2025-05-02T19:40:50.965+0000] {logging_mixin.py:188} INFO - [2025-05-02T19:40:50.964+0000] {dag.py:3096} INFO - Sync 1 DAGs
[2025-05-02T19:40:50.983+0000] {logging_mixin.py:188} INFO - [2025-05-02T19:40:50.983+0000] {dag.py:3954} INFO - Setting next_dagrun for example_nested_branch_dag to 2025-05-01 00:00:00+00:00, run_after=2025-05-02 00:00:00+00:00
[2025-05-02T19:40:51.000+0000] {processor.py:183} INFO - Processing /home/airflow/.local/lib/python3.12/site-packages/airflow/example_dags/example_nested_branch_dag.py took 0.071 seconds
[2025-05-02T19:41:21.467+0000] {processor.py:161} INFO - Started process (PID=1017) to work on /home/airflow/.local/lib/python3.12/site-packages/airflow/example_dags/example_nested_branch_dag.py
[2025-05-02T19:41:21.468+0000] {processor.py:830} INFO - Processing file /home/airflow/.local/lib/python3.12/site-packages/airflow/example_dags/example_nested_branch_dag.py for tasks to queue
[2025-05-02T19:41:21.469+0000] {logging_mixin.py:188} INFO - [2025-05-02T19:41:21.469+0000] {dagbag.py:540} INFO - Filling up the DagBag from /home/airflow/.local/lib/python3.12/site-packages/airflow/example_dags/example_nested_branch_dag.py
[2025-05-02T19:41:21.479+0000] {processor.py:840} INFO - DAG(s) 'example_nested_branch_dag' retrieved from /home/airflow/.local/lib/python3.12/site-packages/airflow/example_dags/example_nested_branch_dag.py
[2025-05-02T19:41:21.498+0000] {logging_mixin.py:188} INFO - [2025-05-02T19:41:21.498+0000] {dag.py:3096} INFO - Sync 1 DAGs
[2025-05-02T19:41:21.514+0000] {logging_mixin.py:188} INFO - [2025-05-02T19:41:21.514+0000] {dag.py:3954} INFO - Setting next_dagrun for example_nested_branch_dag to 2025-05-01 00:00:00+00:00, run_after=2025-05-02 00:00:00+00:00
[2025-05-02T19:41:21.528+0000] {processor.py:183} INFO - Processing /home/airflow/.local/lib/python3.12/site-packages/airflow/example_dags/example_nested_branch_dag.py took 0.067 seconds
[2025-05-02T19:41:52.037+0000] {processor.py:161} INFO - Started process (PID=1075) to work on /home/airflow/.local/lib/python3.12/site-packages/airflow/example_dags/example_nested_branch_dag.py
[2025-05-02T19:41:52.038+0000] {processor.py:830} INFO - Processing file /home/airflow/.local/lib/python3.12/site-packages/airflow/example_dags/example_nested_branch_dag.py for tasks to queue
[2025-05-02T19:41:52.041+0000] {logging_mixin.py:188} INFO - [2025-05-02T19:41:52.040+0000] {dagbag.py:540} INFO - Filling up the DagBag from /home/airflow/.local/lib/python3.12/site-packages/airflow/example_dags/example_nested_branch_dag.py
[2025-05-02T19:41:52.050+0000] {processor.py:840} INFO - DAG(s) 'example_nested_branch_dag' retrieved from /home/airflow/.local/lib/python3.12/site-packages/airflow/example_dags/example_nested_branch_dag.py
[2025-05-02T19:41:52.069+0000] {logging_mixin.py:188} INFO - [2025-05-02T19:41:52.069+0000] {dag.py:3096} INFO - Sync 1 DAGs
[2025-05-02T19:41:52.089+0000] {logging_mixin.py:188} INFO - [2025-05-02T19:41:52.089+0000] {dag.py:3954} INFO - Setting next_dagrun for example_nested_branch_dag to 2025-05-01 00:00:00+00:00, run_after=2025-05-02 00:00:00+00:00
[2025-05-02T19:41:52.104+0000] {processor.py:183} INFO - Processing /home/airflow/.local/lib/python3.12/site-packages/airflow/example_dags/example_nested_branch_dag.py took 0.073 seconds
[2025-05-02T19:42:22.718+0000] {processor.py:161} INFO - Started process (PID=1127) to work on /home/airflow/.local/lib/python3.12/site-packages/airflow/example_dags/example_nested_branch_dag.py
[2025-05-02T19:42:22.719+0000] {processor.py:830} INFO - Processing file /home/airflow/.local/lib/python3.12/site-packages/airflow/example_dags/example_nested_branch_dag.py for tasks to queue
[2025-05-02T19:42:22.721+0000] {logging_mixin.py:188} INFO - [2025-05-02T19:42:22.720+0000] {dagbag.py:540} INFO - Filling up the DagBag from /home/airflow/.local/lib/python3.12/site-packages/airflow/example_dags/example_nested_branch_dag.py
[2025-05-02T19:42:22.729+0000] {processor.py:840} INFO - DAG(s) 'example_nested_branch_dag' retrieved from /home/airflow/.local/lib/python3.12/site-packages/airflow/example_dags/example_nested_branch_dag.py
[2025-05-02T19:42:22.751+0000] {logging_mixin.py:188} INFO - [2025-05-02T19:42:22.751+0000] {dag.py:3096} INFO - Sync 1 DAGs
[2025-05-02T19:42:22.779+0000] {logging_mixin.py:188} INFO - [2025-05-02T19:42:22.778+0000] {dag.py:3954} INFO - Setting next_dagrun for example_nested_branch_dag to 2025-05-01 00:00:00+00:00, run_after=2025-05-02 00:00:00+00:00
[2025-05-02T19:42:22.811+0000] {processor.py:183} INFO - Processing /home/airflow/.local/lib/python3.12/site-packages/airflow/example_dags/example_nested_branch_dag.py took 0.099 seconds
[2025-05-02T19:42:53.425+0000] {processor.py:161} INFO - Started process (PID=1185) to work on /home/airflow/.local/lib/python3.12/site-packages/airflow/example_dags/example_nested_branch_dag.py
[2025-05-02T19:42:53.426+0000] {processor.py:830} INFO - Processing file /home/airflow/.local/lib/python3.12/site-packages/airflow/example_dags/example_nested_branch_dag.py for tasks to queue
[2025-05-02T19:42:53.427+0000] {logging_mixin.py:188} INFO - [2025-05-02T19:42:53.427+0000] {dagbag.py:540} INFO - Filling up the DagBag from /home/airflow/.local/lib/python3.12/site-packages/airflow/example_dags/example_nested_branch_dag.py
[2025-05-02T19:42:53.438+0000] {processor.py:840} INFO - DAG(s) 'example_nested_branch_dag' retrieved from /home/airflow/.local/lib/python3.12/site-packages/airflow/example_dags/example_nested_branch_dag.py
[2025-05-02T19:42:53.458+0000] {logging_mixin.py:188} INFO - [2025-05-02T19:42:53.458+0000] {dag.py:3096} INFO - Sync 1 DAGs
[2025-05-02T19:42:53.477+0000] {logging_mixin.py:188} INFO - [2025-05-02T19:42:53.476+0000] {dag.py:3954} INFO - Setting next_dagrun for example_nested_branch_dag to 2025-05-01 00:00:00+00:00, run_after=2025-05-02 00:00:00+00:00
[2025-05-02T19:42:53.491+0000] {processor.py:183} INFO - Processing /home/airflow/.local/lib/python3.12/site-packages/airflow/example_dags/example_nested_branch_dag.py took 0.071 seconds
[2025-05-02T19:43:25.656+0000] {processor.py:161} INFO - Started process (PID=1245) to work on /home/airflow/.local/lib/python3.12/site-packages/airflow/example_dags/example_nested_branch_dag.py
[2025-05-02T19:43:25.658+0000] {processor.py:830} INFO - Processing file /home/airflow/.local/lib/python3.12/site-packages/airflow/example_dags/example_nested_branch_dag.py for tasks to queue
[2025-05-02T19:43:25.660+0000] {logging_mixin.py:188} INFO - [2025-05-02T19:43:25.659+0000] {dagbag.py:540} INFO - Filling up the DagBag from /home/airflow/.local/lib/python3.12/site-packages/airflow/example_dags/example_nested_branch_dag.py
[2025-05-02T19:43:25.673+0000] {processor.py:840} INFO - DAG(s) 'example_nested_branch_dag' retrieved from /home/airflow/.local/lib/python3.12/site-packages/airflow/example_dags/example_nested_branch_dag.py
[2025-05-02T19:43:25.693+0000] {logging_mixin.py:188} INFO - [2025-05-02T19:43:25.693+0000] {dag.py:3096} INFO - Sync 1 DAGs
[2025-05-02T19:43:25.717+0000] {logging_mixin.py:188} INFO - [2025-05-02T19:43:25.717+0000] {dag.py:3954} INFO - Setting next_dagrun for example_nested_branch_dag to 2025-05-01 00:00:00+00:00, run_after=2025-05-02 00:00:00+00:00
[2025-05-02T19:43:25.737+0000] {processor.py:183} INFO - Processing /home/airflow/.local/lib/python3.12/site-packages/airflow/example_dags/example_nested_branch_dag.py took 0.086 seconds
[2025-05-02T19:44:00.103+0000] {processor.py:161} INFO - Started process (PID=1305) to work on /home/airflow/.local/lib/python3.12/site-packages/airflow/example_dags/example_nested_branch_dag.py
[2025-05-02T19:44:00.110+0000] {processor.py:830} INFO - Processing file /home/airflow/.local/lib/python3.12/site-packages/airflow/example_dags/example_nested_branch_dag.py for tasks to queue
[2025-05-02T19:44:00.113+0000] {logging_mixin.py:188} INFO - [2025-05-02T19:44:00.112+0000] {dagbag.py:540} INFO - Filling up the DagBag from /home/airflow/.local/lib/python3.12/site-packages/airflow/example_dags/example_nested_branch_dag.py
[2025-05-02T19:44:00.127+0000] {processor.py:840} INFO - DAG(s) 'example_nested_branch_dag' retrieved from /home/airflow/.local/lib/python3.12/site-packages/airflow/example_dags/example_nested_branch_dag.py
[2025-05-02T19:44:00.299+0000] {logging_mixin.py:188} INFO - [2025-05-02T19:44:00.299+0000] {dag.py:3096} INFO - Sync 1 DAGs
[2025-05-02T19:44:00.366+0000] {logging_mixin.py:188} INFO - [2025-05-02T19:44:00.366+0000] {dag.py:3954} INFO - Setting next_dagrun for example_nested_branch_dag to 2025-05-01 00:00:00+00:00, run_after=2025-05-02 00:00:00+00:00
[2025-05-02T19:44:00.451+0000] {processor.py:183} INFO - Processing /home/airflow/.local/lib/python3.12/site-packages/airflow/example_dags/example_nested_branch_dag.py took 0.357 seconds
[2025-05-02T19:44:31.129+0000] {processor.py:161} INFO - Started process (PID=1404) to work on /home/airflow/.local/lib/python3.12/site-packages/airflow/example_dags/example_nested_branch_dag.py
[2025-05-02T19:44:31.129+0000] {processor.py:830} INFO - Processing file /home/airflow/.local/lib/python3.12/site-packages/airflow/example_dags/example_nested_branch_dag.py for tasks to queue
[2025-05-02T19:44:31.131+0000] {logging_mixin.py:188} INFO - [2025-05-02T19:44:31.131+0000] {dagbag.py:540} INFO - Filling up the DagBag from /home/airflow/.local/lib/python3.12/site-packages/airflow/example_dags/example_nested_branch_dag.py
[2025-05-02T19:44:31.143+0000] {processor.py:840} INFO - DAG(s) 'example_nested_branch_dag' retrieved from /home/airflow/.local/lib/python3.12/site-packages/airflow/example_dags/example_nested_branch_dag.py
[2025-05-02T19:44:31.167+0000] {logging_mixin.py:188} INFO - [2025-05-02T19:44:31.167+0000] {dag.py:3096} INFO - Sync 1 DAGs
[2025-05-02T19:44:31.195+0000] {logging_mixin.py:188} INFO - [2025-05-02T19:44:31.195+0000] {dag.py:3954} INFO - Setting next_dagrun for example_nested_branch_dag to 2025-05-01 00:00:00+00:00, run_after=2025-05-02 00:00:00+00:00
[2025-05-02T19:44:31.217+0000] {processor.py:183} INFO - Processing /home/airflow/.local/lib/python3.12/site-packages/airflow/example_dags/example_nested_branch_dag.py took 0.094 seconds
[2025-05-02T19:45:01.723+0000] {processor.py:161} INFO - Started process (PID=1502) to work on /home/airflow/.local/lib/python3.12/site-packages/airflow/example_dags/example_nested_branch_dag.py
[2025-05-02T19:45:01.724+0000] {processor.py:830} INFO - Processing file /home/airflow/.local/lib/python3.12/site-packages/airflow/example_dags/example_nested_branch_dag.py for tasks to queue
[2025-05-02T19:45:01.726+0000] {logging_mixin.py:188} INFO - [2025-05-02T19:45:01.725+0000] {dagbag.py:540} INFO - Filling up the DagBag from /home/airflow/.local/lib/python3.12/site-packages/airflow/example_dags/example_nested_branch_dag.py
[2025-05-02T19:45:01.734+0000] {processor.py:840} INFO - DAG(s) 'example_nested_branch_dag' retrieved from /home/airflow/.local/lib/python3.12/site-packages/airflow/example_dags/example_nested_branch_dag.py
[2025-05-02T19:45:01.752+0000] {logging_mixin.py:188} INFO - [2025-05-02T19:45:01.752+0000] {dag.py:3096} INFO - Sync 1 DAGs
[2025-05-02T19:45:01.775+0000] {logging_mixin.py:188} INFO - [2025-05-02T19:45:01.774+0000] {dag.py:3954} INFO - Setting next_dagrun for example_nested_branch_dag to 2025-05-01 00:00:00+00:00, run_after=2025-05-02 00:00:00+00:00
[2025-05-02T19:45:01.794+0000] {processor.py:183} INFO - Processing /home/airflow/.local/lib/python3.12/site-packages/airflow/example_dags/example_nested_branch_dag.py took 0.076 seconds
[2025-05-02T19:45:31.990+0000] {processor.py:161} INFO - Started process (PID=1606) to work on /home/airflow/.local/lib/python3.12/site-packages/airflow/example_dags/example_nested_branch_dag.py
[2025-05-02T19:45:31.993+0000] {processor.py:830} INFO - Processing file /home/airflow/.local/lib/python3.12/site-packages/airflow/example_dags/example_nested_branch_dag.py for tasks to queue
[2025-05-02T19:45:31.996+0000] {logging_mixin.py:188} INFO - [2025-05-02T19:45:31.996+0000] {dagbag.py:540} INFO - Filling up the DagBag from /home/airflow/.local/lib/python3.12/site-packages/airflow/example_dags/example_nested_branch_dag.py
[2025-05-02T19:45:32.031+0000] {processor.py:840} INFO - DAG(s) 'example_nested_branch_dag' retrieved from /home/airflow/.local/lib/python3.12/site-packages/airflow/example_dags/example_nested_branch_dag.py
[2025-05-02T19:45:32.117+0000] {logging_mixin.py:188} INFO - [2025-05-02T19:45:32.116+0000] {dag.py:3096} INFO - Sync 1 DAGs
[2025-05-02T19:45:32.234+0000] {logging_mixin.py:188} INFO - [2025-05-02T19:45:32.234+0000] {dag.py:3954} INFO - Setting next_dagrun for example_nested_branch_dag to 2025-05-01 00:00:00+00:00, run_after=2025-05-02 00:00:00+00:00
[2025-05-02T19:45:32.351+0000] {processor.py:183} INFO - Processing /home/airflow/.local/lib/python3.12/site-packages/airflow/example_dags/example_nested_branch_dag.py took 0.377 seconds
[2025-05-02T19:46:03.294+0000] {processor.py:161} INFO - Started process (PID=1715) to work on /home/airflow/.local/lib/python3.12/site-packages/airflow/example_dags/example_nested_branch_dag.py
[2025-05-02T19:46:03.296+0000] {processor.py:830} INFO - Processing file /home/airflow/.local/lib/python3.12/site-packages/airflow/example_dags/example_nested_branch_dag.py for tasks to queue
[2025-05-02T19:46:03.300+0000] {logging_mixin.py:188} INFO - [2025-05-02T19:46:03.300+0000] {dagbag.py:540} INFO - Filling up the DagBag from /home/airflow/.local/lib/python3.12/site-packages/airflow/example_dags/example_nested_branch_dag.py
[2025-05-02T19:46:03.326+0000] {processor.py:840} INFO - DAG(s) 'example_nested_branch_dag' retrieved from /home/airflow/.local/lib/python3.12/site-packages/airflow/example_dags/example_nested_branch_dag.py
[2025-05-02T19:46:03.383+0000] {logging_mixin.py:188} INFO - [2025-05-02T19:46:03.383+0000] {dag.py:3096} INFO - Sync 1 DAGs
[2025-05-02T19:46:03.438+0000] {logging_mixin.py:188} INFO - [2025-05-02T19:46:03.437+0000] {dag.py:3954} INFO - Setting next_dagrun for example_nested_branch_dag to 2025-05-01 00:00:00+00:00, run_after=2025-05-02 00:00:00+00:00
[2025-05-02T19:46:03.487+0000] {processor.py:183} INFO - Processing /home/airflow/.local/lib/python3.12/site-packages/airflow/example_dags/example_nested_branch_dag.py took 0.206 seconds
[2025-05-02T19:46:33.900+0000] {processor.py:161} INFO - Started process (PID=1812) to work on /home/airflow/.local/lib/python3.12/site-packages/airflow/example_dags/example_nested_branch_dag.py
[2025-05-02T19:46:33.902+0000] {processor.py:830} INFO - Processing file /home/airflow/.local/lib/python3.12/site-packages/airflow/example_dags/example_nested_branch_dag.py for tasks to queue
[2025-05-02T19:46:33.905+0000] {logging_mixin.py:188} INFO - [2025-05-02T19:46:33.905+0000] {dagbag.py:540} INFO - Filling up the DagBag from /home/airflow/.local/lib/python3.12/site-packages/airflow/example_dags/example_nested_branch_dag.py
[2025-05-02T19:46:33.931+0000] {processor.py:840} INFO - DAG(s) 'example_nested_branch_dag' retrieved from /home/airflow/.local/lib/python3.12/site-packages/airflow/example_dags/example_nested_branch_dag.py
[2025-05-02T19:46:34.029+0000] {logging_mixin.py:188} INFO - [2025-05-02T19:46:34.029+0000] {dag.py:3096} INFO - Sync 1 DAGs
[2025-05-02T19:46:34.096+0000] {logging_mixin.py:188} INFO - [2025-05-02T19:46:34.096+0000] {dag.py:3954} INFO - Setting next_dagrun for example_nested_branch_dag to 2025-05-01 00:00:00+00:00, run_after=2025-05-02 00:00:00+00:00
[2025-05-02T19:46:34.189+0000] {processor.py:183} INFO - Processing /home/airflow/.local/lib/python3.12/site-packages/airflow/example_dags/example_nested_branch_dag.py took 0.317 seconds
[2025-05-02T19:47:05.285+0000] {processor.py:161} INFO - Started process (PID=1922) to work on /home/airflow/.local/lib/python3.12/site-packages/airflow/example_dags/example_nested_branch_dag.py
[2025-05-02T19:47:05.286+0000] {processor.py:830} INFO - Processing file /home/airflow/.local/lib/python3.12/site-packages/airflow/example_dags/example_nested_branch_dag.py for tasks to queue
[2025-05-02T19:47:05.289+0000] {logging_mixin.py:188} INFO - [2025-05-02T19:47:05.289+0000] {dagbag.py:540} INFO - Filling up the DagBag from /home/airflow/.local/lib/python3.12/site-packages/airflow/example_dags/example_nested_branch_dag.py
[2025-05-02T19:47:05.309+0000] {processor.py:840} INFO - DAG(s) 'example_nested_branch_dag' retrieved from /home/airflow/.local/lib/python3.12/site-packages/airflow/example_dags/example_nested_branch_dag.py
[2025-05-02T19:47:05.351+0000] {logging_mixin.py:188} INFO - [2025-05-02T19:47:05.351+0000] {dag.py:3096} INFO - Sync 1 DAGs
[2025-05-02T19:47:05.395+0000] {logging_mixin.py:188} INFO - [2025-05-02T19:47:05.395+0000] {dag.py:3954} INFO - Setting next_dagrun for example_nested_branch_dag to 2025-05-01 00:00:00+00:00, run_after=2025-05-02 00:00:00+00:00
[2025-05-02T19:47:05.428+0000] {processor.py:183} INFO - Processing /home/airflow/.local/lib/python3.12/site-packages/airflow/example_dags/example_nested_branch_dag.py took 0.155 seconds
[2025-05-02T19:47:40.698+0000] {processor.py:161} INFO - Started process (PID=2024) to work on /home/airflow/.local/lib/python3.12/site-packages/airflow/example_dags/example_nested_branch_dag.py
[2025-05-02T19:47:40.699+0000] {processor.py:830} INFO - Processing file /home/airflow/.local/lib/python3.12/site-packages/airflow/example_dags/example_nested_branch_dag.py for tasks to queue
[2025-05-02T19:47:40.705+0000] {logging_mixin.py:188} INFO - [2025-05-02T19:47:40.705+0000] {dagbag.py:540} INFO - Filling up the DagBag from /home/airflow/.local/lib/python3.12/site-packages/airflow/example_dags/example_nested_branch_dag.py
[2025-05-02T19:47:40.728+0000] {processor.py:840} INFO - DAG(s) 'example_nested_branch_dag' retrieved from /home/airflow/.local/lib/python3.12/site-packages/airflow/example_dags/example_nested_branch_dag.py
[2025-05-02T19:47:40.780+0000] {logging_mixin.py:188} INFO - [2025-05-02T19:47:40.779+0000] {dag.py:3096} INFO - Sync 1 DAGs
[2025-05-02T19:47:40.866+0000] {logging_mixin.py:188} INFO - [2025-05-02T19:47:40.866+0000] {dag.py:3954} INFO - Setting next_dagrun for example_nested_branch_dag to 2025-05-01 00:00:00+00:00, run_after=2025-05-02 00:00:00+00:00
[2025-05-02T19:47:40.957+0000] {processor.py:183} INFO - Processing /home/airflow/.local/lib/python3.12/site-packages/airflow/example_dags/example_nested_branch_dag.py took 0.281 seconds
[2025-05-02T19:48:13.641+0000] {processor.py:161} INFO - Started process (PID=2123) to work on /home/airflow/.local/lib/python3.12/site-packages/airflow/example_dags/example_nested_branch_dag.py
[2025-05-02T19:48:13.643+0000] {processor.py:830} INFO - Processing file /home/airflow/.local/lib/python3.12/site-packages/airflow/example_dags/example_nested_branch_dag.py for tasks to queue
[2025-05-02T19:48:13.645+0000] {logging_mixin.py:188} INFO - [2025-05-02T19:48:13.645+0000] {dagbag.py:540} INFO - Filling up the DagBag from /home/airflow/.local/lib/python3.12/site-packages/airflow/example_dags/example_nested_branch_dag.py
[2025-05-02T19:48:13.662+0000] {processor.py:840} INFO - DAG(s) 'example_nested_branch_dag' retrieved from /home/airflow/.local/lib/python3.12/site-packages/airflow/example_dags/example_nested_branch_dag.py
[2025-05-02T19:48:13.707+0000] {logging_mixin.py:188} INFO - [2025-05-02T19:48:13.707+0000] {dag.py:3096} INFO - Sync 1 DAGs
[2025-05-02T19:48:13.742+0000] {logging_mixin.py:188} INFO - [2025-05-02T19:48:13.741+0000] {dag.py:3954} INFO - Setting next_dagrun for example_nested_branch_dag to 2025-05-01 00:00:00+00:00, run_after=2025-05-02 00:00:00+00:00
[2025-05-02T19:48:13.921+0000] {processor.py:183} INFO - Processing /home/airflow/.local/lib/python3.12/site-packages/airflow/example_dags/example_nested_branch_dag.py took 0.289 seconds
[2025-05-02T19:48:51.496+0000] {processor.py:161} INFO - Started process (PID=2223) to work on /home/airflow/.local/lib/python3.12/site-packages/airflow/example_dags/example_nested_branch_dag.py
[2025-05-02T19:48:51.498+0000] {processor.py:830} INFO - Processing file /home/airflow/.local/lib/python3.12/site-packages/airflow/example_dags/example_nested_branch_dag.py for tasks to queue
[2025-05-02T19:48:51.501+0000] {logging_mixin.py:188} INFO - [2025-05-02T19:48:51.501+0000] {dagbag.py:540} INFO - Filling up the DagBag from /home/airflow/.local/lib/python3.12/site-packages/airflow/example_dags/example_nested_branch_dag.py
[2025-05-02T19:48:51.552+0000] {processor.py:840} INFO - DAG(s) 'example_nested_branch_dag' retrieved from /home/airflow/.local/lib/python3.12/site-packages/airflow/example_dags/example_nested_branch_dag.py
[2025-05-02T19:48:51.677+0000] {logging_mixin.py:188} INFO - [2025-05-02T19:48:51.676+0000] {dag.py:3096} INFO - Sync 1 DAGs
[2025-05-02T19:48:51.761+0000] {logging_mixin.py:188} INFO - [2025-05-02T19:48:51.760+0000] {dag.py:3954} INFO - Setting next_dagrun for example_nested_branch_dag to 2025-05-01 00:00:00+00:00, run_after=2025-05-02 00:00:00+00:00
[2025-05-02T19:48:51.871+0000] {processor.py:183} INFO - Processing /home/airflow/.local/lib/python3.12/site-packages/airflow/example_dags/example_nested_branch_dag.py took 0.395 seconds
[2025-05-02T19:49:24.704+0000] {processor.py:161} INFO - Started process (PID=2318) to work on /home/airflow/.local/lib/python3.12/site-packages/airflow/example_dags/example_nested_branch_dag.py
[2025-05-02T19:49:24.705+0000] {processor.py:830} INFO - Processing file /home/airflow/.local/lib/python3.12/site-packages/airflow/example_dags/example_nested_branch_dag.py for tasks to queue
[2025-05-02T19:49:24.708+0000] {logging_mixin.py:188} INFO - [2025-05-02T19:49:24.707+0000] {dagbag.py:540} INFO - Filling up the DagBag from /home/airflow/.local/lib/python3.12/site-packages/airflow/example_dags/example_nested_branch_dag.py
[2025-05-02T19:49:24.733+0000] {processor.py:840} INFO - DAG(s) 'example_nested_branch_dag' retrieved from /home/airflow/.local/lib/python3.12/site-packages/airflow/example_dags/example_nested_branch_dag.py
[2025-05-02T19:49:24.827+0000] {logging_mixin.py:188} INFO - [2025-05-02T19:49:24.826+0000] {dag.py:3096} INFO - Sync 1 DAGs
[2025-05-02T19:49:24.893+0000] {logging_mixin.py:188} INFO - [2025-05-02T19:49:24.893+0000] {dag.py:3954} INFO - Setting next_dagrun for example_nested_branch_dag to 2025-05-01 00:00:00+00:00, run_after=2025-05-02 00:00:00+00:00
[2025-05-02T19:49:25.000+0000] {processor.py:183} INFO - Processing /home/airflow/.local/lib/python3.12/site-packages/airflow/example_dags/example_nested_branch_dag.py took 0.307 seconds
[2025-05-02T19:50:01.492+0000] {processor.py:161} INFO - Started process (PID=2417) to work on /home/airflow/.local/lib/python3.12/site-packages/airflow/example_dags/example_nested_branch_dag.py
[2025-05-02T19:50:01.495+0000] {processor.py:830} INFO - Processing file /home/airflow/.local/lib/python3.12/site-packages/airflow/example_dags/example_nested_branch_dag.py for tasks to queue
[2025-05-02T19:50:01.498+0000] {logging_mixin.py:188} INFO - [2025-05-02T19:50:01.498+0000] {dagbag.py:540} INFO - Filling up the DagBag from /home/airflow/.local/lib/python3.12/site-packages/airflow/example_dags/example_nested_branch_dag.py
[2025-05-02T19:50:01.528+0000] {processor.py:840} INFO - DAG(s) 'example_nested_branch_dag' retrieved from /home/airflow/.local/lib/python3.12/site-packages/airflow/example_dags/example_nested_branch_dag.py
[2025-05-02T19:50:01.639+0000] {logging_mixin.py:188} INFO - [2025-05-02T19:50:01.639+0000] {dag.py:3096} INFO - Sync 1 DAGs
[2025-05-02T19:50:01.970+0000] {logging_mixin.py:188} INFO - [2025-05-02T19:50:01.969+0000] {dag.py:3954} INFO - Setting next_dagrun for example_nested_branch_dag to 2025-05-01 00:00:00+00:00, run_after=2025-05-02 00:00:00+00:00
[2025-05-02T19:50:02.023+0000] {processor.py:183} INFO - Processing /home/airflow/.local/lib/python3.12/site-packages/airflow/example_dags/example_nested_branch_dag.py took 0.555 seconds
[2025-05-02T19:50:34.517+0000] {processor.py:161} INFO - Started process (PID=2514) to work on /home/airflow/.local/lib/python3.12/site-packages/airflow/example_dags/example_nested_branch_dag.py
[2025-05-02T19:50:34.520+0000] {processor.py:830} INFO - Processing file /home/airflow/.local/lib/python3.12/site-packages/airflow/example_dags/example_nested_branch_dag.py for tasks to queue
[2025-05-02T19:50:34.528+0000] {logging_mixin.py:188} INFO - [2025-05-02T19:50:34.527+0000] {dagbag.py:540} INFO - Filling up the DagBag from /home/airflow/.local/lib/python3.12/site-packages/airflow/example_dags/example_nested_branch_dag.py
[2025-05-02T19:50:34.563+0000] {processor.py:840} INFO - DAG(s) 'example_nested_branch_dag' retrieved from /home/airflow/.local/lib/python3.12/site-packages/airflow/example_dags/example_nested_branch_dag.py
[2025-05-02T19:50:34.651+0000] {logging_mixin.py:188} INFO - [2025-05-02T19:50:34.650+0000] {dag.py:3096} INFO - Sync 1 DAGs
[2025-05-02T19:50:34.708+0000] {logging_mixin.py:188} INFO - [2025-05-02T19:50:34.707+0000] {dag.py:3954} INFO - Setting next_dagrun for example_nested_branch_dag to 2025-05-01 00:00:00+00:00, run_after=2025-05-02 00:00:00+00:00
[2025-05-02T19:50:34.796+0000] {processor.py:183} INFO - Processing /home/airflow/.local/lib/python3.12/site-packages/airflow/example_dags/example_nested_branch_dag.py took 0.318 seconds
[2025-05-02T19:51:11.591+0000] {processor.py:161} INFO - Started process (PID=2624) to work on /home/airflow/.local/lib/python3.12/site-packages/airflow/example_dags/example_nested_branch_dag.py
[2025-05-02T19:51:11.608+0000] {processor.py:830} INFO - Processing file /home/airflow/.local/lib/python3.12/site-packages/airflow/example_dags/example_nested_branch_dag.py for tasks to queue
[2025-05-02T19:51:11.614+0000] {logging_mixin.py:188} INFO - [2025-05-02T19:51:11.613+0000] {dagbag.py:540} INFO - Filling up the DagBag from /home/airflow/.local/lib/python3.12/site-packages/airflow/example_dags/example_nested_branch_dag.py
[2025-05-02T19:51:11.653+0000] {processor.py:840} INFO - DAG(s) 'example_nested_branch_dag' retrieved from /home/airflow/.local/lib/python3.12/site-packages/airflow/example_dags/example_nested_branch_dag.py
[2025-05-02T19:51:11.733+0000] {logging_mixin.py:188} INFO - [2025-05-02T19:51:11.731+0000] {dag.py:3096} INFO - Sync 1 DAGs
[2025-05-02T19:51:11.830+0000] {logging_mixin.py:188} INFO - [2025-05-02T19:51:11.829+0000] {dag.py:3954} INFO - Setting next_dagrun for example_nested_branch_dag to 2025-05-01 00:00:00+00:00, run_after=2025-05-02 00:00:00+00:00
[2025-05-02T19:51:11.898+0000] {processor.py:183} INFO - Processing /home/airflow/.local/lib/python3.12/site-packages/airflow/example_dags/example_nested_branch_dag.py took 0.326 seconds
[2025-05-02T19:51:48.209+0000] {processor.py:161} INFO - Started process (PID=2735) to work on /home/airflow/.local/lib/python3.12/site-packages/airflow/example_dags/example_nested_branch_dag.py
[2025-05-02T19:51:48.212+0000] {processor.py:830} INFO - Processing file /home/airflow/.local/lib/python3.12/site-packages/airflow/example_dags/example_nested_branch_dag.py for tasks to queue
[2025-05-02T19:51:48.215+0000] {logging_mixin.py:188} INFO - [2025-05-02T19:51:48.215+0000] {dagbag.py:540} INFO - Filling up the DagBag from /home/airflow/.local/lib/python3.12/site-packages/airflow/example_dags/example_nested_branch_dag.py
[2025-05-02T19:51:48.235+0000] {processor.py:840} INFO - DAG(s) 'example_nested_branch_dag' retrieved from /home/airflow/.local/lib/python3.12/site-packages/airflow/example_dags/example_nested_branch_dag.py
[2025-05-02T19:51:48.592+0000] {logging_mixin.py:188} INFO - [2025-05-02T19:51:48.591+0000] {dag.py:3096} INFO - Sync 1 DAGs
[2025-05-02T19:51:48.660+0000] {logging_mixin.py:188} INFO - [2025-05-02T19:51:48.659+0000] {dag.py:3954} INFO - Setting next_dagrun for example_nested_branch_dag to 2025-05-01 00:00:00+00:00, run_after=2025-05-02 00:00:00+00:00
[2025-05-02T19:51:48.728+0000] {processor.py:183} INFO - Processing /home/airflow/.local/lib/python3.12/site-packages/airflow/example_dags/example_nested_branch_dag.py took 0.532 seconds
[2025-05-02T19:52:19.210+0000] {processor.py:161} INFO - Started process (PID=2817) to work on /home/airflow/.local/lib/python3.12/site-packages/airflow/example_dags/example_nested_branch_dag.py
[2025-05-02T19:52:19.222+0000] {processor.py:830} INFO - Processing file /home/airflow/.local/lib/python3.12/site-packages/airflow/example_dags/example_nested_branch_dag.py for tasks to queue
[2025-05-02T19:52:19.226+0000] {logging_mixin.py:188} INFO - [2025-05-02T19:52:19.226+0000] {dagbag.py:540} INFO - Filling up the DagBag from /home/airflow/.local/lib/python3.12/site-packages/airflow/example_dags/example_nested_branch_dag.py
[2025-05-02T19:52:19.249+0000] {processor.py:840} INFO - DAG(s) 'example_nested_branch_dag' retrieved from /home/airflow/.local/lib/python3.12/site-packages/airflow/example_dags/example_nested_branch_dag.py
[2025-05-02T19:52:19.363+0000] {logging_mixin.py:188} INFO - [2025-05-02T19:52:19.363+0000] {dag.py:3096} INFO - Sync 1 DAGs
[2025-05-02T19:52:19.437+0000] {logging_mixin.py:188} INFO - [2025-05-02T19:52:19.437+0000] {dag.py:3954} INFO - Setting next_dagrun for example_nested_branch_dag to 2025-05-01 00:00:00+00:00, run_after=2025-05-02 00:00:00+00:00
[2025-05-02T19:52:19.517+0000] {processor.py:183} INFO - Processing /home/airflow/.local/lib/python3.12/site-packages/airflow/example_dags/example_nested_branch_dag.py took 0.328 seconds
[2025-05-02T19:52:49.716+0000] {processor.py:161} INFO - Started process (PID=2904) to work on /home/airflow/.local/lib/python3.12/site-packages/airflow/example_dags/example_nested_branch_dag.py
[2025-05-02T19:52:49.723+0000] {processor.py:830} INFO - Processing file /home/airflow/.local/lib/python3.12/site-packages/airflow/example_dags/example_nested_branch_dag.py for tasks to queue
[2025-05-02T19:52:49.734+0000] {logging_mixin.py:188} INFO - [2025-05-02T19:52:49.733+0000] {dagbag.py:540} INFO - Filling up the DagBag from /home/airflow/.local/lib/python3.12/site-packages/airflow/example_dags/example_nested_branch_dag.py
[2025-05-02T19:52:49.758+0000] {processor.py:840} INFO - DAG(s) 'example_nested_branch_dag' retrieved from /home/airflow/.local/lib/python3.12/site-packages/airflow/example_dags/example_nested_branch_dag.py
[2025-05-02T19:52:49.815+0000] {logging_mixin.py:188} INFO - [2025-05-02T19:52:49.812+0000] {dag.py:3096} INFO - Sync 1 DAGs
[2025-05-02T19:52:49.880+0000] {logging_mixin.py:188} INFO - [2025-05-02T19:52:49.879+0000] {dag.py:3954} INFO - Setting next_dagrun for example_nested_branch_dag to 2025-05-01 00:00:00+00:00, run_after=2025-05-02 00:00:00+00:00
[2025-05-02T19:52:49.941+0000] {processor.py:183} INFO - Processing /home/airflow/.local/lib/python3.12/site-packages/airflow/example_dags/example_nested_branch_dag.py took 0.237 seconds
[2025-05-02T19:53:22.923+0000] {processor.py:161} INFO - Started process (PID=3020) to work on /home/airflow/.local/lib/python3.12/site-packages/airflow/example_dags/example_nested_branch_dag.py
[2025-05-02T19:53:22.938+0000] {processor.py:830} INFO - Processing file /home/airflow/.local/lib/python3.12/site-packages/airflow/example_dags/example_nested_branch_dag.py for tasks to queue
[2025-05-02T19:53:22.943+0000] {logging_mixin.py:188} INFO - [2025-05-02T19:53:22.942+0000] {dagbag.py:540} INFO - Filling up the DagBag from /home/airflow/.local/lib/python3.12/site-packages/airflow/example_dags/example_nested_branch_dag.py
[2025-05-02T19:53:22.979+0000] {processor.py:840} INFO - DAG(s) 'example_nested_branch_dag' retrieved from /home/airflow/.local/lib/python3.12/site-packages/airflow/example_dags/example_nested_branch_dag.py
[2025-05-02T19:53:23.143+0000] {logging_mixin.py:188} INFO - [2025-05-02T19:53:23.142+0000] {dag.py:3096} INFO - Sync 1 DAGs
[2025-05-02T19:53:23.199+0000] {logging_mixin.py:188} INFO - [2025-05-02T19:53:23.198+0000] {dag.py:3954} INFO - Setting next_dagrun for example_nested_branch_dag to 2025-05-01 00:00:00+00:00, run_after=2025-05-02 00:00:00+00:00
[2025-05-02T19:53:23.318+0000] {processor.py:183} INFO - Processing /home/airflow/.local/lib/python3.12/site-packages/airflow/example_dags/example_nested_branch_dag.py took 0.408 seconds
[2025-05-02T19:53:57.466+0000] {processor.py:161} INFO - Started process (PID=3126) to work on /home/airflow/.local/lib/python3.12/site-packages/airflow/example_dags/example_nested_branch_dag.py
[2025-05-02T19:53:57.467+0000] {processor.py:830} INFO - Processing file /home/airflow/.local/lib/python3.12/site-packages/airflow/example_dags/example_nested_branch_dag.py for tasks to queue
[2025-05-02T19:53:57.482+0000] {logging_mixin.py:188} INFO - [2025-05-02T19:53:57.482+0000] {dagbag.py:540} INFO - Filling up the DagBag from /home/airflow/.local/lib/python3.12/site-packages/airflow/example_dags/example_nested_branch_dag.py
[2025-05-02T19:53:57.527+0000] {processor.py:840} INFO - DAG(s) 'example_nested_branch_dag' retrieved from /home/airflow/.local/lib/python3.12/site-packages/airflow/example_dags/example_nested_branch_dag.py
[2025-05-02T19:53:57.599+0000] {logging_mixin.py:188} INFO - [2025-05-02T19:53:57.599+0000] {dag.py:3096} INFO - Sync 1 DAGs
[2025-05-02T19:53:57.650+0000] {logging_mixin.py:188} INFO - [2025-05-02T19:53:57.650+0000] {dag.py:3954} INFO - Setting next_dagrun for example_nested_branch_dag to 2025-05-01 00:00:00+00:00, run_after=2025-05-02 00:00:00+00:00
[2025-05-02T19:53:57.696+0000] {processor.py:183} INFO - Processing /home/airflow/.local/lib/python3.12/site-packages/airflow/example_dags/example_nested_branch_dag.py took 0.248 seconds
[2025-05-02T19:54:31.844+0000] {processor.py:161} INFO - Started process (PID=3230) to work on /home/airflow/.local/lib/python3.12/site-packages/airflow/example_dags/example_nested_branch_dag.py
[2025-05-02T19:54:31.848+0000] {processor.py:830} INFO - Processing file /home/airflow/.local/lib/python3.12/site-packages/airflow/example_dags/example_nested_branch_dag.py for tasks to queue
[2025-05-02T19:54:31.856+0000] {logging_mixin.py:188} INFO - [2025-05-02T19:54:31.855+0000] {dagbag.py:540} INFO - Filling up the DagBag from /home/airflow/.local/lib/python3.12/site-packages/airflow/example_dags/example_nested_branch_dag.py
[2025-05-02T19:54:31.902+0000] {processor.py:840} INFO - DAG(s) 'example_nested_branch_dag' retrieved from /home/airflow/.local/lib/python3.12/site-packages/airflow/example_dags/example_nested_branch_dag.py
[2025-05-02T19:54:31.967+0000] {logging_mixin.py:188} INFO - [2025-05-02T19:54:31.966+0000] {dag.py:3096} INFO - Sync 1 DAGs
[2025-05-02T19:54:32.020+0000] {logging_mixin.py:188} INFO - [2025-05-02T19:54:32.020+0000] {dag.py:3954} INFO - Setting next_dagrun for example_nested_branch_dag to 2025-05-01 00:00:00+00:00, run_after=2025-05-02 00:00:00+00:00
[2025-05-02T19:54:32.052+0000] {processor.py:183} INFO - Processing /home/airflow/.local/lib/python3.12/site-packages/airflow/example_dags/example_nested_branch_dag.py took 0.229 seconds
[2025-05-02T19:55:06.564+0000] {processor.py:161} INFO - Started process (PID=3327) to work on /home/airflow/.local/lib/python3.12/site-packages/airflow/example_dags/example_nested_branch_dag.py
[2025-05-02T19:55:06.576+0000] {processor.py:830} INFO - Processing file /home/airflow/.local/lib/python3.12/site-packages/airflow/example_dags/example_nested_branch_dag.py for tasks to queue
[2025-05-02T19:55:06.592+0000] {logging_mixin.py:188} INFO - [2025-05-02T19:55:06.591+0000] {dagbag.py:540} INFO - Filling up the DagBag from /home/airflow/.local/lib/python3.12/site-packages/airflow/example_dags/example_nested_branch_dag.py
[2025-05-02T19:55:06.668+0000] {processor.py:840} INFO - DAG(s) 'example_nested_branch_dag' retrieved from /home/airflow/.local/lib/python3.12/site-packages/airflow/example_dags/example_nested_branch_dag.py
[2025-05-02T19:55:06.913+0000] {logging_mixin.py:188} INFO - [2025-05-02T19:55:06.912+0000] {dag.py:3096} INFO - Sync 1 DAGs
[2025-05-02T19:55:06.967+0000] {logging_mixin.py:188} INFO - [2025-05-02T19:55:06.966+0000] {dag.py:3954} INFO - Setting next_dagrun for example_nested_branch_dag to 2025-05-01 00:00:00+00:00, run_after=2025-05-02 00:00:00+00:00
[2025-05-02T19:55:07.048+0000] {processor.py:183} INFO - Processing /home/airflow/.local/lib/python3.12/site-packages/airflow/example_dags/example_nested_branch_dag.py took 0.524 seconds
[2025-05-02T19:55:41.241+0000] {processor.py:161} INFO - Started process (PID=3431) to work on /home/airflow/.local/lib/python3.12/site-packages/airflow/example_dags/example_nested_branch_dag.py
[2025-05-02T19:55:41.245+0000] {processor.py:830} INFO - Processing file /home/airflow/.local/lib/python3.12/site-packages/airflow/example_dags/example_nested_branch_dag.py for tasks to queue
[2025-05-02T19:55:41.249+0000] {logging_mixin.py:188} INFO - [2025-05-02T19:55:41.248+0000] {dagbag.py:540} INFO - Filling up the DagBag from /home/airflow/.local/lib/python3.12/site-packages/airflow/example_dags/example_nested_branch_dag.py
[2025-05-02T19:55:41.287+0000] {processor.py:840} INFO - DAG(s) 'example_nested_branch_dag' retrieved from /home/airflow/.local/lib/python3.12/site-packages/airflow/example_dags/example_nested_branch_dag.py
[2025-05-02T19:55:41.374+0000] {logging_mixin.py:188} INFO - [2025-05-02T19:55:41.374+0000] {dag.py:3096} INFO - Sync 1 DAGs
[2025-05-02T19:55:41.449+0000] {logging_mixin.py:188} INFO - [2025-05-02T19:55:41.448+0000] {dag.py:3954} INFO - Setting next_dagrun for example_nested_branch_dag to 2025-05-01 00:00:00+00:00, run_after=2025-05-02 00:00:00+00:00
[2025-05-02T19:55:41.539+0000] {processor.py:183} INFO - Processing /home/airflow/.local/lib/python3.12/site-packages/airflow/example_dags/example_nested_branch_dag.py took 0.312 seconds
[2025-05-02T19:56:15.091+0000] {processor.py:161} INFO - Started process (PID=3538) to work on /home/airflow/.local/lib/python3.12/site-packages/airflow/example_dags/example_nested_branch_dag.py
[2025-05-02T19:56:15.093+0000] {processor.py:830} INFO - Processing file /home/airflow/.local/lib/python3.12/site-packages/airflow/example_dags/example_nested_branch_dag.py for tasks to queue
[2025-05-02T19:56:15.097+0000] {logging_mixin.py:188} INFO - [2025-05-02T19:56:15.096+0000] {dagbag.py:540} INFO - Filling up the DagBag from /home/airflow/.local/lib/python3.12/site-packages/airflow/example_dags/example_nested_branch_dag.py
[2025-05-02T19:56:15.120+0000] {processor.py:840} INFO - DAG(s) 'example_nested_branch_dag' retrieved from /home/airflow/.local/lib/python3.12/site-packages/airflow/example_dags/example_nested_branch_dag.py
[2025-05-02T19:56:15.153+0000] {logging_mixin.py:188} INFO - [2025-05-02T19:56:15.153+0000] {dag.py:3096} INFO - Sync 1 DAGs
[2025-05-02T19:56:15.195+0000] {logging_mixin.py:188} INFO - [2025-05-02T19:56:15.194+0000] {dag.py:3954} INFO - Setting next_dagrun for example_nested_branch_dag to 2025-05-01 00:00:00+00:00, run_after=2025-05-02 00:00:00+00:00
[2025-05-02T19:56:15.245+0000] {processor.py:183} INFO - Processing /home/airflow/.local/lib/python3.12/site-packages/airflow/example_dags/example_nested_branch_dag.py took 0.166 seconds
[2025-05-02T19:56:51.071+0000] {processor.py:161} INFO - Started process (PID=3647) to work on /home/airflow/.local/lib/python3.12/site-packages/airflow/example_dags/example_nested_branch_dag.py
[2025-05-02T19:56:51.073+0000] {processor.py:830} INFO - Processing file /home/airflow/.local/lib/python3.12/site-packages/airflow/example_dags/example_nested_branch_dag.py for tasks to queue
[2025-05-02T19:56:51.080+0000] {logging_mixin.py:188} INFO - [2025-05-02T19:56:51.079+0000] {dagbag.py:540} INFO - Filling up the DagBag from /home/airflow/.local/lib/python3.12/site-packages/airflow/example_dags/example_nested_branch_dag.py
[2025-05-02T19:56:51.119+0000] {processor.py:840} INFO - DAG(s) 'example_nested_branch_dag' retrieved from /home/airflow/.local/lib/python3.12/site-packages/airflow/example_dags/example_nested_branch_dag.py
[2025-05-02T19:56:51.279+0000] {logging_mixin.py:188} INFO - [2025-05-02T19:56:51.279+0000] {dag.py:3096} INFO - Sync 1 DAGs
[2025-05-02T19:56:51.412+0000] {logging_mixin.py:188} INFO - [2025-05-02T19:56:51.412+0000] {dag.py:3954} INFO - Setting next_dagrun for example_nested_branch_dag to 2025-05-01 00:00:00+00:00, run_after=2025-05-02 00:00:00+00:00
[2025-05-02T19:56:51.514+0000] {processor.py:183} INFO - Processing /home/airflow/.local/lib/python3.12/site-packages/airflow/example_dags/example_nested_branch_dag.py took 0.465 seconds
[2025-05-02T19:57:25.069+0000] {processor.py:161} INFO - Started process (PID=3752) to work on /home/airflow/.local/lib/python3.12/site-packages/airflow/example_dags/example_nested_branch_dag.py
[2025-05-02T19:57:25.070+0000] {processor.py:830} INFO - Processing file /home/airflow/.local/lib/python3.12/site-packages/airflow/example_dags/example_nested_branch_dag.py for tasks to queue
[2025-05-02T19:57:25.074+0000] {logging_mixin.py:188} INFO - [2025-05-02T19:57:25.073+0000] {dagbag.py:540} INFO - Filling up the DagBag from /home/airflow/.local/lib/python3.12/site-packages/airflow/example_dags/example_nested_branch_dag.py
[2025-05-02T19:57:25.118+0000] {processor.py:840} INFO - DAG(s) 'example_nested_branch_dag' retrieved from /home/airflow/.local/lib/python3.12/site-packages/airflow/example_dags/example_nested_branch_dag.py
[2025-05-02T19:57:25.237+0000] {logging_mixin.py:188} INFO - [2025-05-02T19:57:25.237+0000] {dag.py:3096} INFO - Sync 1 DAGs
[2025-05-02T19:57:25.298+0000] {logging_mixin.py:188} INFO - [2025-05-02T19:57:25.298+0000] {dag.py:3954} INFO - Setting next_dagrun for example_nested_branch_dag to 2025-05-01 00:00:00+00:00, run_after=2025-05-02 00:00:00+00:00
[2025-05-02T19:57:25.406+0000] {processor.py:183} INFO - Processing /home/airflow/.local/lib/python3.12/site-packages/airflow/example_dags/example_nested_branch_dag.py took 0.355 seconds
[2025-05-02T19:57:59.838+0000] {processor.py:161} INFO - Started process (PID=3863) to work on /home/airflow/.local/lib/python3.12/site-packages/airflow/example_dags/example_nested_branch_dag.py
[2025-05-02T19:57:59.840+0000] {processor.py:830} INFO - Processing file /home/airflow/.local/lib/python3.12/site-packages/airflow/example_dags/example_nested_branch_dag.py for tasks to queue
[2025-05-02T19:57:59.843+0000] {logging_mixin.py:188} INFO - [2025-05-02T19:57:59.843+0000] {dagbag.py:540} INFO - Filling up the DagBag from /home/airflow/.local/lib/python3.12/site-packages/airflow/example_dags/example_nested_branch_dag.py
[2025-05-02T19:57:59.881+0000] {processor.py:840} INFO - DAG(s) 'example_nested_branch_dag' retrieved from /home/airflow/.local/lib/python3.12/site-packages/airflow/example_dags/example_nested_branch_dag.py
[2025-05-02T19:57:59.997+0000] {logging_mixin.py:188} INFO - [2025-05-02T19:57:59.997+0000] {dag.py:3096} INFO - Sync 1 DAGs
[2025-05-02T19:58:00.059+0000] {logging_mixin.py:188} INFO - [2025-05-02T19:58:00.058+0000] {dag.py:3954} INFO - Setting next_dagrun for example_nested_branch_dag to 2025-05-01 00:00:00+00:00, run_after=2025-05-02 00:00:00+00:00
[2025-05-02T19:58:00.188+0000] {processor.py:183} INFO - Processing /home/airflow/.local/lib/python3.12/site-packages/airflow/example_dags/example_nested_branch_dag.py took 0.379 seconds
