[2025-05-02T19:33:07.096+0000] {processor.py:161} INFO - Started process (PID=78) to work on /home/airflow/.local/lib/python3.12/site-packages/airflow/example_dags/example_branch_day_of_week_operator.py
[2025-05-02T19:33:07.097+0000] {processor.py:830} INFO - Processing file /home/airflow/.local/lib/python3.12/site-packages/airflow/example_dags/example_branch_day_of_week_operator.py for tasks to queue
[2025-05-02T19:33:07.100+0000] {logging_mixin.py:188} INFO - [2025-05-02T19:33:07.099+0000] {dagbag.py:540} INFO - Filling up the DagBag from /home/airflow/.local/lib/python3.12/site-packages/airflow/example_dags/example_branch_day_of_week_operator.py
[2025-05-02T19:33:07.117+0000] {processor.py:840} INFO - DAG(s) 'example_weekday_branch_operator' retrieved from /home/airflow/.local/lib/python3.12/site-packages/airflow/example_dags/example_branch_day_of_week_operator.py
[2025-05-02T19:33:07.137+0000] {logging_mixin.py:188} INFO - [2025-05-02T19:33:07.136+0000] {dag.py:3096} INFO - Sync 1 DAGs
[2025-05-02T19:33:07.179+0000] {logging_mixin.py:188} INFO - [2025-05-02T19:33:07.179+0000] {dag.py:3954} INFO - Setting next_dagrun for example_weekday_branch_operator to 2025-05-01 00:00:00+00:00, run_after=2025-05-02 00:00:00+00:00
[2025-05-02T19:33:07.205+0000] {processor.py:183} INFO - Processing /home/airflow/.local/lib/python3.12/site-packages/airflow/example_dags/example_branch_day_of_week_operator.py took 0.123 seconds
[2025-05-02T19:33:37.504+0000] {processor.py:161} INFO - Started process (PID=130) to work on /home/airflow/.local/lib/python3.12/site-packages/airflow/example_dags/example_branch_day_of_week_operator.py
[2025-05-02T19:33:37.505+0000] {processor.py:830} INFO - Processing file /home/airflow/.local/lib/python3.12/site-packages/airflow/example_dags/example_branch_day_of_week_operator.py for tasks to queue
[2025-05-02T19:33:37.506+0000] {logging_mixin.py:188} INFO - [2025-05-02T19:33:37.506+0000] {dagbag.py:540} INFO - Filling up the DagBag from /home/airflow/.local/lib/python3.12/site-packages/airflow/example_dags/example_branch_day_of_week_operator.py
[2025-05-02T19:33:37.511+0000] {processor.py:840} INFO - DAG(s) 'example_weekday_branch_operator' retrieved from /home/airflow/.local/lib/python3.12/site-packages/airflow/example_dags/example_branch_day_of_week_operator.py
[2025-05-02T19:33:37.595+0000] {logging_mixin.py:188} INFO - [2025-05-02T19:33:37.594+0000] {dag.py:3096} INFO - Sync 1 DAGs
[2025-05-02T19:33:37.610+0000] {logging_mixin.py:188} INFO - [2025-05-02T19:33:37.610+0000] {dag.py:3954} INFO - Setting next_dagrun for example_weekday_branch_operator to 2025-05-01 00:00:00+00:00, run_after=2025-05-02 00:00:00+00:00
[2025-05-02T19:33:37.625+0000] {processor.py:183} INFO - Processing /home/airflow/.local/lib/python3.12/site-packages/airflow/example_dags/example_branch_day_of_week_operator.py took 0.125 seconds
[2025-05-02T19:34:07.773+0000] {processor.py:161} INFO - Started process (PID=188) to work on /home/airflow/.local/lib/python3.12/site-packages/airflow/example_dags/example_branch_day_of_week_operator.py
[2025-05-02T19:34:07.774+0000] {processor.py:830} INFO - Processing file /home/airflow/.local/lib/python3.12/site-packages/airflow/example_dags/example_branch_day_of_week_operator.py for tasks to queue
[2025-05-02T19:34:07.776+0000] {logging_mixin.py:188} INFO - [2025-05-02T19:34:07.776+0000] {dagbag.py:540} INFO - Filling up the DagBag from /home/airflow/.local/lib/python3.12/site-packages/airflow/example_dags/example_branch_day_of_week_operator.py
[2025-05-02T19:34:07.783+0000] {processor.py:840} INFO - DAG(s) 'example_weekday_branch_operator' retrieved from /home/airflow/.local/lib/python3.12/site-packages/airflow/example_dags/example_branch_day_of_week_operator.py
[2025-05-02T19:34:07.801+0000] {logging_mixin.py:188} INFO - [2025-05-02T19:34:07.801+0000] {dag.py:3096} INFO - Sync 1 DAGs
[2025-05-02T19:34:07.823+0000] {logging_mixin.py:188} INFO - [2025-05-02T19:34:07.823+0000] {dag.py:3954} INFO - Setting next_dagrun for example_weekday_branch_operator to 2025-05-01 00:00:00+00:00, run_after=2025-05-02 00:00:00+00:00
[2025-05-02T19:34:07.839+0000] {processor.py:183} INFO - Processing /home/airflow/.local/lib/python3.12/site-packages/airflow/example_dags/example_branch_day_of_week_operator.py took 0.071 seconds
[2025-05-02T19:34:39.213+0000] {processor.py:161} INFO - Started process (PID=246) to work on /home/airflow/.local/lib/python3.12/site-packages/airflow/example_dags/example_branch_day_of_week_operator.py
[2025-05-02T19:34:39.214+0000] {processor.py:830} INFO - Processing file /home/airflow/.local/lib/python3.12/site-packages/airflow/example_dags/example_branch_day_of_week_operator.py for tasks to queue
[2025-05-02T19:34:39.215+0000] {logging_mixin.py:188} INFO - [2025-05-02T19:34:39.215+0000] {dagbag.py:540} INFO - Filling up the DagBag from /home/airflow/.local/lib/python3.12/site-packages/airflow/example_dags/example_branch_day_of_week_operator.py
[2025-05-02T19:34:39.223+0000] {processor.py:840} INFO - DAG(s) 'example_weekday_branch_operator' retrieved from /home/airflow/.local/lib/python3.12/site-packages/airflow/example_dags/example_branch_day_of_week_operator.py
[2025-05-02T19:34:39.243+0000] {logging_mixin.py:188} INFO - [2025-05-02T19:34:39.243+0000] {dag.py:3096} INFO - Sync 1 DAGs
[2025-05-02T19:34:39.264+0000] {logging_mixin.py:188} INFO - [2025-05-02T19:34:39.263+0000] {dag.py:3954} INFO - Setting next_dagrun for example_weekday_branch_operator to 2025-05-01 00:00:00+00:00, run_after=2025-05-02 00:00:00+00:00
[2025-05-02T19:34:39.281+0000] {processor.py:183} INFO - Processing /home/airflow/.local/lib/python3.12/site-packages/airflow/example_dags/example_branch_day_of_week_operator.py took 0.074 seconds
[2025-05-02T19:35:09.877+0000] {processor.py:161} INFO - Started process (PID=304) to work on /home/airflow/.local/lib/python3.12/site-packages/airflow/example_dags/example_branch_day_of_week_operator.py
[2025-05-02T19:35:09.878+0000] {processor.py:830} INFO - Processing file /home/airflow/.local/lib/python3.12/site-packages/airflow/example_dags/example_branch_day_of_week_operator.py for tasks to queue
[2025-05-02T19:35:09.879+0000] {logging_mixin.py:188} INFO - [2025-05-02T19:35:09.879+0000] {dagbag.py:540} INFO - Filling up the DagBag from /home/airflow/.local/lib/python3.12/site-packages/airflow/example_dags/example_branch_day_of_week_operator.py
[2025-05-02T19:35:09.885+0000] {processor.py:840} INFO - DAG(s) 'example_weekday_branch_operator' retrieved from /home/airflow/.local/lib/python3.12/site-packages/airflow/example_dags/example_branch_day_of_week_operator.py
[2025-05-02T19:35:09.902+0000] {logging_mixin.py:188} INFO - [2025-05-02T19:35:09.902+0000] {dag.py:3096} INFO - Sync 1 DAGs
[2025-05-02T19:35:09.924+0000] {logging_mixin.py:188} INFO - [2025-05-02T19:35:09.923+0000] {dag.py:3954} INFO - Setting next_dagrun for example_weekday_branch_operator to 2025-05-01 00:00:00+00:00, run_after=2025-05-02 00:00:00+00:00
[2025-05-02T19:35:09.939+0000] {processor.py:183} INFO - Processing /home/airflow/.local/lib/python3.12/site-packages/airflow/example_dags/example_branch_day_of_week_operator.py took 0.067 seconds
[2025-05-02T19:35:40.263+0000] {processor.py:161} INFO - Started process (PID=362) to work on /home/airflow/.local/lib/python3.12/site-packages/airflow/example_dags/example_branch_day_of_week_operator.py
[2025-05-02T19:35:40.264+0000] {processor.py:830} INFO - Processing file /home/airflow/.local/lib/python3.12/site-packages/airflow/example_dags/example_branch_day_of_week_operator.py for tasks to queue
[2025-05-02T19:35:40.266+0000] {logging_mixin.py:188} INFO - [2025-05-02T19:35:40.266+0000] {dagbag.py:540} INFO - Filling up the DagBag from /home/airflow/.local/lib/python3.12/site-packages/airflow/example_dags/example_branch_day_of_week_operator.py
[2025-05-02T19:35:40.272+0000] {processor.py:840} INFO - DAG(s) 'example_weekday_branch_operator' retrieved from /home/airflow/.local/lib/python3.12/site-packages/airflow/example_dags/example_branch_day_of_week_operator.py
[2025-05-02T19:35:40.291+0000] {logging_mixin.py:188} INFO - [2025-05-02T19:35:40.291+0000] {dag.py:3096} INFO - Sync 1 DAGs
[2025-05-02T19:35:40.314+0000] {logging_mixin.py:188} INFO - [2025-05-02T19:35:40.314+0000] {dag.py:3954} INFO - Setting next_dagrun for example_weekday_branch_operator to 2025-05-01 00:00:00+00:00, run_after=2025-05-02 00:00:00+00:00
[2025-05-02T19:35:40.332+0000] {processor.py:183} INFO - Processing /home/airflow/.local/lib/python3.12/site-packages/airflow/example_dags/example_branch_day_of_week_operator.py took 0.075 seconds
[2025-05-02T19:36:10.759+0000] {processor.py:161} INFO - Started process (PID=420) to work on /home/airflow/.local/lib/python3.12/site-packages/airflow/example_dags/example_branch_day_of_week_operator.py
[2025-05-02T19:36:10.761+0000] {processor.py:830} INFO - Processing file /home/airflow/.local/lib/python3.12/site-packages/airflow/example_dags/example_branch_day_of_week_operator.py for tasks to queue
[2025-05-02T19:36:10.762+0000] {logging_mixin.py:188} INFO - [2025-05-02T19:36:10.762+0000] {dagbag.py:540} INFO - Filling up the DagBag from /home/airflow/.local/lib/python3.12/site-packages/airflow/example_dags/example_branch_day_of_week_operator.py
[2025-05-02T19:36:10.769+0000] {processor.py:840} INFO - DAG(s) 'example_weekday_branch_operator' retrieved from /home/airflow/.local/lib/python3.12/site-packages/airflow/example_dags/example_branch_day_of_week_operator.py
[2025-05-02T19:36:10.790+0000] {logging_mixin.py:188} INFO - [2025-05-02T19:36:10.789+0000] {dag.py:3096} INFO - Sync 1 DAGs
[2025-05-02T19:36:10.807+0000] {logging_mixin.py:188} INFO - [2025-05-02T19:36:10.807+0000] {dag.py:3954} INFO - Setting next_dagrun for example_weekday_branch_operator to 2025-05-01 00:00:00+00:00, run_after=2025-05-02 00:00:00+00:00
[2025-05-02T19:36:10.822+0000] {processor.py:183} INFO - Processing /home/airflow/.local/lib/python3.12/site-packages/airflow/example_dags/example_branch_day_of_week_operator.py took 0.067 seconds
[2025-05-02T19:36:41.265+0000] {processor.py:161} INFO - Started process (PID=478) to work on /home/airflow/.local/lib/python3.12/site-packages/airflow/example_dags/example_branch_day_of_week_operator.py
[2025-05-02T19:36:41.266+0000] {processor.py:830} INFO - Processing file /home/airflow/.local/lib/python3.12/site-packages/airflow/example_dags/example_branch_day_of_week_operator.py for tasks to queue
[2025-05-02T19:36:41.268+0000] {logging_mixin.py:188} INFO - [2025-05-02T19:36:41.267+0000] {dagbag.py:540} INFO - Filling up the DagBag from /home/airflow/.local/lib/python3.12/site-packages/airflow/example_dags/example_branch_day_of_week_operator.py
[2025-05-02T19:36:41.275+0000] {processor.py:840} INFO - DAG(s) 'example_weekday_branch_operator' retrieved from /home/airflow/.local/lib/python3.12/site-packages/airflow/example_dags/example_branch_day_of_week_operator.py
[2025-05-02T19:36:41.296+0000] {logging_mixin.py:188} INFO - [2025-05-02T19:36:41.296+0000] {dag.py:3096} INFO - Sync 1 DAGs
[2025-05-02T19:36:41.321+0000] {logging_mixin.py:188} INFO - [2025-05-02T19:36:41.321+0000] {dag.py:3954} INFO - Setting next_dagrun for example_weekday_branch_operator to 2025-05-01 00:00:00+00:00, run_after=2025-05-02 00:00:00+00:00
[2025-05-02T19:36:41.351+0000] {processor.py:183} INFO - Processing /home/airflow/.local/lib/python3.12/site-packages/airflow/example_dags/example_branch_day_of_week_operator.py took 0.092 seconds
[2025-05-02T19:37:11.515+0000] {processor.py:161} INFO - Started process (PID=536) to work on /home/airflow/.local/lib/python3.12/site-packages/airflow/example_dags/example_branch_day_of_week_operator.py
[2025-05-02T19:37:11.516+0000] {processor.py:830} INFO - Processing file /home/airflow/.local/lib/python3.12/site-packages/airflow/example_dags/example_branch_day_of_week_operator.py for tasks to queue
[2025-05-02T19:37:11.518+0000] {logging_mixin.py:188} INFO - [2025-05-02T19:37:11.518+0000] {dagbag.py:540} INFO - Filling up the DagBag from /home/airflow/.local/lib/python3.12/site-packages/airflow/example_dags/example_branch_day_of_week_operator.py
[2025-05-02T19:37:11.524+0000] {processor.py:840} INFO - DAG(s) 'example_weekday_branch_operator' retrieved from /home/airflow/.local/lib/python3.12/site-packages/airflow/example_dags/example_branch_day_of_week_operator.py
[2025-05-02T19:37:11.541+0000] {logging_mixin.py:188} INFO - [2025-05-02T19:37:11.541+0000] {dag.py:3096} INFO - Sync 1 DAGs
[2025-05-02T19:37:11.558+0000] {logging_mixin.py:188} INFO - [2025-05-02T19:37:11.558+0000] {dag.py:3954} INFO - Setting next_dagrun for example_weekday_branch_operator to 2025-05-01 00:00:00+00:00, run_after=2025-05-02 00:00:00+00:00
[2025-05-02T19:37:11.577+0000] {processor.py:183} INFO - Processing /home/airflow/.local/lib/python3.12/site-packages/airflow/example_dags/example_branch_day_of_week_operator.py took 0.067 seconds
[2025-05-02T19:37:42.098+0000] {processor.py:161} INFO - Started process (PID=594) to work on /home/airflow/.local/lib/python3.12/site-packages/airflow/example_dags/example_branch_day_of_week_operator.py
[2025-05-02T19:37:42.099+0000] {processor.py:830} INFO - Processing file /home/airflow/.local/lib/python3.12/site-packages/airflow/example_dags/example_branch_day_of_week_operator.py for tasks to queue
[2025-05-02T19:37:42.101+0000] {logging_mixin.py:188} INFO - [2025-05-02T19:37:42.101+0000] {dagbag.py:540} INFO - Filling up the DagBag from /home/airflow/.local/lib/python3.12/site-packages/airflow/example_dags/example_branch_day_of_week_operator.py
[2025-05-02T19:37:42.109+0000] {processor.py:840} INFO - DAG(s) 'example_weekday_branch_operator' retrieved from /home/airflow/.local/lib/python3.12/site-packages/airflow/example_dags/example_branch_day_of_week_operator.py
[2025-05-02T19:37:42.130+0000] {logging_mixin.py:188} INFO - [2025-05-02T19:37:42.130+0000] {dag.py:3096} INFO - Sync 1 DAGs
[2025-05-02T19:37:42.150+0000] {logging_mixin.py:188} INFO - [2025-05-02T19:37:42.149+0000] {dag.py:3954} INFO - Setting next_dagrun for example_weekday_branch_operator to 2025-05-01 00:00:00+00:00, run_after=2025-05-02 00:00:00+00:00
[2025-05-02T19:37:42.165+0000] {processor.py:183} INFO - Processing /home/airflow/.local/lib/python3.12/site-packages/airflow/example_dags/example_branch_day_of_week_operator.py took 0.073 seconds
[2025-05-02T19:38:12.378+0000] {processor.py:161} INFO - Started process (PID=652) to work on /home/airflow/.local/lib/python3.12/site-packages/airflow/example_dags/example_branch_day_of_week_operator.py
[2025-05-02T19:38:12.379+0000] {processor.py:830} INFO - Processing file /home/airflow/.local/lib/python3.12/site-packages/airflow/example_dags/example_branch_day_of_week_operator.py for tasks to queue
[2025-05-02T19:38:12.381+0000] {logging_mixin.py:188} INFO - [2025-05-02T19:38:12.381+0000] {dagbag.py:540} INFO - Filling up the DagBag from /home/airflow/.local/lib/python3.12/site-packages/airflow/example_dags/example_branch_day_of_week_operator.py
[2025-05-02T19:38:12.388+0000] {processor.py:840} INFO - DAG(s) 'example_weekday_branch_operator' retrieved from /home/airflow/.local/lib/python3.12/site-packages/airflow/example_dags/example_branch_day_of_week_operator.py
[2025-05-02T19:38:12.409+0000] {logging_mixin.py:188} INFO - [2025-05-02T19:38:12.408+0000] {dag.py:3096} INFO - Sync 1 DAGs
[2025-05-02T19:38:12.426+0000] {logging_mixin.py:188} INFO - [2025-05-02T19:38:12.426+0000] {dag.py:3954} INFO - Setting next_dagrun for example_weekday_branch_operator to 2025-05-01 00:00:00+00:00, run_after=2025-05-02 00:00:00+00:00
[2025-05-02T19:38:12.442+0000] {processor.py:183} INFO - Processing /home/airflow/.local/lib/python3.12/site-packages/airflow/example_dags/example_branch_day_of_week_operator.py took 0.070 seconds
[2025-05-02T19:38:44.870+0000] {processor.py:161} INFO - Started process (PID=710) to work on /home/airflow/.local/lib/python3.12/site-packages/airflow/example_dags/example_branch_day_of_week_operator.py
[2025-05-02T19:38:44.871+0000] {processor.py:830} INFO - Processing file /home/airflow/.local/lib/python3.12/site-packages/airflow/example_dags/example_branch_day_of_week_operator.py for tasks to queue
[2025-05-02T19:38:44.872+0000] {logging_mixin.py:188} INFO - [2025-05-02T19:38:44.872+0000] {dagbag.py:540} INFO - Filling up the DagBag from /home/airflow/.local/lib/python3.12/site-packages/airflow/example_dags/example_branch_day_of_week_operator.py
[2025-05-02T19:38:44.877+0000] {processor.py:840} INFO - DAG(s) 'example_weekday_branch_operator' retrieved from /home/airflow/.local/lib/python3.12/site-packages/airflow/example_dags/example_branch_day_of_week_operator.py
[2025-05-02T19:38:44.894+0000] {logging_mixin.py:188} INFO - [2025-05-02T19:38:44.894+0000] {dag.py:3096} INFO - Sync 1 DAGs
[2025-05-02T19:38:44.912+0000] {logging_mixin.py:188} INFO - [2025-05-02T19:38:44.912+0000] {dag.py:3954} INFO - Setting next_dagrun for example_weekday_branch_operator to 2025-05-01 00:00:00+00:00, run_after=2025-05-02 00:00:00+00:00
[2025-05-02T19:38:44.927+0000] {processor.py:183} INFO - Processing /home/airflow/.local/lib/python3.12/site-packages/airflow/example_dags/example_branch_day_of_week_operator.py took 0.061 seconds
[2025-05-02T19:39:18.298+0000] {processor.py:161} INFO - Started process (PID=768) to work on /home/airflow/.local/lib/python3.12/site-packages/airflow/example_dags/example_branch_day_of_week_operator.py
[2025-05-02T19:39:18.299+0000] {processor.py:830} INFO - Processing file /home/airflow/.local/lib/python3.12/site-packages/airflow/example_dags/example_branch_day_of_week_operator.py for tasks to queue
[2025-05-02T19:39:18.301+0000] {logging_mixin.py:188} INFO - [2025-05-02T19:39:18.300+0000] {dagbag.py:540} INFO - Filling up the DagBag from /home/airflow/.local/lib/python3.12/site-packages/airflow/example_dags/example_branch_day_of_week_operator.py
[2025-05-02T19:39:18.308+0000] {processor.py:840} INFO - DAG(s) 'example_weekday_branch_operator' retrieved from /home/airflow/.local/lib/python3.12/site-packages/airflow/example_dags/example_branch_day_of_week_operator.py
[2025-05-02T19:39:18.327+0000] {logging_mixin.py:188} INFO - [2025-05-02T19:39:18.326+0000] {dag.py:3096} INFO - Sync 1 DAGs
[2025-05-02T19:39:18.347+0000] {logging_mixin.py:188} INFO - [2025-05-02T19:39:18.347+0000] {dag.py:3954} INFO - Setting next_dagrun for example_weekday_branch_operator to 2025-05-01 00:00:00+00:00, run_after=2025-05-02 00:00:00+00:00
[2025-05-02T19:39:18.362+0000] {processor.py:183} INFO - Processing /home/airflow/.local/lib/python3.12/site-packages/airflow/example_dags/example_branch_day_of_week_operator.py took 0.070 seconds
[2025-05-02T19:39:48.853+0000] {processor.py:161} INFO - Started process (PID=826) to work on /home/airflow/.local/lib/python3.12/site-packages/airflow/example_dags/example_branch_day_of_week_operator.py
[2025-05-02T19:39:48.854+0000] {processor.py:830} INFO - Processing file /home/airflow/.local/lib/python3.12/site-packages/airflow/example_dags/example_branch_day_of_week_operator.py for tasks to queue
[2025-05-02T19:39:48.855+0000] {logging_mixin.py:188} INFO - [2025-05-02T19:39:48.855+0000] {dagbag.py:540} INFO - Filling up the DagBag from /home/airflow/.local/lib/python3.12/site-packages/airflow/example_dags/example_branch_day_of_week_operator.py
[2025-05-02T19:39:48.861+0000] {processor.py:840} INFO - DAG(s) 'example_weekday_branch_operator' retrieved from /home/airflow/.local/lib/python3.12/site-packages/airflow/example_dags/example_branch_day_of_week_operator.py
[2025-05-02T19:39:48.880+0000] {logging_mixin.py:188} INFO - [2025-05-02T19:39:48.880+0000] {dag.py:3096} INFO - Sync 1 DAGs
[2025-05-02T19:39:48.901+0000] {logging_mixin.py:188} INFO - [2025-05-02T19:39:48.901+0000] {dag.py:3954} INFO - Setting next_dagrun for example_weekday_branch_operator to 2025-05-01 00:00:00+00:00, run_after=2025-05-02 00:00:00+00:00
[2025-05-02T19:39:48.922+0000] {processor.py:183} INFO - Processing /home/airflow/.local/lib/python3.12/site-packages/airflow/example_dags/example_branch_day_of_week_operator.py took 0.073 seconds
[2025-05-02T19:40:19.626+0000] {processor.py:161} INFO - Started process (PID=884) to work on /home/airflow/.local/lib/python3.12/site-packages/airflow/example_dags/example_branch_day_of_week_operator.py
[2025-05-02T19:40:19.627+0000] {processor.py:830} INFO - Processing file /home/airflow/.local/lib/python3.12/site-packages/airflow/example_dags/example_branch_day_of_week_operator.py for tasks to queue
[2025-05-02T19:40:19.628+0000] {logging_mixin.py:188} INFO - [2025-05-02T19:40:19.628+0000] {dagbag.py:540} INFO - Filling up the DagBag from /home/airflow/.local/lib/python3.12/site-packages/airflow/example_dags/example_branch_day_of_week_operator.py
[2025-05-02T19:40:19.633+0000] {processor.py:840} INFO - DAG(s) 'example_weekday_branch_operator' retrieved from /home/airflow/.local/lib/python3.12/site-packages/airflow/example_dags/example_branch_day_of_week_operator.py
[2025-05-02T19:40:19.654+0000] {logging_mixin.py:188} INFO - [2025-05-02T19:40:19.653+0000] {dag.py:3096} INFO - Sync 1 DAGs
[2025-05-02T19:40:19.676+0000] {logging_mixin.py:188} INFO - [2025-05-02T19:40:19.675+0000] {dag.py:3954} INFO - Setting next_dagrun for example_weekday_branch_operator to 2025-05-01 00:00:00+00:00, run_after=2025-05-02 00:00:00+00:00
[2025-05-02T19:40:19.699+0000] {processor.py:183} INFO - Processing /home/airflow/.local/lib/python3.12/site-packages/airflow/example_dags/example_branch_day_of_week_operator.py took 0.078 seconds
[2025-05-02T19:40:50.111+0000] {processor.py:161} INFO - Started process (PID=942) to work on /home/airflow/.local/lib/python3.12/site-packages/airflow/example_dags/example_branch_day_of_week_operator.py
[2025-05-02T19:40:50.112+0000] {processor.py:830} INFO - Processing file /home/airflow/.local/lib/python3.12/site-packages/airflow/example_dags/example_branch_day_of_week_operator.py for tasks to queue
[2025-05-02T19:40:50.114+0000] {logging_mixin.py:188} INFO - [2025-05-02T19:40:50.114+0000] {dagbag.py:540} INFO - Filling up the DagBag from /home/airflow/.local/lib/python3.12/site-packages/airflow/example_dags/example_branch_day_of_week_operator.py
[2025-05-02T19:40:50.122+0000] {processor.py:840} INFO - DAG(s) 'example_weekday_branch_operator' retrieved from /home/airflow/.local/lib/python3.12/site-packages/airflow/example_dags/example_branch_day_of_week_operator.py
[2025-05-02T19:40:50.138+0000] {logging_mixin.py:188} INFO - [2025-05-02T19:40:50.138+0000] {dag.py:3096} INFO - Sync 1 DAGs
[2025-05-02T19:40:50.161+0000] {logging_mixin.py:188} INFO - [2025-05-02T19:40:50.161+0000] {dag.py:3954} INFO - Setting next_dagrun for example_weekday_branch_operator to 2025-05-01 00:00:00+00:00, run_after=2025-05-02 00:00:00+00:00
[2025-05-02T19:40:50.182+0000] {processor.py:183} INFO - Processing /home/airflow/.local/lib/python3.12/site-packages/airflow/example_dags/example_branch_day_of_week_operator.py took 0.077 seconds
[2025-05-02T19:41:20.555+0000] {processor.py:161} INFO - Started process (PID=1000) to work on /home/airflow/.local/lib/python3.12/site-packages/airflow/example_dags/example_branch_day_of_week_operator.py
[2025-05-02T19:41:20.556+0000] {processor.py:830} INFO - Processing file /home/airflow/.local/lib/python3.12/site-packages/airflow/example_dags/example_branch_day_of_week_operator.py for tasks to queue
[2025-05-02T19:41:20.558+0000] {logging_mixin.py:188} INFO - [2025-05-02T19:41:20.558+0000] {dagbag.py:540} INFO - Filling up the DagBag from /home/airflow/.local/lib/python3.12/site-packages/airflow/example_dags/example_branch_day_of_week_operator.py
[2025-05-02T19:41:20.566+0000] {processor.py:840} INFO - DAG(s) 'example_weekday_branch_operator' retrieved from /home/airflow/.local/lib/python3.12/site-packages/airflow/example_dags/example_branch_day_of_week_operator.py
[2025-05-02T19:41:20.585+0000] {logging_mixin.py:188} INFO - [2025-05-02T19:41:20.585+0000] {dag.py:3096} INFO - Sync 1 DAGs
[2025-05-02T19:41:20.610+0000] {logging_mixin.py:188} INFO - [2025-05-02T19:41:20.610+0000] {dag.py:3954} INFO - Setting next_dagrun for example_weekday_branch_operator to 2025-05-01 00:00:00+00:00, run_after=2025-05-02 00:00:00+00:00
[2025-05-02T19:41:20.627+0000] {processor.py:183} INFO - Processing /home/airflow/.local/lib/python3.12/site-packages/airflow/example_dags/example_branch_day_of_week_operator.py took 0.079 seconds
[2025-05-02T19:41:51.205+0000] {processor.py:161} INFO - Started process (PID=1058) to work on /home/airflow/.local/lib/python3.12/site-packages/airflow/example_dags/example_branch_day_of_week_operator.py
[2025-05-02T19:41:51.206+0000] {processor.py:830} INFO - Processing file /home/airflow/.local/lib/python3.12/site-packages/airflow/example_dags/example_branch_day_of_week_operator.py for tasks to queue
[2025-05-02T19:41:51.208+0000] {logging_mixin.py:188} INFO - [2025-05-02T19:41:51.207+0000] {dagbag.py:540} INFO - Filling up the DagBag from /home/airflow/.local/lib/python3.12/site-packages/airflow/example_dags/example_branch_day_of_week_operator.py
[2025-05-02T19:41:51.216+0000] {processor.py:840} INFO - DAG(s) 'example_weekday_branch_operator' retrieved from /home/airflow/.local/lib/python3.12/site-packages/airflow/example_dags/example_branch_day_of_week_operator.py
[2025-05-02T19:41:51.238+0000] {logging_mixin.py:188} INFO - [2025-05-02T19:41:51.238+0000] {dag.py:3096} INFO - Sync 1 DAGs
[2025-05-02T19:41:51.267+0000] {logging_mixin.py:188} INFO - [2025-05-02T19:41:51.267+0000] {dag.py:3954} INFO - Setting next_dagrun for example_weekday_branch_operator to 2025-05-01 00:00:00+00:00, run_after=2025-05-02 00:00:00+00:00
[2025-05-02T19:41:51.288+0000] {processor.py:183} INFO - Processing /home/airflow/.local/lib/python3.12/site-packages/airflow/example_dags/example_branch_day_of_week_operator.py took 0.090 seconds
[2025-05-02T19:42:21.830+0000] {processor.py:161} INFO - Started process (PID=1110) to work on /home/airflow/.local/lib/python3.12/site-packages/airflow/example_dags/example_branch_day_of_week_operator.py
[2025-05-02T19:42:21.831+0000] {processor.py:830} INFO - Processing file /home/airflow/.local/lib/python3.12/site-packages/airflow/example_dags/example_branch_day_of_week_operator.py for tasks to queue
[2025-05-02T19:42:21.832+0000] {logging_mixin.py:188} INFO - [2025-05-02T19:42:21.832+0000] {dagbag.py:540} INFO - Filling up the DagBag from /home/airflow/.local/lib/python3.12/site-packages/airflow/example_dags/example_branch_day_of_week_operator.py
[2025-05-02T19:42:21.840+0000] {processor.py:840} INFO - DAG(s) 'example_weekday_branch_operator' retrieved from /home/airflow/.local/lib/python3.12/site-packages/airflow/example_dags/example_branch_day_of_week_operator.py
[2025-05-02T19:42:21.862+0000] {logging_mixin.py:188} INFO - [2025-05-02T19:42:21.862+0000] {dag.py:3096} INFO - Sync 1 DAGs
[2025-05-02T19:42:21.883+0000] {logging_mixin.py:188} INFO - [2025-05-02T19:42:21.883+0000] {dag.py:3954} INFO - Setting next_dagrun for example_weekday_branch_operator to 2025-05-01 00:00:00+00:00, run_after=2025-05-02 00:00:00+00:00
[2025-05-02T19:42:21.902+0000] {processor.py:183} INFO - Processing /home/airflow/.local/lib/python3.12/site-packages/airflow/example_dags/example_branch_day_of_week_operator.py took 0.079 seconds
[2025-05-02T19:42:52.560+0000] {processor.py:161} INFO - Started process (PID=1168) to work on /home/airflow/.local/lib/python3.12/site-packages/airflow/example_dags/example_branch_day_of_week_operator.py
[2025-05-02T19:42:52.561+0000] {processor.py:830} INFO - Processing file /home/airflow/.local/lib/python3.12/site-packages/airflow/example_dags/example_branch_day_of_week_operator.py for tasks to queue
[2025-05-02T19:42:52.563+0000] {logging_mixin.py:188} INFO - [2025-05-02T19:42:52.563+0000] {dagbag.py:540} INFO - Filling up the DagBag from /home/airflow/.local/lib/python3.12/site-packages/airflow/example_dags/example_branch_day_of_week_operator.py
[2025-05-02T19:42:52.572+0000] {processor.py:840} INFO - DAG(s) 'example_weekday_branch_operator' retrieved from /home/airflow/.local/lib/python3.12/site-packages/airflow/example_dags/example_branch_day_of_week_operator.py
[2025-05-02T19:42:52.594+0000] {logging_mixin.py:188} INFO - [2025-05-02T19:42:52.594+0000] {dag.py:3096} INFO - Sync 1 DAGs
[2025-05-02T19:42:52.616+0000] {logging_mixin.py:188} INFO - [2025-05-02T19:42:52.616+0000] {dag.py:3954} INFO - Setting next_dagrun for example_weekday_branch_operator to 2025-05-01 00:00:00+00:00, run_after=2025-05-02 00:00:00+00:00
[2025-05-02T19:42:52.636+0000] {processor.py:183} INFO - Processing /home/airflow/.local/lib/python3.12/site-packages/airflow/example_dags/example_branch_day_of_week_operator.py took 0.082 seconds
[2025-05-02T19:43:24.764+0000] {processor.py:161} INFO - Started process (PID=1228) to work on /home/airflow/.local/lib/python3.12/site-packages/airflow/example_dags/example_branch_day_of_week_operator.py
[2025-05-02T19:43:24.765+0000] {processor.py:830} INFO - Processing file /home/airflow/.local/lib/python3.12/site-packages/airflow/example_dags/example_branch_day_of_week_operator.py for tasks to queue
[2025-05-02T19:43:24.767+0000] {logging_mixin.py:188} INFO - [2025-05-02T19:43:24.766+0000] {dagbag.py:540} INFO - Filling up the DagBag from /home/airflow/.local/lib/python3.12/site-packages/airflow/example_dags/example_branch_day_of_week_operator.py
[2025-05-02T19:43:24.773+0000] {processor.py:840} INFO - DAG(s) 'example_weekday_branch_operator' retrieved from /home/airflow/.local/lib/python3.12/site-packages/airflow/example_dags/example_branch_day_of_week_operator.py
[2025-05-02T19:43:24.790+0000] {logging_mixin.py:188} INFO - [2025-05-02T19:43:24.790+0000] {dag.py:3096} INFO - Sync 1 DAGs
[2025-05-02T19:43:24.810+0000] {logging_mixin.py:188} INFO - [2025-05-02T19:43:24.810+0000] {dag.py:3954} INFO - Setting next_dagrun for example_weekday_branch_operator to 2025-05-01 00:00:00+00:00, run_after=2025-05-02 00:00:00+00:00
[2025-05-02T19:43:24.827+0000] {processor.py:183} INFO - Processing /home/airflow/.local/lib/python3.12/site-packages/airflow/example_dags/example_branch_day_of_week_operator.py took 0.069 seconds
[2025-05-02T19:43:55.456+0000] {processor.py:161} INFO - Started process (PID=1288) to work on /home/airflow/.local/lib/python3.12/site-packages/airflow/example_dags/example_branch_day_of_week_operator.py
[2025-05-02T19:43:55.461+0000] {processor.py:830} INFO - Processing file /home/airflow/.local/lib/python3.12/site-packages/airflow/example_dags/example_branch_day_of_week_operator.py for tasks to queue
[2025-05-02T19:43:55.463+0000] {logging_mixin.py:188} INFO - [2025-05-02T19:43:55.463+0000] {dagbag.py:540} INFO - Filling up the DagBag from /home/airflow/.local/lib/python3.12/site-packages/airflow/example_dags/example_branch_day_of_week_operator.py
[2025-05-02T19:43:55.482+0000] {processor.py:840} INFO - DAG(s) 'example_weekday_branch_operator' retrieved from /home/airflow/.local/lib/python3.12/site-packages/airflow/example_dags/example_branch_day_of_week_operator.py
[2025-05-02T19:43:55.519+0000] {logging_mixin.py:188} INFO - [2025-05-02T19:43:55.519+0000] {dag.py:3096} INFO - Sync 1 DAGs
[2025-05-02T19:43:55.556+0000] {logging_mixin.py:188} INFO - [2025-05-02T19:43:55.556+0000] {dag.py:3954} INFO - Setting next_dagrun for example_weekday_branch_operator to 2025-05-01 00:00:00+00:00, run_after=2025-05-02 00:00:00+00:00
[2025-05-02T19:43:55.579+0000] {processor.py:183} INFO - Processing /home/airflow/.local/lib/python3.12/site-packages/airflow/example_dags/example_branch_day_of_week_operator.py took 0.134 seconds
[2025-05-02T19:44:25.800+0000] {processor.py:161} INFO - Started process (PID=1383) to work on /home/airflow/.local/lib/python3.12/site-packages/airflow/example_dags/example_branch_day_of_week_operator.py
[2025-05-02T19:44:25.802+0000] {processor.py:830} INFO - Processing file /home/airflow/.local/lib/python3.12/site-packages/airflow/example_dags/example_branch_day_of_week_operator.py for tasks to queue
[2025-05-02T19:44:25.805+0000] {logging_mixin.py:188} INFO - [2025-05-02T19:44:25.804+0000] {dagbag.py:540} INFO - Filling up the DagBag from /home/airflow/.local/lib/python3.12/site-packages/airflow/example_dags/example_branch_day_of_week_operator.py
[2025-05-02T19:44:25.820+0000] {processor.py:840} INFO - DAG(s) 'example_weekday_branch_operator' retrieved from /home/airflow/.local/lib/python3.12/site-packages/airflow/example_dags/example_branch_day_of_week_operator.py
[2025-05-02T19:44:25.925+0000] {logging_mixin.py:188} INFO - [2025-05-02T19:44:25.924+0000] {dag.py:3096} INFO - Sync 1 DAGs
[2025-05-02T19:44:25.975+0000] {logging_mixin.py:188} INFO - [2025-05-02T19:44:25.974+0000] {dag.py:3954} INFO - Setting next_dagrun for example_weekday_branch_operator to 2025-05-01 00:00:00+00:00, run_after=2025-05-02 00:00:00+00:00
[2025-05-02T19:44:26.017+0000] {processor.py:183} INFO - Processing /home/airflow/.local/lib/python3.12/site-packages/airflow/example_dags/example_branch_day_of_week_operator.py took 0.229 seconds
[2025-05-02T19:44:56.337+0000] {processor.py:161} INFO - Started process (PID=1485) to work on /home/airflow/.local/lib/python3.12/site-packages/airflow/example_dags/example_branch_day_of_week_operator.py
[2025-05-02T19:44:56.340+0000] {processor.py:830} INFO - Processing file /home/airflow/.local/lib/python3.12/site-packages/airflow/example_dags/example_branch_day_of_week_operator.py for tasks to queue
[2025-05-02T19:44:56.347+0000] {logging_mixin.py:188} INFO - [2025-05-02T19:44:56.346+0000] {dagbag.py:540} INFO - Filling up the DagBag from /home/airflow/.local/lib/python3.12/site-packages/airflow/example_dags/example_branch_day_of_week_operator.py
[2025-05-02T19:44:56.366+0000] {processor.py:840} INFO - DAG(s) 'example_weekday_branch_operator' retrieved from /home/airflow/.local/lib/python3.12/site-packages/airflow/example_dags/example_branch_day_of_week_operator.py
[2025-05-02T19:44:56.411+0000] {logging_mixin.py:188} INFO - [2025-05-02T19:44:56.410+0000] {dag.py:3096} INFO - Sync 1 DAGs
[2025-05-02T19:44:56.454+0000] {logging_mixin.py:188} INFO - [2025-05-02T19:44:56.453+0000] {dag.py:3954} INFO - Setting next_dagrun for example_weekday_branch_operator to 2025-05-01 00:00:00+00:00, run_after=2025-05-02 00:00:00+00:00
[2025-05-02T19:44:56.506+0000] {processor.py:183} INFO - Processing /home/airflow/.local/lib/python3.12/site-packages/airflow/example_dags/example_branch_day_of_week_operator.py took 0.186 seconds
[2025-05-02T19:45:28.614+0000] {processor.py:161} INFO - Started process (PID=1586) to work on /home/airflow/.local/lib/python3.12/site-packages/airflow/example_dags/example_branch_day_of_week_operator.py
[2025-05-02T19:45:28.616+0000] {processor.py:830} INFO - Processing file /home/airflow/.local/lib/python3.12/site-packages/airflow/example_dags/example_branch_day_of_week_operator.py for tasks to queue
[2025-05-02T19:45:28.624+0000] {logging_mixin.py:188} INFO - [2025-05-02T19:45:28.623+0000] {dagbag.py:540} INFO - Filling up the DagBag from /home/airflow/.local/lib/python3.12/site-packages/airflow/example_dags/example_branch_day_of_week_operator.py
[2025-05-02T19:45:28.646+0000] {processor.py:840} INFO - DAG(s) 'example_weekday_branch_operator' retrieved from /home/airflow/.local/lib/python3.12/site-packages/airflow/example_dags/example_branch_day_of_week_operator.py
[2025-05-02T19:45:28.754+0000] {logging_mixin.py:188} INFO - [2025-05-02T19:45:28.754+0000] {dag.py:3096} INFO - Sync 1 DAGs
[2025-05-02T19:45:28.853+0000] {logging_mixin.py:188} INFO - [2025-05-02T19:45:28.853+0000] {dag.py:3954} INFO - Setting next_dagrun for example_weekday_branch_operator to 2025-05-01 00:00:00+00:00, run_after=2025-05-02 00:00:00+00:00
[2025-05-02T19:45:28.972+0000] {processor.py:183} INFO - Processing /home/airflow/.local/lib/python3.12/site-packages/airflow/example_dags/example_branch_day_of_week_operator.py took 0.371 seconds
[2025-05-02T19:45:59.079+0000] {processor.py:161} INFO - Started process (PID=1692) to work on /home/airflow/.local/lib/python3.12/site-packages/airflow/example_dags/example_branch_day_of_week_operator.py
[2025-05-02T19:45:59.080+0000] {processor.py:830} INFO - Processing file /home/airflow/.local/lib/python3.12/site-packages/airflow/example_dags/example_branch_day_of_week_operator.py for tasks to queue
[2025-05-02T19:45:59.083+0000] {logging_mixin.py:188} INFO - [2025-05-02T19:45:59.083+0000] {dagbag.py:540} INFO - Filling up the DagBag from /home/airflow/.local/lib/python3.12/site-packages/airflow/example_dags/example_branch_day_of_week_operator.py
[2025-05-02T19:45:59.105+0000] {processor.py:840} INFO - DAG(s) 'example_weekday_branch_operator' retrieved from /home/airflow/.local/lib/python3.12/site-packages/airflow/example_dags/example_branch_day_of_week_operator.py
[2025-05-02T19:45:59.164+0000] {logging_mixin.py:188} INFO - [2025-05-02T19:45:59.163+0000] {dag.py:3096} INFO - Sync 1 DAGs
[2025-05-02T19:45:59.223+0000] {logging_mixin.py:188} INFO - [2025-05-02T19:45:59.222+0000] {dag.py:3954} INFO - Setting next_dagrun for example_weekday_branch_operator to 2025-05-01 00:00:00+00:00, run_after=2025-05-02 00:00:00+00:00
[2025-05-02T19:45:59.289+0000] {processor.py:183} INFO - Processing /home/airflow/.local/lib/python3.12/site-packages/airflow/example_dags/example_branch_day_of_week_operator.py took 0.222 seconds
[2025-05-02T19:46:30.318+0000] {processor.py:161} INFO - Started process (PID=1791) to work on /home/airflow/.local/lib/python3.12/site-packages/airflow/example_dags/example_branch_day_of_week_operator.py
[2025-05-02T19:46:30.319+0000] {processor.py:830} INFO - Processing file /home/airflow/.local/lib/python3.12/site-packages/airflow/example_dags/example_branch_day_of_week_operator.py for tasks to queue
[2025-05-02T19:46:30.322+0000] {logging_mixin.py:188} INFO - [2025-05-02T19:46:30.322+0000] {dagbag.py:540} INFO - Filling up the DagBag from /home/airflow/.local/lib/python3.12/site-packages/airflow/example_dags/example_branch_day_of_week_operator.py
[2025-05-02T19:46:30.341+0000] {processor.py:840} INFO - DAG(s) 'example_weekday_branch_operator' retrieved from /home/airflow/.local/lib/python3.12/site-packages/airflow/example_dags/example_branch_day_of_week_operator.py
[2025-05-02T19:46:30.384+0000] {logging_mixin.py:188} INFO - [2025-05-02T19:46:30.383+0000] {dag.py:3096} INFO - Sync 1 DAGs
[2025-05-02T19:46:30.439+0000] {logging_mixin.py:188} INFO - [2025-05-02T19:46:30.438+0000] {dag.py:3954} INFO - Setting next_dagrun for example_weekday_branch_operator to 2025-05-01 00:00:00+00:00, run_after=2025-05-02 00:00:00+00:00
[2025-05-02T19:46:30.518+0000] {processor.py:183} INFO - Processing /home/airflow/.local/lib/python3.12/site-packages/airflow/example_dags/example_branch_day_of_week_operator.py took 0.218 seconds
[2025-05-02T19:47:01.806+0000] {processor.py:161} INFO - Started process (PID=1901) to work on /home/airflow/.local/lib/python3.12/site-packages/airflow/example_dags/example_branch_day_of_week_operator.py
[2025-05-02T19:47:01.817+0000] {processor.py:830} INFO - Processing file /home/airflow/.local/lib/python3.12/site-packages/airflow/example_dags/example_branch_day_of_week_operator.py for tasks to queue
[2025-05-02T19:47:01.822+0000] {logging_mixin.py:188} INFO - [2025-05-02T19:47:01.820+0000] {dagbag.py:540} INFO - Filling up the DagBag from /home/airflow/.local/lib/python3.12/site-packages/airflow/example_dags/example_branch_day_of_week_operator.py
[2025-05-02T19:47:01.869+0000] {processor.py:840} INFO - DAG(s) 'example_weekday_branch_operator' retrieved from /home/airflow/.local/lib/python3.12/site-packages/airflow/example_dags/example_branch_day_of_week_operator.py
[2025-05-02T19:47:01.944+0000] {logging_mixin.py:188} INFO - [2025-05-02T19:47:01.944+0000] {dag.py:3096} INFO - Sync 1 DAGs
[2025-05-02T19:47:02.026+0000] {logging_mixin.py:188} INFO - [2025-05-02T19:47:02.026+0000] {dag.py:3954} INFO - Setting next_dagrun for example_weekday_branch_operator to 2025-05-01 00:00:00+00:00, run_after=2025-05-02 00:00:00+00:00
[2025-05-02T19:47:02.104+0000] {processor.py:183} INFO - Processing /home/airflow/.local/lib/python3.12/site-packages/airflow/example_dags/example_branch_day_of_week_operator.py took 0.314 seconds
[2025-05-02T19:47:37.328+0000] {processor.py:161} INFO - Started process (PID=2003) to work on /home/airflow/.local/lib/python3.12/site-packages/airflow/example_dags/example_branch_day_of_week_operator.py
[2025-05-02T19:47:37.330+0000] {processor.py:830} INFO - Processing file /home/airflow/.local/lib/python3.12/site-packages/airflow/example_dags/example_branch_day_of_week_operator.py for tasks to queue
[2025-05-02T19:47:37.333+0000] {logging_mixin.py:188} INFO - [2025-05-02T19:47:37.333+0000] {dagbag.py:540} INFO - Filling up the DagBag from /home/airflow/.local/lib/python3.12/site-packages/airflow/example_dags/example_branch_day_of_week_operator.py
[2025-05-02T19:47:37.363+0000] {processor.py:840} INFO - DAG(s) 'example_weekday_branch_operator' retrieved from /home/airflow/.local/lib/python3.12/site-packages/airflow/example_dags/example_branch_day_of_week_operator.py
[2025-05-02T19:47:37.441+0000] {logging_mixin.py:188} INFO - [2025-05-02T19:47:37.439+0000] {dag.py:3096} INFO - Sync 1 DAGs
[2025-05-02T19:47:37.535+0000] {logging_mixin.py:188} INFO - [2025-05-02T19:47:37.529+0000] {dag.py:3954} INFO - Setting next_dagrun for example_weekday_branch_operator to 2025-05-01 00:00:00+00:00, run_after=2025-05-02 00:00:00+00:00
[2025-05-02T19:47:37.603+0000] {processor.py:183} INFO - Processing /home/airflow/.local/lib/python3.12/site-packages/airflow/example_dags/example_branch_day_of_week_operator.py took 0.287 seconds
[2025-05-02T19:48:10.130+0000] {processor.py:161} INFO - Started process (PID=2106) to work on /home/airflow/.local/lib/python3.12/site-packages/airflow/example_dags/example_branch_day_of_week_operator.py
[2025-05-02T19:48:10.131+0000] {processor.py:830} INFO - Processing file /home/airflow/.local/lib/python3.12/site-packages/airflow/example_dags/example_branch_day_of_week_operator.py for tasks to queue
[2025-05-02T19:48:10.140+0000] {logging_mixin.py:188} INFO - [2025-05-02T19:48:10.138+0000] {dagbag.py:540} INFO - Filling up the DagBag from /home/airflow/.local/lib/python3.12/site-packages/airflow/example_dags/example_branch_day_of_week_operator.py
[2025-05-02T19:48:10.156+0000] {processor.py:840} INFO - DAG(s) 'example_weekday_branch_operator' retrieved from /home/airflow/.local/lib/python3.12/site-packages/airflow/example_dags/example_branch_day_of_week_operator.py
[2025-05-02T19:48:10.218+0000] {logging_mixin.py:188} INFO - [2025-05-02T19:48:10.217+0000] {dag.py:3096} INFO - Sync 1 DAGs
[2025-05-02T19:48:10.292+0000] {logging_mixin.py:188} INFO - [2025-05-02T19:48:10.291+0000] {dag.py:3954} INFO - Setting next_dagrun for example_weekday_branch_operator to 2025-05-01 00:00:00+00:00, run_after=2025-05-02 00:00:00+00:00
[2025-05-02T19:48:10.357+0000] {processor.py:183} INFO - Processing /home/airflow/.local/lib/python3.12/site-packages/airflow/example_dags/example_branch_day_of_week_operator.py took 0.242 seconds
[2025-05-02T19:48:47.982+0000] {processor.py:161} INFO - Started process (PID=2202) to work on /home/airflow/.local/lib/python3.12/site-packages/airflow/example_dags/example_branch_day_of_week_operator.py
[2025-05-02T19:48:47.985+0000] {processor.py:830} INFO - Processing file /home/airflow/.local/lib/python3.12/site-packages/airflow/example_dags/example_branch_day_of_week_operator.py for tasks to queue
[2025-05-02T19:48:47.988+0000] {logging_mixin.py:188} INFO - [2025-05-02T19:48:47.988+0000] {dagbag.py:540} INFO - Filling up the DagBag from /home/airflow/.local/lib/python3.12/site-packages/airflow/example_dags/example_branch_day_of_week_operator.py
[2025-05-02T19:48:48.019+0000] {processor.py:840} INFO - DAG(s) 'example_weekday_branch_operator' retrieved from /home/airflow/.local/lib/python3.12/site-packages/airflow/example_dags/example_branch_day_of_week_operator.py
[2025-05-02T19:48:48.130+0000] {logging_mixin.py:188} INFO - [2025-05-02T19:48:48.130+0000] {dag.py:3096} INFO - Sync 1 DAGs
[2025-05-02T19:48:48.191+0000] {logging_mixin.py:188} INFO - [2025-05-02T19:48:48.190+0000] {dag.py:3954} INFO - Setting next_dagrun for example_weekday_branch_operator to 2025-05-01 00:00:00+00:00, run_after=2025-05-02 00:00:00+00:00
[2025-05-02T19:48:48.268+0000] {processor.py:183} INFO - Processing /home/airflow/.local/lib/python3.12/site-packages/airflow/example_dags/example_branch_day_of_week_operator.py took 0.313 seconds
[2025-05-02T19:49:21.398+0000] {processor.py:161} INFO - Started process (PID=2295) to work on /home/airflow/.local/lib/python3.12/site-packages/airflow/example_dags/example_branch_day_of_week_operator.py
[2025-05-02T19:49:21.401+0000] {processor.py:830} INFO - Processing file /home/airflow/.local/lib/python3.12/site-packages/airflow/example_dags/example_branch_day_of_week_operator.py for tasks to queue
[2025-05-02T19:49:21.405+0000] {logging_mixin.py:188} INFO - [2025-05-02T19:49:21.404+0000] {dagbag.py:540} INFO - Filling up the DagBag from /home/airflow/.local/lib/python3.12/site-packages/airflow/example_dags/example_branch_day_of_week_operator.py
[2025-05-02T19:49:21.445+0000] {processor.py:840} INFO - DAG(s) 'example_weekday_branch_operator' retrieved from /home/airflow/.local/lib/python3.12/site-packages/airflow/example_dags/example_branch_day_of_week_operator.py
[2025-05-02T19:49:21.526+0000] {logging_mixin.py:188} INFO - [2025-05-02T19:49:21.524+0000] {dag.py:3096} INFO - Sync 1 DAGs
[2025-05-02T19:49:21.602+0000] {logging_mixin.py:188} INFO - [2025-05-02T19:49:21.600+0000] {dag.py:3954} INFO - Setting next_dagrun for example_weekday_branch_operator to 2025-05-01 00:00:00+00:00, run_after=2025-05-02 00:00:00+00:00
[2025-05-02T19:49:21.656+0000] {processor.py:183} INFO - Processing /home/airflow/.local/lib/python3.12/site-packages/airflow/example_dags/example_branch_day_of_week_operator.py took 0.306 seconds
[2025-05-02T19:49:55.800+0000] {processor.py:161} INFO - Started process (PID=2382) to work on /home/airflow/.local/lib/python3.12/site-packages/airflow/example_dags/example_branch_day_of_week_operator.py
[2025-05-02T19:49:55.802+0000] {processor.py:830} INFO - Processing file /home/airflow/.local/lib/python3.12/site-packages/airflow/example_dags/example_branch_day_of_week_operator.py for tasks to queue
[2025-05-02T19:49:55.809+0000] {logging_mixin.py:188} INFO - [2025-05-02T19:49:55.808+0000] {dagbag.py:540} INFO - Filling up the DagBag from /home/airflow/.local/lib/python3.12/site-packages/airflow/example_dags/example_branch_day_of_week_operator.py
[2025-05-02T19:49:55.827+0000] {processor.py:840} INFO - DAG(s) 'example_weekday_branch_operator' retrieved from /home/airflow/.local/lib/python3.12/site-packages/airflow/example_dags/example_branch_day_of_week_operator.py
[2025-05-02T19:49:55.974+0000] {logging_mixin.py:188} INFO - [2025-05-02T19:49:55.968+0000] {dag.py:3096} INFO - Sync 1 DAGs
[2025-05-02T19:49:56.058+0000] {logging_mixin.py:188} INFO - [2025-05-02T19:49:56.058+0000] {dag.py:3954} INFO - Setting next_dagrun for example_weekday_branch_operator to 2025-05-01 00:00:00+00:00, run_after=2025-05-02 00:00:00+00:00
[2025-05-02T19:49:56.158+0000] {processor.py:183} INFO - Processing /home/airflow/.local/lib/python3.12/site-packages/airflow/example_dags/example_branch_day_of_week_operator.py took 0.393 seconds
[2025-05-02T19:50:30.082+0000] {processor.py:161} INFO - Started process (PID=2497) to work on /home/airflow/.local/lib/python3.12/site-packages/airflow/example_dags/example_branch_day_of_week_operator.py
[2025-05-02T19:50:30.090+0000] {processor.py:830} INFO - Processing file /home/airflow/.local/lib/python3.12/site-packages/airflow/example_dags/example_branch_day_of_week_operator.py for tasks to queue
[2025-05-02T19:50:30.098+0000] {logging_mixin.py:188} INFO - [2025-05-02T19:50:30.097+0000] {dagbag.py:540} INFO - Filling up the DagBag from /home/airflow/.local/lib/python3.12/site-packages/airflow/example_dags/example_branch_day_of_week_operator.py
[2025-05-02T19:50:30.147+0000] {processor.py:840} INFO - DAG(s) 'example_weekday_branch_operator' retrieved from /home/airflow/.local/lib/python3.12/site-packages/airflow/example_dags/example_branch_day_of_week_operator.py
[2025-05-02T19:50:30.271+0000] {logging_mixin.py:188} INFO - [2025-05-02T19:50:30.271+0000] {dag.py:3096} INFO - Sync 1 DAGs
[2025-05-02T19:50:30.363+0000] {logging_mixin.py:188} INFO - [2025-05-02T19:50:30.362+0000] {dag.py:3954} INFO - Setting next_dagrun for example_weekday_branch_operator to 2025-05-01 00:00:00+00:00, run_after=2025-05-02 00:00:00+00:00
[2025-05-02T19:50:30.427+0000] {processor.py:183} INFO - Processing /home/airflow/.local/lib/python3.12/site-packages/airflow/example_dags/example_branch_day_of_week_operator.py took 0.379 seconds
[2025-05-02T19:51:06.190+0000] {processor.py:161} INFO - Started process (PID=2588) to work on /home/airflow/.local/lib/python3.12/site-packages/airflow/example_dags/example_branch_day_of_week_operator.py
[2025-05-02T19:51:06.194+0000] {processor.py:830} INFO - Processing file /home/airflow/.local/lib/python3.12/site-packages/airflow/example_dags/example_branch_day_of_week_operator.py for tasks to queue
[2025-05-02T19:51:06.197+0000] {logging_mixin.py:188} INFO - [2025-05-02T19:51:06.197+0000] {dagbag.py:540} INFO - Filling up the DagBag from /home/airflow/.local/lib/python3.12/site-packages/airflow/example_dags/example_branch_day_of_week_operator.py
[2025-05-02T19:51:06.219+0000] {processor.py:840} INFO - DAG(s) 'example_weekday_branch_operator' retrieved from /home/airflow/.local/lib/python3.12/site-packages/airflow/example_dags/example_branch_day_of_week_operator.py
[2025-05-02T19:51:06.267+0000] {logging_mixin.py:188} INFO - [2025-05-02T19:51:06.267+0000] {dag.py:3096} INFO - Sync 1 DAGs
[2025-05-02T19:51:06.630+0000] {logging_mixin.py:188} INFO - [2025-05-02T19:51:06.630+0000] {dag.py:3954} INFO - Setting next_dagrun for example_weekday_branch_operator to 2025-05-01 00:00:00+00:00, run_after=2025-05-02 00:00:00+00:00
[2025-05-02T19:51:06.676+0000] {processor.py:183} INFO - Processing /home/airflow/.local/lib/python3.12/site-packages/airflow/example_dags/example_branch_day_of_week_operator.py took 0.510 seconds
[2025-05-02T19:51:39.830+0000] {processor.py:161} INFO - Started process (PID=2704) to work on /home/airflow/.local/lib/python3.12/site-packages/airflow/example_dags/example_branch_day_of_week_operator.py
[2025-05-02T19:51:39.831+0000] {processor.py:830} INFO - Processing file /home/airflow/.local/lib/python3.12/site-packages/airflow/example_dags/example_branch_day_of_week_operator.py for tasks to queue
[2025-05-02T19:51:39.870+0000] {logging_mixin.py:188} INFO - [2025-05-02T19:51:39.869+0000] {dagbag.py:540} INFO - Filling up the DagBag from /home/airflow/.local/lib/python3.12/site-packages/airflow/example_dags/example_branch_day_of_week_operator.py
[2025-05-02T19:51:39.928+0000] {processor.py:840} INFO - DAG(s) 'example_weekday_branch_operator' retrieved from /home/airflow/.local/lib/python3.12/site-packages/airflow/example_dags/example_branch_day_of_week_operator.py
[2025-05-02T19:51:40.071+0000] {logging_mixin.py:188} INFO - [2025-05-02T19:51:40.070+0000] {dag.py:3096} INFO - Sync 1 DAGs
[2025-05-02T19:51:40.271+0000] {logging_mixin.py:188} INFO - [2025-05-02T19:51:40.271+0000] {dag.py:3954} INFO - Setting next_dagrun for example_weekday_branch_operator to 2025-05-01 00:00:00+00:00, run_after=2025-05-02 00:00:00+00:00
[2025-05-02T19:51:40.356+0000] {processor.py:183} INFO - Processing /home/airflow/.local/lib/python3.12/site-packages/airflow/example_dags/example_branch_day_of_week_operator.py took 0.555 seconds
[2025-05-02T19:52:13.923+0000] {processor.py:161} INFO - Started process (PID=2780) to work on /home/airflow/.local/lib/python3.12/site-packages/airflow/example_dags/example_branch_day_of_week_operator.py
[2025-05-02T19:52:13.932+0000] {processor.py:830} INFO - Processing file /home/airflow/.local/lib/python3.12/site-packages/airflow/example_dags/example_branch_day_of_week_operator.py for tasks to queue
[2025-05-02T19:52:13.936+0000] {logging_mixin.py:188} INFO - [2025-05-02T19:52:13.936+0000] {dagbag.py:540} INFO - Filling up the DagBag from /home/airflow/.local/lib/python3.12/site-packages/airflow/example_dags/example_branch_day_of_week_operator.py
[2025-05-02T19:52:13.956+0000] {processor.py:840} INFO - DAG(s) 'example_weekday_branch_operator' retrieved from /home/airflow/.local/lib/python3.12/site-packages/airflow/example_dags/example_branch_day_of_week_operator.py
[2025-05-02T19:52:14.074+0000] {logging_mixin.py:188} INFO - [2025-05-02T19:52:14.073+0000] {dag.py:3096} INFO - Sync 1 DAGs
[2025-05-02T19:52:14.210+0000] {logging_mixin.py:188} INFO - [2025-05-02T19:52:14.209+0000] {dag.py:3954} INFO - Setting next_dagrun for example_weekday_branch_operator to 2025-05-01 00:00:00+00:00, run_after=2025-05-02 00:00:00+00:00
[2025-05-02T19:52:14.435+0000] {processor.py:183} INFO - Processing /home/airflow/.local/lib/python3.12/site-packages/airflow/example_dags/example_branch_day_of_week_operator.py took 0.537 seconds
[2025-05-02T19:52:46.582+0000] {processor.py:161} INFO - Started process (PID=2877) to work on /home/airflow/.local/lib/python3.12/site-packages/airflow/example_dags/example_branch_day_of_week_operator.py
[2025-05-02T19:52:46.583+0000] {processor.py:830} INFO - Processing file /home/airflow/.local/lib/python3.12/site-packages/airflow/example_dags/example_branch_day_of_week_operator.py for tasks to queue
[2025-05-02T19:52:46.585+0000] {logging_mixin.py:188} INFO - [2025-05-02T19:52:46.585+0000] {dagbag.py:540} INFO - Filling up the DagBag from /home/airflow/.local/lib/python3.12/site-packages/airflow/example_dags/example_branch_day_of_week_operator.py
[2025-05-02T19:52:46.594+0000] {processor.py:840} INFO - DAG(s) 'example_weekday_branch_operator' retrieved from /home/airflow/.local/lib/python3.12/site-packages/airflow/example_dags/example_branch_day_of_week_operator.py
[2025-05-02T19:52:46.618+0000] {logging_mixin.py:188} INFO - [2025-05-02T19:52:46.618+0000] {dag.py:3096} INFO - Sync 1 DAGs
[2025-05-02T19:52:46.647+0000] {logging_mixin.py:188} INFO - [2025-05-02T19:52:46.647+0000] {dag.py:3954} INFO - Setting next_dagrun for example_weekday_branch_operator to 2025-05-01 00:00:00+00:00, run_after=2025-05-02 00:00:00+00:00
[2025-05-02T19:52:46.668+0000] {processor.py:183} INFO - Processing /home/airflow/.local/lib/python3.12/site-packages/airflow/example_dags/example_branch_day_of_week_operator.py took 0.092 seconds
[2025-05-02T19:53:18.015+0000] {processor.py:161} INFO - Started process (PID=2992) to work on /home/airflow/.local/lib/python3.12/site-packages/airflow/example_dags/example_branch_day_of_week_operator.py
[2025-05-02T19:53:18.017+0000] {processor.py:830} INFO - Processing file /home/airflow/.local/lib/python3.12/site-packages/airflow/example_dags/example_branch_day_of_week_operator.py for tasks to queue
[2025-05-02T19:53:18.023+0000] {logging_mixin.py:188} INFO - [2025-05-02T19:53:18.022+0000] {dagbag.py:540} INFO - Filling up the DagBag from /home/airflow/.local/lib/python3.12/site-packages/airflow/example_dags/example_branch_day_of_week_operator.py
[2025-05-02T19:53:18.051+0000] {processor.py:840} INFO - DAG(s) 'example_weekday_branch_operator' retrieved from /home/airflow/.local/lib/python3.12/site-packages/airflow/example_dags/example_branch_day_of_week_operator.py
[2025-05-02T19:53:18.168+0000] {logging_mixin.py:188} INFO - [2025-05-02T19:53:18.167+0000] {dag.py:3096} INFO - Sync 1 DAGs
[2025-05-02T19:53:18.255+0000] {logging_mixin.py:188} INFO - [2025-05-02T19:53:18.254+0000] {dag.py:3954} INFO - Setting next_dagrun for example_weekday_branch_operator to 2025-05-01 00:00:00+00:00, run_after=2025-05-02 00:00:00+00:00
[2025-05-02T19:53:18.337+0000] {processor.py:183} INFO - Processing /home/airflow/.local/lib/python3.12/site-packages/airflow/example_dags/example_branch_day_of_week_operator.py took 0.354 seconds
[2025-05-02T19:53:48.603+0000] {processor.py:161} INFO - Started process (PID=3083) to work on /home/airflow/.local/lib/python3.12/site-packages/airflow/example_dags/example_branch_day_of_week_operator.py
[2025-05-02T19:53:48.604+0000] {processor.py:830} INFO - Processing file /home/airflow/.local/lib/python3.12/site-packages/airflow/example_dags/example_branch_day_of_week_operator.py for tasks to queue
[2025-05-02T19:53:48.617+0000] {logging_mixin.py:188} INFO - [2025-05-02T19:53:48.607+0000] {dagbag.py:540} INFO - Filling up the DagBag from /home/airflow/.local/lib/python3.12/site-packages/airflow/example_dags/example_branch_day_of_week_operator.py
[2025-05-02T19:53:48.639+0000] {processor.py:840} INFO - DAG(s) 'example_weekday_branch_operator' retrieved from /home/airflow/.local/lib/python3.12/site-packages/airflow/example_dags/example_branch_day_of_week_operator.py
[2025-05-02T19:53:48.718+0000] {logging_mixin.py:188} INFO - [2025-05-02T19:53:48.717+0000] {dag.py:3096} INFO - Sync 1 DAGs
[2025-05-02T19:53:48.775+0000] {logging_mixin.py:188} INFO - [2025-05-02T19:53:48.775+0000] {dag.py:3954} INFO - Setting next_dagrun for example_weekday_branch_operator to 2025-05-01 00:00:00+00:00, run_after=2025-05-02 00:00:00+00:00
[2025-05-02T19:53:48.837+0000] {processor.py:183} INFO - Processing /home/airflow/.local/lib/python3.12/site-packages/airflow/example_dags/example_branch_day_of_week_operator.py took 0.254 seconds
[2025-05-02T19:54:19.053+0000] {processor.py:161} INFO - Started process (PID=3174) to work on /home/airflow/.local/lib/python3.12/site-packages/airflow/example_dags/example_branch_day_of_week_operator.py
[2025-05-02T19:54:19.055+0000] {processor.py:830} INFO - Processing file /home/airflow/.local/lib/python3.12/site-packages/airflow/example_dags/example_branch_day_of_week_operator.py for tasks to queue
[2025-05-02T19:54:19.058+0000] {logging_mixin.py:188} INFO - [2025-05-02T19:54:19.057+0000] {dagbag.py:540} INFO - Filling up the DagBag from /home/airflow/.local/lib/python3.12/site-packages/airflow/example_dags/example_branch_day_of_week_operator.py
[2025-05-02T19:54:19.080+0000] {processor.py:840} INFO - DAG(s) 'example_weekday_branch_operator' retrieved from /home/airflow/.local/lib/python3.12/site-packages/airflow/example_dags/example_branch_day_of_week_operator.py
[2025-05-02T19:54:19.129+0000] {logging_mixin.py:188} INFO - [2025-05-02T19:54:19.128+0000] {dag.py:3096} INFO - Sync 1 DAGs
[2025-05-02T19:54:19.184+0000] {logging_mixin.py:188} INFO - [2025-05-02T19:54:19.183+0000] {dag.py:3954} INFO - Setting next_dagrun for example_weekday_branch_operator to 2025-05-01 00:00:00+00:00, run_after=2025-05-02 00:00:00+00:00
[2025-05-02T19:54:19.270+0000] {processor.py:183} INFO - Processing /home/airflow/.local/lib/python3.12/site-packages/airflow/example_dags/example_branch_day_of_week_operator.py took 0.229 seconds
[2025-05-02T19:54:49.603+0000] {processor.py:161} INFO - Started process (PID=3265) to work on /home/airflow/.local/lib/python3.12/site-packages/airflow/example_dags/example_branch_day_of_week_operator.py
[2025-05-02T19:54:49.605+0000] {processor.py:830} INFO - Processing file /home/airflow/.local/lib/python3.12/site-packages/airflow/example_dags/example_branch_day_of_week_operator.py for tasks to queue
[2025-05-02T19:54:49.610+0000] {logging_mixin.py:188} INFO - [2025-05-02T19:54:49.610+0000] {dagbag.py:540} INFO - Filling up the DagBag from /home/airflow/.local/lib/python3.12/site-packages/airflow/example_dags/example_branch_day_of_week_operator.py
[2025-05-02T19:54:49.649+0000] {processor.py:840} INFO - DAG(s) 'example_weekday_branch_operator' retrieved from /home/airflow/.local/lib/python3.12/site-packages/airflow/example_dags/example_branch_day_of_week_operator.py
[2025-05-02T19:54:49.719+0000] {logging_mixin.py:188} INFO - [2025-05-02T19:54:49.719+0000] {dag.py:3096} INFO - Sync 1 DAGs
[2025-05-02T19:54:49.773+0000] {logging_mixin.py:188} INFO - [2025-05-02T19:54:49.773+0000] {dag.py:3954} INFO - Setting next_dagrun for example_weekday_branch_operator to 2025-05-01 00:00:00+00:00, run_after=2025-05-02 00:00:00+00:00
[2025-05-02T19:54:49.828+0000] {processor.py:183} INFO - Processing /home/airflow/.local/lib/python3.12/site-packages/airflow/example_dags/example_branch_day_of_week_operator.py took 0.250 seconds
[2025-05-02T19:55:20.151+0000] {processor.py:161} INFO - Started process (PID=3360) to work on /home/airflow/.local/lib/python3.12/site-packages/airflow/example_dags/example_branch_day_of_week_operator.py
[2025-05-02T19:55:20.153+0000] {processor.py:830} INFO - Processing file /home/airflow/.local/lib/python3.12/site-packages/airflow/example_dags/example_branch_day_of_week_operator.py for tasks to queue
[2025-05-02T19:55:20.156+0000] {logging_mixin.py:188} INFO - [2025-05-02T19:55:20.156+0000] {dagbag.py:540} INFO - Filling up the DagBag from /home/airflow/.local/lib/python3.12/site-packages/airflow/example_dags/example_branch_day_of_week_operator.py
[2025-05-02T19:55:20.182+0000] {processor.py:840} INFO - DAG(s) 'example_weekday_branch_operator' retrieved from /home/airflow/.local/lib/python3.12/site-packages/airflow/example_dags/example_branch_day_of_week_operator.py
[2025-05-02T19:55:20.237+0000] {logging_mixin.py:188} INFO - [2025-05-02T19:55:20.236+0000] {dag.py:3096} INFO - Sync 1 DAGs
[2025-05-02T19:55:20.283+0000] {logging_mixin.py:188} INFO - [2025-05-02T19:55:20.283+0000] {dag.py:3954} INFO - Setting next_dagrun for example_weekday_branch_operator to 2025-05-01 00:00:00+00:00, run_after=2025-05-02 00:00:00+00:00
[2025-05-02T19:55:20.328+0000] {processor.py:183} INFO - Processing /home/airflow/.local/lib/python3.12/site-packages/airflow/example_dags/example_branch_day_of_week_operator.py took 0.205 seconds
[2025-05-02T19:55:51.369+0000] {processor.py:161} INFO - Started process (PID=3461) to work on /home/airflow/.local/lib/python3.12/site-packages/airflow/example_dags/example_branch_day_of_week_operator.py
[2025-05-02T19:55:51.370+0000] {processor.py:830} INFO - Processing file /home/airflow/.local/lib/python3.12/site-packages/airflow/example_dags/example_branch_day_of_week_operator.py for tasks to queue
[2025-05-02T19:55:51.373+0000] {logging_mixin.py:188} INFO - [2025-05-02T19:55:51.373+0000] {dagbag.py:540} INFO - Filling up the DagBag from /home/airflow/.local/lib/python3.12/site-packages/airflow/example_dags/example_branch_day_of_week_operator.py
[2025-05-02T19:55:51.389+0000] {processor.py:840} INFO - DAG(s) 'example_weekday_branch_operator' retrieved from /home/airflow/.local/lib/python3.12/site-packages/airflow/example_dags/example_branch_day_of_week_operator.py
[2025-05-02T19:55:51.437+0000] {logging_mixin.py:188} INFO - [2025-05-02T19:55:51.436+0000] {dag.py:3096} INFO - Sync 1 DAGs
[2025-05-02T19:55:51.485+0000] {logging_mixin.py:188} INFO - [2025-05-02T19:55:51.484+0000] {dag.py:3954} INFO - Setting next_dagrun for example_weekday_branch_operator to 2025-05-01 00:00:00+00:00, run_after=2025-05-02 00:00:00+00:00
[2025-05-02T19:55:51.553+0000] {processor.py:183} INFO - Processing /home/airflow/.local/lib/python3.12/site-packages/airflow/example_dags/example_branch_day_of_week_operator.py took 0.203 seconds
[2025-05-02T19:56:22.390+0000] {processor.py:161} INFO - Started process (PID=3560) to work on /home/airflow/.local/lib/python3.12/site-packages/airflow/example_dags/example_branch_day_of_week_operator.py
[2025-05-02T19:56:22.400+0000] {processor.py:830} INFO - Processing file /home/airflow/.local/lib/python3.12/site-packages/airflow/example_dags/example_branch_day_of_week_operator.py for tasks to queue
[2025-05-02T19:56:22.403+0000] {logging_mixin.py:188} INFO - [2025-05-02T19:56:22.402+0000] {dagbag.py:540} INFO - Filling up the DagBag from /home/airflow/.local/lib/python3.12/site-packages/airflow/example_dags/example_branch_day_of_week_operator.py
[2025-05-02T19:56:22.419+0000] {processor.py:840} INFO - DAG(s) 'example_weekday_branch_operator' retrieved from /home/airflow/.local/lib/python3.12/site-packages/airflow/example_dags/example_branch_day_of_week_operator.py
[2025-05-02T19:56:22.459+0000] {logging_mixin.py:188} INFO - [2025-05-02T19:56:22.458+0000] {dag.py:3096} INFO - Sync 1 DAGs
[2025-05-02T19:56:22.502+0000] {logging_mixin.py:188} INFO - [2025-05-02T19:56:22.501+0000] {dag.py:3954} INFO - Setting next_dagrun for example_weekday_branch_operator to 2025-05-01 00:00:00+00:00, run_after=2025-05-02 00:00:00+00:00
[2025-05-02T19:56:22.533+0000] {processor.py:183} INFO - Processing /home/airflow/.local/lib/python3.12/site-packages/airflow/example_dags/example_branch_day_of_week_operator.py took 0.153 seconds
[2025-05-02T19:56:53.674+0000] {processor.py:161} INFO - Started process (PID=3664) to work on /home/airflow/.local/lib/python3.12/site-packages/airflow/example_dags/example_branch_day_of_week_operator.py
[2025-05-02T19:56:53.675+0000] {processor.py:830} INFO - Processing file /home/airflow/.local/lib/python3.12/site-packages/airflow/example_dags/example_branch_day_of_week_operator.py for tasks to queue
[2025-05-02T19:56:53.679+0000] {logging_mixin.py:188} INFO - [2025-05-02T19:56:53.678+0000] {dagbag.py:540} INFO - Filling up the DagBag from /home/airflow/.local/lib/python3.12/site-packages/airflow/example_dags/example_branch_day_of_week_operator.py
[2025-05-02T19:56:53.696+0000] {processor.py:840} INFO - DAG(s) 'example_weekday_branch_operator' retrieved from /home/airflow/.local/lib/python3.12/site-packages/airflow/example_dags/example_branch_day_of_week_operator.py
[2025-05-02T19:56:53.736+0000] {logging_mixin.py:188} INFO - [2025-05-02T19:56:53.735+0000] {dag.py:3096} INFO - Sync 1 DAGs
[2025-05-02T19:56:53.783+0000] {logging_mixin.py:188} INFO - [2025-05-02T19:56:53.782+0000] {dag.py:3954} INFO - Setting next_dagrun for example_weekday_branch_operator to 2025-05-01 00:00:00+00:00, run_after=2025-05-02 00:00:00+00:00
[2025-05-02T19:56:53.823+0000] {processor.py:183} INFO - Processing /home/airflow/.local/lib/python3.12/site-packages/airflow/example_dags/example_branch_day_of_week_operator.py took 0.166 seconds
[2025-05-02T19:57:27.411+0000] {processor.py:161} INFO - Started process (PID=3766) to work on /home/airflow/.local/lib/python3.12/site-packages/airflow/example_dags/example_branch_day_of_week_operator.py
[2025-05-02T19:57:27.424+0000] {processor.py:830} INFO - Processing file /home/airflow/.local/lib/python3.12/site-packages/airflow/example_dags/example_branch_day_of_week_operator.py for tasks to queue
[2025-05-02T19:57:27.430+0000] {logging_mixin.py:188} INFO - [2025-05-02T19:57:27.429+0000] {dagbag.py:540} INFO - Filling up the DagBag from /home/airflow/.local/lib/python3.12/site-packages/airflow/example_dags/example_branch_day_of_week_operator.py
[2025-05-02T19:57:27.461+0000] {processor.py:840} INFO - DAG(s) 'example_weekday_branch_operator' retrieved from /home/airflow/.local/lib/python3.12/site-packages/airflow/example_dags/example_branch_day_of_week_operator.py
[2025-05-02T19:57:27.528+0000] {logging_mixin.py:188} INFO - [2025-05-02T19:57:27.527+0000] {dag.py:3096} INFO - Sync 1 DAGs
[2025-05-02T19:57:27.598+0000] {logging_mixin.py:188} INFO - [2025-05-02T19:57:27.597+0000] {dag.py:3954} INFO - Setting next_dagrun for example_weekday_branch_operator to 2025-05-01 00:00:00+00:00, run_after=2025-05-02 00:00:00+00:00
[2025-05-02T19:57:27.686+0000] {processor.py:183} INFO - Processing /home/airflow/.local/lib/python3.12/site-packages/airflow/example_dags/example_branch_day_of_week_operator.py took 0.297 seconds
[2025-05-02T19:57:58.969+0000] {processor.py:161} INFO - Started process (PID=3852) to work on /home/airflow/.local/lib/python3.12/site-packages/airflow/example_dags/example_branch_day_of_week_operator.py
[2025-05-02T19:57:58.971+0000] {processor.py:830} INFO - Processing file /home/airflow/.local/lib/python3.12/site-packages/airflow/example_dags/example_branch_day_of_week_operator.py for tasks to queue
[2025-05-02T19:57:58.976+0000] {logging_mixin.py:188} INFO - [2025-05-02T19:57:58.975+0000] {dagbag.py:540} INFO - Filling up the DagBag from /home/airflow/.local/lib/python3.12/site-packages/airflow/example_dags/example_branch_day_of_week_operator.py
[2025-05-02T19:57:59.005+0000] {processor.py:840} INFO - DAG(s) 'example_weekday_branch_operator' retrieved from /home/airflow/.local/lib/python3.12/site-packages/airflow/example_dags/example_branch_day_of_week_operator.py
[2025-05-02T19:57:59.056+0000] {logging_mixin.py:188} INFO - [2025-05-02T19:57:59.055+0000] {dag.py:3096} INFO - Sync 1 DAGs
[2025-05-02T19:57:59.157+0000] {logging_mixin.py:188} INFO - [2025-05-02T19:57:59.156+0000] {dag.py:3954} INFO - Setting next_dagrun for example_weekday_branch_operator to 2025-05-01 00:00:00+00:00, run_after=2025-05-02 00:00:00+00:00
[2025-05-02T19:57:59.200+0000] {processor.py:183} INFO - Processing /home/airflow/.local/lib/python3.12/site-packages/airflow/example_dags/example_branch_day_of_week_operator.py took 0.243 seconds
