[2025-05-02T19:33:08.581+0000] {processor.py:161} INFO - Started process (PID=98) to work on /home/airflow/.local/lib/python3.12/site-packages/airflow/example_dags/example_branch_python_dop_operator_3.py
[2025-05-02T19:33:08.582+0000] {processor.py:830} INFO - Processing file /home/airflow/.local/lib/python3.12/site-packages/airflow/example_dags/example_branch_python_dop_operator_3.py for tasks to queue
[2025-05-02T19:33:08.585+0000] {logging_mixin.py:188} INFO - [2025-05-02T19:33:08.584+0000] {dagbag.py:540} INFO - Filling up the DagBag from /home/airflow/.local/lib/python3.12/site-packages/airflow/example_dags/example_branch_python_dop_operator_3.py
[2025-05-02T19:33:08.599+0000] {processor.py:840} INFO - DAG(s) 'example_branch_dop_operator_v3' retrieved from /home/airflow/.local/lib/python3.12/site-packages/airflow/example_dags/example_branch_python_dop_operator_3.py
[2025-05-02T19:33:08.613+0000] {logging_mixin.py:188} INFO - [2025-05-02T19:33:08.613+0000] {dag.py:3096} INFO - Sync 1 DAGs
[2025-05-02T19:33:08.653+0000] {logging_mixin.py:188} INFO - [2025-05-02T19:33:08.652+0000] {dag.py:3954} INFO - Setting next_dagrun for example_branch_dop_operator_v3 to 2025-05-02 19:32:00+00:00, run_after=2025-05-02 19:33:00+00:00
[2025-05-02T19:33:08.677+0000] {processor.py:183} INFO - Processing /home/airflow/.local/lib/python3.12/site-packages/airflow/example_dags/example_branch_python_dop_operator_3.py took 0.105 seconds
[2025-05-02T19:33:39.179+0000] {processor.py:161} INFO - Started process (PID=150) to work on /home/airflow/.local/lib/python3.12/site-packages/airflow/example_dags/example_branch_python_dop_operator_3.py
[2025-05-02T19:33:39.180+0000] {processor.py:830} INFO - Processing file /home/airflow/.local/lib/python3.12/site-packages/airflow/example_dags/example_branch_python_dop_operator_3.py for tasks to queue
[2025-05-02T19:33:39.183+0000] {logging_mixin.py:188} INFO - [2025-05-02T19:33:39.182+0000] {dagbag.py:540} INFO - Filling up the DagBag from /home/airflow/.local/lib/python3.12/site-packages/airflow/example_dags/example_branch_python_dop_operator_3.py
[2025-05-02T19:33:39.193+0000] {processor.py:840} INFO - DAG(s) 'example_branch_dop_operator_v3' retrieved from /home/airflow/.local/lib/python3.12/site-packages/airflow/example_dags/example_branch_python_dop_operator_3.py
[2025-05-02T19:33:39.272+0000] {logging_mixin.py:188} INFO - [2025-05-02T19:33:39.272+0000] {dag.py:3096} INFO - Sync 1 DAGs
[2025-05-02T19:33:39.292+0000] {logging_mixin.py:188} INFO - [2025-05-02T19:33:39.292+0000] {dag.py:3954} INFO - Setting next_dagrun for example_branch_dop_operator_v3 to 2025-05-02 19:32:00+00:00, run_after=2025-05-02 19:33:00+00:00
[2025-05-02T19:33:39.309+0000] {processor.py:183} INFO - Processing /home/airflow/.local/lib/python3.12/site-packages/airflow/example_dags/example_branch_python_dop_operator_3.py took 0.139 seconds
[2025-05-02T19:34:10.180+0000] {processor.py:161} INFO - Started process (PID=208) to work on /home/airflow/.local/lib/python3.12/site-packages/airflow/example_dags/example_branch_python_dop_operator_3.py
[2025-05-02T19:34:10.181+0000] {processor.py:830} INFO - Processing file /home/airflow/.local/lib/python3.12/site-packages/airflow/example_dags/example_branch_python_dop_operator_3.py for tasks to queue
[2025-05-02T19:34:10.183+0000] {logging_mixin.py:188} INFO - [2025-05-02T19:34:10.182+0000] {dagbag.py:540} INFO - Filling up the DagBag from /home/airflow/.local/lib/python3.12/site-packages/airflow/example_dags/example_branch_python_dop_operator_3.py
[2025-05-02T19:34:10.190+0000] {processor.py:840} INFO - DAG(s) 'example_branch_dop_operator_v3' retrieved from /home/airflow/.local/lib/python3.12/site-packages/airflow/example_dags/example_branch_python_dop_operator_3.py
[2025-05-02T19:34:10.206+0000] {logging_mixin.py:188} INFO - [2025-05-02T19:34:10.206+0000] {dag.py:3096} INFO - Sync 1 DAGs
[2025-05-02T19:34:10.224+0000] {logging_mixin.py:188} INFO - [2025-05-02T19:34:10.224+0000] {dag.py:3954} INFO - Setting next_dagrun for example_branch_dop_operator_v3 to 2025-05-02 19:33:00+00:00, run_after=2025-05-02 19:34:00+00:00
[2025-05-02T19:34:10.241+0000] {processor.py:183} INFO - Processing /home/airflow/.local/lib/python3.12/site-packages/airflow/example_dags/example_branch_python_dop_operator_3.py took 0.067 seconds
[2025-05-02T19:34:41.219+0000] {processor.py:161} INFO - Started process (PID=266) to work on /home/airflow/.local/lib/python3.12/site-packages/airflow/example_dags/example_branch_python_dop_operator_3.py
[2025-05-02T19:34:41.220+0000] {processor.py:830} INFO - Processing file /home/airflow/.local/lib/python3.12/site-packages/airflow/example_dags/example_branch_python_dop_operator_3.py for tasks to queue
[2025-05-02T19:34:41.222+0000] {logging_mixin.py:188} INFO - [2025-05-02T19:34:41.222+0000] {dagbag.py:540} INFO - Filling up the DagBag from /home/airflow/.local/lib/python3.12/site-packages/airflow/example_dags/example_branch_python_dop_operator_3.py
[2025-05-02T19:34:41.235+0000] {processor.py:840} INFO - DAG(s) 'example_branch_dop_operator_v3' retrieved from /home/airflow/.local/lib/python3.12/site-packages/airflow/example_dags/example_branch_python_dop_operator_3.py
[2025-05-02T19:34:41.261+0000] {logging_mixin.py:188} INFO - [2025-05-02T19:34:41.260+0000] {dag.py:3096} INFO - Sync 1 DAGs
[2025-05-02T19:34:41.285+0000] {logging_mixin.py:188} INFO - [2025-05-02T19:34:41.285+0000] {dag.py:3954} INFO - Setting next_dagrun for example_branch_dop_operator_v3 to 2025-05-02 19:33:00+00:00, run_after=2025-05-02 19:34:00+00:00
[2025-05-02T19:34:41.303+0000] {processor.py:183} INFO - Processing /home/airflow/.local/lib/python3.12/site-packages/airflow/example_dags/example_branch_python_dop_operator_3.py took 0.094 seconds
[2025-05-02T19:35:13.612+0000] {processor.py:161} INFO - Started process (PID=324) to work on /home/airflow/.local/lib/python3.12/site-packages/airflow/example_dags/example_branch_python_dop_operator_3.py
[2025-05-02T19:35:13.613+0000] {processor.py:830} INFO - Processing file /home/airflow/.local/lib/python3.12/site-packages/airflow/example_dags/example_branch_python_dop_operator_3.py for tasks to queue
[2025-05-02T19:35:13.614+0000] {logging_mixin.py:188} INFO - [2025-05-02T19:35:13.614+0000] {dagbag.py:540} INFO - Filling up the DagBag from /home/airflow/.local/lib/python3.12/site-packages/airflow/example_dags/example_branch_python_dop_operator_3.py
[2025-05-02T19:35:13.620+0000] {processor.py:840} INFO - DAG(s) 'example_branch_dop_operator_v3' retrieved from /home/airflow/.local/lib/python3.12/site-packages/airflow/example_dags/example_branch_python_dop_operator_3.py
[2025-05-02T19:35:13.642+0000] {logging_mixin.py:188} INFO - [2025-05-02T19:35:13.641+0000] {dag.py:3096} INFO - Sync 1 DAGs
[2025-05-02T19:35:13.670+0000] {logging_mixin.py:188} INFO - [2025-05-02T19:35:13.670+0000] {dag.py:3954} INFO - Setting next_dagrun for example_branch_dop_operator_v3 to 2025-05-02 19:34:00+00:00, run_after=2025-05-02 19:35:00+00:00
[2025-05-02T19:35:13.687+0000] {processor.py:183} INFO - Processing /home/airflow/.local/lib/python3.12/site-packages/airflow/example_dags/example_branch_python_dop_operator_3.py took 0.079 seconds
[2025-05-02T19:35:44.559+0000] {processor.py:161} INFO - Started process (PID=382) to work on /home/airflow/.local/lib/python3.12/site-packages/airflow/example_dags/example_branch_python_dop_operator_3.py
[2025-05-02T19:35:44.560+0000] {processor.py:830} INFO - Processing file /home/airflow/.local/lib/python3.12/site-packages/airflow/example_dags/example_branch_python_dop_operator_3.py for tasks to queue
[2025-05-02T19:35:44.562+0000] {logging_mixin.py:188} INFO - [2025-05-02T19:35:44.562+0000] {dagbag.py:540} INFO - Filling up the DagBag from /home/airflow/.local/lib/python3.12/site-packages/airflow/example_dags/example_branch_python_dop_operator_3.py
[2025-05-02T19:35:44.569+0000] {processor.py:840} INFO - DAG(s) 'example_branch_dop_operator_v3' retrieved from /home/airflow/.local/lib/python3.12/site-packages/airflow/example_dags/example_branch_python_dop_operator_3.py
[2025-05-02T19:35:44.586+0000] {logging_mixin.py:188} INFO - [2025-05-02T19:35:44.586+0000] {dag.py:3096} INFO - Sync 1 DAGs
[2025-05-02T19:35:44.607+0000] {logging_mixin.py:188} INFO - [2025-05-02T19:35:44.607+0000] {dag.py:3954} INFO - Setting next_dagrun for example_branch_dop_operator_v3 to 2025-05-02 19:34:00+00:00, run_after=2025-05-02 19:35:00+00:00
[2025-05-02T19:35:44.632+0000] {processor.py:183} INFO - Processing /home/airflow/.local/lib/python3.12/site-packages/airflow/example_dags/example_branch_python_dop_operator_3.py took 0.079 seconds
[2025-05-02T19:36:14.670+0000] {processor.py:161} INFO - Started process (PID=440) to work on /home/airflow/.local/lib/python3.12/site-packages/airflow/example_dags/example_branch_python_dop_operator_3.py
[2025-05-02T19:36:14.678+0000] {processor.py:830} INFO - Processing file /home/airflow/.local/lib/python3.12/site-packages/airflow/example_dags/example_branch_python_dop_operator_3.py for tasks to queue
[2025-05-02T19:36:14.680+0000] {logging_mixin.py:188} INFO - [2025-05-02T19:36:14.680+0000] {dagbag.py:540} INFO - Filling up the DagBag from /home/airflow/.local/lib/python3.12/site-packages/airflow/example_dags/example_branch_python_dop_operator_3.py
[2025-05-02T19:36:14.688+0000] {processor.py:840} INFO - DAG(s) 'example_branch_dop_operator_v3' retrieved from /home/airflow/.local/lib/python3.12/site-packages/airflow/example_dags/example_branch_python_dop_operator_3.py
[2025-05-02T19:36:14.707+0000] {logging_mixin.py:188} INFO - [2025-05-02T19:36:14.707+0000] {dag.py:3096} INFO - Sync 1 DAGs
[2025-05-02T19:36:14.725+0000] {logging_mixin.py:188} INFO - [2025-05-02T19:36:14.725+0000] {dag.py:3954} INFO - Setting next_dagrun for example_branch_dop_operator_v3 to 2025-05-02 19:35:00+00:00, run_after=2025-05-02 19:36:00+00:00
[2025-05-02T19:36:14.742+0000] {processor.py:183} INFO - Processing /home/airflow/.local/lib/python3.12/site-packages/airflow/example_dags/example_branch_python_dop_operator_3.py took 0.078 seconds
[2025-05-02T19:36:45.234+0000] {processor.py:161} INFO - Started process (PID=498) to work on /home/airflow/.local/lib/python3.12/site-packages/airflow/example_dags/example_branch_python_dop_operator_3.py
[2025-05-02T19:36:45.234+0000] {processor.py:830} INFO - Processing file /home/airflow/.local/lib/python3.12/site-packages/airflow/example_dags/example_branch_python_dop_operator_3.py for tasks to queue
[2025-05-02T19:36:45.235+0000] {logging_mixin.py:188} INFO - [2025-05-02T19:36:45.235+0000] {dagbag.py:540} INFO - Filling up the DagBag from /home/airflow/.local/lib/python3.12/site-packages/airflow/example_dags/example_branch_python_dop_operator_3.py
[2025-05-02T19:36:45.242+0000] {processor.py:840} INFO - DAG(s) 'example_branch_dop_operator_v3' retrieved from /home/airflow/.local/lib/python3.12/site-packages/airflow/example_dags/example_branch_python_dop_operator_3.py
[2025-05-02T19:36:45.258+0000] {logging_mixin.py:188} INFO - [2025-05-02T19:36:45.258+0000] {dag.py:3096} INFO - Sync 1 DAGs
[2025-05-02T19:36:45.278+0000] {logging_mixin.py:188} INFO - [2025-05-02T19:36:45.278+0000] {dag.py:3954} INFO - Setting next_dagrun for example_branch_dop_operator_v3 to 2025-05-02 19:35:00+00:00, run_after=2025-05-02 19:36:00+00:00
[2025-05-02T19:36:45.294+0000] {processor.py:183} INFO - Processing /home/airflow/.local/lib/python3.12/site-packages/airflow/example_dags/example_branch_python_dop_operator_3.py took 0.065 seconds
[2025-05-02T19:37:15.622+0000] {processor.py:161} INFO - Started process (PID=556) to work on /home/airflow/.local/lib/python3.12/site-packages/airflow/example_dags/example_branch_python_dop_operator_3.py
[2025-05-02T19:37:15.623+0000] {processor.py:830} INFO - Processing file /home/airflow/.local/lib/python3.12/site-packages/airflow/example_dags/example_branch_python_dop_operator_3.py for tasks to queue
[2025-05-02T19:37:15.624+0000] {logging_mixin.py:188} INFO - [2025-05-02T19:37:15.624+0000] {dagbag.py:540} INFO - Filling up the DagBag from /home/airflow/.local/lib/python3.12/site-packages/airflow/example_dags/example_branch_python_dop_operator_3.py
[2025-05-02T19:37:15.631+0000] {processor.py:840} INFO - DAG(s) 'example_branch_dop_operator_v3' retrieved from /home/airflow/.local/lib/python3.12/site-packages/airflow/example_dags/example_branch_python_dop_operator_3.py
[2025-05-02T19:37:15.647+0000] {logging_mixin.py:188} INFO - [2025-05-02T19:37:15.647+0000] {dag.py:3096} INFO - Sync 1 DAGs
[2025-05-02T19:37:15.673+0000] {logging_mixin.py:188} INFO - [2025-05-02T19:37:15.673+0000] {dag.py:3954} INFO - Setting next_dagrun for example_branch_dop_operator_v3 to 2025-05-02 19:36:00+00:00, run_after=2025-05-02 19:37:00+00:00
[2025-05-02T19:37:15.694+0000] {processor.py:183} INFO - Processing /home/airflow/.local/lib/python3.12/site-packages/airflow/example_dags/example_branch_python_dop_operator_3.py took 0.078 seconds
[2025-05-02T19:37:46.028+0000] {processor.py:161} INFO - Started process (PID=614) to work on /home/airflow/.local/lib/python3.12/site-packages/airflow/example_dags/example_branch_python_dop_operator_3.py
[2025-05-02T19:37:46.029+0000] {processor.py:830} INFO - Processing file /home/airflow/.local/lib/python3.12/site-packages/airflow/example_dags/example_branch_python_dop_operator_3.py for tasks to queue
[2025-05-02T19:37:46.030+0000] {logging_mixin.py:188} INFO - [2025-05-02T19:37:46.030+0000] {dagbag.py:540} INFO - Filling up the DagBag from /home/airflow/.local/lib/python3.12/site-packages/airflow/example_dags/example_branch_python_dop_operator_3.py
[2025-05-02T19:37:46.039+0000] {processor.py:840} INFO - DAG(s) 'example_branch_dop_operator_v3' retrieved from /home/airflow/.local/lib/python3.12/site-packages/airflow/example_dags/example_branch_python_dop_operator_3.py
[2025-05-02T19:37:46.056+0000] {logging_mixin.py:188} INFO - [2025-05-02T19:37:46.056+0000] {dag.py:3096} INFO - Sync 1 DAGs
[2025-05-02T19:37:46.076+0000] {logging_mixin.py:188} INFO - [2025-05-02T19:37:46.076+0000] {dag.py:3954} INFO - Setting next_dagrun for example_branch_dop_operator_v3 to 2025-05-02 19:36:00+00:00, run_after=2025-05-02 19:37:00+00:00
[2025-05-02T19:37:46.091+0000] {processor.py:183} INFO - Processing /home/airflow/.local/lib/python3.12/site-packages/airflow/example_dags/example_branch_python_dop_operator_3.py took 0.068 seconds
[2025-05-02T19:38:16.588+0000] {processor.py:161} INFO - Started process (PID=672) to work on /home/airflow/.local/lib/python3.12/site-packages/airflow/example_dags/example_branch_python_dop_operator_3.py
[2025-05-02T19:38:16.589+0000] {processor.py:830} INFO - Processing file /home/airflow/.local/lib/python3.12/site-packages/airflow/example_dags/example_branch_python_dop_operator_3.py for tasks to queue
[2025-05-02T19:38:16.590+0000] {logging_mixin.py:188} INFO - [2025-05-02T19:38:16.590+0000] {dagbag.py:540} INFO - Filling up the DagBag from /home/airflow/.local/lib/python3.12/site-packages/airflow/example_dags/example_branch_python_dop_operator_3.py
[2025-05-02T19:38:16.598+0000] {processor.py:840} INFO - DAG(s) 'example_branch_dop_operator_v3' retrieved from /home/airflow/.local/lib/python3.12/site-packages/airflow/example_dags/example_branch_python_dop_operator_3.py
[2025-05-02T19:38:16.615+0000] {logging_mixin.py:188} INFO - [2025-05-02T19:38:16.615+0000] {dag.py:3096} INFO - Sync 1 DAGs
[2025-05-02T19:38:16.639+0000] {logging_mixin.py:188} INFO - [2025-05-02T19:38:16.639+0000] {dag.py:3954} INFO - Setting next_dagrun for example_branch_dop_operator_v3 to 2025-05-02 19:37:00+00:00, run_after=2025-05-02 19:38:00+00:00
[2025-05-02T19:38:16.659+0000] {processor.py:183} INFO - Processing /home/airflow/.local/lib/python3.12/site-packages/airflow/example_dags/example_branch_python_dop_operator_3.py took 0.076 seconds
[2025-05-02T19:38:46.864+0000] {processor.py:161} INFO - Started process (PID=730) to work on /home/airflow/.local/lib/python3.12/site-packages/airflow/example_dags/example_branch_python_dop_operator_3.py
[2025-05-02T19:38:46.865+0000] {processor.py:830} INFO - Processing file /home/airflow/.local/lib/python3.12/site-packages/airflow/example_dags/example_branch_python_dop_operator_3.py for tasks to queue
[2025-05-02T19:38:46.866+0000] {logging_mixin.py:188} INFO - [2025-05-02T19:38:46.866+0000] {dagbag.py:540} INFO - Filling up the DagBag from /home/airflow/.local/lib/python3.12/site-packages/airflow/example_dags/example_branch_python_dop_operator_3.py
[2025-05-02T19:38:46.873+0000] {processor.py:840} INFO - DAG(s) 'example_branch_dop_operator_v3' retrieved from /home/airflow/.local/lib/python3.12/site-packages/airflow/example_dags/example_branch_python_dop_operator_3.py
[2025-05-02T19:38:46.889+0000] {logging_mixin.py:188} INFO - [2025-05-02T19:38:46.889+0000] {dag.py:3096} INFO - Sync 1 DAGs
[2025-05-02T19:38:46.910+0000] {logging_mixin.py:188} INFO - [2025-05-02T19:38:46.910+0000] {dag.py:3954} INFO - Setting next_dagrun for example_branch_dop_operator_v3 to 2025-05-02 19:37:00+00:00, run_after=2025-05-02 19:38:00+00:00
[2025-05-02T19:38:46.926+0000] {processor.py:183} INFO - Processing /home/airflow/.local/lib/python3.12/site-packages/airflow/example_dags/example_branch_python_dop_operator_3.py took 0.068 seconds
[2025-05-02T19:39:19.241+0000] {processor.py:161} INFO - Started process (PID=788) to work on /home/airflow/.local/lib/python3.12/site-packages/airflow/example_dags/example_branch_python_dop_operator_3.py
[2025-05-02T19:39:19.242+0000] {processor.py:830} INFO - Processing file /home/airflow/.local/lib/python3.12/site-packages/airflow/example_dags/example_branch_python_dop_operator_3.py for tasks to queue
[2025-05-02T19:39:19.243+0000] {logging_mixin.py:188} INFO - [2025-05-02T19:39:19.243+0000] {dagbag.py:540} INFO - Filling up the DagBag from /home/airflow/.local/lib/python3.12/site-packages/airflow/example_dags/example_branch_python_dop_operator_3.py
[2025-05-02T19:39:19.252+0000] {processor.py:840} INFO - DAG(s) 'example_branch_dop_operator_v3' retrieved from /home/airflow/.local/lib/python3.12/site-packages/airflow/example_dags/example_branch_python_dop_operator_3.py
[2025-05-02T19:39:19.269+0000] {logging_mixin.py:188} INFO - [2025-05-02T19:39:19.268+0000] {dag.py:3096} INFO - Sync 1 DAGs
[2025-05-02T19:39:19.289+0000] {logging_mixin.py:188} INFO - [2025-05-02T19:39:19.289+0000] {dag.py:3954} INFO - Setting next_dagrun for example_branch_dop_operator_v3 to 2025-05-02 19:38:00+00:00, run_after=2025-05-02 19:39:00+00:00
[2025-05-02T19:39:19.305+0000] {processor.py:183} INFO - Processing /home/airflow/.local/lib/python3.12/site-packages/airflow/example_dags/example_branch_python_dop_operator_3.py took 0.070 seconds
[2025-05-02T19:39:49.909+0000] {processor.py:161} INFO - Started process (PID=846) to work on /home/airflow/.local/lib/python3.12/site-packages/airflow/example_dags/example_branch_python_dop_operator_3.py
[2025-05-02T19:39:49.910+0000] {processor.py:830} INFO - Processing file /home/airflow/.local/lib/python3.12/site-packages/airflow/example_dags/example_branch_python_dop_operator_3.py for tasks to queue
[2025-05-02T19:39:49.912+0000] {logging_mixin.py:188} INFO - [2025-05-02T19:39:49.912+0000] {dagbag.py:540} INFO - Filling up the DagBag from /home/airflow/.local/lib/python3.12/site-packages/airflow/example_dags/example_branch_python_dop_operator_3.py
[2025-05-02T19:39:49.918+0000] {processor.py:840} INFO - DAG(s) 'example_branch_dop_operator_v3' retrieved from /home/airflow/.local/lib/python3.12/site-packages/airflow/example_dags/example_branch_python_dop_operator_3.py
[2025-05-02T19:39:49.938+0000] {logging_mixin.py:188} INFO - [2025-05-02T19:39:49.938+0000] {dag.py:3096} INFO - Sync 1 DAGs
[2025-05-02T19:39:49.960+0000] {logging_mixin.py:188} INFO - [2025-05-02T19:39:49.960+0000] {dag.py:3954} INFO - Setting next_dagrun for example_branch_dop_operator_v3 to 2025-05-02 19:38:00+00:00, run_after=2025-05-02 19:39:00+00:00
[2025-05-02T19:39:49.976+0000] {processor.py:183} INFO - Processing /home/airflow/.local/lib/python3.12/site-packages/airflow/example_dags/example_branch_python_dop_operator_3.py took 0.071 seconds
[2025-05-02T19:40:20.651+0000] {processor.py:161} INFO - Started process (PID=904) to work on /home/airflow/.local/lib/python3.12/site-packages/airflow/example_dags/example_branch_python_dop_operator_3.py
[2025-05-02T19:40:20.652+0000] {processor.py:830} INFO - Processing file /home/airflow/.local/lib/python3.12/site-packages/airflow/example_dags/example_branch_python_dop_operator_3.py for tasks to queue
[2025-05-02T19:40:20.654+0000] {logging_mixin.py:188} INFO - [2025-05-02T19:40:20.654+0000] {dagbag.py:540} INFO - Filling up the DagBag from /home/airflow/.local/lib/python3.12/site-packages/airflow/example_dags/example_branch_python_dop_operator_3.py
[2025-05-02T19:40:20.662+0000] {processor.py:840} INFO - DAG(s) 'example_branch_dop_operator_v3' retrieved from /home/airflow/.local/lib/python3.12/site-packages/airflow/example_dags/example_branch_python_dop_operator_3.py
[2025-05-02T19:40:20.679+0000] {logging_mixin.py:188} INFO - [2025-05-02T19:40:20.679+0000] {dag.py:3096} INFO - Sync 1 DAGs
[2025-05-02T19:40:20.701+0000] {logging_mixin.py:188} INFO - [2025-05-02T19:40:20.701+0000] {dag.py:3954} INFO - Setting next_dagrun for example_branch_dop_operator_v3 to 2025-05-02 19:39:00+00:00, run_after=2025-05-02 19:40:00+00:00
[2025-05-02T19:40:20.719+0000] {processor.py:183} INFO - Processing /home/airflow/.local/lib/python3.12/site-packages/airflow/example_dags/example_branch_python_dop_operator_3.py took 0.073 seconds
[2025-05-02T19:40:51.020+0000] {processor.py:161} INFO - Started process (PID=961) to work on /home/airflow/.local/lib/python3.12/site-packages/airflow/example_dags/example_branch_python_dop_operator_3.py
[2025-05-02T19:40:51.021+0000] {processor.py:830} INFO - Processing file /home/airflow/.local/lib/python3.12/site-packages/airflow/example_dags/example_branch_python_dop_operator_3.py for tasks to queue
[2025-05-02T19:40:51.022+0000] {logging_mixin.py:188} INFO - [2025-05-02T19:40:51.022+0000] {dagbag.py:540} INFO - Filling up the DagBag from /home/airflow/.local/lib/python3.12/site-packages/airflow/example_dags/example_branch_python_dop_operator_3.py
[2025-05-02T19:40:51.030+0000] {processor.py:840} INFO - DAG(s) 'example_branch_dop_operator_v3' retrieved from /home/airflow/.local/lib/python3.12/site-packages/airflow/example_dags/example_branch_python_dop_operator_3.py
[2025-05-02T19:40:51.046+0000] {logging_mixin.py:188} INFO - [2025-05-02T19:40:51.046+0000] {dag.py:3096} INFO - Sync 1 DAGs
[2025-05-02T19:40:51.065+0000] {logging_mixin.py:188} INFO - [2025-05-02T19:40:51.065+0000] {dag.py:3954} INFO - Setting next_dagrun for example_branch_dop_operator_v3 to 2025-05-02 19:39:00+00:00, run_after=2025-05-02 19:40:00+00:00
[2025-05-02T19:40:51.080+0000] {processor.py:183} INFO - Processing /home/airflow/.local/lib/python3.12/site-packages/airflow/example_dags/example_branch_python_dop_operator_3.py took 0.066 seconds
[2025-05-02T19:41:21.635+0000] {processor.py:161} INFO - Started process (PID=1020) to work on /home/airflow/.local/lib/python3.12/site-packages/airflow/example_dags/example_branch_python_dop_operator_3.py
[2025-05-02T19:41:21.636+0000] {processor.py:830} INFO - Processing file /home/airflow/.local/lib/python3.12/site-packages/airflow/example_dags/example_branch_python_dop_operator_3.py for tasks to queue
[2025-05-02T19:41:21.637+0000] {logging_mixin.py:188} INFO - [2025-05-02T19:41:21.637+0000] {dagbag.py:540} INFO - Filling up the DagBag from /home/airflow/.local/lib/python3.12/site-packages/airflow/example_dags/example_branch_python_dop_operator_3.py
[2025-05-02T19:41:21.643+0000] {processor.py:840} INFO - DAG(s) 'example_branch_dop_operator_v3' retrieved from /home/airflow/.local/lib/python3.12/site-packages/airflow/example_dags/example_branch_python_dop_operator_3.py
[2025-05-02T19:41:21.658+0000] {logging_mixin.py:188} INFO - [2025-05-02T19:41:21.658+0000] {dag.py:3096} INFO - Sync 1 DAGs
[2025-05-02T19:41:21.682+0000] {logging_mixin.py:188} INFO - [2025-05-02T19:41:21.682+0000] {dag.py:3954} INFO - Setting next_dagrun for example_branch_dop_operator_v3 to 2025-05-02 19:40:00+00:00, run_after=2025-05-02 19:41:00+00:00
[2025-05-02T19:41:21.697+0000] {processor.py:183} INFO - Processing /home/airflow/.local/lib/python3.12/site-packages/airflow/example_dags/example_branch_python_dop_operator_3.py took 0.067 seconds
[2025-05-02T19:41:52.205+0000] {processor.py:161} INFO - Started process (PID=1078) to work on /home/airflow/.local/lib/python3.12/site-packages/airflow/example_dags/example_branch_python_dop_operator_3.py
[2025-05-02T19:41:52.207+0000] {processor.py:830} INFO - Processing file /home/airflow/.local/lib/python3.12/site-packages/airflow/example_dags/example_branch_python_dop_operator_3.py for tasks to queue
[2025-05-02T19:41:52.209+0000] {logging_mixin.py:188} INFO - [2025-05-02T19:41:52.209+0000] {dagbag.py:540} INFO - Filling up the DagBag from /home/airflow/.local/lib/python3.12/site-packages/airflow/example_dags/example_branch_python_dop_operator_3.py
[2025-05-02T19:41:52.218+0000] {processor.py:840} INFO - DAG(s) 'example_branch_dop_operator_v3' retrieved from /home/airflow/.local/lib/python3.12/site-packages/airflow/example_dags/example_branch_python_dop_operator_3.py
[2025-05-02T19:41:52.236+0000] {logging_mixin.py:188} INFO - [2025-05-02T19:41:52.235+0000] {dag.py:3096} INFO - Sync 1 DAGs
[2025-05-02T19:41:52.254+0000] {logging_mixin.py:188} INFO - [2025-05-02T19:41:52.254+0000] {dag.py:3954} INFO - Setting next_dagrun for example_branch_dop_operator_v3 to 2025-05-02 19:40:00+00:00, run_after=2025-05-02 19:41:00+00:00
[2025-05-02T19:41:52.271+0000] {processor.py:183} INFO - Processing /home/airflow/.local/lib/python3.12/site-packages/airflow/example_dags/example_branch_python_dop_operator_3.py took 0.071 seconds
[2025-05-02T19:42:22.834+0000] {processor.py:161} INFO - Started process (PID=1129) to work on /home/airflow/.local/lib/python3.12/site-packages/airflow/example_dags/example_branch_python_dop_operator_3.py
[2025-05-02T19:42:22.835+0000] {processor.py:830} INFO - Processing file /home/airflow/.local/lib/python3.12/site-packages/airflow/example_dags/example_branch_python_dop_operator_3.py for tasks to queue
[2025-05-02T19:42:22.838+0000] {logging_mixin.py:188} INFO - [2025-05-02T19:42:22.837+0000] {dagbag.py:540} INFO - Filling up the DagBag from /home/airflow/.local/lib/python3.12/site-packages/airflow/example_dags/example_branch_python_dop_operator_3.py
[2025-05-02T19:42:22.848+0000] {processor.py:840} INFO - DAG(s) 'example_branch_dop_operator_v3' retrieved from /home/airflow/.local/lib/python3.12/site-packages/airflow/example_dags/example_branch_python_dop_operator_3.py
[2025-05-02T19:42:22.873+0000] {logging_mixin.py:188} INFO - [2025-05-02T19:42:22.873+0000] {dag.py:3096} INFO - Sync 1 DAGs
[2025-05-02T19:42:22.900+0000] {logging_mixin.py:188} INFO - [2025-05-02T19:42:22.899+0000] {dag.py:3954} INFO - Setting next_dagrun for example_branch_dop_operator_v3 to 2025-05-02 19:41:00+00:00, run_after=2025-05-02 19:42:00+00:00
[2025-05-02T19:42:22.920+0000] {processor.py:183} INFO - Processing /home/airflow/.local/lib/python3.12/site-packages/airflow/example_dags/example_branch_python_dop_operator_3.py took 0.092 seconds
[2025-05-02T19:42:53.509+0000] {processor.py:161} INFO - Started process (PID=1187) to work on /home/airflow/.local/lib/python3.12/site-packages/airflow/example_dags/example_branch_python_dop_operator_3.py
[2025-05-02T19:42:53.509+0000] {processor.py:830} INFO - Processing file /home/airflow/.local/lib/python3.12/site-packages/airflow/example_dags/example_branch_python_dop_operator_3.py for tasks to queue
[2025-05-02T19:42:53.511+0000] {logging_mixin.py:188} INFO - [2025-05-02T19:42:53.511+0000] {dagbag.py:540} INFO - Filling up the DagBag from /home/airflow/.local/lib/python3.12/site-packages/airflow/example_dags/example_branch_python_dop_operator_3.py
[2025-05-02T19:42:53.518+0000] {processor.py:840} INFO - DAG(s) 'example_branch_dop_operator_v3' retrieved from /home/airflow/.local/lib/python3.12/site-packages/airflow/example_dags/example_branch_python_dop_operator_3.py
[2025-05-02T19:42:53.533+0000] {logging_mixin.py:188} INFO - [2025-05-02T19:42:53.533+0000] {dag.py:3096} INFO - Sync 1 DAGs
[2025-05-02T19:42:53.556+0000] {logging_mixin.py:188} INFO - [2025-05-02T19:42:53.556+0000] {dag.py:3954} INFO - Setting next_dagrun for example_branch_dop_operator_v3 to 2025-05-02 19:41:00+00:00, run_after=2025-05-02 19:42:00+00:00
[2025-05-02T19:42:53.571+0000] {processor.py:183} INFO - Processing /home/airflow/.local/lib/python3.12/site-packages/airflow/example_dags/example_branch_python_dop_operator_3.py took 0.067 seconds
[2025-05-02T19:43:25.837+0000] {processor.py:161} INFO - Started process (PID=1248) to work on /home/airflow/.local/lib/python3.12/site-packages/airflow/example_dags/example_branch_python_dop_operator_3.py
[2025-05-02T19:43:25.838+0000] {processor.py:830} INFO - Processing file /home/airflow/.local/lib/python3.12/site-packages/airflow/example_dags/example_branch_python_dop_operator_3.py for tasks to queue
[2025-05-02T19:43:25.840+0000] {logging_mixin.py:188} INFO - [2025-05-02T19:43:25.839+0000] {dagbag.py:540} INFO - Filling up the DagBag from /home/airflow/.local/lib/python3.12/site-packages/airflow/example_dags/example_branch_python_dop_operator_3.py
[2025-05-02T19:43:25.849+0000] {processor.py:840} INFO - DAG(s) 'example_branch_dop_operator_v3' retrieved from /home/airflow/.local/lib/python3.12/site-packages/airflow/example_dags/example_branch_python_dop_operator_3.py
[2025-05-02T19:43:25.874+0000] {logging_mixin.py:188} INFO - [2025-05-02T19:43:25.873+0000] {dag.py:3096} INFO - Sync 1 DAGs
[2025-05-02T19:43:25.901+0000] {logging_mixin.py:188} INFO - [2025-05-02T19:43:25.901+0000] {dag.py:3954} INFO - Setting next_dagrun for example_branch_dop_operator_v3 to 2025-05-02 19:42:00+00:00, run_after=2025-05-02 19:43:00+00:00
[2025-05-02T19:43:25.923+0000] {processor.py:183} INFO - Processing /home/airflow/.local/lib/python3.12/site-packages/airflow/example_dags/example_branch_python_dop_operator_3.py took 0.091 seconds
[2025-05-02T19:44:00.701+0000] {processor.py:161} INFO - Started process (PID=1308) to work on /home/airflow/.local/lib/python3.12/site-packages/airflow/example_dags/example_branch_python_dop_operator_3.py
[2025-05-02T19:44:00.703+0000] {processor.py:830} INFO - Processing file /home/airflow/.local/lib/python3.12/site-packages/airflow/example_dags/example_branch_python_dop_operator_3.py for tasks to queue
[2025-05-02T19:44:00.705+0000] {logging_mixin.py:188} INFO - [2025-05-02T19:44:00.705+0000] {dagbag.py:540} INFO - Filling up the DagBag from /home/airflow/.local/lib/python3.12/site-packages/airflow/example_dags/example_branch_python_dop_operator_3.py
[2025-05-02T19:44:00.719+0000] {processor.py:840} INFO - DAG(s) 'example_branch_dop_operator_v3' retrieved from /home/airflow/.local/lib/python3.12/site-packages/airflow/example_dags/example_branch_python_dop_operator_3.py
[2025-05-02T19:44:00.817+0000] {logging_mixin.py:188} INFO - [2025-05-02T19:44:00.817+0000] {dag.py:3096} INFO - Sync 1 DAGs
[2025-05-02T19:44:00.872+0000] {logging_mixin.py:188} INFO - [2025-05-02T19:44:00.871+0000] {dag.py:3954} INFO - Setting next_dagrun for example_branch_dop_operator_v3 to 2025-05-02 19:43:00+00:00, run_after=2025-05-02 19:44:00+00:00
[2025-05-02T19:44:01.000+0000] {processor.py:183} INFO - Processing /home/airflow/.local/lib/python3.12/site-packages/airflow/example_dags/example_branch_python_dop_operator_3.py took 0.308 seconds
[2025-05-02T19:44:34.643+0000] {processor.py:161} INFO - Started process (PID=1408) to work on /home/airflow/.local/lib/python3.12/site-packages/airflow/example_dags/example_branch_python_dop_operator_3.py
[2025-05-02T19:44:34.644+0000] {processor.py:830} INFO - Processing file /home/airflow/.local/lib/python3.12/site-packages/airflow/example_dags/example_branch_python_dop_operator_3.py for tasks to queue
[2025-05-02T19:44:34.647+0000] {logging_mixin.py:188} INFO - [2025-05-02T19:44:34.646+0000] {dagbag.py:540} INFO - Filling up the DagBag from /home/airflow/.local/lib/python3.12/site-packages/airflow/example_dags/example_branch_python_dop_operator_3.py
[2025-05-02T19:44:34.679+0000] {processor.py:840} INFO - DAG(s) 'example_branch_dop_operator_v3' retrieved from /home/airflow/.local/lib/python3.12/site-packages/airflow/example_dags/example_branch_python_dop_operator_3.py
[2025-05-02T19:44:34.759+0000] {logging_mixin.py:188} INFO - [2025-05-02T19:44:34.759+0000] {dag.py:3096} INFO - Sync 1 DAGs
[2025-05-02T19:44:34.891+0000] {logging_mixin.py:188} INFO - [2025-05-02T19:44:34.889+0000] {dag.py:3954} INFO - Setting next_dagrun for example_branch_dop_operator_v3 to 2025-05-02 19:43:00+00:00, run_after=2025-05-02 19:44:00+00:00
[2025-05-02T19:44:34.951+0000] {processor.py:183} INFO - Processing /home/airflow/.local/lib/python3.12/site-packages/airflow/example_dags/example_branch_python_dop_operator_3.py took 0.333 seconds
[2025-05-02T19:45:05.843+0000] {processor.py:161} INFO - Started process (PID=1512) to work on /home/airflow/.local/lib/python3.12/site-packages/airflow/example_dags/example_branch_python_dop_operator_3.py
[2025-05-02T19:45:05.844+0000] {processor.py:830} INFO - Processing file /home/airflow/.local/lib/python3.12/site-packages/airflow/example_dags/example_branch_python_dop_operator_3.py for tasks to queue
[2025-05-02T19:45:05.845+0000] {logging_mixin.py:188} INFO - [2025-05-02T19:45:05.845+0000] {dagbag.py:540} INFO - Filling up the DagBag from /home/airflow/.local/lib/python3.12/site-packages/airflow/example_dags/example_branch_python_dop_operator_3.py
[2025-05-02T19:45:05.852+0000] {processor.py:840} INFO - DAG(s) 'example_branch_dop_operator_v3' retrieved from /home/airflow/.local/lib/python3.12/site-packages/airflow/example_dags/example_branch_python_dop_operator_3.py
[2025-05-02T19:45:05.871+0000] {logging_mixin.py:188} INFO - [2025-05-02T19:45:05.871+0000] {dag.py:3096} INFO - Sync 1 DAGs
[2025-05-02T19:45:05.899+0000] {logging_mixin.py:188} INFO - [2025-05-02T19:45:05.898+0000] {dag.py:3954} INFO - Setting next_dagrun for example_branch_dop_operator_v3 to 2025-05-02 19:44:00+00:00, run_after=2025-05-02 19:45:00+00:00
[2025-05-02T19:45:05.916+0000] {processor.py:183} INFO - Processing /home/airflow/.local/lib/python3.12/site-packages/airflow/example_dags/example_branch_python_dop_operator_3.py took 0.076 seconds
[2025-05-02T19:45:36.684+0000] {processor.py:161} INFO - Started process (PID=1618) to work on /home/airflow/.local/lib/python3.12/site-packages/airflow/example_dags/example_branch_python_dop_operator_3.py
[2025-05-02T19:45:36.686+0000] {processor.py:830} INFO - Processing file /home/airflow/.local/lib/python3.12/site-packages/airflow/example_dags/example_branch_python_dop_operator_3.py for tasks to queue
[2025-05-02T19:45:36.694+0000] {logging_mixin.py:188} INFO - [2025-05-02T19:45:36.693+0000] {dagbag.py:540} INFO - Filling up the DagBag from /home/airflow/.local/lib/python3.12/site-packages/airflow/example_dags/example_branch_python_dop_operator_3.py
[2025-05-02T19:45:36.742+0000] {processor.py:840} INFO - DAG(s) 'example_branch_dop_operator_v3' retrieved from /home/airflow/.local/lib/python3.12/site-packages/airflow/example_dags/example_branch_python_dop_operator_3.py
[2025-05-02T19:45:36.841+0000] {logging_mixin.py:188} INFO - [2025-05-02T19:45:36.840+0000] {dag.py:3096} INFO - Sync 1 DAGs
[2025-05-02T19:45:36.956+0000] {logging_mixin.py:188} INFO - [2025-05-02T19:45:36.956+0000] {dag.py:3954} INFO - Setting next_dagrun for example_branch_dop_operator_v3 to 2025-05-02 19:44:00+00:00, run_after=2025-05-02 19:45:00+00:00
[2025-05-02T19:45:37.028+0000] {processor.py:183} INFO - Processing /home/airflow/.local/lib/python3.12/site-packages/airflow/example_dags/example_branch_python_dop_operator_3.py took 0.423 seconds
[2025-05-02T19:46:07.560+0000] {processor.py:161} INFO - Started process (PID=1723) to work on /home/airflow/.local/lib/python3.12/site-packages/airflow/example_dags/example_branch_python_dop_operator_3.py
[2025-05-02T19:46:07.561+0000] {processor.py:830} INFO - Processing file /home/airflow/.local/lib/python3.12/site-packages/airflow/example_dags/example_branch_python_dop_operator_3.py for tasks to queue
[2025-05-02T19:46:07.564+0000] {logging_mixin.py:188} INFO - [2025-05-02T19:46:07.564+0000] {dagbag.py:540} INFO - Filling up the DagBag from /home/airflow/.local/lib/python3.12/site-packages/airflow/example_dags/example_branch_python_dop_operator_3.py
[2025-05-02T19:46:07.575+0000] {processor.py:840} INFO - DAG(s) 'example_branch_dop_operator_v3' retrieved from /home/airflow/.local/lib/python3.12/site-packages/airflow/example_dags/example_branch_python_dop_operator_3.py
[2025-05-02T19:46:07.607+0000] {logging_mixin.py:188} INFO - [2025-05-02T19:46:07.606+0000] {dag.py:3096} INFO - Sync 1 DAGs
[2025-05-02T19:46:07.650+0000] {logging_mixin.py:188} INFO - [2025-05-02T19:46:07.650+0000] {dag.py:3954} INFO - Setting next_dagrun for example_branch_dop_operator_v3 to 2025-05-02 19:45:00+00:00, run_after=2025-05-02 19:46:00+00:00
[2025-05-02T19:46:07.689+0000] {processor.py:183} INFO - Processing /home/airflow/.local/lib/python3.12/site-packages/airflow/example_dags/example_branch_python_dop_operator_3.py took 0.138 seconds
[2025-05-02T19:46:38.416+0000] {processor.py:161} INFO - Started process (PID=1831) to work on /home/airflow/.local/lib/python3.12/site-packages/airflow/example_dags/example_branch_python_dop_operator_3.py
[2025-05-02T19:46:38.417+0000] {processor.py:830} INFO - Processing file /home/airflow/.local/lib/python3.12/site-packages/airflow/example_dags/example_branch_python_dop_operator_3.py for tasks to queue
[2025-05-02T19:46:38.421+0000] {logging_mixin.py:188} INFO - [2025-05-02T19:46:38.420+0000] {dagbag.py:540} INFO - Filling up the DagBag from /home/airflow/.local/lib/python3.12/site-packages/airflow/example_dags/example_branch_python_dop_operator_3.py
[2025-05-02T19:46:38.440+0000] {processor.py:840} INFO - DAG(s) 'example_branch_dop_operator_v3' retrieved from /home/airflow/.local/lib/python3.12/site-packages/airflow/example_dags/example_branch_python_dop_operator_3.py
[2025-05-02T19:46:38.502+0000] {logging_mixin.py:188} INFO - [2025-05-02T19:46:38.501+0000] {dag.py:3096} INFO - Sync 1 DAGs
[2025-05-02T19:46:38.575+0000] {logging_mixin.py:188} INFO - [2025-05-02T19:46:38.574+0000] {dag.py:3954} INFO - Setting next_dagrun for example_branch_dop_operator_v3 to 2025-05-02 19:45:00+00:00, run_after=2025-05-02 19:46:00+00:00
[2025-05-02T19:46:38.632+0000] {processor.py:183} INFO - Processing /home/airflow/.local/lib/python3.12/site-packages/airflow/example_dags/example_branch_python_dop_operator_3.py took 0.228 seconds
[2025-05-02T19:47:08.709+0000] {processor.py:161} INFO - Started process (PID=1932) to work on /home/airflow/.local/lib/python3.12/site-packages/airflow/example_dags/example_branch_python_dop_operator_3.py
[2025-05-02T19:47:08.716+0000] {processor.py:830} INFO - Processing file /home/airflow/.local/lib/python3.12/site-packages/airflow/example_dags/example_branch_python_dop_operator_3.py for tasks to queue
[2025-05-02T19:47:08.722+0000] {logging_mixin.py:188} INFO - [2025-05-02T19:47:08.722+0000] {dagbag.py:540} INFO - Filling up the DagBag from /home/airflow/.local/lib/python3.12/site-packages/airflow/example_dags/example_branch_python_dop_operator_3.py
[2025-05-02T19:47:08.739+0000] {processor.py:840} INFO - DAG(s) 'example_branch_dop_operator_v3' retrieved from /home/airflow/.local/lib/python3.12/site-packages/airflow/example_dags/example_branch_python_dop_operator_3.py
[2025-05-02T19:47:08.804+0000] {logging_mixin.py:188} INFO - [2025-05-02T19:47:08.804+0000] {dag.py:3096} INFO - Sync 1 DAGs
[2025-05-02T19:47:08.870+0000] {logging_mixin.py:188} INFO - [2025-05-02T19:47:08.869+0000] {dag.py:3954} INFO - Setting next_dagrun for example_branch_dop_operator_v3 to 2025-05-02 19:46:00+00:00, run_after=2025-05-02 19:47:00+00:00
[2025-05-02T19:47:08.933+0000] {processor.py:183} INFO - Processing /home/airflow/.local/lib/python3.12/site-packages/airflow/example_dags/example_branch_python_dop_operator_3.py took 0.235 seconds
[2025-05-02T19:47:41.579+0000] {processor.py:161} INFO - Started process (PID=2031) to work on /home/airflow/.local/lib/python3.12/site-packages/airflow/example_dags/example_branch_python_dop_operator_3.py
[2025-05-02T19:47:41.580+0000] {processor.py:830} INFO - Processing file /home/airflow/.local/lib/python3.12/site-packages/airflow/example_dags/example_branch_python_dop_operator_3.py for tasks to queue
[2025-05-02T19:47:41.584+0000] {logging_mixin.py:188} INFO - [2025-05-02T19:47:41.583+0000] {dagbag.py:540} INFO - Filling up the DagBag from /home/airflow/.local/lib/python3.12/site-packages/airflow/example_dags/example_branch_python_dop_operator_3.py
[2025-05-02T19:47:41.641+0000] {processor.py:840} INFO - DAG(s) 'example_branch_dop_operator_v3' retrieved from /home/airflow/.local/lib/python3.12/site-packages/airflow/example_dags/example_branch_python_dop_operator_3.py
[2025-05-02T19:47:41.732+0000] {logging_mixin.py:188} INFO - [2025-05-02T19:47:41.731+0000] {dag.py:3096} INFO - Sync 1 DAGs
[2025-05-02T19:47:41.847+0000] {logging_mixin.py:188} INFO - [2025-05-02T19:47:41.846+0000] {dag.py:3954} INFO - Setting next_dagrun for example_branch_dop_operator_v3 to 2025-05-02 19:46:00+00:00, run_after=2025-05-02 19:47:00+00:00
[2025-05-02T19:47:42.146+0000] {processor.py:183} INFO - Processing /home/airflow/.local/lib/python3.12/site-packages/airflow/example_dags/example_branch_python_dop_operator_3.py took 0.583 seconds
[2025-05-02T19:48:13.969+0000] {processor.py:161} INFO - Started process (PID=2125) to work on /home/airflow/.local/lib/python3.12/site-packages/airflow/example_dags/example_branch_python_dop_operator_3.py
[2025-05-02T19:48:13.971+0000] {processor.py:830} INFO - Processing file /home/airflow/.local/lib/python3.12/site-packages/airflow/example_dags/example_branch_python_dop_operator_3.py for tasks to queue
[2025-05-02T19:48:13.974+0000] {logging_mixin.py:188} INFO - [2025-05-02T19:48:13.973+0000] {dagbag.py:540} INFO - Filling up the DagBag from /home/airflow/.local/lib/python3.12/site-packages/airflow/example_dags/example_branch_python_dop_operator_3.py
[2025-05-02T19:48:13.988+0000] {processor.py:840} INFO - DAG(s) 'example_branch_dop_operator_v3' retrieved from /home/airflow/.local/lib/python3.12/site-packages/airflow/example_dags/example_branch_python_dop_operator_3.py
[2025-05-02T19:48:14.024+0000] {logging_mixin.py:188} INFO - [2025-05-02T19:48:14.023+0000] {dag.py:3096} INFO - Sync 1 DAGs
[2025-05-02T19:48:14.070+0000] {logging_mixin.py:188} INFO - [2025-05-02T19:48:14.070+0000] {dag.py:3954} INFO - Setting next_dagrun for example_branch_dop_operator_v3 to 2025-05-02 19:47:00+00:00, run_after=2025-05-02 19:48:00+00:00
[2025-05-02T19:48:14.107+0000] {processor.py:183} INFO - Processing /home/airflow/.local/lib/python3.12/site-packages/airflow/example_dags/example_branch_python_dop_operator_3.py took 0.149 seconds
[2025-05-02T19:48:52.425+0000] {processor.py:161} INFO - Started process (PID=2226) to work on /home/airflow/.local/lib/python3.12/site-packages/airflow/example_dags/example_branch_python_dop_operator_3.py
[2025-05-02T19:48:52.432+0000] {processor.py:830} INFO - Processing file /home/airflow/.local/lib/python3.12/site-packages/airflow/example_dags/example_branch_python_dop_operator_3.py for tasks to queue
[2025-05-02T19:48:52.436+0000] {logging_mixin.py:188} INFO - [2025-05-02T19:48:52.435+0000] {dagbag.py:540} INFO - Filling up the DagBag from /home/airflow/.local/lib/python3.12/site-packages/airflow/example_dags/example_branch_python_dop_operator_3.py
[2025-05-02T19:48:52.473+0000] {processor.py:840} INFO - DAG(s) 'example_branch_dop_operator_v3' retrieved from /home/airflow/.local/lib/python3.12/site-packages/airflow/example_dags/example_branch_python_dop_operator_3.py
[2025-05-02T19:48:52.544+0000] {logging_mixin.py:188} INFO - [2025-05-02T19:48:52.544+0000] {dag.py:3096} INFO - Sync 1 DAGs
[2025-05-02T19:48:52.645+0000] {logging_mixin.py:188} INFO - [2025-05-02T19:48:52.644+0000] {dag.py:3954} INFO - Setting next_dagrun for example_branch_dop_operator_v3 to 2025-05-02 19:47:00+00:00, run_after=2025-05-02 19:48:00+00:00
[2025-05-02T19:48:52.770+0000] {processor.py:183} INFO - Processing /home/airflow/.local/lib/python3.12/site-packages/airflow/example_dags/example_branch_python_dop_operator_3.py took 0.362 seconds
[2025-05-02T19:49:25.365+0000] {processor.py:161} INFO - Started process (PID=2321) to work on /home/airflow/.local/lib/python3.12/site-packages/airflow/example_dags/example_branch_python_dop_operator_3.py
[2025-05-02T19:49:25.367+0000] {processor.py:830} INFO - Processing file /home/airflow/.local/lib/python3.12/site-packages/airflow/example_dags/example_branch_python_dop_operator_3.py for tasks to queue
[2025-05-02T19:49:25.370+0000] {logging_mixin.py:188} INFO - [2025-05-02T19:49:25.369+0000] {dagbag.py:540} INFO - Filling up the DagBag from /home/airflow/.local/lib/python3.12/site-packages/airflow/example_dags/example_branch_python_dop_operator_3.py
[2025-05-02T19:49:25.390+0000] {processor.py:840} INFO - DAG(s) 'example_branch_dop_operator_v3' retrieved from /home/airflow/.local/lib/python3.12/site-packages/airflow/example_dags/example_branch_python_dop_operator_3.py
[2025-05-02T19:49:25.473+0000] {logging_mixin.py:188} INFO - [2025-05-02T19:49:25.473+0000] {dag.py:3096} INFO - Sync 1 DAGs
[2025-05-02T19:49:25.537+0000] {logging_mixin.py:188} INFO - [2025-05-02T19:49:25.535+0000] {dag.py:3954} INFO - Setting next_dagrun for example_branch_dop_operator_v3 to 2025-05-02 19:48:00+00:00, run_after=2025-05-02 19:49:00+00:00
[2025-05-02T19:49:25.589+0000] {processor.py:183} INFO - Processing /home/airflow/.local/lib/python3.12/site-packages/airflow/example_dags/example_branch_python_dop_operator_3.py took 0.236 seconds
[2025-05-02T19:50:02.697+0000] {processor.py:161} INFO - Started process (PID=2420) to work on /home/airflow/.local/lib/python3.12/site-packages/airflow/example_dags/example_branch_python_dop_operator_3.py
[2025-05-02T19:50:02.705+0000] {processor.py:830} INFO - Processing file /home/airflow/.local/lib/python3.12/site-packages/airflow/example_dags/example_branch_python_dop_operator_3.py for tasks to queue
[2025-05-02T19:50:02.709+0000] {logging_mixin.py:188} INFO - [2025-05-02T19:50:02.708+0000] {dagbag.py:540} INFO - Filling up the DagBag from /home/airflow/.local/lib/python3.12/site-packages/airflow/example_dags/example_branch_python_dop_operator_3.py
[2025-05-02T19:50:02.771+0000] {processor.py:840} INFO - DAG(s) 'example_branch_dop_operator_v3' retrieved from /home/airflow/.local/lib/python3.12/site-packages/airflow/example_dags/example_branch_python_dop_operator_3.py
[2025-05-02T19:50:02.862+0000] {logging_mixin.py:188} INFO - [2025-05-02T19:50:02.861+0000] {dag.py:3096} INFO - Sync 1 DAGs
[2025-05-02T19:50:03.469+0000] {logging_mixin.py:188} INFO - [2025-05-02T19:50:03.469+0000] {dag.py:3954} INFO - Setting next_dagrun for example_branch_dop_operator_v3 to 2025-05-02 19:49:00+00:00, run_after=2025-05-02 19:50:00+00:00
[2025-05-02T19:50:03.507+0000] {processor.py:183} INFO - Processing /home/airflow/.local/lib/python3.12/site-packages/airflow/example_dags/example_branch_python_dop_operator_3.py took 0.835 seconds
[2025-05-02T19:50:35.158+0000] {processor.py:161} INFO - Started process (PID=2517) to work on /home/airflow/.local/lib/python3.12/site-packages/airflow/example_dags/example_branch_python_dop_operator_3.py
[2025-05-02T19:50:35.159+0000] {processor.py:830} INFO - Processing file /home/airflow/.local/lib/python3.12/site-packages/airflow/example_dags/example_branch_python_dop_operator_3.py for tasks to queue
[2025-05-02T19:50:35.165+0000] {logging_mixin.py:188} INFO - [2025-05-02T19:50:35.164+0000] {dagbag.py:540} INFO - Filling up the DagBag from /home/airflow/.local/lib/python3.12/site-packages/airflow/example_dags/example_branch_python_dop_operator_3.py
[2025-05-02T19:50:35.195+0000] {processor.py:840} INFO - DAG(s) 'example_branch_dop_operator_v3' retrieved from /home/airflow/.local/lib/python3.12/site-packages/airflow/example_dags/example_branch_python_dop_operator_3.py
[2025-05-02T19:50:35.243+0000] {logging_mixin.py:188} INFO - [2025-05-02T19:50:35.242+0000] {dag.py:3096} INFO - Sync 1 DAGs
[2025-05-02T19:50:35.301+0000] {logging_mixin.py:188} INFO - [2025-05-02T19:50:35.300+0000] {dag.py:3954} INFO - Setting next_dagrun for example_branch_dop_operator_v3 to 2025-05-02 19:49:00+00:00, run_after=2025-05-02 19:50:00+00:00
[2025-05-02T19:50:35.361+0000] {processor.py:183} INFO - Processing /home/airflow/.local/lib/python3.12/site-packages/airflow/example_dags/example_branch_python_dop_operator_3.py took 0.236 seconds
[2025-05-02T19:51:12.468+0000] {processor.py:161} INFO - Started process (PID=2631) to work on /home/airflow/.local/lib/python3.12/site-packages/airflow/example_dags/example_branch_python_dop_operator_3.py
[2025-05-02T19:51:12.470+0000] {processor.py:830} INFO - Processing file /home/airflow/.local/lib/python3.12/site-packages/airflow/example_dags/example_branch_python_dop_operator_3.py for tasks to queue
[2025-05-02T19:51:12.475+0000] {logging_mixin.py:188} INFO - [2025-05-02T19:51:12.474+0000] {dagbag.py:540} INFO - Filling up the DagBag from /home/airflow/.local/lib/python3.12/site-packages/airflow/example_dags/example_branch_python_dop_operator_3.py
[2025-05-02T19:51:12.512+0000] {processor.py:840} INFO - DAG(s) 'example_branch_dop_operator_v3' retrieved from /home/airflow/.local/lib/python3.12/site-packages/airflow/example_dags/example_branch_python_dop_operator_3.py
[2025-05-02T19:51:12.614+0000] {logging_mixin.py:188} INFO - [2025-05-02T19:51:12.613+0000] {dag.py:3096} INFO - Sync 1 DAGs
[2025-05-02T19:51:12.769+0000] {logging_mixin.py:188} INFO - [2025-05-02T19:51:12.767+0000] {dag.py:3954} INFO - Setting next_dagrun for example_branch_dop_operator_v3 to 2025-05-02 19:50:00+00:00, run_after=2025-05-02 19:51:00+00:00
[2025-05-02T19:51:12.890+0000] {processor.py:183} INFO - Processing /home/airflow/.local/lib/python3.12/site-packages/airflow/example_dags/example_branch_python_dop_operator_3.py took 0.453 seconds
[2025-05-02T19:51:49.190+0000] {processor.py:161} INFO - Started process (PID=2738) to work on /home/airflow/.local/lib/python3.12/site-packages/airflow/example_dags/example_branch_python_dop_operator_3.py
[2025-05-02T19:51:49.199+0000] {processor.py:830} INFO - Processing file /home/airflow/.local/lib/python3.12/site-packages/airflow/example_dags/example_branch_python_dop_operator_3.py for tasks to queue
[2025-05-02T19:51:49.203+0000] {logging_mixin.py:188} INFO - [2025-05-02T19:51:49.202+0000] {dagbag.py:540} INFO - Filling up the DagBag from /home/airflow/.local/lib/python3.12/site-packages/airflow/example_dags/example_branch_python_dop_operator_3.py
[2025-05-02T19:51:49.222+0000] {processor.py:840} INFO - DAG(s) 'example_branch_dop_operator_v3' retrieved from /home/airflow/.local/lib/python3.12/site-packages/airflow/example_dags/example_branch_python_dop_operator_3.py
[2025-05-02T19:51:49.280+0000] {logging_mixin.py:188} INFO - [2025-05-02T19:51:49.280+0000] {dag.py:3096} INFO - Sync 1 DAGs
[2025-05-02T19:51:49.564+0000] {logging_mixin.py:188} INFO - [2025-05-02T19:51:49.564+0000] {dag.py:3954} INFO - Setting next_dagrun for example_branch_dop_operator_v3 to 2025-05-02 19:50:00+00:00, run_after=2025-05-02 19:51:00+00:00
[2025-05-02T19:51:49.657+0000] {processor.py:183} INFO - Processing /home/airflow/.local/lib/python3.12/site-packages/airflow/example_dags/example_branch_python_dop_operator_3.py took 0.479 seconds
[2025-05-02T19:52:20.325+0000] {processor.py:161} INFO - Started process (PID=2820) to work on /home/airflow/.local/lib/python3.12/site-packages/airflow/example_dags/example_branch_python_dop_operator_3.py
[2025-05-02T19:52:20.330+0000] {processor.py:830} INFO - Processing file /home/airflow/.local/lib/python3.12/site-packages/airflow/example_dags/example_branch_python_dop_operator_3.py for tasks to queue
[2025-05-02T19:52:20.336+0000] {logging_mixin.py:188} INFO - [2025-05-02T19:52:20.336+0000] {dagbag.py:540} INFO - Filling up the DagBag from /home/airflow/.local/lib/python3.12/site-packages/airflow/example_dags/example_branch_python_dop_operator_3.py
[2025-05-02T19:52:20.361+0000] {processor.py:840} INFO - DAG(s) 'example_branch_dop_operator_v3' retrieved from /home/airflow/.local/lib/python3.12/site-packages/airflow/example_dags/example_branch_python_dop_operator_3.py
[2025-05-02T19:52:20.469+0000] {logging_mixin.py:188} INFO - [2025-05-02T19:52:20.469+0000] {dag.py:3096} INFO - Sync 1 DAGs
[2025-05-02T19:52:20.543+0000] {logging_mixin.py:188} INFO - [2025-05-02T19:52:20.542+0000] {dag.py:3954} INFO - Setting next_dagrun for example_branch_dop_operator_v3 to 2025-05-02 19:51:00+00:00, run_after=2025-05-02 19:52:00+00:00
[2025-05-02T19:52:20.606+0000] {processor.py:183} INFO - Processing /home/airflow/.local/lib/python3.12/site-packages/airflow/example_dags/example_branch_python_dop_operator_3.py took 0.293 seconds
[2025-05-02T19:52:51.183+0000] {processor.py:161} INFO - Started process (PID=2907) to work on /home/airflow/.local/lib/python3.12/site-packages/airflow/example_dags/example_branch_python_dop_operator_3.py
[2025-05-02T19:52:51.184+0000] {processor.py:830} INFO - Processing file /home/airflow/.local/lib/python3.12/site-packages/airflow/example_dags/example_branch_python_dop_operator_3.py for tasks to queue
[2025-05-02T19:52:51.188+0000] {logging_mixin.py:188} INFO - [2025-05-02T19:52:51.187+0000] {dagbag.py:540} INFO - Filling up the DagBag from /home/airflow/.local/lib/python3.12/site-packages/airflow/example_dags/example_branch_python_dop_operator_3.py
[2025-05-02T19:52:51.238+0000] {processor.py:840} INFO - DAG(s) 'example_branch_dop_operator_v3' retrieved from /home/airflow/.local/lib/python3.12/site-packages/airflow/example_dags/example_branch_python_dop_operator_3.py
[2025-05-02T19:52:51.303+0000] {logging_mixin.py:188} INFO - [2025-05-02T19:52:51.302+0000] {dag.py:3096} INFO - Sync 1 DAGs
[2025-05-02T19:52:51.383+0000] {logging_mixin.py:188} INFO - [2025-05-02T19:52:51.382+0000] {dag.py:3954} INFO - Setting next_dagrun for example_branch_dop_operator_v3 to 2025-05-02 19:51:00+00:00, run_after=2025-05-02 19:52:00+00:00
[2025-05-02T19:52:51.437+0000] {processor.py:183} INFO - Processing /home/airflow/.local/lib/python3.12/site-packages/airflow/example_dags/example_branch_python_dop_operator_3.py took 0.278 seconds
[2025-05-02T19:53:24.056+0000] {processor.py:161} INFO - Started process (PID=3026) to work on /home/airflow/.local/lib/python3.12/site-packages/airflow/example_dags/example_branch_python_dop_operator_3.py
[2025-05-02T19:53:24.057+0000] {processor.py:830} INFO - Processing file /home/airflow/.local/lib/python3.12/site-packages/airflow/example_dags/example_branch_python_dop_operator_3.py for tasks to queue
[2025-05-02T19:53:24.063+0000] {logging_mixin.py:188} INFO - [2025-05-02T19:53:24.062+0000] {dagbag.py:540} INFO - Filling up the DagBag from /home/airflow/.local/lib/python3.12/site-packages/airflow/example_dags/example_branch_python_dop_operator_3.py
[2025-05-02T19:53:24.088+0000] {processor.py:840} INFO - DAG(s) 'example_branch_dop_operator_v3' retrieved from /home/airflow/.local/lib/python3.12/site-packages/airflow/example_dags/example_branch_python_dop_operator_3.py
[2025-05-02T19:53:24.136+0000] {logging_mixin.py:188} INFO - [2025-05-02T19:53:24.135+0000] {dag.py:3096} INFO - Sync 1 DAGs
[2025-05-02T19:53:24.177+0000] {logging_mixin.py:188} INFO - [2025-05-02T19:53:24.177+0000] {dag.py:3954} INFO - Setting next_dagrun for example_branch_dop_operator_v3 to 2025-05-02 19:52:00+00:00, run_after=2025-05-02 19:53:00+00:00
[2025-05-02T19:53:24.203+0000] {processor.py:183} INFO - Processing /home/airflow/.local/lib/python3.12/site-packages/airflow/example_dags/example_branch_python_dop_operator_3.py took 0.162 seconds
[2025-05-02T19:53:58.143+0000] {processor.py:161} INFO - Started process (PID=3129) to work on /home/airflow/.local/lib/python3.12/site-packages/airflow/example_dags/example_branch_python_dop_operator_3.py
[2025-05-02T19:53:58.149+0000] {processor.py:830} INFO - Processing file /home/airflow/.local/lib/python3.12/site-packages/airflow/example_dags/example_branch_python_dop_operator_3.py for tasks to queue
[2025-05-02T19:53:58.153+0000] {logging_mixin.py:188} INFO - [2025-05-02T19:53:58.152+0000] {dagbag.py:540} INFO - Filling up the DagBag from /home/airflow/.local/lib/python3.12/site-packages/airflow/example_dags/example_branch_python_dop_operator_3.py
[2025-05-02T19:53:58.189+0000] {processor.py:840} INFO - DAG(s) 'example_branch_dop_operator_v3' retrieved from /home/airflow/.local/lib/python3.12/site-packages/airflow/example_dags/example_branch_python_dop_operator_3.py
[2025-05-02T19:53:58.280+0000] {logging_mixin.py:188} INFO - [2025-05-02T19:53:58.280+0000] {dag.py:3096} INFO - Sync 1 DAGs
[2025-05-02T19:53:58.368+0000] {logging_mixin.py:188} INFO - [2025-05-02T19:53:58.368+0000] {dag.py:3954} INFO - Setting next_dagrun for example_branch_dop_operator_v3 to 2025-05-02 19:52:00+00:00, run_after=2025-05-02 19:53:00+00:00
[2025-05-02T19:53:58.477+0000] {processor.py:183} INFO - Processing /home/airflow/.local/lib/python3.12/site-packages/airflow/example_dags/example_branch_python_dop_operator_3.py took 0.348 seconds
[2025-05-02T19:54:32.909+0000] {processor.py:161} INFO - Started process (PID=3235) to work on /home/airflow/.local/lib/python3.12/site-packages/airflow/example_dags/example_branch_python_dop_operator_3.py
[2025-05-02T19:54:32.910+0000] {processor.py:830} INFO - Processing file /home/airflow/.local/lib/python3.12/site-packages/airflow/example_dags/example_branch_python_dop_operator_3.py for tasks to queue
[2025-05-02T19:54:32.927+0000] {logging_mixin.py:188} INFO - [2025-05-02T19:54:32.926+0000] {dagbag.py:540} INFO - Filling up the DagBag from /home/airflow/.local/lib/python3.12/site-packages/airflow/example_dags/example_branch_python_dop_operator_3.py
[2025-05-02T19:54:32.969+0000] {processor.py:840} INFO - DAG(s) 'example_branch_dop_operator_v3' retrieved from /home/airflow/.local/lib/python3.12/site-packages/airflow/example_dags/example_branch_python_dop_operator_3.py
[2025-05-02T19:54:33.008+0000] {logging_mixin.py:188} INFO - [2025-05-02T19:54:33.007+0000] {dag.py:3096} INFO - Sync 1 DAGs
[2025-05-02T19:54:33.066+0000] {logging_mixin.py:188} INFO - [2025-05-02T19:54:33.065+0000] {dag.py:3954} INFO - Setting next_dagrun for example_branch_dop_operator_v3 to 2025-05-02 19:53:00+00:00, run_after=2025-05-02 19:54:00+00:00
[2025-05-02T19:54:33.099+0000] {processor.py:183} INFO - Processing /home/airflow/.local/lib/python3.12/site-packages/airflow/example_dags/example_branch_python_dop_operator_3.py took 0.222 seconds
[2025-05-02T19:55:07.534+0000] {processor.py:161} INFO - Started process (PID=3330) to work on /home/airflow/.local/lib/python3.12/site-packages/airflow/example_dags/example_branch_python_dop_operator_3.py
[2025-05-02T19:55:07.536+0000] {processor.py:830} INFO - Processing file /home/airflow/.local/lib/python3.12/site-packages/airflow/example_dags/example_branch_python_dop_operator_3.py for tasks to queue
[2025-05-02T19:55:07.539+0000] {logging_mixin.py:188} INFO - [2025-05-02T19:55:07.539+0000] {dagbag.py:540} INFO - Filling up the DagBag from /home/airflow/.local/lib/python3.12/site-packages/airflow/example_dags/example_branch_python_dop_operator_3.py
[2025-05-02T19:55:07.567+0000] {processor.py:840} INFO - DAG(s) 'example_branch_dop_operator_v3' retrieved from /home/airflow/.local/lib/python3.12/site-packages/airflow/example_dags/example_branch_python_dop_operator_3.py
[2025-05-02T19:55:07.607+0000] {logging_mixin.py:188} INFO - [2025-05-02T19:55:07.607+0000] {dag.py:3096} INFO - Sync 1 DAGs
[2025-05-02T19:55:07.667+0000] {logging_mixin.py:188} INFO - [2025-05-02T19:55:07.667+0000] {dag.py:3954} INFO - Setting next_dagrun for example_branch_dop_operator_v3 to 2025-05-02 19:54:00+00:00, run_after=2025-05-02 19:55:00+00:00
[2025-05-02T19:55:07.736+0000] {processor.py:183} INFO - Processing /home/airflow/.local/lib/python3.12/site-packages/airflow/example_dags/example_branch_python_dop_operator_3.py took 0.218 seconds
[2025-05-02T19:55:42.335+0000] {processor.py:161} INFO - Started process (PID=3434) to work on /home/airflow/.local/lib/python3.12/site-packages/airflow/example_dags/example_branch_python_dop_operator_3.py
[2025-05-02T19:55:42.343+0000] {processor.py:830} INFO - Processing file /home/airflow/.local/lib/python3.12/site-packages/airflow/example_dags/example_branch_python_dop_operator_3.py for tasks to queue
[2025-05-02T19:55:42.348+0000] {logging_mixin.py:188} INFO - [2025-05-02T19:55:42.347+0000] {dagbag.py:540} INFO - Filling up the DagBag from /home/airflow/.local/lib/python3.12/site-packages/airflow/example_dags/example_branch_python_dop_operator_3.py
[2025-05-02T19:55:42.369+0000] {processor.py:840} INFO - DAG(s) 'example_branch_dop_operator_v3' retrieved from /home/airflow/.local/lib/python3.12/site-packages/airflow/example_dags/example_branch_python_dop_operator_3.py
[2025-05-02T19:55:42.419+0000] {logging_mixin.py:188} INFO - [2025-05-02T19:55:42.419+0000] {dag.py:3096} INFO - Sync 1 DAGs
[2025-05-02T19:55:42.506+0000] {logging_mixin.py:188} INFO - [2025-05-02T19:55:42.506+0000] {dag.py:3954} INFO - Setting next_dagrun for example_branch_dop_operator_v3 to 2025-05-02 19:54:00+00:00, run_after=2025-05-02 19:55:00+00:00
[2025-05-02T19:55:42.550+0000] {processor.py:183} INFO - Processing /home/airflow/.local/lib/python3.12/site-packages/airflow/example_dags/example_branch_python_dop_operator_3.py took 0.293 seconds
[2025-05-02T19:56:15.545+0000] {processor.py:161} INFO - Started process (PID=3541) to work on /home/airflow/.local/lib/python3.12/site-packages/airflow/example_dags/example_branch_python_dop_operator_3.py
[2025-05-02T19:56:15.546+0000] {processor.py:830} INFO - Processing file /home/airflow/.local/lib/python3.12/site-packages/airflow/example_dags/example_branch_python_dop_operator_3.py for tasks to queue
[2025-05-02T19:56:15.549+0000] {logging_mixin.py:188} INFO - [2025-05-02T19:56:15.548+0000] {dagbag.py:540} INFO - Filling up the DagBag from /home/airflow/.local/lib/python3.12/site-packages/airflow/example_dags/example_branch_python_dop_operator_3.py
[2025-05-02T19:56:15.568+0000] {processor.py:840} INFO - DAG(s) 'example_branch_dop_operator_v3' retrieved from /home/airflow/.local/lib/python3.12/site-packages/airflow/example_dags/example_branch_python_dop_operator_3.py
[2025-05-02T19:56:15.626+0000] {logging_mixin.py:188} INFO - [2025-05-02T19:56:15.625+0000] {dag.py:3096} INFO - Sync 1 DAGs
[2025-05-02T19:56:15.677+0000] {logging_mixin.py:188} INFO - [2025-05-02T19:56:15.676+0000] {dag.py:3954} INFO - Setting next_dagrun for example_branch_dop_operator_v3 to 2025-05-02 19:55:00+00:00, run_after=2025-05-02 19:56:00+00:00
[2025-05-02T19:56:15.714+0000] {processor.py:183} INFO - Processing /home/airflow/.local/lib/python3.12/site-packages/airflow/example_dags/example_branch_python_dop_operator_3.py took 0.180 seconds
[2025-05-02T19:56:51.854+0000] {processor.py:161} INFO - Started process (PID=3650) to work on /home/airflow/.local/lib/python3.12/site-packages/airflow/example_dags/example_branch_python_dop_operator_3.py
[2025-05-02T19:56:51.860+0000] {processor.py:830} INFO - Processing file /home/airflow/.local/lib/python3.12/site-packages/airflow/example_dags/example_branch_python_dop_operator_3.py for tasks to queue
[2025-05-02T19:56:51.863+0000] {logging_mixin.py:188} INFO - [2025-05-02T19:56:51.862+0000] {dagbag.py:540} INFO - Filling up the DagBag from /home/airflow/.local/lib/python3.12/site-packages/airflow/example_dags/example_branch_python_dop_operator_3.py
[2025-05-02T19:56:51.880+0000] {processor.py:840} INFO - DAG(s) 'example_branch_dop_operator_v3' retrieved from /home/airflow/.local/lib/python3.12/site-packages/airflow/example_dags/example_branch_python_dop_operator_3.py
[2025-05-02T19:56:51.974+0000] {logging_mixin.py:188} INFO - [2025-05-02T19:56:51.973+0000] {dag.py:3096} INFO - Sync 1 DAGs
[2025-05-02T19:56:52.074+0000] {logging_mixin.py:188} INFO - [2025-05-02T19:56:52.073+0000] {dag.py:3954} INFO - Setting next_dagrun for example_branch_dop_operator_v3 to 2025-05-02 19:55:00+00:00, run_after=2025-05-02 19:56:00+00:00
[2025-05-02T19:56:52.201+0000] {processor.py:183} INFO - Processing /home/airflow/.local/lib/python3.12/site-packages/airflow/example_dags/example_branch_python_dop_operator_3.py took 0.359 seconds
[2025-05-02T19:57:25.740+0000] {processor.py:161} INFO - Started process (PID=3755) to work on /home/airflow/.local/lib/python3.12/site-packages/airflow/example_dags/example_branch_python_dop_operator_3.py
[2025-05-02T19:57:25.741+0000] {processor.py:830} INFO - Processing file /home/airflow/.local/lib/python3.12/site-packages/airflow/example_dags/example_branch_python_dop_operator_3.py for tasks to queue
[2025-05-02T19:57:25.745+0000] {logging_mixin.py:188} INFO - [2025-05-02T19:57:25.744+0000] {dagbag.py:540} INFO - Filling up the DagBag from /home/airflow/.local/lib/python3.12/site-packages/airflow/example_dags/example_branch_python_dop_operator_3.py
[2025-05-02T19:57:25.779+0000] {processor.py:840} INFO - DAG(s) 'example_branch_dop_operator_v3' retrieved from /home/airflow/.local/lib/python3.12/site-packages/airflow/example_dags/example_branch_python_dop_operator_3.py
[2025-05-02T19:57:25.851+0000] {logging_mixin.py:188} INFO - [2025-05-02T19:57:25.850+0000] {dag.py:3096} INFO - Sync 1 DAGs
[2025-05-02T19:57:25.938+0000] {logging_mixin.py:188} INFO - [2025-05-02T19:57:25.938+0000] {dag.py:3954} INFO - Setting next_dagrun for example_branch_dop_operator_v3 to 2025-05-02 19:56:00+00:00, run_after=2025-05-02 19:57:00+00:00
[2025-05-02T19:57:26.022+0000] {processor.py:183} INFO - Processing /home/airflow/.local/lib/python3.12/site-packages/airflow/example_dags/example_branch_python_dop_operator_3.py took 0.296 seconds
[2025-05-02T19:58:00.715+0000] {processor.py:161} INFO - Started process (PID=3866) to work on /home/airflow/.local/lib/python3.12/site-packages/airflow/example_dags/example_branch_python_dop_operator_3.py
[2025-05-02T19:58:00.728+0000] {processor.py:830} INFO - Processing file /home/airflow/.local/lib/python3.12/site-packages/airflow/example_dags/example_branch_python_dop_operator_3.py for tasks to queue
[2025-05-02T19:58:00.732+0000] {logging_mixin.py:188} INFO - [2025-05-02T19:58:00.731+0000] {dagbag.py:540} INFO - Filling up the DagBag from /home/airflow/.local/lib/python3.12/site-packages/airflow/example_dags/example_branch_python_dop_operator_3.py
[2025-05-02T19:58:00.766+0000] {processor.py:840} INFO - DAG(s) 'example_branch_dop_operator_v3' retrieved from /home/airflow/.local/lib/python3.12/site-packages/airflow/example_dags/example_branch_python_dop_operator_3.py
[2025-05-02T19:58:00.897+0000] {logging_mixin.py:188} INFO - [2025-05-02T19:58:00.896+0000] {dag.py:3096} INFO - Sync 1 DAGs
[2025-05-02T19:58:00.991+0000] {logging_mixin.py:188} INFO - [2025-05-02T19:58:00.990+0000] {dag.py:3954} INFO - Setting next_dagrun for example_branch_dop_operator_v3 to 2025-05-02 19:57:00+00:00, run_after=2025-05-02 19:58:00+00:00
[2025-05-02T19:58:01.056+0000] {processor.py:183} INFO - Processing /home/airflow/.local/lib/python3.12/site-packages/airflow/example_dags/example_branch_python_dop_operator_3.py took 0.366 seconds
