[2025-05-02T19:33:05.117+0000] {processor.py:161} INFO - Started process (PID=50) to work on /home/airflow/.local/lib/python3.12/site-packages/airflow/example_dags/example_complex.py
[2025-05-02T19:33:05.118+0000] {processor.py:830} INFO - Processing file /home/airflow/.local/lib/python3.12/site-packages/airflow/example_dags/example_complex.py for tasks to queue
[2025-05-02T19:33:05.120+0000] {logging_mixin.py:188} INFO - [2025-05-02T19:33:05.120+0000] {dagbag.py:540} INFO - Filling up the DagBag from /home/airflow/.local/lib/python3.12/site-packages/airflow/example_dags/example_complex.py
[2025-05-02T19:33:05.141+0000] {processor.py:840} INFO - DAG(s) 'example_complex' retrieved from /home/airflow/.local/lib/python3.12/site-packages/airflow/example_dags/example_complex.py
[2025-05-02T19:33:05.180+0000] {logging_mixin.py:188} INFO - [2025-05-02T19:33:05.179+0000] {dag.py:3096} INFO - Sync 1 DAGs
[2025-05-02T19:33:05.206+0000] {logging_mixin.py:188} INFO - [2025-05-02T19:33:05.205+0000] {dag.py:3954} INFO - Setting next_dagrun for example_complex to None, run_after=None
[2025-05-02T19:33:05.231+0000] {processor.py:183} INFO - Processing /home/airflow/.local/lib/python3.12/site-packages/airflow/example_dags/example_complex.py took 0.126 seconds
[2025-05-02T19:33:35.399+0000] {processor.py:161} INFO - Started process (PID=108) to work on /home/airflow/.local/lib/python3.12/site-packages/airflow/example_dags/example_complex.py
[2025-05-02T19:33:35.400+0000] {processor.py:830} INFO - Processing file /home/airflow/.local/lib/python3.12/site-packages/airflow/example_dags/example_complex.py for tasks to queue
[2025-05-02T19:33:35.402+0000] {logging_mixin.py:188} INFO - [2025-05-02T19:33:35.402+0000] {dagbag.py:540} INFO - Filling up the DagBag from /home/airflow/.local/lib/python3.12/site-packages/airflow/example_dags/example_complex.py
[2025-05-02T19:33:35.413+0000] {processor.py:840} INFO - DAG(s) 'example_complex' retrieved from /home/airflow/.local/lib/python3.12/site-packages/airflow/example_dags/example_complex.py
[2025-05-02T19:33:35.584+0000] {logging_mixin.py:188} INFO - [2025-05-02T19:33:35.583+0000] {dag.py:3096} INFO - Sync 1 DAGs
[2025-05-02T19:33:35.594+0000] {logging_mixin.py:188} INFO - [2025-05-02T19:33:35.594+0000] {dag.py:3954} INFO - Setting next_dagrun for example_complex to None, run_after=None
[2025-05-02T19:33:35.620+0000] {processor.py:183} INFO - Processing /home/airflow/.local/lib/python3.12/site-packages/airflow/example_dags/example_complex.py took 0.230 seconds
[2025-05-02T19:34:05.819+0000] {processor.py:161} INFO - Started process (PID=166) to work on /home/airflow/.local/lib/python3.12/site-packages/airflow/example_dags/example_complex.py
[2025-05-02T19:34:05.820+0000] {processor.py:830} INFO - Processing file /home/airflow/.local/lib/python3.12/site-packages/airflow/example_dags/example_complex.py for tasks to queue
[2025-05-02T19:34:05.821+0000] {logging_mixin.py:188} INFO - [2025-05-02T19:34:05.821+0000] {dagbag.py:540} INFO - Filling up the DagBag from /home/airflow/.local/lib/python3.12/site-packages/airflow/example_dags/example_complex.py
[2025-05-02T19:34:05.827+0000] {processor.py:840} INFO - DAG(s) 'example_complex' retrieved from /home/airflow/.local/lib/python3.12/site-packages/airflow/example_dags/example_complex.py
[2025-05-02T19:34:05.854+0000] {logging_mixin.py:188} INFO - [2025-05-02T19:34:05.853+0000] {dag.py:3096} INFO - Sync 1 DAGs
[2025-05-02T19:34:05.865+0000] {logging_mixin.py:188} INFO - [2025-05-02T19:34:05.865+0000] {dag.py:3954} INFO - Setting next_dagrun for example_complex to None, run_after=None
[2025-05-02T19:34:05.879+0000] {processor.py:183} INFO - Processing /home/airflow/.local/lib/python3.12/site-packages/airflow/example_dags/example_complex.py took 0.065 seconds
[2025-05-02T19:34:38.144+0000] {processor.py:161} INFO - Started process (PID=224) to work on /home/airflow/.local/lib/python3.12/site-packages/airflow/example_dags/example_complex.py
[2025-05-02T19:34:38.145+0000] {processor.py:830} INFO - Processing file /home/airflow/.local/lib/python3.12/site-packages/airflow/example_dags/example_complex.py for tasks to queue
[2025-05-02T19:34:38.146+0000] {logging_mixin.py:188} INFO - [2025-05-02T19:34:38.146+0000] {dagbag.py:540} INFO - Filling up the DagBag from /home/airflow/.local/lib/python3.12/site-packages/airflow/example_dags/example_complex.py
[2025-05-02T19:34:38.154+0000] {processor.py:840} INFO - DAG(s) 'example_complex' retrieved from /home/airflow/.local/lib/python3.12/site-packages/airflow/example_dags/example_complex.py
[2025-05-02T19:34:38.185+0000] {logging_mixin.py:188} INFO - [2025-05-02T19:34:38.185+0000] {dag.py:3096} INFO - Sync 1 DAGs
[2025-05-02T19:34:38.197+0000] {logging_mixin.py:188} INFO - [2025-05-02T19:34:38.197+0000] {dag.py:3954} INFO - Setting next_dagrun for example_complex to None, run_after=None
[2025-05-02T19:34:38.214+0000] {processor.py:183} INFO - Processing /home/airflow/.local/lib/python3.12/site-packages/airflow/example_dags/example_complex.py took 0.076 seconds
[2025-05-02T19:35:08.692+0000] {processor.py:161} INFO - Started process (PID=282) to work on /home/airflow/.local/lib/python3.12/site-packages/airflow/example_dags/example_complex.py
[2025-05-02T19:35:08.693+0000] {processor.py:830} INFO - Processing file /home/airflow/.local/lib/python3.12/site-packages/airflow/example_dags/example_complex.py for tasks to queue
[2025-05-02T19:35:08.695+0000] {logging_mixin.py:188} INFO - [2025-05-02T19:35:08.695+0000] {dagbag.py:540} INFO - Filling up the DagBag from /home/airflow/.local/lib/python3.12/site-packages/airflow/example_dags/example_complex.py
[2025-05-02T19:35:08.708+0000] {processor.py:840} INFO - DAG(s) 'example_complex' retrieved from /home/airflow/.local/lib/python3.12/site-packages/airflow/example_dags/example_complex.py
[2025-05-02T19:35:08.737+0000] {logging_mixin.py:188} INFO - [2025-05-02T19:35:08.737+0000] {dag.py:3096} INFO - Sync 1 DAGs
[2025-05-02T19:35:08.750+0000] {logging_mixin.py:188} INFO - [2025-05-02T19:35:08.749+0000] {dag.py:3954} INFO - Setting next_dagrun for example_complex to None, run_after=None
[2025-05-02T19:35:08.765+0000] {processor.py:183} INFO - Processing /home/airflow/.local/lib/python3.12/site-packages/airflow/example_dags/example_complex.py took 0.083 seconds
[2025-05-02T19:35:39.155+0000] {processor.py:161} INFO - Started process (PID=340) to work on /home/airflow/.local/lib/python3.12/site-packages/airflow/example_dags/example_complex.py
[2025-05-02T19:35:39.157+0000] {processor.py:830} INFO - Processing file /home/airflow/.local/lib/python3.12/site-packages/airflow/example_dags/example_complex.py for tasks to queue
[2025-05-02T19:35:39.159+0000] {logging_mixin.py:188} INFO - [2025-05-02T19:35:39.158+0000] {dagbag.py:540} INFO - Filling up the DagBag from /home/airflow/.local/lib/python3.12/site-packages/airflow/example_dags/example_complex.py
[2025-05-02T19:35:39.168+0000] {processor.py:840} INFO - DAG(s) 'example_complex' retrieved from /home/airflow/.local/lib/python3.12/site-packages/airflow/example_dags/example_complex.py
[2025-05-02T19:35:39.204+0000] {logging_mixin.py:188} INFO - [2025-05-02T19:35:39.204+0000] {dag.py:3096} INFO - Sync 1 DAGs
[2025-05-02T19:35:39.217+0000] {logging_mixin.py:188} INFO - [2025-05-02T19:35:39.217+0000] {dag.py:3954} INFO - Setting next_dagrun for example_complex to None, run_after=None
[2025-05-02T19:35:39.234+0000] {processor.py:183} INFO - Processing /home/airflow/.local/lib/python3.12/site-packages/airflow/example_dags/example_complex.py took 0.108 seconds
[2025-05-02T19:36:09.712+0000] {processor.py:161} INFO - Started process (PID=398) to work on /home/airflow/.local/lib/python3.12/site-packages/airflow/example_dags/example_complex.py
[2025-05-02T19:36:09.713+0000] {processor.py:830} INFO - Processing file /home/airflow/.local/lib/python3.12/site-packages/airflow/example_dags/example_complex.py for tasks to queue
[2025-05-02T19:36:09.715+0000] {logging_mixin.py:188} INFO - [2025-05-02T19:36:09.715+0000] {dagbag.py:540} INFO - Filling up the DagBag from /home/airflow/.local/lib/python3.12/site-packages/airflow/example_dags/example_complex.py
[2025-05-02T19:36:09.726+0000] {processor.py:840} INFO - DAG(s) 'example_complex' retrieved from /home/airflow/.local/lib/python3.12/site-packages/airflow/example_dags/example_complex.py
[2025-05-02T19:36:09.754+0000] {logging_mixin.py:188} INFO - [2025-05-02T19:36:09.754+0000] {dag.py:3096} INFO - Sync 1 DAGs
[2025-05-02T19:36:09.764+0000] {logging_mixin.py:188} INFO - [2025-05-02T19:36:09.764+0000] {dag.py:3954} INFO - Setting next_dagrun for example_complex to None, run_after=None
[2025-05-02T19:36:09.780+0000] {processor.py:183} INFO - Processing /home/airflow/.local/lib/python3.12/site-packages/airflow/example_dags/example_complex.py took 0.074 seconds
[2025-05-02T19:36:40.097+0000] {processor.py:161} INFO - Started process (PID=456) to work on /home/airflow/.local/lib/python3.12/site-packages/airflow/example_dags/example_complex.py
[2025-05-02T19:36:40.098+0000] {processor.py:830} INFO - Processing file /home/airflow/.local/lib/python3.12/site-packages/airflow/example_dags/example_complex.py for tasks to queue
[2025-05-02T19:36:40.099+0000] {logging_mixin.py:188} INFO - [2025-05-02T19:36:40.099+0000] {dagbag.py:540} INFO - Filling up the DagBag from /home/airflow/.local/lib/python3.12/site-packages/airflow/example_dags/example_complex.py
[2025-05-02T19:36:40.106+0000] {processor.py:840} INFO - DAG(s) 'example_complex' retrieved from /home/airflow/.local/lib/python3.12/site-packages/airflow/example_dags/example_complex.py
[2025-05-02T19:36:40.136+0000] {logging_mixin.py:188} INFO - [2025-05-02T19:36:40.136+0000] {dag.py:3096} INFO - Sync 1 DAGs
[2025-05-02T19:36:40.147+0000] {logging_mixin.py:188} INFO - [2025-05-02T19:36:40.147+0000] {dag.py:3954} INFO - Setting next_dagrun for example_complex to None, run_after=None
[2025-05-02T19:36:40.164+0000] {processor.py:183} INFO - Processing /home/airflow/.local/lib/python3.12/site-packages/airflow/example_dags/example_complex.py took 0.071 seconds
[2025-05-02T19:37:10.442+0000] {processor.py:161} INFO - Started process (PID=514) to work on /home/airflow/.local/lib/python3.12/site-packages/airflow/example_dags/example_complex.py
[2025-05-02T19:37:10.444+0000] {processor.py:830} INFO - Processing file /home/airflow/.local/lib/python3.12/site-packages/airflow/example_dags/example_complex.py for tasks to queue
[2025-05-02T19:37:10.446+0000] {logging_mixin.py:188} INFO - [2025-05-02T19:37:10.446+0000] {dagbag.py:540} INFO - Filling up the DagBag from /home/airflow/.local/lib/python3.12/site-packages/airflow/example_dags/example_complex.py
[2025-05-02T19:37:10.455+0000] {processor.py:840} INFO - DAG(s) 'example_complex' retrieved from /home/airflow/.local/lib/python3.12/site-packages/airflow/example_dags/example_complex.py
[2025-05-02T19:37:10.480+0000] {logging_mixin.py:188} INFO - [2025-05-02T19:37:10.480+0000] {dag.py:3096} INFO - Sync 1 DAGs
[2025-05-02T19:37:10.491+0000] {logging_mixin.py:188} INFO - [2025-05-02T19:37:10.491+0000] {dag.py:3954} INFO - Setting next_dagrun for example_complex to None, run_after=None
[2025-05-02T19:37:10.508+0000] {processor.py:183} INFO - Processing /home/airflow/.local/lib/python3.12/site-packages/airflow/example_dags/example_complex.py took 0.073 seconds
[2025-05-02T19:37:40.862+0000] {processor.py:161} INFO - Started process (PID=572) to work on /home/airflow/.local/lib/python3.12/site-packages/airflow/example_dags/example_complex.py
[2025-05-02T19:37:40.864+0000] {processor.py:830} INFO - Processing file /home/airflow/.local/lib/python3.12/site-packages/airflow/example_dags/example_complex.py for tasks to queue
[2025-05-02T19:37:40.866+0000] {logging_mixin.py:188} INFO - [2025-05-02T19:37:40.866+0000] {dagbag.py:540} INFO - Filling up the DagBag from /home/airflow/.local/lib/python3.12/site-packages/airflow/example_dags/example_complex.py
[2025-05-02T19:37:40.881+0000] {processor.py:840} INFO - DAG(s) 'example_complex' retrieved from /home/airflow/.local/lib/python3.12/site-packages/airflow/example_dags/example_complex.py
[2025-05-02T19:37:40.909+0000] {logging_mixin.py:188} INFO - [2025-05-02T19:37:40.909+0000] {dag.py:3096} INFO - Sync 1 DAGs
[2025-05-02T19:37:40.924+0000] {logging_mixin.py:188} INFO - [2025-05-02T19:37:40.924+0000] {dag.py:3954} INFO - Setting next_dagrun for example_complex to None, run_after=None
[2025-05-02T19:37:40.946+0000] {processor.py:183} INFO - Processing /home/airflow/.local/lib/python3.12/site-packages/airflow/example_dags/example_complex.py took 0.092 seconds
[2025-05-02T19:38:11.211+0000] {processor.py:161} INFO - Started process (PID=630) to work on /home/airflow/.local/lib/python3.12/site-packages/airflow/example_dags/example_complex.py
[2025-05-02T19:38:11.213+0000] {processor.py:830} INFO - Processing file /home/airflow/.local/lib/python3.12/site-packages/airflow/example_dags/example_complex.py for tasks to queue
[2025-05-02T19:38:11.215+0000] {logging_mixin.py:188} INFO - [2025-05-02T19:38:11.214+0000] {dagbag.py:540} INFO - Filling up the DagBag from /home/airflow/.local/lib/python3.12/site-packages/airflow/example_dags/example_complex.py
[2025-05-02T19:38:11.226+0000] {processor.py:840} INFO - DAG(s) 'example_complex' retrieved from /home/airflow/.local/lib/python3.12/site-packages/airflow/example_dags/example_complex.py
[2025-05-02T19:38:11.260+0000] {logging_mixin.py:188} INFO - [2025-05-02T19:38:11.260+0000] {dag.py:3096} INFO - Sync 1 DAGs
[2025-05-02T19:38:11.274+0000] {logging_mixin.py:188} INFO - [2025-05-02T19:38:11.274+0000] {dag.py:3954} INFO - Setting next_dagrun for example_complex to None, run_after=None
[2025-05-02T19:38:11.292+0000] {processor.py:183} INFO - Processing /home/airflow/.local/lib/python3.12/site-packages/airflow/example_dags/example_complex.py took 0.088 seconds
[2025-05-02T19:38:43.749+0000] {processor.py:161} INFO - Started process (PID=688) to work on /home/airflow/.local/lib/python3.12/site-packages/airflow/example_dags/example_complex.py
[2025-05-02T19:38:43.750+0000] {processor.py:830} INFO - Processing file /home/airflow/.local/lib/python3.12/site-packages/airflow/example_dags/example_complex.py for tasks to queue
[2025-05-02T19:38:43.753+0000] {logging_mixin.py:188} INFO - [2025-05-02T19:38:43.752+0000] {dagbag.py:540} INFO - Filling up the DagBag from /home/airflow/.local/lib/python3.12/site-packages/airflow/example_dags/example_complex.py
[2025-05-02T19:38:43.762+0000] {processor.py:840} INFO - DAG(s) 'example_complex' retrieved from /home/airflow/.local/lib/python3.12/site-packages/airflow/example_dags/example_complex.py
[2025-05-02T19:38:43.792+0000] {logging_mixin.py:188} INFO - [2025-05-02T19:38:43.792+0000] {dag.py:3096} INFO - Sync 1 DAGs
[2025-05-02T19:38:43.807+0000] {logging_mixin.py:188} INFO - [2025-05-02T19:38:43.806+0000] {dag.py:3954} INFO - Setting next_dagrun for example_complex to None, run_after=None
[2025-05-02T19:38:43.824+0000] {processor.py:183} INFO - Processing /home/airflow/.local/lib/python3.12/site-packages/airflow/example_dags/example_complex.py took 0.080 seconds
[2025-05-02T19:39:14.387+0000] {processor.py:161} INFO - Started process (PID=746) to work on /home/airflow/.local/lib/python3.12/site-packages/airflow/example_dags/example_complex.py
[2025-05-02T19:39:14.388+0000] {processor.py:830} INFO - Processing file /home/airflow/.local/lib/python3.12/site-packages/airflow/example_dags/example_complex.py for tasks to queue
[2025-05-02T19:39:14.390+0000] {logging_mixin.py:188} INFO - [2025-05-02T19:39:14.390+0000] {dagbag.py:540} INFO - Filling up the DagBag from /home/airflow/.local/lib/python3.12/site-packages/airflow/example_dags/example_complex.py
[2025-05-02T19:39:14.400+0000] {processor.py:840} INFO - DAG(s) 'example_complex' retrieved from /home/airflow/.local/lib/python3.12/site-packages/airflow/example_dags/example_complex.py
[2025-05-02T19:39:14.428+0000] {logging_mixin.py:188} INFO - [2025-05-02T19:39:14.428+0000] {dag.py:3096} INFO - Sync 1 DAGs
[2025-05-02T19:39:14.437+0000] {logging_mixin.py:188} INFO - [2025-05-02T19:39:14.437+0000] {dag.py:3954} INFO - Setting next_dagrun for example_complex to None, run_after=None
[2025-05-02T19:39:14.455+0000] {processor.py:183} INFO - Processing /home/airflow/.local/lib/python3.12/site-packages/airflow/example_dags/example_complex.py took 0.073 seconds
[2025-05-02T19:39:44.608+0000] {processor.py:161} INFO - Started process (PID=804) to work on /home/airflow/.local/lib/python3.12/site-packages/airflow/example_dags/example_complex.py
[2025-05-02T19:39:44.610+0000] {processor.py:830} INFO - Processing file /home/airflow/.local/lib/python3.12/site-packages/airflow/example_dags/example_complex.py for tasks to queue
[2025-05-02T19:39:44.612+0000] {logging_mixin.py:188} INFO - [2025-05-02T19:39:44.611+0000] {dagbag.py:540} INFO - Filling up the DagBag from /home/airflow/.local/lib/python3.12/site-packages/airflow/example_dags/example_complex.py
[2025-05-02T19:39:44.621+0000] {processor.py:840} INFO - DAG(s) 'example_complex' retrieved from /home/airflow/.local/lib/python3.12/site-packages/airflow/example_dags/example_complex.py
[2025-05-02T19:39:44.646+0000] {logging_mixin.py:188} INFO - [2025-05-02T19:39:44.645+0000] {dag.py:3096} INFO - Sync 1 DAGs
[2025-05-02T19:39:44.657+0000] {logging_mixin.py:188} INFO - [2025-05-02T19:39:44.657+0000] {dag.py:3954} INFO - Setting next_dagrun for example_complex to None, run_after=None
[2025-05-02T19:39:44.672+0000] {processor.py:183} INFO - Processing /home/airflow/.local/lib/python3.12/site-packages/airflow/example_dags/example_complex.py took 0.070 seconds
[2025-05-02T19:40:15.197+0000] {processor.py:161} INFO - Started process (PID=862) to work on /home/airflow/.local/lib/python3.12/site-packages/airflow/example_dags/example_complex.py
[2025-05-02T19:40:15.197+0000] {processor.py:830} INFO - Processing file /home/airflow/.local/lib/python3.12/site-packages/airflow/example_dags/example_complex.py for tasks to queue
[2025-05-02T19:40:15.199+0000] {logging_mixin.py:188} INFO - [2025-05-02T19:40:15.199+0000] {dagbag.py:540} INFO - Filling up the DagBag from /home/airflow/.local/lib/python3.12/site-packages/airflow/example_dags/example_complex.py
[2025-05-02T19:40:15.208+0000] {processor.py:840} INFO - DAG(s) 'example_complex' retrieved from /home/airflow/.local/lib/python3.12/site-packages/airflow/example_dags/example_complex.py
[2025-05-02T19:40:15.239+0000] {logging_mixin.py:188} INFO - [2025-05-02T19:40:15.238+0000] {dag.py:3096} INFO - Sync 1 DAGs
[2025-05-02T19:40:15.249+0000] {logging_mixin.py:188} INFO - [2025-05-02T19:40:15.249+0000] {dag.py:3954} INFO - Setting next_dagrun for example_complex to None, run_after=None
[2025-05-02T19:40:15.266+0000] {processor.py:183} INFO - Processing /home/airflow/.local/lib/python3.12/site-packages/airflow/example_dags/example_complex.py took 0.076 seconds
[2025-05-02T19:40:45.834+0000] {processor.py:161} INFO - Started process (PID=920) to work on /home/airflow/.local/lib/python3.12/site-packages/airflow/example_dags/example_complex.py
[2025-05-02T19:40:45.835+0000] {processor.py:830} INFO - Processing file /home/airflow/.local/lib/python3.12/site-packages/airflow/example_dags/example_complex.py for tasks to queue
[2025-05-02T19:40:45.837+0000] {logging_mixin.py:188} INFO - [2025-05-02T19:40:45.837+0000] {dagbag.py:540} INFO - Filling up the DagBag from /home/airflow/.local/lib/python3.12/site-packages/airflow/example_dags/example_complex.py
[2025-05-02T19:40:45.847+0000] {processor.py:840} INFO - DAG(s) 'example_complex' retrieved from /home/airflow/.local/lib/python3.12/site-packages/airflow/example_dags/example_complex.py
[2025-05-02T19:40:45.874+0000] {logging_mixin.py:188} INFO - [2025-05-02T19:40:45.874+0000] {dag.py:3096} INFO - Sync 1 DAGs
[2025-05-02T19:40:45.887+0000] {logging_mixin.py:188} INFO - [2025-05-02T19:40:45.887+0000] {dag.py:3954} INFO - Setting next_dagrun for example_complex to None, run_after=None
[2025-05-02T19:40:45.906+0000] {processor.py:183} INFO - Processing /home/airflow/.local/lib/python3.12/site-packages/airflow/example_dags/example_complex.py took 0.079 seconds
[2025-05-02T19:41:16.340+0000] {processor.py:161} INFO - Started process (PID=972) to work on /home/airflow/.local/lib/python3.12/site-packages/airflow/example_dags/example_complex.py
[2025-05-02T19:41:16.341+0000] {processor.py:830} INFO - Processing file /home/airflow/.local/lib/python3.12/site-packages/airflow/example_dags/example_complex.py for tasks to queue
[2025-05-02T19:41:16.343+0000] {logging_mixin.py:188} INFO - [2025-05-02T19:41:16.343+0000] {dagbag.py:540} INFO - Filling up the DagBag from /home/airflow/.local/lib/python3.12/site-packages/airflow/example_dags/example_complex.py
[2025-05-02T19:41:16.353+0000] {processor.py:840} INFO - DAG(s) 'example_complex' retrieved from /home/airflow/.local/lib/python3.12/site-packages/airflow/example_dags/example_complex.py
[2025-05-02T19:41:16.384+0000] {logging_mixin.py:188} INFO - [2025-05-02T19:41:16.384+0000] {dag.py:3096} INFO - Sync 1 DAGs
[2025-05-02T19:41:16.396+0000] {logging_mixin.py:188} INFO - [2025-05-02T19:41:16.396+0000] {dag.py:3954} INFO - Setting next_dagrun for example_complex to None, run_after=None
[2025-05-02T19:41:16.416+0000] {processor.py:183} INFO - Processing /home/airflow/.local/lib/python3.12/site-packages/airflow/example_dags/example_complex.py took 0.083 seconds
[2025-05-02T19:41:46.970+0000] {processor.py:161} INFO - Started process (PID=1030) to work on /home/airflow/.local/lib/python3.12/site-packages/airflow/example_dags/example_complex.py
[2025-05-02T19:41:46.971+0000] {processor.py:830} INFO - Processing file /home/airflow/.local/lib/python3.12/site-packages/airflow/example_dags/example_complex.py for tasks to queue
[2025-05-02T19:41:46.973+0000] {logging_mixin.py:188} INFO - [2025-05-02T19:41:46.973+0000] {dagbag.py:540} INFO - Filling up the DagBag from /home/airflow/.local/lib/python3.12/site-packages/airflow/example_dags/example_complex.py
[2025-05-02T19:41:46.983+0000] {processor.py:840} INFO - DAG(s) 'example_complex' retrieved from /home/airflow/.local/lib/python3.12/site-packages/airflow/example_dags/example_complex.py
[2025-05-02T19:41:47.008+0000] {logging_mixin.py:188} INFO - [2025-05-02T19:41:47.008+0000] {dag.py:3096} INFO - Sync 1 DAGs
[2025-05-02T19:41:47.023+0000] {logging_mixin.py:188} INFO - [2025-05-02T19:41:47.023+0000] {dag.py:3954} INFO - Setting next_dagrun for example_complex to None, run_after=None
[2025-05-02T19:41:47.045+0000] {processor.py:183} INFO - Processing /home/airflow/.local/lib/python3.12/site-packages/airflow/example_dags/example_complex.py took 0.082 seconds
[2025-05-02T19:42:17.571+0000] {processor.py:161} INFO - Started process (PID=1088) to work on /home/airflow/.local/lib/python3.12/site-packages/airflow/example_dags/example_complex.py
[2025-05-02T19:42:17.572+0000] {processor.py:830} INFO - Processing file /home/airflow/.local/lib/python3.12/site-packages/airflow/example_dags/example_complex.py for tasks to queue
[2025-05-02T19:42:17.577+0000] {logging_mixin.py:188} INFO - [2025-05-02T19:42:17.576+0000] {dagbag.py:540} INFO - Filling up the DagBag from /home/airflow/.local/lib/python3.12/site-packages/airflow/example_dags/example_complex.py
[2025-05-02T19:42:17.592+0000] {processor.py:840} INFO - DAG(s) 'example_complex' retrieved from /home/airflow/.local/lib/python3.12/site-packages/airflow/example_dags/example_complex.py
[2025-05-02T19:42:17.622+0000] {logging_mixin.py:188} INFO - [2025-05-02T19:42:17.622+0000] {dag.py:3096} INFO - Sync 1 DAGs
[2025-05-02T19:42:17.632+0000] {logging_mixin.py:188} INFO - [2025-05-02T19:42:17.632+0000] {dag.py:3954} INFO - Setting next_dagrun for example_complex to None, run_after=None
[2025-05-02T19:42:17.650+0000] {processor.py:183} INFO - Processing /home/airflow/.local/lib/python3.12/site-packages/airflow/example_dags/example_complex.py took 0.085 seconds
[2025-05-02T19:42:49.252+0000] {processor.py:161} INFO - Started process (PID=1146) to work on /home/airflow/.local/lib/python3.12/site-packages/airflow/example_dags/example_complex.py
[2025-05-02T19:42:49.254+0000] {processor.py:830} INFO - Processing file /home/airflow/.local/lib/python3.12/site-packages/airflow/example_dags/example_complex.py for tasks to queue
[2025-05-02T19:42:49.255+0000] {logging_mixin.py:188} INFO - [2025-05-02T19:42:49.255+0000] {dagbag.py:540} INFO - Filling up the DagBag from /home/airflow/.local/lib/python3.12/site-packages/airflow/example_dags/example_complex.py
[2025-05-02T19:42:49.270+0000] {processor.py:840} INFO - DAG(s) 'example_complex' retrieved from /home/airflow/.local/lib/python3.12/site-packages/airflow/example_dags/example_complex.py
[2025-05-02T19:42:49.305+0000] {logging_mixin.py:188} INFO - [2025-05-02T19:42:49.305+0000] {dag.py:3096} INFO - Sync 1 DAGs
[2025-05-02T19:42:49.315+0000] {logging_mixin.py:188} INFO - [2025-05-02T19:42:49.315+0000] {dag.py:3954} INFO - Setting next_dagrun for example_complex to None, run_after=None
[2025-05-02T19:42:49.336+0000] {processor.py:183} INFO - Processing /home/airflow/.local/lib/python3.12/site-packages/airflow/example_dags/example_complex.py took 0.090 seconds
[2025-05-02T19:43:19.469+0000] {processor.py:161} INFO - Started process (PID=1206) to work on /home/airflow/.local/lib/python3.12/site-packages/airflow/example_dags/example_complex.py
[2025-05-02T19:43:19.471+0000] {processor.py:830} INFO - Processing file /home/airflow/.local/lib/python3.12/site-packages/airflow/example_dags/example_complex.py for tasks to queue
[2025-05-02T19:43:19.472+0000] {logging_mixin.py:188} INFO - [2025-05-02T19:43:19.472+0000] {dagbag.py:540} INFO - Filling up the DagBag from /home/airflow/.local/lib/python3.12/site-packages/airflow/example_dags/example_complex.py
[2025-05-02T19:43:19.480+0000] {processor.py:840} INFO - DAG(s) 'example_complex' retrieved from /home/airflow/.local/lib/python3.12/site-packages/airflow/example_dags/example_complex.py
[2025-05-02T19:43:19.509+0000] {logging_mixin.py:188} INFO - [2025-05-02T19:43:19.508+0000] {dag.py:3096} INFO - Sync 1 DAGs
[2025-05-02T19:43:19.521+0000] {logging_mixin.py:188} INFO - [2025-05-02T19:43:19.520+0000] {dag.py:3954} INFO - Setting next_dagrun for example_complex to None, run_after=None
[2025-05-02T19:43:19.543+0000] {processor.py:183} INFO - Processing /home/airflow/.local/lib/python3.12/site-packages/airflow/example_dags/example_complex.py took 0.080 seconds
[2025-05-02T19:43:50.247+0000] {processor.py:161} INFO - Started process (PID=1266) to work on /home/airflow/.local/lib/python3.12/site-packages/airflow/example_dags/example_complex.py
[2025-05-02T19:43:50.249+0000] {processor.py:830} INFO - Processing file /home/airflow/.local/lib/python3.12/site-packages/airflow/example_dags/example_complex.py for tasks to queue
[2025-05-02T19:43:50.250+0000] {logging_mixin.py:188} INFO - [2025-05-02T19:43:50.250+0000] {dagbag.py:540} INFO - Filling up the DagBag from /home/airflow/.local/lib/python3.12/site-packages/airflow/example_dags/example_complex.py
[2025-05-02T19:43:50.259+0000] {processor.py:840} INFO - DAG(s) 'example_complex' retrieved from /home/airflow/.local/lib/python3.12/site-packages/airflow/example_dags/example_complex.py
[2025-05-02T19:43:50.290+0000] {logging_mixin.py:188} INFO - [2025-05-02T19:43:50.290+0000] {dag.py:3096} INFO - Sync 1 DAGs
[2025-05-02T19:43:50.307+0000] {logging_mixin.py:188} INFO - [2025-05-02T19:43:50.307+0000] {dag.py:3954} INFO - Setting next_dagrun for example_complex to None, run_after=None
[2025-05-02T19:43:50.324+0000] {processor.py:183} INFO - Processing /home/airflow/.local/lib/python3.12/site-packages/airflow/example_dags/example_complex.py took 0.083 seconds
[2025-05-02T19:44:20.516+0000] {processor.py:161} INFO - Started process (PID=1361) to work on /home/airflow/.local/lib/python3.12/site-packages/airflow/example_dags/example_complex.py
[2025-05-02T19:44:20.517+0000] {processor.py:830} INFO - Processing file /home/airflow/.local/lib/python3.12/site-packages/airflow/example_dags/example_complex.py for tasks to queue
[2025-05-02T19:44:20.521+0000] {logging_mixin.py:188} INFO - [2025-05-02T19:44:20.520+0000] {dagbag.py:540} INFO - Filling up the DagBag from /home/airflow/.local/lib/python3.12/site-packages/airflow/example_dags/example_complex.py
[2025-05-02T19:44:20.596+0000] {processor.py:840} INFO - DAG(s) 'example_complex' retrieved from /home/airflow/.local/lib/python3.12/site-packages/airflow/example_dags/example_complex.py
[2025-05-02T19:44:20.851+0000] {logging_mixin.py:188} INFO - [2025-05-02T19:44:20.850+0000] {dag.py:3096} INFO - Sync 1 DAGs
[2025-05-02T19:44:20.913+0000] {logging_mixin.py:188} INFO - [2025-05-02T19:44:20.912+0000] {dag.py:3954} INFO - Setting next_dagrun for example_complex to None, run_after=None
[2025-05-02T19:44:20.991+0000] {processor.py:183} INFO - Processing /home/airflow/.local/lib/python3.12/site-packages/airflow/example_dags/example_complex.py took 0.530 seconds
[2025-05-02T19:44:51.966+0000] {processor.py:161} INFO - Started process (PID=1463) to work on /home/airflow/.local/lib/python3.12/site-packages/airflow/example_dags/example_complex.py
[2025-05-02T19:44:51.982+0000] {processor.py:830} INFO - Processing file /home/airflow/.local/lib/python3.12/site-packages/airflow/example_dags/example_complex.py for tasks to queue
[2025-05-02T19:44:51.988+0000] {logging_mixin.py:188} INFO - [2025-05-02T19:44:51.987+0000] {dagbag.py:540} INFO - Filling up the DagBag from /home/airflow/.local/lib/python3.12/site-packages/airflow/example_dags/example_complex.py
[2025-05-02T19:44:52.031+0000] {processor.py:840} INFO - DAG(s) 'example_complex' retrieved from /home/airflow/.local/lib/python3.12/site-packages/airflow/example_dags/example_complex.py
[2025-05-02T19:44:52.164+0000] {logging_mixin.py:188} INFO - [2025-05-02T19:44:52.164+0000] {dag.py:3096} INFO - Sync 1 DAGs
[2025-05-02T19:44:52.211+0000] {logging_mixin.py:188} INFO - [2025-05-02T19:44:52.211+0000] {dag.py:3954} INFO - Setting next_dagrun for example_complex to None, run_after=None
[2025-05-02T19:44:52.305+0000] {processor.py:183} INFO - Processing /home/airflow/.local/lib/python3.12/site-packages/airflow/example_dags/example_complex.py took 0.355 seconds
[2025-05-02T19:45:23.040+0000] {processor.py:161} INFO - Started process (PID=1553) to work on /home/airflow/.local/lib/python3.12/site-packages/airflow/example_dags/example_complex.py
[2025-05-02T19:45:23.041+0000] {processor.py:830} INFO - Processing file /home/airflow/.local/lib/python3.12/site-packages/airflow/example_dags/example_complex.py for tasks to queue
[2025-05-02T19:45:23.045+0000] {logging_mixin.py:188} INFO - [2025-05-02T19:45:23.044+0000] {dagbag.py:540} INFO - Filling up the DagBag from /home/airflow/.local/lib/python3.12/site-packages/airflow/example_dags/example_complex.py
[2025-05-02T19:45:23.093+0000] {processor.py:840} INFO - DAG(s) 'example_complex' retrieved from /home/airflow/.local/lib/python3.12/site-packages/airflow/example_dags/example_complex.py
[2025-05-02T19:45:23.215+0000] {logging_mixin.py:188} INFO - [2025-05-02T19:45:23.215+0000] {dag.py:3096} INFO - Sync 1 DAGs
[2025-05-02T19:45:23.275+0000] {logging_mixin.py:188} INFO - [2025-05-02T19:45:23.274+0000] {dag.py:3954} INFO - Setting next_dagrun for example_complex to None, run_after=None
[2025-05-02T19:45:23.321+0000] {processor.py:183} INFO - Processing /home/airflow/.local/lib/python3.12/site-packages/airflow/example_dags/example_complex.py took 0.304 seconds
[2025-05-02T19:45:54.167+0000] {processor.py:161} INFO - Started process (PID=1655) to work on /home/airflow/.local/lib/python3.12/site-packages/airflow/example_dags/example_complex.py
[2025-05-02T19:45:54.184+0000] {processor.py:830} INFO - Processing file /home/airflow/.local/lib/python3.12/site-packages/airflow/example_dags/example_complex.py for tasks to queue
[2025-05-02T19:45:54.189+0000] {logging_mixin.py:188} INFO - [2025-05-02T19:45:54.188+0000] {dagbag.py:540} INFO - Filling up the DagBag from /home/airflow/.local/lib/python3.12/site-packages/airflow/example_dags/example_complex.py
[2025-05-02T19:45:54.217+0000] {processor.py:840} INFO - DAG(s) 'example_complex' retrieved from /home/airflow/.local/lib/python3.12/site-packages/airflow/example_dags/example_complex.py
[2025-05-02T19:45:54.345+0000] {logging_mixin.py:188} INFO - [2025-05-02T19:45:54.344+0000] {dag.py:3096} INFO - Sync 1 DAGs
[2025-05-02T19:45:54.381+0000] {logging_mixin.py:188} INFO - [2025-05-02T19:45:54.381+0000] {dag.py:3954} INFO - Setting next_dagrun for example_complex to None, run_after=None
[2025-05-02T19:45:54.465+0000] {processor.py:183} INFO - Processing /home/airflow/.local/lib/python3.12/site-packages/airflow/example_dags/example_complex.py took 0.311 seconds
[2025-05-02T19:46:24.861+0000] {processor.py:161} INFO - Started process (PID=1754) to work on /home/airflow/.local/lib/python3.12/site-packages/airflow/example_dags/example_complex.py
[2025-05-02T19:46:24.876+0000] {processor.py:830} INFO - Processing file /home/airflow/.local/lib/python3.12/site-packages/airflow/example_dags/example_complex.py for tasks to queue
[2025-05-02T19:46:24.885+0000] {logging_mixin.py:188} INFO - [2025-05-02T19:46:24.882+0000] {dagbag.py:540} INFO - Filling up the DagBag from /home/airflow/.local/lib/python3.12/site-packages/airflow/example_dags/example_complex.py
[2025-05-02T19:46:24.916+0000] {processor.py:840} INFO - DAG(s) 'example_complex' retrieved from /home/airflow/.local/lib/python3.12/site-packages/airflow/example_dags/example_complex.py
[2025-05-02T19:46:25.018+0000] {logging_mixin.py:188} INFO - [2025-05-02T19:46:25.017+0000] {dag.py:3096} INFO - Sync 1 DAGs
[2025-05-02T19:46:25.062+0000] {logging_mixin.py:188} INFO - [2025-05-02T19:46:25.061+0000] {dag.py:3954} INFO - Setting next_dagrun for example_complex to None, run_after=None
[2025-05-02T19:46:25.141+0000] {processor.py:183} INFO - Processing /home/airflow/.local/lib/python3.12/site-packages/airflow/example_dags/example_complex.py took 0.326 seconds
[2025-05-02T19:46:56.219+0000] {processor.py:161} INFO - Started process (PID=1879) to work on /home/airflow/.local/lib/python3.12/site-packages/airflow/example_dags/example_complex.py
[2025-05-02T19:46:56.247+0000] {processor.py:830} INFO - Processing file /home/airflow/.local/lib/python3.12/site-packages/airflow/example_dags/example_complex.py for tasks to queue
[2025-05-02T19:46:56.251+0000] {logging_mixin.py:188} INFO - [2025-05-02T19:46:56.250+0000] {dagbag.py:540} INFO - Filling up the DagBag from /home/airflow/.local/lib/python3.12/site-packages/airflow/example_dags/example_complex.py
[2025-05-02T19:46:56.331+0000] {processor.py:840} INFO - DAG(s) 'example_complex' retrieved from /home/airflow/.local/lib/python3.12/site-packages/airflow/example_dags/example_complex.py
[2025-05-02T19:46:56.410+0000] {logging_mixin.py:188} INFO - [2025-05-02T19:46:56.409+0000] {dag.py:3096} INFO - Sync 1 DAGs
[2025-05-02T19:46:56.441+0000] {logging_mixin.py:188} INFO - [2025-05-02T19:46:56.441+0000] {dag.py:3954} INFO - Setting next_dagrun for example_complex to None, run_after=None
[2025-05-02T19:46:56.479+0000] {processor.py:183} INFO - Processing /home/airflow/.local/lib/python3.12/site-packages/airflow/example_dags/example_complex.py took 0.287 seconds
[2025-05-02T19:47:26.559+0000] {processor.py:161} INFO - Started process (PID=1971) to work on /home/airflow/.local/lib/python3.12/site-packages/airflow/example_dags/example_complex.py
[2025-05-02T19:47:26.560+0000] {processor.py:830} INFO - Processing file /home/airflow/.local/lib/python3.12/site-packages/airflow/example_dags/example_complex.py for tasks to queue
[2025-05-02T19:47:26.564+0000] {logging_mixin.py:188} INFO - [2025-05-02T19:47:26.564+0000] {dagbag.py:540} INFO - Filling up the DagBag from /home/airflow/.local/lib/python3.12/site-packages/airflow/example_dags/example_complex.py
[2025-05-02T19:47:26.589+0000] {processor.py:840} INFO - DAG(s) 'example_complex' retrieved from /home/airflow/.local/lib/python3.12/site-packages/airflow/example_dags/example_complex.py
[2025-05-02T19:47:29.726+0000] {logging_mixin.py:188} INFO - [2025-05-02T19:47:29.725+0000] {dag.py:3096} INFO - Sync 1 DAGs
[2025-05-02T19:47:29.809+0000] {logging_mixin.py:188} INFO - [2025-05-02T19:47:29.809+0000] {dag.py:3954} INFO - Setting next_dagrun for example_complex to None, run_after=None
[2025-05-02T19:47:29.902+0000] {processor.py:183} INFO - Processing /home/airflow/.local/lib/python3.12/site-packages/airflow/example_dags/example_complex.py took 0.483 seconds
[2025-05-02T19:48:00.334+0000] {processor.py:161} INFO - Started process (PID=2070) to work on /home/airflow/.local/lib/python3.12/site-packages/airflow/example_dags/example_complex.py
[2025-05-02T19:48:00.346+0000] {processor.py:830} INFO - Processing file /home/airflow/.local/lib/python3.12/site-packages/airflow/example_dags/example_complex.py for tasks to queue
[2025-05-02T19:48:00.353+0000] {logging_mixin.py:188} INFO - [2025-05-02T19:48:00.352+0000] {dagbag.py:540} INFO - Filling up the DagBag from /home/airflow/.local/lib/python3.12/site-packages/airflow/example_dags/example_complex.py
[2025-05-02T19:48:00.381+0000] {processor.py:840} INFO - DAG(s) 'example_complex' retrieved from /home/airflow/.local/lib/python3.12/site-packages/airflow/example_dags/example_complex.py
[2025-05-02T19:48:00.476+0000] {logging_mixin.py:188} INFO - [2025-05-02T19:48:00.473+0000] {dag.py:3096} INFO - Sync 1 DAGs
[2025-05-02T19:48:00.513+0000] {logging_mixin.py:188} INFO - [2025-05-02T19:48:00.513+0000] {dag.py:3954} INFO - Setting next_dagrun for example_complex to None, run_after=None
[2025-05-02T19:48:00.567+0000] {processor.py:183} INFO - Processing /home/airflow/.local/lib/python3.12/site-packages/airflow/example_dags/example_complex.py took 0.264 seconds
[2025-05-02T19:48:31.013+0000] {processor.py:161} INFO - Started process (PID=2154) to work on /home/airflow/.local/lib/python3.12/site-packages/airflow/example_dags/example_complex.py
[2025-05-02T19:48:31.026+0000] {processor.py:830} INFO - Processing file /home/airflow/.local/lib/python3.12/site-packages/airflow/example_dags/example_complex.py for tasks to queue
[2025-05-02T19:48:31.030+0000] {logging_mixin.py:188} INFO - [2025-05-02T19:48:31.029+0000] {dagbag.py:540} INFO - Filling up the DagBag from /home/airflow/.local/lib/python3.12/site-packages/airflow/example_dags/example_complex.py
[2025-05-02T19:48:31.108+0000] {processor.py:840} INFO - DAG(s) 'example_complex' retrieved from /home/airflow/.local/lib/python3.12/site-packages/airflow/example_dags/example_complex.py
[2025-05-02T19:48:31.308+0000] {logging_mixin.py:188} INFO - [2025-05-02T19:48:31.307+0000] {dag.py:3096} INFO - Sync 1 DAGs
[2025-05-02T19:48:31.413+0000] {logging_mixin.py:188} INFO - [2025-05-02T19:48:31.412+0000] {dag.py:3954} INFO - Setting next_dagrun for example_complex to None, run_after=None
[2025-05-02T19:48:31.485+0000] {processor.py:183} INFO - Processing /home/airflow/.local/lib/python3.12/site-packages/airflow/example_dags/example_complex.py took 0.544 seconds
[2025-05-02T19:49:01.641+0000] {processor.py:161} INFO - Started process (PID=2250) to work on /home/airflow/.local/lib/python3.12/site-packages/airflow/example_dags/example_complex.py
[2025-05-02T19:49:01.643+0000] {processor.py:830} INFO - Processing file /home/airflow/.local/lib/python3.12/site-packages/airflow/example_dags/example_complex.py for tasks to queue
[2025-05-02T19:49:01.649+0000] {logging_mixin.py:188} INFO - [2025-05-02T19:49:01.649+0000] {dagbag.py:540} INFO - Filling up the DagBag from /home/airflow/.local/lib/python3.12/site-packages/airflow/example_dags/example_complex.py
[2025-05-02T19:49:01.683+0000] {processor.py:840} INFO - DAG(s) 'example_complex' retrieved from /home/airflow/.local/lib/python3.12/site-packages/airflow/example_dags/example_complex.py
[2025-05-02T19:49:01.769+0000] {logging_mixin.py:188} INFO - [2025-05-02T19:49:01.769+0000] {dag.py:3096} INFO - Sync 1 DAGs
[2025-05-02T19:49:01.799+0000] {logging_mixin.py:188} INFO - [2025-05-02T19:49:01.799+0000] {dag.py:3954} INFO - Setting next_dagrun for example_complex to None, run_after=None
[2025-05-02T19:49:01.858+0000] {processor.py:183} INFO - Processing /home/airflow/.local/lib/python3.12/site-packages/airflow/example_dags/example_complex.py took 0.239 seconds
[2025-05-02T19:49:32.039+0000] {processor.py:161} INFO - Started process (PID=2348) to work on /home/airflow/.local/lib/python3.12/site-packages/airflow/example_dags/example_complex.py
[2025-05-02T19:49:32.041+0000] {processor.py:830} INFO - Processing file /home/airflow/.local/lib/python3.12/site-packages/airflow/example_dags/example_complex.py for tasks to queue
[2025-05-02T19:49:32.046+0000] {logging_mixin.py:188} INFO - [2025-05-02T19:49:32.045+0000] {dagbag.py:540} INFO - Filling up the DagBag from /home/airflow/.local/lib/python3.12/site-packages/airflow/example_dags/example_complex.py
[2025-05-02T19:49:32.073+0000] {processor.py:840} INFO - DAG(s) 'example_complex' retrieved from /home/airflow/.local/lib/python3.12/site-packages/airflow/example_dags/example_complex.py
[2025-05-02T19:49:32.175+0000] {logging_mixin.py:188} INFO - [2025-05-02T19:49:32.174+0000] {dag.py:3096} INFO - Sync 1 DAGs
[2025-05-02T19:49:32.201+0000] {logging_mixin.py:188} INFO - [2025-05-02T19:49:32.201+0000] {dag.py:3954} INFO - Setting next_dagrun for example_complex to None, run_after=None
[2025-05-02T19:49:32.245+0000] {processor.py:183} INFO - Processing /home/airflow/.local/lib/python3.12/site-packages/airflow/example_dags/example_complex.py took 0.225 seconds
[2025-05-02T19:50:05.480+0000] {processor.py:161} INFO - Started process (PID=2435) to work on /home/airflow/.local/lib/python3.12/site-packages/airflow/example_dags/example_complex.py
[2025-05-02T19:50:05.483+0000] {processor.py:830} INFO - Processing file /home/airflow/.local/lib/python3.12/site-packages/airflow/example_dags/example_complex.py for tasks to queue
[2025-05-02T19:50:05.487+0000] {logging_mixin.py:188} INFO - [2025-05-02T19:50:05.486+0000] {dagbag.py:540} INFO - Filling up the DagBag from /home/airflow/.local/lib/python3.12/site-packages/airflow/example_dags/example_complex.py
[2025-05-02T19:50:05.512+0000] {processor.py:840} INFO - DAG(s) 'example_complex' retrieved from /home/airflow/.local/lib/python3.12/site-packages/airflow/example_dags/example_complex.py
[2025-05-02T19:50:05.586+0000] {logging_mixin.py:188} INFO - [2025-05-02T19:50:05.586+0000] {dag.py:3096} INFO - Sync 1 DAGs
[2025-05-02T19:50:05.615+0000] {logging_mixin.py:188} INFO - [2025-05-02T19:50:05.614+0000] {dag.py:3954} INFO - Setting next_dagrun for example_complex to None, run_after=None
[2025-05-02T19:50:05.708+0000] {processor.py:183} INFO - Processing /home/airflow/.local/lib/python3.12/site-packages/airflow/example_dags/example_complex.py took 0.242 seconds
[2025-05-02T19:50:36.423+0000] {processor.py:161} INFO - Started process (PID=2531) to work on /home/airflow/.local/lib/python3.12/site-packages/airflow/example_dags/example_complex.py
[2025-05-02T19:50:36.424+0000] {processor.py:830} INFO - Processing file /home/airflow/.local/lib/python3.12/site-packages/airflow/example_dags/example_complex.py for tasks to queue
[2025-05-02T19:50:36.429+0000] {logging_mixin.py:188} INFO - [2025-05-02T19:50:36.428+0000] {dagbag.py:540} INFO - Filling up the DagBag from /home/airflow/.local/lib/python3.12/site-packages/airflow/example_dags/example_complex.py
[2025-05-02T19:50:36.460+0000] {processor.py:840} INFO - DAG(s) 'example_complex' retrieved from /home/airflow/.local/lib/python3.12/site-packages/airflow/example_dags/example_complex.py
[2025-05-02T19:50:36.560+0000] {logging_mixin.py:188} INFO - [2025-05-02T19:50:36.559+0000] {dag.py:3096} INFO - Sync 1 DAGs
[2025-05-02T19:50:36.608+0000] {logging_mixin.py:188} INFO - [2025-05-02T19:50:36.607+0000] {dag.py:3954} INFO - Setting next_dagrun for example_complex to None, run_after=None
[2025-05-02T19:50:37.112+0000] {processor.py:183} INFO - Processing /home/airflow/.local/lib/python3.12/site-packages/airflow/example_dags/example_complex.py took 0.703 seconds
[2025-05-02T19:51:14.235+0000] {processor.py:161} INFO - Started process (PID=2639) to work on /home/airflow/.local/lib/python3.12/site-packages/airflow/example_dags/example_complex.py
[2025-05-02T19:51:14.284+0000] {processor.py:830} INFO - Processing file /home/airflow/.local/lib/python3.12/site-packages/airflow/example_dags/example_complex.py for tasks to queue
[2025-05-02T19:51:14.289+0000] {logging_mixin.py:188} INFO - [2025-05-02T19:51:14.288+0000] {dagbag.py:540} INFO - Filling up the DagBag from /home/airflow/.local/lib/python3.12/site-packages/airflow/example_dags/example_complex.py
[2025-05-02T19:51:14.320+0000] {processor.py:840} INFO - DAG(s) 'example_complex' retrieved from /home/airflow/.local/lib/python3.12/site-packages/airflow/example_dags/example_complex.py
[2025-05-02T19:51:14.453+0000] {logging_mixin.py:188} INFO - [2025-05-02T19:51:14.453+0000] {dag.py:3096} INFO - Sync 1 DAGs
[2025-05-02T19:51:14.519+0000] {logging_mixin.py:188} INFO - [2025-05-02T19:51:14.518+0000] {dag.py:3954} INFO - Setting next_dagrun for example_complex to None, run_after=None
[2025-05-02T19:51:14.623+0000] {processor.py:183} INFO - Processing /home/airflow/.local/lib/python3.12/site-packages/airflow/example_dags/example_complex.py took 0.401 seconds
[2025-05-02T19:51:46.425+0000] {processor.py:161} INFO - Started process (PID=2731) to work on /home/airflow/.local/lib/python3.12/site-packages/airflow/example_dags/example_complex.py
[2025-05-02T19:51:46.427+0000] {processor.py:830} INFO - Processing file /home/airflow/.local/lib/python3.12/site-packages/airflow/example_dags/example_complex.py for tasks to queue
[2025-05-02T19:51:46.439+0000] {logging_mixin.py:188} INFO - [2025-05-02T19:51:46.438+0000] {dagbag.py:540} INFO - Filling up the DagBag from /home/airflow/.local/lib/python3.12/site-packages/airflow/example_dags/example_complex.py
[2025-05-02T19:51:46.481+0000] {processor.py:840} INFO - DAG(s) 'example_complex' retrieved from /home/airflow/.local/lib/python3.12/site-packages/airflow/example_dags/example_complex.py
[2025-05-02T19:51:46.835+0000] {logging_mixin.py:188} INFO - [2025-05-02T19:51:46.835+0000] {dag.py:3096} INFO - Sync 1 DAGs
[2025-05-02T19:51:46.875+0000] {logging_mixin.py:188} INFO - [2025-05-02T19:51:46.875+0000] {dag.py:3954} INFO - Setting next_dagrun for example_complex to None, run_after=None
[2025-05-02T19:51:47.107+0000] {processor.py:183} INFO - Processing /home/airflow/.local/lib/python3.12/site-packages/airflow/example_dags/example_complex.py took 0.711 seconds
[2025-05-02T19:52:17.470+0000] {processor.py:161} INFO - Started process (PID=2806) to work on /home/airflow/.local/lib/python3.12/site-packages/airflow/example_dags/example_complex.py
[2025-05-02T19:52:17.477+0000] {processor.py:830} INFO - Processing file /home/airflow/.local/lib/python3.12/site-packages/airflow/example_dags/example_complex.py for tasks to queue
[2025-05-02T19:52:17.483+0000] {logging_mixin.py:188} INFO - [2025-05-02T19:52:17.482+0000] {dagbag.py:540} INFO - Filling up the DagBag from /home/airflow/.local/lib/python3.12/site-packages/airflow/example_dags/example_complex.py
[2025-05-02T19:52:17.532+0000] {processor.py:840} INFO - DAG(s) 'example_complex' retrieved from /home/airflow/.local/lib/python3.12/site-packages/airflow/example_dags/example_complex.py
[2025-05-02T19:52:17.624+0000] {logging_mixin.py:188} INFO - [2025-05-02T19:52:17.623+0000] {dag.py:3096} INFO - Sync 1 DAGs
[2025-05-02T19:52:17.674+0000] {logging_mixin.py:188} INFO - [2025-05-02T19:52:17.674+0000] {dag.py:3954} INFO - Setting next_dagrun for example_complex to None, run_after=None
[2025-05-02T19:52:17.789+0000] {processor.py:183} INFO - Processing /home/airflow/.local/lib/python3.12/site-packages/airflow/example_dags/example_complex.py took 0.332 seconds
[2025-05-02T19:52:48.812+0000] {processor.py:161} INFO - Started process (PID=2892) to work on /home/airflow/.local/lib/python3.12/site-packages/airflow/example_dags/example_complex.py
[2025-05-02T19:52:48.814+0000] {processor.py:830} INFO - Processing file /home/airflow/.local/lib/python3.12/site-packages/airflow/example_dags/example_complex.py for tasks to queue
[2025-05-02T19:52:48.819+0000] {logging_mixin.py:188} INFO - [2025-05-02T19:52:48.818+0000] {dagbag.py:540} INFO - Filling up the DagBag from /home/airflow/.local/lib/python3.12/site-packages/airflow/example_dags/example_complex.py
[2025-05-02T19:52:48.857+0000] {processor.py:840} INFO - DAG(s) 'example_complex' retrieved from /home/airflow/.local/lib/python3.12/site-packages/airflow/example_dags/example_complex.py
[2025-05-02T19:52:49.002+0000] {logging_mixin.py:188} INFO - [2025-05-02T19:52:49.001+0000] {dag.py:3096} INFO - Sync 1 DAGs
[2025-05-02T19:52:49.042+0000] {logging_mixin.py:188} INFO - [2025-05-02T19:52:49.041+0000] {dag.py:3954} INFO - Setting next_dagrun for example_complex to None, run_after=None
[2025-05-02T19:52:49.101+0000] {processor.py:183} INFO - Processing /home/airflow/.local/lib/python3.12/site-packages/airflow/example_dags/example_complex.py took 0.314 seconds
[2025-05-02T19:53:20.703+0000] {processor.py:161} INFO - Started process (PID=3008) to work on /home/airflow/.local/lib/python3.12/site-packages/airflow/example_dags/example_complex.py
[2025-05-02T19:53:20.709+0000] {processor.py:830} INFO - Processing file /home/airflow/.local/lib/python3.12/site-packages/airflow/example_dags/example_complex.py for tasks to queue
[2025-05-02T19:53:20.718+0000] {logging_mixin.py:188} INFO - [2025-05-02T19:53:20.718+0000] {dagbag.py:540} INFO - Filling up the DagBag from /home/airflow/.local/lib/python3.12/site-packages/airflow/example_dags/example_complex.py
[2025-05-02T19:53:20.754+0000] {processor.py:840} INFO - DAG(s) 'example_complex' retrieved from /home/airflow/.local/lib/python3.12/site-packages/airflow/example_dags/example_complex.py
[2025-05-02T19:53:20.961+0000] {logging_mixin.py:188} INFO - [2025-05-02T19:53:20.961+0000] {dag.py:3096} INFO - Sync 1 DAGs
[2025-05-02T19:53:21.017+0000] {logging_mixin.py:188} INFO - [2025-05-02T19:53:21.016+0000] {dag.py:3954} INFO - Setting next_dagrun for example_complex to None, run_after=None
[2025-05-02T19:53:21.095+0000] {processor.py:183} INFO - Processing /home/airflow/.local/lib/python3.12/site-packages/airflow/example_dags/example_complex.py took 0.412 seconds
[2025-05-02T19:53:54.668+0000] {processor.py:161} INFO - Started process (PID=3105) to work on /home/airflow/.local/lib/python3.12/site-packages/airflow/example_dags/example_complex.py
[2025-05-02T19:53:54.669+0000] {processor.py:830} INFO - Processing file /home/airflow/.local/lib/python3.12/site-packages/airflow/example_dags/example_complex.py for tasks to queue
[2025-05-02T19:53:54.674+0000] {logging_mixin.py:188} INFO - [2025-05-02T19:53:54.673+0000] {dagbag.py:540} INFO - Filling up the DagBag from /home/airflow/.local/lib/python3.12/site-packages/airflow/example_dags/example_complex.py
[2025-05-02T19:53:54.697+0000] {processor.py:840} INFO - DAG(s) 'example_complex' retrieved from /home/airflow/.local/lib/python3.12/site-packages/airflow/example_dags/example_complex.py
[2025-05-02T19:53:54.826+0000] {logging_mixin.py:188} INFO - [2025-05-02T19:53:54.825+0000] {dag.py:3096} INFO - Sync 1 DAGs
[2025-05-02T19:53:54.868+0000] {logging_mixin.py:188} INFO - [2025-05-02T19:53:54.867+0000] {dag.py:3954} INFO - Setting next_dagrun for example_complex to None, run_after=None
[2025-05-02T19:53:54.998+0000] {processor.py:183} INFO - Processing /home/airflow/.local/lib/python3.12/site-packages/airflow/example_dags/example_complex.py took 0.344 seconds
[2025-05-02T19:54:27.993+0000] {processor.py:161} INFO - Started process (PID=3203) to work on /home/airflow/.local/lib/python3.12/site-packages/airflow/example_dags/example_complex.py
[2025-05-02T19:54:28.005+0000] {processor.py:830} INFO - Processing file /home/airflow/.local/lib/python3.12/site-packages/airflow/example_dags/example_complex.py for tasks to queue
[2025-05-02T19:54:28.012+0000] {logging_mixin.py:188} INFO - [2025-05-02T19:54:28.009+0000] {dagbag.py:540} INFO - Filling up the DagBag from /home/airflow/.local/lib/python3.12/site-packages/airflow/example_dags/example_complex.py
[2025-05-02T19:54:28.047+0000] {processor.py:840} INFO - DAG(s) 'example_complex' retrieved from /home/airflow/.local/lib/python3.12/site-packages/airflow/example_dags/example_complex.py
[2025-05-02T19:54:28.183+0000] {logging_mixin.py:188} INFO - [2025-05-02T19:54:28.183+0000] {dag.py:3096} INFO - Sync 1 DAGs
[2025-05-02T19:54:28.215+0000] {logging_mixin.py:188} INFO - [2025-05-02T19:54:28.215+0000] {dag.py:3954} INFO - Setting next_dagrun for example_complex to None, run_after=None
[2025-05-02T19:54:28.290+0000] {processor.py:183} INFO - Processing /home/airflow/.local/lib/python3.12/site-packages/airflow/example_dags/example_complex.py took 0.311 seconds
[2025-05-02T19:54:58.511+0000] {processor.py:161} INFO - Started process (PID=3296) to work on /home/airflow/.local/lib/python3.12/site-packages/airflow/example_dags/example_complex.py
[2025-05-02T19:54:58.520+0000] {processor.py:830} INFO - Processing file /home/airflow/.local/lib/python3.12/site-packages/airflow/example_dags/example_complex.py for tasks to queue
[2025-05-02T19:54:58.526+0000] {logging_mixin.py:188} INFO - [2025-05-02T19:54:58.525+0000] {dagbag.py:540} INFO - Filling up the DagBag from /home/airflow/.local/lib/python3.12/site-packages/airflow/example_dags/example_complex.py
[2025-05-02T19:54:58.551+0000] {processor.py:840} INFO - DAG(s) 'example_complex' retrieved from /home/airflow/.local/lib/python3.12/site-packages/airflow/example_dags/example_complex.py
[2025-05-02T19:54:58.640+0000] {logging_mixin.py:188} INFO - [2025-05-02T19:54:58.640+0000] {dag.py:3096} INFO - Sync 1 DAGs
[2025-05-02T19:54:58.671+0000] {logging_mixin.py:188} INFO - [2025-05-02T19:54:58.670+0000] {dag.py:3954} INFO - Setting next_dagrun for example_complex to None, run_after=None
[2025-05-02T19:54:58.738+0000] {processor.py:183} INFO - Processing /home/airflow/.local/lib/python3.12/site-packages/airflow/example_dags/example_complex.py took 0.243 seconds
[2025-05-02T19:55:29.642+0000] {processor.py:161} INFO - Started process (PID=3389) to work on /home/airflow/.local/lib/python3.12/site-packages/airflow/example_dags/example_complex.py
[2025-05-02T19:55:29.644+0000] {processor.py:830} INFO - Processing file /home/airflow/.local/lib/python3.12/site-packages/airflow/example_dags/example_complex.py for tasks to queue
[2025-05-02T19:55:29.647+0000] {logging_mixin.py:188} INFO - [2025-05-02T19:55:29.647+0000] {dagbag.py:540} INFO - Filling up the DagBag from /home/airflow/.local/lib/python3.12/site-packages/airflow/example_dags/example_complex.py
[2025-05-02T19:55:29.672+0000] {processor.py:840} INFO - DAG(s) 'example_complex' retrieved from /home/airflow/.local/lib/python3.12/site-packages/airflow/example_dags/example_complex.py
[2025-05-02T19:55:29.752+0000] {logging_mixin.py:188} INFO - [2025-05-02T19:55:29.752+0000] {dag.py:3096} INFO - Sync 1 DAGs
[2025-05-02T19:55:29.782+0000] {logging_mixin.py:188} INFO - [2025-05-02T19:55:29.781+0000] {dag.py:3954} INFO - Setting next_dagrun for example_complex to None, run_after=None
[2025-05-02T19:55:29.823+0000] {processor.py:183} INFO - Processing /home/airflow/.local/lib/python3.12/site-packages/airflow/example_dags/example_complex.py took 0.202 seconds
[2025-05-02T19:56:00.653+0000] {processor.py:161} INFO - Started process (PID=3483) to work on /home/airflow/.local/lib/python3.12/site-packages/airflow/example_dags/example_complex.py
[2025-05-02T19:56:00.654+0000] {processor.py:830} INFO - Processing file /home/airflow/.local/lib/python3.12/site-packages/airflow/example_dags/example_complex.py for tasks to queue
[2025-05-02T19:56:00.659+0000] {logging_mixin.py:188} INFO - [2025-05-02T19:56:00.657+0000] {dagbag.py:540} INFO - Filling up the DagBag from /home/airflow/.local/lib/python3.12/site-packages/airflow/example_dags/example_complex.py
[2025-05-02T19:56:00.683+0000] {processor.py:840} INFO - DAG(s) 'example_complex' retrieved from /home/airflow/.local/lib/python3.12/site-packages/airflow/example_dags/example_complex.py
[2025-05-02T19:56:00.811+0000] {logging_mixin.py:188} INFO - [2025-05-02T19:56:00.810+0000] {dag.py:3096} INFO - Sync 1 DAGs
[2025-05-02T19:56:00.837+0000] {logging_mixin.py:188} INFO - [2025-05-02T19:56:00.836+0000] {dag.py:3954} INFO - Setting next_dagrun for example_complex to None, run_after=None
[2025-05-02T19:56:00.886+0000] {processor.py:183} INFO - Processing /home/airflow/.local/lib/python3.12/site-packages/airflow/example_dags/example_complex.py took 0.277 seconds
[2025-05-02T19:56:31.448+0000] {processor.py:161} INFO - Started process (PID=3578) to work on /home/airflow/.local/lib/python3.12/site-packages/airflow/example_dags/example_complex.py
[2025-05-02T19:56:31.460+0000] {processor.py:830} INFO - Processing file /home/airflow/.local/lib/python3.12/site-packages/airflow/example_dags/example_complex.py for tasks to queue
[2025-05-02T19:56:31.464+0000] {logging_mixin.py:188} INFO - [2025-05-02T19:56:31.464+0000] {dagbag.py:540} INFO - Filling up the DagBag from /home/airflow/.local/lib/python3.12/site-packages/airflow/example_dags/example_complex.py
[2025-05-02T19:56:31.508+0000] {processor.py:840} INFO - DAG(s) 'example_complex' retrieved from /home/airflow/.local/lib/python3.12/site-packages/airflow/example_dags/example_complex.py
[2025-05-02T19:56:31.756+0000] {logging_mixin.py:188} INFO - [2025-05-02T19:56:31.755+0000] {dag.py:3096} INFO - Sync 1 DAGs
[2025-05-02T19:56:31.808+0000] {logging_mixin.py:188} INFO - [2025-05-02T19:56:31.807+0000] {dag.py:3954} INFO - Setting next_dagrun for example_complex to None, run_after=None
[2025-05-02T19:56:31.897+0000] {processor.py:183} INFO - Processing /home/airflow/.local/lib/python3.12/site-packages/airflow/example_dags/example_complex.py took 0.460 seconds
[2025-05-02T19:57:02.615+0000] {processor.py:161} INFO - Started process (PID=3673) to work on /home/airflow/.local/lib/python3.12/site-packages/airflow/example_dags/example_complex.py
[2025-05-02T19:57:02.617+0000] {processor.py:830} INFO - Processing file /home/airflow/.local/lib/python3.12/site-packages/airflow/example_dags/example_complex.py for tasks to queue
[2025-05-02T19:57:02.625+0000] {logging_mixin.py:188} INFO - [2025-05-02T19:57:02.624+0000] {dagbag.py:540} INFO - Filling up the DagBag from /home/airflow/.local/lib/python3.12/site-packages/airflow/example_dags/example_complex.py
[2025-05-02T19:57:02.701+0000] {processor.py:840} INFO - DAG(s) 'example_complex' retrieved from /home/airflow/.local/lib/python3.12/site-packages/airflow/example_dags/example_complex.py
[2025-05-02T19:57:02.936+0000] {logging_mixin.py:188} INFO - [2025-05-02T19:57:02.935+0000] {dag.py:3096} INFO - Sync 1 DAGs
[2025-05-02T19:57:02.973+0000] {logging_mixin.py:188} INFO - [2025-05-02T19:57:02.973+0000] {dag.py:3954} INFO - Setting next_dagrun for example_complex to None, run_after=None
[2025-05-02T19:57:03.070+0000] {processor.py:183} INFO - Processing /home/airflow/.local/lib/python3.12/site-packages/airflow/example_dags/example_complex.py took 0.517 seconds
[2025-05-02T19:57:33.569+0000] {processor.py:161} INFO - Started process (PID=3777) to work on /home/airflow/.local/lib/python3.12/site-packages/airflow/example_dags/example_complex.py
[2025-05-02T19:57:33.575+0000] {processor.py:830} INFO - Processing file /home/airflow/.local/lib/python3.12/site-packages/airflow/example_dags/example_complex.py for tasks to queue
[2025-05-02T19:57:33.578+0000] {logging_mixin.py:188} INFO - [2025-05-02T19:57:33.578+0000] {dagbag.py:540} INFO - Filling up the DagBag from /home/airflow/.local/lib/python3.12/site-packages/airflow/example_dags/example_complex.py
[2025-05-02T19:57:33.601+0000] {processor.py:840} INFO - DAG(s) 'example_complex' retrieved from /home/airflow/.local/lib/python3.12/site-packages/airflow/example_dags/example_complex.py
[2025-05-02T19:57:33.725+0000] {logging_mixin.py:188} INFO - [2025-05-02T19:57:33.724+0000] {dag.py:3096} INFO - Sync 1 DAGs
[2025-05-02T19:57:33.751+0000] {logging_mixin.py:188} INFO - [2025-05-02T19:57:33.751+0000] {dag.py:3954} INFO - Setting next_dagrun for example_complex to None, run_after=None
[2025-05-02T19:57:33.822+0000] {processor.py:183} INFO - Processing /home/airflow/.local/lib/python3.12/site-packages/airflow/example_dags/example_complex.py took 0.266 seconds
[2025-05-02T19:58:04.012+0000] {processor.py:161} INFO - Started process (PID=3890) to work on /home/airflow/.local/lib/python3.12/site-packages/airflow/example_dags/example_complex.py
[2025-05-02T19:58:04.014+0000] {processor.py:830} INFO - Processing file /home/airflow/.local/lib/python3.12/site-packages/airflow/example_dags/example_complex.py for tasks to queue
[2025-05-02T19:58:04.017+0000] {logging_mixin.py:188} INFO - [2025-05-02T19:58:04.017+0000] {dagbag.py:540} INFO - Filling up the DagBag from /home/airflow/.local/lib/python3.12/site-packages/airflow/example_dags/example_complex.py
[2025-05-02T19:58:04.041+0000] {processor.py:840} INFO - DAG(s) 'example_complex' retrieved from /home/airflow/.local/lib/python3.12/site-packages/airflow/example_dags/example_complex.py
[2025-05-02T19:58:04.165+0000] {logging_mixin.py:188} INFO - [2025-05-02T19:58:04.165+0000] {dag.py:3096} INFO - Sync 1 DAGs
[2025-05-02T19:58:04.202+0000] {logging_mixin.py:188} INFO - [2025-05-02T19:58:04.201+0000] {dag.py:3954} INFO - Setting next_dagrun for example_complex to None, run_after=None
[2025-05-02T19:58:04.263+0000] {processor.py:183} INFO - Processing /home/airflow/.local/lib/python3.12/site-packages/airflow/example_dags/example_complex.py took 0.265 seconds
