[2025-05-02T19:33:07.181+0000] {processor.py:161} INFO - Started process (PID=79) to work on /home/airflow/.local/lib/python3.12/site-packages/airflow/example_dags/example_latest_only.py
[2025-05-02T19:33:07.182+0000] {processor.py:830} INFO - Processing file /home/airflow/.local/lib/python3.12/site-packages/airflow/example_dags/example_latest_only.py for tasks to queue
[2025-05-02T19:33:07.186+0000] {logging_mixin.py:188} INFO - [2025-05-02T19:33:07.185+0000] {dagbag.py:540} INFO - Filling up the DagBag from /home/airflow/.local/lib/python3.12/site-packages/airflow/example_dags/example_latest_only.py
[2025-05-02T19:33:07.195+0000] {processor.py:840} INFO - DAG(s) 'latest_only' retrieved from /home/airflow/.local/lib/python3.12/site-packages/airflow/example_dags/example_latest_only.py
[2025-05-02T19:33:07.214+0000] {logging_mixin.py:188} INFO - [2025-05-02T19:33:07.214+0000] {dag.py:3096} INFO - Sync 1 DAGs
[2025-05-02T19:33:07.256+0000] {logging_mixin.py:188} INFO - [2025-05-02T19:33:07.256+0000] {dag.py:3954} INFO - Setting next_dagrun for latest_only to 2025-05-02 12:00:00+00:00, run_after=2025-05-02 16:00:00+00:00
[2025-05-02T19:33:07.286+0000] {processor.py:183} INFO - Processing /home/airflow/.local/lib/python3.12/site-packages/airflow/example_dags/example_latest_only.py took 0.111 seconds
[2025-05-02T19:33:37.586+0000] {processor.py:161} INFO - Started process (PID=131) to work on /home/airflow/.local/lib/python3.12/site-packages/airflow/example_dags/example_latest_only.py
[2025-05-02T19:33:37.587+0000] {processor.py:830} INFO - Processing file /home/airflow/.local/lib/python3.12/site-packages/airflow/example_dags/example_latest_only.py for tasks to queue
[2025-05-02T19:33:37.588+0000] {logging_mixin.py:188} INFO - [2025-05-02T19:33:37.588+0000] {dagbag.py:540} INFO - Filling up the DagBag from /home/airflow/.local/lib/python3.12/site-packages/airflow/example_dags/example_latest_only.py
[2025-05-02T19:33:37.592+0000] {processor.py:840} INFO - DAG(s) 'latest_only' retrieved from /home/airflow/.local/lib/python3.12/site-packages/airflow/example_dags/example_latest_only.py
[2025-05-02T19:33:37.690+0000] {logging_mixin.py:188} INFO - [2025-05-02T19:33:37.690+0000] {dag.py:3096} INFO - Sync 1 DAGs
[2025-05-02T19:33:37.711+0000] {logging_mixin.py:188} INFO - [2025-05-02T19:33:37.710+0000] {dag.py:3954} INFO - Setting next_dagrun for latest_only to 2025-05-02 12:00:00+00:00, run_after=2025-05-02 16:00:00+00:00
[2025-05-02T19:33:37.732+0000] {processor.py:183} INFO - Processing /home/airflow/.local/lib/python3.12/site-packages/airflow/example_dags/example_latest_only.py took 0.150 seconds
[2025-05-02T19:34:07.816+0000] {processor.py:161} INFO - Started process (PID=189) to work on /home/airflow/.local/lib/python3.12/site-packages/airflow/example_dags/example_latest_only.py
[2025-05-02T19:34:07.817+0000] {processor.py:830} INFO - Processing file /home/airflow/.local/lib/python3.12/site-packages/airflow/example_dags/example_latest_only.py for tasks to queue
[2025-05-02T19:34:07.819+0000] {logging_mixin.py:188} INFO - [2025-05-02T19:34:07.818+0000] {dagbag.py:540} INFO - Filling up the DagBag from /home/airflow/.local/lib/python3.12/site-packages/airflow/example_dags/example_latest_only.py
[2025-05-02T19:34:07.823+0000] {processor.py:840} INFO - DAG(s) 'latest_only' retrieved from /home/airflow/.local/lib/python3.12/site-packages/airflow/example_dags/example_latest_only.py
[2025-05-02T19:34:07.840+0000] {logging_mixin.py:188} INFO - [2025-05-02T19:34:07.840+0000] {dag.py:3096} INFO - Sync 1 DAGs
[2025-05-02T19:34:07.860+0000] {logging_mixin.py:188} INFO - [2025-05-02T19:34:07.860+0000] {dag.py:3954} INFO - Setting next_dagrun for latest_only to 2025-05-02 12:00:00+00:00, run_after=2025-05-02 16:00:00+00:00
[2025-05-02T19:34:07.876+0000] {processor.py:183} INFO - Processing /home/airflow/.local/lib/python3.12/site-packages/airflow/example_dags/example_latest_only.py took 0.065 seconds
[2025-05-02T19:34:39.257+0000] {processor.py:161} INFO - Started process (PID=247) to work on /home/airflow/.local/lib/python3.12/site-packages/airflow/example_dags/example_latest_only.py
[2025-05-02T19:34:39.258+0000] {processor.py:830} INFO - Processing file /home/airflow/.local/lib/python3.12/site-packages/airflow/example_dags/example_latest_only.py for tasks to queue
[2025-05-02T19:34:39.260+0000] {logging_mixin.py:188} INFO - [2025-05-02T19:34:39.260+0000] {dagbag.py:540} INFO - Filling up the DagBag from /home/airflow/.local/lib/python3.12/site-packages/airflow/example_dags/example_latest_only.py
[2025-05-02T19:34:39.265+0000] {processor.py:840} INFO - DAG(s) 'latest_only' retrieved from /home/airflow/.local/lib/python3.12/site-packages/airflow/example_dags/example_latest_only.py
[2025-05-02T19:34:39.284+0000] {logging_mixin.py:188} INFO - [2025-05-02T19:34:39.284+0000] {dag.py:3096} INFO - Sync 1 DAGs
[2025-05-02T19:34:39.305+0000] {logging_mixin.py:188} INFO - [2025-05-02T19:34:39.305+0000] {dag.py:3954} INFO - Setting next_dagrun for latest_only to 2025-05-02 12:00:00+00:00, run_after=2025-05-02 16:00:00+00:00
[2025-05-02T19:34:39.324+0000] {processor.py:183} INFO - Processing /home/airflow/.local/lib/python3.12/site-packages/airflow/example_dags/example_latest_only.py took 0.072 seconds
[2025-05-02T19:35:09.920+0000] {processor.py:161} INFO - Started process (PID=305) to work on /home/airflow/.local/lib/python3.12/site-packages/airflow/example_dags/example_latest_only.py
[2025-05-02T19:35:09.921+0000] {processor.py:830} INFO - Processing file /home/airflow/.local/lib/python3.12/site-packages/airflow/example_dags/example_latest_only.py for tasks to queue
[2025-05-02T19:35:09.923+0000] {logging_mixin.py:188} INFO - [2025-05-02T19:35:09.923+0000] {dagbag.py:540} INFO - Filling up the DagBag from /home/airflow/.local/lib/python3.12/site-packages/airflow/example_dags/example_latest_only.py
[2025-05-02T19:35:09.927+0000] {processor.py:840} INFO - DAG(s) 'latest_only' retrieved from /home/airflow/.local/lib/python3.12/site-packages/airflow/example_dags/example_latest_only.py
[2025-05-02T19:35:09.944+0000] {logging_mixin.py:188} INFO - [2025-05-02T19:35:09.944+0000] {dag.py:3096} INFO - Sync 1 DAGs
[2025-05-02T19:35:09.965+0000] {logging_mixin.py:188} INFO - [2025-05-02T19:35:09.965+0000] {dag.py:3954} INFO - Setting next_dagrun for latest_only to 2025-05-02 12:00:00+00:00, run_after=2025-05-02 16:00:00+00:00
[2025-05-02T19:35:09.981+0000] {processor.py:183} INFO - Processing /home/airflow/.local/lib/python3.12/site-packages/airflow/example_dags/example_latest_only.py took 0.065 seconds
[2025-05-02T19:35:40.323+0000] {processor.py:161} INFO - Started process (PID=363) to work on /home/airflow/.local/lib/python3.12/site-packages/airflow/example_dags/example_latest_only.py
[2025-05-02T19:35:40.324+0000] {processor.py:830} INFO - Processing file /home/airflow/.local/lib/python3.12/site-packages/airflow/example_dags/example_latest_only.py for tasks to queue
[2025-05-02T19:35:40.325+0000] {logging_mixin.py:188} INFO - [2025-05-02T19:35:40.325+0000] {dagbag.py:540} INFO - Filling up the DagBag from /home/airflow/.local/lib/python3.12/site-packages/airflow/example_dags/example_latest_only.py
[2025-05-02T19:35:40.329+0000] {processor.py:840} INFO - DAG(s) 'latest_only' retrieved from /home/airflow/.local/lib/python3.12/site-packages/airflow/example_dags/example_latest_only.py
[2025-05-02T19:35:40.346+0000] {logging_mixin.py:188} INFO - [2025-05-02T19:35:40.346+0000] {dag.py:3096} INFO - Sync 1 DAGs
[2025-05-02T19:35:40.363+0000] {logging_mixin.py:188} INFO - [2025-05-02T19:35:40.363+0000] {dag.py:3954} INFO - Setting next_dagrun for latest_only to 2025-05-02 12:00:00+00:00, run_after=2025-05-02 16:00:00+00:00
[2025-05-02T19:35:40.378+0000] {processor.py:183} INFO - Processing /home/airflow/.local/lib/python3.12/site-packages/airflow/example_dags/example_latest_only.py took 0.060 seconds
[2025-05-02T19:36:10.798+0000] {processor.py:161} INFO - Started process (PID=421) to work on /home/airflow/.local/lib/python3.12/site-packages/airflow/example_dags/example_latest_only.py
[2025-05-02T19:36:10.799+0000] {processor.py:830} INFO - Processing file /home/airflow/.local/lib/python3.12/site-packages/airflow/example_dags/example_latest_only.py for tasks to queue
[2025-05-02T19:36:10.800+0000] {logging_mixin.py:188} INFO - [2025-05-02T19:36:10.800+0000] {dagbag.py:540} INFO - Filling up the DagBag from /home/airflow/.local/lib/python3.12/site-packages/airflow/example_dags/example_latest_only.py
[2025-05-02T19:36:10.804+0000] {processor.py:840} INFO - DAG(s) 'latest_only' retrieved from /home/airflow/.local/lib/python3.12/site-packages/airflow/example_dags/example_latest_only.py
[2025-05-02T19:36:10.821+0000] {logging_mixin.py:188} INFO - [2025-05-02T19:36:10.821+0000] {dag.py:3096} INFO - Sync 1 DAGs
[2025-05-02T19:36:10.839+0000] {logging_mixin.py:188} INFO - [2025-05-02T19:36:10.839+0000] {dag.py:3954} INFO - Setting next_dagrun for latest_only to 2025-05-02 12:00:00+00:00, run_after=2025-05-02 16:00:00+00:00
[2025-05-02T19:36:10.857+0000] {processor.py:183} INFO - Processing /home/airflow/.local/lib/python3.12/site-packages/airflow/example_dags/example_latest_only.py took 0.064 seconds
[2025-05-02T19:36:41.280+0000] {processor.py:161} INFO - Started process (PID=479) to work on /home/airflow/.local/lib/python3.12/site-packages/airflow/example_dags/example_latest_only.py
[2025-05-02T19:36:41.280+0000] {processor.py:830} INFO - Processing file /home/airflow/.local/lib/python3.12/site-packages/airflow/example_dags/example_latest_only.py for tasks to queue
[2025-05-02T19:36:41.282+0000] {logging_mixin.py:188} INFO - [2025-05-02T19:36:41.282+0000] {dagbag.py:540} INFO - Filling up the DagBag from /home/airflow/.local/lib/python3.12/site-packages/airflow/example_dags/example_latest_only.py
[2025-05-02T19:36:41.286+0000] {processor.py:840} INFO - DAG(s) 'latest_only' retrieved from /home/airflow/.local/lib/python3.12/site-packages/airflow/example_dags/example_latest_only.py
[2025-05-02T19:36:41.305+0000] {logging_mixin.py:188} INFO - [2025-05-02T19:36:41.304+0000] {dag.py:3096} INFO - Sync 1 DAGs
[2025-05-02T19:36:41.337+0000] {logging_mixin.py:188} INFO - [2025-05-02T19:36:41.336+0000] {dag.py:3954} INFO - Setting next_dagrun for latest_only to 2025-05-02 12:00:00+00:00, run_after=2025-05-02 16:00:00+00:00
[2025-05-02T19:36:41.364+0000] {processor.py:183} INFO - Processing /home/airflow/.local/lib/python3.12/site-packages/airflow/example_dags/example_latest_only.py took 0.090 seconds
[2025-05-02T19:37:11.538+0000] {processor.py:161} INFO - Started process (PID=537) to work on /home/airflow/.local/lib/python3.12/site-packages/airflow/example_dags/example_latest_only.py
[2025-05-02T19:37:11.539+0000] {processor.py:830} INFO - Processing file /home/airflow/.local/lib/python3.12/site-packages/airflow/example_dags/example_latest_only.py for tasks to queue
[2025-05-02T19:37:11.540+0000] {logging_mixin.py:188} INFO - [2025-05-02T19:37:11.540+0000] {dagbag.py:540} INFO - Filling up the DagBag from /home/airflow/.local/lib/python3.12/site-packages/airflow/example_dags/example_latest_only.py
[2025-05-02T19:37:11.544+0000] {processor.py:840} INFO - DAG(s) 'latest_only' retrieved from /home/airflow/.local/lib/python3.12/site-packages/airflow/example_dags/example_latest_only.py
[2025-05-02T19:37:11.561+0000] {logging_mixin.py:188} INFO - [2025-05-02T19:37:11.560+0000] {dag.py:3096} INFO - Sync 1 DAGs
[2025-05-02T19:37:11.584+0000] {logging_mixin.py:188} INFO - [2025-05-02T19:37:11.584+0000] {dag.py:3954} INFO - Setting next_dagrun for latest_only to 2025-05-02 12:00:00+00:00, run_after=2025-05-02 16:00:00+00:00
[2025-05-02T19:37:11.604+0000] {processor.py:183} INFO - Processing /home/airflow/.local/lib/python3.12/site-packages/airflow/example_dags/example_latest_only.py took 0.070 seconds
[2025-05-02T19:37:42.118+0000] {processor.py:161} INFO - Started process (PID=595) to work on /home/airflow/.local/lib/python3.12/site-packages/airflow/example_dags/example_latest_only.py
[2025-05-02T19:37:42.119+0000] {processor.py:830} INFO - Processing file /home/airflow/.local/lib/python3.12/site-packages/airflow/example_dags/example_latest_only.py for tasks to queue
[2025-05-02T19:37:42.120+0000] {logging_mixin.py:188} INFO - [2025-05-02T19:37:42.120+0000] {dagbag.py:540} INFO - Filling up the DagBag from /home/airflow/.local/lib/python3.12/site-packages/airflow/example_dags/example_latest_only.py
[2025-05-02T19:37:42.125+0000] {processor.py:840} INFO - DAG(s) 'latest_only' retrieved from /home/airflow/.local/lib/python3.12/site-packages/airflow/example_dags/example_latest_only.py
[2025-05-02T19:37:42.143+0000] {logging_mixin.py:188} INFO - [2025-05-02T19:37:42.143+0000] {dag.py:3096} INFO - Sync 1 DAGs
[2025-05-02T19:37:42.163+0000] {logging_mixin.py:188} INFO - [2025-05-02T19:37:42.162+0000] {dag.py:3954} INFO - Setting next_dagrun for latest_only to 2025-05-02 12:00:00+00:00, run_after=2025-05-02 16:00:00+00:00
[2025-05-02T19:37:42.181+0000] {processor.py:183} INFO - Processing /home/airflow/.local/lib/python3.12/site-packages/airflow/example_dags/example_latest_only.py took 0.069 seconds
[2025-05-02T19:38:12.440+0000] {processor.py:161} INFO - Started process (PID=653) to work on /home/airflow/.local/lib/python3.12/site-packages/airflow/example_dags/example_latest_only.py
[2025-05-02T19:38:12.441+0000] {processor.py:830} INFO - Processing file /home/airflow/.local/lib/python3.12/site-packages/airflow/example_dags/example_latest_only.py for tasks to queue
[2025-05-02T19:38:12.442+0000] {logging_mixin.py:188} INFO - [2025-05-02T19:38:12.442+0000] {dagbag.py:540} INFO - Filling up the DagBag from /home/airflow/.local/lib/python3.12/site-packages/airflow/example_dags/example_latest_only.py
[2025-05-02T19:38:12.447+0000] {processor.py:840} INFO - DAG(s) 'latest_only' retrieved from /home/airflow/.local/lib/python3.12/site-packages/airflow/example_dags/example_latest_only.py
[2025-05-02T19:38:12.462+0000] {logging_mixin.py:188} INFO - [2025-05-02T19:38:12.462+0000] {dag.py:3096} INFO - Sync 1 DAGs
[2025-05-02T19:38:12.479+0000] {logging_mixin.py:188} INFO - [2025-05-02T19:38:12.478+0000] {dag.py:3954} INFO - Setting next_dagrun for latest_only to 2025-05-02 12:00:00+00:00, run_after=2025-05-02 16:00:00+00:00
[2025-05-02T19:38:12.494+0000] {processor.py:183} INFO - Processing /home/airflow/.local/lib/python3.12/site-packages/airflow/example_dags/example_latest_only.py took 0.058 seconds
[2025-05-02T19:38:44.933+0000] {processor.py:161} INFO - Started process (PID=711) to work on /home/airflow/.local/lib/python3.12/site-packages/airflow/example_dags/example_latest_only.py
[2025-05-02T19:38:44.934+0000] {processor.py:830} INFO - Processing file /home/airflow/.local/lib/python3.12/site-packages/airflow/example_dags/example_latest_only.py for tasks to queue
[2025-05-02T19:38:44.936+0000] {logging_mixin.py:188} INFO - [2025-05-02T19:38:44.935+0000] {dagbag.py:540} INFO - Filling up the DagBag from /home/airflow/.local/lib/python3.12/site-packages/airflow/example_dags/example_latest_only.py
[2025-05-02T19:38:44.941+0000] {processor.py:840} INFO - DAG(s) 'latest_only' retrieved from /home/airflow/.local/lib/python3.12/site-packages/airflow/example_dags/example_latest_only.py
[2025-05-02T19:38:44.957+0000] {logging_mixin.py:188} INFO - [2025-05-02T19:38:44.957+0000] {dag.py:3096} INFO - Sync 1 DAGs
[2025-05-02T19:38:44.976+0000] {logging_mixin.py:188} INFO - [2025-05-02T19:38:44.976+0000] {dag.py:3954} INFO - Setting next_dagrun for latest_only to 2025-05-02 12:00:00+00:00, run_after=2025-05-02 16:00:00+00:00
[2025-05-02T19:38:44.993+0000] {processor.py:183} INFO - Processing /home/airflow/.local/lib/python3.12/site-packages/airflow/example_dags/example_latest_only.py took 0.065 seconds
[2025-05-02T19:39:18.330+0000] {processor.py:161} INFO - Started process (PID=769) to work on /home/airflow/.local/lib/python3.12/site-packages/airflow/example_dags/example_latest_only.py
[2025-05-02T19:39:18.331+0000] {processor.py:830} INFO - Processing file /home/airflow/.local/lib/python3.12/site-packages/airflow/example_dags/example_latest_only.py for tasks to queue
[2025-05-02T19:39:18.332+0000] {logging_mixin.py:188} INFO - [2025-05-02T19:39:18.332+0000] {dagbag.py:540} INFO - Filling up the DagBag from /home/airflow/.local/lib/python3.12/site-packages/airflow/example_dags/example_latest_only.py
[2025-05-02T19:39:18.336+0000] {processor.py:840} INFO - DAG(s) 'latest_only' retrieved from /home/airflow/.local/lib/python3.12/site-packages/airflow/example_dags/example_latest_only.py
[2025-05-02T19:39:18.353+0000] {logging_mixin.py:188} INFO - [2025-05-02T19:39:18.353+0000] {dag.py:3096} INFO - Sync 1 DAGs
[2025-05-02T19:39:18.372+0000] {logging_mixin.py:188} INFO - [2025-05-02T19:39:18.371+0000] {dag.py:3954} INFO - Setting next_dagrun for latest_only to 2025-05-02 12:00:00+00:00, run_after=2025-05-02 16:00:00+00:00
[2025-05-02T19:39:18.387+0000] {processor.py:183} INFO - Processing /home/airflow/.local/lib/python3.12/site-packages/airflow/example_dags/example_latest_only.py took 0.062 seconds
[2025-05-02T19:39:48.946+0000] {processor.py:161} INFO - Started process (PID=827) to work on /home/airflow/.local/lib/python3.12/site-packages/airflow/example_dags/example_latest_only.py
[2025-05-02T19:39:48.947+0000] {processor.py:830} INFO - Processing file /home/airflow/.local/lib/python3.12/site-packages/airflow/example_dags/example_latest_only.py for tasks to queue
[2025-05-02T19:39:48.949+0000] {logging_mixin.py:188} INFO - [2025-05-02T19:39:48.949+0000] {dagbag.py:540} INFO - Filling up the DagBag from /home/airflow/.local/lib/python3.12/site-packages/airflow/example_dags/example_latest_only.py
[2025-05-02T19:39:48.954+0000] {processor.py:840} INFO - DAG(s) 'latest_only' retrieved from /home/airflow/.local/lib/python3.12/site-packages/airflow/example_dags/example_latest_only.py
[2025-05-02T19:39:48.972+0000] {logging_mixin.py:188} INFO - [2025-05-02T19:39:48.972+0000] {dag.py:3096} INFO - Sync 1 DAGs
[2025-05-02T19:39:48.991+0000] {logging_mixin.py:188} INFO - [2025-05-02T19:39:48.991+0000] {dag.py:3954} INFO - Setting next_dagrun for latest_only to 2025-05-02 12:00:00+00:00, run_after=2025-05-02 16:00:00+00:00
[2025-05-02T19:39:49.010+0000] {processor.py:183} INFO - Processing /home/airflow/.local/lib/python3.12/site-packages/airflow/example_dags/example_latest_only.py took 0.074 seconds
[2025-05-02T19:40:19.629+0000] {processor.py:161} INFO - Started process (PID=885) to work on /home/airflow/.local/lib/python3.12/site-packages/airflow/example_dags/example_latest_only.py
[2025-05-02T19:40:19.630+0000] {processor.py:830} INFO - Processing file /home/airflow/.local/lib/python3.12/site-packages/airflow/example_dags/example_latest_only.py for tasks to queue
[2025-05-02T19:40:19.631+0000] {logging_mixin.py:188} INFO - [2025-05-02T19:40:19.631+0000] {dagbag.py:540} INFO - Filling up the DagBag from /home/airflow/.local/lib/python3.12/site-packages/airflow/example_dags/example_latest_only.py
[2025-05-02T19:40:19.634+0000] {processor.py:840} INFO - DAG(s) 'latest_only' retrieved from /home/airflow/.local/lib/python3.12/site-packages/airflow/example_dags/example_latest_only.py
[2025-05-02T19:40:19.652+0000] {logging_mixin.py:188} INFO - [2025-05-02T19:40:19.652+0000] {dag.py:3096} INFO - Sync 1 DAGs
[2025-05-02T19:40:19.673+0000] {logging_mixin.py:188} INFO - [2025-05-02T19:40:19.673+0000] {dag.py:3954} INFO - Setting next_dagrun for latest_only to 2025-05-02 12:00:00+00:00, run_after=2025-05-02 16:00:00+00:00
[2025-05-02T19:40:19.698+0000] {processor.py:183} INFO - Processing /home/airflow/.local/lib/python3.12/site-packages/airflow/example_dags/example_latest_only.py took 0.073 seconds
[2025-05-02T19:40:50.185+0000] {processor.py:161} INFO - Started process (PID=943) to work on /home/airflow/.local/lib/python3.12/site-packages/airflow/example_dags/example_latest_only.py
[2025-05-02T19:40:50.186+0000] {processor.py:830} INFO - Processing file /home/airflow/.local/lib/python3.12/site-packages/airflow/example_dags/example_latest_only.py for tasks to queue
[2025-05-02T19:40:50.188+0000] {logging_mixin.py:188} INFO - [2025-05-02T19:40:50.188+0000] {dagbag.py:540} INFO - Filling up the DagBag from /home/airflow/.local/lib/python3.12/site-packages/airflow/example_dags/example_latest_only.py
[2025-05-02T19:40:50.194+0000] {processor.py:840} INFO - DAG(s) 'latest_only' retrieved from /home/airflow/.local/lib/python3.12/site-packages/airflow/example_dags/example_latest_only.py
[2025-05-02T19:40:50.213+0000] {logging_mixin.py:188} INFO - [2025-05-02T19:40:50.212+0000] {dag.py:3096} INFO - Sync 1 DAGs
[2025-05-02T19:40:50.231+0000] {logging_mixin.py:188} INFO - [2025-05-02T19:40:50.231+0000] {dag.py:3954} INFO - Setting next_dagrun for latest_only to 2025-05-02 12:00:00+00:00, run_after=2025-05-02 16:00:00+00:00
[2025-05-02T19:40:50.249+0000] {processor.py:183} INFO - Processing /home/airflow/.local/lib/python3.12/site-packages/airflow/example_dags/example_latest_only.py took 0.071 seconds
[2025-05-02T19:41:20.560+0000] {processor.py:161} INFO - Started process (PID=1001) to work on /home/airflow/.local/lib/python3.12/site-packages/airflow/example_dags/example_latest_only.py
[2025-05-02T19:41:20.561+0000] {processor.py:830} INFO - Processing file /home/airflow/.local/lib/python3.12/site-packages/airflow/example_dags/example_latest_only.py for tasks to queue
[2025-05-02T19:41:20.563+0000] {logging_mixin.py:188} INFO - [2025-05-02T19:41:20.563+0000] {dagbag.py:540} INFO - Filling up the DagBag from /home/airflow/.local/lib/python3.12/site-packages/airflow/example_dags/example_latest_only.py
[2025-05-02T19:41:20.569+0000] {processor.py:840} INFO - DAG(s) 'latest_only' retrieved from /home/airflow/.local/lib/python3.12/site-packages/airflow/example_dags/example_latest_only.py
[2025-05-02T19:41:20.586+0000] {logging_mixin.py:188} INFO - [2025-05-02T19:41:20.586+0000] {dag.py:3096} INFO - Sync 1 DAGs
[2025-05-02T19:41:20.609+0000] {logging_mixin.py:188} INFO - [2025-05-02T19:41:20.608+0000] {dag.py:3954} INFO - Setting next_dagrun for latest_only to 2025-05-02 12:00:00+00:00, run_after=2025-05-02 16:00:00+00:00
[2025-05-02T19:41:20.626+0000] {processor.py:183} INFO - Processing /home/airflow/.local/lib/python3.12/site-packages/airflow/example_dags/example_latest_only.py took 0.073 seconds
[2025-05-02T19:41:51.294+0000] {processor.py:161} INFO - Started process (PID=1059) to work on /home/airflow/.local/lib/python3.12/site-packages/airflow/example_dags/example_latest_only.py
[2025-05-02T19:41:51.295+0000] {processor.py:830} INFO - Processing file /home/airflow/.local/lib/python3.12/site-packages/airflow/example_dags/example_latest_only.py for tasks to queue
[2025-05-02T19:41:51.297+0000] {logging_mixin.py:188} INFO - [2025-05-02T19:41:51.296+0000] {dagbag.py:540} INFO - Filling up the DagBag from /home/airflow/.local/lib/python3.12/site-packages/airflow/example_dags/example_latest_only.py
[2025-05-02T19:41:51.300+0000] {processor.py:840} INFO - DAG(s) 'latest_only' retrieved from /home/airflow/.local/lib/python3.12/site-packages/airflow/example_dags/example_latest_only.py
[2025-05-02T19:41:51.316+0000] {logging_mixin.py:188} INFO - [2025-05-02T19:41:51.316+0000] {dag.py:3096} INFO - Sync 1 DAGs
[2025-05-02T19:41:51.333+0000] {logging_mixin.py:188} INFO - [2025-05-02T19:41:51.333+0000] {dag.py:3954} INFO - Setting next_dagrun for latest_only to 2025-05-02 12:00:00+00:00, run_after=2025-05-02 16:00:00+00:00
[2025-05-02T19:41:51.350+0000] {processor.py:183} INFO - Processing /home/airflow/.local/lib/python3.12/site-packages/airflow/example_dags/example_latest_only.py took 0.062 seconds
[2025-05-02T19:42:21.902+0000] {processor.py:161} INFO - Started process (PID=1111) to work on /home/airflow/.local/lib/python3.12/site-packages/airflow/example_dags/example_latest_only.py
[2025-05-02T19:42:21.903+0000] {processor.py:830} INFO - Processing file /home/airflow/.local/lib/python3.12/site-packages/airflow/example_dags/example_latest_only.py for tasks to queue
[2025-05-02T19:42:21.905+0000] {logging_mixin.py:188} INFO - [2025-05-02T19:42:21.905+0000] {dagbag.py:540} INFO - Filling up the DagBag from /home/airflow/.local/lib/python3.12/site-packages/airflow/example_dags/example_latest_only.py
[2025-05-02T19:42:21.911+0000] {processor.py:840} INFO - DAG(s) 'latest_only' retrieved from /home/airflow/.local/lib/python3.12/site-packages/airflow/example_dags/example_latest_only.py
[2025-05-02T19:42:21.928+0000] {logging_mixin.py:188} INFO - [2025-05-02T19:42:21.928+0000] {dag.py:3096} INFO - Sync 1 DAGs
[2025-05-02T19:42:21.949+0000] {logging_mixin.py:188} INFO - [2025-05-02T19:42:21.948+0000] {dag.py:3954} INFO - Setting next_dagrun for latest_only to 2025-05-02 12:00:00+00:00, run_after=2025-05-02 16:00:00+00:00
[2025-05-02T19:42:21.965+0000] {processor.py:183} INFO - Processing /home/airflow/.local/lib/python3.12/site-packages/airflow/example_dags/example_latest_only.py took 0.068 seconds
[2025-05-02T19:42:52.640+0000] {processor.py:161} INFO - Started process (PID=1169) to work on /home/airflow/.local/lib/python3.12/site-packages/airflow/example_dags/example_latest_only.py
[2025-05-02T19:42:52.641+0000] {processor.py:830} INFO - Processing file /home/airflow/.local/lib/python3.12/site-packages/airflow/example_dags/example_latest_only.py for tasks to queue
[2025-05-02T19:42:52.643+0000] {logging_mixin.py:188} INFO - [2025-05-02T19:42:52.643+0000] {dagbag.py:540} INFO - Filling up the DagBag from /home/airflow/.local/lib/python3.12/site-packages/airflow/example_dags/example_latest_only.py
[2025-05-02T19:42:52.648+0000] {processor.py:840} INFO - DAG(s) 'latest_only' retrieved from /home/airflow/.local/lib/python3.12/site-packages/airflow/example_dags/example_latest_only.py
[2025-05-02T19:42:52.667+0000] {logging_mixin.py:188} INFO - [2025-05-02T19:42:52.667+0000] {dag.py:3096} INFO - Sync 1 DAGs
[2025-05-02T19:42:52.684+0000] {logging_mixin.py:188} INFO - [2025-05-02T19:42:52.684+0000] {dag.py:3954} INFO - Setting next_dagrun for latest_only to 2025-05-02 12:00:00+00:00, run_after=2025-05-02 16:00:00+00:00
[2025-05-02T19:42:52.701+0000] {processor.py:183} INFO - Processing /home/airflow/.local/lib/python3.12/site-packages/airflow/example_dags/example_latest_only.py took 0.066 seconds
[2025-05-02T19:43:24.836+0000] {processor.py:161} INFO - Started process (PID=1229) to work on /home/airflow/.local/lib/python3.12/site-packages/airflow/example_dags/example_latest_only.py
[2025-05-02T19:43:24.837+0000] {processor.py:830} INFO - Processing file /home/airflow/.local/lib/python3.12/site-packages/airflow/example_dags/example_latest_only.py for tasks to queue
[2025-05-02T19:43:24.838+0000] {logging_mixin.py:188} INFO - [2025-05-02T19:43:24.838+0000] {dagbag.py:540} INFO - Filling up the DagBag from /home/airflow/.local/lib/python3.12/site-packages/airflow/example_dags/example_latest_only.py
[2025-05-02T19:43:24.844+0000] {processor.py:840} INFO - DAG(s) 'latest_only' retrieved from /home/airflow/.local/lib/python3.12/site-packages/airflow/example_dags/example_latest_only.py
[2025-05-02T19:43:24.890+0000] {logging_mixin.py:188} INFO - [2025-05-02T19:43:24.890+0000] {dag.py:3096} INFO - Sync 1 DAGs
[2025-05-02T19:43:24.934+0000] {logging_mixin.py:188} INFO - [2025-05-02T19:43:24.934+0000] {dag.py:3954} INFO - Setting next_dagrun for latest_only to 2025-05-02 12:00:00+00:00, run_after=2025-05-02 16:00:00+00:00
[2025-05-02T19:43:24.957+0000] {processor.py:183} INFO - Processing /home/airflow/.local/lib/python3.12/site-packages/airflow/example_dags/example_latest_only.py took 0.126 seconds
[2025-05-02T19:43:55.610+0000] {processor.py:161} INFO - Started process (PID=1289) to work on /home/airflow/.local/lib/python3.12/site-packages/airflow/example_dags/example_latest_only.py
[2025-05-02T19:43:55.618+0000] {processor.py:830} INFO - Processing file /home/airflow/.local/lib/python3.12/site-packages/airflow/example_dags/example_latest_only.py for tasks to queue
[2025-05-02T19:43:55.619+0000] {logging_mixin.py:188} INFO - [2025-05-02T19:43:55.619+0000] {dagbag.py:540} INFO - Filling up the DagBag from /home/airflow/.local/lib/python3.12/site-packages/airflow/example_dags/example_latest_only.py
[2025-05-02T19:43:55.630+0000] {processor.py:840} INFO - DAG(s) 'latest_only' retrieved from /home/airflow/.local/lib/python3.12/site-packages/airflow/example_dags/example_latest_only.py
[2025-05-02T19:43:55.674+0000] {logging_mixin.py:188} INFO - [2025-05-02T19:43:55.673+0000] {dag.py:3096} INFO - Sync 1 DAGs
[2025-05-02T19:43:55.736+0000] {logging_mixin.py:188} INFO - [2025-05-02T19:43:55.736+0000] {dag.py:3954} INFO - Setting next_dagrun for latest_only to 2025-05-02 12:00:00+00:00, run_after=2025-05-02 16:00:00+00:00
[2025-05-02T19:43:55.776+0000] {processor.py:183} INFO - Processing /home/airflow/.local/lib/python3.12/site-packages/airflow/example_dags/example_latest_only.py took 0.172 seconds
[2025-05-02T19:44:26.057+0000] {processor.py:161} INFO - Started process (PID=1384) to work on /home/airflow/.local/lib/python3.12/site-packages/airflow/example_dags/example_latest_only.py
[2025-05-02T19:44:26.059+0000] {processor.py:830} INFO - Processing file /home/airflow/.local/lib/python3.12/site-packages/airflow/example_dags/example_latest_only.py for tasks to queue
[2025-05-02T19:44:26.062+0000] {logging_mixin.py:188} INFO - [2025-05-02T19:44:26.061+0000] {dagbag.py:540} INFO - Filling up the DagBag from /home/airflow/.local/lib/python3.12/site-packages/airflow/example_dags/example_latest_only.py
[2025-05-02T19:44:26.071+0000] {processor.py:840} INFO - DAG(s) 'latest_only' retrieved from /home/airflow/.local/lib/python3.12/site-packages/airflow/example_dags/example_latest_only.py
[2025-05-02T19:44:26.114+0000] {logging_mixin.py:188} INFO - [2025-05-02T19:44:26.113+0000] {dag.py:3096} INFO - Sync 1 DAGs
[2025-05-02T19:44:26.157+0000] {logging_mixin.py:188} INFO - [2025-05-02T19:44:26.157+0000] {dag.py:3954} INFO - Setting next_dagrun for latest_only to 2025-05-02 12:00:00+00:00, run_after=2025-05-02 16:00:00+00:00
[2025-05-02T19:44:26.281+0000] {processor.py:183} INFO - Processing /home/airflow/.local/lib/python3.12/site-packages/airflow/example_dags/example_latest_only.py took 0.237 seconds
[2025-05-02T19:44:56.502+0000] {processor.py:161} INFO - Started process (PID=1486) to work on /home/airflow/.local/lib/python3.12/site-packages/airflow/example_dags/example_latest_only.py
[2025-05-02T19:44:56.504+0000] {processor.py:830} INFO - Processing file /home/airflow/.local/lib/python3.12/site-packages/airflow/example_dags/example_latest_only.py for tasks to queue
[2025-05-02T19:44:56.507+0000] {logging_mixin.py:188} INFO - [2025-05-02T19:44:56.506+0000] {dagbag.py:540} INFO - Filling up the DagBag from /home/airflow/.local/lib/python3.12/site-packages/airflow/example_dags/example_latest_only.py
[2025-05-02T19:44:56.529+0000] {processor.py:840} INFO - DAG(s) 'latest_only' retrieved from /home/airflow/.local/lib/python3.12/site-packages/airflow/example_dags/example_latest_only.py
[2025-05-02T19:44:56.597+0000] {logging_mixin.py:188} INFO - [2025-05-02T19:44:56.597+0000] {dag.py:3096} INFO - Sync 1 DAGs
[2025-05-02T19:44:56.638+0000] {logging_mixin.py:188} INFO - [2025-05-02T19:44:56.638+0000] {dag.py:3954} INFO - Setting next_dagrun for latest_only to 2025-05-02 12:00:00+00:00, run_after=2025-05-02 16:00:00+00:00
[2025-05-02T19:44:56.671+0000] {processor.py:183} INFO - Processing /home/airflow/.local/lib/python3.12/site-packages/airflow/example_dags/example_latest_only.py took 0.180 seconds
[2025-05-02T19:45:28.777+0000] {processor.py:161} INFO - Started process (PID=1590) to work on /home/airflow/.local/lib/python3.12/site-packages/airflow/example_dags/example_latest_only.py
[2025-05-02T19:45:28.779+0000] {processor.py:830} INFO - Processing file /home/airflow/.local/lib/python3.12/site-packages/airflow/example_dags/example_latest_only.py for tasks to queue
[2025-05-02T19:45:28.784+0000] {logging_mixin.py:188} INFO - [2025-05-02T19:45:28.783+0000] {dagbag.py:540} INFO - Filling up the DagBag from /home/airflow/.local/lib/python3.12/site-packages/airflow/example_dags/example_latest_only.py
[2025-05-02T19:45:28.796+0000] {processor.py:840} INFO - DAG(s) 'latest_only' retrieved from /home/airflow/.local/lib/python3.12/site-packages/airflow/example_dags/example_latest_only.py
[2025-05-02T19:45:28.857+0000] {logging_mixin.py:188} INFO - [2025-05-02T19:45:28.856+0000] {dag.py:3096} INFO - Sync 1 DAGs
[2025-05-02T19:45:28.917+0000] {logging_mixin.py:188} INFO - [2025-05-02T19:45:28.916+0000] {dag.py:3954} INFO - Setting next_dagrun for latest_only to 2025-05-02 12:00:00+00:00, run_after=2025-05-02 16:00:00+00:00
[2025-05-02T19:45:29.021+0000] {processor.py:183} INFO - Processing /home/airflow/.local/lib/python3.12/site-packages/airflow/example_dags/example_latest_only.py took 0.267 seconds
[2025-05-02T19:45:59.094+0000] {processor.py:161} INFO - Started process (PID=1693) to work on /home/airflow/.local/lib/python3.12/site-packages/airflow/example_dags/example_latest_only.py
[2025-05-02T19:45:59.099+0000] {processor.py:830} INFO - Processing file /home/airflow/.local/lib/python3.12/site-packages/airflow/example_dags/example_latest_only.py for tasks to queue
[2025-05-02T19:45:59.113+0000] {logging_mixin.py:188} INFO - [2025-05-02T19:45:59.111+0000] {dagbag.py:540} INFO - Filling up the DagBag from /home/airflow/.local/lib/python3.12/site-packages/airflow/example_dags/example_latest_only.py
[2025-05-02T19:45:59.123+0000] {processor.py:840} INFO - DAG(s) 'latest_only' retrieved from /home/airflow/.local/lib/python3.12/site-packages/airflow/example_dags/example_latest_only.py
[2025-05-02T19:45:59.190+0000] {logging_mixin.py:188} INFO - [2025-05-02T19:45:59.190+0000] {dag.py:3096} INFO - Sync 1 DAGs
[2025-05-02T19:45:59.269+0000] {logging_mixin.py:188} INFO - [2025-05-02T19:45:59.269+0000] {dag.py:3954} INFO - Setting next_dagrun for latest_only to 2025-05-02 12:00:00+00:00, run_after=2025-05-02 16:00:00+00:00
[2025-05-02T19:45:59.329+0000] {processor.py:183} INFO - Processing /home/airflow/.local/lib/python3.12/site-packages/airflow/example_dags/example_latest_only.py took 0.249 seconds
[2025-05-02T19:46:30.601+0000] {processor.py:161} INFO - Started process (PID=1792) to work on /home/airflow/.local/lib/python3.12/site-packages/airflow/example_dags/example_latest_only.py
[2025-05-02T19:46:30.603+0000] {processor.py:830} INFO - Processing file /home/airflow/.local/lib/python3.12/site-packages/airflow/example_dags/example_latest_only.py for tasks to queue
[2025-05-02T19:46:30.610+0000] {logging_mixin.py:188} INFO - [2025-05-02T19:46:30.610+0000] {dagbag.py:540} INFO - Filling up the DagBag from /home/airflow/.local/lib/python3.12/site-packages/airflow/example_dags/example_latest_only.py
[2025-05-02T19:46:30.620+0000] {processor.py:840} INFO - DAG(s) 'latest_only' retrieved from /home/airflow/.local/lib/python3.12/site-packages/airflow/example_dags/example_latest_only.py
[2025-05-02T19:46:30.747+0000] {logging_mixin.py:188} INFO - [2025-05-02T19:46:30.747+0000] {dag.py:3096} INFO - Sync 1 DAGs
[2025-05-02T19:46:30.839+0000] {logging_mixin.py:188} INFO - [2025-05-02T19:46:30.839+0000] {dag.py:3954} INFO - Setting next_dagrun for latest_only to 2025-05-02 12:00:00+00:00, run_after=2025-05-02 16:00:00+00:00
[2025-05-02T19:46:30.904+0000] {processor.py:183} INFO - Processing /home/airflow/.local/lib/python3.12/site-packages/airflow/example_dags/example_latest_only.py took 0.331 seconds
[2025-05-02T19:47:02.172+0000] {processor.py:161} INFO - Started process (PID=1906) to work on /home/airflow/.local/lib/python3.12/site-packages/airflow/example_dags/example_latest_only.py
[2025-05-02T19:47:02.177+0000] {processor.py:830} INFO - Processing file /home/airflow/.local/lib/python3.12/site-packages/airflow/example_dags/example_latest_only.py for tasks to queue
[2025-05-02T19:47:02.180+0000] {logging_mixin.py:188} INFO - [2025-05-02T19:47:02.180+0000] {dagbag.py:540} INFO - Filling up the DagBag from /home/airflow/.local/lib/python3.12/site-packages/airflow/example_dags/example_latest_only.py
[2025-05-02T19:47:02.201+0000] {processor.py:840} INFO - DAG(s) 'latest_only' retrieved from /home/airflow/.local/lib/python3.12/site-packages/airflow/example_dags/example_latest_only.py
[2025-05-02T19:47:02.278+0000] {logging_mixin.py:188} INFO - [2025-05-02T19:47:02.277+0000] {dag.py:3096} INFO - Sync 1 DAGs
[2025-05-02T19:47:02.326+0000] {logging_mixin.py:188} INFO - [2025-05-02T19:47:02.325+0000] {dag.py:3954} INFO - Setting next_dagrun for latest_only to 2025-05-02 12:00:00+00:00, run_after=2025-05-02 16:00:00+00:00
[2025-05-02T19:47:02.846+0000] {processor.py:183} INFO - Processing /home/airflow/.local/lib/python3.12/site-packages/airflow/example_dags/example_latest_only.py took 0.686 seconds
[2025-05-02T19:47:37.505+0000] {processor.py:161} INFO - Started process (PID=2004) to work on /home/airflow/.local/lib/python3.12/site-packages/airflow/example_dags/example_latest_only.py
[2025-05-02T19:47:37.512+0000] {processor.py:830} INFO - Processing file /home/airflow/.local/lib/python3.12/site-packages/airflow/example_dags/example_latest_only.py for tasks to queue
[2025-05-02T19:47:37.517+0000] {logging_mixin.py:188} INFO - [2025-05-02T19:47:37.516+0000] {dagbag.py:540} INFO - Filling up the DagBag from /home/airflow/.local/lib/python3.12/site-packages/airflow/example_dags/example_latest_only.py
[2025-05-02T19:47:37.530+0000] {processor.py:840} INFO - DAG(s) 'latest_only' retrieved from /home/airflow/.local/lib/python3.12/site-packages/airflow/example_dags/example_latest_only.py
[2025-05-02T19:47:37.640+0000] {logging_mixin.py:188} INFO - [2025-05-02T19:47:37.638+0000] {dag.py:3096} INFO - Sync 1 DAGs
[2025-05-02T19:47:37.726+0000] {logging_mixin.py:188} INFO - [2025-05-02T19:47:37.725+0000] {dag.py:3954} INFO - Setting next_dagrun for latest_only to 2025-05-02 12:00:00+00:00, run_after=2025-05-02 16:00:00+00:00
[2025-05-02T19:47:37.834+0000] {processor.py:183} INFO - Processing /home/airflow/.local/lib/python3.12/site-packages/airflow/example_dags/example_latest_only.py took 0.346 seconds
[2025-05-02T19:48:10.184+0000] {processor.py:161} INFO - Started process (PID=2107) to work on /home/airflow/.local/lib/python3.12/site-packages/airflow/example_dags/example_latest_only.py
[2025-05-02T19:48:10.199+0000] {processor.py:830} INFO - Processing file /home/airflow/.local/lib/python3.12/site-packages/airflow/example_dags/example_latest_only.py for tasks to queue
[2025-05-02T19:48:10.203+0000] {logging_mixin.py:188} INFO - [2025-05-02T19:48:10.203+0000] {dagbag.py:540} INFO - Filling up the DagBag from /home/airflow/.local/lib/python3.12/site-packages/airflow/example_dags/example_latest_only.py
[2025-05-02T19:48:10.215+0000] {processor.py:840} INFO - DAG(s) 'latest_only' retrieved from /home/airflow/.local/lib/python3.12/site-packages/airflow/example_dags/example_latest_only.py
[2025-05-02T19:48:10.307+0000] {logging_mixin.py:188} INFO - [2025-05-02T19:48:10.306+0000] {dag.py:3096} INFO - Sync 1 DAGs
[2025-05-02T19:48:10.370+0000] {logging_mixin.py:188} INFO - [2025-05-02T19:48:10.369+0000] {dag.py:3954} INFO - Setting next_dagrun for latest_only to 2025-05-02 12:00:00+00:00, run_after=2025-05-02 16:00:00+00:00
[2025-05-02T19:48:10.466+0000] {processor.py:183} INFO - Processing /home/airflow/.local/lib/python3.12/site-packages/airflow/example_dags/example_latest_only.py took 0.295 seconds
[2025-05-02T19:48:48.206+0000] {processor.py:161} INFO - Started process (PID=2203) to work on /home/airflow/.local/lib/python3.12/site-packages/airflow/example_dags/example_latest_only.py
[2025-05-02T19:48:48.222+0000] {processor.py:830} INFO - Processing file /home/airflow/.local/lib/python3.12/site-packages/airflow/example_dags/example_latest_only.py for tasks to queue
[2025-05-02T19:48:48.234+0000] {logging_mixin.py:188} INFO - [2025-05-02T19:48:48.225+0000] {dagbag.py:540} INFO - Filling up the DagBag from /home/airflow/.local/lib/python3.12/site-packages/airflow/example_dags/example_latest_only.py
[2025-05-02T19:48:48.248+0000] {processor.py:840} INFO - DAG(s) 'latest_only' retrieved from /home/airflow/.local/lib/python3.12/site-packages/airflow/example_dags/example_latest_only.py
[2025-05-02T19:48:48.352+0000] {logging_mixin.py:188} INFO - [2025-05-02T19:48:48.351+0000] {dag.py:3096} INFO - Sync 1 DAGs
[2025-05-02T19:48:48.439+0000] {logging_mixin.py:188} INFO - [2025-05-02T19:48:48.438+0000] {dag.py:3954} INFO - Setting next_dagrun for latest_only to 2025-05-02 12:00:00+00:00, run_after=2025-05-02 16:00:00+00:00
[2025-05-02T19:48:48.535+0000] {processor.py:183} INFO - Processing /home/airflow/.local/lib/python3.12/site-packages/airflow/example_dags/example_latest_only.py took 0.359 seconds
[2025-05-02T19:49:21.487+0000] {processor.py:161} INFO - Started process (PID=2296) to work on /home/airflow/.local/lib/python3.12/site-packages/airflow/example_dags/example_latest_only.py
[2025-05-02T19:49:21.489+0000] {processor.py:830} INFO - Processing file /home/airflow/.local/lib/python3.12/site-packages/airflow/example_dags/example_latest_only.py for tasks to queue
[2025-05-02T19:49:21.494+0000] {logging_mixin.py:188} INFO - [2025-05-02T19:49:21.493+0000] {dagbag.py:540} INFO - Filling up the DagBag from /home/airflow/.local/lib/python3.12/site-packages/airflow/example_dags/example_latest_only.py
[2025-05-02T19:49:21.506+0000] {processor.py:840} INFO - DAG(s) 'latest_only' retrieved from /home/airflow/.local/lib/python3.12/site-packages/airflow/example_dags/example_latest_only.py
[2025-05-02T19:49:21.637+0000] {logging_mixin.py:188} INFO - [2025-05-02T19:49:21.636+0000] {dag.py:3096} INFO - Sync 1 DAGs
[2025-05-02T19:49:21.751+0000] {logging_mixin.py:188} INFO - [2025-05-02T19:49:21.751+0000] {dag.py:3954} INFO - Setting next_dagrun for latest_only to 2025-05-02 12:00:00+00:00, run_after=2025-05-02 16:00:00+00:00
[2025-05-02T19:49:21.850+0000] {processor.py:183} INFO - Processing /home/airflow/.local/lib/python3.12/site-packages/airflow/example_dags/example_latest_only.py took 0.377 seconds
[2025-05-02T19:49:55.933+0000] {processor.py:161} INFO - Started process (PID=2383) to work on /home/airflow/.local/lib/python3.12/site-packages/airflow/example_dags/example_latest_only.py
[2025-05-02T19:49:55.935+0000] {processor.py:830} INFO - Processing file /home/airflow/.local/lib/python3.12/site-packages/airflow/example_dags/example_latest_only.py for tasks to queue
[2025-05-02T19:49:55.938+0000] {logging_mixin.py:188} INFO - [2025-05-02T19:49:55.938+0000] {dagbag.py:540} INFO - Filling up the DagBag from /home/airflow/.local/lib/python3.12/site-packages/airflow/example_dags/example_latest_only.py
[2025-05-02T19:49:55.954+0000] {processor.py:840} INFO - DAG(s) 'latest_only' retrieved from /home/airflow/.local/lib/python3.12/site-packages/airflow/example_dags/example_latest_only.py
[2025-05-02T19:49:56.057+0000] {logging_mixin.py:188} INFO - [2025-05-02T19:49:56.056+0000] {dag.py:3096} INFO - Sync 1 DAGs
[2025-05-02T19:49:56.144+0000] {logging_mixin.py:188} INFO - [2025-05-02T19:49:56.144+0000] {dag.py:3954} INFO - Setting next_dagrun for latest_only to 2025-05-02 12:00:00+00:00, run_after=2025-05-02 16:00:00+00:00
[2025-05-02T19:49:56.583+0000] {processor.py:183} INFO - Processing /home/airflow/.local/lib/python3.12/site-packages/airflow/example_dags/example_latest_only.py took 0.666 seconds
[2025-05-02T19:50:30.497+0000] {processor.py:161} INFO - Started process (PID=2498) to work on /home/airflow/.local/lib/python3.12/site-packages/airflow/example_dags/example_latest_only.py
[2025-05-02T19:50:30.510+0000] {processor.py:830} INFO - Processing file /home/airflow/.local/lib/python3.12/site-packages/airflow/example_dags/example_latest_only.py for tasks to queue
[2025-05-02T19:50:30.513+0000] {logging_mixin.py:188} INFO - [2025-05-02T19:50:30.513+0000] {dagbag.py:540} INFO - Filling up the DagBag from /home/airflow/.local/lib/python3.12/site-packages/airflow/example_dags/example_latest_only.py
[2025-05-02T19:50:30.544+0000] {processor.py:840} INFO - DAG(s) 'latest_only' retrieved from /home/airflow/.local/lib/python3.12/site-packages/airflow/example_dags/example_latest_only.py
[2025-05-02T19:50:30.702+0000] {logging_mixin.py:188} INFO - [2025-05-02T19:50:30.702+0000] {dag.py:3096} INFO - Sync 1 DAGs
[2025-05-02T19:50:30.772+0000] {logging_mixin.py:188} INFO - [2025-05-02T19:50:30.771+0000] {dag.py:3954} INFO - Setting next_dagrun for latest_only to 2025-05-02 12:00:00+00:00, run_after=2025-05-02 16:00:00+00:00
[2025-05-02T19:50:30.914+0000] {processor.py:183} INFO - Processing /home/airflow/.local/lib/python3.12/site-packages/airflow/example_dags/example_latest_only.py took 0.435 seconds
[2025-05-02T19:51:06.226+0000] {processor.py:161} INFO - Started process (PID=2589) to work on /home/airflow/.local/lib/python3.12/site-packages/airflow/example_dags/example_latest_only.py
[2025-05-02T19:51:06.237+0000] {processor.py:830} INFO - Processing file /home/airflow/.local/lib/python3.12/site-packages/airflow/example_dags/example_latest_only.py for tasks to queue
[2025-05-02T19:51:06.247+0000] {logging_mixin.py:188} INFO - [2025-05-02T19:51:06.246+0000] {dagbag.py:540} INFO - Filling up the DagBag from /home/airflow/.local/lib/python3.12/site-packages/airflow/example_dags/example_latest_only.py
[2025-05-02T19:51:06.263+0000] {processor.py:840} INFO - DAG(s) 'latest_only' retrieved from /home/airflow/.local/lib/python3.12/site-packages/airflow/example_dags/example_latest_only.py
[2025-05-02T19:51:06.858+0000] {logging_mixin.py:188} INFO - [2025-05-02T19:51:06.857+0000] {dag.py:3096} INFO - Sync 1 DAGs
[2025-05-02T19:51:06.899+0000] {logging_mixin.py:188} INFO - [2025-05-02T19:51:06.899+0000] {dag.py:3954} INFO - Setting next_dagrun for latest_only to 2025-05-02 12:00:00+00:00, run_after=2025-05-02 16:00:00+00:00
[2025-05-02T19:51:06.986+0000] {processor.py:183} INFO - Processing /home/airflow/.local/lib/python3.12/site-packages/airflow/example_dags/example_latest_only.py took 0.774 seconds
[2025-05-02T19:51:40.400+0000] {processor.py:161} INFO - Started process (PID=2705) to work on /home/airflow/.local/lib/python3.12/site-packages/airflow/example_dags/example_latest_only.py
[2025-05-02T19:51:40.402+0000] {processor.py:830} INFO - Processing file /home/airflow/.local/lib/python3.12/site-packages/airflow/example_dags/example_latest_only.py for tasks to queue
[2025-05-02T19:51:40.406+0000] {logging_mixin.py:188} INFO - [2025-05-02T19:51:40.404+0000] {dagbag.py:540} INFO - Filling up the DagBag from /home/airflow/.local/lib/python3.12/site-packages/airflow/example_dags/example_latest_only.py
[2025-05-02T19:51:40.434+0000] {processor.py:840} INFO - DAG(s) 'latest_only' retrieved from /home/airflow/.local/lib/python3.12/site-packages/airflow/example_dags/example_latest_only.py
[2025-05-02T19:51:40.570+0000] {logging_mixin.py:188} INFO - [2025-05-02T19:51:40.569+0000] {dag.py:3096} INFO - Sync 1 DAGs
[2025-05-02T19:51:40.734+0000] {logging_mixin.py:188} INFO - [2025-05-02T19:51:40.733+0000] {dag.py:3954} INFO - Setting next_dagrun for latest_only to 2025-05-02 12:00:00+00:00, run_after=2025-05-02 16:00:00+00:00
[2025-05-02T19:51:41.251+0000] {processor.py:183} INFO - Processing /home/airflow/.local/lib/python3.12/site-packages/airflow/example_dags/example_latest_only.py took 0.885 seconds
[2025-05-02T19:52:14.525+0000] {processor.py:161} INFO - Started process (PID=2782) to work on /home/airflow/.local/lib/python3.12/site-packages/airflow/example_dags/example_latest_only.py
[2025-05-02T19:52:14.532+0000] {processor.py:830} INFO - Processing file /home/airflow/.local/lib/python3.12/site-packages/airflow/example_dags/example_latest_only.py for tasks to queue
[2025-05-02T19:52:14.538+0000] {logging_mixin.py:188} INFO - [2025-05-02T19:52:14.537+0000] {dagbag.py:540} INFO - Filling up the DagBag from /home/airflow/.local/lib/python3.12/site-packages/airflow/example_dags/example_latest_only.py
[2025-05-02T19:52:14.549+0000] {processor.py:840} INFO - DAG(s) 'latest_only' retrieved from /home/airflow/.local/lib/python3.12/site-packages/airflow/example_dags/example_latest_only.py
[2025-05-02T19:52:14.653+0000] {logging_mixin.py:188} INFO - [2025-05-02T19:52:14.652+0000] {dag.py:3096} INFO - Sync 1 DAGs
[2025-05-02T19:52:14.728+0000] {logging_mixin.py:188} INFO - [2025-05-02T19:52:14.727+0000] {dag.py:3954} INFO - Setting next_dagrun for latest_only to 2025-05-02 12:00:00+00:00, run_after=2025-05-02 16:00:00+00:00
[2025-05-02T19:52:14.829+0000] {processor.py:183} INFO - Processing /home/airflow/.local/lib/python3.12/site-packages/airflow/example_dags/example_latest_only.py took 0.327 seconds
[2025-05-02T19:52:46.693+0000] {processor.py:161} INFO - Started process (PID=2878) to work on /home/airflow/.local/lib/python3.12/site-packages/airflow/example_dags/example_latest_only.py
[2025-05-02T19:52:46.694+0000] {processor.py:830} INFO - Processing file /home/airflow/.local/lib/python3.12/site-packages/airflow/example_dags/example_latest_only.py for tasks to queue
[2025-05-02T19:52:46.697+0000] {logging_mixin.py:188} INFO - [2025-05-02T19:52:46.696+0000] {dagbag.py:540} INFO - Filling up the DagBag from /home/airflow/.local/lib/python3.12/site-packages/airflow/example_dags/example_latest_only.py
[2025-05-02T19:52:46.703+0000] {processor.py:840} INFO - DAG(s) 'latest_only' retrieved from /home/airflow/.local/lib/python3.12/site-packages/airflow/example_dags/example_latest_only.py
[2025-05-02T19:52:46.729+0000] {logging_mixin.py:188} INFO - [2025-05-02T19:52:46.728+0000] {dag.py:3096} INFO - Sync 1 DAGs
[2025-05-02T19:52:46.756+0000] {logging_mixin.py:188} INFO - [2025-05-02T19:52:46.755+0000] {dag.py:3954} INFO - Setting next_dagrun for latest_only to 2025-05-02 12:00:00+00:00, run_after=2025-05-02 16:00:00+00:00
[2025-05-02T19:52:46.782+0000] {processor.py:183} INFO - Processing /home/airflow/.local/lib/python3.12/site-packages/airflow/example_dags/example_latest_only.py took 0.096 seconds
[2025-05-02T19:53:18.408+0000] {processor.py:161} INFO - Started process (PID=2993) to work on /home/airflow/.local/lib/python3.12/site-packages/airflow/example_dags/example_latest_only.py
[2025-05-02T19:53:18.416+0000] {processor.py:830} INFO - Processing file /home/airflow/.local/lib/python3.12/site-packages/airflow/example_dags/example_latest_only.py for tasks to queue
[2025-05-02T19:53:18.430+0000] {logging_mixin.py:188} INFO - [2025-05-02T19:53:18.427+0000] {dagbag.py:540} INFO - Filling up the DagBag from /home/airflow/.local/lib/python3.12/site-packages/airflow/example_dags/example_latest_only.py
[2025-05-02T19:53:18.445+0000] {processor.py:840} INFO - DAG(s) 'latest_only' retrieved from /home/airflow/.local/lib/python3.12/site-packages/airflow/example_dags/example_latest_only.py
[2025-05-02T19:53:18.492+0000] {logging_mixin.py:188} INFO - [2025-05-02T19:53:18.491+0000] {dag.py:3096} INFO - Sync 1 DAGs
[2025-05-02T19:53:18.552+0000] {logging_mixin.py:188} INFO - [2025-05-02T19:53:18.552+0000] {dag.py:3954} INFO - Setting next_dagrun for latest_only to 2025-05-02 12:00:00+00:00, run_after=2025-05-02 16:00:00+00:00
[2025-05-02T19:53:18.596+0000] {processor.py:183} INFO - Processing /home/airflow/.local/lib/python3.12/site-packages/airflow/example_dags/example_latest_only.py took 0.214 seconds
[2025-05-02T19:53:48.892+0000] {processor.py:161} INFO - Started process (PID=3084) to work on /home/airflow/.local/lib/python3.12/site-packages/airflow/example_dags/example_latest_only.py
[2025-05-02T19:53:48.894+0000] {processor.py:830} INFO - Processing file /home/airflow/.local/lib/python3.12/site-packages/airflow/example_dags/example_latest_only.py for tasks to queue
[2025-05-02T19:53:48.898+0000] {logging_mixin.py:188} INFO - [2025-05-02T19:53:48.897+0000] {dagbag.py:540} INFO - Filling up the DagBag from /home/airflow/.local/lib/python3.12/site-packages/airflow/example_dags/example_latest_only.py
[2025-05-02T19:53:48.926+0000] {processor.py:840} INFO - DAG(s) 'latest_only' retrieved from /home/airflow/.local/lib/python3.12/site-packages/airflow/example_dags/example_latest_only.py
[2025-05-02T19:53:48.978+0000] {logging_mixin.py:188} INFO - [2025-05-02T19:53:48.977+0000] {dag.py:3096} INFO - Sync 1 DAGs
[2025-05-02T19:53:49.035+0000] {logging_mixin.py:188} INFO - [2025-05-02T19:53:49.035+0000] {dag.py:3954} INFO - Setting next_dagrun for latest_only to 2025-05-02 12:00:00+00:00, run_after=2025-05-02 16:00:00+00:00
[2025-05-02T19:53:49.081+0000] {processor.py:183} INFO - Processing /home/airflow/.local/lib/python3.12/site-packages/airflow/example_dags/example_latest_only.py took 0.208 seconds
[2025-05-02T19:54:19.337+0000] {processor.py:161} INFO - Started process (PID=3175) to work on /home/airflow/.local/lib/python3.12/site-packages/airflow/example_dags/example_latest_only.py
[2025-05-02T19:54:19.339+0000] {processor.py:830} INFO - Processing file /home/airflow/.local/lib/python3.12/site-packages/airflow/example_dags/example_latest_only.py for tasks to queue
[2025-05-02T19:54:19.342+0000] {logging_mixin.py:188} INFO - [2025-05-02T19:54:19.342+0000] {dagbag.py:540} INFO - Filling up the DagBag from /home/airflow/.local/lib/python3.12/site-packages/airflow/example_dags/example_latest_only.py
[2025-05-02T19:54:19.364+0000] {processor.py:840} INFO - DAG(s) 'latest_only' retrieved from /home/airflow/.local/lib/python3.12/site-packages/airflow/example_dags/example_latest_only.py
[2025-05-02T19:54:19.446+0000] {logging_mixin.py:188} INFO - [2025-05-02T19:54:19.445+0000] {dag.py:3096} INFO - Sync 1 DAGs
[2025-05-02T19:54:19.505+0000] {logging_mixin.py:188} INFO - [2025-05-02T19:54:19.505+0000] {dag.py:3954} INFO - Setting next_dagrun for latest_only to 2025-05-02 12:00:00+00:00, run_after=2025-05-02 16:00:00+00:00
[2025-05-02T19:54:19.566+0000] {processor.py:183} INFO - Processing /home/airflow/.local/lib/python3.12/site-packages/airflow/example_dags/example_latest_only.py took 0.242 seconds
[2025-05-02T19:54:49.890+0000] {processor.py:161} INFO - Started process (PID=3266) to work on /home/airflow/.local/lib/python3.12/site-packages/airflow/example_dags/example_latest_only.py
[2025-05-02T19:54:49.891+0000] {processor.py:830} INFO - Processing file /home/airflow/.local/lib/python3.12/site-packages/airflow/example_dags/example_latest_only.py for tasks to queue
[2025-05-02T19:54:49.894+0000] {logging_mixin.py:188} INFO - [2025-05-02T19:54:49.894+0000] {dagbag.py:540} INFO - Filling up the DagBag from /home/airflow/.local/lib/python3.12/site-packages/airflow/example_dags/example_latest_only.py
[2025-05-02T19:54:49.906+0000] {processor.py:840} INFO - DAG(s) 'latest_only' retrieved from /home/airflow/.local/lib/python3.12/site-packages/airflow/example_dags/example_latest_only.py
[2025-05-02T19:54:49.943+0000] {logging_mixin.py:188} INFO - [2025-05-02T19:54:49.943+0000] {dag.py:3096} INFO - Sync 1 DAGs
[2025-05-02T19:54:49.994+0000] {logging_mixin.py:188} INFO - [2025-05-02T19:54:49.993+0000] {dag.py:3954} INFO - Setting next_dagrun for latest_only to 2025-05-02 12:00:00+00:00, run_after=2025-05-02 16:00:00+00:00
[2025-05-02T19:54:50.050+0000] {processor.py:183} INFO - Processing /home/airflow/.local/lib/python3.12/site-packages/airflow/example_dags/example_latest_only.py took 0.180 seconds
[2025-05-02T19:55:20.380+0000] {processor.py:161} INFO - Started process (PID=3361) to work on /home/airflow/.local/lib/python3.12/site-packages/airflow/example_dags/example_latest_only.py
[2025-05-02T19:55:20.382+0000] {processor.py:830} INFO - Processing file /home/airflow/.local/lib/python3.12/site-packages/airflow/example_dags/example_latest_only.py for tasks to queue
[2025-05-02T19:55:20.387+0000] {logging_mixin.py:188} INFO - [2025-05-02T19:55:20.386+0000] {dagbag.py:540} INFO - Filling up the DagBag from /home/airflow/.local/lib/python3.12/site-packages/airflow/example_dags/example_latest_only.py
[2025-05-02T19:55:20.401+0000] {processor.py:840} INFO - DAG(s) 'latest_only' retrieved from /home/airflow/.local/lib/python3.12/site-packages/airflow/example_dags/example_latest_only.py
[2025-05-02T19:55:20.476+0000] {logging_mixin.py:188} INFO - [2025-05-02T19:55:20.476+0000] {dag.py:3096} INFO - Sync 1 DAGs
[2025-05-02T19:55:20.545+0000] {logging_mixin.py:188} INFO - [2025-05-02T19:55:20.544+0000] {dag.py:3954} INFO - Setting next_dagrun for latest_only to 2025-05-02 12:00:00+00:00, run_after=2025-05-02 16:00:00+00:00
[2025-05-02T19:55:20.594+0000] {processor.py:183} INFO - Processing /home/airflow/.local/lib/python3.12/site-packages/airflow/example_dags/example_latest_only.py took 0.238 seconds
[2025-05-02T19:55:51.540+0000] {processor.py:161} INFO - Started process (PID=3462) to work on /home/airflow/.local/lib/python3.12/site-packages/airflow/example_dags/example_latest_only.py
[2025-05-02T19:55:51.541+0000] {processor.py:830} INFO - Processing file /home/airflow/.local/lib/python3.12/site-packages/airflow/example_dags/example_latest_only.py for tasks to queue
[2025-05-02T19:55:51.551+0000] {logging_mixin.py:188} INFO - [2025-05-02T19:55:51.551+0000] {dagbag.py:540} INFO - Filling up the DagBag from /home/airflow/.local/lib/python3.12/site-packages/airflow/example_dags/example_latest_only.py
[2025-05-02T19:55:51.560+0000] {processor.py:840} INFO - DAG(s) 'latest_only' retrieved from /home/airflow/.local/lib/python3.12/site-packages/airflow/example_dags/example_latest_only.py
[2025-05-02T19:55:51.599+0000] {logging_mixin.py:188} INFO - [2025-05-02T19:55:51.598+0000] {dag.py:3096} INFO - Sync 1 DAGs
[2025-05-02T19:55:51.656+0000] {logging_mixin.py:188} INFO - [2025-05-02T19:55:51.656+0000] {dag.py:3954} INFO - Setting next_dagrun for latest_only to 2025-05-02 12:00:00+00:00, run_after=2025-05-02 16:00:00+00:00
[2025-05-02T19:55:51.715+0000] {processor.py:183} INFO - Processing /home/airflow/.local/lib/python3.12/site-packages/airflow/example_dags/example_latest_only.py took 0.187 seconds
[2025-05-02T19:56:22.572+0000] {processor.py:161} INFO - Started process (PID=3561) to work on /home/airflow/.local/lib/python3.12/site-packages/airflow/example_dags/example_latest_only.py
[2025-05-02T19:56:22.574+0000] {processor.py:830} INFO - Processing file /home/airflow/.local/lib/python3.12/site-packages/airflow/example_dags/example_latest_only.py for tasks to queue
[2025-05-02T19:56:22.577+0000] {logging_mixin.py:188} INFO - [2025-05-02T19:56:22.576+0000] {dagbag.py:540} INFO - Filling up the DagBag from /home/airflow/.local/lib/python3.12/site-packages/airflow/example_dags/example_latest_only.py
[2025-05-02T19:56:22.588+0000] {processor.py:840} INFO - DAG(s) 'latest_only' retrieved from /home/airflow/.local/lib/python3.12/site-packages/airflow/example_dags/example_latest_only.py
[2025-05-02T19:56:22.626+0000] {logging_mixin.py:188} INFO - [2025-05-02T19:56:22.626+0000] {dag.py:3096} INFO - Sync 1 DAGs
[2025-05-02T19:56:22.671+0000] {logging_mixin.py:188} INFO - [2025-05-02T19:56:22.670+0000] {dag.py:3954} INFO - Setting next_dagrun for latest_only to 2025-05-02 12:00:00+00:00, run_after=2025-05-02 16:00:00+00:00
[2025-05-02T19:56:22.705+0000] {processor.py:183} INFO - Processing /home/airflow/.local/lib/python3.12/site-packages/airflow/example_dags/example_latest_only.py took 0.149 seconds
[2025-05-02T19:56:53.781+0000] {processor.py:161} INFO - Started process (PID=3665) to work on /home/airflow/.local/lib/python3.12/site-packages/airflow/example_dags/example_latest_only.py
[2025-05-02T19:56:53.782+0000] {processor.py:830} INFO - Processing file /home/airflow/.local/lib/python3.12/site-packages/airflow/example_dags/example_latest_only.py for tasks to queue
[2025-05-02T19:56:53.786+0000] {logging_mixin.py:188} INFO - [2025-05-02T19:56:53.785+0000] {dagbag.py:540} INFO - Filling up the DagBag from /home/airflow/.local/lib/python3.12/site-packages/airflow/example_dags/example_latest_only.py
[2025-05-02T19:56:53.796+0000] {processor.py:840} INFO - DAG(s) 'latest_only' retrieved from /home/airflow/.local/lib/python3.12/site-packages/airflow/example_dags/example_latest_only.py
[2025-05-02T19:56:53.835+0000] {logging_mixin.py:188} INFO - [2025-05-02T19:56:53.835+0000] {dag.py:3096} INFO - Sync 1 DAGs
[2025-05-02T19:56:53.884+0000] {logging_mixin.py:188} INFO - [2025-05-02T19:56:53.884+0000] {dag.py:3954} INFO - Setting next_dagrun for latest_only to 2025-05-02 12:00:00+00:00, run_after=2025-05-02 16:00:00+00:00
[2025-05-02T19:56:53.927+0000] {processor.py:183} INFO - Processing /home/airflow/.local/lib/python3.12/site-packages/airflow/example_dags/example_latest_only.py took 0.159 seconds
[2025-05-02T19:57:27.644+0000] {processor.py:161} INFO - Started process (PID=3767) to work on /home/airflow/.local/lib/python3.12/site-packages/airflow/example_dags/example_latest_only.py
[2025-05-02T19:57:27.651+0000] {processor.py:830} INFO - Processing file /home/airflow/.local/lib/python3.12/site-packages/airflow/example_dags/example_latest_only.py for tasks to queue
[2025-05-02T19:57:27.655+0000] {logging_mixin.py:188} INFO - [2025-05-02T19:57:27.654+0000] {dagbag.py:540} INFO - Filling up the DagBag from /home/airflow/.local/lib/python3.12/site-packages/airflow/example_dags/example_latest_only.py
[2025-05-02T19:57:27.668+0000] {processor.py:840} INFO - DAG(s) 'latest_only' retrieved from /home/airflow/.local/lib/python3.12/site-packages/airflow/example_dags/example_latest_only.py
[2025-05-02T19:57:27.759+0000] {logging_mixin.py:188} INFO - [2025-05-02T19:57:27.759+0000] {dag.py:3096} INFO - Sync 1 DAGs
[2025-05-02T19:57:27.846+0000] {logging_mixin.py:188} INFO - [2025-05-02T19:57:27.846+0000] {dag.py:3954} INFO - Setting next_dagrun for latest_only to 2025-05-02 12:00:00+00:00, run_after=2025-05-02 16:00:00+00:00
[2025-05-02T19:57:27.909+0000] {processor.py:183} INFO - Processing /home/airflow/.local/lib/python3.12/site-packages/airflow/example_dags/example_latest_only.py took 0.291 seconds
[2025-05-02T19:57:59.088+0000] {processor.py:161} INFO - Started process (PID=3853) to work on /home/airflow/.local/lib/python3.12/site-packages/airflow/example_dags/example_latest_only.py
[2025-05-02T19:57:59.096+0000] {processor.py:830} INFO - Processing file /home/airflow/.local/lib/python3.12/site-packages/airflow/example_dags/example_latest_only.py for tasks to queue
[2025-05-02T19:57:59.115+0000] {logging_mixin.py:188} INFO - [2025-05-02T19:57:59.099+0000] {dagbag.py:540} INFO - Filling up the DagBag from /home/airflow/.local/lib/python3.12/site-packages/airflow/example_dags/example_latest_only.py
[2025-05-02T19:57:59.131+0000] {processor.py:840} INFO - DAG(s) 'latest_only' retrieved from /home/airflow/.local/lib/python3.12/site-packages/airflow/example_dags/example_latest_only.py
[2025-05-02T19:57:59.223+0000] {logging_mixin.py:188} INFO - [2025-05-02T19:57:59.223+0000] {dag.py:3096} INFO - Sync 1 DAGs
[2025-05-02T19:57:59.272+0000] {logging_mixin.py:188} INFO - [2025-05-02T19:57:59.272+0000] {dag.py:3954} INFO - Setting next_dagrun for latest_only to 2025-05-02 12:00:00+00:00, run_after=2025-05-02 16:00:00+00:00
[2025-05-02T19:57:59.337+0000] {processor.py:183} INFO - Processing /home/airflow/.local/lib/python3.12/site-packages/airflow/example_dags/example_latest_only.py took 0.261 seconds
