[2025-05-02T19:33:06.928+0000] {processor.py:161} INFO - Started process (PID=70) to work on /home/airflow/.local/lib/python3.12/site-packages/airflow/example_dags/example_task_group.py
[2025-05-02T19:33:06.929+0000] {processor.py:830} INFO - Processing file /home/airflow/.local/lib/python3.12/site-packages/airflow/example_dags/example_task_group.py for tasks to queue
[2025-05-02T19:33:06.932+0000] {logging_mixin.py:188} INFO - [2025-05-02T19:33:06.931+0000] {dagbag.py:540} INFO - Filling up the DagBag from /home/airflow/.local/lib/python3.12/site-packages/airflow/example_dags/example_task_group.py
[2025-05-02T19:33:06.954+0000] {processor.py:840} INFO - DAG(s) 'example_task_group' retrieved from /home/airflow/.local/lib/python3.12/site-packages/airflow/example_dags/example_task_group.py
[2025-05-02T19:33:06.975+0000] {logging_mixin.py:188} INFO - [2025-05-02T19:33:06.975+0000] {dag.py:3096} INFO - Sync 1 DAGs
[2025-05-02T19:33:07.015+0000] {logging_mixin.py:188} INFO - [2025-05-02T19:33:07.015+0000] {dag.py:3954} INFO - Setting next_dagrun for example_task_group to 2025-05-01 00:00:00+00:00, run_after=2025-05-02 00:00:00+00:00
[2025-05-02T19:33:07.057+0000] {processor.py:183} INFO - Processing /home/airflow/.local/lib/python3.12/site-packages/airflow/example_dags/example_task_group.py took 0.143 seconds
[2025-05-02T19:33:37.339+0000] {processor.py:161} INFO - Started process (PID=128) to work on /home/airflow/.local/lib/python3.12/site-packages/airflow/example_dags/example_task_group.py
[2025-05-02T19:33:37.341+0000] {processor.py:830} INFO - Processing file /home/airflow/.local/lib/python3.12/site-packages/airflow/example_dags/example_task_group.py for tasks to queue
[2025-05-02T19:33:37.344+0000] {logging_mixin.py:188} INFO - [2025-05-02T19:33:37.343+0000] {dagbag.py:540} INFO - Filling up the DagBag from /home/airflow/.local/lib/python3.12/site-packages/airflow/example_dags/example_task_group.py
[2025-05-02T19:33:37.350+0000] {processor.py:840} INFO - DAG(s) 'example_task_group' retrieved from /home/airflow/.local/lib/python3.12/site-packages/airflow/example_dags/example_task_group.py
[2025-05-02T19:33:37.443+0000] {logging_mixin.py:188} INFO - [2025-05-02T19:33:37.443+0000] {dag.py:3096} INFO - Sync 1 DAGs
[2025-05-02T19:33:37.465+0000] {logging_mixin.py:188} INFO - [2025-05-02T19:33:37.464+0000] {dag.py:3954} INFO - Setting next_dagrun for example_task_group to 2025-05-01 00:00:00+00:00, run_after=2025-05-02 00:00:00+00:00
[2025-05-02T19:33:37.488+0000] {processor.py:183} INFO - Processing /home/airflow/.local/lib/python3.12/site-packages/airflow/example_dags/example_task_group.py took 0.155 seconds
[2025-05-02T19:34:07.697+0000] {processor.py:161} INFO - Started process (PID=186) to work on /home/airflow/.local/lib/python3.12/site-packages/airflow/example_dags/example_task_group.py
[2025-05-02T19:34:07.698+0000] {processor.py:830} INFO - Processing file /home/airflow/.local/lib/python3.12/site-packages/airflow/example_dags/example_task_group.py for tasks to queue
[2025-05-02T19:34:07.699+0000] {logging_mixin.py:188} INFO - [2025-05-02T19:34:07.699+0000] {dagbag.py:540} INFO - Filling up the DagBag from /home/airflow/.local/lib/python3.12/site-packages/airflow/example_dags/example_task_group.py
[2025-05-02T19:34:07.704+0000] {processor.py:840} INFO - DAG(s) 'example_task_group' retrieved from /home/airflow/.local/lib/python3.12/site-packages/airflow/example_dags/example_task_group.py
[2025-05-02T19:34:07.721+0000] {logging_mixin.py:188} INFO - [2025-05-02T19:34:07.721+0000] {dag.py:3096} INFO - Sync 1 DAGs
[2025-05-02T19:34:07.740+0000] {logging_mixin.py:188} INFO - [2025-05-02T19:34:07.740+0000] {dag.py:3954} INFO - Setting next_dagrun for example_task_group to 2025-05-01 00:00:00+00:00, run_after=2025-05-02 00:00:00+00:00
[2025-05-02T19:34:07.756+0000] {processor.py:183} INFO - Processing /home/airflow/.local/lib/python3.12/site-packages/airflow/example_dags/example_task_group.py took 0.064 seconds
[2025-05-02T19:34:39.132+0000] {processor.py:161} INFO - Started process (PID=244) to work on /home/airflow/.local/lib/python3.12/site-packages/airflow/example_dags/example_task_group.py
[2025-05-02T19:34:39.133+0000] {processor.py:830} INFO - Processing file /home/airflow/.local/lib/python3.12/site-packages/airflow/example_dags/example_task_group.py for tasks to queue
[2025-05-02T19:34:39.135+0000] {logging_mixin.py:188} INFO - [2025-05-02T19:34:39.134+0000] {dagbag.py:540} INFO - Filling up the DagBag from /home/airflow/.local/lib/python3.12/site-packages/airflow/example_dags/example_task_group.py
[2025-05-02T19:34:39.141+0000] {processor.py:840} INFO - DAG(s) 'example_task_group' retrieved from /home/airflow/.local/lib/python3.12/site-packages/airflow/example_dags/example_task_group.py
[2025-05-02T19:34:39.159+0000] {logging_mixin.py:188} INFO - [2025-05-02T19:34:39.159+0000] {dag.py:3096} INFO - Sync 1 DAGs
[2025-05-02T19:34:39.179+0000] {logging_mixin.py:188} INFO - [2025-05-02T19:34:39.179+0000] {dag.py:3954} INFO - Setting next_dagrun for example_task_group to 2025-05-01 00:00:00+00:00, run_after=2025-05-02 00:00:00+00:00
[2025-05-02T19:34:39.194+0000] {processor.py:183} INFO - Processing /home/airflow/.local/lib/python3.12/site-packages/airflow/example_dags/example_task_group.py took 0.068 seconds
[2025-05-02T19:35:09.795+0000] {processor.py:161} INFO - Started process (PID=302) to work on /home/airflow/.local/lib/python3.12/site-packages/airflow/example_dags/example_task_group.py
[2025-05-02T19:35:09.796+0000] {processor.py:830} INFO - Processing file /home/airflow/.local/lib/python3.12/site-packages/airflow/example_dags/example_task_group.py for tasks to queue
[2025-05-02T19:35:09.798+0000] {logging_mixin.py:188} INFO - [2025-05-02T19:35:09.797+0000] {dagbag.py:540} INFO - Filling up the DagBag from /home/airflow/.local/lib/python3.12/site-packages/airflow/example_dags/example_task_group.py
[2025-05-02T19:35:09.804+0000] {processor.py:840} INFO - DAG(s) 'example_task_group' retrieved from /home/airflow/.local/lib/python3.12/site-packages/airflow/example_dags/example_task_group.py
[2025-05-02T19:35:09.823+0000] {logging_mixin.py:188} INFO - [2025-05-02T19:35:09.823+0000] {dag.py:3096} INFO - Sync 1 DAGs
[2025-05-02T19:35:09.840+0000] {logging_mixin.py:188} INFO - [2025-05-02T19:35:09.840+0000] {dag.py:3954} INFO - Setting next_dagrun for example_task_group to 2025-05-01 00:00:00+00:00, run_after=2025-05-02 00:00:00+00:00
[2025-05-02T19:35:09.859+0000] {processor.py:183} INFO - Processing /home/airflow/.local/lib/python3.12/site-packages/airflow/example_dags/example_task_group.py took 0.071 seconds
[2025-05-02T19:35:40.183+0000] {processor.py:161} INFO - Started process (PID=360) to work on /home/airflow/.local/lib/python3.12/site-packages/airflow/example_dags/example_task_group.py
[2025-05-02T19:35:40.184+0000] {processor.py:830} INFO - Processing file /home/airflow/.local/lib/python3.12/site-packages/airflow/example_dags/example_task_group.py for tasks to queue
[2025-05-02T19:35:40.185+0000] {logging_mixin.py:188} INFO - [2025-05-02T19:35:40.185+0000] {dagbag.py:540} INFO - Filling up the DagBag from /home/airflow/.local/lib/python3.12/site-packages/airflow/example_dags/example_task_group.py
[2025-05-02T19:35:40.191+0000] {processor.py:840} INFO - DAG(s) 'example_task_group' retrieved from /home/airflow/.local/lib/python3.12/site-packages/airflow/example_dags/example_task_group.py
[2025-05-02T19:35:40.208+0000] {logging_mixin.py:188} INFO - [2025-05-02T19:35:40.208+0000] {dag.py:3096} INFO - Sync 1 DAGs
[2025-05-02T19:35:40.226+0000] {logging_mixin.py:188} INFO - [2025-05-02T19:35:40.226+0000] {dag.py:3954} INFO - Setting next_dagrun for example_task_group to 2025-05-01 00:00:00+00:00, run_after=2025-05-02 00:00:00+00:00
[2025-05-02T19:35:40.243+0000] {processor.py:183} INFO - Processing /home/airflow/.local/lib/python3.12/site-packages/airflow/example_dags/example_task_group.py took 0.065 seconds
[2025-05-02T19:36:10.676+0000] {processor.py:161} INFO - Started process (PID=418) to work on /home/airflow/.local/lib/python3.12/site-packages/airflow/example_dags/example_task_group.py
[2025-05-02T19:36:10.677+0000] {processor.py:830} INFO - Processing file /home/airflow/.local/lib/python3.12/site-packages/airflow/example_dags/example_task_group.py for tasks to queue
[2025-05-02T19:36:10.679+0000] {logging_mixin.py:188} INFO - [2025-05-02T19:36:10.679+0000] {dagbag.py:540} INFO - Filling up the DagBag from /home/airflow/.local/lib/python3.12/site-packages/airflow/example_dags/example_task_group.py
[2025-05-02T19:36:10.684+0000] {processor.py:840} INFO - DAG(s) 'example_task_group' retrieved from /home/airflow/.local/lib/python3.12/site-packages/airflow/example_dags/example_task_group.py
[2025-05-02T19:36:10.704+0000] {logging_mixin.py:188} INFO - [2025-05-02T19:36:10.704+0000] {dag.py:3096} INFO - Sync 1 DAGs
[2025-05-02T19:36:10.725+0000] {logging_mixin.py:188} INFO - [2025-05-02T19:36:10.725+0000] {dag.py:3954} INFO - Setting next_dagrun for example_task_group to 2025-05-01 00:00:00+00:00, run_after=2025-05-02 00:00:00+00:00
[2025-05-02T19:36:10.742+0000] {processor.py:183} INFO - Processing /home/airflow/.local/lib/python3.12/site-packages/airflow/example_dags/example_task_group.py took 0.070 seconds
[2025-05-02T19:36:41.164+0000] {processor.py:161} INFO - Started process (PID=476) to work on /home/airflow/.local/lib/python3.12/site-packages/airflow/example_dags/example_task_group.py
[2025-05-02T19:36:41.165+0000] {processor.py:830} INFO - Processing file /home/airflow/.local/lib/python3.12/site-packages/airflow/example_dags/example_task_group.py for tasks to queue
[2025-05-02T19:36:41.167+0000] {logging_mixin.py:188} INFO - [2025-05-02T19:36:41.166+0000] {dagbag.py:540} INFO - Filling up the DagBag from /home/airflow/.local/lib/python3.12/site-packages/airflow/example_dags/example_task_group.py
[2025-05-02T19:36:41.172+0000] {processor.py:840} INFO - DAG(s) 'example_task_group' retrieved from /home/airflow/.local/lib/python3.12/site-packages/airflow/example_dags/example_task_group.py
[2025-05-02T19:36:41.190+0000] {logging_mixin.py:188} INFO - [2025-05-02T19:36:41.190+0000] {dag.py:3096} INFO - Sync 1 DAGs
[2025-05-02T19:36:41.214+0000] {logging_mixin.py:188} INFO - [2025-05-02T19:36:41.214+0000] {dag.py:3954} INFO - Setting next_dagrun for example_task_group to 2025-05-01 00:00:00+00:00, run_after=2025-05-02 00:00:00+00:00
[2025-05-02T19:36:41.239+0000] {processor.py:183} INFO - Processing /home/airflow/.local/lib/python3.12/site-packages/airflow/example_dags/example_task_group.py took 0.081 seconds
[2025-05-02T19:37:11.432+0000] {processor.py:161} INFO - Started process (PID=534) to work on /home/airflow/.local/lib/python3.12/site-packages/airflow/example_dags/example_task_group.py
[2025-05-02T19:37:11.434+0000] {processor.py:830} INFO - Processing file /home/airflow/.local/lib/python3.12/site-packages/airflow/example_dags/example_task_group.py for tasks to queue
[2025-05-02T19:37:11.436+0000] {logging_mixin.py:188} INFO - [2025-05-02T19:37:11.435+0000] {dagbag.py:540} INFO - Filling up the DagBag from /home/airflow/.local/lib/python3.12/site-packages/airflow/example_dags/example_task_group.py
[2025-05-02T19:37:11.442+0000] {processor.py:840} INFO - DAG(s) 'example_task_group' retrieved from /home/airflow/.local/lib/python3.12/site-packages/airflow/example_dags/example_task_group.py
[2025-05-02T19:37:11.460+0000] {logging_mixin.py:188} INFO - [2025-05-02T19:37:11.459+0000] {dag.py:3096} INFO - Sync 1 DAGs
[2025-05-02T19:37:11.479+0000] {logging_mixin.py:188} INFO - [2025-05-02T19:37:11.478+0000] {dag.py:3954} INFO - Setting next_dagrun for example_task_group to 2025-05-01 00:00:00+00:00, run_after=2025-05-02 00:00:00+00:00
[2025-05-02T19:37:11.495+0000] {processor.py:183} INFO - Processing /home/airflow/.local/lib/python3.12/site-packages/airflow/example_dags/example_task_group.py took 0.068 seconds
[2025-05-02T19:37:42.015+0000] {processor.py:161} INFO - Started process (PID=592) to work on /home/airflow/.local/lib/python3.12/site-packages/airflow/example_dags/example_task_group.py
[2025-05-02T19:37:42.016+0000] {processor.py:830} INFO - Processing file /home/airflow/.local/lib/python3.12/site-packages/airflow/example_dags/example_task_group.py for tasks to queue
[2025-05-02T19:37:42.017+0000] {logging_mixin.py:188} INFO - [2025-05-02T19:37:42.017+0000] {dagbag.py:540} INFO - Filling up the DagBag from /home/airflow/.local/lib/python3.12/site-packages/airflow/example_dags/example_task_group.py
[2025-05-02T19:37:42.022+0000] {processor.py:840} INFO - DAG(s) 'example_task_group' retrieved from /home/airflow/.local/lib/python3.12/site-packages/airflow/example_dags/example_task_group.py
[2025-05-02T19:37:42.041+0000] {logging_mixin.py:188} INFO - [2025-05-02T19:37:42.041+0000] {dag.py:3096} INFO - Sync 1 DAGs
[2025-05-02T19:37:42.060+0000] {logging_mixin.py:188} INFO - [2025-05-02T19:37:42.060+0000] {dag.py:3954} INFO - Setting next_dagrun for example_task_group to 2025-05-01 00:00:00+00:00, run_after=2025-05-02 00:00:00+00:00
[2025-05-02T19:37:42.078+0000] {processor.py:183} INFO - Processing /home/airflow/.local/lib/python3.12/site-packages/airflow/example_dags/example_task_group.py took 0.070 seconds
[2025-05-02T19:38:12.288+0000] {processor.py:161} INFO - Started process (PID=650) to work on /home/airflow/.local/lib/python3.12/site-packages/airflow/example_dags/example_task_group.py
[2025-05-02T19:38:12.289+0000] {processor.py:830} INFO - Processing file /home/airflow/.local/lib/python3.12/site-packages/airflow/example_dags/example_task_group.py for tasks to queue
[2025-05-02T19:38:12.290+0000] {logging_mixin.py:188} INFO - [2025-05-02T19:38:12.290+0000] {dagbag.py:540} INFO - Filling up the DagBag from /home/airflow/.local/lib/python3.12/site-packages/airflow/example_dags/example_task_group.py
[2025-05-02T19:38:12.295+0000] {processor.py:840} INFO - DAG(s) 'example_task_group' retrieved from /home/airflow/.local/lib/python3.12/site-packages/airflow/example_dags/example_task_group.py
[2025-05-02T19:38:12.314+0000] {logging_mixin.py:188} INFO - [2025-05-02T19:38:12.314+0000] {dag.py:3096} INFO - Sync 1 DAGs
[2025-05-02T19:38:12.332+0000] {logging_mixin.py:188} INFO - [2025-05-02T19:38:12.332+0000] {dag.py:3954} INFO - Setting next_dagrun for example_task_group to 2025-05-01 00:00:00+00:00, run_after=2025-05-02 00:00:00+00:00
[2025-05-02T19:38:12.350+0000] {processor.py:183} INFO - Processing /home/airflow/.local/lib/python3.12/site-packages/airflow/example_dags/example_task_group.py took 0.067 seconds
[2025-05-02T19:38:44.783+0000] {processor.py:161} INFO - Started process (PID=708) to work on /home/airflow/.local/lib/python3.12/site-packages/airflow/example_dags/example_task_group.py
[2025-05-02T19:38:44.784+0000] {processor.py:830} INFO - Processing file /home/airflow/.local/lib/python3.12/site-packages/airflow/example_dags/example_task_group.py for tasks to queue
[2025-05-02T19:38:44.786+0000] {logging_mixin.py:188} INFO - [2025-05-02T19:38:44.785+0000] {dagbag.py:540} INFO - Filling up the DagBag from /home/airflow/.local/lib/python3.12/site-packages/airflow/example_dags/example_task_group.py
[2025-05-02T19:38:44.792+0000] {processor.py:840} INFO - DAG(s) 'example_task_group' retrieved from /home/airflow/.local/lib/python3.12/site-packages/airflow/example_dags/example_task_group.py
[2025-05-02T19:38:44.812+0000] {logging_mixin.py:188} INFO - [2025-05-02T19:38:44.812+0000] {dag.py:3096} INFO - Sync 1 DAGs
[2025-05-02T19:38:44.835+0000] {logging_mixin.py:188} INFO - [2025-05-02T19:38:44.834+0000] {dag.py:3954} INFO - Setting next_dagrun for example_task_group to 2025-05-01 00:00:00+00:00, run_after=2025-05-02 00:00:00+00:00
[2025-05-02T19:38:44.851+0000] {processor.py:183} INFO - Processing /home/airflow/.local/lib/python3.12/site-packages/airflow/example_dags/example_task_group.py took 0.073 seconds
[2025-05-02T19:39:18.211+0000] {processor.py:161} INFO - Started process (PID=766) to work on /home/airflow/.local/lib/python3.12/site-packages/airflow/example_dags/example_task_group.py
[2025-05-02T19:39:18.212+0000] {processor.py:830} INFO - Processing file /home/airflow/.local/lib/python3.12/site-packages/airflow/example_dags/example_task_group.py for tasks to queue
[2025-05-02T19:39:18.214+0000] {logging_mixin.py:188} INFO - [2025-05-02T19:39:18.214+0000] {dagbag.py:540} INFO - Filling up the DagBag from /home/airflow/.local/lib/python3.12/site-packages/airflow/example_dags/example_task_group.py
[2025-05-02T19:39:18.222+0000] {processor.py:840} INFO - DAG(s) 'example_task_group' retrieved from /home/airflow/.local/lib/python3.12/site-packages/airflow/example_dags/example_task_group.py
[2025-05-02T19:39:18.241+0000] {logging_mixin.py:188} INFO - [2025-05-02T19:39:18.241+0000] {dag.py:3096} INFO - Sync 1 DAGs
[2025-05-02T19:39:18.261+0000] {logging_mixin.py:188} INFO - [2025-05-02T19:39:18.261+0000] {dag.py:3954} INFO - Setting next_dagrun for example_task_group to 2025-05-01 00:00:00+00:00, run_after=2025-05-02 00:00:00+00:00
[2025-05-02T19:39:18.276+0000] {processor.py:183} INFO - Processing /home/airflow/.local/lib/python3.12/site-packages/airflow/example_dags/example_task_group.py took 0.070 seconds
[2025-05-02T19:39:48.761+0000] {processor.py:161} INFO - Started process (PID=824) to work on /home/airflow/.local/lib/python3.12/site-packages/airflow/example_dags/example_task_group.py
[2025-05-02T19:39:48.762+0000] {processor.py:830} INFO - Processing file /home/airflow/.local/lib/python3.12/site-packages/airflow/example_dags/example_task_group.py for tasks to queue
[2025-05-02T19:39:48.763+0000] {logging_mixin.py:188} INFO - [2025-05-02T19:39:48.763+0000] {dagbag.py:540} INFO - Filling up the DagBag from /home/airflow/.local/lib/python3.12/site-packages/airflow/example_dags/example_task_group.py
[2025-05-02T19:39:48.769+0000] {processor.py:840} INFO - DAG(s) 'example_task_group' retrieved from /home/airflow/.local/lib/python3.12/site-packages/airflow/example_dags/example_task_group.py
[2025-05-02T19:39:48.789+0000] {logging_mixin.py:188} INFO - [2025-05-02T19:39:48.789+0000] {dag.py:3096} INFO - Sync 1 DAGs
[2025-05-02T19:39:48.812+0000] {logging_mixin.py:188} INFO - [2025-05-02T19:39:48.812+0000] {dag.py:3954} INFO - Setting next_dagrun for example_task_group to 2025-05-01 00:00:00+00:00, run_after=2025-05-02 00:00:00+00:00
[2025-05-02T19:39:48.831+0000] {processor.py:183} INFO - Processing /home/airflow/.local/lib/python3.12/site-packages/airflow/example_dags/example_task_group.py took 0.075 seconds
[2025-05-02T19:40:19.482+0000] {processor.py:161} INFO - Started process (PID=882) to work on /home/airflow/.local/lib/python3.12/site-packages/airflow/example_dags/example_task_group.py
[2025-05-02T19:40:19.482+0000] {processor.py:830} INFO - Processing file /home/airflow/.local/lib/python3.12/site-packages/airflow/example_dags/example_task_group.py for tasks to queue
[2025-05-02T19:40:19.484+0000] {logging_mixin.py:188} INFO - [2025-05-02T19:40:19.484+0000] {dagbag.py:540} INFO - Filling up the DagBag from /home/airflow/.local/lib/python3.12/site-packages/airflow/example_dags/example_task_group.py
[2025-05-02T19:40:19.491+0000] {processor.py:840} INFO - DAG(s) 'example_task_group' retrieved from /home/airflow/.local/lib/python3.12/site-packages/airflow/example_dags/example_task_group.py
[2025-05-02T19:40:19.509+0000] {logging_mixin.py:188} INFO - [2025-05-02T19:40:19.509+0000] {dag.py:3096} INFO - Sync 1 DAGs
[2025-05-02T19:40:19.525+0000] {logging_mixin.py:188} INFO - [2025-05-02T19:40:19.525+0000] {dag.py:3954} INFO - Setting next_dagrun for example_task_group to 2025-05-01 00:00:00+00:00, run_after=2025-05-02 00:00:00+00:00
[2025-05-02T19:40:19.542+0000] {processor.py:183} INFO - Processing /home/airflow/.local/lib/python3.12/site-packages/airflow/example_dags/example_task_group.py took 0.067 seconds
[2025-05-02T19:40:49.970+0000] {processor.py:161} INFO - Started process (PID=940) to work on /home/airflow/.local/lib/python3.12/site-packages/airflow/example_dags/example_task_group.py
[2025-05-02T19:40:49.976+0000] {processor.py:830} INFO - Processing file /home/airflow/.local/lib/python3.12/site-packages/airflow/example_dags/example_task_group.py for tasks to queue
[2025-05-02T19:40:49.978+0000] {logging_mixin.py:188} INFO - [2025-05-02T19:40:49.978+0000] {dagbag.py:540} INFO - Filling up the DagBag from /home/airflow/.local/lib/python3.12/site-packages/airflow/example_dags/example_task_group.py
[2025-05-02T19:40:49.995+0000] {processor.py:840} INFO - DAG(s) 'example_task_group' retrieved from /home/airflow/.local/lib/python3.12/site-packages/airflow/example_dags/example_task_group.py
[2025-05-02T19:40:50.031+0000] {logging_mixin.py:188} INFO - [2025-05-02T19:40:50.031+0000] {dag.py:3096} INFO - Sync 1 DAGs
[2025-05-02T19:40:50.069+0000] {logging_mixin.py:188} INFO - [2025-05-02T19:40:50.068+0000] {dag.py:3954} INFO - Setting next_dagrun for example_task_group to 2025-05-01 00:00:00+00:00, run_after=2025-05-02 00:00:00+00:00
[2025-05-02T19:40:50.087+0000] {processor.py:183} INFO - Processing /home/airflow/.local/lib/python3.12/site-packages/airflow/example_dags/example_task_group.py took 0.128 seconds
[2025-05-02T19:41:20.387+0000] {processor.py:161} INFO - Started process (PID=998) to work on /home/airflow/.local/lib/python3.12/site-packages/airflow/example_dags/example_task_group.py
[2025-05-02T19:41:20.388+0000] {processor.py:830} INFO - Processing file /home/airflow/.local/lib/python3.12/site-packages/airflow/example_dags/example_task_group.py for tasks to queue
[2025-05-02T19:41:20.389+0000] {logging_mixin.py:188} INFO - [2025-05-02T19:41:20.389+0000] {dagbag.py:540} INFO - Filling up the DagBag from /home/airflow/.local/lib/python3.12/site-packages/airflow/example_dags/example_task_group.py
[2025-05-02T19:41:20.397+0000] {processor.py:840} INFO - DAG(s) 'example_task_group' retrieved from /home/airflow/.local/lib/python3.12/site-packages/airflow/example_dags/example_task_group.py
[2025-05-02T19:41:20.416+0000] {logging_mixin.py:188} INFO - [2025-05-02T19:41:20.416+0000] {dag.py:3096} INFO - Sync 1 DAGs
[2025-05-02T19:41:20.434+0000] {logging_mixin.py:188} INFO - [2025-05-02T19:41:20.433+0000] {dag.py:3954} INFO - Setting next_dagrun for example_task_group to 2025-05-01 00:00:00+00:00, run_after=2025-05-02 00:00:00+00:00
[2025-05-02T19:41:20.450+0000] {processor.py:183} INFO - Processing /home/airflow/.local/lib/python3.12/site-packages/airflow/example_dags/example_task_group.py took 0.068 seconds
[2025-05-02T19:41:51.113+0000] {processor.py:161} INFO - Started process (PID=1056) to work on /home/airflow/.local/lib/python3.12/site-packages/airflow/example_dags/example_task_group.py
[2025-05-02T19:41:51.114+0000] {processor.py:830} INFO - Processing file /home/airflow/.local/lib/python3.12/site-packages/airflow/example_dags/example_task_group.py for tasks to queue
[2025-05-02T19:41:51.116+0000] {logging_mixin.py:188} INFO - [2025-05-02T19:41:51.116+0000] {dagbag.py:540} INFO - Filling up the DagBag from /home/airflow/.local/lib/python3.12/site-packages/airflow/example_dags/example_task_group.py
[2025-05-02T19:41:51.123+0000] {processor.py:840} INFO - DAG(s) 'example_task_group' retrieved from /home/airflow/.local/lib/python3.12/site-packages/airflow/example_dags/example_task_group.py
[2025-05-02T19:41:51.145+0000] {logging_mixin.py:188} INFO - [2025-05-02T19:41:51.144+0000] {dag.py:3096} INFO - Sync 1 DAGs
[2025-05-02T19:41:51.166+0000] {logging_mixin.py:188} INFO - [2025-05-02T19:41:51.165+0000] {dag.py:3954} INFO - Setting next_dagrun for example_task_group to 2025-05-01 00:00:00+00:00, run_after=2025-05-02 00:00:00+00:00
[2025-05-02T19:41:51.183+0000] {processor.py:183} INFO - Processing /home/airflow/.local/lib/python3.12/site-packages/airflow/example_dags/example_task_group.py took 0.075 seconds
[2025-05-02T19:42:21.728+0000] {processor.py:161} INFO - Started process (PID=1108) to work on /home/airflow/.local/lib/python3.12/site-packages/airflow/example_dags/example_task_group.py
[2025-05-02T19:42:21.729+0000] {processor.py:830} INFO - Processing file /home/airflow/.local/lib/python3.12/site-packages/airflow/example_dags/example_task_group.py for tasks to queue
[2025-05-02T19:42:21.732+0000] {logging_mixin.py:188} INFO - [2025-05-02T19:42:21.731+0000] {dagbag.py:540} INFO - Filling up the DagBag from /home/airflow/.local/lib/python3.12/site-packages/airflow/example_dags/example_task_group.py
[2025-05-02T19:42:21.740+0000] {processor.py:840} INFO - DAG(s) 'example_task_group' retrieved from /home/airflow/.local/lib/python3.12/site-packages/airflow/example_dags/example_task_group.py
[2025-05-02T19:42:21.760+0000] {logging_mixin.py:188} INFO - [2025-05-02T19:42:21.760+0000] {dag.py:3096} INFO - Sync 1 DAGs
[2025-05-02T19:42:21.783+0000] {logging_mixin.py:188} INFO - [2025-05-02T19:42:21.782+0000] {dag.py:3954} INFO - Setting next_dagrun for example_task_group to 2025-05-01 00:00:00+00:00, run_after=2025-05-02 00:00:00+00:00
[2025-05-02T19:42:21.805+0000] {processor.py:183} INFO - Processing /home/airflow/.local/lib/python3.12/site-packages/airflow/example_dags/example_task_group.py took 0.082 seconds
[2025-05-02T19:42:52.468+0000] {processor.py:161} INFO - Started process (PID=1166) to work on /home/airflow/.local/lib/python3.12/site-packages/airflow/example_dags/example_task_group.py
[2025-05-02T19:42:52.469+0000] {processor.py:830} INFO - Processing file /home/airflow/.local/lib/python3.12/site-packages/airflow/example_dags/example_task_group.py for tasks to queue
[2025-05-02T19:42:52.471+0000] {logging_mixin.py:188} INFO - [2025-05-02T19:42:52.470+0000] {dagbag.py:540} INFO - Filling up the DagBag from /home/airflow/.local/lib/python3.12/site-packages/airflow/example_dags/example_task_group.py
[2025-05-02T19:42:52.477+0000] {processor.py:840} INFO - DAG(s) 'example_task_group' retrieved from /home/airflow/.local/lib/python3.12/site-packages/airflow/example_dags/example_task_group.py
[2025-05-02T19:42:52.498+0000] {logging_mixin.py:188} INFO - [2025-05-02T19:42:52.497+0000] {dag.py:3096} INFO - Sync 1 DAGs
[2025-05-02T19:42:52.520+0000] {logging_mixin.py:188} INFO - [2025-05-02T19:42:52.519+0000] {dag.py:3954} INFO - Setting next_dagrun for example_task_group to 2025-05-01 00:00:00+00:00, run_after=2025-05-02 00:00:00+00:00
[2025-05-02T19:42:52.539+0000] {processor.py:183} INFO - Processing /home/airflow/.local/lib/python3.12/site-packages/airflow/example_dags/example_task_group.py took 0.077 seconds
[2025-05-02T19:43:24.673+0000] {processor.py:161} INFO - Started process (PID=1226) to work on /home/airflow/.local/lib/python3.12/site-packages/airflow/example_dags/example_task_group.py
[2025-05-02T19:43:24.673+0000] {processor.py:830} INFO - Processing file /home/airflow/.local/lib/python3.12/site-packages/airflow/example_dags/example_task_group.py for tasks to queue
[2025-05-02T19:43:24.675+0000] {logging_mixin.py:188} INFO - [2025-05-02T19:43:24.675+0000] {dagbag.py:540} INFO - Filling up the DagBag from /home/airflow/.local/lib/python3.12/site-packages/airflow/example_dags/example_task_group.py
[2025-05-02T19:43:24.682+0000] {processor.py:840} INFO - DAG(s) 'example_task_group' retrieved from /home/airflow/.local/lib/python3.12/site-packages/airflow/example_dags/example_task_group.py
[2025-05-02T19:43:24.703+0000] {logging_mixin.py:188} INFO - [2025-05-02T19:43:24.703+0000] {dag.py:3096} INFO - Sync 1 DAGs
[2025-05-02T19:43:24.723+0000] {logging_mixin.py:188} INFO - [2025-05-02T19:43:24.723+0000] {dag.py:3954} INFO - Setting next_dagrun for example_task_group to 2025-05-01 00:00:00+00:00, run_after=2025-05-02 00:00:00+00:00
[2025-05-02T19:43:24.742+0000] {processor.py:183} INFO - Processing /home/airflow/.local/lib/python3.12/site-packages/airflow/example_dags/example_task_group.py took 0.075 seconds
[2025-05-02T19:43:55.294+0000] {processor.py:161} INFO - Started process (PID=1286) to work on /home/airflow/.local/lib/python3.12/site-packages/airflow/example_dags/example_task_group.py
[2025-05-02T19:43:55.304+0000] {processor.py:830} INFO - Processing file /home/airflow/.local/lib/python3.12/site-packages/airflow/example_dags/example_task_group.py for tasks to queue
[2025-05-02T19:43:55.306+0000] {logging_mixin.py:188} INFO - [2025-05-02T19:43:55.306+0000] {dagbag.py:540} INFO - Filling up the DagBag from /home/airflow/.local/lib/python3.12/site-packages/airflow/example_dags/example_task_group.py
[2025-05-02T19:43:55.320+0000] {processor.py:840} INFO - DAG(s) 'example_task_group' retrieved from /home/airflow/.local/lib/python3.12/site-packages/airflow/example_dags/example_task_group.py
[2025-05-02T19:43:55.356+0000] {logging_mixin.py:188} INFO - [2025-05-02T19:43:55.356+0000] {dag.py:3096} INFO - Sync 1 DAGs
[2025-05-02T19:43:55.382+0000] {logging_mixin.py:188} INFO - [2025-05-02T19:43:55.382+0000] {dag.py:3954} INFO - Setting next_dagrun for example_task_group to 2025-05-01 00:00:00+00:00, run_after=2025-05-02 00:00:00+00:00
[2025-05-02T19:43:55.407+0000] {processor.py:183} INFO - Processing /home/airflow/.local/lib/python3.12/site-packages/airflow/example_dags/example_task_group.py took 0.122 seconds
[2025-05-02T19:44:25.472+0000] {processor.py:161} INFO - Started process (PID=1381) to work on /home/airflow/.local/lib/python3.12/site-packages/airflow/example_dags/example_task_group.py
[2025-05-02T19:44:25.473+0000] {processor.py:830} INFO - Processing file /home/airflow/.local/lib/python3.12/site-packages/airflow/example_dags/example_task_group.py for tasks to queue
[2025-05-02T19:44:25.477+0000] {logging_mixin.py:188} INFO - [2025-05-02T19:44:25.476+0000] {dagbag.py:540} INFO - Filling up the DagBag from /home/airflow/.local/lib/python3.12/site-packages/airflow/example_dags/example_task_group.py
[2025-05-02T19:44:25.490+0000] {processor.py:840} INFO - DAG(s) 'example_task_group' retrieved from /home/airflow/.local/lib/python3.12/site-packages/airflow/example_dags/example_task_group.py
[2025-05-02T19:44:25.632+0000] {logging_mixin.py:188} INFO - [2025-05-02T19:44:25.631+0000] {dag.py:3096} INFO - Sync 1 DAGs
[2025-05-02T19:44:25.688+0000] {logging_mixin.py:188} INFO - [2025-05-02T19:44:25.687+0000] {dag.py:3954} INFO - Setting next_dagrun for example_task_group to 2025-05-01 00:00:00+00:00, run_after=2025-05-02 00:00:00+00:00
[2025-05-02T19:44:25.753+0000] {processor.py:183} INFO - Processing /home/airflow/.local/lib/python3.12/site-packages/airflow/example_dags/example_task_group.py took 0.293 seconds
[2025-05-02T19:44:56.085+0000] {processor.py:161} INFO - Started process (PID=1483) to work on /home/airflow/.local/lib/python3.12/site-packages/airflow/example_dags/example_task_group.py
[2025-05-02T19:44:56.088+0000] {processor.py:830} INFO - Processing file /home/airflow/.local/lib/python3.12/site-packages/airflow/example_dags/example_task_group.py for tasks to queue
[2025-05-02T19:44:56.091+0000] {logging_mixin.py:188} INFO - [2025-05-02T19:44:56.090+0000] {dagbag.py:540} INFO - Filling up the DagBag from /home/airflow/.local/lib/python3.12/site-packages/airflow/example_dags/example_task_group.py
[2025-05-02T19:44:56.107+0000] {processor.py:840} INFO - DAG(s) 'example_task_group' retrieved from /home/airflow/.local/lib/python3.12/site-packages/airflow/example_dags/example_task_group.py
[2025-05-02T19:44:56.188+0000] {logging_mixin.py:188} INFO - [2025-05-02T19:44:56.188+0000] {dag.py:3096} INFO - Sync 1 DAGs
[2025-05-02T19:44:56.249+0000] {logging_mixin.py:188} INFO - [2025-05-02T19:44:56.249+0000] {dag.py:3954} INFO - Setting next_dagrun for example_task_group to 2025-05-01 00:00:00+00:00, run_after=2025-05-02 00:00:00+00:00
[2025-05-02T19:44:56.283+0000] {processor.py:183} INFO - Processing /home/airflow/.local/lib/python3.12/site-packages/airflow/example_dags/example_task_group.py took 0.210 seconds
[2025-05-02T19:45:28.288+0000] {processor.py:161} INFO - Started process (PID=1582) to work on /home/airflow/.local/lib/python3.12/site-packages/airflow/example_dags/example_task_group.py
[2025-05-02T19:45:28.292+0000] {processor.py:830} INFO - Processing file /home/airflow/.local/lib/python3.12/site-packages/airflow/example_dags/example_task_group.py for tasks to queue
[2025-05-02T19:45:28.297+0000] {logging_mixin.py:188} INFO - [2025-05-02T19:45:28.296+0000] {dagbag.py:540} INFO - Filling up the DagBag from /home/airflow/.local/lib/python3.12/site-packages/airflow/example_dags/example_task_group.py
[2025-05-02T19:45:28.318+0000] {processor.py:840} INFO - DAG(s) 'example_task_group' retrieved from /home/airflow/.local/lib/python3.12/site-packages/airflow/example_dags/example_task_group.py
[2025-05-02T19:45:28.405+0000] {logging_mixin.py:188} INFO - [2025-05-02T19:45:28.405+0000] {dag.py:3096} INFO - Sync 1 DAGs
[2025-05-02T19:45:28.482+0000] {logging_mixin.py:188} INFO - [2025-05-02T19:45:28.481+0000] {dag.py:3954} INFO - Setting next_dagrun for example_task_group to 2025-05-01 00:00:00+00:00, run_after=2025-05-02 00:00:00+00:00
[2025-05-02T19:45:28.547+0000] {processor.py:183} INFO - Processing /home/airflow/.local/lib/python3.12/site-packages/airflow/example_dags/example_task_group.py took 0.285 seconds
[2025-05-02T19:45:58.695+0000] {processor.py:161} INFO - Started process (PID=1690) to work on /home/airflow/.local/lib/python3.12/site-packages/airflow/example_dags/example_task_group.py
[2025-05-02T19:45:58.700+0000] {processor.py:830} INFO - Processing file /home/airflow/.local/lib/python3.12/site-packages/airflow/example_dags/example_task_group.py for tasks to queue
[2025-05-02T19:45:58.703+0000] {logging_mixin.py:188} INFO - [2025-05-02T19:45:58.703+0000] {dagbag.py:540} INFO - Filling up the DagBag from /home/airflow/.local/lib/python3.12/site-packages/airflow/example_dags/example_task_group.py
[2025-05-02T19:45:58.717+0000] {processor.py:840} INFO - DAG(s) 'example_task_group' retrieved from /home/airflow/.local/lib/python3.12/site-packages/airflow/example_dags/example_task_group.py
[2025-05-02T19:45:58.801+0000] {logging_mixin.py:188} INFO - [2025-05-02T19:45:58.801+0000] {dag.py:3096} INFO - Sync 1 DAGs
[2025-05-02T19:45:58.858+0000] {logging_mixin.py:188} INFO - [2025-05-02T19:45:58.858+0000] {dag.py:3954} INFO - Setting next_dagrun for example_task_group to 2025-05-01 00:00:00+00:00, run_after=2025-05-02 00:00:00+00:00
[2025-05-02T19:45:58.959+0000] {processor.py:183} INFO - Processing /home/airflow/.local/lib/python3.12/site-packages/airflow/example_dags/example_task_group.py took 0.288 seconds
[2025-05-02T19:46:29.942+0000] {processor.py:161} INFO - Started process (PID=1784) to work on /home/airflow/.local/lib/python3.12/site-packages/airflow/example_dags/example_task_group.py
[2025-05-02T19:46:29.943+0000] {processor.py:830} INFO - Processing file /home/airflow/.local/lib/python3.12/site-packages/airflow/example_dags/example_task_group.py for tasks to queue
[2025-05-02T19:46:29.954+0000] {logging_mixin.py:188} INFO - [2025-05-02T19:46:29.946+0000] {dagbag.py:540} INFO - Filling up the DagBag from /home/airflow/.local/lib/python3.12/site-packages/airflow/example_dags/example_task_group.py
[2025-05-02T19:46:29.967+0000] {processor.py:840} INFO - DAG(s) 'example_task_group' retrieved from /home/airflow/.local/lib/python3.12/site-packages/airflow/example_dags/example_task_group.py
[2025-05-02T19:46:30.049+0000] {logging_mixin.py:188} INFO - [2025-05-02T19:46:30.049+0000] {dag.py:3096} INFO - Sync 1 DAGs
[2025-05-02T19:46:30.106+0000] {logging_mixin.py:188} INFO - [2025-05-02T19:46:30.106+0000] {dag.py:3954} INFO - Setting next_dagrun for example_task_group to 2025-05-01 00:00:00+00:00, run_after=2025-05-02 00:00:00+00:00
[2025-05-02T19:46:30.264+0000] {processor.py:183} INFO - Processing /home/airflow/.local/lib/python3.12/site-packages/airflow/example_dags/example_task_group.py took 0.333 seconds
[2025-05-02T19:47:01.121+0000] {processor.py:161} INFO - Started process (PID=1899) to work on /home/airflow/.local/lib/python3.12/site-packages/airflow/example_dags/example_task_group.py
[2025-05-02T19:47:01.129+0000] {processor.py:830} INFO - Processing file /home/airflow/.local/lib/python3.12/site-packages/airflow/example_dags/example_task_group.py for tasks to queue
[2025-05-02T19:47:01.135+0000] {logging_mixin.py:188} INFO - [2025-05-02T19:47:01.135+0000] {dagbag.py:540} INFO - Filling up the DagBag from /home/airflow/.local/lib/python3.12/site-packages/airflow/example_dags/example_task_group.py
[2025-05-02T19:47:01.153+0000] {processor.py:840} INFO - DAG(s) 'example_task_group' retrieved from /home/airflow/.local/lib/python3.12/site-packages/airflow/example_dags/example_task_group.py
[2025-05-02T19:47:01.261+0000] {logging_mixin.py:188} INFO - [2025-05-02T19:47:01.260+0000] {dag.py:3096} INFO - Sync 1 DAGs
[2025-05-02T19:47:01.324+0000] {logging_mixin.py:188} INFO - [2025-05-02T19:47:01.323+0000] {dag.py:3954} INFO - Setting next_dagrun for example_task_group to 2025-05-01 00:00:00+00:00, run_after=2025-05-02 00:00:00+00:00
[2025-05-02T19:47:01.749+0000] {processor.py:183} INFO - Processing /home/airflow/.local/lib/python3.12/site-packages/airflow/example_dags/example_task_group.py took 0.647 seconds
[2025-05-02T19:47:36.904+0000] {processor.py:161} INFO - Started process (PID=2001) to work on /home/airflow/.local/lib/python3.12/site-packages/airflow/example_dags/example_task_group.py
[2025-05-02T19:47:36.909+0000] {processor.py:830} INFO - Processing file /home/airflow/.local/lib/python3.12/site-packages/airflow/example_dags/example_task_group.py for tasks to queue
[2025-05-02T19:47:36.918+0000] {logging_mixin.py:188} INFO - [2025-05-02T19:47:36.917+0000] {dagbag.py:540} INFO - Filling up the DagBag from /home/airflow/.local/lib/python3.12/site-packages/airflow/example_dags/example_task_group.py
[2025-05-02T19:47:36.940+0000] {processor.py:840} INFO - DAG(s) 'example_task_group' retrieved from /home/airflow/.local/lib/python3.12/site-packages/airflow/example_dags/example_task_group.py
[2025-05-02T19:47:37.063+0000] {logging_mixin.py:188} INFO - [2025-05-02T19:47:37.063+0000] {dag.py:3096} INFO - Sync 1 DAGs
[2025-05-02T19:47:37.207+0000] {logging_mixin.py:188} INFO - [2025-05-02T19:47:37.207+0000] {dag.py:3954} INFO - Setting next_dagrun for example_task_group to 2025-05-01 00:00:00+00:00, run_after=2025-05-02 00:00:00+00:00
[2025-05-02T19:47:37.267+0000] {processor.py:183} INFO - Processing /home/airflow/.local/lib/python3.12/site-packages/airflow/example_dags/example_task_group.py took 0.381 seconds
[2025-05-02T19:48:09.824+0000] {processor.py:161} INFO - Started process (PID=2104) to work on /home/airflow/.local/lib/python3.12/site-packages/airflow/example_dags/example_task_group.py
[2025-05-02T19:48:09.826+0000] {processor.py:830} INFO - Processing file /home/airflow/.local/lib/python3.12/site-packages/airflow/example_dags/example_task_group.py for tasks to queue
[2025-05-02T19:48:09.830+0000] {logging_mixin.py:188} INFO - [2025-05-02T19:48:09.829+0000] {dagbag.py:540} INFO - Filling up the DagBag from /home/airflow/.local/lib/python3.12/site-packages/airflow/example_dags/example_task_group.py
[2025-05-02T19:48:09.848+0000] {processor.py:840} INFO - DAG(s) 'example_task_group' retrieved from /home/airflow/.local/lib/python3.12/site-packages/airflow/example_dags/example_task_group.py
[2025-05-02T19:48:09.928+0000] {logging_mixin.py:188} INFO - [2025-05-02T19:48:09.927+0000] {dag.py:3096} INFO - Sync 1 DAGs
[2025-05-02T19:48:09.997+0000] {logging_mixin.py:188} INFO - [2025-05-02T19:48:09.996+0000] {dag.py:3954} INFO - Setting next_dagrun for example_task_group to 2025-05-01 00:00:00+00:00, run_after=2025-05-02 00:00:00+00:00
[2025-05-02T19:48:10.074+0000] {processor.py:183} INFO - Processing /home/airflow/.local/lib/python3.12/site-packages/airflow/example_dags/example_task_group.py took 0.263 seconds
[2025-05-02T19:48:47.393+0000] {processor.py:161} INFO - Started process (PID=2196) to work on /home/airflow/.local/lib/python3.12/site-packages/airflow/example_dags/example_task_group.py
[2025-05-02T19:48:47.399+0000] {processor.py:830} INFO - Processing file /home/airflow/.local/lib/python3.12/site-packages/airflow/example_dags/example_task_group.py for tasks to queue
[2025-05-02T19:48:47.402+0000] {logging_mixin.py:188} INFO - [2025-05-02T19:48:47.401+0000] {dagbag.py:540} INFO - Filling up the DagBag from /home/airflow/.local/lib/python3.12/site-packages/airflow/example_dags/example_task_group.py
[2025-05-02T19:48:47.429+0000] {processor.py:840} INFO - DAG(s) 'example_task_group' retrieved from /home/airflow/.local/lib/python3.12/site-packages/airflow/example_dags/example_task_group.py
[2025-05-02T19:48:47.644+0000] {logging_mixin.py:188} INFO - [2025-05-02T19:48:47.644+0000] {dag.py:3096} INFO - Sync 1 DAGs
[2025-05-02T19:48:47.771+0000] {logging_mixin.py:188} INFO - [2025-05-02T19:48:47.770+0000] {dag.py:3954} INFO - Setting next_dagrun for example_task_group to 2025-05-01 00:00:00+00:00, run_after=2025-05-02 00:00:00+00:00
[2025-05-02T19:48:47.882+0000] {processor.py:183} INFO - Processing /home/airflow/.local/lib/python3.12/site-packages/airflow/example_dags/example_task_group.py took 0.516 seconds
[2025-05-02T19:49:20.973+0000] {processor.py:161} INFO - Started process (PID=2293) to work on /home/airflow/.local/lib/python3.12/site-packages/airflow/example_dags/example_task_group.py
[2025-05-02T19:49:20.975+0000] {processor.py:830} INFO - Processing file /home/airflow/.local/lib/python3.12/site-packages/airflow/example_dags/example_task_group.py for tasks to queue
[2025-05-02T19:49:20.979+0000] {logging_mixin.py:188} INFO - [2025-05-02T19:49:20.978+0000] {dagbag.py:540} INFO - Filling up the DagBag from /home/airflow/.local/lib/python3.12/site-packages/airflow/example_dags/example_task_group.py
[2025-05-02T19:49:20.994+0000] {processor.py:840} INFO - DAG(s) 'example_task_group' retrieved from /home/airflow/.local/lib/python3.12/site-packages/airflow/example_dags/example_task_group.py
[2025-05-02T19:49:21.112+0000] {logging_mixin.py:188} INFO - [2025-05-02T19:49:21.111+0000] {dag.py:3096} INFO - Sync 1 DAGs
[2025-05-02T19:49:21.178+0000] {logging_mixin.py:188} INFO - [2025-05-02T19:49:21.177+0000] {dag.py:3954} INFO - Setting next_dagrun for example_task_group to 2025-05-01 00:00:00+00:00, run_after=2025-05-02 00:00:00+00:00
[2025-05-02T19:49:21.272+0000] {processor.py:183} INFO - Processing /home/airflow/.local/lib/python3.12/site-packages/airflow/example_dags/example_task_group.py took 0.311 seconds
[2025-05-02T19:49:55.012+0000] {processor.py:161} INFO - Started process (PID=2375) to work on /home/airflow/.local/lib/python3.12/site-packages/airflow/example_dags/example_task_group.py
[2025-05-02T19:49:55.020+0000] {processor.py:830} INFO - Processing file /home/airflow/.local/lib/python3.12/site-packages/airflow/example_dags/example_task_group.py for tasks to queue
[2025-05-02T19:49:55.023+0000] {logging_mixin.py:188} INFO - [2025-05-02T19:49:55.023+0000] {dagbag.py:540} INFO - Filling up the DagBag from /home/airflow/.local/lib/python3.12/site-packages/airflow/example_dags/example_task_group.py
[2025-05-02T19:49:55.048+0000] {processor.py:840} INFO - DAG(s) 'example_task_group' retrieved from /home/airflow/.local/lib/python3.12/site-packages/airflow/example_dags/example_task_group.py
[2025-05-02T19:49:55.145+0000] {logging_mixin.py:188} INFO - [2025-05-02T19:49:55.145+0000] {dag.py:3096} INFO - Sync 1 DAGs
[2025-05-02T19:49:55.230+0000] {logging_mixin.py:188} INFO - [2025-05-02T19:49:55.229+0000] {dag.py:3954} INFO - Setting next_dagrun for example_task_group to 2025-05-01 00:00:00+00:00, run_after=2025-05-02 00:00:00+00:00
[2025-05-02T19:49:55.709+0000] {processor.py:183} INFO - Processing /home/airflow/.local/lib/python3.12/site-packages/airflow/example_dags/example_task_group.py took 0.725 seconds
[2025-05-02T19:50:29.685+0000] {processor.py:161} INFO - Started process (PID=2495) to work on /home/airflow/.local/lib/python3.12/site-packages/airflow/example_dags/example_task_group.py
[2025-05-02T19:50:29.686+0000] {processor.py:830} INFO - Processing file /home/airflow/.local/lib/python3.12/site-packages/airflow/example_dags/example_task_group.py for tasks to queue
[2025-05-02T19:50:29.699+0000] {logging_mixin.py:188} INFO - [2025-05-02T19:50:29.698+0000] {dagbag.py:540} INFO - Filling up the DagBag from /home/airflow/.local/lib/python3.12/site-packages/airflow/example_dags/example_task_group.py
[2025-05-02T19:50:29.720+0000] {processor.py:840} INFO - DAG(s) 'example_task_group' retrieved from /home/airflow/.local/lib/python3.12/site-packages/airflow/example_dags/example_task_group.py
[2025-05-02T19:50:29.876+0000] {logging_mixin.py:188} INFO - [2025-05-02T19:50:29.876+0000] {dag.py:3096} INFO - Sync 1 DAGs
[2025-05-02T19:50:29.930+0000] {logging_mixin.py:188} INFO - [2025-05-02T19:50:29.930+0000] {dag.py:3954} INFO - Setting next_dagrun for example_task_group to 2025-05-01 00:00:00+00:00, run_after=2025-05-02 00:00:00+00:00
[2025-05-02T19:50:29.995+0000] {processor.py:183} INFO - Processing /home/airflow/.local/lib/python3.12/site-packages/airflow/example_dags/example_task_group.py took 0.330 seconds
[2025-05-02T19:51:05.383+0000] {processor.py:161} INFO - Started process (PID=2586) to work on /home/airflow/.local/lib/python3.12/site-packages/airflow/example_dags/example_task_group.py
[2025-05-02T19:51:05.387+0000] {processor.py:830} INFO - Processing file /home/airflow/.local/lib/python3.12/site-packages/airflow/example_dags/example_task_group.py for tasks to queue
[2025-05-02T19:51:05.400+0000] {logging_mixin.py:188} INFO - [2025-05-02T19:51:05.399+0000] {dagbag.py:540} INFO - Filling up the DagBag from /home/airflow/.local/lib/python3.12/site-packages/airflow/example_dags/example_task_group.py
[2025-05-02T19:51:05.434+0000] {processor.py:840} INFO - DAG(s) 'example_task_group' retrieved from /home/airflow/.local/lib/python3.12/site-packages/airflow/example_dags/example_task_group.py
[2025-05-02T19:51:06.009+0000] {logging_mixin.py:188} INFO - [2025-05-02T19:51:06.008+0000] {dag.py:3096} INFO - Sync 1 DAGs
[2025-05-02T19:51:06.069+0000] {logging_mixin.py:188} INFO - [2025-05-02T19:51:06.068+0000] {dag.py:3954} INFO - Setting next_dagrun for example_task_group to 2025-05-01 00:00:00+00:00, run_after=2025-05-02 00:00:00+00:00
[2025-05-02T19:51:06.170+0000] {processor.py:183} INFO - Processing /home/airflow/.local/lib/python3.12/site-packages/airflow/example_dags/example_task_group.py took 0.809 seconds
[2025-05-02T19:51:39.021+0000] {processor.py:161} INFO - Started process (PID=2702) to work on /home/airflow/.local/lib/python3.12/site-packages/airflow/example_dags/example_task_group.py
[2025-05-02T19:51:39.029+0000] {processor.py:830} INFO - Processing file /home/airflow/.local/lib/python3.12/site-packages/airflow/example_dags/example_task_group.py for tasks to queue
[2025-05-02T19:51:39.033+0000] {logging_mixin.py:188} INFO - [2025-05-02T19:51:39.032+0000] {dagbag.py:540} INFO - Filling up the DagBag from /home/airflow/.local/lib/python3.12/site-packages/airflow/example_dags/example_task_group.py
[2025-05-02T19:51:39.055+0000] {processor.py:840} INFO - DAG(s) 'example_task_group' retrieved from /home/airflow/.local/lib/python3.12/site-packages/airflow/example_dags/example_task_group.py
[2025-05-02T19:51:39.110+0000] {logging_mixin.py:188} INFO - [2025-05-02T19:51:39.110+0000] {dag.py:3096} INFO - Sync 1 DAGs
[2025-05-02T19:51:39.196+0000] {logging_mixin.py:188} INFO - [2025-05-02T19:51:39.191+0000] {dag.py:3954} INFO - Setting next_dagrun for example_task_group to 2025-05-01 00:00:00+00:00, run_after=2025-05-02 00:00:00+00:00
[2025-05-02T19:51:39.712+0000] {processor.py:183} INFO - Processing /home/airflow/.local/lib/python3.12/site-packages/airflow/example_dags/example_task_group.py took 0.704 seconds
[2025-05-02T19:52:13.483+0000] {processor.py:161} INFO - Started process (PID=2778) to work on /home/airflow/.local/lib/python3.12/site-packages/airflow/example_dags/example_task_group.py
[2025-05-02T19:52:13.503+0000] {processor.py:830} INFO - Processing file /home/airflow/.local/lib/python3.12/site-packages/airflow/example_dags/example_task_group.py for tasks to queue
[2025-05-02T19:52:13.507+0000] {logging_mixin.py:188} INFO - [2025-05-02T19:52:13.506+0000] {dagbag.py:540} INFO - Filling up the DagBag from /home/airflow/.local/lib/python3.12/site-packages/airflow/example_dags/example_task_group.py
[2025-05-02T19:52:13.545+0000] {processor.py:840} INFO - DAG(s) 'example_task_group' retrieved from /home/airflow/.local/lib/python3.12/site-packages/airflow/example_dags/example_task_group.py
[2025-05-02T19:52:13.628+0000] {logging_mixin.py:188} INFO - [2025-05-02T19:52:13.627+0000] {dag.py:3096} INFO - Sync 1 DAGs
[2025-05-02T19:52:13.707+0000] {logging_mixin.py:188} INFO - [2025-05-02T19:52:13.702+0000] {dag.py:3954} INFO - Setting next_dagrun for example_task_group to 2025-05-01 00:00:00+00:00, run_after=2025-05-02 00:00:00+00:00
[2025-05-02T19:52:13.784+0000] {processor.py:183} INFO - Processing /home/airflow/.local/lib/python3.12/site-packages/airflow/example_dags/example_task_group.py took 0.318 seconds
[2025-05-02T19:52:46.364+0000] {processor.py:161} INFO - Started process (PID=2875) to work on /home/airflow/.local/lib/python3.12/site-packages/airflow/example_dags/example_task_group.py
[2025-05-02T19:52:46.366+0000] {processor.py:830} INFO - Processing file /home/airflow/.local/lib/python3.12/site-packages/airflow/example_dags/example_task_group.py for tasks to queue
[2025-05-02T19:52:46.369+0000] {logging_mixin.py:188} INFO - [2025-05-02T19:52:46.369+0000] {dagbag.py:540} INFO - Filling up the DagBag from /home/airflow/.local/lib/python3.12/site-packages/airflow/example_dags/example_task_group.py
[2025-05-02T19:52:46.381+0000] {processor.py:840} INFO - DAG(s) 'example_task_group' retrieved from /home/airflow/.local/lib/python3.12/site-packages/airflow/example_dags/example_task_group.py
[2025-05-02T19:52:46.411+0000] {logging_mixin.py:188} INFO - [2025-05-02T19:52:46.410+0000] {dag.py:3096} INFO - Sync 1 DAGs
[2025-05-02T19:52:46.434+0000] {logging_mixin.py:188} INFO - [2025-05-02T19:52:46.434+0000] {dag.py:3954} INFO - Setting next_dagrun for example_task_group to 2025-05-01 00:00:00+00:00, run_after=2025-05-02 00:00:00+00:00
[2025-05-02T19:52:46.457+0000] {processor.py:183} INFO - Processing /home/airflow/.local/lib/python3.12/site-packages/airflow/example_dags/example_task_group.py took 0.105 seconds
[2025-05-02T19:53:17.146+0000] {processor.py:161} INFO - Started process (PID=2988) to work on /home/airflow/.local/lib/python3.12/site-packages/airflow/example_dags/example_task_group.py
[2025-05-02T19:53:17.161+0000] {processor.py:830} INFO - Processing file /home/airflow/.local/lib/python3.12/site-packages/airflow/example_dags/example_task_group.py for tasks to queue
[2025-05-02T19:53:17.166+0000] {logging_mixin.py:188} INFO - [2025-05-02T19:53:17.165+0000] {dagbag.py:540} INFO - Filling up the DagBag from /home/airflow/.local/lib/python3.12/site-packages/airflow/example_dags/example_task_group.py
[2025-05-02T19:53:17.195+0000] {processor.py:840} INFO - DAG(s) 'example_task_group' retrieved from /home/airflow/.local/lib/python3.12/site-packages/airflow/example_dags/example_task_group.py
[2025-05-02T19:53:17.273+0000] {logging_mixin.py:188} INFO - [2025-05-02T19:53:17.272+0000] {dag.py:3096} INFO - Sync 1 DAGs
[2025-05-02T19:53:17.354+0000] {logging_mixin.py:188} INFO - [2025-05-02T19:53:17.353+0000] {dag.py:3954} INFO - Setting next_dagrun for example_task_group to 2025-05-01 00:00:00+00:00, run_after=2025-05-02 00:00:00+00:00
[2025-05-02T19:53:17.537+0000] {processor.py:183} INFO - Processing /home/airflow/.local/lib/python3.12/site-packages/airflow/example_dags/example_task_group.py took 0.412 seconds
[2025-05-02T19:53:47.919+0000] {processor.py:161} INFO - Started process (PID=3081) to work on /home/airflow/.local/lib/python3.12/site-packages/airflow/example_dags/example_task_group.py
[2025-05-02T19:53:47.921+0000] {processor.py:830} INFO - Processing file /home/airflow/.local/lib/python3.12/site-packages/airflow/example_dags/example_task_group.py for tasks to queue
[2025-05-02T19:53:47.925+0000] {logging_mixin.py:188} INFO - [2025-05-02T19:53:47.924+0000] {dagbag.py:540} INFO - Filling up the DagBag from /home/airflow/.local/lib/python3.12/site-packages/airflow/example_dags/example_task_group.py
[2025-05-02T19:53:47.951+0000] {processor.py:840} INFO - DAG(s) 'example_task_group' retrieved from /home/airflow/.local/lib/python3.12/site-packages/airflow/example_dags/example_task_group.py
[2025-05-02T19:53:48.097+0000] {logging_mixin.py:188} INFO - [2025-05-02T19:53:48.096+0000] {dag.py:3096} INFO - Sync 1 DAGs
[2025-05-02T19:53:48.172+0000] {logging_mixin.py:188} INFO - [2025-05-02T19:53:48.171+0000] {dag.py:3954} INFO - Setting next_dagrun for example_task_group to 2025-05-01 00:00:00+00:00, run_after=2025-05-02 00:00:00+00:00
[2025-05-02T19:53:48.247+0000] {processor.py:183} INFO - Processing /home/airflow/.local/lib/python3.12/site-packages/airflow/example_dags/example_task_group.py took 0.352 seconds
[2025-05-02T19:54:18.821+0000] {processor.py:161} INFO - Started process (PID=3172) to work on /home/airflow/.local/lib/python3.12/site-packages/airflow/example_dags/example_task_group.py
[2025-05-02T19:54:18.833+0000] {processor.py:830} INFO - Processing file /home/airflow/.local/lib/python3.12/site-packages/airflow/example_dags/example_task_group.py for tasks to queue
[2025-05-02T19:54:18.838+0000] {logging_mixin.py:188} INFO - [2025-05-02T19:54:18.837+0000] {dagbag.py:540} INFO - Filling up the DagBag from /home/airflow/.local/lib/python3.12/site-packages/airflow/example_dags/example_task_group.py
[2025-05-02T19:54:18.854+0000] {processor.py:840} INFO - DAG(s) 'example_task_group' retrieved from /home/airflow/.local/lib/python3.12/site-packages/airflow/example_dags/example_task_group.py
[2025-05-02T19:54:18.910+0000] {logging_mixin.py:188} INFO - [2025-05-02T19:54:18.909+0000] {dag.py:3096} INFO - Sync 1 DAGs
[2025-05-02T19:54:18.961+0000] {logging_mixin.py:188} INFO - [2025-05-02T19:54:18.961+0000] {dag.py:3954} INFO - Setting next_dagrun for example_task_group to 2025-05-01 00:00:00+00:00, run_after=2025-05-02 00:00:00+00:00
[2025-05-02T19:54:19.004+0000] {processor.py:183} INFO - Processing /home/airflow/.local/lib/python3.12/site-packages/airflow/example_dags/example_task_group.py took 0.208 seconds
[2025-05-02T19:54:49.288+0000] {processor.py:161} INFO - Started process (PID=3263) to work on /home/airflow/.local/lib/python3.12/site-packages/airflow/example_dags/example_task_group.py
[2025-05-02T19:54:49.289+0000] {processor.py:830} INFO - Processing file /home/airflow/.local/lib/python3.12/site-packages/airflow/example_dags/example_task_group.py for tasks to queue
[2025-05-02T19:54:49.292+0000] {logging_mixin.py:188} INFO - [2025-05-02T19:54:49.292+0000] {dagbag.py:540} INFO - Filling up the DagBag from /home/airflow/.local/lib/python3.12/site-packages/airflow/example_dags/example_task_group.py
[2025-05-02T19:54:49.315+0000] {processor.py:840} INFO - DAG(s) 'example_task_group' retrieved from /home/airflow/.local/lib/python3.12/site-packages/airflow/example_dags/example_task_group.py
[2025-05-02T19:54:49.373+0000] {logging_mixin.py:188} INFO - [2025-05-02T19:54:49.373+0000] {dag.py:3096} INFO - Sync 1 DAGs
[2025-05-02T19:54:49.437+0000] {logging_mixin.py:188} INFO - [2025-05-02T19:54:49.437+0000] {dag.py:3954} INFO - Setting next_dagrun for example_task_group to 2025-05-01 00:00:00+00:00, run_after=2025-05-02 00:00:00+00:00
[2025-05-02T19:54:49.492+0000] {processor.py:183} INFO - Processing /home/airflow/.local/lib/python3.12/site-packages/airflow/example_dags/example_task_group.py took 0.219 seconds
[2025-05-02T19:55:19.772+0000] {processor.py:161} INFO - Started process (PID=3358) to work on /home/airflow/.local/lib/python3.12/site-packages/airflow/example_dags/example_task_group.py
[2025-05-02T19:55:19.775+0000] {processor.py:830} INFO - Processing file /home/airflow/.local/lib/python3.12/site-packages/airflow/example_dags/example_task_group.py for tasks to queue
[2025-05-02T19:55:19.791+0000] {logging_mixin.py:188} INFO - [2025-05-02T19:55:19.790+0000] {dagbag.py:540} INFO - Filling up the DagBag from /home/airflow/.local/lib/python3.12/site-packages/airflow/example_dags/example_task_group.py
[2025-05-02T19:55:19.820+0000] {processor.py:840} INFO - DAG(s) 'example_task_group' retrieved from /home/airflow/.local/lib/python3.12/site-packages/airflow/example_dags/example_task_group.py
[2025-05-02T19:55:19.880+0000] {logging_mixin.py:188} INFO - [2025-05-02T19:55:19.879+0000] {dag.py:3096} INFO - Sync 1 DAGs
[2025-05-02T19:55:19.941+0000] {logging_mixin.py:188} INFO - [2025-05-02T19:55:19.940+0000] {dag.py:3954} INFO - Setting next_dagrun for example_task_group to 2025-05-01 00:00:00+00:00, run_after=2025-05-02 00:00:00+00:00
[2025-05-02T19:55:19.993+0000] {processor.py:183} INFO - Processing /home/airflow/.local/lib/python3.12/site-packages/airflow/example_dags/example_task_group.py took 0.267 seconds
[2025-05-02T19:55:50.115+0000] {processor.py:161} INFO - Started process (PID=3458) to work on /home/airflow/.local/lib/python3.12/site-packages/airflow/example_dags/example_task_group.py
[2025-05-02T19:55:50.116+0000] {processor.py:830} INFO - Processing file /home/airflow/.local/lib/python3.12/site-packages/airflow/example_dags/example_task_group.py for tasks to queue
[2025-05-02T19:55:50.119+0000] {logging_mixin.py:188} INFO - [2025-05-02T19:55:50.119+0000] {dagbag.py:540} INFO - Filling up the DagBag from /home/airflow/.local/lib/python3.12/site-packages/airflow/example_dags/example_task_group.py
[2025-05-02T19:55:50.131+0000] {processor.py:840} INFO - DAG(s) 'example_task_group' retrieved from /home/airflow/.local/lib/python3.12/site-packages/airflow/example_dags/example_task_group.py
[2025-05-02T19:55:50.169+0000] {logging_mixin.py:188} INFO - [2025-05-02T19:55:50.168+0000] {dag.py:3096} INFO - Sync 1 DAGs
[2025-05-02T19:55:50.213+0000] {logging_mixin.py:188} INFO - [2025-05-02T19:55:50.213+0000] {dag.py:3954} INFO - Setting next_dagrun for example_task_group to 2025-05-01 00:00:00+00:00, run_after=2025-05-02 00:00:00+00:00
[2025-05-02T19:55:50.274+0000] {processor.py:183} INFO - Processing /home/airflow/.local/lib/python3.12/site-packages/airflow/example_dags/example_task_group.py took 0.170 seconds
[2025-05-02T19:56:21.276+0000] {processor.py:161} INFO - Started process (PID=3558) to work on /home/airflow/.local/lib/python3.12/site-packages/airflow/example_dags/example_task_group.py
[2025-05-02T19:56:21.277+0000] {processor.py:830} INFO - Processing file /home/airflow/.local/lib/python3.12/site-packages/airflow/example_dags/example_task_group.py for tasks to queue
[2025-05-02T19:56:21.278+0000] {logging_mixin.py:188} INFO - [2025-05-02T19:56:21.278+0000] {dagbag.py:540} INFO - Filling up the DagBag from /home/airflow/.local/lib/python3.12/site-packages/airflow/example_dags/example_task_group.py
[2025-05-02T19:56:21.286+0000] {processor.py:840} INFO - DAG(s) 'example_task_group' retrieved from /home/airflow/.local/lib/python3.12/site-packages/airflow/example_dags/example_task_group.py
[2025-05-02T19:56:21.305+0000] {logging_mixin.py:188} INFO - [2025-05-02T19:56:21.305+0000] {dag.py:3096} INFO - Sync 1 DAGs
[2025-05-02T19:56:21.324+0000] {logging_mixin.py:188} INFO - [2025-05-02T19:56:21.324+0000] {dag.py:3954} INFO - Setting next_dagrun for example_task_group to 2025-05-01 00:00:00+00:00, run_after=2025-05-02 00:00:00+00:00
[2025-05-02T19:56:21.345+0000] {processor.py:183} INFO - Processing /home/airflow/.local/lib/python3.12/site-packages/airflow/example_dags/example_task_group.py took 0.074 seconds
[2025-05-02T19:56:53.480+0000] {processor.py:161} INFO - Started process (PID=3662) to work on /home/airflow/.local/lib/python3.12/site-packages/airflow/example_dags/example_task_group.py
[2025-05-02T19:56:53.481+0000] {processor.py:830} INFO - Processing file /home/airflow/.local/lib/python3.12/site-packages/airflow/example_dags/example_task_group.py for tasks to queue
[2025-05-02T19:56:53.485+0000] {logging_mixin.py:188} INFO - [2025-05-02T19:56:53.484+0000] {dagbag.py:540} INFO - Filling up the DagBag from /home/airflow/.local/lib/python3.12/site-packages/airflow/example_dags/example_task_group.py
[2025-05-02T19:56:53.500+0000] {processor.py:840} INFO - DAG(s) 'example_task_group' retrieved from /home/airflow/.local/lib/python3.12/site-packages/airflow/example_dags/example_task_group.py
[2025-05-02T19:56:53.543+0000] {logging_mixin.py:188} INFO - [2025-05-02T19:56:53.543+0000] {dag.py:3096} INFO - Sync 1 DAGs
[2025-05-02T19:56:53.592+0000] {logging_mixin.py:188} INFO - [2025-05-02T19:56:53.592+0000] {dag.py:3954} INFO - Setting next_dagrun for example_task_group to 2025-05-01 00:00:00+00:00, run_after=2025-05-02 00:00:00+00:00
[2025-05-02T19:56:53.624+0000] {processor.py:183} INFO - Processing /home/airflow/.local/lib/python3.12/site-packages/airflow/example_dags/example_task_group.py took 0.156 seconds
[2025-05-02T19:57:27.028+0000] {processor.py:161} INFO - Started process (PID=3764) to work on /home/airflow/.local/lib/python3.12/site-packages/airflow/example_dags/example_task_group.py
[2025-05-02T19:57:27.034+0000] {processor.py:830} INFO - Processing file /home/airflow/.local/lib/python3.12/site-packages/airflow/example_dags/example_task_group.py for tasks to queue
[2025-05-02T19:57:27.039+0000] {logging_mixin.py:188} INFO - [2025-05-02T19:57:27.038+0000] {dagbag.py:540} INFO - Filling up the DagBag from /home/airflow/.local/lib/python3.12/site-packages/airflow/example_dags/example_task_group.py
[2025-05-02T19:57:27.087+0000] {processor.py:840} INFO - DAG(s) 'example_task_group' retrieved from /home/airflow/.local/lib/python3.12/site-packages/airflow/example_dags/example_task_group.py
[2025-05-02T19:57:27.200+0000] {logging_mixin.py:188} INFO - [2025-05-02T19:57:27.200+0000] {dag.py:3096} INFO - Sync 1 DAGs
[2025-05-02T19:57:27.257+0000] {logging_mixin.py:188} INFO - [2025-05-02T19:57:27.256+0000] {dag.py:3954} INFO - Setting next_dagrun for example_task_group to 2025-05-01 00:00:00+00:00, run_after=2025-05-02 00:00:00+00:00
[2025-05-02T19:57:27.328+0000] {processor.py:183} INFO - Processing /home/airflow/.local/lib/python3.12/site-packages/airflow/example_dags/example_task_group.py took 0.313 seconds
[2025-05-02T19:57:58.704+0000] {processor.py:161} INFO - Started process (PID=3850) to work on /home/airflow/.local/lib/python3.12/site-packages/airflow/example_dags/example_task_group.py
[2025-05-02T19:57:58.705+0000] {processor.py:830} INFO - Processing file /home/airflow/.local/lib/python3.12/site-packages/airflow/example_dags/example_task_group.py for tasks to queue
[2025-05-02T19:57:58.710+0000] {logging_mixin.py:188} INFO - [2025-05-02T19:57:58.709+0000] {dagbag.py:540} INFO - Filling up the DagBag from /home/airflow/.local/lib/python3.12/site-packages/airflow/example_dags/example_task_group.py
[2025-05-02T19:57:58.729+0000] {processor.py:840} INFO - DAG(s) 'example_task_group' retrieved from /home/airflow/.local/lib/python3.12/site-packages/airflow/example_dags/example_task_group.py
[2025-05-02T19:57:58.793+0000] {logging_mixin.py:188} INFO - [2025-05-02T19:57:58.792+0000] {dag.py:3096} INFO - Sync 1 DAGs
[2025-05-02T19:57:58.842+0000] {logging_mixin.py:188} INFO - [2025-05-02T19:57:58.842+0000] {dag.py:3954} INFO - Setting next_dagrun for example_task_group to 2025-05-01 00:00:00+00:00, run_after=2025-05-02 00:00:00+00:00
[2025-05-02T19:57:58.919+0000] {processor.py:183} INFO - Processing /home/airflow/.local/lib/python3.12/site-packages/airflow/example_dags/example_task_group.py took 0.233 seconds
