[2025-05-02T19:33:07.366+0000] {processor.py:161} INFO - Started process (PID=82) to work on /home/airflow/.local/lib/python3.12/site-packages/airflow/example_dags/example_sla_dag.py
[2025-05-02T19:33:07.367+0000] {processor.py:830} INFO - Processing file /home/airflow/.local/lib/python3.12/site-packages/airflow/example_dags/example_sla_dag.py for tasks to queue
[2025-05-02T19:33:07.371+0000] {logging_mixin.py:188} INFO - [2025-05-02T19:33:07.370+0000] {dagbag.py:540} INFO - Filling up the DagBag from /home/airflow/.local/lib/python3.12/site-packages/airflow/example_dags/example_sla_dag.py
[2025-05-02T19:33:07.387+0000] {processor.py:840} INFO - DAG(s) 'example_sla_dag' retrieved from /home/airflow/.local/lib/python3.12/site-packages/airflow/example_dags/example_sla_dag.py
[2025-05-02T19:33:07.404+0000] {logging_mixin.py:188} INFO - [2025-05-02T19:33:07.404+0000] {dag.py:3096} INFO - Sync 1 DAGs
[2025-05-02T19:33:07.444+0000] {logging_mixin.py:188} INFO - [2025-05-02T19:33:07.444+0000] {dag.py:3954} INFO - Setting next_dagrun for example_sla_dag to 2025-05-02 19:30:00+00:00, run_after=2025-05-02 19:32:00+00:00
[2025-05-02T19:33:07.467+0000] {processor.py:183} INFO - Processing /home/airflow/.local/lib/python3.12/site-packages/airflow/example_dags/example_sla_dag.py took 0.110 seconds
[2025-05-02T19:33:37.817+0000] {processor.py:161} INFO - Started process (PID=134) to work on /home/airflow/.local/lib/python3.12/site-packages/airflow/example_dags/example_sla_dag.py
[2025-05-02T19:33:37.818+0000] {processor.py:830} INFO - Processing file /home/airflow/.local/lib/python3.12/site-packages/airflow/example_dags/example_sla_dag.py for tasks to queue
[2025-05-02T19:33:37.819+0000] {logging_mixin.py:188} INFO - [2025-05-02T19:33:37.819+0000] {dagbag.py:540} INFO - Filling up the DagBag from /home/airflow/.local/lib/python3.12/site-packages/airflow/example_dags/example_sla_dag.py
[2025-05-02T19:33:37.825+0000] {processor.py:840} INFO - DAG(s) 'example_sla_dag' retrieved from /home/airflow/.local/lib/python3.12/site-packages/airflow/example_dags/example_sla_dag.py
[2025-05-02T19:33:37.904+0000] {logging_mixin.py:188} INFO - [2025-05-02T19:33:37.904+0000] {dag.py:3096} INFO - Sync 1 DAGs
[2025-05-02T19:33:37.928+0000] {logging_mixin.py:188} INFO - [2025-05-02T19:33:37.928+0000] {dag.py:3954} INFO - Setting next_dagrun for example_sla_dag to 2025-05-02 19:30:00+00:00, run_after=2025-05-02 19:32:00+00:00
[2025-05-02T19:33:37.946+0000] {processor.py:183} INFO - Processing /home/airflow/.local/lib/python3.12/site-packages/airflow/example_dags/example_sla_dag.py took 0.133 seconds
[2025-05-02T19:34:08.012+0000] {processor.py:161} INFO - Started process (PID=192) to work on /home/airflow/.local/lib/python3.12/site-packages/airflow/example_dags/example_sla_dag.py
[2025-05-02T19:34:08.013+0000] {processor.py:830} INFO - Processing file /home/airflow/.local/lib/python3.12/site-packages/airflow/example_dags/example_sla_dag.py for tasks to queue
[2025-05-02T19:34:08.014+0000] {logging_mixin.py:188} INFO - [2025-05-02T19:34:08.014+0000] {dagbag.py:540} INFO - Filling up the DagBag from /home/airflow/.local/lib/python3.12/site-packages/airflow/example_dags/example_sla_dag.py
[2025-05-02T19:34:08.020+0000] {processor.py:840} INFO - DAG(s) 'example_sla_dag' retrieved from /home/airflow/.local/lib/python3.12/site-packages/airflow/example_dags/example_sla_dag.py
[2025-05-02T19:34:08.036+0000] {logging_mixin.py:188} INFO - [2025-05-02T19:34:08.036+0000] {dag.py:3096} INFO - Sync 1 DAGs
[2025-05-02T19:34:08.055+0000] {logging_mixin.py:188} INFO - [2025-05-02T19:34:08.054+0000] {dag.py:3954} INFO - Setting next_dagrun for example_sla_dag to 2025-05-02 19:32:00+00:00, run_after=2025-05-02 19:34:00+00:00
[2025-05-02T19:34:08.070+0000] {processor.py:183} INFO - Processing /home/airflow/.local/lib/python3.12/site-packages/airflow/example_dags/example_sla_dag.py took 0.062 seconds
[2025-05-02T19:34:39.401+0000] {processor.py:161} INFO - Started process (PID=250) to work on /home/airflow/.local/lib/python3.12/site-packages/airflow/example_dags/example_sla_dag.py
[2025-05-02T19:34:39.403+0000] {processor.py:830} INFO - Processing file /home/airflow/.local/lib/python3.12/site-packages/airflow/example_dags/example_sla_dag.py for tasks to queue
[2025-05-02T19:34:39.404+0000] {logging_mixin.py:188} INFO - [2025-05-02T19:34:39.404+0000] {dagbag.py:540} INFO - Filling up the DagBag from /home/airflow/.local/lib/python3.12/site-packages/airflow/example_dags/example_sla_dag.py
[2025-05-02T19:34:39.414+0000] {processor.py:840} INFO - DAG(s) 'example_sla_dag' retrieved from /home/airflow/.local/lib/python3.12/site-packages/airflow/example_dags/example_sla_dag.py
[2025-05-02T19:34:39.434+0000] {logging_mixin.py:188} INFO - [2025-05-02T19:34:39.433+0000] {dag.py:3096} INFO - Sync 1 DAGs
[2025-05-02T19:34:39.468+0000] {logging_mixin.py:188} INFO - [2025-05-02T19:34:39.468+0000] {dag.py:3954} INFO - Setting next_dagrun for example_sla_dag to 2025-05-02 19:32:00+00:00, run_after=2025-05-02 19:34:00+00:00
[2025-05-02T19:34:39.489+0000] {processor.py:183} INFO - Processing /home/airflow/.local/lib/python3.12/site-packages/airflow/example_dags/example_sla_dag.py took 0.093 seconds
[2025-05-02T19:35:10.036+0000] {processor.py:161} INFO - Started process (PID=308) to work on /home/airflow/.local/lib/python3.12/site-packages/airflow/example_dags/example_sla_dag.py
[2025-05-02T19:35:10.037+0000] {processor.py:830} INFO - Processing file /home/airflow/.local/lib/python3.12/site-packages/airflow/example_dags/example_sla_dag.py for tasks to queue
[2025-05-02T19:35:12.921+0000] {logging_mixin.py:188} INFO - [2025-05-02T19:35:12.920+0000] {dagbag.py:540} INFO - Filling up the DagBag from /home/airflow/.local/lib/python3.12/site-packages/airflow/example_dags/example_sla_dag.py
[2025-05-02T19:35:12.927+0000] {processor.py:840} INFO - DAG(s) 'example_sla_dag' retrieved from /home/airflow/.local/lib/python3.12/site-packages/airflow/example_dags/example_sla_dag.py
[2025-05-02T19:35:12.944+0000] {logging_mixin.py:188} INFO - [2025-05-02T19:35:12.944+0000] {dag.py:3096} INFO - Sync 1 DAGs
[2025-05-02T19:35:12.964+0000] {logging_mixin.py:188} INFO - [2025-05-02T19:35:12.964+0000] {dag.py:3954} INFO - Setting next_dagrun for example_sla_dag to 2025-05-02 19:32:00+00:00, run_after=2025-05-02 19:34:00+00:00
[2025-05-02T19:35:12.979+0000] {processor.py:183} INFO - Processing /home/airflow/.local/lib/python3.12/site-packages/airflow/example_dags/example_sla_dag.py took 0.066 seconds
[2025-05-02T19:35:43.429+0000] {processor.py:161} INFO - Started process (PID=366) to work on /home/airflow/.local/lib/python3.12/site-packages/airflow/example_dags/example_sla_dag.py
[2025-05-02T19:35:43.430+0000] {processor.py:830} INFO - Processing file /home/airflow/.local/lib/python3.12/site-packages/airflow/example_dags/example_sla_dag.py for tasks to queue
[2025-05-02T19:35:43.432+0000] {logging_mixin.py:188} INFO - [2025-05-02T19:35:43.431+0000] {dagbag.py:540} INFO - Filling up the DagBag from /home/airflow/.local/lib/python3.12/site-packages/airflow/example_dags/example_sla_dag.py
[2025-05-02T19:35:43.448+0000] {processor.py:840} INFO - DAG(s) 'example_sla_dag' retrieved from /home/airflow/.local/lib/python3.12/site-packages/airflow/example_dags/example_sla_dag.py
[2025-05-02T19:35:43.479+0000] {logging_mixin.py:188} INFO - [2025-05-02T19:35:43.479+0000] {dag.py:3096} INFO - Sync 1 DAGs
[2025-05-02T19:35:43.536+0000] {logging_mixin.py:188} INFO - [2025-05-02T19:35:43.536+0000] {dag.py:3954} INFO - Setting next_dagrun for example_sla_dag to 2025-05-02 19:32:00+00:00, run_after=2025-05-02 19:34:00+00:00
[2025-05-02T19:35:43.563+0000] {processor.py:183} INFO - Processing /home/airflow/.local/lib/python3.12/site-packages/airflow/example_dags/example_sla_dag.py took 0.141 seconds
[2025-05-02T19:36:13.895+0000] {processor.py:161} INFO - Started process (PID=424) to work on /home/airflow/.local/lib/python3.12/site-packages/airflow/example_dags/example_sla_dag.py
[2025-05-02T19:36:13.897+0000] {processor.py:830} INFO - Processing file /home/airflow/.local/lib/python3.12/site-packages/airflow/example_dags/example_sla_dag.py for tasks to queue
[2025-05-02T19:36:13.899+0000] {logging_mixin.py:188} INFO - [2025-05-02T19:36:13.899+0000] {dagbag.py:540} INFO - Filling up the DagBag from /home/airflow/.local/lib/python3.12/site-packages/airflow/example_dags/example_sla_dag.py
[2025-05-02T19:36:13.906+0000] {processor.py:840} INFO - DAG(s) 'example_sla_dag' retrieved from /home/airflow/.local/lib/python3.12/site-packages/airflow/example_dags/example_sla_dag.py
[2025-05-02T19:36:13.925+0000] {logging_mixin.py:188} INFO - [2025-05-02T19:36:13.925+0000] {dag.py:3096} INFO - Sync 1 DAGs
[2025-05-02T19:36:13.945+0000] {logging_mixin.py:188} INFO - [2025-05-02T19:36:13.945+0000] {dag.py:3954} INFO - Setting next_dagrun for example_sla_dag to 2025-05-02 19:34:00+00:00, run_after=2025-05-02 19:36:00+00:00
[2025-05-02T19:36:13.963+0000] {processor.py:183} INFO - Processing /home/airflow/.local/lib/python3.12/site-packages/airflow/example_dags/example_sla_dag.py took 0.074 seconds
[2025-05-02T19:36:44.411+0000] {processor.py:161} INFO - Started process (PID=482) to work on /home/airflow/.local/lib/python3.12/site-packages/airflow/example_dags/example_sla_dag.py
[2025-05-02T19:36:44.412+0000] {processor.py:830} INFO - Processing file /home/airflow/.local/lib/python3.12/site-packages/airflow/example_dags/example_sla_dag.py for tasks to queue
[2025-05-02T19:36:44.414+0000] {logging_mixin.py:188} INFO - [2025-05-02T19:36:44.413+0000] {dagbag.py:540} INFO - Filling up the DagBag from /home/airflow/.local/lib/python3.12/site-packages/airflow/example_dags/example_sla_dag.py
[2025-05-02T19:36:44.421+0000] {processor.py:840} INFO - DAG(s) 'example_sla_dag' retrieved from /home/airflow/.local/lib/python3.12/site-packages/airflow/example_dags/example_sla_dag.py
[2025-05-02T19:36:44.436+0000] {logging_mixin.py:188} INFO - [2025-05-02T19:36:44.436+0000] {dag.py:3096} INFO - Sync 1 DAGs
[2025-05-02T19:36:44.454+0000] {logging_mixin.py:188} INFO - [2025-05-02T19:36:44.453+0000] {dag.py:3954} INFO - Setting next_dagrun for example_sla_dag to 2025-05-02 19:34:00+00:00, run_after=2025-05-02 19:36:00+00:00
[2025-05-02T19:36:44.470+0000] {processor.py:183} INFO - Processing /home/airflow/.local/lib/python3.12/site-packages/airflow/example_dags/example_sla_dag.py took 0.065 seconds
[2025-05-02T19:37:14.654+0000] {processor.py:161} INFO - Started process (PID=540) to work on /home/airflow/.local/lib/python3.12/site-packages/airflow/example_dags/example_sla_dag.py
[2025-05-02T19:37:14.655+0000] {processor.py:830} INFO - Processing file /home/airflow/.local/lib/python3.12/site-packages/airflow/example_dags/example_sla_dag.py for tasks to queue
[2025-05-02T19:37:14.657+0000] {logging_mixin.py:188} INFO - [2025-05-02T19:37:14.657+0000] {dagbag.py:540} INFO - Filling up the DagBag from /home/airflow/.local/lib/python3.12/site-packages/airflow/example_dags/example_sla_dag.py
[2025-05-02T19:37:14.663+0000] {processor.py:840} INFO - DAG(s) 'example_sla_dag' retrieved from /home/airflow/.local/lib/python3.12/site-packages/airflow/example_dags/example_sla_dag.py
[2025-05-02T19:37:14.679+0000] {logging_mixin.py:188} INFO - [2025-05-02T19:37:14.679+0000] {dag.py:3096} INFO - Sync 1 DAGs
[2025-05-02T19:37:14.696+0000] {logging_mixin.py:188} INFO - [2025-05-02T19:37:14.696+0000] {dag.py:3954} INFO - Setting next_dagrun for example_sla_dag to 2025-05-02 19:34:00+00:00, run_after=2025-05-02 19:36:00+00:00
[2025-05-02T19:37:14.712+0000] {processor.py:183} INFO - Processing /home/airflow/.local/lib/python3.12/site-packages/airflow/example_dags/example_sla_dag.py took 0.063 seconds
[2025-05-02T19:37:45.228+0000] {processor.py:161} INFO - Started process (PID=598) to work on /home/airflow/.local/lib/python3.12/site-packages/airflow/example_dags/example_sla_dag.py
[2025-05-02T19:37:45.230+0000] {processor.py:830} INFO - Processing file /home/airflow/.local/lib/python3.12/site-packages/airflow/example_dags/example_sla_dag.py for tasks to queue
[2025-05-02T19:37:45.233+0000] {logging_mixin.py:188} INFO - [2025-05-02T19:37:45.232+0000] {dagbag.py:540} INFO - Filling up the DagBag from /home/airflow/.local/lib/python3.12/site-packages/airflow/example_dags/example_sla_dag.py
[2025-05-02T19:37:45.243+0000] {processor.py:840} INFO - DAG(s) 'example_sla_dag' retrieved from /home/airflow/.local/lib/python3.12/site-packages/airflow/example_dags/example_sla_dag.py
[2025-05-02T19:37:45.260+0000] {logging_mixin.py:188} INFO - [2025-05-02T19:37:45.260+0000] {dag.py:3096} INFO - Sync 1 DAGs
[2025-05-02T19:37:45.277+0000] {logging_mixin.py:188} INFO - [2025-05-02T19:37:45.277+0000] {dag.py:3954} INFO - Setting next_dagrun for example_sla_dag to 2025-05-02 19:34:00+00:00, run_after=2025-05-02 19:36:00+00:00
[2025-05-02T19:37:45.292+0000] {processor.py:183} INFO - Processing /home/airflow/.local/lib/python3.12/site-packages/airflow/example_dags/example_sla_dag.py took 0.071 seconds
[2025-05-02T19:38:15.544+0000] {processor.py:161} INFO - Started process (PID=656) to work on /home/airflow/.local/lib/python3.12/site-packages/airflow/example_dags/example_sla_dag.py
[2025-05-02T19:38:15.546+0000] {processor.py:830} INFO - Processing file /home/airflow/.local/lib/python3.12/site-packages/airflow/example_dags/example_sla_dag.py for tasks to queue
[2025-05-02T19:38:15.548+0000] {logging_mixin.py:188} INFO - [2025-05-02T19:38:15.548+0000] {dagbag.py:540} INFO - Filling up the DagBag from /home/airflow/.local/lib/python3.12/site-packages/airflow/example_dags/example_sla_dag.py
[2025-05-02T19:38:15.559+0000] {processor.py:840} INFO - DAG(s) 'example_sla_dag' retrieved from /home/airflow/.local/lib/python3.12/site-packages/airflow/example_dags/example_sla_dag.py
[2025-05-02T19:38:15.577+0000] {logging_mixin.py:188} INFO - [2025-05-02T19:38:15.577+0000] {dag.py:3096} INFO - Sync 1 DAGs
[2025-05-02T19:38:15.596+0000] {logging_mixin.py:188} INFO - [2025-05-02T19:38:15.596+0000] {dag.py:3954} INFO - Setting next_dagrun for example_sla_dag to 2025-05-02 19:36:00+00:00, run_after=2025-05-02 19:38:00+00:00
[2025-05-02T19:38:15.613+0000] {processor.py:183} INFO - Processing /home/airflow/.local/lib/python3.12/site-packages/airflow/example_dags/example_sla_dag.py took 0.075 seconds
[2025-05-02T19:38:46.025+0000] {processor.py:161} INFO - Started process (PID=714) to work on /home/airflow/.local/lib/python3.12/site-packages/airflow/example_dags/example_sla_dag.py
[2025-05-02T19:38:46.026+0000] {processor.py:830} INFO - Processing file /home/airflow/.local/lib/python3.12/site-packages/airflow/example_dags/example_sla_dag.py for tasks to queue
[2025-05-02T19:38:46.028+0000] {logging_mixin.py:188} INFO - [2025-05-02T19:38:46.028+0000] {dagbag.py:540} INFO - Filling up the DagBag from /home/airflow/.local/lib/python3.12/site-packages/airflow/example_dags/example_sla_dag.py
[2025-05-02T19:38:46.037+0000] {processor.py:840} INFO - DAG(s) 'example_sla_dag' retrieved from /home/airflow/.local/lib/python3.12/site-packages/airflow/example_dags/example_sla_dag.py
[2025-05-02T19:38:46.057+0000] {logging_mixin.py:188} INFO - [2025-05-02T19:38:46.056+0000] {dag.py:3096} INFO - Sync 1 DAGs
[2025-05-02T19:38:46.079+0000] {logging_mixin.py:188} INFO - [2025-05-02T19:38:46.079+0000] {dag.py:3954} INFO - Setting next_dagrun for example_sla_dag to 2025-05-02 19:36:00+00:00, run_after=2025-05-02 19:38:00+00:00
[2025-05-02T19:38:46.101+0000] {processor.py:183} INFO - Processing /home/airflow/.local/lib/python3.12/site-packages/airflow/example_dags/example_sla_dag.py took 0.082 seconds
[2025-05-02T19:39:18.467+0000] {processor.py:161} INFO - Started process (PID=772) to work on /home/airflow/.local/lib/python3.12/site-packages/airflow/example_dags/example_sla_dag.py
[2025-05-02T19:39:18.468+0000] {processor.py:830} INFO - Processing file /home/airflow/.local/lib/python3.12/site-packages/airflow/example_dags/example_sla_dag.py for tasks to queue
[2025-05-02T19:39:18.470+0000] {logging_mixin.py:188} INFO - [2025-05-02T19:39:18.469+0000] {dagbag.py:540} INFO - Filling up the DagBag from /home/airflow/.local/lib/python3.12/site-packages/airflow/example_dags/example_sla_dag.py
[2025-05-02T19:39:18.478+0000] {processor.py:840} INFO - DAG(s) 'example_sla_dag' retrieved from /home/airflow/.local/lib/python3.12/site-packages/airflow/example_dags/example_sla_dag.py
[2025-05-02T19:39:18.496+0000] {logging_mixin.py:188} INFO - [2025-05-02T19:39:18.496+0000] {dag.py:3096} INFO - Sync 1 DAGs
[2025-05-02T19:39:18.516+0000] {logging_mixin.py:188} INFO - [2025-05-02T19:39:18.516+0000] {dag.py:3954} INFO - Setting next_dagrun for example_sla_dag to 2025-05-02 19:36:00+00:00, run_after=2025-05-02 19:38:00+00:00
[2025-05-02T19:39:18.531+0000] {processor.py:183} INFO - Processing /home/airflow/.local/lib/python3.12/site-packages/airflow/example_dags/example_sla_dag.py took 0.068 seconds
[2025-05-02T19:39:49.111+0000] {processor.py:161} INFO - Started process (PID=830) to work on /home/airflow/.local/lib/python3.12/site-packages/airflow/example_dags/example_sla_dag.py
[2025-05-02T19:39:49.112+0000] {processor.py:830} INFO - Processing file /home/airflow/.local/lib/python3.12/site-packages/airflow/example_dags/example_sla_dag.py for tasks to queue
[2025-05-02T19:39:49.115+0000] {logging_mixin.py:188} INFO - [2025-05-02T19:39:49.115+0000] {dagbag.py:540} INFO - Filling up the DagBag from /home/airflow/.local/lib/python3.12/site-packages/airflow/example_dags/example_sla_dag.py
[2025-05-02T19:39:49.126+0000] {processor.py:840} INFO - DAG(s) 'example_sla_dag' retrieved from /home/airflow/.local/lib/python3.12/site-packages/airflow/example_dags/example_sla_dag.py
[2025-05-02T19:39:49.146+0000] {logging_mixin.py:188} INFO - [2025-05-02T19:39:49.146+0000] {dag.py:3096} INFO - Sync 1 DAGs
[2025-05-02T19:39:49.167+0000] {logging_mixin.py:188} INFO - [2025-05-02T19:39:49.167+0000] {dag.py:3954} INFO - Setting next_dagrun for example_sla_dag to 2025-05-02 19:36:00+00:00, run_after=2025-05-02 19:38:00+00:00
[2025-05-02T19:39:49.188+0000] {processor.py:183} INFO - Processing /home/airflow/.local/lib/python3.12/site-packages/airflow/example_dags/example_sla_dag.py took 0.082 seconds
[2025-05-02T19:40:19.821+0000] {processor.py:161} INFO - Started process (PID=888) to work on /home/airflow/.local/lib/python3.12/site-packages/airflow/example_dags/example_sla_dag.py
[2025-05-02T19:40:19.822+0000] {processor.py:830} INFO - Processing file /home/airflow/.local/lib/python3.12/site-packages/airflow/example_dags/example_sla_dag.py for tasks to queue
[2025-05-02T19:40:19.823+0000] {logging_mixin.py:188} INFO - [2025-05-02T19:40:19.823+0000] {dagbag.py:540} INFO - Filling up the DagBag from /home/airflow/.local/lib/python3.12/site-packages/airflow/example_dags/example_sla_dag.py
[2025-05-02T19:40:19.831+0000] {processor.py:840} INFO - DAG(s) 'example_sla_dag' retrieved from /home/airflow/.local/lib/python3.12/site-packages/airflow/example_dags/example_sla_dag.py
[2025-05-02T19:40:19.846+0000] {logging_mixin.py:188} INFO - [2025-05-02T19:40:19.845+0000] {dag.py:3096} INFO - Sync 1 DAGs
[2025-05-02T19:40:19.864+0000] {logging_mixin.py:188} INFO - [2025-05-02T19:40:19.864+0000] {dag.py:3954} INFO - Setting next_dagrun for example_sla_dag to 2025-05-02 19:38:00+00:00, run_after=2025-05-02 19:40:00+00:00
[2025-05-02T19:40:19.878+0000] {processor.py:183} INFO - Processing /home/airflow/.local/lib/python3.12/site-packages/airflow/example_dags/example_sla_dag.py took 0.064 seconds
[2025-05-02T19:40:50.300+0000] {processor.py:161} INFO - Started process (PID=946) to work on /home/airflow/.local/lib/python3.12/site-packages/airflow/example_dags/example_sla_dag.py
[2025-05-02T19:40:50.301+0000] {processor.py:830} INFO - Processing file /home/airflow/.local/lib/python3.12/site-packages/airflow/example_dags/example_sla_dag.py for tasks to queue
[2025-05-02T19:40:50.303+0000] {logging_mixin.py:188} INFO - [2025-05-02T19:40:50.302+0000] {dagbag.py:540} INFO - Filling up the DagBag from /home/airflow/.local/lib/python3.12/site-packages/airflow/example_dags/example_sla_dag.py
[2025-05-02T19:40:50.312+0000] {processor.py:840} INFO - DAG(s) 'example_sla_dag' retrieved from /home/airflow/.local/lib/python3.12/site-packages/airflow/example_dags/example_sla_dag.py
[2025-05-02T19:40:50.333+0000] {logging_mixin.py:188} INFO - [2025-05-02T19:40:50.333+0000] {dag.py:3096} INFO - Sync 1 DAGs
[2025-05-02T19:40:50.355+0000] {logging_mixin.py:188} INFO - [2025-05-02T19:40:50.355+0000] {dag.py:3954} INFO - Setting next_dagrun for example_sla_dag to 2025-05-02 19:38:00+00:00, run_after=2025-05-02 19:40:00+00:00
[2025-05-02T19:40:50.372+0000] {processor.py:183} INFO - Processing /home/airflow/.local/lib/python3.12/site-packages/airflow/example_dags/example_sla_dag.py took 0.078 seconds
[2025-05-02T19:41:20.851+0000] {processor.py:161} INFO - Started process (PID=1004) to work on /home/airflow/.local/lib/python3.12/site-packages/airflow/example_dags/example_sla_dag.py
[2025-05-02T19:41:20.852+0000] {processor.py:830} INFO - Processing file /home/airflow/.local/lib/python3.12/site-packages/airflow/example_dags/example_sla_dag.py for tasks to queue
[2025-05-02T19:41:20.853+0000] {logging_mixin.py:188} INFO - [2025-05-02T19:41:20.853+0000] {dagbag.py:540} INFO - Filling up the DagBag from /home/airflow/.local/lib/python3.12/site-packages/airflow/example_dags/example_sla_dag.py
[2025-05-02T19:41:20.862+0000] {processor.py:840} INFO - DAG(s) 'example_sla_dag' retrieved from /home/airflow/.local/lib/python3.12/site-packages/airflow/example_dags/example_sla_dag.py
[2025-05-02T19:41:20.880+0000] {logging_mixin.py:188} INFO - [2025-05-02T19:41:20.880+0000] {dag.py:3096} INFO - Sync 1 DAGs
[2025-05-02T19:41:20.899+0000] {logging_mixin.py:188} INFO - [2025-05-02T19:41:20.899+0000] {dag.py:3954} INFO - Setting next_dagrun for example_sla_dag to 2025-05-02 19:38:00+00:00, run_after=2025-05-02 19:40:00+00:00
[2025-05-02T19:41:20.915+0000] {processor.py:183} INFO - Processing /home/airflow/.local/lib/python3.12/site-packages/airflow/example_dags/example_sla_dag.py took 0.070 seconds
[2025-05-02T19:41:51.403+0000] {processor.py:161} INFO - Started process (PID=1062) to work on /home/airflow/.local/lib/python3.12/site-packages/airflow/example_dags/example_sla_dag.py
[2025-05-02T19:41:51.405+0000] {processor.py:830} INFO - Processing file /home/airflow/.local/lib/python3.12/site-packages/airflow/example_dags/example_sla_dag.py for tasks to queue
[2025-05-02T19:41:51.407+0000] {logging_mixin.py:188} INFO - [2025-05-02T19:41:51.407+0000] {dagbag.py:540} INFO - Filling up the DagBag from /home/airflow/.local/lib/python3.12/site-packages/airflow/example_dags/example_sla_dag.py
[2025-05-02T19:41:51.418+0000] {processor.py:840} INFO - DAG(s) 'example_sla_dag' retrieved from /home/airflow/.local/lib/python3.12/site-packages/airflow/example_dags/example_sla_dag.py
[2025-05-02T19:41:51.440+0000] {logging_mixin.py:188} INFO - [2025-05-02T19:41:51.440+0000] {dag.py:3096} INFO - Sync 1 DAGs
[2025-05-02T19:41:51.466+0000] {logging_mixin.py:188} INFO - [2025-05-02T19:41:51.466+0000] {dag.py:3954} INFO - Setting next_dagrun for example_sla_dag to 2025-05-02 19:38:00+00:00, run_after=2025-05-02 19:40:00+00:00
[2025-05-02T19:41:51.486+0000] {processor.py:183} INFO - Processing /home/airflow/.local/lib/python3.12/site-packages/airflow/example_dags/example_sla_dag.py took 0.089 seconds
[2025-05-02T19:42:22.011+0000] {processor.py:161} INFO - Started process (PID=1114) to work on /home/airflow/.local/lib/python3.12/site-packages/airflow/example_dags/example_sla_dag.py
[2025-05-02T19:42:22.012+0000] {processor.py:830} INFO - Processing file /home/airflow/.local/lib/python3.12/site-packages/airflow/example_dags/example_sla_dag.py for tasks to queue
[2025-05-02T19:42:22.014+0000] {logging_mixin.py:188} INFO - [2025-05-02T19:42:22.014+0000] {dagbag.py:540} INFO - Filling up the DagBag from /home/airflow/.local/lib/python3.12/site-packages/airflow/example_dags/example_sla_dag.py
[2025-05-02T19:42:22.020+0000] {processor.py:840} INFO - DAG(s) 'example_sla_dag' retrieved from /home/airflow/.local/lib/python3.12/site-packages/airflow/example_dags/example_sla_dag.py
[2025-05-02T19:42:22.037+0000] {logging_mixin.py:188} INFO - [2025-05-02T19:42:22.037+0000] {dag.py:3096} INFO - Sync 1 DAGs
[2025-05-02T19:42:22.063+0000] {logging_mixin.py:188} INFO - [2025-05-02T19:42:22.063+0000] {dag.py:3954} INFO - Setting next_dagrun for example_sla_dag to 2025-05-02 19:40:00+00:00, run_after=2025-05-02 19:42:00+00:00
[2025-05-02T19:42:22.085+0000] {processor.py:183} INFO - Processing /home/airflow/.local/lib/python3.12/site-packages/airflow/example_dags/example_sla_dag.py took 0.079 seconds
[2025-05-02T19:42:52.738+0000] {processor.py:161} INFO - Started process (PID=1172) to work on /home/airflow/.local/lib/python3.12/site-packages/airflow/example_dags/example_sla_dag.py
[2025-05-02T19:42:52.739+0000] {processor.py:830} INFO - Processing file /home/airflow/.local/lib/python3.12/site-packages/airflow/example_dags/example_sla_dag.py for tasks to queue
[2025-05-02T19:42:52.740+0000] {logging_mixin.py:188} INFO - [2025-05-02T19:42:52.740+0000] {dagbag.py:540} INFO - Filling up the DagBag from /home/airflow/.local/lib/python3.12/site-packages/airflow/example_dags/example_sla_dag.py
[2025-05-02T19:42:52.747+0000] {processor.py:840} INFO - DAG(s) 'example_sla_dag' retrieved from /home/airflow/.local/lib/python3.12/site-packages/airflow/example_dags/example_sla_dag.py
[2025-05-02T19:42:52.761+0000] {logging_mixin.py:188} INFO - [2025-05-02T19:42:52.760+0000] {dag.py:3096} INFO - Sync 1 DAGs
[2025-05-02T19:42:52.778+0000] {logging_mixin.py:188} INFO - [2025-05-02T19:42:52.778+0000] {dag.py:3954} INFO - Setting next_dagrun for example_sla_dag to 2025-05-02 19:40:00+00:00, run_after=2025-05-02 19:42:00+00:00
[2025-05-02T19:42:52.792+0000] {processor.py:183} INFO - Processing /home/airflow/.local/lib/python3.12/site-packages/airflow/example_dags/example_sla_dag.py took 0.057 seconds
[2025-05-02T19:43:24.989+0000] {processor.py:161} INFO - Started process (PID=1232) to work on /home/airflow/.local/lib/python3.12/site-packages/airflow/example_dags/example_sla_dag.py
[2025-05-02T19:43:24.990+0000] {processor.py:830} INFO - Processing file /home/airflow/.local/lib/python3.12/site-packages/airflow/example_dags/example_sla_dag.py for tasks to queue
[2025-05-02T19:43:24.991+0000] {logging_mixin.py:188} INFO - [2025-05-02T19:43:24.991+0000] {dagbag.py:540} INFO - Filling up the DagBag from /home/airflow/.local/lib/python3.12/site-packages/airflow/example_dags/example_sla_dag.py
[2025-05-02T19:43:25.000+0000] {processor.py:840} INFO - DAG(s) 'example_sla_dag' retrieved from /home/airflow/.local/lib/python3.12/site-packages/airflow/example_dags/example_sla_dag.py
[2025-05-02T19:43:25.017+0000] {logging_mixin.py:188} INFO - [2025-05-02T19:43:25.016+0000] {dag.py:3096} INFO - Sync 1 DAGs
[2025-05-02T19:43:25.037+0000] {logging_mixin.py:188} INFO - [2025-05-02T19:43:25.037+0000] {dag.py:3954} INFO - Setting next_dagrun for example_sla_dag to 2025-05-02 19:40:00+00:00, run_after=2025-05-02 19:42:00+00:00
[2025-05-02T19:43:25.053+0000] {processor.py:183} INFO - Processing /home/airflow/.local/lib/python3.12/site-packages/airflow/example_dags/example_sla_dag.py took 0.069 seconds
[2025-05-02T19:43:55.806+0000] {processor.py:161} INFO - Started process (PID=1292) to work on /home/airflow/.local/lib/python3.12/site-packages/airflow/example_dags/example_sla_dag.py
[2025-05-02T19:43:55.807+0000] {processor.py:830} INFO - Processing file /home/airflow/.local/lib/python3.12/site-packages/airflow/example_dags/example_sla_dag.py for tasks to queue
[2025-05-02T19:43:55.809+0000] {logging_mixin.py:188} INFO - [2025-05-02T19:43:55.809+0000] {dagbag.py:540} INFO - Filling up the DagBag from /home/airflow/.local/lib/python3.12/site-packages/airflow/example_dags/example_sla_dag.py
[2025-05-02T19:43:55.820+0000] {processor.py:840} INFO - DAG(s) 'example_sla_dag' retrieved from /home/airflow/.local/lib/python3.12/site-packages/airflow/example_dags/example_sla_dag.py
[2025-05-02T19:43:55.848+0000] {logging_mixin.py:188} INFO - [2025-05-02T19:43:55.848+0000] {dag.py:3096} INFO - Sync 1 DAGs
[2025-05-02T19:43:55.881+0000] {logging_mixin.py:188} INFO - [2025-05-02T19:43:55.881+0000] {dag.py:3954} INFO - Setting next_dagrun for example_sla_dag to 2025-05-02 19:40:00+00:00, run_after=2025-05-02 19:42:00+00:00
[2025-05-02T19:43:55.926+0000] {processor.py:183} INFO - Processing /home/airflow/.local/lib/python3.12/site-packages/airflow/example_dags/example_sla_dag.py took 0.127 seconds
[2025-05-02T19:44:26.588+0000] {processor.py:161} INFO - Started process (PID=1387) to work on /home/airflow/.local/lib/python3.12/site-packages/airflow/example_dags/example_sla_dag.py
[2025-05-02T19:44:26.590+0000] {processor.py:830} INFO - Processing file /home/airflow/.local/lib/python3.12/site-packages/airflow/example_dags/example_sla_dag.py for tasks to queue
[2025-05-02T19:44:26.593+0000] {logging_mixin.py:188} INFO - [2025-05-02T19:44:26.592+0000] {dagbag.py:540} INFO - Filling up the DagBag from /home/airflow/.local/lib/python3.12/site-packages/airflow/example_dags/example_sla_dag.py
[2025-05-02T19:44:26.610+0000] {processor.py:840} INFO - DAG(s) 'example_sla_dag' retrieved from /home/airflow/.local/lib/python3.12/site-packages/airflow/example_dags/example_sla_dag.py
[2025-05-02T19:44:26.646+0000] {logging_mixin.py:188} INFO - [2025-05-02T19:44:26.646+0000] {dag.py:3096} INFO - Sync 1 DAGs
[2025-05-02T19:44:26.700+0000] {logging_mixin.py:188} INFO - [2025-05-02T19:44:26.699+0000] {dag.py:3954} INFO - Setting next_dagrun for example_sla_dag to 2025-05-02 19:42:00+00:00, run_after=2025-05-02 19:44:00+00:00
[2025-05-02T19:44:26.753+0000] {processor.py:183} INFO - Processing /home/airflow/.local/lib/python3.12/site-packages/airflow/example_dags/example_sla_dag.py took 0.181 seconds
[2025-05-02T19:44:56.925+0000] {processor.py:161} INFO - Started process (PID=1489) to work on /home/airflow/.local/lib/python3.12/site-packages/airflow/example_dags/example_sla_dag.py
[2025-05-02T19:44:56.926+0000] {processor.py:830} INFO - Processing file /home/airflow/.local/lib/python3.12/site-packages/airflow/example_dags/example_sla_dag.py for tasks to queue
[2025-05-02T19:44:56.930+0000] {logging_mixin.py:188} INFO - [2025-05-02T19:44:56.929+0000] {dagbag.py:540} INFO - Filling up the DagBag from /home/airflow/.local/lib/python3.12/site-packages/airflow/example_dags/example_sla_dag.py
[2025-05-02T19:44:56.951+0000] {processor.py:840} INFO - DAG(s) 'example_sla_dag' retrieved from /home/airflow/.local/lib/python3.12/site-packages/airflow/example_dags/example_sla_dag.py
[2025-05-02T19:44:56.996+0000] {logging_mixin.py:188} INFO - [2025-05-02T19:44:56.995+0000] {dag.py:3096} INFO - Sync 1 DAGs
[2025-05-02T19:44:57.037+0000] {logging_mixin.py:188} INFO - [2025-05-02T19:44:57.036+0000] {dag.py:3954} INFO - Setting next_dagrun for example_sla_dag to 2025-05-02 19:42:00+00:00, run_after=2025-05-02 19:44:00+00:00
[2025-05-02T19:44:57.076+0000] {processor.py:183} INFO - Processing /home/airflow/.local/lib/python3.12/site-packages/airflow/example_dags/example_sla_dag.py took 0.165 seconds
[2025-05-02T19:45:29.430+0000] {processor.py:161} INFO - Started process (PID=1593) to work on /home/airflow/.local/lib/python3.12/site-packages/airflow/example_dags/example_sla_dag.py
[2025-05-02T19:45:29.432+0000] {processor.py:830} INFO - Processing file /home/airflow/.local/lib/python3.12/site-packages/airflow/example_dags/example_sla_dag.py for tasks to queue
[2025-05-02T19:45:29.438+0000] {logging_mixin.py:188} INFO - [2025-05-02T19:45:29.437+0000] {dagbag.py:540} INFO - Filling up the DagBag from /home/airflow/.local/lib/python3.12/site-packages/airflow/example_dags/example_sla_dag.py
[2025-05-02T19:45:29.465+0000] {processor.py:840} INFO - DAG(s) 'example_sla_dag' retrieved from /home/airflow/.local/lib/python3.12/site-packages/airflow/example_dags/example_sla_dag.py
[2025-05-02T19:45:29.577+0000] {logging_mixin.py:188} INFO - [2025-05-02T19:45:29.577+0000] {dag.py:3096} INFO - Sync 1 DAGs
[2025-05-02T19:45:29.659+0000] {logging_mixin.py:188} INFO - [2025-05-02T19:45:29.658+0000] {dag.py:3954} INFO - Setting next_dagrun for example_sla_dag to 2025-05-02 19:42:00+00:00, run_after=2025-05-02 19:44:00+00:00
[2025-05-02T19:45:29.721+0000] {processor.py:183} INFO - Processing /home/airflow/.local/lib/python3.12/site-packages/airflow/example_dags/example_sla_dag.py took 0.307 seconds
[2025-05-02T19:46:00.567+0000] {processor.py:161} INFO - Started process (PID=1696) to work on /home/airflow/.local/lib/python3.12/site-packages/airflow/example_dags/example_sla_dag.py
[2025-05-02T19:46:00.574+0000] {processor.py:830} INFO - Processing file /home/airflow/.local/lib/python3.12/site-packages/airflow/example_dags/example_sla_dag.py for tasks to queue
[2025-05-02T19:46:00.578+0000] {logging_mixin.py:188} INFO - [2025-05-02T19:46:00.577+0000] {dagbag.py:540} INFO - Filling up the DagBag from /home/airflow/.local/lib/python3.12/site-packages/airflow/example_dags/example_sla_dag.py
[2025-05-02T19:46:00.600+0000] {processor.py:840} INFO - DAG(s) 'example_sla_dag' retrieved from /home/airflow/.local/lib/python3.12/site-packages/airflow/example_dags/example_sla_dag.py
[2025-05-02T19:46:00.710+0000] {logging_mixin.py:188} INFO - [2025-05-02T19:46:00.710+0000] {dag.py:3096} INFO - Sync 1 DAGs
[2025-05-02T19:46:00.769+0000] {logging_mixin.py:188} INFO - [2025-05-02T19:46:00.768+0000] {dag.py:3954} INFO - Setting next_dagrun for example_sla_dag to 2025-05-02 19:44:00+00:00, run_after=2025-05-02 19:46:00+00:00
[2025-05-02T19:46:00.838+0000] {processor.py:183} INFO - Processing /home/airflow/.local/lib/python3.12/site-packages/airflow/example_dags/example_sla_dag.py took 0.284 seconds
[2025-05-02T19:46:31.081+0000] {processor.py:161} INFO - Started process (PID=1795) to work on /home/airflow/.local/lib/python3.12/site-packages/airflow/example_dags/example_sla_dag.py
[2025-05-02T19:46:31.082+0000] {processor.py:830} INFO - Processing file /home/airflow/.local/lib/python3.12/site-packages/airflow/example_dags/example_sla_dag.py for tasks to queue
[2025-05-02T19:46:31.090+0000] {logging_mixin.py:188} INFO - [2025-05-02T19:46:31.089+0000] {dagbag.py:540} INFO - Filling up the DagBag from /home/airflow/.local/lib/python3.12/site-packages/airflow/example_dags/example_sla_dag.py
[2025-05-02T19:46:31.114+0000] {processor.py:840} INFO - DAG(s) 'example_sla_dag' retrieved from /home/airflow/.local/lib/python3.12/site-packages/airflow/example_dags/example_sla_dag.py
[2025-05-02T19:46:31.180+0000] {logging_mixin.py:188} INFO - [2025-05-02T19:46:31.174+0000] {dag.py:3096} INFO - Sync 1 DAGs
[2025-05-02T19:46:31.318+0000] {logging_mixin.py:188} INFO - [2025-05-02T19:46:31.317+0000] {dag.py:3954} INFO - Setting next_dagrun for example_sla_dag to 2025-05-02 19:44:00+00:00, run_after=2025-05-02 19:46:00+00:00
[2025-05-02T19:46:31.405+0000] {processor.py:183} INFO - Processing /home/airflow/.local/lib/python3.12/site-packages/airflow/example_dags/example_sla_dag.py took 0.340 seconds
[2025-05-02T19:47:02.957+0000] {processor.py:161} INFO - Started process (PID=1909) to work on /home/airflow/.local/lib/python3.12/site-packages/airflow/example_dags/example_sla_dag.py
[2025-05-02T19:47:02.959+0000] {processor.py:830} INFO - Processing file /home/airflow/.local/lib/python3.12/site-packages/airflow/example_dags/example_sla_dag.py for tasks to queue
[2025-05-02T19:47:02.963+0000] {logging_mixin.py:188} INFO - [2025-05-02T19:47:02.962+0000] {dagbag.py:540} INFO - Filling up the DagBag from /home/airflow/.local/lib/python3.12/site-packages/airflow/example_dags/example_sla_dag.py
[2025-05-02T19:47:02.983+0000] {processor.py:840} INFO - DAG(s) 'example_sla_dag' retrieved from /home/airflow/.local/lib/python3.12/site-packages/airflow/example_dags/example_sla_dag.py
[2025-05-02T19:47:03.065+0000] {logging_mixin.py:188} INFO - [2025-05-02T19:47:03.064+0000] {dag.py:3096} INFO - Sync 1 DAGs
[2025-05-02T19:47:03.117+0000] {logging_mixin.py:188} INFO - [2025-05-02T19:47:03.117+0000] {dag.py:3954} INFO - Setting next_dagrun for example_sla_dag to 2025-05-02 19:44:00+00:00, run_after=2025-05-02 19:46:00+00:00
[2025-05-02T19:47:03.469+0000] {processor.py:183} INFO - Processing /home/airflow/.local/lib/python3.12/site-packages/airflow/example_dags/example_sla_dag.py took 0.531 seconds
[2025-05-02T19:47:38.053+0000] {processor.py:161} INFO - Started process (PID=2007) to work on /home/airflow/.local/lib/python3.12/site-packages/airflow/example_dags/example_sla_dag.py
[2025-05-02T19:47:38.055+0000] {processor.py:830} INFO - Processing file /home/airflow/.local/lib/python3.12/site-packages/airflow/example_dags/example_sla_dag.py for tasks to queue
[2025-05-02T19:47:38.058+0000] {logging_mixin.py:188} INFO - [2025-05-02T19:47:38.058+0000] {dagbag.py:540} INFO - Filling up the DagBag from /home/airflow/.local/lib/python3.12/site-packages/airflow/example_dags/example_sla_dag.py
[2025-05-02T19:47:38.087+0000] {processor.py:840} INFO - DAG(s) 'example_sla_dag' retrieved from /home/airflow/.local/lib/python3.12/site-packages/airflow/example_dags/example_sla_dag.py
[2025-05-02T19:47:38.185+0000] {logging_mixin.py:188} INFO - [2025-05-02T19:47:38.184+0000] {dag.py:3096} INFO - Sync 1 DAGs
[2025-05-02T19:47:38.245+0000] {logging_mixin.py:188} INFO - [2025-05-02T19:47:38.244+0000] {dag.py:3954} INFO - Setting next_dagrun for example_sla_dag to 2025-05-02 19:44:00+00:00, run_after=2025-05-02 19:46:00+00:00
[2025-05-02T19:47:38.300+0000] {processor.py:183} INFO - Processing /home/airflow/.local/lib/python3.12/site-packages/airflow/example_dags/example_sla_dag.py took 0.280 seconds
[2025-05-02T19:48:10.742+0000] {processor.py:161} INFO - Started process (PID=2110) to work on /home/airflow/.local/lib/python3.12/site-packages/airflow/example_dags/example_sla_dag.py
[2025-05-02T19:48:10.744+0000] {processor.py:830} INFO - Processing file /home/airflow/.local/lib/python3.12/site-packages/airflow/example_dags/example_sla_dag.py for tasks to queue
[2025-05-02T19:48:10.749+0000] {logging_mixin.py:188} INFO - [2025-05-02T19:48:10.747+0000] {dagbag.py:540} INFO - Filling up the DagBag from /home/airflow/.local/lib/python3.12/site-packages/airflow/example_dags/example_sla_dag.py
[2025-05-02T19:48:10.792+0000] {processor.py:840} INFO - DAG(s) 'example_sla_dag' retrieved from /home/airflow/.local/lib/python3.12/site-packages/airflow/example_dags/example_sla_dag.py
[2025-05-02T19:48:10.876+0000] {logging_mixin.py:188} INFO - [2025-05-02T19:48:10.876+0000] {dag.py:3096} INFO - Sync 1 DAGs
[2025-05-02T19:48:10.964+0000] {logging_mixin.py:188} INFO - [2025-05-02T19:48:10.964+0000] {dag.py:3954} INFO - Setting next_dagrun for example_sla_dag to 2025-05-02 19:46:00+00:00, run_after=2025-05-02 19:48:00+00:00
[2025-05-02T19:48:11.079+0000] {processor.py:183} INFO - Processing /home/airflow/.local/lib/python3.12/site-packages/airflow/example_dags/example_sla_dag.py took 0.352 seconds
[2025-05-02T19:48:48.826+0000] {processor.py:161} INFO - Started process (PID=2206) to work on /home/airflow/.local/lib/python3.12/site-packages/airflow/example_dags/example_sla_dag.py
[2025-05-02T19:48:48.830+0000] {processor.py:830} INFO - Processing file /home/airflow/.local/lib/python3.12/site-packages/airflow/example_dags/example_sla_dag.py for tasks to queue
[2025-05-02T19:48:48.833+0000] {logging_mixin.py:188} INFO - [2025-05-02T19:48:48.832+0000] {dagbag.py:540} INFO - Filling up the DagBag from /home/airflow/.local/lib/python3.12/site-packages/airflow/example_dags/example_sla_dag.py
[2025-05-02T19:48:48.863+0000] {processor.py:840} INFO - DAG(s) 'example_sla_dag' retrieved from /home/airflow/.local/lib/python3.12/site-packages/airflow/example_dags/example_sla_dag.py
[2025-05-02T19:48:48.942+0000] {logging_mixin.py:188} INFO - [2025-05-02T19:48:48.941+0000] {dag.py:3096} INFO - Sync 1 DAGs
[2025-05-02T19:48:48.996+0000] {logging_mixin.py:188} INFO - [2025-05-02T19:48:48.995+0000] {dag.py:3954} INFO - Setting next_dagrun for example_sla_dag to 2025-05-02 19:46:00+00:00, run_after=2025-05-02 19:48:00+00:00
[2025-05-02T19:48:49.051+0000] {processor.py:183} INFO - Processing /home/airflow/.local/lib/python3.12/site-packages/airflow/example_dags/example_sla_dag.py took 0.256 seconds
[2025-05-02T19:49:22.224+0000] {processor.py:161} INFO - Started process (PID=2299) to work on /home/airflow/.local/lib/python3.12/site-packages/airflow/example_dags/example_sla_dag.py
[2025-05-02T19:49:22.226+0000] {processor.py:830} INFO - Processing file /home/airflow/.local/lib/python3.12/site-packages/airflow/example_dags/example_sla_dag.py for tasks to queue
[2025-05-02T19:49:22.229+0000] {logging_mixin.py:188} INFO - [2025-05-02T19:49:22.229+0000] {dagbag.py:540} INFO - Filling up the DagBag from /home/airflow/.local/lib/python3.12/site-packages/airflow/example_dags/example_sla_dag.py
[2025-05-02T19:49:22.256+0000] {processor.py:840} INFO - DAG(s) 'example_sla_dag' retrieved from /home/airflow/.local/lib/python3.12/site-packages/airflow/example_dags/example_sla_dag.py
[2025-05-02T19:49:22.333+0000] {logging_mixin.py:188} INFO - [2025-05-02T19:49:22.333+0000] {dag.py:3096} INFO - Sync 1 DAGs
[2025-05-02T19:49:22.404+0000] {logging_mixin.py:188} INFO - [2025-05-02T19:49:22.403+0000] {dag.py:3954} INFO - Setting next_dagrun for example_sla_dag to 2025-05-02 19:46:00+00:00, run_after=2025-05-02 19:48:00+00:00
[2025-05-02T19:49:22.536+0000] {processor.py:183} INFO - Processing /home/airflow/.local/lib/python3.12/site-packages/airflow/example_dags/example_sla_dag.py took 0.328 seconds
[2025-05-02T19:49:56.699+0000] {processor.py:161} INFO - Started process (PID=2388) to work on /home/airflow/.local/lib/python3.12/site-packages/airflow/example_dags/example_sla_dag.py
[2025-05-02T19:49:56.706+0000] {processor.py:830} INFO - Processing file /home/airflow/.local/lib/python3.12/site-packages/airflow/example_dags/example_sla_dag.py for tasks to queue
[2025-05-02T19:49:56.710+0000] {logging_mixin.py:188} INFO - [2025-05-02T19:49:56.709+0000] {dagbag.py:540} INFO - Filling up the DagBag from /home/airflow/.local/lib/python3.12/site-packages/airflow/example_dags/example_sla_dag.py
[2025-05-02T19:49:56.735+0000] {processor.py:840} INFO - DAG(s) 'example_sla_dag' retrieved from /home/airflow/.local/lib/python3.12/site-packages/airflow/example_dags/example_sla_dag.py
[2025-05-02T19:49:56.814+0000] {logging_mixin.py:188} INFO - [2025-05-02T19:49:56.813+0000] {dag.py:3096} INFO - Sync 1 DAGs
[2025-05-02T19:49:56.875+0000] {logging_mixin.py:188} INFO - [2025-05-02T19:49:56.874+0000] {dag.py:3954} INFO - Setting next_dagrun for example_sla_dag to 2025-05-02 19:46:00+00:00, run_after=2025-05-02 19:48:00+00:00
[2025-05-02T19:49:57.220+0000] {processor.py:183} INFO - Processing /home/airflow/.local/lib/python3.12/site-packages/airflow/example_dags/example_sla_dag.py took 0.551 seconds
[2025-05-02T19:50:31.256+0000] {processor.py:161} INFO - Started process (PID=2501) to work on /home/airflow/.local/lib/python3.12/site-packages/airflow/example_dags/example_sla_dag.py
[2025-05-02T19:50:31.258+0000] {processor.py:830} INFO - Processing file /home/airflow/.local/lib/python3.12/site-packages/airflow/example_dags/example_sla_dag.py for tasks to queue
[2025-05-02T19:50:31.268+0000] {logging_mixin.py:188} INFO - [2025-05-02T19:50:31.267+0000] {dagbag.py:540} INFO - Filling up the DagBag from /home/airflow/.local/lib/python3.12/site-packages/airflow/example_dags/example_sla_dag.py
[2025-05-02T19:50:31.304+0000] {processor.py:840} INFO - DAG(s) 'example_sla_dag' retrieved from /home/airflow/.local/lib/python3.12/site-packages/airflow/example_dags/example_sla_dag.py
[2025-05-02T19:50:31.375+0000] {logging_mixin.py:188} INFO - [2025-05-02T19:50:31.374+0000] {dag.py:3096} INFO - Sync 1 DAGs
[2025-05-02T19:50:31.450+0000] {logging_mixin.py:188} INFO - [2025-05-02T19:50:31.449+0000] {dag.py:3954} INFO - Setting next_dagrun for example_sla_dag to 2025-05-02 19:48:00+00:00, run_after=2025-05-02 19:50:00+00:00
[2025-05-02T19:50:31.523+0000] {processor.py:183} INFO - Processing /home/airflow/.local/lib/python3.12/site-packages/airflow/example_dags/example_sla_dag.py took 0.292 seconds
[2025-05-02T19:51:07.355+0000] {processor.py:161} INFO - Started process (PID=2596) to work on /home/airflow/.local/lib/python3.12/site-packages/airflow/example_dags/example_sla_dag.py
[2025-05-02T19:51:07.364+0000] {processor.py:830} INFO - Processing file /home/airflow/.local/lib/python3.12/site-packages/airflow/example_dags/example_sla_dag.py for tasks to queue
[2025-05-02T19:51:07.369+0000] {logging_mixin.py:188} INFO - [2025-05-02T19:51:07.368+0000] {dagbag.py:540} INFO - Filling up the DagBag from /home/airflow/.local/lib/python3.12/site-packages/airflow/example_dags/example_sla_dag.py
[2025-05-02T19:51:07.392+0000] {processor.py:840} INFO - DAG(s) 'example_sla_dag' retrieved from /home/airflow/.local/lib/python3.12/site-packages/airflow/example_dags/example_sla_dag.py
[2025-05-02T19:51:07.936+0000] {logging_mixin.py:188} INFO - [2025-05-02T19:51:07.936+0000] {dag.py:3096} INFO - Sync 1 DAGs
[2025-05-02T19:51:08.017+0000] {logging_mixin.py:188} INFO - [2025-05-02T19:51:08.017+0000] {dag.py:3954} INFO - Setting next_dagrun for example_sla_dag to 2025-05-02 19:48:00+00:00, run_after=2025-05-02 19:50:00+00:00
[2025-05-02T19:51:08.084+0000] {processor.py:183} INFO - Processing /home/airflow/.local/lib/python3.12/site-packages/airflow/example_dags/example_sla_dag.py took 0.741 seconds
[2025-05-02T19:51:41.303+0000] {processor.py:161} INFO - Started process (PID=2708) to work on /home/airflow/.local/lib/python3.12/site-packages/airflow/example_dags/example_sla_dag.py
[2025-05-02T19:51:41.304+0000] {processor.py:830} INFO - Processing file /home/airflow/.local/lib/python3.12/site-packages/airflow/example_dags/example_sla_dag.py for tasks to queue
[2025-05-02T19:51:41.308+0000] {logging_mixin.py:188} INFO - [2025-05-02T19:51:41.307+0000] {dagbag.py:540} INFO - Filling up the DagBag from /home/airflow/.local/lib/python3.12/site-packages/airflow/example_dags/example_sla_dag.py
[2025-05-02T19:51:41.340+0000] {processor.py:840} INFO - DAG(s) 'example_sla_dag' retrieved from /home/airflow/.local/lib/python3.12/site-packages/airflow/example_dags/example_sla_dag.py
[2025-05-02T19:51:41.379+0000] {logging_mixin.py:188} INFO - [2025-05-02T19:51:41.378+0000] {dag.py:3096} INFO - Sync 1 DAGs
[2025-05-02T19:51:41.449+0000] {logging_mixin.py:188} INFO - [2025-05-02T19:51:41.448+0000] {dag.py:3954} INFO - Setting next_dagrun for example_sla_dag to 2025-05-02 19:48:00+00:00, run_after=2025-05-02 19:50:00+00:00
[2025-05-02T19:51:41.784+0000] {processor.py:183} INFO - Processing /home/airflow/.local/lib/python3.12/site-packages/airflow/example_dags/example_sla_dag.py took 0.493 seconds
[2025-05-02T19:52:14.885+0000] {processor.py:161} INFO - Started process (PID=2784) to work on /home/airflow/.local/lib/python3.12/site-packages/airflow/example_dags/example_sla_dag.py
[2025-05-02T19:52:14.895+0000] {processor.py:830} INFO - Processing file /home/airflow/.local/lib/python3.12/site-packages/airflow/example_dags/example_sla_dag.py for tasks to queue
[2025-05-02T19:52:14.900+0000] {logging_mixin.py:188} INFO - [2025-05-02T19:52:14.899+0000] {dagbag.py:540} INFO - Filling up the DagBag from /home/airflow/.local/lib/python3.12/site-packages/airflow/example_dags/example_sla_dag.py
[2025-05-02T19:52:14.942+0000] {processor.py:840} INFO - DAG(s) 'example_sla_dag' retrieved from /home/airflow/.local/lib/python3.12/site-packages/airflow/example_dags/example_sla_dag.py
[2025-05-02T19:52:15.033+0000] {logging_mixin.py:188} INFO - [2025-05-02T19:52:15.033+0000] {dag.py:3096} INFO - Sync 1 DAGs
[2025-05-02T19:52:15.115+0000] {logging_mixin.py:188} INFO - [2025-05-02T19:52:15.114+0000] {dag.py:3954} INFO - Setting next_dagrun for example_sla_dag to 2025-05-02 19:50:00+00:00, run_after=2025-05-02 19:52:00+00:00
[2025-05-02T19:52:15.190+0000] {processor.py:183} INFO - Processing /home/airflow/.local/lib/python3.12/site-packages/airflow/example_dags/example_sla_dag.py took 0.318 seconds
[2025-05-02T19:52:46.920+0000] {processor.py:161} INFO - Started process (PID=2881) to work on /home/airflow/.local/lib/python3.12/site-packages/airflow/example_dags/example_sla_dag.py
[2025-05-02T19:52:46.921+0000] {processor.py:830} INFO - Processing file /home/airflow/.local/lib/python3.12/site-packages/airflow/example_dags/example_sla_dag.py for tasks to queue
[2025-05-02T19:52:46.923+0000] {logging_mixin.py:188} INFO - [2025-05-02T19:52:46.922+0000] {dagbag.py:540} INFO - Filling up the DagBag from /home/airflow/.local/lib/python3.12/site-packages/airflow/example_dags/example_sla_dag.py
[2025-05-02T19:52:46.933+0000] {processor.py:840} INFO - DAG(s) 'example_sla_dag' retrieved from /home/airflow/.local/lib/python3.12/site-packages/airflow/example_dags/example_sla_dag.py
[2025-05-02T19:52:46.955+0000] {logging_mixin.py:188} INFO - [2025-05-02T19:52:46.954+0000] {dag.py:3096} INFO - Sync 1 DAGs
[2025-05-02T19:52:46.982+0000] {logging_mixin.py:188} INFO - [2025-05-02T19:52:46.982+0000] {dag.py:3954} INFO - Setting next_dagrun for example_sla_dag to 2025-05-02 19:50:00+00:00, run_after=2025-05-02 19:52:00+00:00
[2025-05-02T19:52:47.002+0000] {processor.py:183} INFO - Processing /home/airflow/.local/lib/python3.12/site-packages/airflow/example_dags/example_sla_dag.py took 0.089 seconds
[2025-05-02T19:53:19.355+0000] {processor.py:161} INFO - Started process (PID=2997) to work on /home/airflow/.local/lib/python3.12/site-packages/airflow/example_dags/example_sla_dag.py
[2025-05-02T19:53:19.377+0000] {processor.py:830} INFO - Processing file /home/airflow/.local/lib/python3.12/site-packages/airflow/example_dags/example_sla_dag.py for tasks to queue
[2025-05-02T19:53:19.382+0000] {logging_mixin.py:188} INFO - [2025-05-02T19:53:19.381+0000] {dagbag.py:540} INFO - Filling up the DagBag from /home/airflow/.local/lib/python3.12/site-packages/airflow/example_dags/example_sla_dag.py
[2025-05-02T19:53:19.404+0000] {processor.py:840} INFO - DAG(s) 'example_sla_dag' retrieved from /home/airflow/.local/lib/python3.12/site-packages/airflow/example_dags/example_sla_dag.py
[2025-05-02T19:53:19.559+0000] {logging_mixin.py:188} INFO - [2025-05-02T19:53:19.558+0000] {dag.py:3096} INFO - Sync 1 DAGs
[2025-05-02T19:53:19.654+0000] {logging_mixin.py:188} INFO - [2025-05-02T19:53:19.654+0000] {dag.py:3954} INFO - Setting next_dagrun for example_sla_dag to 2025-05-02 19:50:00+00:00, run_after=2025-05-02 19:52:00+00:00
[2025-05-02T19:53:19.703+0000] {processor.py:183} INFO - Processing /home/airflow/.local/lib/python3.12/site-packages/airflow/example_dags/example_sla_dag.py took 0.364 seconds
[2025-05-02T19:53:50.460+0000] {processor.py:161} INFO - Started process (PID=3094) to work on /home/airflow/.local/lib/python3.12/site-packages/airflow/example_dags/example_sla_dag.py
[2025-05-02T19:53:50.467+0000] {processor.py:830} INFO - Processing file /home/airflow/.local/lib/python3.12/site-packages/airflow/example_dags/example_sla_dag.py for tasks to queue
[2025-05-02T19:53:50.470+0000] {logging_mixin.py:188} INFO - [2025-05-02T19:53:50.470+0000] {dagbag.py:540} INFO - Filling up the DagBag from /home/airflow/.local/lib/python3.12/site-packages/airflow/example_dags/example_sla_dag.py
[2025-05-02T19:53:52.776+0000] {processor.py:840} INFO - DAG(s) 'example_sla_dag' retrieved from /home/airflow/.local/lib/python3.12/site-packages/airflow/example_dags/example_sla_dag.py
[2025-05-02T19:53:52.834+0000] {logging_mixin.py:188} INFO - [2025-05-02T19:53:52.834+0000] {dag.py:3096} INFO - Sync 1 DAGs
[2025-05-02T19:53:52.906+0000] {logging_mixin.py:188} INFO - [2025-05-02T19:53:52.906+0000] {dag.py:3954} INFO - Setting next_dagrun for example_sla_dag to 2025-05-02 19:50:00+00:00, run_after=2025-05-02 19:52:00+00:00
[2025-05-02T19:53:52.948+0000] {processor.py:183} INFO - Processing /home/airflow/.local/lib/python3.12/site-packages/airflow/example_dags/example_sla_dag.py took 0.238 seconds
[2025-05-02T19:54:23.399+0000] {processor.py:161} INFO - Started process (PID=3192) to work on /home/airflow/.local/lib/python3.12/site-packages/airflow/example_dags/example_sla_dag.py
[2025-05-02T19:54:23.400+0000] {processor.py:830} INFO - Processing file /home/airflow/.local/lib/python3.12/site-packages/airflow/example_dags/example_sla_dag.py for tasks to queue
[2025-05-02T19:54:23.405+0000] {logging_mixin.py:188} INFO - [2025-05-02T19:54:23.405+0000] {dagbag.py:540} INFO - Filling up the DagBag from /home/airflow/.local/lib/python3.12/site-packages/airflow/example_dags/example_sla_dag.py
[2025-05-02T19:54:23.424+0000] {processor.py:840} INFO - DAG(s) 'example_sla_dag' retrieved from /home/airflow/.local/lib/python3.12/site-packages/airflow/example_dags/example_sla_dag.py
[2025-05-02T19:54:23.563+0000] {logging_mixin.py:188} INFO - [2025-05-02T19:54:23.562+0000] {dag.py:3096} INFO - Sync 1 DAGs
[2025-05-02T19:54:23.640+0000] {logging_mixin.py:188} INFO - [2025-05-02T19:54:23.640+0000] {dag.py:3954} INFO - Setting next_dagrun for example_sla_dag to 2025-05-02 19:52:00+00:00, run_after=2025-05-02 19:54:00+00:00
[2025-05-02T19:54:23.767+0000] {processor.py:183} INFO - Processing /home/airflow/.local/lib/python3.12/site-packages/airflow/example_dags/example_sla_dag.py took 0.385 seconds
[2025-05-02T19:54:54.522+0000] {processor.py:161} INFO - Started process (PID=3279) to work on /home/airflow/.local/lib/python3.12/site-packages/airflow/example_dags/example_sla_dag.py
[2025-05-02T19:54:54.527+0000] {processor.py:830} INFO - Processing file /home/airflow/.local/lib/python3.12/site-packages/airflow/example_dags/example_sla_dag.py for tasks to queue
[2025-05-02T19:54:54.532+0000] {logging_mixin.py:188} INFO - [2025-05-02T19:54:54.531+0000] {dagbag.py:540} INFO - Filling up the DagBag from /home/airflow/.local/lib/python3.12/site-packages/airflow/example_dags/example_sla_dag.py
[2025-05-02T19:54:54.550+0000] {processor.py:840} INFO - DAG(s) 'example_sla_dag' retrieved from /home/airflow/.local/lib/python3.12/site-packages/airflow/example_dags/example_sla_dag.py
[2025-05-02T19:54:54.590+0000] {logging_mixin.py:188} INFO - [2025-05-02T19:54:54.590+0000] {dag.py:3096} INFO - Sync 1 DAGs
[2025-05-02T19:54:54.649+0000] {logging_mixin.py:188} INFO - [2025-05-02T19:54:54.648+0000] {dag.py:3954} INFO - Setting next_dagrun for example_sla_dag to 2025-05-02 19:52:00+00:00, run_after=2025-05-02 19:54:00+00:00
[2025-05-02T19:54:54.723+0000] {processor.py:183} INFO - Processing /home/airflow/.local/lib/python3.12/site-packages/airflow/example_dags/example_sla_dag.py took 0.225 seconds
[2025-05-02T19:55:25.031+0000] {processor.py:161} INFO - Started process (PID=3364) to work on /home/airflow/.local/lib/python3.12/site-packages/airflow/example_dags/example_sla_dag.py
[2025-05-02T19:55:25.037+0000] {processor.py:830} INFO - Processing file /home/airflow/.local/lib/python3.12/site-packages/airflow/example_dags/example_sla_dag.py for tasks to queue
[2025-05-02T19:55:25.041+0000] {logging_mixin.py:188} INFO - [2025-05-02T19:55:25.040+0000] {dagbag.py:540} INFO - Filling up the DagBag from /home/airflow/.local/lib/python3.12/site-packages/airflow/example_dags/example_sla_dag.py
[2025-05-02T19:55:25.065+0000] {processor.py:840} INFO - DAG(s) 'example_sla_dag' retrieved from /home/airflow/.local/lib/python3.12/site-packages/airflow/example_dags/example_sla_dag.py
[2025-05-02T19:55:25.110+0000] {logging_mixin.py:188} INFO - [2025-05-02T19:55:25.109+0000] {dag.py:3096} INFO - Sync 1 DAGs
[2025-05-02T19:55:25.167+0000] {logging_mixin.py:188} INFO - [2025-05-02T19:55:25.167+0000] {dag.py:3954} INFO - Setting next_dagrun for example_sla_dag to 2025-05-02 19:52:00+00:00, run_after=2025-05-02 19:54:00+00:00
[2025-05-02T19:55:25.232+0000] {processor.py:183} INFO - Processing /home/airflow/.local/lib/python3.12/site-packages/airflow/example_dags/example_sla_dag.py took 0.216 seconds
[2025-05-02T19:55:55.944+0000] {processor.py:161} INFO - Started process (PID=3478) to work on /home/airflow/.local/lib/python3.12/site-packages/airflow/example_dags/example_sla_dag.py
[2025-05-02T19:55:55.946+0000] {processor.py:830} INFO - Processing file /home/airflow/.local/lib/python3.12/site-packages/airflow/example_dags/example_sla_dag.py for tasks to queue
[2025-05-02T19:55:55.950+0000] {logging_mixin.py:188} INFO - [2025-05-02T19:55:55.949+0000] {dagbag.py:540} INFO - Filling up the DagBag from /home/airflow/.local/lib/python3.12/site-packages/airflow/example_dags/example_sla_dag.py
[2025-05-02T19:55:55.980+0000] {processor.py:840} INFO - DAG(s) 'example_sla_dag' retrieved from /home/airflow/.local/lib/python3.12/site-packages/airflow/example_dags/example_sla_dag.py
[2025-05-02T19:55:56.071+0000] {logging_mixin.py:188} INFO - [2025-05-02T19:55:56.071+0000] {dag.py:3096} INFO - Sync 1 DAGs
[2025-05-02T19:55:56.152+0000] {logging_mixin.py:188} INFO - [2025-05-02T19:55:56.152+0000] {dag.py:3954} INFO - Setting next_dagrun for example_sla_dag to 2025-05-02 19:52:00+00:00, run_after=2025-05-02 19:54:00+00:00
[2025-05-02T19:55:56.238+0000] {processor.py:183} INFO - Processing /home/airflow/.local/lib/python3.12/site-packages/airflow/example_dags/example_sla_dag.py took 0.327 seconds
[2025-05-02T19:56:27.091+0000] {processor.py:161} INFO - Started process (PID=3564) to work on /home/airflow/.local/lib/python3.12/site-packages/airflow/example_dags/example_sla_dag.py
[2025-05-02T19:56:27.095+0000] {processor.py:830} INFO - Processing file /home/airflow/.local/lib/python3.12/site-packages/airflow/example_dags/example_sla_dag.py for tasks to queue
[2025-05-02T19:56:27.099+0000] {logging_mixin.py:188} INFO - [2025-05-02T19:56:27.098+0000] {dagbag.py:540} INFO - Filling up the DagBag from /home/airflow/.local/lib/python3.12/site-packages/airflow/example_dags/example_sla_dag.py
[2025-05-02T19:56:27.133+0000] {processor.py:840} INFO - DAG(s) 'example_sla_dag' retrieved from /home/airflow/.local/lib/python3.12/site-packages/airflow/example_dags/example_sla_dag.py
[2025-05-02T19:56:27.212+0000] {logging_mixin.py:188} INFO - [2025-05-02T19:56:27.211+0000] {dag.py:3096} INFO - Sync 1 DAGs
[2025-05-02T19:56:27.283+0000] {logging_mixin.py:188} INFO - [2025-05-02T19:56:27.283+0000] {dag.py:3954} INFO - Setting next_dagrun for example_sla_dag to 2025-05-02 19:54:00+00:00, run_after=2025-05-02 19:56:00+00:00
[2025-05-02T19:56:27.334+0000] {processor.py:183} INFO - Processing /home/airflow/.local/lib/python3.12/site-packages/airflow/example_dags/example_sla_dag.py took 0.272 seconds
[2025-05-02T19:56:58.113+0000] {processor.py:161} INFO - Started process (PID=3668) to work on /home/airflow/.local/lib/python3.12/site-packages/airflow/example_dags/example_sla_dag.py
[2025-05-02T19:56:58.114+0000] {processor.py:830} INFO - Processing file /home/airflow/.local/lib/python3.12/site-packages/airflow/example_dags/example_sla_dag.py for tasks to queue
[2025-05-02T19:56:58.117+0000] {logging_mixin.py:188} INFO - [2025-05-02T19:56:58.117+0000] {dagbag.py:540} INFO - Filling up the DagBag from /home/airflow/.local/lib/python3.12/site-packages/airflow/example_dags/example_sla_dag.py
[2025-05-02T19:56:58.129+0000] {processor.py:840} INFO - DAG(s) 'example_sla_dag' retrieved from /home/airflow/.local/lib/python3.12/site-packages/airflow/example_dags/example_sla_dag.py
[2025-05-02T19:56:58.151+0000] {logging_mixin.py:188} INFO - [2025-05-02T19:56:58.151+0000] {dag.py:3096} INFO - Sync 1 DAGs
[2025-05-02T19:56:58.181+0000] {logging_mixin.py:188} INFO - [2025-05-02T19:56:58.180+0000] {dag.py:3954} INFO - Setting next_dagrun for example_sla_dag to 2025-05-02 19:54:00+00:00, run_after=2025-05-02 19:56:00+00:00
[2025-05-02T19:56:58.199+0000] {processor.py:183} INFO - Processing /home/airflow/.local/lib/python3.12/site-packages/airflow/example_dags/example_sla_dag.py took 0.092 seconds
[2025-05-02T19:57:28.355+0000] {processor.py:161} INFO - Started process (PID=3772) to work on /home/airflow/.local/lib/python3.12/site-packages/airflow/example_dags/example_sla_dag.py
[2025-05-02T19:57:28.364+0000] {processor.py:830} INFO - Processing file /home/airflow/.local/lib/python3.12/site-packages/airflow/example_dags/example_sla_dag.py for tasks to queue
[2025-05-02T19:57:28.370+0000] {logging_mixin.py:188} INFO - [2025-05-02T19:57:28.369+0000] {dagbag.py:540} INFO - Filling up the DagBag from /home/airflow/.local/lib/python3.12/site-packages/airflow/example_dags/example_sla_dag.py
[2025-05-02T19:57:28.420+0000] {processor.py:840} INFO - DAG(s) 'example_sla_dag' retrieved from /home/airflow/.local/lib/python3.12/site-packages/airflow/example_dags/example_sla_dag.py
[2025-05-02T19:57:28.530+0000] {logging_mixin.py:188} INFO - [2025-05-02T19:57:28.529+0000] {dag.py:3096} INFO - Sync 1 DAGs
[2025-05-02T19:57:28.604+0000] {logging_mixin.py:188} INFO - [2025-05-02T19:57:28.604+0000] {dag.py:3954} INFO - Setting next_dagrun for example_sla_dag to 2025-05-02 19:54:00+00:00, run_after=2025-05-02 19:56:00+00:00
[2025-05-02T19:57:28.675+0000] {processor.py:183} INFO - Processing /home/airflow/.local/lib/python3.12/site-packages/airflow/example_dags/example_sla_dag.py took 0.337 seconds
[2025-05-02T19:58:02.179+0000] {processor.py:161} INFO - Started process (PID=3875) to work on /home/airflow/.local/lib/python3.12/site-packages/airflow/example_dags/example_sla_dag.py
[2025-05-02T19:58:02.180+0000] {processor.py:830} INFO - Processing file /home/airflow/.local/lib/python3.12/site-packages/airflow/example_dags/example_sla_dag.py for tasks to queue
[2025-05-02T19:58:02.183+0000] {logging_mixin.py:188} INFO - [2025-05-02T19:58:02.183+0000] {dagbag.py:540} INFO - Filling up the DagBag from /home/airflow/.local/lib/python3.12/site-packages/airflow/example_dags/example_sla_dag.py
[2025-05-02T19:58:02.211+0000] {processor.py:840} INFO - DAG(s) 'example_sla_dag' retrieved from /home/airflow/.local/lib/python3.12/site-packages/airflow/example_dags/example_sla_dag.py
[2025-05-02T19:58:02.320+0000] {logging_mixin.py:188} INFO - [2025-05-02T19:58:02.319+0000] {dag.py:3096} INFO - Sync 1 DAGs
[2025-05-02T19:58:02.372+0000] {logging_mixin.py:188} INFO - [2025-05-02T19:58:02.372+0000] {dag.py:3954} INFO - Setting next_dagrun for example_sla_dag to 2025-05-02 19:56:00+00:00, run_after=2025-05-02 19:58:00+00:00
[2025-05-02T19:58:02.448+0000] {processor.py:183} INFO - Processing /home/airflow/.local/lib/python3.12/site-packages/airflow/example_dags/example_sla_dag.py took 0.281 seconds
