[2025-05-02T19:33:05.392+0000] {processor.py:161} INFO - Started process (PID=53) to work on /home/airflow/.local/lib/python3.12/site-packages/airflow/example_dags/example_external_task_marker_dag.py
[2025-05-02T19:33:05.394+0000] {processor.py:830} INFO - Processing file /home/airflow/.local/lib/python3.12/site-packages/airflow/example_dags/example_external_task_marker_dag.py for tasks to queue
[2025-05-02T19:33:05.396+0000] {logging_mixin.py:188} INFO - [2025-05-02T19:33:05.395+0000] {dagbag.py:540} INFO - Filling up the DagBag from /home/airflow/.local/lib/python3.12/site-packages/airflow/example_dags/example_external_task_marker_dag.py
[2025-05-02T19:33:05.428+0000] {processor.py:840} INFO - DAG(s) 'example_external_task_marker_child', 'example_external_task_marker_parent' retrieved from /home/airflow/.local/lib/python3.12/site-packages/airflow/example_dags/example_external_task_marker_dag.py
[2025-05-02T19:33:05.451+0000] {logging_mixin.py:188} INFO - [2025-05-02T19:33:05.450+0000] {dag.py:3096} INFO - Sync 2 DAGs
[2025-05-02T19:33:05.477+0000] {logging_mixin.py:188} INFO - [2025-05-02T19:33:05.477+0000] {dag.py:3954} INFO - Setting next_dagrun for example_external_task_marker_child to None, run_after=None
[2025-05-02T19:33:05.483+0000] {logging_mixin.py:188} INFO - [2025-05-02T19:33:05.483+0000] {dag.py:3954} INFO - Setting next_dagrun for example_external_task_marker_parent to None, run_after=None
[2025-05-02T19:33:05.512+0000] {processor.py:183} INFO - Processing /home/airflow/.local/lib/python3.12/site-packages/airflow/example_dags/example_external_task_marker_dag.py took 0.128 seconds
[2025-05-02T19:33:35.783+0000] {processor.py:161} INFO - Started process (PID=111) to work on /home/airflow/.local/lib/python3.12/site-packages/airflow/example_dags/example_external_task_marker_dag.py
[2025-05-02T19:33:35.784+0000] {processor.py:830} INFO - Processing file /home/airflow/.local/lib/python3.12/site-packages/airflow/example_dags/example_external_task_marker_dag.py for tasks to queue
[2025-05-02T19:33:35.785+0000] {logging_mixin.py:188} INFO - [2025-05-02T19:33:35.785+0000] {dagbag.py:540} INFO - Filling up the DagBag from /home/airflow/.local/lib/python3.12/site-packages/airflow/example_dags/example_external_task_marker_dag.py
[2025-05-02T19:33:35.791+0000] {processor.py:840} INFO - DAG(s) 'example_external_task_marker_child', 'example_external_task_marker_parent' retrieved from /home/airflow/.local/lib/python3.12/site-packages/airflow/example_dags/example_external_task_marker_dag.py
[2025-05-02T19:33:35.883+0000] {logging_mixin.py:188} INFO - [2025-05-02T19:33:35.883+0000] {dag.py:3096} INFO - Sync 2 DAGs
[2025-05-02T19:33:35.896+0000] {logging_mixin.py:188} INFO - [2025-05-02T19:33:35.896+0000] {dag.py:3954} INFO - Setting next_dagrun for example_external_task_marker_child to None, run_after=None
[2025-05-02T19:33:35.901+0000] {logging_mixin.py:188} INFO - [2025-05-02T19:33:35.900+0000] {dag.py:3954} INFO - Setting next_dagrun for example_external_task_marker_parent to None, run_after=None
[2025-05-02T19:33:35.930+0000] {processor.py:183} INFO - Processing /home/airflow/.local/lib/python3.12/site-packages/airflow/example_dags/example_external_task_marker_dag.py took 0.152 seconds
[2025-05-02T19:34:05.962+0000] {processor.py:161} INFO - Started process (PID=169) to work on /home/airflow/.local/lib/python3.12/site-packages/airflow/example_dags/example_external_task_marker_dag.py
[2025-05-02T19:34:05.963+0000] {processor.py:830} INFO - Processing file /home/airflow/.local/lib/python3.12/site-packages/airflow/example_dags/example_external_task_marker_dag.py for tasks to queue
[2025-05-02T19:34:05.965+0000] {logging_mixin.py:188} INFO - [2025-05-02T19:34:05.965+0000] {dagbag.py:540} INFO - Filling up the DagBag from /home/airflow/.local/lib/python3.12/site-packages/airflow/example_dags/example_external_task_marker_dag.py
[2025-05-02T19:34:05.970+0000] {processor.py:840} INFO - DAG(s) 'example_external_task_marker_parent', 'example_external_task_marker_child' retrieved from /home/airflow/.local/lib/python3.12/site-packages/airflow/example_dags/example_external_task_marker_dag.py
[2025-05-02T19:34:05.988+0000] {logging_mixin.py:188} INFO - [2025-05-02T19:34:05.988+0000] {dag.py:3096} INFO - Sync 2 DAGs
[2025-05-02T19:34:05.999+0000] {logging_mixin.py:188} INFO - [2025-05-02T19:34:05.998+0000] {dag.py:3954} INFO - Setting next_dagrun for example_external_task_marker_child to None, run_after=None
[2025-05-02T19:34:06.002+0000] {logging_mixin.py:188} INFO - [2025-05-02T19:34:06.002+0000] {dag.py:3954} INFO - Setting next_dagrun for example_external_task_marker_parent to None, run_after=None
[2025-05-02T19:34:06.015+0000] {processor.py:183} INFO - Processing /home/airflow/.local/lib/python3.12/site-packages/airflow/example_dags/example_external_task_marker_dag.py took 0.058 seconds
[2025-05-02T19:34:38.294+0000] {processor.py:161} INFO - Started process (PID=227) to work on /home/airflow/.local/lib/python3.12/site-packages/airflow/example_dags/example_external_task_marker_dag.py
[2025-05-02T19:34:38.295+0000] {processor.py:830} INFO - Processing file /home/airflow/.local/lib/python3.12/site-packages/airflow/example_dags/example_external_task_marker_dag.py for tasks to queue
[2025-05-02T19:34:38.296+0000] {logging_mixin.py:188} INFO - [2025-05-02T19:34:38.296+0000] {dagbag.py:540} INFO - Filling up the DagBag from /home/airflow/.local/lib/python3.12/site-packages/airflow/example_dags/example_external_task_marker_dag.py
[2025-05-02T19:34:38.302+0000] {processor.py:840} INFO - DAG(s) 'example_external_task_marker_child', 'example_external_task_marker_parent' retrieved from /home/airflow/.local/lib/python3.12/site-packages/airflow/example_dags/example_external_task_marker_dag.py
[2025-05-02T19:34:38.321+0000] {logging_mixin.py:188} INFO - [2025-05-02T19:34:38.321+0000] {dag.py:3096} INFO - Sync 2 DAGs
[2025-05-02T19:34:38.334+0000] {logging_mixin.py:188} INFO - [2025-05-02T19:34:38.334+0000] {dag.py:3954} INFO - Setting next_dagrun for example_external_task_marker_child to None, run_after=None
[2025-05-02T19:34:38.336+0000] {logging_mixin.py:188} INFO - [2025-05-02T19:34:38.336+0000] {dag.py:3954} INFO - Setting next_dagrun for example_external_task_marker_parent to None, run_after=None
[2025-05-02T19:34:38.351+0000] {processor.py:183} INFO - Processing /home/airflow/.local/lib/python3.12/site-packages/airflow/example_dags/example_external_task_marker_dag.py took 0.062 seconds
[2025-05-02T19:35:08.862+0000] {processor.py:161} INFO - Started process (PID=285) to work on /home/airflow/.local/lib/python3.12/site-packages/airflow/example_dags/example_external_task_marker_dag.py
[2025-05-02T19:35:08.863+0000] {processor.py:830} INFO - Processing file /home/airflow/.local/lib/python3.12/site-packages/airflow/example_dags/example_external_task_marker_dag.py for tasks to queue
[2025-05-02T19:35:08.865+0000] {logging_mixin.py:188} INFO - [2025-05-02T19:35:08.865+0000] {dagbag.py:540} INFO - Filling up the DagBag from /home/airflow/.local/lib/python3.12/site-packages/airflow/example_dags/example_external_task_marker_dag.py
[2025-05-02T19:35:08.874+0000] {processor.py:840} INFO - DAG(s) 'example_external_task_marker_parent', 'example_external_task_marker_child' retrieved from /home/airflow/.local/lib/python3.12/site-packages/airflow/example_dags/example_external_task_marker_dag.py
[2025-05-02T19:35:08.902+0000] {logging_mixin.py:188} INFO - [2025-05-02T19:35:08.902+0000] {dag.py:3096} INFO - Sync 2 DAGs
[2025-05-02T19:35:08.922+0000] {logging_mixin.py:188} INFO - [2025-05-02T19:35:08.921+0000] {dag.py:3954} INFO - Setting next_dagrun for example_external_task_marker_child to None, run_after=None
[2025-05-02T19:35:08.926+0000] {logging_mixin.py:188} INFO - [2025-05-02T19:35:08.926+0000] {dag.py:3954} INFO - Setting next_dagrun for example_external_task_marker_parent to None, run_after=None
[2025-05-02T19:35:08.950+0000] {processor.py:183} INFO - Processing /home/airflow/.local/lib/python3.12/site-packages/airflow/example_dags/example_external_task_marker_dag.py took 0.096 seconds
[2025-05-02T19:35:39.310+0000] {processor.py:161} INFO - Started process (PID=343) to work on /home/airflow/.local/lib/python3.12/site-packages/airflow/example_dags/example_external_task_marker_dag.py
[2025-05-02T19:35:39.312+0000] {processor.py:830} INFO - Processing file /home/airflow/.local/lib/python3.12/site-packages/airflow/example_dags/example_external_task_marker_dag.py for tasks to queue
[2025-05-02T19:35:39.313+0000] {logging_mixin.py:188} INFO - [2025-05-02T19:35:39.313+0000] {dagbag.py:540} INFO - Filling up the DagBag from /home/airflow/.local/lib/python3.12/site-packages/airflow/example_dags/example_external_task_marker_dag.py
[2025-05-02T19:35:39.320+0000] {processor.py:840} INFO - DAG(s) 'example_external_task_marker_child', 'example_external_task_marker_parent' retrieved from /home/airflow/.local/lib/python3.12/site-packages/airflow/example_dags/example_external_task_marker_dag.py
[2025-05-02T19:35:39.347+0000] {logging_mixin.py:188} INFO - [2025-05-02T19:35:39.347+0000] {dag.py:3096} INFO - Sync 2 DAGs
[2025-05-02T19:35:39.361+0000] {logging_mixin.py:188} INFO - [2025-05-02T19:35:39.360+0000] {dag.py:3954} INFO - Setting next_dagrun for example_external_task_marker_child to None, run_after=None
[2025-05-02T19:35:39.366+0000] {logging_mixin.py:188} INFO - [2025-05-02T19:35:39.366+0000] {dag.py:3954} INFO - Setting next_dagrun for example_external_task_marker_parent to None, run_after=None
[2025-05-02T19:35:39.383+0000] {processor.py:183} INFO - Processing /home/airflow/.local/lib/python3.12/site-packages/airflow/example_dags/example_external_task_marker_dag.py took 0.082 seconds
[2025-05-02T19:36:09.869+0000] {processor.py:161} INFO - Started process (PID=401) to work on /home/airflow/.local/lib/python3.12/site-packages/airflow/example_dags/example_external_task_marker_dag.py
[2025-05-02T19:36:09.870+0000] {processor.py:830} INFO - Processing file /home/airflow/.local/lib/python3.12/site-packages/airflow/example_dags/example_external_task_marker_dag.py for tasks to queue
[2025-05-02T19:36:09.871+0000] {logging_mixin.py:188} INFO - [2025-05-02T19:36:09.871+0000] {dagbag.py:540} INFO - Filling up the DagBag from /home/airflow/.local/lib/python3.12/site-packages/airflow/example_dags/example_external_task_marker_dag.py
[2025-05-02T19:36:09.876+0000] {processor.py:840} INFO - DAG(s) 'example_external_task_marker_parent', 'example_external_task_marker_child' retrieved from /home/airflow/.local/lib/python3.12/site-packages/airflow/example_dags/example_external_task_marker_dag.py
[2025-05-02T19:36:09.899+0000] {logging_mixin.py:188} INFO - [2025-05-02T19:36:09.899+0000] {dag.py:3096} INFO - Sync 2 DAGs
[2025-05-02T19:36:09.910+0000] {logging_mixin.py:188} INFO - [2025-05-02T19:36:09.910+0000] {dag.py:3954} INFO - Setting next_dagrun for example_external_task_marker_child to None, run_after=None
[2025-05-02T19:36:09.913+0000] {logging_mixin.py:188} INFO - [2025-05-02T19:36:09.913+0000] {dag.py:3954} INFO - Setting next_dagrun for example_external_task_marker_parent to None, run_after=None
[2025-05-02T19:36:09.930+0000] {processor.py:183} INFO - Processing /home/airflow/.local/lib/python3.12/site-packages/airflow/example_dags/example_external_task_marker_dag.py took 0.066 seconds
[2025-05-02T19:36:40.258+0000] {processor.py:161} INFO - Started process (PID=459) to work on /home/airflow/.local/lib/python3.12/site-packages/airflow/example_dags/example_external_task_marker_dag.py
[2025-05-02T19:36:40.259+0000] {processor.py:830} INFO - Processing file /home/airflow/.local/lib/python3.12/site-packages/airflow/example_dags/example_external_task_marker_dag.py for tasks to queue
[2025-05-02T19:36:40.260+0000] {logging_mixin.py:188} INFO - [2025-05-02T19:36:40.260+0000] {dagbag.py:540} INFO - Filling up the DagBag from /home/airflow/.local/lib/python3.12/site-packages/airflow/example_dags/example_external_task_marker_dag.py
[2025-05-02T19:36:40.264+0000] {processor.py:840} INFO - DAG(s) 'example_external_task_marker_parent', 'example_external_task_marker_child' retrieved from /home/airflow/.local/lib/python3.12/site-packages/airflow/example_dags/example_external_task_marker_dag.py
[2025-05-02T19:36:40.285+0000] {logging_mixin.py:188} INFO - [2025-05-02T19:36:40.285+0000] {dag.py:3096} INFO - Sync 2 DAGs
[2025-05-02T19:36:40.295+0000] {logging_mixin.py:188} INFO - [2025-05-02T19:36:40.295+0000] {dag.py:3954} INFO - Setting next_dagrun for example_external_task_marker_child to None, run_after=None
[2025-05-02T19:36:40.298+0000] {logging_mixin.py:188} INFO - [2025-05-02T19:36:40.298+0000] {dag.py:3954} INFO - Setting next_dagrun for example_external_task_marker_parent to None, run_after=None
[2025-05-02T19:36:40.315+0000] {processor.py:183} INFO - Processing /home/airflow/.local/lib/python3.12/site-packages/airflow/example_dags/example_external_task_marker_dag.py took 0.062 seconds
[2025-05-02T19:37:10.598+0000] {processor.py:161} INFO - Started process (PID=517) to work on /home/airflow/.local/lib/python3.12/site-packages/airflow/example_dags/example_external_task_marker_dag.py
[2025-05-02T19:37:10.602+0000] {processor.py:830} INFO - Processing file /home/airflow/.local/lib/python3.12/site-packages/airflow/example_dags/example_external_task_marker_dag.py for tasks to queue
[2025-05-02T19:37:10.604+0000] {logging_mixin.py:188} INFO - [2025-05-02T19:37:10.604+0000] {dagbag.py:540} INFO - Filling up the DagBag from /home/airflow/.local/lib/python3.12/site-packages/airflow/example_dags/example_external_task_marker_dag.py
[2025-05-02T19:37:10.610+0000] {processor.py:840} INFO - DAG(s) 'example_external_task_marker_child', 'example_external_task_marker_parent' retrieved from /home/airflow/.local/lib/python3.12/site-packages/airflow/example_dags/example_external_task_marker_dag.py
[2025-05-02T19:37:10.631+0000] {logging_mixin.py:188} INFO - [2025-05-02T19:37:10.631+0000] {dag.py:3096} INFO - Sync 2 DAGs
[2025-05-02T19:37:10.641+0000] {logging_mixin.py:188} INFO - [2025-05-02T19:37:10.641+0000] {dag.py:3954} INFO - Setting next_dagrun for example_external_task_marker_child to None, run_after=None
[2025-05-02T19:37:10.644+0000] {logging_mixin.py:188} INFO - [2025-05-02T19:37:10.644+0000] {dag.py:3954} INFO - Setting next_dagrun for example_external_task_marker_parent to None, run_after=None
[2025-05-02T19:37:10.661+0000] {processor.py:183} INFO - Processing /home/airflow/.local/lib/python3.12/site-packages/airflow/example_dags/example_external_task_marker_dag.py took 0.067 seconds
[2025-05-02T19:37:41.047+0000] {processor.py:161} INFO - Started process (PID=575) to work on /home/airflow/.local/lib/python3.12/site-packages/airflow/example_dags/example_external_task_marker_dag.py
[2025-05-02T19:37:41.053+0000] {processor.py:830} INFO - Processing file /home/airflow/.local/lib/python3.12/site-packages/airflow/example_dags/example_external_task_marker_dag.py for tasks to queue
[2025-05-02T19:37:41.055+0000] {logging_mixin.py:188} INFO - [2025-05-02T19:37:41.054+0000] {dagbag.py:540} INFO - Filling up the DagBag from /home/airflow/.local/lib/python3.12/site-packages/airflow/example_dags/example_external_task_marker_dag.py
[2025-05-02T19:37:41.062+0000] {processor.py:840} INFO - DAG(s) 'example_external_task_marker_child', 'example_external_task_marker_parent' retrieved from /home/airflow/.local/lib/python3.12/site-packages/airflow/example_dags/example_external_task_marker_dag.py
[2025-05-02T19:37:41.081+0000] {logging_mixin.py:188} INFO - [2025-05-02T19:37:41.081+0000] {dag.py:3096} INFO - Sync 2 DAGs
[2025-05-02T19:37:41.091+0000] {logging_mixin.py:188} INFO - [2025-05-02T19:37:41.091+0000] {dag.py:3954} INFO - Setting next_dagrun for example_external_task_marker_child to None, run_after=None
[2025-05-02T19:37:41.095+0000] {logging_mixin.py:188} INFO - [2025-05-02T19:37:41.095+0000] {dag.py:3954} INFO - Setting next_dagrun for example_external_task_marker_parent to None, run_after=None
[2025-05-02T19:37:41.110+0000] {processor.py:183} INFO - Processing /home/airflow/.local/lib/python3.12/site-packages/airflow/example_dags/example_external_task_marker_dag.py took 0.070 seconds
[2025-05-02T19:38:11.358+0000] {processor.py:161} INFO - Started process (PID=633) to work on /home/airflow/.local/lib/python3.12/site-packages/airflow/example_dags/example_external_task_marker_dag.py
[2025-05-02T19:38:11.359+0000] {processor.py:830} INFO - Processing file /home/airflow/.local/lib/python3.12/site-packages/airflow/example_dags/example_external_task_marker_dag.py for tasks to queue
[2025-05-02T19:38:11.360+0000] {logging_mixin.py:188} INFO - [2025-05-02T19:38:11.360+0000] {dagbag.py:540} INFO - Filling up the DagBag from /home/airflow/.local/lib/python3.12/site-packages/airflow/example_dags/example_external_task_marker_dag.py
[2025-05-02T19:38:11.365+0000] {processor.py:840} INFO - DAG(s) 'example_external_task_marker_child', 'example_external_task_marker_parent' retrieved from /home/airflow/.local/lib/python3.12/site-packages/airflow/example_dags/example_external_task_marker_dag.py
[2025-05-02T19:38:11.387+0000] {logging_mixin.py:188} INFO - [2025-05-02T19:38:11.387+0000] {dag.py:3096} INFO - Sync 2 DAGs
[2025-05-02T19:38:11.401+0000] {logging_mixin.py:188} INFO - [2025-05-02T19:38:11.401+0000] {dag.py:3954} INFO - Setting next_dagrun for example_external_task_marker_child to None, run_after=None
[2025-05-02T19:38:11.405+0000] {logging_mixin.py:188} INFO - [2025-05-02T19:38:11.405+0000] {dag.py:3954} INFO - Setting next_dagrun for example_external_task_marker_parent to None, run_after=None
[2025-05-02T19:38:11.424+0000] {processor.py:183} INFO - Processing /home/airflow/.local/lib/python3.12/site-packages/airflow/example_dags/example_external_task_marker_dag.py took 0.071 seconds
[2025-05-02T19:38:43.915+0000] {processor.py:161} INFO - Started process (PID=691) to work on /home/airflow/.local/lib/python3.12/site-packages/airflow/example_dags/example_external_task_marker_dag.py
[2025-05-02T19:38:43.916+0000] {processor.py:830} INFO - Processing file /home/airflow/.local/lib/python3.12/site-packages/airflow/example_dags/example_external_task_marker_dag.py for tasks to queue
[2025-05-02T19:38:43.918+0000] {logging_mixin.py:188} INFO - [2025-05-02T19:38:43.917+0000] {dagbag.py:540} INFO - Filling up the DagBag from /home/airflow/.local/lib/python3.12/site-packages/airflow/example_dags/example_external_task_marker_dag.py
[2025-05-02T19:38:43.924+0000] {processor.py:840} INFO - DAG(s) 'example_external_task_marker_parent', 'example_external_task_marker_child' retrieved from /home/airflow/.local/lib/python3.12/site-packages/airflow/example_dags/example_external_task_marker_dag.py
[2025-05-02T19:38:43.947+0000] {logging_mixin.py:188} INFO - [2025-05-02T19:38:43.947+0000] {dag.py:3096} INFO - Sync 2 DAGs
[2025-05-02T19:38:43.960+0000] {logging_mixin.py:188} INFO - [2025-05-02T19:38:43.960+0000] {dag.py:3954} INFO - Setting next_dagrun for example_external_task_marker_child to None, run_after=None
[2025-05-02T19:38:43.963+0000] {logging_mixin.py:188} INFO - [2025-05-02T19:38:43.963+0000] {dag.py:3954} INFO - Setting next_dagrun for example_external_task_marker_parent to None, run_after=None
[2025-05-02T19:38:43.980+0000] {processor.py:183} INFO - Processing /home/airflow/.local/lib/python3.12/site-packages/airflow/example_dags/example_external_task_marker_dag.py took 0.070 seconds
[2025-05-02T19:39:14.532+0000] {processor.py:161} INFO - Started process (PID=749) to work on /home/airflow/.local/lib/python3.12/site-packages/airflow/example_dags/example_external_task_marker_dag.py
[2025-05-02T19:39:14.533+0000] {processor.py:830} INFO - Processing file /home/airflow/.local/lib/python3.12/site-packages/airflow/example_dags/example_external_task_marker_dag.py for tasks to queue
[2025-05-02T19:39:14.535+0000] {logging_mixin.py:188} INFO - [2025-05-02T19:39:14.535+0000] {dagbag.py:540} INFO - Filling up the DagBag from /home/airflow/.local/lib/python3.12/site-packages/airflow/example_dags/example_external_task_marker_dag.py
[2025-05-02T19:39:14.539+0000] {processor.py:840} INFO - DAG(s) 'example_external_task_marker_child', 'example_external_task_marker_parent' retrieved from /home/airflow/.local/lib/python3.12/site-packages/airflow/example_dags/example_external_task_marker_dag.py
[2025-05-02T19:39:14.559+0000] {logging_mixin.py:188} INFO - [2025-05-02T19:39:14.559+0000] {dag.py:3096} INFO - Sync 2 DAGs
[2025-05-02T19:39:14.570+0000] {logging_mixin.py:188} INFO - [2025-05-02T19:39:14.570+0000] {dag.py:3954} INFO - Setting next_dagrun for example_external_task_marker_child to None, run_after=None
[2025-05-02T19:39:14.574+0000] {logging_mixin.py:188} INFO - [2025-05-02T19:39:14.573+0000] {dag.py:3954} INFO - Setting next_dagrun for example_external_task_marker_parent to None, run_after=None
[2025-05-02T19:39:14.587+0000] {processor.py:183} INFO - Processing /home/airflow/.local/lib/python3.12/site-packages/airflow/example_dags/example_external_task_marker_dag.py took 0.060 seconds
[2025-05-02T19:39:44.745+0000] {processor.py:161} INFO - Started process (PID=807) to work on /home/airflow/.local/lib/python3.12/site-packages/airflow/example_dags/example_external_task_marker_dag.py
[2025-05-02T19:39:44.746+0000] {processor.py:830} INFO - Processing file /home/airflow/.local/lib/python3.12/site-packages/airflow/example_dags/example_external_task_marker_dag.py for tasks to queue
[2025-05-02T19:39:44.748+0000] {logging_mixin.py:188} INFO - [2025-05-02T19:39:44.748+0000] {dagbag.py:540} INFO - Filling up the DagBag from /home/airflow/.local/lib/python3.12/site-packages/airflow/example_dags/example_external_task_marker_dag.py
[2025-05-02T19:39:44.754+0000] {processor.py:840} INFO - DAG(s) 'example_external_task_marker_child', 'example_external_task_marker_parent' retrieved from /home/airflow/.local/lib/python3.12/site-packages/airflow/example_dags/example_external_task_marker_dag.py
[2025-05-02T19:39:44.776+0000] {logging_mixin.py:188} INFO - [2025-05-02T19:39:44.776+0000] {dag.py:3096} INFO - Sync 2 DAGs
[2025-05-02T19:39:44.786+0000] {logging_mixin.py:188} INFO - [2025-05-02T19:39:44.786+0000] {dag.py:3954} INFO - Setting next_dagrun for example_external_task_marker_child to None, run_after=None
[2025-05-02T19:39:44.790+0000] {logging_mixin.py:188} INFO - [2025-05-02T19:39:44.790+0000] {dag.py:3954} INFO - Setting next_dagrun for example_external_task_marker_parent to None, run_after=None
[2025-05-02T19:39:44.803+0000] {processor.py:183} INFO - Processing /home/airflow/.local/lib/python3.12/site-packages/airflow/example_dags/example_external_task_marker_dag.py took 0.063 seconds
[2025-05-02T19:40:15.354+0000] {processor.py:161} INFO - Started process (PID=865) to work on /home/airflow/.local/lib/python3.12/site-packages/airflow/example_dags/example_external_task_marker_dag.py
[2025-05-02T19:40:15.355+0000] {processor.py:830} INFO - Processing file /home/airflow/.local/lib/python3.12/site-packages/airflow/example_dags/example_external_task_marker_dag.py for tasks to queue
[2025-05-02T19:40:15.356+0000] {logging_mixin.py:188} INFO - [2025-05-02T19:40:15.356+0000] {dagbag.py:540} INFO - Filling up the DagBag from /home/airflow/.local/lib/python3.12/site-packages/airflow/example_dags/example_external_task_marker_dag.py
[2025-05-02T19:40:15.361+0000] {processor.py:840} INFO - DAG(s) 'example_external_task_marker_child', 'example_external_task_marker_parent' retrieved from /home/airflow/.local/lib/python3.12/site-packages/airflow/example_dags/example_external_task_marker_dag.py
[2025-05-02T19:40:15.381+0000] {logging_mixin.py:188} INFO - [2025-05-02T19:40:15.380+0000] {dag.py:3096} INFO - Sync 2 DAGs
[2025-05-02T19:40:15.395+0000] {logging_mixin.py:188} INFO - [2025-05-02T19:40:15.395+0000] {dag.py:3954} INFO - Setting next_dagrun for example_external_task_marker_child to None, run_after=None
[2025-05-02T19:40:15.399+0000] {logging_mixin.py:188} INFO - [2025-05-02T19:40:15.399+0000] {dag.py:3954} INFO - Setting next_dagrun for example_external_task_marker_parent to None, run_after=None
[2025-05-02T19:40:15.416+0000] {processor.py:183} INFO - Processing /home/airflow/.local/lib/python3.12/site-packages/airflow/example_dags/example_external_task_marker_dag.py took 0.067 seconds
[2025-05-02T19:40:45.994+0000] {processor.py:161} INFO - Started process (PID=923) to work on /home/airflow/.local/lib/python3.12/site-packages/airflow/example_dags/example_external_task_marker_dag.py
[2025-05-02T19:40:45.995+0000] {processor.py:830} INFO - Processing file /home/airflow/.local/lib/python3.12/site-packages/airflow/example_dags/example_external_task_marker_dag.py for tasks to queue
[2025-05-02T19:40:45.996+0000] {logging_mixin.py:188} INFO - [2025-05-02T19:40:45.996+0000] {dagbag.py:540} INFO - Filling up the DagBag from /home/airflow/.local/lib/python3.12/site-packages/airflow/example_dags/example_external_task_marker_dag.py
[2025-05-02T19:40:46.001+0000] {processor.py:840} INFO - DAG(s) 'example_external_task_marker_child', 'example_external_task_marker_parent' retrieved from /home/airflow/.local/lib/python3.12/site-packages/airflow/example_dags/example_external_task_marker_dag.py
[2025-05-02T19:40:46.021+0000] {logging_mixin.py:188} INFO - [2025-05-02T19:40:46.020+0000] {dag.py:3096} INFO - Sync 2 DAGs
[2025-05-02T19:40:46.032+0000] {logging_mixin.py:188} INFO - [2025-05-02T19:40:46.031+0000] {dag.py:3954} INFO - Setting next_dagrun for example_external_task_marker_child to None, run_after=None
[2025-05-02T19:40:46.034+0000] {logging_mixin.py:188} INFO - [2025-05-02T19:40:46.034+0000] {dag.py:3954} INFO - Setting next_dagrun for example_external_task_marker_parent to None, run_after=None
[2025-05-02T19:40:46.049+0000] {processor.py:183} INFO - Processing /home/airflow/.local/lib/python3.12/site-packages/airflow/example_dags/example_external_task_marker_dag.py took 0.060 seconds
[2025-05-02T19:41:16.506+0000] {processor.py:161} INFO - Started process (PID=975) to work on /home/airflow/.local/lib/python3.12/site-packages/airflow/example_dags/example_external_task_marker_dag.py
[2025-05-02T19:41:16.507+0000] {processor.py:830} INFO - Processing file /home/airflow/.local/lib/python3.12/site-packages/airflow/example_dags/example_external_task_marker_dag.py for tasks to queue
[2025-05-02T19:41:16.509+0000] {logging_mixin.py:188} INFO - [2025-05-02T19:41:16.509+0000] {dagbag.py:540} INFO - Filling up the DagBag from /home/airflow/.local/lib/python3.12/site-packages/airflow/example_dags/example_external_task_marker_dag.py
[2025-05-02T19:41:16.516+0000] {processor.py:840} INFO - DAG(s) 'example_external_task_marker_parent', 'example_external_task_marker_child' retrieved from /home/airflow/.local/lib/python3.12/site-packages/airflow/example_dags/example_external_task_marker_dag.py
[2025-05-02T19:41:16.540+0000] {logging_mixin.py:188} INFO - [2025-05-02T19:41:16.540+0000] {dag.py:3096} INFO - Sync 2 DAGs
[2025-05-02T19:41:16.551+0000] {logging_mixin.py:188} INFO - [2025-05-02T19:41:16.550+0000] {dag.py:3954} INFO - Setting next_dagrun for example_external_task_marker_child to None, run_after=None
[2025-05-02T19:41:16.554+0000] {logging_mixin.py:188} INFO - [2025-05-02T19:41:16.554+0000] {dag.py:3954} INFO - Setting next_dagrun for example_external_task_marker_parent to None, run_after=None
[2025-05-02T19:41:16.575+0000] {processor.py:183} INFO - Processing /home/airflow/.local/lib/python3.12/site-packages/airflow/example_dags/example_external_task_marker_dag.py took 0.074 seconds
[2025-05-02T19:41:47.144+0000] {processor.py:161} INFO - Started process (PID=1033) to work on /home/airflow/.local/lib/python3.12/site-packages/airflow/example_dags/example_external_task_marker_dag.py
[2025-05-02T19:41:47.145+0000] {processor.py:830} INFO - Processing file /home/airflow/.local/lib/python3.12/site-packages/airflow/example_dags/example_external_task_marker_dag.py for tasks to queue
[2025-05-02T19:41:47.148+0000] {logging_mixin.py:188} INFO - [2025-05-02T19:41:47.147+0000] {dagbag.py:540} INFO - Filling up the DagBag from /home/airflow/.local/lib/python3.12/site-packages/airflow/example_dags/example_external_task_marker_dag.py
[2025-05-02T19:41:47.153+0000] {processor.py:840} INFO - DAG(s) 'example_external_task_marker_parent', 'example_external_task_marker_child' retrieved from /home/airflow/.local/lib/python3.12/site-packages/airflow/example_dags/example_external_task_marker_dag.py
[2025-05-02T19:41:47.180+0000] {logging_mixin.py:188} INFO - [2025-05-02T19:41:47.180+0000] {dag.py:3096} INFO - Sync 2 DAGs
[2025-05-02T19:41:47.194+0000] {logging_mixin.py:188} INFO - [2025-05-02T19:41:47.194+0000] {dag.py:3954} INFO - Setting next_dagrun for example_external_task_marker_child to None, run_after=None
[2025-05-02T19:41:47.197+0000] {logging_mixin.py:188} INFO - [2025-05-02T19:41:47.197+0000] {dag.py:3954} INFO - Setting next_dagrun for example_external_task_marker_parent to None, run_after=None
[2025-05-02T19:41:47.218+0000] {processor.py:183} INFO - Processing /home/airflow/.local/lib/python3.12/site-packages/airflow/example_dags/example_external_task_marker_dag.py took 0.083 seconds
[2025-05-02T19:42:17.724+0000] {processor.py:161} INFO - Started process (PID=1091) to work on /home/airflow/.local/lib/python3.12/site-packages/airflow/example_dags/example_external_task_marker_dag.py
[2025-05-02T19:42:17.725+0000] {processor.py:830} INFO - Processing file /home/airflow/.local/lib/python3.12/site-packages/airflow/example_dags/example_external_task_marker_dag.py for tasks to queue
[2025-05-02T19:42:17.726+0000] {logging_mixin.py:188} INFO - [2025-05-02T19:42:17.726+0000] {dagbag.py:540} INFO - Filling up the DagBag from /home/airflow/.local/lib/python3.12/site-packages/airflow/example_dags/example_external_task_marker_dag.py
[2025-05-02T19:42:17.731+0000] {processor.py:840} INFO - DAG(s) 'example_external_task_marker_parent', 'example_external_task_marker_child' retrieved from /home/airflow/.local/lib/python3.12/site-packages/airflow/example_dags/example_external_task_marker_dag.py
[2025-05-02T19:42:17.750+0000] {logging_mixin.py:188} INFO - [2025-05-02T19:42:17.750+0000] {dag.py:3096} INFO - Sync 2 DAGs
[2025-05-02T19:42:17.761+0000] {logging_mixin.py:188} INFO - [2025-05-02T19:42:17.761+0000] {dag.py:3954} INFO - Setting next_dagrun for example_external_task_marker_child to None, run_after=None
[2025-05-02T19:42:17.765+0000] {logging_mixin.py:188} INFO - [2025-05-02T19:42:17.765+0000] {dag.py:3954} INFO - Setting next_dagrun for example_external_task_marker_parent to None, run_after=None
[2025-05-02T19:42:17.777+0000] {processor.py:183} INFO - Processing /home/airflow/.local/lib/python3.12/site-packages/airflow/example_dags/example_external_task_marker_dag.py took 0.058 seconds
[2025-05-02T19:42:49.423+0000] {processor.py:161} INFO - Started process (PID=1149) to work on /home/airflow/.local/lib/python3.12/site-packages/airflow/example_dags/example_external_task_marker_dag.py
[2025-05-02T19:42:49.424+0000] {processor.py:830} INFO - Processing file /home/airflow/.local/lib/python3.12/site-packages/airflow/example_dags/example_external_task_marker_dag.py for tasks to queue
[2025-05-02T19:42:49.426+0000] {logging_mixin.py:188} INFO - [2025-05-02T19:42:49.425+0000] {dagbag.py:540} INFO - Filling up the DagBag from /home/airflow/.local/lib/python3.12/site-packages/airflow/example_dags/example_external_task_marker_dag.py
[2025-05-02T19:42:49.431+0000] {processor.py:840} INFO - DAG(s) 'example_external_task_marker_child', 'example_external_task_marker_parent' retrieved from /home/airflow/.local/lib/python3.12/site-packages/airflow/example_dags/example_external_task_marker_dag.py
[2025-05-02T19:42:49.452+0000] {logging_mixin.py:188} INFO - [2025-05-02T19:42:49.452+0000] {dag.py:3096} INFO - Sync 2 DAGs
[2025-05-02T19:42:49.463+0000] {logging_mixin.py:188} INFO - [2025-05-02T19:42:49.463+0000] {dag.py:3954} INFO - Setting next_dagrun for example_external_task_marker_child to None, run_after=None
[2025-05-02T19:42:49.466+0000] {logging_mixin.py:188} INFO - [2025-05-02T19:42:49.466+0000] {dag.py:3954} INFO - Setting next_dagrun for example_external_task_marker_parent to None, run_after=None
[2025-05-02T19:42:49.481+0000] {processor.py:183} INFO - Processing /home/airflow/.local/lib/python3.12/site-packages/airflow/example_dags/example_external_task_marker_dag.py took 0.063 seconds
[2025-05-02T19:43:19.711+0000] {processor.py:161} INFO - Started process (PID=1209) to work on /home/airflow/.local/lib/python3.12/site-packages/airflow/example_dags/example_external_task_marker_dag.py
[2025-05-02T19:43:19.712+0000] {processor.py:830} INFO - Processing file /home/airflow/.local/lib/python3.12/site-packages/airflow/example_dags/example_external_task_marker_dag.py for tasks to queue
[2025-05-02T19:43:19.714+0000] {logging_mixin.py:188} INFO - [2025-05-02T19:43:19.714+0000] {dagbag.py:540} INFO - Filling up the DagBag from /home/airflow/.local/lib/python3.12/site-packages/airflow/example_dags/example_external_task_marker_dag.py
[2025-05-02T19:43:19.720+0000] {processor.py:840} INFO - DAG(s) 'example_external_task_marker_child', 'example_external_task_marker_parent' retrieved from /home/airflow/.local/lib/python3.12/site-packages/airflow/example_dags/example_external_task_marker_dag.py
[2025-05-02T19:43:19.739+0000] {logging_mixin.py:188} INFO - [2025-05-02T19:43:19.739+0000] {dag.py:3096} INFO - Sync 2 DAGs
[2025-05-02T19:43:19.749+0000] {logging_mixin.py:188} INFO - [2025-05-02T19:43:19.749+0000] {dag.py:3954} INFO - Setting next_dagrun for example_external_task_marker_child to None, run_after=None
[2025-05-02T19:43:19.751+0000] {logging_mixin.py:188} INFO - [2025-05-02T19:43:19.751+0000] {dag.py:3954} INFO - Setting next_dagrun for example_external_task_marker_parent to None, run_after=None
[2025-05-02T19:43:19.765+0000] {processor.py:183} INFO - Processing /home/airflow/.local/lib/python3.12/site-packages/airflow/example_dags/example_external_task_marker_dag.py took 0.059 seconds
[2025-05-02T19:43:50.399+0000] {processor.py:161} INFO - Started process (PID=1269) to work on /home/airflow/.local/lib/python3.12/site-packages/airflow/example_dags/example_external_task_marker_dag.py
[2025-05-02T19:43:50.401+0000] {processor.py:830} INFO - Processing file /home/airflow/.local/lib/python3.12/site-packages/airflow/example_dags/example_external_task_marker_dag.py for tasks to queue
[2025-05-02T19:43:50.402+0000] {logging_mixin.py:188} INFO - [2025-05-02T19:43:50.402+0000] {dagbag.py:540} INFO - Filling up the DagBag from /home/airflow/.local/lib/python3.12/site-packages/airflow/example_dags/example_external_task_marker_dag.py
[2025-05-02T19:43:50.407+0000] {processor.py:840} INFO - DAG(s) 'example_external_task_marker_parent', 'example_external_task_marker_child' retrieved from /home/airflow/.local/lib/python3.12/site-packages/airflow/example_dags/example_external_task_marker_dag.py
[2025-05-02T19:43:50.432+0000] {logging_mixin.py:188} INFO - [2025-05-02T19:43:50.432+0000] {dag.py:3096} INFO - Sync 2 DAGs
[2025-05-02T19:43:50.444+0000] {logging_mixin.py:188} INFO - [2025-05-02T19:43:50.443+0000] {dag.py:3954} INFO - Setting next_dagrun for example_external_task_marker_child to None, run_after=None
[2025-05-02T19:43:50.447+0000] {logging_mixin.py:188} INFO - [2025-05-02T19:43:50.446+0000] {dag.py:3954} INFO - Setting next_dagrun for example_external_task_marker_parent to None, run_after=None
[2025-05-02T19:43:50.460+0000] {processor.py:183} INFO - Processing /home/airflow/.local/lib/python3.12/site-packages/airflow/example_dags/example_external_task_marker_dag.py took 0.067 seconds
[2025-05-02T19:44:21.273+0000] {processor.py:161} INFO - Started process (PID=1364) to work on /home/airflow/.local/lib/python3.12/site-packages/airflow/example_dags/example_external_task_marker_dag.py
[2025-05-02T19:44:21.274+0000] {processor.py:830} INFO - Processing file /home/airflow/.local/lib/python3.12/site-packages/airflow/example_dags/example_external_task_marker_dag.py for tasks to queue
[2025-05-02T19:44:21.277+0000] {logging_mixin.py:188} INFO - [2025-05-02T19:44:21.277+0000] {dagbag.py:540} INFO - Filling up the DagBag from /home/airflow/.local/lib/python3.12/site-packages/airflow/example_dags/example_external_task_marker_dag.py
[2025-05-02T19:44:21.289+0000] {processor.py:840} INFO - DAG(s) 'example_external_task_marker_child', 'example_external_task_marker_parent' retrieved from /home/airflow/.local/lib/python3.12/site-packages/airflow/example_dags/example_external_task_marker_dag.py
[2025-05-02T19:44:21.386+0000] {logging_mixin.py:188} INFO - [2025-05-02T19:44:21.386+0000] {dag.py:3096} INFO - Sync 2 DAGs
[2025-05-02T19:44:21.435+0000] {logging_mixin.py:188} INFO - [2025-05-02T19:44:21.435+0000] {dag.py:3954} INFO - Setting next_dagrun for example_external_task_marker_child to None, run_after=None
[2025-05-02T19:44:21.480+0000] {logging_mixin.py:188} INFO - [2025-05-02T19:44:21.479+0000] {dag.py:3954} INFO - Setting next_dagrun for example_external_task_marker_parent to None, run_after=None
[2025-05-02T19:44:21.576+0000] {processor.py:183} INFO - Processing /home/airflow/.local/lib/python3.12/site-packages/airflow/example_dags/example_external_task_marker_dag.py took 0.314 seconds
[2025-05-02T19:44:52.729+0000] {processor.py:161} INFO - Started process (PID=1466) to work on /home/airflow/.local/lib/python3.12/site-packages/airflow/example_dags/example_external_task_marker_dag.py
[2025-05-02T19:44:52.761+0000] {processor.py:830} INFO - Processing file /home/airflow/.local/lib/python3.12/site-packages/airflow/example_dags/example_external_task_marker_dag.py for tasks to queue
[2025-05-02T19:44:52.765+0000] {logging_mixin.py:188} INFO - [2025-05-02T19:44:52.764+0000] {dagbag.py:540} INFO - Filling up the DagBag from /home/airflow/.local/lib/python3.12/site-packages/airflow/example_dags/example_external_task_marker_dag.py
[2025-05-02T19:44:52.789+0000] {processor.py:840} INFO - DAG(s) 'example_external_task_marker_child', 'example_external_task_marker_parent' retrieved from /home/airflow/.local/lib/python3.12/site-packages/airflow/example_dags/example_external_task_marker_dag.py
[2025-05-02T19:44:52.871+0000] {logging_mixin.py:188} INFO - [2025-05-02T19:44:52.871+0000] {dag.py:3096} INFO - Sync 2 DAGs
[2025-05-02T19:44:52.936+0000] {logging_mixin.py:188} INFO - [2025-05-02T19:44:52.936+0000] {dag.py:3954} INFO - Setting next_dagrun for example_external_task_marker_child to None, run_after=None
[2025-05-02T19:44:52.946+0000] {logging_mixin.py:188} INFO - [2025-05-02T19:44:52.946+0000] {dag.py:3954} INFO - Setting next_dagrun for example_external_task_marker_parent to None, run_after=None
[2025-05-02T19:44:53.092+0000] {processor.py:183} INFO - Processing /home/airflow/.local/lib/python3.12/site-packages/airflow/example_dags/example_external_task_marker_dag.py took 0.460 seconds
[2025-05-02T19:45:23.680+0000] {processor.py:161} INFO - Started process (PID=1556) to work on /home/airflow/.local/lib/python3.12/site-packages/airflow/example_dags/example_external_task_marker_dag.py
[2025-05-02T19:45:23.682+0000] {processor.py:830} INFO - Processing file /home/airflow/.local/lib/python3.12/site-packages/airflow/example_dags/example_external_task_marker_dag.py for tasks to queue
[2025-05-02T19:45:23.685+0000] {logging_mixin.py:188} INFO - [2025-05-02T19:45:23.684+0000] {dagbag.py:540} INFO - Filling up the DagBag from /home/airflow/.local/lib/python3.12/site-packages/airflow/example_dags/example_external_task_marker_dag.py
[2025-05-02T19:45:23.697+0000] {processor.py:840} INFO - DAG(s) 'example_external_task_marker_parent', 'example_external_task_marker_child' retrieved from /home/airflow/.local/lib/python3.12/site-packages/airflow/example_dags/example_external_task_marker_dag.py
[2025-05-02T19:45:23.869+0000] {logging_mixin.py:188} INFO - [2025-05-02T19:45:23.869+0000] {dag.py:3096} INFO - Sync 2 DAGs
[2025-05-02T19:45:23.919+0000] {logging_mixin.py:188} INFO - [2025-05-02T19:45:23.919+0000] {dag.py:3954} INFO - Setting next_dagrun for example_external_task_marker_child to None, run_after=None
[2025-05-02T19:45:23.942+0000] {logging_mixin.py:188} INFO - [2025-05-02T19:45:23.941+0000] {dag.py:3954} INFO - Setting next_dagrun for example_external_task_marker_parent to None, run_after=None
[2025-05-02T19:45:24.029+0000] {processor.py:183} INFO - Processing /home/airflow/.local/lib/python3.12/site-packages/airflow/example_dags/example_external_task_marker_dag.py took 0.360 seconds
[2025-05-02T19:45:54.792+0000] {processor.py:161} INFO - Started process (PID=1658) to work on /home/airflow/.local/lib/python3.12/site-packages/airflow/example_dags/example_external_task_marker_dag.py
[2025-05-02T19:45:54.795+0000] {processor.py:830} INFO - Processing file /home/airflow/.local/lib/python3.12/site-packages/airflow/example_dags/example_external_task_marker_dag.py for tasks to queue
[2025-05-02T19:45:54.801+0000] {logging_mixin.py:188} INFO - [2025-05-02T19:45:54.801+0000] {dagbag.py:540} INFO - Filling up the DagBag from /home/airflow/.local/lib/python3.12/site-packages/airflow/example_dags/example_external_task_marker_dag.py
[2025-05-02T19:45:54.818+0000] {processor.py:840} INFO - DAG(s) 'example_external_task_marker_parent', 'example_external_task_marker_child' retrieved from /home/airflow/.local/lib/python3.12/site-packages/airflow/example_dags/example_external_task_marker_dag.py
[2025-05-02T19:45:54.956+0000] {logging_mixin.py:188} INFO - [2025-05-02T19:45:54.955+0000] {dag.py:3096} INFO - Sync 2 DAGs
[2025-05-02T19:45:55.055+0000] {logging_mixin.py:188} INFO - [2025-05-02T19:45:55.044+0000] {dag.py:3954} INFO - Setting next_dagrun for example_external_task_marker_child to None, run_after=None
[2025-05-02T19:45:55.100+0000] {logging_mixin.py:188} INFO - [2025-05-02T19:45:55.100+0000] {dag.py:3954} INFO - Setting next_dagrun for example_external_task_marker_parent to None, run_after=None
[2025-05-02T19:45:55.278+0000] {processor.py:183} INFO - Processing /home/airflow/.local/lib/python3.12/site-packages/airflow/example_dags/example_external_task_marker_dag.py took 0.499 seconds
[2025-05-02T19:46:25.472+0000] {processor.py:161} INFO - Started process (PID=1757) to work on /home/airflow/.local/lib/python3.12/site-packages/airflow/example_dags/example_external_task_marker_dag.py
[2025-05-02T19:46:25.473+0000] {processor.py:830} INFO - Processing file /home/airflow/.local/lib/python3.12/site-packages/airflow/example_dags/example_external_task_marker_dag.py for tasks to queue
[2025-05-02T19:46:25.477+0000] {logging_mixin.py:188} INFO - [2025-05-02T19:46:25.477+0000] {dagbag.py:540} INFO - Filling up the DagBag from /home/airflow/.local/lib/python3.12/site-packages/airflow/example_dags/example_external_task_marker_dag.py
[2025-05-02T19:46:25.496+0000] {processor.py:840} INFO - DAG(s) 'example_external_task_marker_parent', 'example_external_task_marker_child' retrieved from /home/airflow/.local/lib/python3.12/site-packages/airflow/example_dags/example_external_task_marker_dag.py
[2025-05-02T19:46:25.590+0000] {logging_mixin.py:188} INFO - [2025-05-02T19:46:25.589+0000] {dag.py:3096} INFO - Sync 2 DAGs
[2025-05-02T19:46:25.622+0000] {logging_mixin.py:188} INFO - [2025-05-02T19:46:25.622+0000] {dag.py:3954} INFO - Setting next_dagrun for example_external_task_marker_child to None, run_after=None
[2025-05-02T19:46:25.630+0000] {logging_mixin.py:188} INFO - [2025-05-02T19:46:25.629+0000] {dag.py:3954} INFO - Setting next_dagrun for example_external_task_marker_parent to None, run_after=None
[2025-05-02T19:46:25.680+0000] {processor.py:183} INFO - Processing /home/airflow/.local/lib/python3.12/site-packages/airflow/example_dags/example_external_task_marker_dag.py took 0.231 seconds
[2025-05-02T19:46:56.792+0000] {processor.py:161} INFO - Started process (PID=1882) to work on /home/airflow/.local/lib/python3.12/site-packages/airflow/example_dags/example_external_task_marker_dag.py
[2025-05-02T19:46:56.807+0000] {processor.py:830} INFO - Processing file /home/airflow/.local/lib/python3.12/site-packages/airflow/example_dags/example_external_task_marker_dag.py for tasks to queue
[2025-05-02T19:46:56.811+0000] {logging_mixin.py:188} INFO - [2025-05-02T19:46:56.810+0000] {dagbag.py:540} INFO - Filling up the DagBag from /home/airflow/.local/lib/python3.12/site-packages/airflow/example_dags/example_external_task_marker_dag.py
[2025-05-02T19:46:56.856+0000] {processor.py:840} INFO - DAG(s) 'example_external_task_marker_child', 'example_external_task_marker_parent' retrieved from /home/airflow/.local/lib/python3.12/site-packages/airflow/example_dags/example_external_task_marker_dag.py
[2025-05-02T19:46:57.007+0000] {logging_mixin.py:188} INFO - [2025-05-02T19:46:57.007+0000] {dag.py:3096} INFO - Sync 2 DAGs
[2025-05-02T19:46:57.067+0000] {logging_mixin.py:188} INFO - [2025-05-02T19:46:57.056+0000] {dag.py:3954} INFO - Setting next_dagrun for example_external_task_marker_child to None, run_after=None
[2025-05-02T19:46:57.079+0000] {logging_mixin.py:188} INFO - [2025-05-02T19:46:57.077+0000] {dag.py:3954} INFO - Setting next_dagrun for example_external_task_marker_parent to None, run_after=None
[2025-05-02T19:46:57.136+0000] {processor.py:183} INFO - Processing /home/airflow/.local/lib/python3.12/site-packages/airflow/example_dags/example_external_task_marker_dag.py took 0.358 seconds
[2025-05-02T19:47:31.715+0000] {processor.py:161} INFO - Started process (PID=1980) to work on /home/airflow/.local/lib/python3.12/site-packages/airflow/example_dags/example_external_task_marker_dag.py
[2025-05-02T19:47:31.717+0000] {processor.py:830} INFO - Processing file /home/airflow/.local/lib/python3.12/site-packages/airflow/example_dags/example_external_task_marker_dag.py for tasks to queue
[2025-05-02T19:47:31.721+0000] {logging_mixin.py:188} INFO - [2025-05-02T19:47:31.720+0000] {dagbag.py:540} INFO - Filling up the DagBag from /home/airflow/.local/lib/python3.12/site-packages/airflow/example_dags/example_external_task_marker_dag.py
[2025-05-02T19:47:31.747+0000] {processor.py:840} INFO - DAG(s) 'example_external_task_marker_child', 'example_external_task_marker_parent' retrieved from /home/airflow/.local/lib/python3.12/site-packages/airflow/example_dags/example_external_task_marker_dag.py
[2025-05-02T19:47:31.922+0000] {logging_mixin.py:188} INFO - [2025-05-02T19:47:31.922+0000] {dag.py:3096} INFO - Sync 2 DAGs
[2025-05-02T19:47:31.960+0000] {logging_mixin.py:188} INFO - [2025-05-02T19:47:31.959+0000] {dag.py:3954} INFO - Setting next_dagrun for example_external_task_marker_child to None, run_after=None
[2025-05-02T19:47:31.981+0000] {logging_mixin.py:188} INFO - [2025-05-02T19:47:31.980+0000] {dag.py:3954} INFO - Setting next_dagrun for example_external_task_marker_parent to None, run_after=None
[2025-05-02T19:47:32.037+0000] {processor.py:183} INFO - Processing /home/airflow/.local/lib/python3.12/site-packages/airflow/example_dags/example_external_task_marker_dag.py took 0.349 seconds
[2025-05-02T19:48:04.973+0000] {processor.py:161} INFO - Started process (PID=2078) to work on /home/airflow/.local/lib/python3.12/site-packages/airflow/example_dags/example_external_task_marker_dag.py
[2025-05-02T19:48:04.995+0000] {processor.py:830} INFO - Processing file /home/airflow/.local/lib/python3.12/site-packages/airflow/example_dags/example_external_task_marker_dag.py for tasks to queue
[2025-05-02T19:48:04.998+0000] {logging_mixin.py:188} INFO - [2025-05-02T19:48:04.998+0000] {dagbag.py:540} INFO - Filling up the DagBag from /home/airflow/.local/lib/python3.12/site-packages/airflow/example_dags/example_external_task_marker_dag.py
[2025-05-02T19:48:05.061+0000] {processor.py:840} INFO - DAG(s) 'example_external_task_marker_parent', 'example_external_task_marker_child' retrieved from /home/airflow/.local/lib/python3.12/site-packages/airflow/example_dags/example_external_task_marker_dag.py
[2025-05-02T19:48:05.185+0000] {logging_mixin.py:188} INFO - [2025-05-02T19:48:05.184+0000] {dag.py:3096} INFO - Sync 2 DAGs
[2025-05-02T19:48:05.218+0000] {logging_mixin.py:188} INFO - [2025-05-02T19:48:05.217+0000] {dag.py:3954} INFO - Setting next_dagrun for example_external_task_marker_child to None, run_after=None
[2025-05-02T19:48:05.226+0000] {logging_mixin.py:188} INFO - [2025-05-02T19:48:05.226+0000] {dag.py:3954} INFO - Setting next_dagrun for example_external_task_marker_parent to None, run_after=None
[2025-05-02T19:48:05.292+0000] {processor.py:183} INFO - Processing /home/airflow/.local/lib/python3.12/site-packages/airflow/example_dags/example_external_task_marker_dag.py took 0.331 seconds
[2025-05-02T19:48:35.605+0000] {processor.py:161} INFO - Started process (PID=2171) to work on /home/airflow/.local/lib/python3.12/site-packages/airflow/example_dags/example_external_task_marker_dag.py
[2025-05-02T19:48:35.612+0000] {processor.py:830} INFO - Processing file /home/airflow/.local/lib/python3.12/site-packages/airflow/example_dags/example_external_task_marker_dag.py for tasks to queue
[2025-05-02T19:48:35.617+0000] {logging_mixin.py:188} INFO - [2025-05-02T19:48:35.617+0000] {dagbag.py:540} INFO - Filling up the DagBag from /home/airflow/.local/lib/python3.12/site-packages/airflow/example_dags/example_external_task_marker_dag.py
[2025-05-02T19:48:35.635+0000] {processor.py:840} INFO - DAG(s) 'example_external_task_marker_parent', 'example_external_task_marker_child' retrieved from /home/airflow/.local/lib/python3.12/site-packages/airflow/example_dags/example_external_task_marker_dag.py
[2025-05-02T19:48:35.862+0000] {logging_mixin.py:188} INFO - [2025-05-02T19:48:35.861+0000] {dag.py:3096} INFO - Sync 2 DAGs
[2025-05-02T19:48:35.906+0000] {logging_mixin.py:188} INFO - [2025-05-02T19:48:35.905+0000] {dag.py:3954} INFO - Setting next_dagrun for example_external_task_marker_child to None, run_after=None
[2025-05-02T19:48:35.939+0000] {logging_mixin.py:188} INFO - [2025-05-02T19:48:35.931+0000] {dag.py:3954} INFO - Setting next_dagrun for example_external_task_marker_parent to None, run_after=None
[2025-05-02T19:48:36.069+0000] {processor.py:183} INFO - Processing /home/airflow/.local/lib/python3.12/site-packages/airflow/example_dags/example_external_task_marker_dag.py took 0.483 seconds
[2025-05-02T19:49:06.244+0000] {processor.py:161} INFO - Started process (PID=2257) to work on /home/airflow/.local/lib/python3.12/site-packages/airflow/example_dags/example_external_task_marker_dag.py
[2025-05-02T19:49:06.259+0000] {processor.py:830} INFO - Processing file /home/airflow/.local/lib/python3.12/site-packages/airflow/example_dags/example_external_task_marker_dag.py for tasks to queue
[2025-05-02T19:49:06.262+0000] {logging_mixin.py:188} INFO - [2025-05-02T19:49:06.261+0000] {dagbag.py:540} INFO - Filling up the DagBag from /home/airflow/.local/lib/python3.12/site-packages/airflow/example_dags/example_external_task_marker_dag.py
[2025-05-02T19:49:06.303+0000] {processor.py:840} INFO - DAG(s) 'example_external_task_marker_child', 'example_external_task_marker_parent' retrieved from /home/airflow/.local/lib/python3.12/site-packages/airflow/example_dags/example_external_task_marker_dag.py
[2025-05-02T19:49:06.376+0000] {logging_mixin.py:188} INFO - [2025-05-02T19:49:06.375+0000] {dag.py:3096} INFO - Sync 2 DAGs
[2025-05-02T19:49:06.411+0000] {logging_mixin.py:188} INFO - [2025-05-02T19:49:06.411+0000] {dag.py:3954} INFO - Setting next_dagrun for example_external_task_marker_child to None, run_after=None
[2025-05-02T19:49:06.422+0000] {logging_mixin.py:188} INFO - [2025-05-02T19:49:06.421+0000] {dag.py:3954} INFO - Setting next_dagrun for example_external_task_marker_parent to None, run_after=None
[2025-05-02T19:49:06.476+0000] {processor.py:183} INFO - Processing /home/airflow/.local/lib/python3.12/site-packages/airflow/example_dags/example_external_task_marker_dag.py took 0.259 seconds
[2025-05-02T19:49:36.754+0000] {processor.py:161} INFO - Started process (PID=2351) to work on /home/airflow/.local/lib/python3.12/site-packages/airflow/example_dags/example_external_task_marker_dag.py
[2025-05-02T19:49:36.755+0000] {processor.py:830} INFO - Processing file /home/airflow/.local/lib/python3.12/site-packages/airflow/example_dags/example_external_task_marker_dag.py for tasks to queue
[2025-05-02T19:49:36.758+0000] {logging_mixin.py:188} INFO - [2025-05-02T19:49:36.758+0000] {dagbag.py:540} INFO - Filling up the DagBag from /home/airflow/.local/lib/python3.12/site-packages/airflow/example_dags/example_external_task_marker_dag.py
[2025-05-02T19:49:36.775+0000] {processor.py:840} INFO - DAG(s) 'example_external_task_marker_child', 'example_external_task_marker_parent' retrieved from /home/airflow/.local/lib/python3.12/site-packages/airflow/example_dags/example_external_task_marker_dag.py
[2025-05-02T19:49:36.822+0000] {logging_mixin.py:188} INFO - [2025-05-02T19:49:36.822+0000] {dag.py:3096} INFO - Sync 2 DAGs
[2025-05-02T19:49:36.847+0000] {logging_mixin.py:188} INFO - [2025-05-02T19:49:36.847+0000] {dag.py:3954} INFO - Setting next_dagrun for example_external_task_marker_child to None, run_after=None
[2025-05-02T19:49:36.853+0000] {logging_mixin.py:188} INFO - [2025-05-02T19:49:36.853+0000] {dag.py:3954} INFO - Setting next_dagrun for example_external_task_marker_parent to None, run_after=None
[2025-05-02T19:49:36.875+0000] {processor.py:183} INFO - Processing /home/airflow/.local/lib/python3.12/site-packages/airflow/example_dags/example_external_task_marker_dag.py took 0.131 seconds
[2025-05-02T19:50:07.159+0000] {processor.py:161} INFO - Started process (PID=2438) to work on /home/airflow/.local/lib/python3.12/site-packages/airflow/example_dags/example_external_task_marker_dag.py
[2025-05-02T19:50:07.168+0000] {processor.py:830} INFO - Processing file /home/airflow/.local/lib/python3.12/site-packages/airflow/example_dags/example_external_task_marker_dag.py for tasks to queue
[2025-05-02T19:50:07.172+0000] {logging_mixin.py:188} INFO - [2025-05-02T19:50:07.171+0000] {dagbag.py:540} INFO - Filling up the DagBag from /home/airflow/.local/lib/python3.12/site-packages/airflow/example_dags/example_external_task_marker_dag.py
[2025-05-02T19:50:07.186+0000] {processor.py:840} INFO - DAG(s) 'example_external_task_marker_parent', 'example_external_task_marker_child' retrieved from /home/airflow/.local/lib/python3.12/site-packages/airflow/example_dags/example_external_task_marker_dag.py
[2025-05-02T19:50:07.281+0000] {logging_mixin.py:188} INFO - [2025-05-02T19:50:07.280+0000] {dag.py:3096} INFO - Sync 2 DAGs
[2025-05-02T19:50:07.316+0000] {logging_mixin.py:188} INFO - [2025-05-02T19:50:07.316+0000] {dag.py:3954} INFO - Setting next_dagrun for example_external_task_marker_child to None, run_after=None
[2025-05-02T19:50:07.339+0000] {logging_mixin.py:188} INFO - [2025-05-02T19:50:07.338+0000] {dag.py:3954} INFO - Setting next_dagrun for example_external_task_marker_parent to None, run_after=None
[2025-05-02T19:50:07.405+0000] {processor.py:183} INFO - Processing /home/airflow/.local/lib/python3.12/site-packages/airflow/example_dags/example_external_task_marker_dag.py took 0.264 seconds
[2025-05-02T19:50:38.249+0000] {processor.py:161} INFO - Started process (PID=2541) to work on /home/airflow/.local/lib/python3.12/site-packages/airflow/example_dags/example_external_task_marker_dag.py
[2025-05-02T19:50:38.251+0000] {processor.py:830} INFO - Processing file /home/airflow/.local/lib/python3.12/site-packages/airflow/example_dags/example_external_task_marker_dag.py for tasks to queue
[2025-05-02T19:50:38.261+0000] {logging_mixin.py:188} INFO - [2025-05-02T19:50:38.257+0000] {dagbag.py:540} INFO - Filling up the DagBag from /home/airflow/.local/lib/python3.12/site-packages/airflow/example_dags/example_external_task_marker_dag.py
[2025-05-02T19:50:38.274+0000] {processor.py:840} INFO - DAG(s) 'example_external_task_marker_parent', 'example_external_task_marker_child' retrieved from /home/airflow/.local/lib/python3.12/site-packages/airflow/example_dags/example_external_task_marker_dag.py
[2025-05-02T19:50:38.342+0000] {logging_mixin.py:188} INFO - [2025-05-02T19:50:38.342+0000] {dag.py:3096} INFO - Sync 2 DAGs
[2025-05-02T19:50:38.389+0000] {logging_mixin.py:188} INFO - [2025-05-02T19:50:38.389+0000] {dag.py:3954} INFO - Setting next_dagrun for example_external_task_marker_child to None, run_after=None
[2025-05-02T19:50:38.398+0000] {logging_mixin.py:188} INFO - [2025-05-02T19:50:38.397+0000] {dag.py:3954} INFO - Setting next_dagrun for example_external_task_marker_parent to None, run_after=None
[2025-05-02T19:50:38.749+0000] {processor.py:183} INFO - Processing /home/airflow/.local/lib/python3.12/site-packages/airflow/example_dags/example_external_task_marker_dag.py took 0.515 seconds
[2025-05-02T19:51:15.067+0000] {processor.py:161} INFO - Started process (PID=2642) to work on /home/airflow/.local/lib/python3.12/site-packages/airflow/example_dags/example_external_task_marker_dag.py
[2025-05-02T19:51:15.075+0000] {processor.py:830} INFO - Processing file /home/airflow/.local/lib/python3.12/site-packages/airflow/example_dags/example_external_task_marker_dag.py for tasks to queue
[2025-05-02T19:51:15.081+0000] {logging_mixin.py:188} INFO - [2025-05-02T19:51:15.080+0000] {dagbag.py:540} INFO - Filling up the DagBag from /home/airflow/.local/lib/python3.12/site-packages/airflow/example_dags/example_external_task_marker_dag.py
[2025-05-02T19:51:15.100+0000] {processor.py:840} INFO - DAG(s) 'example_external_task_marker_parent', 'example_external_task_marker_child' retrieved from /home/airflow/.local/lib/python3.12/site-packages/airflow/example_dags/example_external_task_marker_dag.py
[2025-05-02T19:51:15.176+0000] {logging_mixin.py:188} INFO - [2025-05-02T19:51:15.175+0000] {dag.py:3096} INFO - Sync 2 DAGs
[2025-05-02T19:51:15.221+0000] {logging_mixin.py:188} INFO - [2025-05-02T19:51:15.221+0000] {dag.py:3954} INFO - Setting next_dagrun for example_external_task_marker_child to None, run_after=None
[2025-05-02T19:51:15.231+0000] {logging_mixin.py:188} INFO - [2025-05-02T19:51:15.230+0000] {dag.py:3954} INFO - Setting next_dagrun for example_external_task_marker_parent to None, run_after=None
[2025-05-02T19:51:15.361+0000] {processor.py:183} INFO - Processing /home/airflow/.local/lib/python3.12/site-packages/airflow/example_dags/example_external_task_marker_dag.py took 0.310 seconds
[2025-05-02T19:51:47.638+0000] {processor.py:161} INFO - Started process (PID=2734) to work on /home/airflow/.local/lib/python3.12/site-packages/airflow/example_dags/example_external_task_marker_dag.py
[2025-05-02T19:51:47.659+0000] {processor.py:830} INFO - Processing file /home/airflow/.local/lib/python3.12/site-packages/airflow/example_dags/example_external_task_marker_dag.py for tasks to queue
[2025-05-02T19:51:47.664+0000] {logging_mixin.py:188} INFO - [2025-05-02T19:51:47.664+0000] {dagbag.py:540} INFO - Filling up the DagBag from /home/airflow/.local/lib/python3.12/site-packages/airflow/example_dags/example_external_task_marker_dag.py
[2025-05-02T19:51:47.688+0000] {processor.py:840} INFO - DAG(s) 'example_external_task_marker_child', 'example_external_task_marker_parent' retrieved from /home/airflow/.local/lib/python3.12/site-packages/airflow/example_dags/example_external_task_marker_dag.py
[2025-05-02T19:51:48.179+0000] {logging_mixin.py:188} INFO - [2025-05-02T19:51:48.178+0000] {dag.py:3096} INFO - Sync 2 DAGs
[2025-05-02T19:51:48.203+0000] {logging_mixin.py:188} INFO - [2025-05-02T19:51:48.203+0000] {dag.py:3954} INFO - Setting next_dagrun for example_external_task_marker_child to None, run_after=None
[2025-05-02T19:51:48.211+0000] {logging_mixin.py:188} INFO - [2025-05-02T19:51:48.210+0000] {dag.py:3954} INFO - Setting next_dagrun for example_external_task_marker_parent to None, run_after=None
[2025-05-02T19:51:48.261+0000] {processor.py:183} INFO - Processing /home/airflow/.local/lib/python3.12/site-packages/airflow/example_dags/example_external_task_marker_dag.py took 0.654 seconds
[2025-05-02T19:52:18.830+0000] {processor.py:161} INFO - Started process (PID=2812) to work on /home/airflow/.local/lib/python3.12/site-packages/airflow/example_dags/example_external_task_marker_dag.py
[2025-05-02T19:52:18.836+0000] {processor.py:830} INFO - Processing file /home/airflow/.local/lib/python3.12/site-packages/airflow/example_dags/example_external_task_marker_dag.py for tasks to queue
[2025-05-02T19:52:18.839+0000] {logging_mixin.py:188} INFO - [2025-05-02T19:52:18.839+0000] {dagbag.py:540} INFO - Filling up the DagBag from /home/airflow/.local/lib/python3.12/site-packages/airflow/example_dags/example_external_task_marker_dag.py
[2025-05-02T19:52:18.862+0000] {processor.py:840} INFO - DAG(s) 'example_external_task_marker_child', 'example_external_task_marker_parent' retrieved from /home/airflow/.local/lib/python3.12/site-packages/airflow/example_dags/example_external_task_marker_dag.py
[2025-05-02T19:52:18.977+0000] {logging_mixin.py:188} INFO - [2025-05-02T19:52:18.977+0000] {dag.py:3096} INFO - Sync 2 DAGs
[2025-05-02T19:52:19.014+0000] {logging_mixin.py:188} INFO - [2025-05-02T19:52:19.013+0000] {dag.py:3954} INFO - Setting next_dagrun for example_external_task_marker_child to None, run_after=None
[2025-05-02T19:52:19.030+0000] {logging_mixin.py:188} INFO - [2025-05-02T19:52:19.030+0000] {dag.py:3954} INFO - Setting next_dagrun for example_external_task_marker_parent to None, run_after=None
[2025-05-02T19:52:19.123+0000] {processor.py:183} INFO - Processing /home/airflow/.local/lib/python3.12/site-packages/airflow/example_dags/example_external_task_marker_dag.py took 0.305 seconds
[2025-05-02T19:52:49.526+0000] {processor.py:161} INFO - Started process (PID=2903) to work on /home/airflow/.local/lib/python3.12/site-packages/airflow/example_dags/example_external_task_marker_dag.py
[2025-05-02T19:52:49.527+0000] {processor.py:830} INFO - Processing file /home/airflow/.local/lib/python3.12/site-packages/airflow/example_dags/example_external_task_marker_dag.py for tasks to queue
[2025-05-02T19:52:49.531+0000] {logging_mixin.py:188} INFO - [2025-05-02T19:52:49.530+0000] {dagbag.py:540} INFO - Filling up the DagBag from /home/airflow/.local/lib/python3.12/site-packages/airflow/example_dags/example_external_task_marker_dag.py
[2025-05-02T19:52:49.543+0000] {processor.py:840} INFO - DAG(s) 'example_external_task_marker_parent', 'example_external_task_marker_child' retrieved from /home/airflow/.local/lib/python3.12/site-packages/airflow/example_dags/example_external_task_marker_dag.py
[2025-05-02T19:52:49.603+0000] {logging_mixin.py:188} INFO - [2025-05-02T19:52:49.603+0000] {dag.py:3096} INFO - Sync 2 DAGs
[2025-05-02T19:52:49.636+0000] {logging_mixin.py:188} INFO - [2025-05-02T19:52:49.636+0000] {dag.py:3954} INFO - Setting next_dagrun for example_external_task_marker_child to None, run_after=None
[2025-05-02T19:52:49.644+0000] {logging_mixin.py:188} INFO - [2025-05-02T19:52:49.643+0000] {dag.py:3954} INFO - Setting next_dagrun for example_external_task_marker_parent to None, run_after=None
[2025-05-02T19:52:49.678+0000] {processor.py:183} INFO - Processing /home/airflow/.local/lib/python3.12/site-packages/airflow/example_dags/example_external_task_marker_dag.py took 0.167 seconds
[2025-05-02T19:53:21.385+0000] {processor.py:161} INFO - Started process (PID=3011) to work on /home/airflow/.local/lib/python3.12/site-packages/airflow/example_dags/example_external_task_marker_dag.py
[2025-05-02T19:53:21.393+0000] {processor.py:830} INFO - Processing file /home/airflow/.local/lib/python3.12/site-packages/airflow/example_dags/example_external_task_marker_dag.py for tasks to queue
[2025-05-02T19:53:21.401+0000] {logging_mixin.py:188} INFO - [2025-05-02T19:53:21.400+0000] {dagbag.py:540} INFO - Filling up the DagBag from /home/airflow/.local/lib/python3.12/site-packages/airflow/example_dags/example_external_task_marker_dag.py
[2025-05-02T19:53:21.418+0000] {processor.py:840} INFO - DAG(s) 'example_external_task_marker_parent', 'example_external_task_marker_child' retrieved from /home/airflow/.local/lib/python3.12/site-packages/airflow/example_dags/example_external_task_marker_dag.py
[2025-05-02T19:53:21.471+0000] {logging_mixin.py:188} INFO - [2025-05-02T19:53:21.471+0000] {dag.py:3096} INFO - Sync 2 DAGs
[2025-05-02T19:53:21.510+0000] {logging_mixin.py:188} INFO - [2025-05-02T19:53:21.509+0000] {dag.py:3954} INFO - Setting next_dagrun for example_external_task_marker_child to None, run_after=None
[2025-05-02T19:53:21.526+0000] {logging_mixin.py:188} INFO - [2025-05-02T19:53:21.526+0000] {dag.py:3954} INFO - Setting next_dagrun for example_external_task_marker_parent to None, run_after=None
[2025-05-02T19:53:21.567+0000] {processor.py:183} INFO - Processing /home/airflow/.local/lib/python3.12/site-packages/airflow/example_dags/example_external_task_marker_dag.py took 0.200 seconds
[2025-05-02T19:53:55.158+0000] {processor.py:161} INFO - Started process (PID=3108) to work on /home/airflow/.local/lib/python3.12/site-packages/airflow/example_dags/example_external_task_marker_dag.py
[2025-05-02T19:53:55.160+0000] {processor.py:830} INFO - Processing file /home/airflow/.local/lib/python3.12/site-packages/airflow/example_dags/example_external_task_marker_dag.py for tasks to queue
[2025-05-02T19:53:55.164+0000] {logging_mixin.py:188} INFO - [2025-05-02T19:53:55.164+0000] {dagbag.py:540} INFO - Filling up the DagBag from /home/airflow/.local/lib/python3.12/site-packages/airflow/example_dags/example_external_task_marker_dag.py
[2025-05-02T19:53:55.176+0000] {processor.py:840} INFO - DAG(s) 'example_external_task_marker_parent', 'example_external_task_marker_child' retrieved from /home/airflow/.local/lib/python3.12/site-packages/airflow/example_dags/example_external_task_marker_dag.py
[2025-05-02T19:53:55.273+0000] {logging_mixin.py:188} INFO - [2025-05-02T19:53:55.273+0000] {dag.py:3096} INFO - Sync 2 DAGs
[2025-05-02T19:53:55.301+0000] {logging_mixin.py:188} INFO - [2025-05-02T19:53:55.300+0000] {dag.py:3954} INFO - Setting next_dagrun for example_external_task_marker_child to None, run_after=None
[2025-05-02T19:53:55.314+0000] {logging_mixin.py:188} INFO - [2025-05-02T19:53:55.314+0000] {dag.py:3954} INFO - Setting next_dagrun for example_external_task_marker_parent to None, run_after=None
[2025-05-02T19:53:55.397+0000] {processor.py:183} INFO - Processing /home/airflow/.local/lib/python3.12/site-packages/airflow/example_dags/example_external_task_marker_dag.py took 0.251 seconds
[2025-05-02T19:54:28.978+0000] {processor.py:161} INFO - Started process (PID=3207) to work on /home/airflow/.local/lib/python3.12/site-packages/airflow/example_dags/example_external_task_marker_dag.py
[2025-05-02T19:54:28.981+0000] {processor.py:830} INFO - Processing file /home/airflow/.local/lib/python3.12/site-packages/airflow/example_dags/example_external_task_marker_dag.py for tasks to queue
[2025-05-02T19:54:28.984+0000] {logging_mixin.py:188} INFO - [2025-05-02T19:54:28.984+0000] {dagbag.py:540} INFO - Filling up the DagBag from /home/airflow/.local/lib/python3.12/site-packages/airflow/example_dags/example_external_task_marker_dag.py
[2025-05-02T19:54:29.001+0000] {processor.py:840} INFO - DAG(s) 'example_external_task_marker_child', 'example_external_task_marker_parent' retrieved from /home/airflow/.local/lib/python3.12/site-packages/airflow/example_dags/example_external_task_marker_dag.py
[2025-05-02T19:54:29.081+0000] {logging_mixin.py:188} INFO - [2025-05-02T19:54:29.080+0000] {dag.py:3096} INFO - Sync 2 DAGs
[2025-05-02T19:54:29.114+0000] {logging_mixin.py:188} INFO - [2025-05-02T19:54:29.114+0000] {dag.py:3954} INFO - Setting next_dagrun for example_external_task_marker_child to None, run_after=None
[2025-05-02T19:54:29.124+0000] {logging_mixin.py:188} INFO - [2025-05-02T19:54:29.123+0000] {dag.py:3954} INFO - Setting next_dagrun for example_external_task_marker_parent to None, run_after=None
[2025-05-02T19:54:29.195+0000] {processor.py:183} INFO - Processing /home/airflow/.local/lib/python3.12/site-packages/airflow/example_dags/example_external_task_marker_dag.py took 0.229 seconds
[2025-05-02T19:54:59.344+0000] {processor.py:161} INFO - Started process (PID=3303) to work on /home/airflow/.local/lib/python3.12/site-packages/airflow/example_dags/example_external_task_marker_dag.py
[2025-05-02T19:54:59.346+0000] {processor.py:830} INFO - Processing file /home/airflow/.local/lib/python3.12/site-packages/airflow/example_dags/example_external_task_marker_dag.py for tasks to queue
[2025-05-02T19:54:59.349+0000] {logging_mixin.py:188} INFO - [2025-05-02T19:54:59.349+0000] {dagbag.py:540} INFO - Filling up the DagBag from /home/airflow/.local/lib/python3.12/site-packages/airflow/example_dags/example_external_task_marker_dag.py
[2025-05-02T19:54:59.364+0000] {processor.py:840} INFO - DAG(s) 'example_external_task_marker_parent', 'example_external_task_marker_child' retrieved from /home/airflow/.local/lib/python3.12/site-packages/airflow/example_dags/example_external_task_marker_dag.py
[2025-05-02T19:54:59.424+0000] {logging_mixin.py:188} INFO - [2025-05-02T19:54:59.423+0000] {dag.py:3096} INFO - Sync 2 DAGs
[2025-05-02T19:54:59.469+0000] {logging_mixin.py:188} INFO - [2025-05-02T19:54:59.469+0000] {dag.py:3954} INFO - Setting next_dagrun for example_external_task_marker_child to None, run_after=None
[2025-05-02T19:54:59.484+0000] {logging_mixin.py:188} INFO - [2025-05-02T19:54:59.483+0000] {dag.py:3954} INFO - Setting next_dagrun for example_external_task_marker_parent to None, run_after=None
[2025-05-02T19:54:59.569+0000] {processor.py:183} INFO - Processing /home/airflow/.local/lib/python3.12/site-packages/airflow/example_dags/example_external_task_marker_dag.py took 0.238 seconds
[2025-05-02T19:55:30.266+0000] {processor.py:161} INFO - Started process (PID=3392) to work on /home/airflow/.local/lib/python3.12/site-packages/airflow/example_dags/example_external_task_marker_dag.py
[2025-05-02T19:55:30.268+0000] {processor.py:830} INFO - Processing file /home/airflow/.local/lib/python3.12/site-packages/airflow/example_dags/example_external_task_marker_dag.py for tasks to queue
[2025-05-02T19:55:30.270+0000] {logging_mixin.py:188} INFO - [2025-05-02T19:55:30.270+0000] {dagbag.py:540} INFO - Filling up the DagBag from /home/airflow/.local/lib/python3.12/site-packages/airflow/example_dags/example_external_task_marker_dag.py
[2025-05-02T19:55:30.279+0000] {processor.py:840} INFO - DAG(s) 'example_external_task_marker_child', 'example_external_task_marker_parent' retrieved from /home/airflow/.local/lib/python3.12/site-packages/airflow/example_dags/example_external_task_marker_dag.py
[2025-05-02T19:55:30.322+0000] {logging_mixin.py:188} INFO - [2025-05-02T19:55:30.322+0000] {dag.py:3096} INFO - Sync 2 DAGs
[2025-05-02T19:55:30.348+0000] {logging_mixin.py:188} INFO - [2025-05-02T19:55:30.347+0000] {dag.py:3954} INFO - Setting next_dagrun for example_external_task_marker_child to None, run_after=None
[2025-05-02T19:55:30.355+0000] {logging_mixin.py:188} INFO - [2025-05-02T19:55:30.355+0000] {dag.py:3954} INFO - Setting next_dagrun for example_external_task_marker_parent to None, run_after=None
[2025-05-02T19:55:30.387+0000] {processor.py:183} INFO - Processing /home/airflow/.local/lib/python3.12/site-packages/airflow/example_dags/example_external_task_marker_dag.py took 0.134 seconds
[2025-05-02T19:56:01.237+0000] {processor.py:161} INFO - Started process (PID=3486) to work on /home/airflow/.local/lib/python3.12/site-packages/airflow/example_dags/example_external_task_marker_dag.py
[2025-05-02T19:56:01.239+0000] {processor.py:830} INFO - Processing file /home/airflow/.local/lib/python3.12/site-packages/airflow/example_dags/example_external_task_marker_dag.py for tasks to queue
[2025-05-02T19:56:01.243+0000] {logging_mixin.py:188} INFO - [2025-05-02T19:56:01.243+0000] {dagbag.py:540} INFO - Filling up the DagBag from /home/airflow/.local/lib/python3.12/site-packages/airflow/example_dags/example_external_task_marker_dag.py
[2025-05-02T19:56:01.267+0000] {processor.py:840} INFO - DAG(s) 'example_external_task_marker_child', 'example_external_task_marker_parent' retrieved from /home/airflow/.local/lib/python3.12/site-packages/airflow/example_dags/example_external_task_marker_dag.py
[2025-05-02T19:56:01.354+0000] {logging_mixin.py:188} INFO - [2025-05-02T19:56:01.353+0000] {dag.py:3096} INFO - Sync 2 DAGs
[2025-05-02T19:56:01.396+0000] {logging_mixin.py:188} INFO - [2025-05-02T19:56:01.396+0000] {dag.py:3954} INFO - Setting next_dagrun for example_external_task_marker_child to None, run_after=None
[2025-05-02T19:56:01.404+0000] {logging_mixin.py:188} INFO - [2025-05-02T19:56:01.404+0000] {dag.py:3954} INFO - Setting next_dagrun for example_external_task_marker_parent to None, run_after=None
[2025-05-02T19:56:01.460+0000] {processor.py:183} INFO - Processing /home/airflow/.local/lib/python3.12/site-packages/airflow/example_dags/example_external_task_marker_dag.py took 0.255 seconds
[2025-05-02T19:56:32.368+0000] {processor.py:161} INFO - Started process (PID=3585) to work on /home/airflow/.local/lib/python3.12/site-packages/airflow/example_dags/example_external_task_marker_dag.py
[2025-05-02T19:56:32.373+0000] {processor.py:830} INFO - Processing file /home/airflow/.local/lib/python3.12/site-packages/airflow/example_dags/example_external_task_marker_dag.py for tasks to queue
[2025-05-02T19:56:32.387+0000] {logging_mixin.py:188} INFO - [2025-05-02T19:56:32.387+0000] {dagbag.py:540} INFO - Filling up the DagBag from /home/airflow/.local/lib/python3.12/site-packages/airflow/example_dags/example_external_task_marker_dag.py
[2025-05-02T19:56:32.419+0000] {processor.py:840} INFO - DAG(s) 'example_external_task_marker_child', 'example_external_task_marker_parent' retrieved from /home/airflow/.local/lib/python3.12/site-packages/airflow/example_dags/example_external_task_marker_dag.py
[2025-05-02T19:56:32.512+0000] {logging_mixin.py:188} INFO - [2025-05-02T19:56:32.511+0000] {dag.py:3096} INFO - Sync 2 DAGs
[2025-05-02T19:56:32.556+0000] {logging_mixin.py:188} INFO - [2025-05-02T19:56:32.555+0000] {dag.py:3954} INFO - Setting next_dagrun for example_external_task_marker_child to None, run_after=None
[2025-05-02T19:56:32.580+0000] {logging_mixin.py:188} INFO - [2025-05-02T19:56:32.580+0000] {dag.py:3954} INFO - Setting next_dagrun for example_external_task_marker_parent to None, run_after=None
[2025-05-02T19:56:32.629+0000] {processor.py:183} INFO - Processing /home/airflow/.local/lib/python3.12/site-packages/airflow/example_dags/example_external_task_marker_dag.py took 0.286 seconds
[2025-05-02T19:57:03.327+0000] {processor.py:161} INFO - Started process (PID=3676) to work on /home/airflow/.local/lib/python3.12/site-packages/airflow/example_dags/example_external_task_marker_dag.py
[2025-05-02T19:57:03.329+0000] {processor.py:830} INFO - Processing file /home/airflow/.local/lib/python3.12/site-packages/airflow/example_dags/example_external_task_marker_dag.py for tasks to queue
[2025-05-02T19:57:03.332+0000] {logging_mixin.py:188} INFO - [2025-05-02T19:57:03.331+0000] {dagbag.py:540} INFO - Filling up the DagBag from /home/airflow/.local/lib/python3.12/site-packages/airflow/example_dags/example_external_task_marker_dag.py
[2025-05-02T19:57:03.344+0000] {processor.py:840} INFO - DAG(s) 'example_external_task_marker_parent', 'example_external_task_marker_child' retrieved from /home/airflow/.local/lib/python3.12/site-packages/airflow/example_dags/example_external_task_marker_dag.py
[2025-05-02T19:57:03.443+0000] {logging_mixin.py:188} INFO - [2025-05-02T19:57:03.443+0000] {dag.py:3096} INFO - Sync 2 DAGs
[2025-05-02T19:57:03.504+0000] {logging_mixin.py:188} INFO - [2025-05-02T19:57:03.503+0000] {dag.py:3954} INFO - Setting next_dagrun for example_external_task_marker_child to None, run_after=None
[2025-05-02T19:57:03.515+0000] {logging_mixin.py:188} INFO - [2025-05-02T19:57:03.514+0000] {dag.py:3954} INFO - Setting next_dagrun for example_external_task_marker_parent to None, run_after=None
[2025-05-02T19:57:03.583+0000] {processor.py:183} INFO - Processing /home/airflow/.local/lib/python3.12/site-packages/airflow/example_dags/example_external_task_marker_dag.py took 0.278 seconds
[2025-05-02T19:57:34.144+0000] {processor.py:161} INFO - Started process (PID=3780) to work on /home/airflow/.local/lib/python3.12/site-packages/airflow/example_dags/example_external_task_marker_dag.py
[2025-05-02T19:57:34.146+0000] {processor.py:830} INFO - Processing file /home/airflow/.local/lib/python3.12/site-packages/airflow/example_dags/example_external_task_marker_dag.py for tasks to queue
[2025-05-02T19:57:34.149+0000] {logging_mixin.py:188} INFO - [2025-05-02T19:57:34.148+0000] {dagbag.py:540} INFO - Filling up the DagBag from /home/airflow/.local/lib/python3.12/site-packages/airflow/example_dags/example_external_task_marker_dag.py
[2025-05-02T19:57:34.161+0000] {processor.py:840} INFO - DAG(s) 'example_external_task_marker_child', 'example_external_task_marker_parent' retrieved from /home/airflow/.local/lib/python3.12/site-packages/airflow/example_dags/example_external_task_marker_dag.py
[2025-05-02T19:57:34.215+0000] {logging_mixin.py:188} INFO - [2025-05-02T19:57:34.214+0000] {dag.py:3096} INFO - Sync 2 DAGs
[2025-05-02T19:57:34.251+0000] {logging_mixin.py:188} INFO - [2025-05-02T19:57:34.251+0000] {dag.py:3954} INFO - Setting next_dagrun for example_external_task_marker_child to None, run_after=None
[2025-05-02T19:57:34.260+0000] {logging_mixin.py:188} INFO - [2025-05-02T19:57:34.260+0000] {dag.py:3954} INFO - Setting next_dagrun for example_external_task_marker_parent to None, run_after=None
[2025-05-02T19:57:34.312+0000] {processor.py:183} INFO - Processing /home/airflow/.local/lib/python3.12/site-packages/airflow/example_dags/example_external_task_marker_dag.py took 0.184 seconds
[2025-05-02T19:58:04.851+0000] {processor.py:161} INFO - Started process (PID=3893) to work on /home/airflow/.local/lib/python3.12/site-packages/airflow/example_dags/example_external_task_marker_dag.py
[2025-05-02T19:58:04.854+0000] {processor.py:830} INFO - Processing file /home/airflow/.local/lib/python3.12/site-packages/airflow/example_dags/example_external_task_marker_dag.py for tasks to queue
[2025-05-02T19:58:04.857+0000] {logging_mixin.py:188} INFO - [2025-05-02T19:58:04.856+0000] {dagbag.py:540} INFO - Filling up the DagBag from /home/airflow/.local/lib/python3.12/site-packages/airflow/example_dags/example_external_task_marker_dag.py
[2025-05-02T19:58:04.872+0000] {processor.py:840} INFO - DAG(s) 'example_external_task_marker_child', 'example_external_task_marker_parent' retrieved from /home/airflow/.local/lib/python3.12/site-packages/airflow/example_dags/example_external_task_marker_dag.py
[2025-05-02T19:58:05.035+0000] {logging_mixin.py:188} INFO - [2025-05-02T19:58:05.035+0000] {dag.py:3096} INFO - Sync 2 DAGs
[2025-05-02T19:58:05.090+0000] {logging_mixin.py:188} INFO - [2025-05-02T19:58:05.089+0000] {dag.py:3954} INFO - Setting next_dagrun for example_external_task_marker_child to None, run_after=None
[2025-05-02T19:58:05.101+0000] {logging_mixin.py:188} INFO - [2025-05-02T19:58:05.101+0000] {dag.py:3954} INFO - Setting next_dagrun for example_external_task_marker_parent to None, run_after=None
[2025-05-02T19:58:05.161+0000] {processor.py:183} INFO - Processing /home/airflow/.local/lib/python3.12/site-packages/airflow/example_dags/example_external_task_marker_dag.py took 0.320 seconds
