[2025-05-02T19:33:08.480+0000] {processor.py:161} INFO - Started process (PID=96) to work on /home/airflow/.local/lib/python3.12/site-packages/airflow/example_dags/example_dag_decorator.py
[2025-05-02T19:33:08.480+0000] {processor.py:830} INFO - Processing file /home/airflow/.local/lib/python3.12/site-packages/airflow/example_dags/example_dag_decorator.py for tasks to queue
[2025-05-02T19:33:08.482+0000] {logging_mixin.py:188} INFO - [2025-05-02T19:33:08.482+0000] {dagbag.py:540} INFO - Filling up the DagBag from /home/airflow/.local/lib/python3.12/site-packages/airflow/example_dags/example_dag_decorator.py
[2025-05-02T19:33:08.768+0000] {processor.py:840} INFO - DAG(s) 'example_dag_decorator' retrieved from /home/airflow/.local/lib/python3.12/site-packages/airflow/example_dags/example_dag_decorator.py
[2025-05-02T19:33:08.783+0000] {logging_mixin.py:188} INFO - [2025-05-02T19:33:08.782+0000] {dag.py:3096} INFO - Sync 1 DAGs
[2025-05-02T19:33:08.803+0000] {logging_mixin.py:188} INFO - [2025-05-02T19:33:08.802+0000] {dag.py:3954} INFO - Setting next_dagrun for example_dag_decorator to None, run_after=None
[2025-05-02T19:33:08.830+0000] {processor.py:183} INFO - Processing /home/airflow/.local/lib/python3.12/site-packages/airflow/example_dags/example_dag_decorator.py took 0.357 seconds
[2025-05-02T19:33:38.951+0000] {processor.py:161} INFO - Started process (PID=148) to work on /home/airflow/.local/lib/python3.12/site-packages/airflow/example_dags/example_dag_decorator.py
[2025-05-02T19:33:38.952+0000] {processor.py:830} INFO - Processing file /home/airflow/.local/lib/python3.12/site-packages/airflow/example_dags/example_dag_decorator.py for tasks to queue
[2025-05-02T19:33:38.953+0000] {logging_mixin.py:188} INFO - [2025-05-02T19:33:38.953+0000] {dagbag.py:540} INFO - Filling up the DagBag from /home/airflow/.local/lib/python3.12/site-packages/airflow/example_dags/example_dag_decorator.py
[2025-05-02T19:33:39.035+0000] {processor.py:840} INFO - DAG(s) 'example_dag_decorator' retrieved from /home/airflow/.local/lib/python3.12/site-packages/airflow/example_dags/example_dag_decorator.py
[2025-05-02T19:33:39.125+0000] {logging_mixin.py:188} INFO - [2025-05-02T19:33:39.125+0000] {dag.py:3096} INFO - Sync 1 DAGs
[2025-05-02T19:33:39.134+0000] {logging_mixin.py:188} INFO - [2025-05-02T19:33:39.133+0000] {dag.py:3954} INFO - Setting next_dagrun for example_dag_decorator to None, run_after=None
[2025-05-02T19:33:39.150+0000] {processor.py:183} INFO - Processing /home/airflow/.local/lib/python3.12/site-packages/airflow/example_dags/example_dag_decorator.py took 0.205 seconds
[2025-05-02T19:34:10.096+0000] {processor.py:161} INFO - Started process (PID=206) to work on /home/airflow/.local/lib/python3.12/site-packages/airflow/example_dags/example_dag_decorator.py
[2025-05-02T19:34:10.097+0000] {processor.py:830} INFO - Processing file /home/airflow/.local/lib/python3.12/site-packages/airflow/example_dags/example_dag_decorator.py for tasks to queue
[2025-05-02T19:34:10.099+0000] {logging_mixin.py:188} INFO - [2025-05-02T19:34:10.098+0000] {dagbag.py:540} INFO - Filling up the DagBag from /home/airflow/.local/lib/python3.12/site-packages/airflow/example_dags/example_dag_decorator.py
[2025-05-02T19:34:10.181+0000] {processor.py:840} INFO - DAG(s) 'example_dag_decorator' retrieved from /home/airflow/.local/lib/python3.12/site-packages/airflow/example_dags/example_dag_decorator.py
[2025-05-02T19:34:10.256+0000] {logging_mixin.py:188} INFO - [2025-05-02T19:34:10.255+0000] {dag.py:3096} INFO - Sync 1 DAGs
[2025-05-02T19:34:10.264+0000] {logging_mixin.py:188} INFO - [2025-05-02T19:34:10.264+0000] {dag.py:3954} INFO - Setting next_dagrun for example_dag_decorator to None, run_after=None
[2025-05-02T19:34:10.282+0000] {processor.py:183} INFO - Processing /home/airflow/.local/lib/python3.12/site-packages/airflow/example_dags/example_dag_decorator.py took 0.193 seconds
[2025-05-02T19:34:41.084+0000] {processor.py:161} INFO - Started process (PID=264) to work on /home/airflow/.local/lib/python3.12/site-packages/airflow/example_dags/example_dag_decorator.py
[2025-05-02T19:34:41.086+0000] {processor.py:830} INFO - Processing file /home/airflow/.local/lib/python3.12/site-packages/airflow/example_dags/example_dag_decorator.py for tasks to queue
[2025-05-02T19:34:41.088+0000] {logging_mixin.py:188} INFO - [2025-05-02T19:34:41.088+0000] {dagbag.py:540} INFO - Filling up the DagBag from /home/airflow/.local/lib/python3.12/site-packages/airflow/example_dags/example_dag_decorator.py
[2025-05-02T19:34:41.208+0000] {processor.py:840} INFO - DAG(s) 'example_dag_decorator' retrieved from /home/airflow/.local/lib/python3.12/site-packages/airflow/example_dags/example_dag_decorator.py
[2025-05-02T19:34:41.321+0000] {logging_mixin.py:188} INFO - [2025-05-02T19:34:41.321+0000] {dag.py:3096} INFO - Sync 1 DAGs
[2025-05-02T19:34:41.330+0000] {logging_mixin.py:188} INFO - [2025-05-02T19:34:41.330+0000] {dag.py:3954} INFO - Setting next_dagrun for example_dag_decorator to None, run_after=None
[2025-05-02T19:34:41.351+0000] {processor.py:183} INFO - Processing /home/airflow/.local/lib/python3.12/site-packages/airflow/example_dags/example_dag_decorator.py took 0.273 seconds
[2025-05-02T19:35:13.494+0000] {processor.py:161} INFO - Started process (PID=322) to work on /home/airflow/.local/lib/python3.12/site-packages/airflow/example_dags/example_dag_decorator.py
[2025-05-02T19:35:13.494+0000] {processor.py:830} INFO - Processing file /home/airflow/.local/lib/python3.12/site-packages/airflow/example_dags/example_dag_decorator.py for tasks to queue
[2025-05-02T19:35:13.496+0000] {logging_mixin.py:188} INFO - [2025-05-02T19:35:13.495+0000] {dagbag.py:540} INFO - Filling up the DagBag from /home/airflow/.local/lib/python3.12/site-packages/airflow/example_dags/example_dag_decorator.py
[2025-05-02T19:35:13.570+0000] {processor.py:840} INFO - DAG(s) 'example_dag_decorator' retrieved from /home/airflow/.local/lib/python3.12/site-packages/airflow/example_dags/example_dag_decorator.py
[2025-05-02T19:35:13.663+0000] {logging_mixin.py:188} INFO - [2025-05-02T19:35:13.663+0000] {dag.py:3096} INFO - Sync 1 DAGs
[2025-05-02T19:35:13.673+0000] {logging_mixin.py:188} INFO - [2025-05-02T19:35:13.672+0000] {dag.py:3954} INFO - Setting next_dagrun for example_dag_decorator to None, run_after=None
[2025-05-02T19:35:13.690+0000] {processor.py:183} INFO - Processing /home/airflow/.local/lib/python3.12/site-packages/airflow/example_dags/example_dag_decorator.py took 0.201 seconds
[2025-05-02T19:35:44.430+0000] {processor.py:161} INFO - Started process (PID=380) to work on /home/airflow/.local/lib/python3.12/site-packages/airflow/example_dags/example_dag_decorator.py
[2025-05-02T19:35:44.431+0000] {processor.py:830} INFO - Processing file /home/airflow/.local/lib/python3.12/site-packages/airflow/example_dags/example_dag_decorator.py for tasks to queue
[2025-05-02T19:35:44.433+0000] {logging_mixin.py:188} INFO - [2025-05-02T19:35:44.433+0000] {dagbag.py:540} INFO - Filling up the DagBag from /home/airflow/.local/lib/python3.12/site-packages/airflow/example_dags/example_dag_decorator.py
[2025-05-02T19:35:44.505+0000] {processor.py:840} INFO - DAG(s) 'example_dag_decorator' retrieved from /home/airflow/.local/lib/python3.12/site-packages/airflow/example_dags/example_dag_decorator.py
[2025-05-02T19:35:44.597+0000] {logging_mixin.py:188} INFO - [2025-05-02T19:35:44.597+0000] {dag.py:3096} INFO - Sync 1 DAGs
[2025-05-02T19:35:44.606+0000] {logging_mixin.py:188} INFO - [2025-05-02T19:35:44.606+0000] {dag.py:3954} INFO - Setting next_dagrun for example_dag_decorator to None, run_after=None
[2025-05-02T19:35:44.632+0000] {processor.py:183} INFO - Processing /home/airflow/.local/lib/python3.12/site-packages/airflow/example_dags/example_dag_decorator.py took 0.206 seconds
[2025-05-02T19:36:14.664+0000] {processor.py:161} INFO - Started process (PID=439) to work on /home/airflow/.local/lib/python3.12/site-packages/airflow/example_dags/example_dag_decorator.py
[2025-05-02T19:36:14.665+0000] {processor.py:830} INFO - Processing file /home/airflow/.local/lib/python3.12/site-packages/airflow/example_dags/example_dag_decorator.py for tasks to queue
[2025-05-02T19:36:14.667+0000] {logging_mixin.py:188} INFO - [2025-05-02T19:36:14.667+0000] {dagbag.py:540} INFO - Filling up the DagBag from /home/airflow/.local/lib/python3.12/site-packages/airflow/example_dags/example_dag_decorator.py
[2025-05-02T19:36:14.734+0000] {processor.py:840} INFO - DAG(s) 'example_dag_decorator' retrieved from /home/airflow/.local/lib/python3.12/site-packages/airflow/example_dags/example_dag_decorator.py
[2025-05-02T19:36:14.829+0000] {logging_mixin.py:188} INFO - [2025-05-02T19:36:14.829+0000] {dag.py:3096} INFO - Sync 1 DAGs
[2025-05-02T19:36:14.837+0000] {logging_mixin.py:188} INFO - [2025-05-02T19:36:14.837+0000] {dag.py:3954} INFO - Setting next_dagrun for example_dag_decorator to None, run_after=None
[2025-05-02T19:36:14.853+0000] {processor.py:183} INFO - Processing /home/airflow/.local/lib/python3.12/site-packages/airflow/example_dags/example_dag_decorator.py took 0.196 seconds
[2025-05-02T19:36:45.140+0000] {processor.py:161} INFO - Started process (PID=496) to work on /home/airflow/.local/lib/python3.12/site-packages/airflow/example_dags/example_dag_decorator.py
[2025-05-02T19:36:45.141+0000] {processor.py:830} INFO - Processing file /home/airflow/.local/lib/python3.12/site-packages/airflow/example_dags/example_dag_decorator.py for tasks to queue
[2025-05-02T19:36:45.142+0000] {logging_mixin.py:188} INFO - [2025-05-02T19:36:45.142+0000] {dagbag.py:540} INFO - Filling up the DagBag from /home/airflow/.local/lib/python3.12/site-packages/airflow/example_dags/example_dag_decorator.py
[2025-05-02T19:36:45.229+0000] {processor.py:840} INFO - DAG(s) 'example_dag_decorator' retrieved from /home/airflow/.local/lib/python3.12/site-packages/airflow/example_dags/example_dag_decorator.py
[2025-05-02T19:36:45.311+0000] {logging_mixin.py:188} INFO - [2025-05-02T19:36:45.310+0000] {dag.py:3096} INFO - Sync 1 DAGs
[2025-05-02T19:36:45.319+0000] {logging_mixin.py:188} INFO - [2025-05-02T19:36:45.319+0000] {dag.py:3954} INFO - Setting next_dagrun for example_dag_decorator to None, run_after=None
[2025-05-02T19:36:45.334+0000] {processor.py:183} INFO - Processing /home/airflow/.local/lib/python3.12/site-packages/airflow/example_dags/example_dag_decorator.py took 0.200 seconds
[2025-05-02T19:37:15.465+0000] {processor.py:161} INFO - Started process (PID=554) to work on /home/airflow/.local/lib/python3.12/site-packages/airflow/example_dags/example_dag_decorator.py
[2025-05-02T19:37:15.466+0000] {processor.py:830} INFO - Processing file /home/airflow/.local/lib/python3.12/site-packages/airflow/example_dags/example_dag_decorator.py for tasks to queue
[2025-05-02T19:37:15.468+0000] {logging_mixin.py:188} INFO - [2025-05-02T19:37:15.468+0000] {dagbag.py:540} INFO - Filling up the DagBag from /home/airflow/.local/lib/python3.12/site-packages/airflow/example_dags/example_dag_decorator.py
[2025-05-02T19:37:15.553+0000] {processor.py:840} INFO - DAG(s) 'example_dag_decorator' retrieved from /home/airflow/.local/lib/python3.12/site-packages/airflow/example_dags/example_dag_decorator.py
[2025-05-02T19:37:15.660+0000] {logging_mixin.py:188} INFO - [2025-05-02T19:37:15.660+0000] {dag.py:3096} INFO - Sync 1 DAGs
[2025-05-02T19:37:15.671+0000] {logging_mixin.py:188} INFO - [2025-05-02T19:37:15.671+0000] {dag.py:3954} INFO - Setting next_dagrun for example_dag_decorator to None, run_after=None
[2025-05-02T19:37:15.692+0000] {processor.py:183} INFO - Processing /home/airflow/.local/lib/python3.12/site-packages/airflow/example_dags/example_dag_decorator.py took 0.233 seconds
[2025-05-02T19:37:45.890+0000] {processor.py:161} INFO - Started process (PID=612) to work on /home/airflow/.local/lib/python3.12/site-packages/airflow/example_dags/example_dag_decorator.py
[2025-05-02T19:37:45.891+0000] {processor.py:830} INFO - Processing file /home/airflow/.local/lib/python3.12/site-packages/airflow/example_dags/example_dag_decorator.py for tasks to queue
[2025-05-02T19:37:45.892+0000] {logging_mixin.py:188} INFO - [2025-05-02T19:37:45.892+0000] {dagbag.py:540} INFO - Filling up the DagBag from /home/airflow/.local/lib/python3.12/site-packages/airflow/example_dags/example_dag_decorator.py
[2025-05-02T19:37:45.960+0000] {processor.py:840} INFO - DAG(s) 'example_dag_decorator' retrieved from /home/airflow/.local/lib/python3.12/site-packages/airflow/example_dags/example_dag_decorator.py
[2025-05-02T19:37:46.046+0000] {logging_mixin.py:188} INFO - [2025-05-02T19:37:46.045+0000] {dag.py:3096} INFO - Sync 1 DAGs
[2025-05-02T19:37:46.055+0000] {logging_mixin.py:188} INFO - [2025-05-02T19:37:46.054+0000] {dag.py:3954} INFO - Setting next_dagrun for example_dag_decorator to None, run_after=None
[2025-05-02T19:37:46.069+0000] {processor.py:183} INFO - Processing /home/airflow/.local/lib/python3.12/site-packages/airflow/example_dags/example_dag_decorator.py took 0.184 seconds
[2025-05-02T19:38:16.402+0000] {processor.py:161} INFO - Started process (PID=671) to work on /home/airflow/.local/lib/python3.12/site-packages/airflow/example_dags/example_dag_decorator.py
[2025-05-02T19:38:16.403+0000] {processor.py:830} INFO - Processing file /home/airflow/.local/lib/python3.12/site-packages/airflow/example_dags/example_dag_decorator.py for tasks to queue
[2025-05-02T19:38:16.405+0000] {logging_mixin.py:188} INFO - [2025-05-02T19:38:16.405+0000] {dagbag.py:540} INFO - Filling up the DagBag from /home/airflow/.local/lib/python3.12/site-packages/airflow/example_dags/example_dag_decorator.py
[2025-05-02T19:38:16.467+0000] {processor.py:840} INFO - DAG(s) 'example_dag_decorator' retrieved from /home/airflow/.local/lib/python3.12/site-packages/airflow/example_dags/example_dag_decorator.py
[2025-05-02T19:38:16.546+0000] {logging_mixin.py:188} INFO - [2025-05-02T19:38:16.545+0000] {dag.py:3096} INFO - Sync 1 DAGs
[2025-05-02T19:38:16.553+0000] {logging_mixin.py:188} INFO - [2025-05-02T19:38:16.553+0000] {dag.py:3954} INFO - Setting next_dagrun for example_dag_decorator to None, run_after=None
[2025-05-02T19:38:16.570+0000] {processor.py:183} INFO - Processing /home/airflow/.local/lib/python3.12/site-packages/airflow/example_dags/example_dag_decorator.py took 0.172 seconds
[2025-05-02T19:38:46.825+0000] {processor.py:161} INFO - Started process (PID=729) to work on /home/airflow/.local/lib/python3.12/site-packages/airflow/example_dags/example_dag_decorator.py
[2025-05-02T19:38:46.826+0000] {processor.py:830} INFO - Processing file /home/airflow/.local/lib/python3.12/site-packages/airflow/example_dags/example_dag_decorator.py for tasks to queue
[2025-05-02T19:38:46.827+0000] {logging_mixin.py:188} INFO - [2025-05-02T19:38:46.827+0000] {dagbag.py:540} INFO - Filling up the DagBag from /home/airflow/.local/lib/python3.12/site-packages/airflow/example_dags/example_dag_decorator.py
[2025-05-02T19:38:46.899+0000] {processor.py:840} INFO - DAG(s) 'example_dag_decorator' retrieved from /home/airflow/.local/lib/python3.12/site-packages/airflow/example_dags/example_dag_decorator.py
[2025-05-02T19:38:47.007+0000] {logging_mixin.py:188} INFO - [2025-05-02T19:38:47.007+0000] {dag.py:3096} INFO - Sync 1 DAGs
[2025-05-02T19:38:47.026+0000] {logging_mixin.py:188} INFO - [2025-05-02T19:38:47.025+0000] {dag.py:3954} INFO - Setting next_dagrun for example_dag_decorator to None, run_after=None
[2025-05-02T19:38:47.050+0000] {processor.py:183} INFO - Processing /home/airflow/.local/lib/python3.12/site-packages/airflow/example_dags/example_dag_decorator.py took 0.230 seconds
[2025-05-02T19:39:19.120+0000] {processor.py:161} INFO - Started process (PID=786) to work on /home/airflow/.local/lib/python3.12/site-packages/airflow/example_dags/example_dag_decorator.py
[2025-05-02T19:39:19.121+0000] {processor.py:830} INFO - Processing file /home/airflow/.local/lib/python3.12/site-packages/airflow/example_dags/example_dag_decorator.py for tasks to queue
[2025-05-02T19:39:19.123+0000] {logging_mixin.py:188} INFO - [2025-05-02T19:39:19.123+0000] {dagbag.py:540} INFO - Filling up the DagBag from /home/airflow/.local/lib/python3.12/site-packages/airflow/example_dags/example_dag_decorator.py
[2025-05-02T19:39:19.203+0000] {processor.py:840} INFO - DAG(s) 'example_dag_decorator' retrieved from /home/airflow/.local/lib/python3.12/site-packages/airflow/example_dags/example_dag_decorator.py
[2025-05-02T19:39:19.224+0000] {logging_mixin.py:188} INFO - [2025-05-02T19:39:19.224+0000] {dag.py:3096} INFO - Sync 1 DAGs
[2025-05-02T19:39:19.235+0000] {logging_mixin.py:188} INFO - [2025-05-02T19:39:19.234+0000] {dag.py:3954} INFO - Setting next_dagrun for example_dag_decorator to None, run_after=None
[2025-05-02T19:39:19.253+0000] {processor.py:183} INFO - Processing /home/airflow/.local/lib/python3.12/site-packages/airflow/example_dags/example_dag_decorator.py took 0.138 seconds
[2025-05-02T19:39:49.764+0000] {processor.py:161} INFO - Started process (PID=844) to work on /home/airflow/.local/lib/python3.12/site-packages/airflow/example_dags/example_dag_decorator.py
[2025-05-02T19:39:49.765+0000] {processor.py:830} INFO - Processing file /home/airflow/.local/lib/python3.12/site-packages/airflow/example_dags/example_dag_decorator.py for tasks to queue
[2025-05-02T19:39:49.767+0000] {logging_mixin.py:188} INFO - [2025-05-02T19:39:49.766+0000] {dagbag.py:540} INFO - Filling up the DagBag from /home/airflow/.local/lib/python3.12/site-packages/airflow/example_dags/example_dag_decorator.py
[2025-05-02T19:39:49.843+0000] {processor.py:840} INFO - DAG(s) 'example_dag_decorator' retrieved from /home/airflow/.local/lib/python3.12/site-packages/airflow/example_dags/example_dag_decorator.py
[2025-05-02T19:39:49.929+0000] {logging_mixin.py:188} INFO - [2025-05-02T19:39:49.929+0000] {dag.py:3096} INFO - Sync 1 DAGs
[2025-05-02T19:39:50.054+0000] {logging_mixin.py:188} INFO - [2025-05-02T19:39:50.054+0000] {dag.py:3954} INFO - Setting next_dagrun for example_dag_decorator to None, run_after=None
[2025-05-02T19:39:50.069+0000] {processor.py:183} INFO - Processing /home/airflow/.local/lib/python3.12/site-packages/airflow/example_dags/example_dag_decorator.py took 0.312 seconds
[2025-05-02T19:40:20.557+0000] {processor.py:161} INFO - Started process (PID=902) to work on /home/airflow/.local/lib/python3.12/site-packages/airflow/example_dags/example_dag_decorator.py
[2025-05-02T19:40:20.558+0000] {processor.py:830} INFO - Processing file /home/airflow/.local/lib/python3.12/site-packages/airflow/example_dags/example_dag_decorator.py for tasks to queue
[2025-05-02T19:40:20.559+0000] {logging_mixin.py:188} INFO - [2025-05-02T19:40:20.559+0000] {dagbag.py:540} INFO - Filling up the DagBag from /home/airflow/.local/lib/python3.12/site-packages/airflow/example_dags/example_dag_decorator.py
[2025-05-02T19:40:20.631+0000] {processor.py:840} INFO - DAG(s) 'example_dag_decorator' retrieved from /home/airflow/.local/lib/python3.12/site-packages/airflow/example_dags/example_dag_decorator.py
[2025-05-02T19:40:20.711+0000] {logging_mixin.py:188} INFO - [2025-05-02T19:40:20.710+0000] {dag.py:3096} INFO - Sync 1 DAGs
[2025-05-02T19:40:20.721+0000] {logging_mixin.py:188} INFO - [2025-05-02T19:40:20.721+0000] {dag.py:3954} INFO - Setting next_dagrun for example_dag_decorator to None, run_after=None
[2025-05-02T19:40:20.737+0000] {processor.py:183} INFO - Processing /home/airflow/.local/lib/python3.12/site-packages/airflow/example_dags/example_dag_decorator.py took 0.186 seconds
[2025-05-02T19:40:51.046+0000] {processor.py:161} INFO - Started process (PID=962) to work on /home/airflow/.local/lib/python3.12/site-packages/airflow/example_dags/example_dag_decorator.py
[2025-05-02T19:40:51.047+0000] {processor.py:830} INFO - Processing file /home/airflow/.local/lib/python3.12/site-packages/airflow/example_dags/example_dag_decorator.py for tasks to queue
[2025-05-02T19:40:51.048+0000] {logging_mixin.py:188} INFO - [2025-05-02T19:40:51.048+0000] {dagbag.py:540} INFO - Filling up the DagBag from /home/airflow/.local/lib/python3.12/site-packages/airflow/example_dags/example_dag_decorator.py
[2025-05-02T19:40:51.122+0000] {processor.py:840} INFO - DAG(s) 'example_dag_decorator' retrieved from /home/airflow/.local/lib/python3.12/site-packages/airflow/example_dags/example_dag_decorator.py
[2025-05-02T19:40:51.209+0000] {logging_mixin.py:188} INFO - [2025-05-02T19:40:51.209+0000] {dag.py:3096} INFO - Sync 1 DAGs
[2025-05-02T19:40:51.219+0000] {logging_mixin.py:188} INFO - [2025-05-02T19:40:51.219+0000] {dag.py:3954} INFO - Setting next_dagrun for example_dag_decorator to None, run_after=None
[2025-05-02T19:40:51.236+0000] {processor.py:183} INFO - Processing /home/airflow/.local/lib/python3.12/site-packages/airflow/example_dags/example_dag_decorator.py took 0.195 seconds
[2025-05-02T19:41:21.477+0000] {processor.py:161} INFO - Started process (PID=1018) to work on /home/airflow/.local/lib/python3.12/site-packages/airflow/example_dags/example_dag_decorator.py
[2025-05-02T19:41:21.478+0000] {processor.py:830} INFO - Processing file /home/airflow/.local/lib/python3.12/site-packages/airflow/example_dags/example_dag_decorator.py for tasks to queue
[2025-05-02T19:41:21.480+0000] {logging_mixin.py:188} INFO - [2025-05-02T19:41:21.479+0000] {dagbag.py:540} INFO - Filling up the DagBag from /home/airflow/.local/lib/python3.12/site-packages/airflow/example_dags/example_dag_decorator.py
[2025-05-02T19:41:21.557+0000] {processor.py:840} INFO - DAG(s) 'example_dag_decorator' retrieved from /home/airflow/.local/lib/python3.12/site-packages/airflow/example_dags/example_dag_decorator.py
[2025-05-02T19:41:21.749+0000] {logging_mixin.py:188} INFO - [2025-05-02T19:41:21.749+0000] {dag.py:3096} INFO - Sync 1 DAGs
[2025-05-02T19:41:21.755+0000] {logging_mixin.py:188} INFO - [2025-05-02T19:41:21.755+0000] {dag.py:3954} INFO - Setting next_dagrun for example_dag_decorator to None, run_after=None
[2025-05-02T19:41:21.770+0000] {processor.py:183} INFO - Processing /home/airflow/.local/lib/python3.12/site-packages/airflow/example_dags/example_dag_decorator.py took 0.299 seconds
[2025-05-02T19:41:52.073+0000] {processor.py:161} INFO - Started process (PID=1076) to work on /home/airflow/.local/lib/python3.12/site-packages/airflow/example_dags/example_dag_decorator.py
[2025-05-02T19:41:52.074+0000] {processor.py:830} INFO - Processing file /home/airflow/.local/lib/python3.12/site-packages/airflow/example_dags/example_dag_decorator.py for tasks to queue
[2025-05-02T19:41:52.076+0000] {logging_mixin.py:188} INFO - [2025-05-02T19:41:52.075+0000] {dagbag.py:540} INFO - Filling up the DagBag from /home/airflow/.local/lib/python3.12/site-packages/airflow/example_dags/example_dag_decorator.py
[2025-05-02T19:41:52.151+0000] {processor.py:840} INFO - DAG(s) 'example_dag_decorator' retrieved from /home/airflow/.local/lib/python3.12/site-packages/airflow/example_dags/example_dag_decorator.py
[2025-05-02T19:41:52.351+0000] {logging_mixin.py:188} INFO - [2025-05-02T19:41:52.351+0000] {dag.py:3096} INFO - Sync 1 DAGs
[2025-05-02T19:41:52.357+0000] {logging_mixin.py:188} INFO - [2025-05-02T19:41:52.357+0000] {dag.py:3954} INFO - Setting next_dagrun for example_dag_decorator to None, run_after=None
[2025-05-02T19:41:52.371+0000] {processor.py:183} INFO - Processing /home/airflow/.local/lib/python3.12/site-packages/airflow/example_dags/example_dag_decorator.py took 0.303 seconds
[2025-05-02T19:42:22.942+0000] {processor.py:161} INFO - Started process (PID=1131) to work on /home/airflow/.local/lib/python3.12/site-packages/airflow/example_dags/example_dag_decorator.py
[2025-05-02T19:42:22.943+0000] {processor.py:830} INFO - Processing file /home/airflow/.local/lib/python3.12/site-packages/airflow/example_dags/example_dag_decorator.py for tasks to queue
[2025-05-02T19:42:22.944+0000] {logging_mixin.py:188} INFO - [2025-05-02T19:42:22.944+0000] {dagbag.py:540} INFO - Filling up the DagBag from /home/airflow/.local/lib/python3.12/site-packages/airflow/example_dags/example_dag_decorator.py
[2025-05-02T19:42:23.079+0000] {processor.py:840} INFO - DAG(s) 'example_dag_decorator' retrieved from /home/airflow/.local/lib/python3.12/site-packages/airflow/example_dags/example_dag_decorator.py
[2025-05-02T19:42:23.101+0000] {logging_mixin.py:188} INFO - [2025-05-02T19:42:23.100+0000] {dag.py:3096} INFO - Sync 1 DAGs
[2025-05-02T19:42:23.115+0000] {logging_mixin.py:188} INFO - [2025-05-02T19:42:23.115+0000] {dag.py:3954} INFO - Setting next_dagrun for example_dag_decorator to None, run_after=None
[2025-05-02T19:42:23.135+0000] {processor.py:183} INFO - Processing /home/airflow/.local/lib/python3.12/site-packages/airflow/example_dags/example_dag_decorator.py took 0.199 seconds
[2025-05-02T19:42:53.589+0000] {processor.py:161} INFO - Started process (PID=1189) to work on /home/airflow/.local/lib/python3.12/site-packages/airflow/example_dags/example_dag_decorator.py
[2025-05-02T19:42:53.590+0000] {processor.py:830} INFO - Processing file /home/airflow/.local/lib/python3.12/site-packages/airflow/example_dags/example_dag_decorator.py for tasks to queue
[2025-05-02T19:42:53.591+0000] {logging_mixin.py:188} INFO - [2025-05-02T19:42:53.591+0000] {dagbag.py:540} INFO - Filling up the DagBag from /home/airflow/.local/lib/python3.12/site-packages/airflow/example_dags/example_dag_decorator.py
[2025-05-02T19:42:53.662+0000] {processor.py:840} INFO - DAG(s) 'example_dag_decorator' retrieved from /home/airflow/.local/lib/python3.12/site-packages/airflow/example_dags/example_dag_decorator.py
[2025-05-02T19:42:53.875+0000] {logging_mixin.py:188} INFO - [2025-05-02T19:42:53.874+0000] {dag.py:3096} INFO - Sync 1 DAGs
[2025-05-02T19:42:53.883+0000] {logging_mixin.py:188} INFO - [2025-05-02T19:42:53.882+0000] {dag.py:3954} INFO - Setting next_dagrun for example_dag_decorator to None, run_after=None
[2025-05-02T19:42:53.900+0000] {processor.py:183} INFO - Processing /home/airflow/.local/lib/python3.12/site-packages/airflow/example_dags/example_dag_decorator.py took 0.316 seconds
[2025-05-02T19:43:25.674+0000] {processor.py:161} INFO - Started process (PID=1246) to work on /home/airflow/.local/lib/python3.12/site-packages/airflow/example_dags/example_dag_decorator.py
[2025-05-02T19:43:25.676+0000] {processor.py:830} INFO - Processing file /home/airflow/.local/lib/python3.12/site-packages/airflow/example_dags/example_dag_decorator.py for tasks to queue
[2025-05-02T19:43:25.677+0000] {logging_mixin.py:188} INFO - [2025-05-02T19:43:25.677+0000] {dagbag.py:540} INFO - Filling up the DagBag from /home/airflow/.local/lib/python3.12/site-packages/airflow/example_dags/example_dag_decorator.py
[2025-05-02T19:43:25.768+0000] {processor.py:840} INFO - DAG(s) 'example_dag_decorator' retrieved from /home/airflow/.local/lib/python3.12/site-packages/airflow/example_dags/example_dag_decorator.py
[2025-05-02T19:43:25.790+0000] {logging_mixin.py:188} INFO - [2025-05-02T19:43:25.790+0000] {dag.py:3096} INFO - Sync 1 DAGs
[2025-05-02T19:43:25.802+0000] {logging_mixin.py:188} INFO - [2025-05-02T19:43:25.801+0000] {dag.py:3954} INFO - Setting next_dagrun for example_dag_decorator to None, run_after=None
[2025-05-02T19:43:25.820+0000] {processor.py:183} INFO - Processing /home/airflow/.local/lib/python3.12/site-packages/airflow/example_dags/example_dag_decorator.py took 0.153 seconds
[2025-05-02T19:44:00.149+0000] {processor.py:161} INFO - Started process (PID=1306) to work on /home/airflow/.local/lib/python3.12/site-packages/airflow/example_dags/example_dag_decorator.py
[2025-05-02T19:44:00.153+0000] {processor.py:830} INFO - Processing file /home/airflow/.local/lib/python3.12/site-packages/airflow/example_dags/example_dag_decorator.py for tasks to queue
[2025-05-02T19:44:00.156+0000] {logging_mixin.py:188} INFO - [2025-05-02T19:44:00.156+0000] {dagbag.py:540} INFO - Filling up the DagBag from /home/airflow/.local/lib/python3.12/site-packages/airflow/example_dags/example_dag_decorator.py
[2025-05-02T19:44:00.310+0000] {processor.py:840} INFO - DAG(s) 'example_dag_decorator' retrieved from /home/airflow/.local/lib/python3.12/site-packages/airflow/example_dags/example_dag_decorator.py
[2025-05-02T19:44:00.679+0000] {logging_mixin.py:188} INFO - [2025-05-02T19:44:00.679+0000] {dag.py:3096} INFO - Sync 1 DAGs
[2025-05-02T19:44:00.691+0000] {logging_mixin.py:188} INFO - [2025-05-02T19:44:00.691+0000] {dag.py:3954} INFO - Setting next_dagrun for example_dag_decorator to None, run_after=None
[2025-05-02T19:44:00.758+0000] {processor.py:183} INFO - Processing /home/airflow/.local/lib/python3.12/site-packages/airflow/example_dags/example_dag_decorator.py took 0.617 seconds
[2025-05-02T19:44:31.244+0000] {processor.py:161} INFO - Started process (PID=1405) to work on /home/airflow/.local/lib/python3.12/site-packages/airflow/example_dags/example_dag_decorator.py
[2025-05-02T19:44:31.245+0000] {processor.py:830} INFO - Processing file /home/airflow/.local/lib/python3.12/site-packages/airflow/example_dags/example_dag_decorator.py for tasks to queue
[2025-05-02T19:44:31.248+0000] {logging_mixin.py:188} INFO - [2025-05-02T19:44:31.247+0000] {dagbag.py:540} INFO - Filling up the DagBag from /home/airflow/.local/lib/python3.12/site-packages/airflow/example_dags/example_dag_decorator.py
[2025-05-02T19:44:31.422+0000] {processor.py:840} INFO - DAG(s) 'example_dag_decorator' retrieved from /home/airflow/.local/lib/python3.12/site-packages/airflow/example_dags/example_dag_decorator.py
[2025-05-02T19:44:35.139+0000] {logging_mixin.py:188} INFO - [2025-05-02T19:44:35.139+0000] {dag.py:3096} INFO - Sync 1 DAGs
[2025-05-02T19:44:35.164+0000] {logging_mixin.py:188} INFO - [2025-05-02T19:44:35.163+0000] {dag.py:3954} INFO - Setting next_dagrun for example_dag_decorator to None, run_after=None
[2025-05-02T19:44:35.217+0000] {processor.py:183} INFO - Processing /home/airflow/.local/lib/python3.12/site-packages/airflow/example_dags/example_dag_decorator.py took 0.924 seconds
[2025-05-02T19:45:05.839+0000] {processor.py:161} INFO - Started process (PID=1511) to work on /home/airflow/.local/lib/python3.12/site-packages/airflow/example_dags/example_dag_decorator.py
[2025-05-02T19:45:05.840+0000] {processor.py:830} INFO - Processing file /home/airflow/.local/lib/python3.12/site-packages/airflow/example_dags/example_dag_decorator.py for tasks to queue
[2025-05-02T19:45:05.841+0000] {logging_mixin.py:188} INFO - [2025-05-02T19:45:05.841+0000] {dagbag.py:540} INFO - Filling up the DagBag from /home/airflow/.local/lib/python3.12/site-packages/airflow/example_dags/example_dag_decorator.py
[2025-05-02T19:45:05.914+0000] {processor.py:840} INFO - DAG(s) 'example_dag_decorator' retrieved from /home/airflow/.local/lib/python3.12/site-packages/airflow/example_dags/example_dag_decorator.py
[2025-05-02T19:45:06.105+0000] {logging_mixin.py:188} INFO - [2025-05-02T19:45:06.105+0000] {dag.py:3096} INFO - Sync 1 DAGs
[2025-05-02T19:45:06.112+0000] {logging_mixin.py:188} INFO - [2025-05-02T19:45:06.112+0000] {dag.py:3954} INFO - Setting next_dagrun for example_dag_decorator to None, run_after=None
[2025-05-02T19:45:06.127+0000] {processor.py:183} INFO - Processing /home/airflow/.local/lib/python3.12/site-packages/airflow/example_dags/example_dag_decorator.py took 0.292 seconds
[2025-05-02T19:45:36.635+0000] {processor.py:161} INFO - Started process (PID=1617) to work on /home/airflow/.local/lib/python3.12/site-packages/airflow/example_dags/example_dag_decorator.py
[2025-05-02T19:45:36.636+0000] {processor.py:830} INFO - Processing file /home/airflow/.local/lib/python3.12/site-packages/airflow/example_dags/example_dag_decorator.py for tasks to queue
[2025-05-02T19:45:36.694+0000] {logging_mixin.py:188} INFO - [2025-05-02T19:45:36.694+0000] {dagbag.py:540} INFO - Filling up the DagBag from /home/airflow/.local/lib/python3.12/site-packages/airflow/example_dags/example_dag_decorator.py
[2025-05-02T19:45:37.133+0000] {processor.py:840} INFO - DAG(s) 'example_dag_decorator' retrieved from /home/airflow/.local/lib/python3.12/site-packages/airflow/example_dags/example_dag_decorator.py
[2025-05-02T19:45:37.967+0000] {logging_mixin.py:188} INFO - [2025-05-02T19:45:37.966+0000] {dag.py:3096} INFO - Sync 1 DAGs
[2025-05-02T19:45:37.992+0000] {logging_mixin.py:188} INFO - [2025-05-02T19:45:37.992+0000] {dag.py:3954} INFO - Setting next_dagrun for example_dag_decorator to None, run_after=None
[2025-05-02T19:45:38.128+0000] {processor.py:183} INFO - Processing /home/airflow/.local/lib/python3.12/site-packages/airflow/example_dags/example_dag_decorator.py took 1.566 seconds
[2025-05-02T19:46:08.754+0000] {processor.py:161} INFO - Started process (PID=1726) to work on /home/airflow/.local/lib/python3.12/site-packages/airflow/example_dags/example_dag_decorator.py
[2025-05-02T19:46:08.764+0000] {processor.py:830} INFO - Processing file /home/airflow/.local/lib/python3.12/site-packages/airflow/example_dags/example_dag_decorator.py for tasks to queue
[2025-05-02T19:46:08.767+0000] {logging_mixin.py:188} INFO - [2025-05-02T19:46:08.767+0000] {dagbag.py:540} INFO - Filling up the DagBag from /home/airflow/.local/lib/python3.12/site-packages/airflow/example_dags/example_dag_decorator.py
[2025-05-02T19:46:09.234+0000] {processor.py:840} INFO - DAG(s) 'example_dag_decorator' retrieved from /home/airflow/.local/lib/python3.12/site-packages/airflow/example_dags/example_dag_decorator.py
[2025-05-02T19:46:09.453+0000] {logging_mixin.py:188} INFO - [2025-05-02T19:46:09.452+0000] {dag.py:3096} INFO - Sync 1 DAGs
[2025-05-02T19:46:09.479+0000] {logging_mixin.py:188} INFO - [2025-05-02T19:46:09.479+0000] {dag.py:3954} INFO - Setting next_dagrun for example_dag_decorator to None, run_after=None
[2025-05-02T19:46:09.517+0000] {processor.py:183} INFO - Processing /home/airflow/.local/lib/python3.12/site-packages/airflow/example_dags/example_dag_decorator.py took 0.772 seconds
[2025-05-02T19:46:39.793+0000] {processor.py:161} INFO - Started process (PID=1839) to work on /home/airflow/.local/lib/python3.12/site-packages/airflow/example_dags/example_dag_decorator.py
[2025-05-02T19:46:39.795+0000] {processor.py:830} INFO - Processing file /home/airflow/.local/lib/python3.12/site-packages/airflow/example_dags/example_dag_decorator.py for tasks to queue
[2025-05-02T19:46:39.799+0000] {logging_mixin.py:188} INFO - [2025-05-02T19:46:39.798+0000] {dagbag.py:540} INFO - Filling up the DagBag from /home/airflow/.local/lib/python3.12/site-packages/airflow/example_dags/example_dag_decorator.py
[2025-05-02T19:46:40.135+0000] {processor.py:840} INFO - DAG(s) 'example_dag_decorator' retrieved from /home/airflow/.local/lib/python3.12/site-packages/airflow/example_dags/example_dag_decorator.py
[2025-05-02T19:46:40.636+0000] {logging_mixin.py:188} INFO - [2025-05-02T19:46:40.635+0000] {dag.py:3096} INFO - Sync 1 DAGs
[2025-05-02T19:46:40.657+0000] {logging_mixin.py:188} INFO - [2025-05-02T19:46:40.657+0000] {dag.py:3954} INFO - Setting next_dagrun for example_dag_decorator to None, run_after=None
[2025-05-02T19:46:40.700+0000] {processor.py:183} INFO - Processing /home/airflow/.local/lib/python3.12/site-packages/airflow/example_dags/example_dag_decorator.py took 0.935 seconds
[2025-05-02T19:47:11.272+0000] {processor.py:161} INFO - Started process (PID=1943) to work on /home/airflow/.local/lib/python3.12/site-packages/airflow/example_dags/example_dag_decorator.py
[2025-05-02T19:47:11.274+0000] {processor.py:830} INFO - Processing file /home/airflow/.local/lib/python3.12/site-packages/airflow/example_dags/example_dag_decorator.py for tasks to queue
[2025-05-02T19:47:11.278+0000] {logging_mixin.py:188} INFO - [2025-05-02T19:47:11.277+0000] {dagbag.py:540} INFO - Filling up the DagBag from /home/airflow/.local/lib/python3.12/site-packages/airflow/example_dags/example_dag_decorator.py
[2025-05-02T19:47:11.461+0000] {processor.py:840} INFO - DAG(s) 'example_dag_decorator' retrieved from /home/airflow/.local/lib/python3.12/site-packages/airflow/example_dags/example_dag_decorator.py
[2025-05-02T19:47:11.933+0000] {logging_mixin.py:188} INFO - [2025-05-02T19:47:11.933+0000] {dag.py:3096} INFO - Sync 1 DAGs
[2025-05-02T19:47:11.954+0000] {logging_mixin.py:188} INFO - [2025-05-02T19:47:11.954+0000] {dag.py:3954} INFO - Setting next_dagrun for example_dag_decorator to None, run_after=None
[2025-05-02T19:47:11.988+0000] {processor.py:183} INFO - Processing /home/airflow/.local/lib/python3.12/site-packages/airflow/example_dags/example_dag_decorator.py took 0.726 seconds
[2025-05-02T19:47:42.854+0000] {processor.py:161} INFO - Started process (PID=2036) to work on /home/airflow/.local/lib/python3.12/site-packages/airflow/example_dags/example_dag_decorator.py
[2025-05-02T19:47:42.856+0000] {processor.py:830} INFO - Processing file /home/airflow/.local/lib/python3.12/site-packages/airflow/example_dags/example_dag_decorator.py for tasks to queue
[2025-05-02T19:47:42.859+0000] {logging_mixin.py:188} INFO - [2025-05-02T19:47:42.858+0000] {dagbag.py:540} INFO - Filling up the DagBag from /home/airflow/.local/lib/python3.12/site-packages/airflow/example_dags/example_dag_decorator.py
[2025-05-02T19:47:43.124+0000] {processor.py:840} INFO - DAG(s) 'example_dag_decorator' retrieved from /home/airflow/.local/lib/python3.12/site-packages/airflow/example_dags/example_dag_decorator.py
[2025-05-02T19:47:43.735+0000] {logging_mixin.py:188} INFO - [2025-05-02T19:47:43.735+0000] {dag.py:3096} INFO - Sync 1 DAGs
[2025-05-02T19:47:43.759+0000] {logging_mixin.py:188} INFO - [2025-05-02T19:47:43.759+0000] {dag.py:3954} INFO - Setting next_dagrun for example_dag_decorator to None, run_after=None
[2025-05-02T19:47:43.892+0000] {processor.py:183} INFO - Processing /home/airflow/.local/lib/python3.12/site-packages/airflow/example_dags/example_dag_decorator.py took 1.048 seconds
[2025-05-02T19:48:14.667+0000] {processor.py:161} INFO - Started process (PID=2140) to work on /home/airflow/.local/lib/python3.12/site-packages/airflow/example_dags/example_dag_decorator.py
[2025-05-02T19:48:14.675+0000] {processor.py:830} INFO - Processing file /home/airflow/.local/lib/python3.12/site-packages/airflow/example_dags/example_dag_decorator.py for tasks to queue
[2025-05-02T19:48:14.680+0000] {logging_mixin.py:188} INFO - [2025-05-02T19:48:14.679+0000] {dagbag.py:540} INFO - Filling up the DagBag from /home/airflow/.local/lib/python3.12/site-packages/airflow/example_dags/example_dag_decorator.py
[2025-05-02T19:48:15.231+0000] {processor.py:840} INFO - DAG(s) 'example_dag_decorator' retrieved from /home/airflow/.local/lib/python3.12/site-packages/airflow/example_dags/example_dag_decorator.py
[2025-05-02T19:48:15.596+0000] {logging_mixin.py:188} INFO - [2025-05-02T19:48:15.596+0000] {dag.py:3096} INFO - Sync 1 DAGs
[2025-05-02T19:48:15.632+0000] {logging_mixin.py:188} INFO - [2025-05-02T19:48:15.632+0000] {dag.py:3954} INFO - Setting next_dagrun for example_dag_decorator to None, run_after=None
[2025-05-02T19:48:15.683+0000] {processor.py:183} INFO - Processing /home/airflow/.local/lib/python3.12/site-packages/airflow/example_dags/example_dag_decorator.py took 1.040 seconds
[2025-05-02T19:48:51.555+0000] {processor.py:161} INFO - Started process (PID=2224) to work on /home/airflow/.local/lib/python3.12/site-packages/airflow/example_dags/example_dag_decorator.py
[2025-05-02T19:48:51.571+0000] {processor.py:830} INFO - Processing file /home/airflow/.local/lib/python3.12/site-packages/airflow/example_dags/example_dag_decorator.py for tasks to queue
[2025-05-02T19:48:51.574+0000] {logging_mixin.py:188} INFO - [2025-05-02T19:48:51.573+0000] {dagbag.py:540} INFO - Filling up the DagBag from /home/airflow/.local/lib/python3.12/site-packages/airflow/example_dags/example_dag_decorator.py
[2025-05-02T19:48:52.349+0000] {processor.py:840} INFO - DAG(s) 'example_dag_decorator' retrieved from /home/airflow/.local/lib/python3.12/site-packages/airflow/example_dags/example_dag_decorator.py
[2025-05-02T19:48:53.061+0000] {logging_mixin.py:188} INFO - [2025-05-02T19:48:53.061+0000] {dag.py:3096} INFO - Sync 1 DAGs
[2025-05-02T19:48:53.173+0000] {logging_mixin.py:188} INFO - [2025-05-02T19:48:53.172+0000] {dag.py:3954} INFO - Setting next_dagrun for example_dag_decorator to None, run_after=None
[2025-05-02T19:48:53.361+0000] {processor.py:183} INFO - Processing /home/airflow/.local/lib/python3.12/site-packages/airflow/example_dags/example_dag_decorator.py took 1.821 seconds
[2025-05-02T19:49:24.805+0000] {processor.py:161} INFO - Started process (PID=2319) to work on /home/airflow/.local/lib/python3.12/site-packages/airflow/example_dags/example_dag_decorator.py
[2025-05-02T19:49:24.817+0000] {processor.py:830} INFO - Processing file /home/airflow/.local/lib/python3.12/site-packages/airflow/example_dags/example_dag_decorator.py for tasks to queue
[2025-05-02T19:49:24.820+0000] {logging_mixin.py:188} INFO - [2025-05-02T19:49:24.820+0000] {dagbag.py:540} INFO - Filling up the DagBag from /home/airflow/.local/lib/python3.12/site-packages/airflow/example_dags/example_dag_decorator.py
[2025-05-02T19:49:25.100+0000] {processor.py:840} INFO - DAG(s) 'example_dag_decorator' retrieved from /home/airflow/.local/lib/python3.12/site-packages/airflow/example_dags/example_dag_decorator.py
[2025-05-02T19:49:25.660+0000] {logging_mixin.py:188} INFO - [2025-05-02T19:49:25.660+0000] {dag.py:3096} INFO - Sync 1 DAGs
[2025-05-02T19:49:25.685+0000] {logging_mixin.py:188} INFO - [2025-05-02T19:49:25.685+0000] {dag.py:3954} INFO - Setting next_dagrun for example_dag_decorator to None, run_after=None
[2025-05-02T19:49:25.766+0000] {processor.py:183} INFO - Processing /home/airflow/.local/lib/python3.12/site-packages/airflow/example_dags/example_dag_decorator.py took 0.974 seconds
[2025-05-02T19:50:01.805+0000] {processor.py:161} INFO - Started process (PID=2418) to work on /home/airflow/.local/lib/python3.12/site-packages/airflow/example_dags/example_dag_decorator.py
[2025-05-02T19:50:01.807+0000] {processor.py:830} INFO - Processing file /home/airflow/.local/lib/python3.12/site-packages/airflow/example_dags/example_dag_decorator.py for tasks to queue
[2025-05-02T19:50:01.853+0000] {logging_mixin.py:188} INFO - [2025-05-02T19:50:01.853+0000] {dagbag.py:540} INFO - Filling up the DagBag from /home/airflow/.local/lib/python3.12/site-packages/airflow/example_dags/example_dag_decorator.py
[2025-05-02T19:50:02.607+0000] {processor.py:840} INFO - DAG(s) 'example_dag_decorator' retrieved from /home/airflow/.local/lib/python3.12/site-packages/airflow/example_dags/example_dag_decorator.py
[2025-05-02T19:50:02.976+0000] {logging_mixin.py:188} INFO - [2025-05-02T19:50:02.975+0000] {dag.py:3096} INFO - Sync 1 DAGs
[2025-05-02T19:50:03.028+0000] {logging_mixin.py:188} INFO - [2025-05-02T19:50:03.028+0000] {dag.py:3954} INFO - Setting next_dagrun for example_dag_decorator to None, run_after=None
[2025-05-02T19:50:03.187+0000] {processor.py:183} INFO - Processing /home/airflow/.local/lib/python3.12/site-packages/airflow/example_dags/example_dag_decorator.py took 1.407 seconds
[2025-05-02T19:50:34.864+0000] {processor.py:161} INFO - Started process (PID=2516) to work on /home/airflow/.local/lib/python3.12/site-packages/airflow/example_dags/example_dag_decorator.py
[2025-05-02T19:50:34.866+0000] {processor.py:830} INFO - Processing file /home/airflow/.local/lib/python3.12/site-packages/airflow/example_dags/example_dag_decorator.py for tasks to queue
[2025-05-02T19:50:34.873+0000] {logging_mixin.py:188} INFO - [2025-05-02T19:50:34.873+0000] {dagbag.py:540} INFO - Filling up the DagBag from /home/airflow/.local/lib/python3.12/site-packages/airflow/example_dags/example_dag_decorator.py
[2025-05-02T19:50:35.549+0000] {processor.py:840} INFO - DAG(s) 'example_dag_decorator' retrieved from /home/airflow/.local/lib/python3.12/site-packages/airflow/example_dags/example_dag_decorator.py
[2025-05-02T19:50:35.927+0000] {logging_mixin.py:188} INFO - [2025-05-02T19:50:35.927+0000] {dag.py:3096} INFO - Sync 1 DAGs
[2025-05-02T19:50:35.985+0000] {logging_mixin.py:188} INFO - [2025-05-02T19:50:35.985+0000] {dag.py:3954} INFO - Setting next_dagrun for example_dag_decorator to None, run_after=None
[2025-05-02T19:50:36.025+0000] {processor.py:183} INFO - Processing /home/airflow/.local/lib/python3.12/site-packages/airflow/example_dags/example_dag_decorator.py took 1.181 seconds
[2025-05-02T19:51:11.835+0000] {processor.py:161} INFO - Started process (PID=2629) to work on /home/airflow/.local/lib/python3.12/site-packages/airflow/example_dags/example_dag_decorator.py
[2025-05-02T19:51:11.847+0000] {processor.py:830} INFO - Processing file /home/airflow/.local/lib/python3.12/site-packages/airflow/example_dags/example_dag_decorator.py for tasks to queue
[2025-05-02T19:51:11.853+0000] {logging_mixin.py:188} INFO - [2025-05-02T19:51:11.853+0000] {dagbag.py:540} INFO - Filling up the DagBag from /home/airflow/.local/lib/python3.12/site-packages/airflow/example_dags/example_dag_decorator.py
[2025-05-02T19:51:12.193+0000] {processor.py:840} INFO - DAG(s) 'example_dag_decorator' retrieved from /home/airflow/.local/lib/python3.12/site-packages/airflow/example_dags/example_dag_decorator.py
[2025-05-02T19:51:13.169+0000] {logging_mixin.py:188} INFO - [2025-05-02T19:51:13.169+0000] {dag.py:3096} INFO - Sync 1 DAGs
[2025-05-02T19:51:13.210+0000] {logging_mixin.py:188} INFO - [2025-05-02T19:51:13.202+0000] {dag.py:3954} INFO - Setting next_dagrun for example_dag_decorator to None, run_after=None
[2025-05-02T19:51:13.341+0000] {processor.py:183} INFO - Processing /home/airflow/.local/lib/python3.12/site-packages/airflow/example_dags/example_dag_decorator.py took 1.527 seconds
[2025-05-02T19:51:48.305+0000] {processor.py:161} INFO - Started process (PID=2736) to work on /home/airflow/.local/lib/python3.12/site-packages/airflow/example_dags/example_dag_decorator.py
[2025-05-02T19:51:48.306+0000] {processor.py:830} INFO - Processing file /home/airflow/.local/lib/python3.12/site-packages/airflow/example_dags/example_dag_decorator.py for tasks to queue
[2025-05-02T19:51:48.309+0000] {logging_mixin.py:188} INFO - [2025-05-02T19:51:48.309+0000] {dagbag.py:540} INFO - Filling up the DagBag from /home/airflow/.local/lib/python3.12/site-packages/airflow/example_dags/example_dag_decorator.py
[2025-05-02T19:51:48.846+0000] {processor.py:840} INFO - DAG(s) 'example_dag_decorator' retrieved from /home/airflow/.local/lib/python3.12/site-packages/airflow/example_dags/example_dag_decorator.py
[2025-05-02T19:51:49.080+0000] {logging_mixin.py:188} INFO - [2025-05-02T19:51:49.079+0000] {dag.py:3096} INFO - Sync 1 DAGs
[2025-05-02T19:51:49.101+0000] {logging_mixin.py:188} INFO - [2025-05-02T19:51:49.100+0000] {dag.py:3954} INFO - Setting next_dagrun for example_dag_decorator to None, run_after=None
[2025-05-02T19:51:49.141+0000] {processor.py:183} INFO - Processing /home/airflow/.local/lib/python3.12/site-packages/airflow/example_dags/example_dag_decorator.py took 0.849 seconds
[2025-05-02T19:52:19.584+0000] {processor.py:161} INFO - Started process (PID=2818) to work on /home/airflow/.local/lib/python3.12/site-packages/airflow/example_dags/example_dag_decorator.py
[2025-05-02T19:52:19.585+0000] {processor.py:830} INFO - Processing file /home/airflow/.local/lib/python3.12/site-packages/airflow/example_dags/example_dag_decorator.py for tasks to queue
[2025-05-02T19:52:19.601+0000] {logging_mixin.py:188} INFO - [2025-05-02T19:52:19.600+0000] {dagbag.py:540} INFO - Filling up the DagBag from /home/airflow/.local/lib/python3.12/site-packages/airflow/example_dags/example_dag_decorator.py
[2025-05-02T19:52:20.006+0000] {processor.py:840} INFO - DAG(s) 'example_dag_decorator' retrieved from /home/airflow/.local/lib/python3.12/site-packages/airflow/example_dags/example_dag_decorator.py
[2025-05-02T19:52:20.153+0000] {logging_mixin.py:188} INFO - [2025-05-02T19:52:20.152+0000] {dag.py:3096} INFO - Sync 1 DAGs
[2025-05-02T19:52:20.202+0000] {logging_mixin.py:188} INFO - [2025-05-02T19:52:20.201+0000] {dag.py:3954} INFO - Setting next_dagrun for example_dag_decorator to None, run_after=None
[2025-05-02T19:52:20.278+0000] {processor.py:183} INFO - Processing /home/airflow/.local/lib/python3.12/site-packages/airflow/example_dags/example_dag_decorator.py took 0.720 seconds
[2025-05-02T19:52:50.784+0000] {processor.py:161} INFO - Started process (PID=2905) to work on /home/airflow/.local/lib/python3.12/site-packages/airflow/example_dags/example_dag_decorator.py
[2025-05-02T19:52:50.786+0000] {processor.py:830} INFO - Processing file /home/airflow/.local/lib/python3.12/site-packages/airflow/example_dags/example_dag_decorator.py for tasks to queue
[2025-05-02T19:52:50.790+0000] {logging_mixin.py:188} INFO - [2025-05-02T19:52:50.789+0000] {dagbag.py:540} INFO - Filling up the DagBag from /home/airflow/.local/lib/python3.12/site-packages/airflow/example_dags/example_dag_decorator.py
[2025-05-02T19:52:51.045+0000] {processor.py:840} INFO - DAG(s) 'example_dag_decorator' retrieved from /home/airflow/.local/lib/python3.12/site-packages/airflow/example_dags/example_dag_decorator.py
[2025-05-02T19:52:51.115+0000] {logging_mixin.py:188} INFO - [2025-05-02T19:52:51.115+0000] {dag.py:3096} INFO - Sync 1 DAGs
[2025-05-02T19:52:51.153+0000] {logging_mixin.py:188} INFO - [2025-05-02T19:52:51.153+0000] {dag.py:3954} INFO - Setting next_dagrun for example_dag_decorator to None, run_after=None
[2025-05-02T19:52:51.192+0000] {processor.py:183} INFO - Processing /home/airflow/.local/lib/python3.12/site-packages/airflow/example_dags/example_dag_decorator.py took 0.426 seconds
[2025-05-02T19:53:23.764+0000] {processor.py:161} INFO - Started process (PID=3024) to work on /home/airflow/.local/lib/python3.12/site-packages/airflow/example_dags/example_dag_decorator.py
[2025-05-02T19:53:23.766+0000] {processor.py:830} INFO - Processing file /home/airflow/.local/lib/python3.12/site-packages/airflow/example_dags/example_dag_decorator.py for tasks to queue
[2025-05-02T19:53:23.770+0000] {logging_mixin.py:188} INFO - [2025-05-02T19:53:23.769+0000] {dagbag.py:540} INFO - Filling up the DagBag from /home/airflow/.local/lib/python3.12/site-packages/airflow/example_dags/example_dag_decorator.py
[2025-05-02T19:53:23.984+0000] {processor.py:840} INFO - DAG(s) 'example_dag_decorator' retrieved from /home/airflow/.local/lib/python3.12/site-packages/airflow/example_dags/example_dag_decorator.py
[2025-05-02T19:53:24.206+0000] {logging_mixin.py:188} INFO - [2025-05-02T19:53:24.205+0000] {dag.py:3096} INFO - Sync 1 DAGs
[2025-05-02T19:53:24.219+0000] {logging_mixin.py:188} INFO - [2025-05-02T19:53:24.219+0000] {dag.py:3954} INFO - Setting next_dagrun for example_dag_decorator to None, run_after=None
[2025-05-02T19:53:24.248+0000] {processor.py:183} INFO - Processing /home/airflow/.local/lib/python3.12/site-packages/airflow/example_dags/example_dag_decorator.py took 0.499 seconds
[2025-05-02T19:53:57.617+0000] {processor.py:161} INFO - Started process (PID=3127) to work on /home/airflow/.local/lib/python3.12/site-packages/airflow/example_dags/example_dag_decorator.py
[2025-05-02T19:53:57.623+0000] {processor.py:830} INFO - Processing file /home/airflow/.local/lib/python3.12/site-packages/airflow/example_dags/example_dag_decorator.py for tasks to queue
[2025-05-02T19:53:57.627+0000] {logging_mixin.py:188} INFO - [2025-05-02T19:53:57.626+0000] {dagbag.py:540} INFO - Filling up the DagBag from /home/airflow/.local/lib/python3.12/site-packages/airflow/example_dags/example_dag_decorator.py
[2025-05-02T19:53:57.883+0000] {processor.py:840} INFO - DAG(s) 'example_dag_decorator' retrieved from /home/airflow/.local/lib/python3.12/site-packages/airflow/example_dags/example_dag_decorator.py
[2025-05-02T19:53:58.186+0000] {logging_mixin.py:188} INFO - [2025-05-02T19:53:58.186+0000] {dag.py:3096} INFO - Sync 1 DAGs
[2025-05-02T19:53:58.221+0000] {logging_mixin.py:188} INFO - [2025-05-02T19:53:58.221+0000] {dag.py:3954} INFO - Setting next_dagrun for example_dag_decorator to None, run_after=None
[2025-05-02T19:53:58.295+0000] {processor.py:183} INFO - Processing /home/airflow/.local/lib/python3.12/site-packages/airflow/example_dags/example_dag_decorator.py took 0.692 seconds
[2025-05-02T19:54:32.290+0000] {processor.py:161} INFO - Started process (PID=3233) to work on /home/airflow/.local/lib/python3.12/site-packages/airflow/example_dags/example_dag_decorator.py
[2025-05-02T19:54:32.302+0000] {processor.py:830} INFO - Processing file /home/airflow/.local/lib/python3.12/site-packages/airflow/example_dags/example_dag_decorator.py for tasks to queue
[2025-05-02T19:54:32.306+0000] {logging_mixin.py:188} INFO - [2025-05-02T19:54:32.305+0000] {dagbag.py:540} INFO - Filling up the DagBag from /home/airflow/.local/lib/python3.12/site-packages/airflow/example_dags/example_dag_decorator.py
[2025-05-02T19:54:32.564+0000] {processor.py:840} INFO - DAG(s) 'example_dag_decorator' retrieved from /home/airflow/.local/lib/python3.12/site-packages/airflow/example_dags/example_dag_decorator.py
[2025-05-02T19:54:32.975+0000] {logging_mixin.py:188} INFO - [2025-05-02T19:54:32.975+0000] {dag.py:3096} INFO - Sync 1 DAGs
[2025-05-02T19:54:33.009+0000] {logging_mixin.py:188} INFO - [2025-05-02T19:54:33.008+0000] {dag.py:3954} INFO - Setting next_dagrun for example_dag_decorator to None, run_after=None
[2025-05-02T19:54:33.061+0000] {processor.py:183} INFO - Processing /home/airflow/.local/lib/python3.12/site-packages/airflow/example_dags/example_dag_decorator.py took 0.787 seconds
[2025-05-02T19:55:06.879+0000] {processor.py:161} INFO - Started process (PID=3328) to work on /home/airflow/.local/lib/python3.12/site-packages/airflow/example_dags/example_dag_decorator.py
[2025-05-02T19:55:06.880+0000] {processor.py:830} INFO - Processing file /home/airflow/.local/lib/python3.12/site-packages/airflow/example_dags/example_dag_decorator.py for tasks to queue
[2025-05-02T19:55:06.883+0000] {logging_mixin.py:188} INFO - [2025-05-02T19:55:06.883+0000] {dagbag.py:540} INFO - Filling up the DagBag from /home/airflow/.local/lib/python3.12/site-packages/airflow/example_dags/example_dag_decorator.py
[2025-05-02T19:55:07.097+0000] {processor.py:840} INFO - DAG(s) 'example_dag_decorator' retrieved from /home/airflow/.local/lib/python3.12/site-packages/airflow/example_dags/example_dag_decorator.py
[2025-05-02T19:55:07.439+0000] {logging_mixin.py:188} INFO - [2025-05-02T19:55:07.438+0000] {dag.py:3096} INFO - Sync 1 DAGs
[2025-05-02T19:55:07.457+0000] {logging_mixin.py:188} INFO - [2025-05-02T19:55:07.457+0000] {dag.py:3954} INFO - Setting next_dagrun for example_dag_decorator to None, run_after=None
[2025-05-02T19:55:07.526+0000] {processor.py:183} INFO - Processing /home/airflow/.local/lib/python3.12/site-packages/airflow/example_dags/example_dag_decorator.py took 0.658 seconds
[2025-05-02T19:55:41.294+0000] {processor.py:161} INFO - Started process (PID=3432) to work on /home/airflow/.local/lib/python3.12/site-packages/airflow/example_dags/example_dag_decorator.py
[2025-05-02T19:55:41.303+0000] {processor.py:830} INFO - Processing file /home/airflow/.local/lib/python3.12/site-packages/airflow/example_dags/example_dag_decorator.py for tasks to queue
[2025-05-02T19:55:41.307+0000] {logging_mixin.py:188} INFO - [2025-05-02T19:55:41.307+0000] {dagbag.py:540} INFO - Filling up the DagBag from /home/airflow/.local/lib/python3.12/site-packages/airflow/example_dags/example_dag_decorator.py
[2025-05-02T19:55:41.609+0000] {processor.py:840} INFO - DAG(s) 'example_dag_decorator' retrieved from /home/airflow/.local/lib/python3.12/site-packages/airflow/example_dags/example_dag_decorator.py
[2025-05-02T19:55:42.225+0000] {logging_mixin.py:188} INFO - [2025-05-02T19:55:42.224+0000] {dag.py:3096} INFO - Sync 1 DAGs
[2025-05-02T19:55:42.274+0000] {logging_mixin.py:188} INFO - [2025-05-02T19:55:42.273+0000] {dag.py:3954} INFO - Setting next_dagrun for example_dag_decorator to None, run_after=None
[2025-05-02T19:55:42.364+0000] {processor.py:183} INFO - Processing /home/airflow/.local/lib/python3.12/site-packages/airflow/example_dags/example_dag_decorator.py took 1.084 seconds
[2025-05-02T19:56:15.187+0000] {processor.py:161} INFO - Started process (PID=3539) to work on /home/airflow/.local/lib/python3.12/site-packages/airflow/example_dags/example_dag_decorator.py
[2025-05-02T19:56:15.188+0000] {processor.py:830} INFO - Processing file /home/airflow/.local/lib/python3.12/site-packages/airflow/example_dags/example_dag_decorator.py for tasks to queue
[2025-05-02T19:56:15.192+0000] {logging_mixin.py:188} INFO - [2025-05-02T19:56:15.191+0000] {dagbag.py:540} INFO - Filling up the DagBag from /home/airflow/.local/lib/python3.12/site-packages/airflow/example_dags/example_dag_decorator.py
[2025-05-02T19:56:15.462+0000] {processor.py:840} INFO - DAG(s) 'example_dag_decorator' retrieved from /home/airflow/.local/lib/python3.12/site-packages/airflow/example_dags/example_dag_decorator.py
[2025-05-02T19:56:15.698+0000] {logging_mixin.py:188} INFO - [2025-05-02T19:56:15.697+0000] {dag.py:3096} INFO - Sync 1 DAGs
[2025-05-02T19:56:15.720+0000] {logging_mixin.py:188} INFO - [2025-05-02T19:56:15.720+0000] {dag.py:3954} INFO - Setting next_dagrun for example_dag_decorator to None, run_after=None
[2025-05-02T19:56:15.759+0000] {processor.py:183} INFO - Processing /home/airflow/.local/lib/python3.12/site-packages/airflow/example_dags/example_dag_decorator.py took 0.585 seconds
[2025-05-02T19:56:51.112+0000] {processor.py:161} INFO - Started process (PID=3648) to work on /home/airflow/.local/lib/python3.12/site-packages/airflow/example_dags/example_dag_decorator.py
[2025-05-02T19:56:51.119+0000] {processor.py:830} INFO - Processing file /home/airflow/.local/lib/python3.12/site-packages/airflow/example_dags/example_dag_decorator.py for tasks to queue
[2025-05-02T19:56:51.123+0000] {logging_mixin.py:188} INFO - [2025-05-02T19:56:51.122+0000] {dagbag.py:540} INFO - Filling up the DagBag from /home/airflow/.local/lib/python3.12/site-packages/airflow/example_dags/example_dag_decorator.py
[2025-05-02T19:56:51.385+0000] {processor.py:840} INFO - DAG(s) 'example_dag_decorator' retrieved from /home/airflow/.local/lib/python3.12/site-packages/airflow/example_dags/example_dag_decorator.py
[2025-05-02T19:56:51.780+0000] {logging_mixin.py:188} INFO - [2025-05-02T19:56:51.780+0000] {dag.py:3096} INFO - Sync 1 DAGs
[2025-05-02T19:56:51.804+0000] {logging_mixin.py:188} INFO - [2025-05-02T19:56:51.803+0000] {dag.py:3954} INFO - Setting next_dagrun for example_dag_decorator to None, run_after=None
[2025-05-02T19:56:51.900+0000] {processor.py:183} INFO - Processing /home/airflow/.local/lib/python3.12/site-packages/airflow/example_dags/example_dag_decorator.py took 0.803 seconds
[2025-05-02T19:57:25.186+0000] {processor.py:161} INFO - Started process (PID=3753) to work on /home/airflow/.local/lib/python3.12/site-packages/airflow/example_dags/example_dag_decorator.py
[2025-05-02T19:57:25.188+0000] {processor.py:830} INFO - Processing file /home/airflow/.local/lib/python3.12/site-packages/airflow/example_dags/example_dag_decorator.py for tasks to queue
[2025-05-02T19:57:25.193+0000] {logging_mixin.py:188} INFO - [2025-05-02T19:57:25.192+0000] {dagbag.py:540} INFO - Filling up the DagBag from /home/airflow/.local/lib/python3.12/site-packages/airflow/example_dags/example_dag_decorator.py
[2025-05-02T19:57:25.531+0000] {processor.py:840} INFO - DAG(s) 'example_dag_decorator' retrieved from /home/airflow/.local/lib/python3.12/site-packages/airflow/example_dags/example_dag_decorator.py
[2025-05-02T19:57:25.801+0000] {logging_mixin.py:188} INFO - [2025-05-02T19:57:25.799+0000] {dag.py:3096} INFO - Sync 1 DAGs
[2025-05-02T19:57:25.831+0000] {logging_mixin.py:188} INFO - [2025-05-02T19:57:25.830+0000] {dag.py:3954} INFO - Setting next_dagrun for example_dag_decorator to None, run_after=None
[2025-05-02T19:57:25.915+0000] {processor.py:183} INFO - Processing /home/airflow/.local/lib/python3.12/site-packages/airflow/example_dags/example_dag_decorator.py took 0.753 seconds
[2025-05-02T19:58:00.264+0000] {processor.py:161} INFO - Started process (PID=3864) to work on /home/airflow/.local/lib/python3.12/site-packages/airflow/example_dags/example_dag_decorator.py
[2025-05-02T19:58:00.270+0000] {processor.py:830} INFO - Processing file /home/airflow/.local/lib/python3.12/site-packages/airflow/example_dags/example_dag_decorator.py for tasks to queue
[2025-05-02T19:58:00.274+0000] {logging_mixin.py:188} INFO - [2025-05-02T19:58:00.273+0000] {dagbag.py:540} INFO - Filling up the DagBag from /home/airflow/.local/lib/python3.12/site-packages/airflow/example_dags/example_dag_decorator.py
[2025-05-02T19:58:00.516+0000] {processor.py:840} INFO - DAG(s) 'example_dag_decorator' retrieved from /home/airflow/.local/lib/python3.12/site-packages/airflow/example_dags/example_dag_decorator.py
[2025-05-02T19:58:00.971+0000] {logging_mixin.py:188} INFO - [2025-05-02T19:58:00.970+0000] {dag.py:3096} INFO - Sync 1 DAGs
[2025-05-02T19:58:00.994+0000] {logging_mixin.py:188} INFO - [2025-05-02T19:58:00.993+0000] {dag.py:3954} INFO - Setting next_dagrun for example_dag_decorator to None, run_after=None
[2025-05-02T19:58:01.051+0000] {processor.py:183} INFO - Processing /home/airflow/.local/lib/python3.12/site-packages/airflow/example_dags/example_dag_decorator.py took 0.820 seconds
