[2025-05-02T19:33:06.848+0000] {processor.py:161} INFO - Started process (PID=69) to work on /home/airflow/.local/lib/python3.12/site-packages/airflow/example_dags/example_latest_only_with_trigger.py
[2025-05-02T19:33:06.849+0000] {processor.py:830} INFO - Processing file /home/airflow/.local/lib/python3.12/site-packages/airflow/example_dags/example_latest_only_with_trigger.py for tasks to queue
[2025-05-02T19:33:06.852+0000] {logging_mixin.py:188} INFO - [2025-05-02T19:33:06.852+0000] {dagbag.py:540} INFO - Filling up the DagBag from /home/airflow/.local/lib/python3.12/site-packages/airflow/example_dags/example_latest_only_with_trigger.py
[2025-05-02T19:33:06.866+0000] {processor.py:840} INFO - DAG(s) 'latest_only_with_trigger' retrieved from /home/airflow/.local/lib/python3.12/site-packages/airflow/example_dags/example_latest_only_with_trigger.py
[2025-05-02T19:33:06.901+0000] {logging_mixin.py:188} INFO - [2025-05-02T19:33:06.901+0000] {dag.py:3096} INFO - Sync 1 DAGs
[2025-05-02T19:33:06.958+0000] {logging_mixin.py:188} INFO - [2025-05-02T19:33:06.957+0000] {dag.py:3954} INFO - Setting next_dagrun for latest_only_with_trigger to 2025-05-02 12:00:00+00:00, run_after=2025-05-02 16:00:00+00:00
[2025-05-02T19:33:06.990+0000] {processor.py:183} INFO - Processing /home/airflow/.local/lib/python3.12/site-packages/airflow/example_dags/example_latest_only_with_trigger.py took 0.161 seconds
[2025-05-02T19:33:37.260+0000] {processor.py:161} INFO - Started process (PID=127) to work on /home/airflow/.local/lib/python3.12/site-packages/airflow/example_dags/example_latest_only_with_trigger.py
[2025-05-02T19:33:37.261+0000] {processor.py:830} INFO - Processing file /home/airflow/.local/lib/python3.12/site-packages/airflow/example_dags/example_latest_only_with_trigger.py for tasks to queue
[2025-05-02T19:33:37.262+0000] {logging_mixin.py:188} INFO - [2025-05-02T19:33:37.262+0000] {dagbag.py:540} INFO - Filling up the DagBag from /home/airflow/.local/lib/python3.12/site-packages/airflow/example_dags/example_latest_only_with_trigger.py
[2025-05-02T19:33:37.267+0000] {processor.py:840} INFO - DAG(s) 'latest_only_with_trigger' retrieved from /home/airflow/.local/lib/python3.12/site-packages/airflow/example_dags/example_latest_only_with_trigger.py
[2025-05-02T19:33:37.361+0000] {logging_mixin.py:188} INFO - [2025-05-02T19:33:37.361+0000] {dag.py:3096} INFO - Sync 1 DAGs
[2025-05-02T19:33:37.383+0000] {logging_mixin.py:188} INFO - [2025-05-02T19:33:37.383+0000] {dag.py:3954} INFO - Setting next_dagrun for latest_only_with_trigger to 2025-05-02 12:00:00+00:00, run_after=2025-05-02 16:00:00+00:00
[2025-05-02T19:33:37.405+0000] {processor.py:183} INFO - Processing /home/airflow/.local/lib/python3.12/site-packages/airflow/example_dags/example_latest_only_with_trigger.py took 0.151 seconds
[2025-05-02T19:34:07.661+0000] {processor.py:161} INFO - Started process (PID=185) to work on /home/airflow/.local/lib/python3.12/site-packages/airflow/example_dags/example_latest_only_with_trigger.py
[2025-05-02T19:34:07.662+0000] {processor.py:830} INFO - Processing file /home/airflow/.local/lib/python3.12/site-packages/airflow/example_dags/example_latest_only_with_trigger.py for tasks to queue
[2025-05-02T19:34:07.663+0000] {logging_mixin.py:188} INFO - [2025-05-02T19:34:07.663+0000] {dagbag.py:540} INFO - Filling up the DagBag from /home/airflow/.local/lib/python3.12/site-packages/airflow/example_dags/example_latest_only_with_trigger.py
[2025-05-02T19:34:07.667+0000] {processor.py:840} INFO - DAG(s) 'latest_only_with_trigger' retrieved from /home/airflow/.local/lib/python3.12/site-packages/airflow/example_dags/example_latest_only_with_trigger.py
[2025-05-02T19:34:07.684+0000] {logging_mixin.py:188} INFO - [2025-05-02T19:34:07.684+0000] {dag.py:3096} INFO - Sync 1 DAGs
[2025-05-02T19:34:07.702+0000] {logging_mixin.py:188} INFO - [2025-05-02T19:34:07.701+0000] {dag.py:3954} INFO - Setting next_dagrun for latest_only_with_trigger to 2025-05-02 12:00:00+00:00, run_after=2025-05-02 16:00:00+00:00
[2025-05-02T19:34:07.716+0000] {processor.py:183} INFO - Processing /home/airflow/.local/lib/python3.12/site-packages/airflow/example_dags/example_latest_only_with_trigger.py took 0.061 seconds
[2025-05-02T19:34:39.088+0000] {processor.py:161} INFO - Started process (PID=243) to work on /home/airflow/.local/lib/python3.12/site-packages/airflow/example_dags/example_latest_only_with_trigger.py
[2025-05-02T19:34:39.089+0000] {processor.py:830} INFO - Processing file /home/airflow/.local/lib/python3.12/site-packages/airflow/example_dags/example_latest_only_with_trigger.py for tasks to queue
[2025-05-02T19:34:39.091+0000] {logging_mixin.py:188} INFO - [2025-05-02T19:34:39.090+0000] {dagbag.py:540} INFO - Filling up the DagBag from /home/airflow/.local/lib/python3.12/site-packages/airflow/example_dags/example_latest_only_with_trigger.py
[2025-05-02T19:34:39.097+0000] {processor.py:840} INFO - DAG(s) 'latest_only_with_trigger' retrieved from /home/airflow/.local/lib/python3.12/site-packages/airflow/example_dags/example_latest_only_with_trigger.py
[2025-05-02T19:34:39.117+0000] {logging_mixin.py:188} INFO - [2025-05-02T19:34:39.117+0000] {dag.py:3096} INFO - Sync 1 DAGs
[2025-05-02T19:34:39.139+0000] {logging_mixin.py:188} INFO - [2025-05-02T19:34:39.139+0000] {dag.py:3954} INFO - Setting next_dagrun for latest_only_with_trigger to 2025-05-02 12:00:00+00:00, run_after=2025-05-02 16:00:00+00:00
[2025-05-02T19:34:39.155+0000] {processor.py:183} INFO - Processing /home/airflow/.local/lib/python3.12/site-packages/airflow/example_dags/example_latest_only_with_trigger.py took 0.074 seconds
[2025-05-02T19:35:09.757+0000] {processor.py:161} INFO - Started process (PID=301) to work on /home/airflow/.local/lib/python3.12/site-packages/airflow/example_dags/example_latest_only_with_trigger.py
[2025-05-02T19:35:09.758+0000] {processor.py:830} INFO - Processing file /home/airflow/.local/lib/python3.12/site-packages/airflow/example_dags/example_latest_only_with_trigger.py for tasks to queue
[2025-05-02T19:35:09.760+0000] {logging_mixin.py:188} INFO - [2025-05-02T19:35:09.759+0000] {dagbag.py:540} INFO - Filling up the DagBag from /home/airflow/.local/lib/python3.12/site-packages/airflow/example_dags/example_latest_only_with_trigger.py
[2025-05-02T19:35:09.764+0000] {processor.py:840} INFO - DAG(s) 'latest_only_with_trigger' retrieved from /home/airflow/.local/lib/python3.12/site-packages/airflow/example_dags/example_latest_only_with_trigger.py
[2025-05-02T19:35:09.781+0000] {logging_mixin.py:188} INFO - [2025-05-02T19:35:09.781+0000] {dag.py:3096} INFO - Sync 1 DAGs
[2025-05-02T19:35:09.803+0000] {logging_mixin.py:188} INFO - [2025-05-02T19:35:09.803+0000] {dag.py:3954} INFO - Setting next_dagrun for latest_only_with_trigger to 2025-05-02 12:00:00+00:00, run_after=2025-05-02 16:00:00+00:00
[2025-05-02T19:35:09.821+0000] {processor.py:183} INFO - Processing /home/airflow/.local/lib/python3.12/site-packages/airflow/example_dags/example_latest_only_with_trigger.py took 0.071 seconds
[2025-05-02T19:35:40.169+0000] {processor.py:161} INFO - Started process (PID=359) to work on /home/airflow/.local/lib/python3.12/site-packages/airflow/example_dags/example_latest_only_with_trigger.py
[2025-05-02T19:35:40.170+0000] {processor.py:830} INFO - Processing file /home/airflow/.local/lib/python3.12/site-packages/airflow/example_dags/example_latest_only_with_trigger.py for tasks to queue
[2025-05-02T19:35:40.171+0000] {logging_mixin.py:188} INFO - [2025-05-02T19:35:40.171+0000] {dagbag.py:540} INFO - Filling up the DagBag from /home/airflow/.local/lib/python3.12/site-packages/airflow/example_dags/example_latest_only_with_trigger.py
[2025-05-02T19:35:40.176+0000] {processor.py:840} INFO - DAG(s) 'latest_only_with_trigger' retrieved from /home/airflow/.local/lib/python3.12/site-packages/airflow/example_dags/example_latest_only_with_trigger.py
[2025-05-02T19:35:40.192+0000] {logging_mixin.py:188} INFO - [2025-05-02T19:35:40.192+0000] {dag.py:3096} INFO - Sync 1 DAGs
[2025-05-02T19:35:40.210+0000] {logging_mixin.py:188} INFO - [2025-05-02T19:35:40.210+0000] {dag.py:3954} INFO - Setting next_dagrun for latest_only_with_trigger to 2025-05-02 12:00:00+00:00, run_after=2025-05-02 16:00:00+00:00
[2025-05-02T19:35:40.224+0000] {processor.py:183} INFO - Processing /home/airflow/.local/lib/python3.12/site-packages/airflow/example_dags/example_latest_only_with_trigger.py took 0.060 seconds
[2025-05-02T19:36:10.640+0000] {processor.py:161} INFO - Started process (PID=417) to work on /home/airflow/.local/lib/python3.12/site-packages/airflow/example_dags/example_latest_only_with_trigger.py
[2025-05-02T19:36:10.641+0000] {processor.py:830} INFO - Processing file /home/airflow/.local/lib/python3.12/site-packages/airflow/example_dags/example_latest_only_with_trigger.py for tasks to queue
[2025-05-02T19:36:10.642+0000] {logging_mixin.py:188} INFO - [2025-05-02T19:36:10.642+0000] {dagbag.py:540} INFO - Filling up the DagBag from /home/airflow/.local/lib/python3.12/site-packages/airflow/example_dags/example_latest_only_with_trigger.py
[2025-05-02T19:36:10.647+0000] {processor.py:840} INFO - DAG(s) 'latest_only_with_trigger' retrieved from /home/airflow/.local/lib/python3.12/site-packages/airflow/example_dags/example_latest_only_with_trigger.py
[2025-05-02T19:36:10.665+0000] {logging_mixin.py:188} INFO - [2025-05-02T19:36:10.664+0000] {dag.py:3096} INFO - Sync 1 DAGs
[2025-05-02T19:36:10.681+0000] {logging_mixin.py:188} INFO - [2025-05-02T19:36:10.680+0000] {dag.py:3954} INFO - Setting next_dagrun for latest_only_with_trigger to 2025-05-02 12:00:00+00:00, run_after=2025-05-02 16:00:00+00:00
[2025-05-02T19:36:10.695+0000] {processor.py:183} INFO - Processing /home/airflow/.local/lib/python3.12/site-packages/airflow/example_dags/example_latest_only_with_trigger.py took 0.060 seconds
[2025-05-02T19:36:41.073+0000] {processor.py:161} INFO - Started process (PID=475) to work on /home/airflow/.local/lib/python3.12/site-packages/airflow/example_dags/example_latest_only_with_trigger.py
[2025-05-02T19:36:41.073+0000] {processor.py:830} INFO - Processing file /home/airflow/.local/lib/python3.12/site-packages/airflow/example_dags/example_latest_only_with_trigger.py for tasks to queue
[2025-05-02T19:36:41.075+0000] {logging_mixin.py:188} INFO - [2025-05-02T19:36:41.075+0000] {dagbag.py:540} INFO - Filling up the DagBag from /home/airflow/.local/lib/python3.12/site-packages/airflow/example_dags/example_latest_only_with_trigger.py
[2025-05-02T19:36:41.079+0000] {processor.py:840} INFO - DAG(s) 'latest_only_with_trigger' retrieved from /home/airflow/.local/lib/python3.12/site-packages/airflow/example_dags/example_latest_only_with_trigger.py
[2025-05-02T19:36:41.096+0000] {logging_mixin.py:188} INFO - [2025-05-02T19:36:41.096+0000] {dag.py:3096} INFO - Sync 1 DAGs
[2025-05-02T19:36:41.119+0000] {logging_mixin.py:188} INFO - [2025-05-02T19:36:41.119+0000] {dag.py:3954} INFO - Setting next_dagrun for latest_only_with_trigger to 2025-05-02 12:00:00+00:00, run_after=2025-05-02 16:00:00+00:00
[2025-05-02T19:36:41.151+0000] {processor.py:183} INFO - Processing /home/airflow/.local/lib/python3.12/site-packages/airflow/example_dags/example_latest_only_with_trigger.py took 0.084 seconds
[2025-05-02T19:37:11.380+0000] {processor.py:161} INFO - Started process (PID=533) to work on /home/airflow/.local/lib/python3.12/site-packages/airflow/example_dags/example_latest_only_with_trigger.py
[2025-05-02T19:37:11.382+0000] {processor.py:830} INFO - Processing file /home/airflow/.local/lib/python3.12/site-packages/airflow/example_dags/example_latest_only_with_trigger.py for tasks to queue
[2025-05-02T19:37:11.384+0000] {logging_mixin.py:188} INFO - [2025-05-02T19:37:11.383+0000] {dagbag.py:540} INFO - Filling up the DagBag from /home/airflow/.local/lib/python3.12/site-packages/airflow/example_dags/example_latest_only_with_trigger.py
[2025-05-02T19:37:11.388+0000] {processor.py:840} INFO - DAG(s) 'latest_only_with_trigger' retrieved from /home/airflow/.local/lib/python3.12/site-packages/airflow/example_dags/example_latest_only_with_trigger.py
[2025-05-02T19:37:11.404+0000] {logging_mixin.py:188} INFO - [2025-05-02T19:37:11.404+0000] {dag.py:3096} INFO - Sync 1 DAGs
[2025-05-02T19:37:11.420+0000] {logging_mixin.py:188} INFO - [2025-05-02T19:37:11.419+0000] {dag.py:3954} INFO - Setting next_dagrun for latest_only_with_trigger to 2025-05-02 12:00:00+00:00, run_after=2025-05-02 16:00:00+00:00
[2025-05-02T19:37:11.434+0000] {processor.py:183} INFO - Processing /home/airflow/.local/lib/python3.12/site-packages/airflow/example_dags/example_latest_only_with_trigger.py took 0.060 seconds
[2025-05-02T19:37:41.963+0000] {processor.py:161} INFO - Started process (PID=591) to work on /home/airflow/.local/lib/python3.12/site-packages/airflow/example_dags/example_latest_only_with_trigger.py
[2025-05-02T19:37:41.964+0000] {processor.py:830} INFO - Processing file /home/airflow/.local/lib/python3.12/site-packages/airflow/example_dags/example_latest_only_with_trigger.py for tasks to queue
[2025-05-02T19:37:41.965+0000] {logging_mixin.py:188} INFO - [2025-05-02T19:37:41.965+0000] {dagbag.py:540} INFO - Filling up the DagBag from /home/airflow/.local/lib/python3.12/site-packages/airflow/example_dags/example_latest_only_with_trigger.py
[2025-05-02T19:37:41.970+0000] {processor.py:840} INFO - DAG(s) 'latest_only_with_trigger' retrieved from /home/airflow/.local/lib/python3.12/site-packages/airflow/example_dags/example_latest_only_with_trigger.py
[2025-05-02T19:37:41.989+0000] {logging_mixin.py:188} INFO - [2025-05-02T19:37:41.989+0000] {dag.py:3096} INFO - Sync 1 DAGs
[2025-05-02T19:37:42.007+0000] {logging_mixin.py:188} INFO - [2025-05-02T19:37:42.006+0000] {dag.py:3954} INFO - Setting next_dagrun for latest_only_with_trigger to 2025-05-02 12:00:00+00:00, run_after=2025-05-02 16:00:00+00:00
[2025-05-02T19:37:42.022+0000] {processor.py:183} INFO - Processing /home/airflow/.local/lib/python3.12/site-packages/airflow/example_dags/example_latest_only_with_trigger.py took 0.064 seconds
[2025-05-02T19:38:12.271+0000] {processor.py:161} INFO - Started process (PID=649) to work on /home/airflow/.local/lib/python3.12/site-packages/airflow/example_dags/example_latest_only_with_trigger.py
[2025-05-02T19:38:12.272+0000] {processor.py:830} INFO - Processing file /home/airflow/.local/lib/python3.12/site-packages/airflow/example_dags/example_latest_only_with_trigger.py for tasks to queue
[2025-05-02T19:38:12.273+0000] {logging_mixin.py:188} INFO - [2025-05-02T19:38:12.273+0000] {dagbag.py:540} INFO - Filling up the DagBag from /home/airflow/.local/lib/python3.12/site-packages/airflow/example_dags/example_latest_only_with_trigger.py
[2025-05-02T19:38:12.277+0000] {processor.py:840} INFO - DAG(s) 'latest_only_with_trigger' retrieved from /home/airflow/.local/lib/python3.12/site-packages/airflow/example_dags/example_latest_only_with_trigger.py
[2025-05-02T19:38:12.292+0000] {logging_mixin.py:188} INFO - [2025-05-02T19:38:12.292+0000] {dag.py:3096} INFO - Sync 1 DAGs
[2025-05-02T19:38:12.310+0000] {logging_mixin.py:188} INFO - [2025-05-02T19:38:12.310+0000] {dag.py:3954} INFO - Setting next_dagrun for latest_only_with_trigger to 2025-05-02 12:00:00+00:00, run_after=2025-05-02 16:00:00+00:00
[2025-05-02T19:38:12.327+0000] {processor.py:183} INFO - Processing /home/airflow/.local/lib/python3.12/site-packages/airflow/example_dags/example_latest_only_with_trigger.py took 0.061 seconds
[2025-05-02T19:38:44.779+0000] {processor.py:161} INFO - Started process (PID=707) to work on /home/airflow/.local/lib/python3.12/site-packages/airflow/example_dags/example_latest_only_with_trigger.py
[2025-05-02T19:38:44.780+0000] {processor.py:830} INFO - Processing file /home/airflow/.local/lib/python3.12/site-packages/airflow/example_dags/example_latest_only_with_trigger.py for tasks to queue
[2025-05-02T19:38:44.782+0000] {logging_mixin.py:188} INFO - [2025-05-02T19:38:44.782+0000] {dagbag.py:540} INFO - Filling up the DagBag from /home/airflow/.local/lib/python3.12/site-packages/airflow/example_dags/example_latest_only_with_trigger.py
[2025-05-02T19:38:44.788+0000] {processor.py:840} INFO - DAG(s) 'latest_only_with_trigger' retrieved from /home/airflow/.local/lib/python3.12/site-packages/airflow/example_dags/example_latest_only_with_trigger.py
[2025-05-02T19:38:44.807+0000] {logging_mixin.py:188} INFO - [2025-05-02T19:38:44.807+0000] {dag.py:3096} INFO - Sync 1 DAGs
[2025-05-02T19:38:44.823+0000] {logging_mixin.py:188} INFO - [2025-05-02T19:38:44.823+0000] {dag.py:3954} INFO - Setting next_dagrun for latest_only_with_trigger to 2025-05-02 12:00:00+00:00, run_after=2025-05-02 16:00:00+00:00
[2025-05-02T19:38:44.842+0000] {processor.py:183} INFO - Processing /home/airflow/.local/lib/python3.12/site-packages/airflow/example_dags/example_latest_only_with_trigger.py took 0.069 seconds
[2025-05-02T19:39:15.373+0000] {processor.py:161} INFO - Started process (PID=765) to work on /home/airflow/.local/lib/python3.12/site-packages/airflow/example_dags/example_latest_only_with_trigger.py
[2025-05-02T19:39:15.374+0000] {processor.py:830} INFO - Processing file /home/airflow/.local/lib/python3.12/site-packages/airflow/example_dags/example_latest_only_with_trigger.py for tasks to queue
[2025-05-02T19:39:15.375+0000] {logging_mixin.py:188} INFO - [2025-05-02T19:39:15.375+0000] {dagbag.py:540} INFO - Filling up the DagBag from /home/airflow/.local/lib/python3.12/site-packages/airflow/example_dags/example_latest_only_with_trigger.py
[2025-05-02T19:39:15.380+0000] {processor.py:840} INFO - DAG(s) 'latest_only_with_trigger' retrieved from /home/airflow/.local/lib/python3.12/site-packages/airflow/example_dags/example_latest_only_with_trigger.py
[2025-05-02T19:39:15.398+0000] {logging_mixin.py:188} INFO - [2025-05-02T19:39:15.397+0000] {dag.py:3096} INFO - Sync 1 DAGs
[2025-05-02T19:39:18.210+0000] {logging_mixin.py:188} INFO - [2025-05-02T19:39:18.210+0000] {dag.py:3954} INFO - Setting next_dagrun for latest_only_with_trigger to 2025-05-02 12:00:00+00:00, run_after=2025-05-02 16:00:00+00:00
[2025-05-02T19:39:18.228+0000] {processor.py:183} INFO - Processing /home/airflow/.local/lib/python3.12/site-packages/airflow/example_dags/example_latest_only_with_trigger.py took 0.070 seconds
[2025-05-02T19:39:48.759+0000] {processor.py:161} INFO - Started process (PID=823) to work on /home/airflow/.local/lib/python3.12/site-packages/airflow/example_dags/example_latest_only_with_trigger.py
[2025-05-02T19:39:48.760+0000] {processor.py:830} INFO - Processing file /home/airflow/.local/lib/python3.12/site-packages/airflow/example_dags/example_latest_only_with_trigger.py for tasks to queue
[2025-05-02T19:39:48.763+0000] {logging_mixin.py:188} INFO - [2025-05-02T19:39:48.762+0000] {dagbag.py:540} INFO - Filling up the DagBag from /home/airflow/.local/lib/python3.12/site-packages/airflow/example_dags/example_latest_only_with_trigger.py
[2025-05-02T19:39:48.767+0000] {processor.py:840} INFO - DAG(s) 'latest_only_with_trigger' retrieved from /home/airflow/.local/lib/python3.12/site-packages/airflow/example_dags/example_latest_only_with_trigger.py
[2025-05-02T19:39:48.788+0000] {logging_mixin.py:188} INFO - [2025-05-02T19:39:48.788+0000] {dag.py:3096} INFO - Sync 1 DAGs
[2025-05-02T19:39:48.813+0000] {logging_mixin.py:188} INFO - [2025-05-02T19:39:48.812+0000] {dag.py:3954} INFO - Setting next_dagrun for latest_only_with_trigger to 2025-05-02 12:00:00+00:00, run_after=2025-05-02 16:00:00+00:00
[2025-05-02T19:39:48.832+0000] {processor.py:183} INFO - Processing /home/airflow/.local/lib/python3.12/site-packages/airflow/example_dags/example_latest_only_with_trigger.py took 0.080 seconds
[2025-05-02T19:40:19.475+0000] {processor.py:161} INFO - Started process (PID=881) to work on /home/airflow/.local/lib/python3.12/site-packages/airflow/example_dags/example_latest_only_with_trigger.py
[2025-05-02T19:40:19.476+0000] {processor.py:830} INFO - Processing file /home/airflow/.local/lib/python3.12/site-packages/airflow/example_dags/example_latest_only_with_trigger.py for tasks to queue
[2025-05-02T19:40:19.478+0000] {logging_mixin.py:188} INFO - [2025-05-02T19:40:19.478+0000] {dagbag.py:540} INFO - Filling up the DagBag from /home/airflow/.local/lib/python3.12/site-packages/airflow/example_dags/example_latest_only_with_trigger.py
[2025-05-02T19:40:19.484+0000] {processor.py:840} INFO - DAG(s) 'latest_only_with_trigger' retrieved from /home/airflow/.local/lib/python3.12/site-packages/airflow/example_dags/example_latest_only_with_trigger.py
[2025-05-02T19:40:19.504+0000] {logging_mixin.py:188} INFO - [2025-05-02T19:40:19.504+0000] {dag.py:3096} INFO - Sync 1 DAGs
[2025-05-02T19:40:19.520+0000] {logging_mixin.py:188} INFO - [2025-05-02T19:40:19.519+0000] {dag.py:3954} INFO - Setting next_dagrun for latest_only_with_trigger to 2025-05-02 12:00:00+00:00, run_after=2025-05-02 16:00:00+00:00
[2025-05-02T19:40:19.536+0000] {processor.py:183} INFO - Processing /home/airflow/.local/lib/python3.12/site-packages/airflow/example_dags/example_latest_only_with_trigger.py took 0.065 seconds
[2025-05-02T19:40:49.962+0000] {processor.py:161} INFO - Started process (PID=939) to work on /home/airflow/.local/lib/python3.12/site-packages/airflow/example_dags/example_latest_only_with_trigger.py
[2025-05-02T19:40:49.963+0000] {processor.py:830} INFO - Processing file /home/airflow/.local/lib/python3.12/site-packages/airflow/example_dags/example_latest_only_with_trigger.py for tasks to queue
[2025-05-02T19:40:49.965+0000] {logging_mixin.py:188} INFO - [2025-05-02T19:40:49.965+0000] {dagbag.py:540} INFO - Filling up the DagBag from /home/airflow/.local/lib/python3.12/site-packages/airflow/example_dags/example_latest_only_with_trigger.py
[2025-05-02T19:40:49.980+0000] {processor.py:840} INFO - DAG(s) 'latest_only_with_trigger' retrieved from /home/airflow/.local/lib/python3.12/site-packages/airflow/example_dags/example_latest_only_with_trigger.py
[2025-05-02T19:40:50.028+0000] {logging_mixin.py:188} INFO - [2025-05-02T19:40:50.028+0000] {dag.py:3096} INFO - Sync 1 DAGs
[2025-05-02T19:40:50.059+0000] {logging_mixin.py:188} INFO - [2025-05-02T19:40:50.059+0000] {dag.py:3954} INFO - Setting next_dagrun for latest_only_with_trigger to 2025-05-02 12:00:00+00:00, run_after=2025-05-02 16:00:00+00:00
[2025-05-02T19:40:50.079+0000] {processor.py:183} INFO - Processing /home/airflow/.local/lib/python3.12/site-packages/airflow/example_dags/example_latest_only_with_trigger.py took 0.133 seconds
[2025-05-02T19:41:20.384+0000] {processor.py:161} INFO - Started process (PID=997) to work on /home/airflow/.local/lib/python3.12/site-packages/airflow/example_dags/example_latest_only_with_trigger.py
[2025-05-02T19:41:20.385+0000] {processor.py:830} INFO - Processing file /home/airflow/.local/lib/python3.12/site-packages/airflow/example_dags/example_latest_only_with_trigger.py for tasks to queue
[2025-05-02T19:41:20.387+0000] {logging_mixin.py:188} INFO - [2025-05-02T19:41:20.387+0000] {dagbag.py:540} INFO - Filling up the DagBag from /home/airflow/.local/lib/python3.12/site-packages/airflow/example_dags/example_latest_only_with_trigger.py
[2025-05-02T19:41:20.393+0000] {processor.py:840} INFO - DAG(s) 'latest_only_with_trigger' retrieved from /home/airflow/.local/lib/python3.12/site-packages/airflow/example_dags/example_latest_only_with_trigger.py
[2025-05-02T19:41:20.412+0000] {logging_mixin.py:188} INFO - [2025-05-02T19:41:20.412+0000] {dag.py:3096} INFO - Sync 1 DAGs
[2025-05-02T19:41:20.433+0000] {logging_mixin.py:188} INFO - [2025-05-02T19:41:20.433+0000] {dag.py:3954} INFO - Setting next_dagrun for latest_only_with_trigger to 2025-05-02 12:00:00+00:00, run_after=2025-05-02 16:00:00+00:00
[2025-05-02T19:41:20.449+0000] {processor.py:183} INFO - Processing /home/airflow/.local/lib/python3.12/site-packages/airflow/example_dags/example_latest_only_with_trigger.py took 0.072 seconds
[2025-05-02T19:41:51.109+0000] {processor.py:161} INFO - Started process (PID=1055) to work on /home/airflow/.local/lib/python3.12/site-packages/airflow/example_dags/example_latest_only_with_trigger.py
[2025-05-02T19:41:51.111+0000] {processor.py:830} INFO - Processing file /home/airflow/.local/lib/python3.12/site-packages/airflow/example_dags/example_latest_only_with_trigger.py for tasks to queue
[2025-05-02T19:41:51.113+0000] {logging_mixin.py:188} INFO - [2025-05-02T19:41:51.112+0000] {dagbag.py:540} INFO - Filling up the DagBag from /home/airflow/.local/lib/python3.12/site-packages/airflow/example_dags/example_latest_only_with_trigger.py
[2025-05-02T19:41:51.118+0000] {processor.py:840} INFO - DAG(s) 'latest_only_with_trigger' retrieved from /home/airflow/.local/lib/python3.12/site-packages/airflow/example_dags/example_latest_only_with_trigger.py
[2025-05-02T19:41:51.136+0000] {logging_mixin.py:188} INFO - [2025-05-02T19:41:51.136+0000] {dag.py:3096} INFO - Sync 1 DAGs
[2025-05-02T19:41:51.158+0000] {logging_mixin.py:188} INFO - [2025-05-02T19:41:51.158+0000] {dag.py:3954} INFO - Setting next_dagrun for latest_only_with_trigger to 2025-05-02 12:00:00+00:00, run_after=2025-05-02 16:00:00+00:00
[2025-05-02T19:41:51.175+0000] {processor.py:183} INFO - Processing /home/airflow/.local/lib/python3.12/site-packages/airflow/example_dags/example_latest_only_with_trigger.py took 0.071 seconds
[2025-05-02T19:42:21.723+0000] {processor.py:161} INFO - Started process (PID=1107) to work on /home/airflow/.local/lib/python3.12/site-packages/airflow/example_dags/example_latest_only_with_trigger.py
[2025-05-02T19:42:21.724+0000] {processor.py:830} INFO - Processing file /home/airflow/.local/lib/python3.12/site-packages/airflow/example_dags/example_latest_only_with_trigger.py for tasks to queue
[2025-05-02T19:42:21.725+0000] {logging_mixin.py:188} INFO - [2025-05-02T19:42:21.725+0000] {dagbag.py:540} INFO - Filling up the DagBag from /home/airflow/.local/lib/python3.12/site-packages/airflow/example_dags/example_latest_only_with_trigger.py
[2025-05-02T19:42:21.731+0000] {processor.py:840} INFO - DAG(s) 'latest_only_with_trigger' retrieved from /home/airflow/.local/lib/python3.12/site-packages/airflow/example_dags/example_latest_only_with_trigger.py
[2025-05-02T19:42:21.752+0000] {logging_mixin.py:188} INFO - [2025-05-02T19:42:21.752+0000] {dag.py:3096} INFO - Sync 1 DAGs
[2025-05-02T19:42:21.770+0000] {logging_mixin.py:188} INFO - [2025-05-02T19:42:21.770+0000] {dag.py:3954} INFO - Setting next_dagrun for latest_only_with_trigger to 2025-05-02 12:00:00+00:00, run_after=2025-05-02 16:00:00+00:00
[2025-05-02T19:42:21.788+0000] {processor.py:183} INFO - Processing /home/airflow/.local/lib/python3.12/site-packages/airflow/example_dags/example_latest_only_with_trigger.py took 0.070 seconds
[2025-05-02T19:42:52.460+0000] {processor.py:161} INFO - Started process (PID=1165) to work on /home/airflow/.local/lib/python3.12/site-packages/airflow/example_dags/example_latest_only_with_trigger.py
[2025-05-02T19:42:52.461+0000] {processor.py:830} INFO - Processing file /home/airflow/.local/lib/python3.12/site-packages/airflow/example_dags/example_latest_only_with_trigger.py for tasks to queue
[2025-05-02T19:42:52.463+0000] {logging_mixin.py:188} INFO - [2025-05-02T19:42:52.463+0000] {dagbag.py:540} INFO - Filling up the DagBag from /home/airflow/.local/lib/python3.12/site-packages/airflow/example_dags/example_latest_only_with_trigger.py
[2025-05-02T19:42:52.468+0000] {processor.py:840} INFO - DAG(s) 'latest_only_with_trigger' retrieved from /home/airflow/.local/lib/python3.12/site-packages/airflow/example_dags/example_latest_only_with_trigger.py
[2025-05-02T19:42:52.490+0000] {logging_mixin.py:188} INFO - [2025-05-02T19:42:52.489+0000] {dag.py:3096} INFO - Sync 1 DAGs
[2025-05-02T19:42:52.509+0000] {logging_mixin.py:188} INFO - [2025-05-02T19:42:52.509+0000] {dag.py:3954} INFO - Setting next_dagrun for latest_only_with_trigger to 2025-05-02 12:00:00+00:00, run_after=2025-05-02 16:00:00+00:00
[2025-05-02T19:42:52.529+0000] {processor.py:183} INFO - Processing /home/airflow/.local/lib/python3.12/site-packages/airflow/example_dags/example_latest_only_with_trigger.py took 0.075 seconds
[2025-05-02T19:43:24.669+0000] {processor.py:161} INFO - Started process (PID=1225) to work on /home/airflow/.local/lib/python3.12/site-packages/airflow/example_dags/example_latest_only_with_trigger.py
[2025-05-02T19:43:24.670+0000] {processor.py:830} INFO - Processing file /home/airflow/.local/lib/python3.12/site-packages/airflow/example_dags/example_latest_only_with_trigger.py for tasks to queue
[2025-05-02T19:43:24.672+0000] {logging_mixin.py:188} INFO - [2025-05-02T19:43:24.671+0000] {dagbag.py:540} INFO - Filling up the DagBag from /home/airflow/.local/lib/python3.12/site-packages/airflow/example_dags/example_latest_only_with_trigger.py
[2025-05-02T19:43:24.677+0000] {processor.py:840} INFO - DAG(s) 'latest_only_with_trigger' retrieved from /home/airflow/.local/lib/python3.12/site-packages/airflow/example_dags/example_latest_only_with_trigger.py
[2025-05-02T19:43:24.696+0000] {logging_mixin.py:188} INFO - [2025-05-02T19:43:24.696+0000] {dag.py:3096} INFO - Sync 1 DAGs
[2025-05-02T19:43:24.716+0000] {logging_mixin.py:188} INFO - [2025-05-02T19:43:24.716+0000] {dag.py:3954} INFO - Setting next_dagrun for latest_only_with_trigger to 2025-05-02 12:00:00+00:00, run_after=2025-05-02 16:00:00+00:00
[2025-05-02T19:43:24.733+0000] {processor.py:183} INFO - Processing /home/airflow/.local/lib/python3.12/site-packages/airflow/example_dags/example_latest_only_with_trigger.py took 0.072 seconds
[2025-05-02T19:43:55.280+0000] {processor.py:161} INFO - Started process (PID=1285) to work on /home/airflow/.local/lib/python3.12/site-packages/airflow/example_dags/example_latest_only_with_trigger.py
[2025-05-02T19:43:55.295+0000] {processor.py:830} INFO - Processing file /home/airflow/.local/lib/python3.12/site-packages/airflow/example_dags/example_latest_only_with_trigger.py for tasks to queue
[2025-05-02T19:43:55.297+0000] {logging_mixin.py:188} INFO - [2025-05-02T19:43:55.297+0000] {dagbag.py:540} INFO - Filling up the DagBag from /home/airflow/.local/lib/python3.12/site-packages/airflow/example_dags/example_latest_only_with_trigger.py
[2025-05-02T19:43:55.310+0000] {processor.py:840} INFO - DAG(s) 'latest_only_with_trigger' retrieved from /home/airflow/.local/lib/python3.12/site-packages/airflow/example_dags/example_latest_only_with_trigger.py
[2025-05-02T19:43:55.351+0000] {logging_mixin.py:188} INFO - [2025-05-02T19:43:55.350+0000] {dag.py:3096} INFO - Sync 1 DAGs
[2025-05-02T19:43:55.381+0000] {logging_mixin.py:188} INFO - [2025-05-02T19:43:55.381+0000] {dag.py:3954} INFO - Setting next_dagrun for latest_only_with_trigger to 2025-05-02 12:00:00+00:00, run_after=2025-05-02 16:00:00+00:00
[2025-05-02T19:43:55.422+0000] {processor.py:183} INFO - Processing /home/airflow/.local/lib/python3.12/site-packages/airflow/example_dags/example_latest_only_with_trigger.py took 0.150 seconds
[2025-05-02T19:44:25.461+0000] {processor.py:161} INFO - Started process (PID=1380) to work on /home/airflow/.local/lib/python3.12/site-packages/airflow/example_dags/example_latest_only_with_trigger.py
[2025-05-02T19:44:25.465+0000] {processor.py:830} INFO - Processing file /home/airflow/.local/lib/python3.12/site-packages/airflow/example_dags/example_latest_only_with_trigger.py for tasks to queue
[2025-05-02T19:44:25.469+0000] {logging_mixin.py:188} INFO - [2025-05-02T19:44:25.468+0000] {dagbag.py:540} INFO - Filling up the DagBag from /home/airflow/.local/lib/python3.12/site-packages/airflow/example_dags/example_latest_only_with_trigger.py
[2025-05-02T19:44:25.480+0000] {processor.py:840} INFO - DAG(s) 'latest_only_with_trigger' retrieved from /home/airflow/.local/lib/python3.12/site-packages/airflow/example_dags/example_latest_only_with_trigger.py
[2025-05-02T19:44:25.579+0000] {logging_mixin.py:188} INFO - [2025-05-02T19:44:25.579+0000] {dag.py:3096} INFO - Sync 1 DAGs
[2025-05-02T19:44:25.651+0000] {logging_mixin.py:188} INFO - [2025-05-02T19:44:25.651+0000] {dag.py:3954} INFO - Setting next_dagrun for latest_only_with_trigger to 2025-05-02 12:00:00+00:00, run_after=2025-05-02 16:00:00+00:00
[2025-05-02T19:44:25.719+0000] {processor.py:183} INFO - Processing /home/airflow/.local/lib/python3.12/site-packages/airflow/example_dags/example_latest_only_with_trigger.py took 0.269 seconds
[2025-05-02T19:44:55.987+0000] {processor.py:161} INFO - Started process (PID=1482) to work on /home/airflow/.local/lib/python3.12/site-packages/airflow/example_dags/example_latest_only_with_trigger.py
[2025-05-02T19:44:56.000+0000] {processor.py:830} INFO - Processing file /home/airflow/.local/lib/python3.12/site-packages/airflow/example_dags/example_latest_only_with_trigger.py for tasks to queue
[2025-05-02T19:44:56.006+0000] {logging_mixin.py:188} INFO - [2025-05-02T19:44:56.006+0000] {dagbag.py:540} INFO - Filling up the DagBag from /home/airflow/.local/lib/python3.12/site-packages/airflow/example_dags/example_latest_only_with_trigger.py
[2025-05-02T19:44:56.017+0000] {processor.py:840} INFO - DAG(s) 'latest_only_with_trigger' retrieved from /home/airflow/.local/lib/python3.12/site-packages/airflow/example_dags/example_latest_only_with_trigger.py
[2025-05-02T19:44:56.097+0000] {logging_mixin.py:188} INFO - [2025-05-02T19:44:56.096+0000] {dag.py:3096} INFO - Sync 1 DAGs
[2025-05-02T19:44:56.157+0000] {logging_mixin.py:188} INFO - [2025-05-02T19:44:56.156+0000] {dag.py:3954} INFO - Setting next_dagrun for latest_only_with_trigger to 2025-05-02 12:00:00+00:00, run_after=2025-05-02 16:00:00+00:00
[2025-05-02T19:44:56.213+0000] {processor.py:183} INFO - Processing /home/airflow/.local/lib/python3.12/site-packages/airflow/example_dags/example_latest_only_with_trigger.py took 0.238 seconds
[2025-05-02T19:45:28.064+0000] {processor.py:161} INFO - Started process (PID=1581) to work on /home/airflow/.local/lib/python3.12/site-packages/airflow/example_dags/example_latest_only_with_trigger.py
[2025-05-02T19:45:28.066+0000] {processor.py:830} INFO - Processing file /home/airflow/.local/lib/python3.12/site-packages/airflow/example_dags/example_latest_only_with_trigger.py for tasks to queue
[2025-05-02T19:45:28.071+0000] {logging_mixin.py:188} INFO - [2025-05-02T19:45:28.070+0000] {dagbag.py:540} INFO - Filling up the DagBag from /home/airflow/.local/lib/python3.12/site-packages/airflow/example_dags/example_latest_only_with_trigger.py
[2025-05-02T19:45:28.091+0000] {processor.py:840} INFO - DAG(s) 'latest_only_with_trigger' retrieved from /home/airflow/.local/lib/python3.12/site-packages/airflow/example_dags/example_latest_only_with_trigger.py
[2025-05-02T19:45:28.180+0000] {logging_mixin.py:188} INFO - [2025-05-02T19:45:28.180+0000] {dag.py:3096} INFO - Sync 1 DAGs
[2025-05-02T19:45:28.233+0000] {logging_mixin.py:188} INFO - [2025-05-02T19:45:28.232+0000] {dag.py:3954} INFO - Setting next_dagrun for latest_only_with_trigger to 2025-05-02 12:00:00+00:00, run_after=2025-05-02 16:00:00+00:00
[2025-05-02T19:45:28.304+0000] {processor.py:183} INFO - Processing /home/airflow/.local/lib/python3.12/site-packages/airflow/example_dags/example_latest_only_with_trigger.py took 0.252 seconds
[2025-05-02T19:45:58.540+0000] {processor.py:161} INFO - Started process (PID=1683) to work on /home/airflow/.local/lib/python3.12/site-packages/airflow/example_dags/example_latest_only_with_trigger.py
[2025-05-02T19:45:58.542+0000] {processor.py:830} INFO - Processing file /home/airflow/.local/lib/python3.12/site-packages/airflow/example_dags/example_latest_only_with_trigger.py for tasks to queue
[2025-05-02T19:45:58.545+0000] {logging_mixin.py:188} INFO - [2025-05-02T19:45:58.545+0000] {dagbag.py:540} INFO - Filling up the DagBag from /home/airflow/.local/lib/python3.12/site-packages/airflow/example_dags/example_latest_only_with_trigger.py
[2025-05-02T19:45:58.557+0000] {processor.py:840} INFO - DAG(s) 'latest_only_with_trigger' retrieved from /home/airflow/.local/lib/python3.12/site-packages/airflow/example_dags/example_latest_only_with_trigger.py
[2025-05-02T19:45:58.599+0000] {logging_mixin.py:188} INFO - [2025-05-02T19:45:58.596+0000] {dag.py:3096} INFO - Sync 1 DAGs
[2025-05-02T19:45:58.645+0000] {logging_mixin.py:188} INFO - [2025-05-02T19:45:58.644+0000] {dag.py:3954} INFO - Setting next_dagrun for latest_only_with_trigger to 2025-05-02 12:00:00+00:00, run_after=2025-05-02 16:00:00+00:00
[2025-05-02T19:45:58.722+0000] {processor.py:183} INFO - Processing /home/airflow/.local/lib/python3.12/site-packages/airflow/example_dags/example_latest_only_with_trigger.py took 0.195 seconds
[2025-05-02T19:46:29.895+0000] {processor.py:161} INFO - Started process (PID=1783) to work on /home/airflow/.local/lib/python3.12/site-packages/airflow/example_dags/example_latest_only_with_trigger.py
[2025-05-02T19:46:29.897+0000] {processor.py:830} INFO - Processing file /home/airflow/.local/lib/python3.12/site-packages/airflow/example_dags/example_latest_only_with_trigger.py for tasks to queue
[2025-05-02T19:46:29.901+0000] {logging_mixin.py:188} INFO - [2025-05-02T19:46:29.900+0000] {dagbag.py:540} INFO - Filling up the DagBag from /home/airflow/.local/lib/python3.12/site-packages/airflow/example_dags/example_latest_only_with_trigger.py
[2025-05-02T19:46:29.911+0000] {processor.py:840} INFO - DAG(s) 'latest_only_with_trigger' retrieved from /home/airflow/.local/lib/python3.12/site-packages/airflow/example_dags/example_latest_only_with_trigger.py
[2025-05-02T19:46:30.008+0000] {logging_mixin.py:188} INFO - [2025-05-02T19:46:30.007+0000] {dag.py:3096} INFO - Sync 1 DAGs
[2025-05-02T19:46:30.092+0000] {logging_mixin.py:188} INFO - [2025-05-02T19:46:30.092+0000] {dag.py:3954} INFO - Setting next_dagrun for latest_only_with_trigger to 2025-05-02 12:00:00+00:00, run_after=2025-05-02 16:00:00+00:00
[2025-05-02T19:46:30.151+0000] {processor.py:183} INFO - Processing /home/airflow/.local/lib/python3.12/site-packages/airflow/example_dags/example_latest_only_with_trigger.py took 0.284 seconds
[2025-05-02T19:47:01.025+0000] {processor.py:161} INFO - Started process (PID=1898) to work on /home/airflow/.local/lib/python3.12/site-packages/airflow/example_dags/example_latest_only_with_trigger.py
[2025-05-02T19:47:01.028+0000] {processor.py:830} INFO - Processing file /home/airflow/.local/lib/python3.12/site-packages/airflow/example_dags/example_latest_only_with_trigger.py for tasks to queue
[2025-05-02T19:47:01.031+0000] {logging_mixin.py:188} INFO - [2025-05-02T19:47:01.030+0000] {dagbag.py:540} INFO - Filling up the DagBag from /home/airflow/.local/lib/python3.12/site-packages/airflow/example_dags/example_latest_only_with_trigger.py
[2025-05-02T19:47:01.049+0000] {processor.py:840} INFO - DAG(s) 'latest_only_with_trigger' retrieved from /home/airflow/.local/lib/python3.12/site-packages/airflow/example_dags/example_latest_only_with_trigger.py
[2025-05-02T19:47:01.124+0000] {logging_mixin.py:188} INFO - [2025-05-02T19:47:01.123+0000] {dag.py:3096} INFO - Sync 1 DAGs
[2025-05-02T19:47:01.174+0000] {logging_mixin.py:188} INFO - [2025-05-02T19:47:01.174+0000] {dag.py:3954} INFO - Setting next_dagrun for latest_only_with_trigger to 2025-05-02 12:00:00+00:00, run_after=2025-05-02 16:00:00+00:00
[2025-05-02T19:47:01.540+0000] {processor.py:183} INFO - Processing /home/airflow/.local/lib/python3.12/site-packages/airflow/example_dags/example_latest_only_with_trigger.py took 0.527 seconds
[2025-05-02T19:47:36.732+0000] {processor.py:161} INFO - Started process (PID=2000) to work on /home/airflow/.local/lib/python3.12/site-packages/airflow/example_dags/example_latest_only_with_trigger.py
[2025-05-02T19:47:36.736+0000] {processor.py:830} INFO - Processing file /home/airflow/.local/lib/python3.12/site-packages/airflow/example_dags/example_latest_only_with_trigger.py for tasks to queue
[2025-05-02T19:47:36.740+0000] {logging_mixin.py:188} INFO - [2025-05-02T19:47:36.739+0000] {dagbag.py:540} INFO - Filling up the DagBag from /home/airflow/.local/lib/python3.12/site-packages/airflow/example_dags/example_latest_only_with_trigger.py
[2025-05-02T19:47:36.767+0000] {processor.py:840} INFO - DAG(s) 'latest_only_with_trigger' retrieved from /home/airflow/.local/lib/python3.12/site-packages/airflow/example_dags/example_latest_only_with_trigger.py
[2025-05-02T19:47:36.909+0000] {logging_mixin.py:188} INFO - [2025-05-02T19:47:36.909+0000] {dag.py:3096} INFO - Sync 1 DAGs
[2025-05-02T19:47:36.992+0000] {logging_mixin.py:188} INFO - [2025-05-02T19:47:36.991+0000] {dag.py:3954} INFO - Setting next_dagrun for latest_only_with_trigger to 2025-05-02 12:00:00+00:00, run_after=2025-05-02 16:00:00+00:00
[2025-05-02T19:47:37.047+0000] {processor.py:183} INFO - Processing /home/airflow/.local/lib/python3.12/site-packages/airflow/example_dags/example_latest_only_with_trigger.py took 0.338 seconds
[2025-05-02T19:48:09.702+0000] {processor.py:161} INFO - Started process (PID=2103) to work on /home/airflow/.local/lib/python3.12/site-packages/airflow/example_dags/example_latest_only_with_trigger.py
[2025-05-02T19:48:09.704+0000] {processor.py:830} INFO - Processing file /home/airflow/.local/lib/python3.12/site-packages/airflow/example_dags/example_latest_only_with_trigger.py for tasks to queue
[2025-05-02T19:48:09.707+0000] {logging_mixin.py:188} INFO - [2025-05-02T19:48:09.707+0000] {dagbag.py:540} INFO - Filling up the DagBag from /home/airflow/.local/lib/python3.12/site-packages/airflow/example_dags/example_latest_only_with_trigger.py
[2025-05-02T19:48:09.719+0000] {processor.py:840} INFO - DAG(s) 'latest_only_with_trigger' retrieved from /home/airflow/.local/lib/python3.12/site-packages/airflow/example_dags/example_latest_only_with_trigger.py
[2025-05-02T19:48:09.762+0000] {logging_mixin.py:188} INFO - [2025-05-02T19:48:09.762+0000] {dag.py:3096} INFO - Sync 1 DAGs
[2025-05-02T19:48:09.808+0000] {logging_mixin.py:188} INFO - [2025-05-02T19:48:09.808+0000] {dag.py:3954} INFO - Setting next_dagrun for latest_only_with_trigger to 2025-05-02 12:00:00+00:00, run_after=2025-05-02 16:00:00+00:00
[2025-05-02T19:48:09.858+0000] {processor.py:183} INFO - Processing /home/airflow/.local/lib/python3.12/site-packages/airflow/example_dags/example_latest_only_with_trigger.py took 0.179 seconds
[2025-05-02T19:48:47.326+0000] {processor.py:161} INFO - Started process (PID=2195) to work on /home/airflow/.local/lib/python3.12/site-packages/airflow/example_dags/example_latest_only_with_trigger.py
[2025-05-02T19:48:47.338+0000] {processor.py:830} INFO - Processing file /home/airflow/.local/lib/python3.12/site-packages/airflow/example_dags/example_latest_only_with_trigger.py for tasks to queue
[2025-05-02T19:48:47.341+0000] {logging_mixin.py:188} INFO - [2025-05-02T19:48:47.341+0000] {dagbag.py:540} INFO - Filling up the DagBag from /home/airflow/.local/lib/python3.12/site-packages/airflow/example_dags/example_latest_only_with_trigger.py
[2025-05-02T19:48:47.372+0000] {processor.py:840} INFO - DAG(s) 'latest_only_with_trigger' retrieved from /home/airflow/.local/lib/python3.12/site-packages/airflow/example_dags/example_latest_only_with_trigger.py
[2025-05-02T19:48:47.460+0000] {logging_mixin.py:188} INFO - [2025-05-02T19:48:47.460+0000] {dag.py:3096} INFO - Sync 1 DAGs
[2025-05-02T19:48:47.564+0000] {logging_mixin.py:188} INFO - [2025-05-02T19:48:47.558+0000] {dag.py:3954} INFO - Setting next_dagrun for latest_only_with_trigger to 2025-05-02 12:00:00+00:00, run_after=2025-05-02 16:00:00+00:00
[2025-05-02T19:48:47.672+0000] {processor.py:183} INFO - Processing /home/airflow/.local/lib/python3.12/site-packages/airflow/example_dags/example_latest_only_with_trigger.py took 0.363 seconds
[2025-05-02T19:49:20.615+0000] {processor.py:161} INFO - Started process (PID=2292) to work on /home/airflow/.local/lib/python3.12/site-packages/airflow/example_dags/example_latest_only_with_trigger.py
[2025-05-02T19:49:20.617+0000] {processor.py:830} INFO - Processing file /home/airflow/.local/lib/python3.12/site-packages/airflow/example_dags/example_latest_only_with_trigger.py for tasks to queue
[2025-05-02T19:49:20.624+0000] {logging_mixin.py:188} INFO - [2025-05-02T19:49:20.624+0000] {dagbag.py:540} INFO - Filling up the DagBag from /home/airflow/.local/lib/python3.12/site-packages/airflow/example_dags/example_latest_only_with_trigger.py
[2025-05-02T19:49:20.678+0000] {processor.py:840} INFO - DAG(s) 'latest_only_with_trigger' retrieved from /home/airflow/.local/lib/python3.12/site-packages/airflow/example_dags/example_latest_only_with_trigger.py
[2025-05-02T19:49:20.771+0000] {logging_mixin.py:188} INFO - [2025-05-02T19:49:20.771+0000] {dag.py:3096} INFO - Sync 1 DAGs
[2025-05-02T19:49:20.842+0000] {logging_mixin.py:188} INFO - [2025-05-02T19:49:20.842+0000] {dag.py:3954} INFO - Setting next_dagrun for latest_only_with_trigger to 2025-05-02 12:00:00+00:00, run_after=2025-05-02 16:00:00+00:00
[2025-05-02T19:49:20.916+0000] {processor.py:183} INFO - Processing /home/airflow/.local/lib/python3.12/site-packages/airflow/example_dags/example_latest_only_with_trigger.py took 0.319 seconds
[2025-05-02T19:49:54.553+0000] {processor.py:161} INFO - Started process (PID=2369) to work on /home/airflow/.local/lib/python3.12/site-packages/airflow/example_dags/example_latest_only_with_trigger.py
[2025-05-02T19:49:54.559+0000] {processor.py:830} INFO - Processing file /home/airflow/.local/lib/python3.12/site-packages/airflow/example_dags/example_latest_only_with_trigger.py for tasks to queue
[2025-05-02T19:49:54.570+0000] {logging_mixin.py:188} INFO - [2025-05-02T19:49:54.569+0000] {dagbag.py:540} INFO - Filling up the DagBag from /home/airflow/.local/lib/python3.12/site-packages/airflow/example_dags/example_latest_only_with_trigger.py
[2025-05-02T19:49:54.591+0000] {processor.py:840} INFO - DAG(s) 'latest_only_with_trigger' retrieved from /home/airflow/.local/lib/python3.12/site-packages/airflow/example_dags/example_latest_only_with_trigger.py
[2025-05-02T19:49:54.724+0000] {logging_mixin.py:188} INFO - [2025-05-02T19:49:54.724+0000] {dag.py:3096} INFO - Sync 1 DAGs
[2025-05-02T19:49:54.791+0000] {logging_mixin.py:188} INFO - [2025-05-02T19:49:54.790+0000] {dag.py:3954} INFO - Setting next_dagrun for latest_only_with_trigger to 2025-05-02 12:00:00+00:00, run_after=2025-05-02 16:00:00+00:00
[2025-05-02T19:49:55.248+0000] {processor.py:183} INFO - Processing /home/airflow/.local/lib/python3.12/site-packages/airflow/example_dags/example_latest_only_with_trigger.py took 0.746 seconds
[2025-05-02T19:50:29.336+0000] {processor.py:161} INFO - Started process (PID=2494) to work on /home/airflow/.local/lib/python3.12/site-packages/airflow/example_dags/example_latest_only_with_trigger.py
[2025-05-02T19:50:29.349+0000] {processor.py:830} INFO - Processing file /home/airflow/.local/lib/python3.12/site-packages/airflow/example_dags/example_latest_only_with_trigger.py for tasks to queue
[2025-05-02T19:50:29.353+0000] {logging_mixin.py:188} INFO - [2025-05-02T19:50:29.352+0000] {dagbag.py:540} INFO - Filling up the DagBag from /home/airflow/.local/lib/python3.12/site-packages/airflow/example_dags/example_latest_only_with_trigger.py
[2025-05-02T19:50:29.369+0000] {processor.py:840} INFO - DAG(s) 'latest_only_with_trigger' retrieved from /home/airflow/.local/lib/python3.12/site-packages/airflow/example_dags/example_latest_only_with_trigger.py
[2025-05-02T19:50:29.495+0000] {logging_mixin.py:188} INFO - [2025-05-02T19:50:29.495+0000] {dag.py:3096} INFO - Sync 1 DAGs
[2025-05-02T19:50:29.544+0000] {logging_mixin.py:188} INFO - [2025-05-02T19:50:29.543+0000] {dag.py:3954} INFO - Setting next_dagrun for latest_only_with_trigger to 2025-05-02 12:00:00+00:00, run_after=2025-05-02 16:00:00+00:00
[2025-05-02T19:50:29.620+0000] {processor.py:183} INFO - Processing /home/airflow/.local/lib/python3.12/site-packages/airflow/example_dags/example_latest_only_with_trigger.py took 0.297 seconds
[2025-05-02T19:51:04.607+0000] {processor.py:161} INFO - Started process (PID=2585) to work on /home/airflow/.local/lib/python3.12/site-packages/airflow/example_dags/example_latest_only_with_trigger.py
[2025-05-02T19:51:04.608+0000] {processor.py:830} INFO - Processing file /home/airflow/.local/lib/python3.12/site-packages/airflow/example_dags/example_latest_only_with_trigger.py for tasks to queue
[2025-05-02T19:51:04.611+0000] {logging_mixin.py:188} INFO - [2025-05-02T19:51:04.611+0000] {dagbag.py:540} INFO - Filling up the DagBag from /home/airflow/.local/lib/python3.12/site-packages/airflow/example_dags/example_latest_only_with_trigger.py
[2025-05-02T19:51:04.638+0000] {processor.py:840} INFO - DAG(s) 'latest_only_with_trigger' retrieved from /home/airflow/.local/lib/python3.12/site-packages/airflow/example_dags/example_latest_only_with_trigger.py
[2025-05-02T19:51:05.202+0000] {logging_mixin.py:188} INFO - [2025-05-02T19:51:05.201+0000] {dag.py:3096} INFO - Sync 1 DAGs
[2025-05-02T19:51:05.294+0000] {logging_mixin.py:188} INFO - [2025-05-02T19:51:05.293+0000] {dag.py:3954} INFO - Setting next_dagrun for latest_only_with_trigger to 2025-05-02 12:00:00+00:00, run_after=2025-05-02 16:00:00+00:00
[2025-05-02T19:51:05.399+0000] {processor.py:183} INFO - Processing /home/airflow/.local/lib/python3.12/site-packages/airflow/example_dags/example_latest_only_with_trigger.py took 0.810 seconds
[2025-05-02T19:51:38.860+0000] {processor.py:161} INFO - Started process (PID=2701) to work on /home/airflow/.local/lib/python3.12/site-packages/airflow/example_dags/example_latest_only_with_trigger.py
[2025-05-02T19:51:38.869+0000] {processor.py:830} INFO - Processing file /home/airflow/.local/lib/python3.12/site-packages/airflow/example_dags/example_latest_only_with_trigger.py for tasks to queue
[2025-05-02T19:51:38.873+0000] {logging_mixin.py:188} INFO - [2025-05-02T19:51:38.873+0000] {dagbag.py:540} INFO - Filling up the DagBag from /home/airflow/.local/lib/python3.12/site-packages/airflow/example_dags/example_latest_only_with_trigger.py
[2025-05-02T19:51:38.887+0000] {processor.py:840} INFO - DAG(s) 'latest_only_with_trigger' retrieved from /home/airflow/.local/lib/python3.12/site-packages/airflow/example_dags/example_latest_only_with_trigger.py
[2025-05-02T19:51:38.955+0000] {logging_mixin.py:188} INFO - [2025-05-02T19:51:38.954+0000] {dag.py:3096} INFO - Sync 1 DAGs
[2025-05-02T19:51:39.025+0000] {logging_mixin.py:188} INFO - [2025-05-02T19:51:39.024+0000] {dag.py:3954} INFO - Setting next_dagrun for latest_only_with_trigger to 2025-05-02 12:00:00+00:00, run_after=2025-05-02 16:00:00+00:00
[2025-05-02T19:51:39.331+0000] {processor.py:183} INFO - Processing /home/airflow/.local/lib/python3.12/site-packages/airflow/example_dags/example_latest_only_with_trigger.py took 0.496 seconds
[2025-05-02T19:52:12.998+0000] {processor.py:161} INFO - Started process (PID=2777) to work on /home/airflow/.local/lib/python3.12/site-packages/airflow/example_dags/example_latest_only_with_trigger.py
[2025-05-02T19:52:13.013+0000] {processor.py:830} INFO - Processing file /home/airflow/.local/lib/python3.12/site-packages/airflow/example_dags/example_latest_only_with_trigger.py for tasks to queue
[2025-05-02T19:52:13.018+0000] {logging_mixin.py:188} INFO - [2025-05-02T19:52:13.017+0000] {dagbag.py:540} INFO - Filling up the DagBag from /home/airflow/.local/lib/python3.12/site-packages/airflow/example_dags/example_latest_only_with_trigger.py
[2025-05-02T19:52:13.040+0000] {processor.py:840} INFO - DAG(s) 'latest_only_with_trigger' retrieved from /home/airflow/.local/lib/python3.12/site-packages/airflow/example_dags/example_latest_only_with_trigger.py
[2025-05-02T19:52:13.224+0000] {logging_mixin.py:188} INFO - [2025-05-02T19:52:13.223+0000] {dag.py:3096} INFO - Sync 1 DAGs
[2025-05-02T19:52:13.310+0000] {logging_mixin.py:188} INFO - [2025-05-02T19:52:13.309+0000] {dag.py:3954} INFO - Setting next_dagrun for latest_only_with_trigger to 2025-05-02 12:00:00+00:00, run_after=2025-05-02 16:00:00+00:00
[2025-05-02T19:52:13.391+0000] {processor.py:183} INFO - Processing /home/airflow/.local/lib/python3.12/site-packages/airflow/example_dags/example_latest_only_with_trigger.py took 0.410 seconds
[2025-05-02T19:52:46.259+0000] {processor.py:161} INFO - Started process (PID=2874) to work on /home/airflow/.local/lib/python3.12/site-packages/airflow/example_dags/example_latest_only_with_trigger.py
[2025-05-02T19:52:46.260+0000] {processor.py:830} INFO - Processing file /home/airflow/.local/lib/python3.12/site-packages/airflow/example_dags/example_latest_only_with_trigger.py for tasks to queue
[2025-05-02T19:52:46.262+0000] {logging_mixin.py:188} INFO - [2025-05-02T19:52:46.261+0000] {dagbag.py:540} INFO - Filling up the DagBag from /home/airflow/.local/lib/python3.12/site-packages/airflow/example_dags/example_latest_only_with_trigger.py
[2025-05-02T19:52:46.267+0000] {processor.py:840} INFO - DAG(s) 'latest_only_with_trigger' retrieved from /home/airflow/.local/lib/python3.12/site-packages/airflow/example_dags/example_latest_only_with_trigger.py
[2025-05-02T19:52:46.289+0000] {logging_mixin.py:188} INFO - [2025-05-02T19:52:46.288+0000] {dag.py:3096} INFO - Sync 1 DAGs
[2025-05-02T19:52:46.312+0000] {logging_mixin.py:188} INFO - [2025-05-02T19:52:46.312+0000] {dag.py:3954} INFO - Setting next_dagrun for latest_only_with_trigger to 2025-05-02 12:00:00+00:00, run_after=2025-05-02 16:00:00+00:00
[2025-05-02T19:52:46.332+0000] {processor.py:183} INFO - Processing /home/airflow/.local/lib/python3.12/site-packages/airflow/example_dags/example_latest_only_with_trigger.py took 0.081 seconds
[2025-05-02T19:53:16.950+0000] {processor.py:161} INFO - Started process (PID=2987) to work on /home/airflow/.local/lib/python3.12/site-packages/airflow/example_dags/example_latest_only_with_trigger.py
[2025-05-02T19:53:16.957+0000] {processor.py:830} INFO - Processing file /home/airflow/.local/lib/python3.12/site-packages/airflow/example_dags/example_latest_only_with_trigger.py for tasks to queue
[2025-05-02T19:53:16.962+0000] {logging_mixin.py:188} INFO - [2025-05-02T19:53:16.961+0000] {dagbag.py:540} INFO - Filling up the DagBag from /home/airflow/.local/lib/python3.12/site-packages/airflow/example_dags/example_latest_only_with_trigger.py
[2025-05-02T19:53:16.981+0000] {processor.py:840} INFO - DAG(s) 'latest_only_with_trigger' retrieved from /home/airflow/.local/lib/python3.12/site-packages/airflow/example_dags/example_latest_only_with_trigger.py
[2025-05-02T19:53:17.066+0000] {logging_mixin.py:188} INFO - [2025-05-02T19:53:17.065+0000] {dag.py:3096} INFO - Sync 1 DAGs
[2025-05-02T19:53:17.214+0000] {logging_mixin.py:188} INFO - [2025-05-02T19:53:17.214+0000] {dag.py:3954} INFO - Setting next_dagrun for latest_only_with_trigger to 2025-05-02 12:00:00+00:00, run_after=2025-05-02 16:00:00+00:00
[2025-05-02T19:53:17.329+0000] {processor.py:183} INFO - Processing /home/airflow/.local/lib/python3.12/site-packages/airflow/example_dags/example_latest_only_with_trigger.py took 0.409 seconds
[2025-05-02T19:53:47.851+0000] {processor.py:161} INFO - Started process (PID=3080) to work on /home/airflow/.local/lib/python3.12/site-packages/airflow/example_dags/example_latest_only_with_trigger.py
[2025-05-02T19:53:47.853+0000] {processor.py:830} INFO - Processing file /home/airflow/.local/lib/python3.12/site-packages/airflow/example_dags/example_latest_only_with_trigger.py for tasks to queue
[2025-05-02T19:53:47.857+0000] {logging_mixin.py:188} INFO - [2025-05-02T19:53:47.856+0000] {dagbag.py:540} INFO - Filling up the DagBag from /home/airflow/.local/lib/python3.12/site-packages/airflow/example_dags/example_latest_only_with_trigger.py
[2025-05-02T19:53:47.868+0000] {processor.py:840} INFO - DAG(s) 'latest_only_with_trigger' retrieved from /home/airflow/.local/lib/python3.12/site-packages/airflow/example_dags/example_latest_only_with_trigger.py
[2025-05-02T19:53:47.937+0000] {logging_mixin.py:188} INFO - [2025-05-02T19:53:47.937+0000] {dag.py:3096} INFO - Sync 1 DAGs
[2025-05-02T19:53:48.001+0000] {logging_mixin.py:188} INFO - [2025-05-02T19:53:48.000+0000] {dag.py:3954} INFO - Setting next_dagrun for latest_only_with_trigger to 2025-05-02 12:00:00+00:00, run_after=2025-05-02 16:00:00+00:00
[2025-05-02T19:53:48.070+0000] {processor.py:183} INFO - Processing /home/airflow/.local/lib/python3.12/site-packages/airflow/example_dags/example_latest_only_with_trigger.py took 0.235 seconds
[2025-05-02T19:54:18.643+0000] {processor.py:161} INFO - Started process (PID=3171) to work on /home/airflow/.local/lib/python3.12/site-packages/airflow/example_dags/example_latest_only_with_trigger.py
[2025-05-02T19:54:18.653+0000] {processor.py:830} INFO - Processing file /home/airflow/.local/lib/python3.12/site-packages/airflow/example_dags/example_latest_only_with_trigger.py for tasks to queue
[2025-05-02T19:54:18.657+0000] {logging_mixin.py:188} INFO - [2025-05-02T19:54:18.656+0000] {dagbag.py:540} INFO - Filling up the DagBag from /home/airflow/.local/lib/python3.12/site-packages/airflow/example_dags/example_latest_only_with_trigger.py
[2025-05-02T19:54:18.671+0000] {processor.py:840} INFO - DAG(s) 'latest_only_with_trigger' retrieved from /home/airflow/.local/lib/python3.12/site-packages/airflow/example_dags/example_latest_only_with_trigger.py
[2025-05-02T19:54:18.720+0000] {logging_mixin.py:188} INFO - [2025-05-02T19:54:18.719+0000] {dag.py:3096} INFO - Sync 1 DAGs
[2025-05-02T19:54:18.782+0000] {logging_mixin.py:188} INFO - [2025-05-02T19:54:18.781+0000] {dag.py:3954} INFO - Setting next_dagrun for latest_only_with_trigger to 2025-05-02 12:00:00+00:00, run_after=2025-05-02 16:00:00+00:00
[2025-05-02T19:54:18.860+0000] {processor.py:183} INFO - Processing /home/airflow/.local/lib/python3.12/site-packages/airflow/example_dags/example_latest_only_with_trigger.py took 0.229 seconds
[2025-05-02T19:54:49.266+0000] {processor.py:161} INFO - Started process (PID=3262) to work on /home/airflow/.local/lib/python3.12/site-packages/airflow/example_dags/example_latest_only_with_trigger.py
[2025-05-02T19:54:49.267+0000] {processor.py:830} INFO - Processing file /home/airflow/.local/lib/python3.12/site-packages/airflow/example_dags/example_latest_only_with_trigger.py for tasks to queue
[2025-05-02T19:54:49.278+0000] {logging_mixin.py:188} INFO - [2025-05-02T19:54:49.277+0000] {dagbag.py:540} INFO - Filling up the DagBag from /home/airflow/.local/lib/python3.12/site-packages/airflow/example_dags/example_latest_only_with_trigger.py
[2025-05-02T19:54:49.302+0000] {processor.py:840} INFO - DAG(s) 'latest_only_with_trigger' retrieved from /home/airflow/.local/lib/python3.12/site-packages/airflow/example_dags/example_latest_only_with_trigger.py
[2025-05-02T19:54:49.383+0000] {logging_mixin.py:188} INFO - [2025-05-02T19:54:49.383+0000] {dag.py:3096} INFO - Sync 1 DAGs
[2025-05-02T19:54:49.447+0000] {logging_mixin.py:188} INFO - [2025-05-02T19:54:49.447+0000] {dag.py:3954} INFO - Setting next_dagrun for latest_only_with_trigger to 2025-05-02 12:00:00+00:00, run_after=2025-05-02 16:00:00+00:00
[2025-05-02T19:54:49.527+0000] {processor.py:183} INFO - Processing /home/airflow/.local/lib/python3.12/site-packages/airflow/example_dags/example_latest_only_with_trigger.py took 0.282 seconds
[2025-05-02T19:55:19.760+0000] {processor.py:161} INFO - Started process (PID=3357) to work on /home/airflow/.local/lib/python3.12/site-packages/airflow/example_dags/example_latest_only_with_trigger.py
[2025-05-02T19:55:19.778+0000] {processor.py:830} INFO - Processing file /home/airflow/.local/lib/python3.12/site-packages/airflow/example_dags/example_latest_only_with_trigger.py for tasks to queue
[2025-05-02T19:55:19.781+0000] {logging_mixin.py:188} INFO - [2025-05-02T19:55:19.781+0000] {dagbag.py:540} INFO - Filling up the DagBag from /home/airflow/.local/lib/python3.12/site-packages/airflow/example_dags/example_latest_only_with_trigger.py
[2025-05-02T19:55:19.799+0000] {processor.py:840} INFO - DAG(s) 'latest_only_with_trigger' retrieved from /home/airflow/.local/lib/python3.12/site-packages/airflow/example_dags/example_latest_only_with_trigger.py
[2025-05-02T19:55:19.896+0000] {logging_mixin.py:188} INFO - [2025-05-02T19:55:19.896+0000] {dag.py:3096} INFO - Sync 1 DAGs
[2025-05-02T19:55:19.976+0000] {logging_mixin.py:188} INFO - [2025-05-02T19:55:19.976+0000] {dag.py:3954} INFO - Setting next_dagrun for latest_only_with_trigger to 2025-05-02 12:00:00+00:00, run_after=2025-05-02 16:00:00+00:00
[2025-05-02T19:55:20.082+0000] {processor.py:183} INFO - Processing /home/airflow/.local/lib/python3.12/site-packages/airflow/example_dags/example_latest_only_with_trigger.py took 0.375 seconds
[2025-05-02T19:55:50.140+0000] {processor.py:161} INFO - Started process (PID=3459) to work on /home/airflow/.local/lib/python3.12/site-packages/airflow/example_dags/example_latest_only_with_trigger.py
[2025-05-02T19:55:50.141+0000] {processor.py:830} INFO - Processing file /home/airflow/.local/lib/python3.12/site-packages/airflow/example_dags/example_latest_only_with_trigger.py for tasks to queue
[2025-05-02T19:55:50.144+0000] {logging_mixin.py:188} INFO - [2025-05-02T19:55:50.143+0000] {dagbag.py:540} INFO - Filling up the DagBag from /home/airflow/.local/lib/python3.12/site-packages/airflow/example_dags/example_latest_only_with_trigger.py
[2025-05-02T19:55:50.150+0000] {processor.py:840} INFO - DAG(s) 'latest_only_with_trigger' retrieved from /home/airflow/.local/lib/python3.12/site-packages/airflow/example_dags/example_latest_only_with_trigger.py
[2025-05-02T19:55:50.193+0000] {logging_mixin.py:188} INFO - [2025-05-02T19:55:50.192+0000] {dag.py:3096} INFO - Sync 1 DAGs
[2025-05-02T19:55:50.238+0000] {logging_mixin.py:188} INFO - [2025-05-02T19:55:50.237+0000] {dag.py:3954} INFO - Setting next_dagrun for latest_only_with_trigger to 2025-05-02 12:00:00+00:00, run_after=2025-05-02 16:00:00+00:00
[2025-05-02T19:55:50.292+0000] {processor.py:183} INFO - Processing /home/airflow/.local/lib/python3.12/site-packages/airflow/example_dags/example_latest_only_with_trigger.py took 0.163 seconds
[2025-05-02T19:56:21.269+0000] {processor.py:161} INFO - Started process (PID=3557) to work on /home/airflow/.local/lib/python3.12/site-packages/airflow/example_dags/example_latest_only_with_trigger.py
[2025-05-02T19:56:21.270+0000] {processor.py:830} INFO - Processing file /home/airflow/.local/lib/python3.12/site-packages/airflow/example_dags/example_latest_only_with_trigger.py for tasks to queue
[2025-05-02T19:56:21.272+0000] {logging_mixin.py:188} INFO - [2025-05-02T19:56:21.272+0000] {dagbag.py:540} INFO - Filling up the DagBag from /home/airflow/.local/lib/python3.12/site-packages/airflow/example_dags/example_latest_only_with_trigger.py
[2025-05-02T19:56:21.276+0000] {processor.py:840} INFO - DAG(s) 'latest_only_with_trigger' retrieved from /home/airflow/.local/lib/python3.12/site-packages/airflow/example_dags/example_latest_only_with_trigger.py
[2025-05-02T19:56:21.298+0000] {logging_mixin.py:188} INFO - [2025-05-02T19:56:21.298+0000] {dag.py:3096} INFO - Sync 1 DAGs
[2025-05-02T19:56:21.317+0000] {logging_mixin.py:188} INFO - [2025-05-02T19:56:21.317+0000] {dag.py:3954} INFO - Setting next_dagrun for latest_only_with_trigger to 2025-05-02 12:00:00+00:00, run_after=2025-05-02 16:00:00+00:00
[2025-05-02T19:56:21.337+0000] {processor.py:183} INFO - Processing /home/airflow/.local/lib/python3.12/site-packages/airflow/example_dags/example_latest_only_with_trigger.py took 0.074 seconds
[2025-05-02T19:56:53.422+0000] {processor.py:161} INFO - Started process (PID=3661) to work on /home/airflow/.local/lib/python3.12/site-packages/airflow/example_dags/example_latest_only_with_trigger.py
[2025-05-02T19:56:53.424+0000] {processor.py:830} INFO - Processing file /home/airflow/.local/lib/python3.12/site-packages/airflow/example_dags/example_latest_only_with_trigger.py for tasks to queue
[2025-05-02T19:56:53.427+0000] {logging_mixin.py:188} INFO - [2025-05-02T19:56:53.427+0000] {dagbag.py:540} INFO - Filling up the DagBag from /home/airflow/.local/lib/python3.12/site-packages/airflow/example_dags/example_latest_only_with_trigger.py
[2025-05-02T19:56:53.436+0000] {processor.py:840} INFO - DAG(s) 'latest_only_with_trigger' retrieved from /home/airflow/.local/lib/python3.12/site-packages/airflow/example_dags/example_latest_only_with_trigger.py
[2025-05-02T19:56:53.473+0000] {logging_mixin.py:188} INFO - [2025-05-02T19:56:53.473+0000] {dag.py:3096} INFO - Sync 1 DAGs
[2025-05-02T19:56:53.510+0000] {logging_mixin.py:188} INFO - [2025-05-02T19:56:53.509+0000] {dag.py:3954} INFO - Setting next_dagrun for latest_only_with_trigger to 2025-05-02 12:00:00+00:00, run_after=2025-05-02 16:00:00+00:00
[2025-05-02T19:56:53.550+0000] {processor.py:183} INFO - Processing /home/airflow/.local/lib/python3.12/site-packages/airflow/example_dags/example_latest_only_with_trigger.py took 0.140 seconds
[2025-05-02T19:57:26.757+0000] {processor.py:161} INFO - Started process (PID=3763) to work on /home/airflow/.local/lib/python3.12/site-packages/airflow/example_dags/example_latest_only_with_trigger.py
[2025-05-02T19:57:26.765+0000] {processor.py:830} INFO - Processing file /home/airflow/.local/lib/python3.12/site-packages/airflow/example_dags/example_latest_only_with_trigger.py for tasks to queue
[2025-05-02T19:57:26.771+0000] {logging_mixin.py:188} INFO - [2025-05-02T19:57:26.771+0000] {dagbag.py:540} INFO - Filling up the DagBag from /home/airflow/.local/lib/python3.12/site-packages/airflow/example_dags/example_latest_only_with_trigger.py
[2025-05-02T19:57:26.797+0000] {processor.py:840} INFO - DAG(s) 'latest_only_with_trigger' retrieved from /home/airflow/.local/lib/python3.12/site-packages/airflow/example_dags/example_latest_only_with_trigger.py
[2025-05-02T19:57:26.884+0000] {logging_mixin.py:188} INFO - [2025-05-02T19:57:26.880+0000] {dag.py:3096} INFO - Sync 1 DAGs
[2025-05-02T19:57:26.938+0000] {logging_mixin.py:188} INFO - [2025-05-02T19:57:26.938+0000] {dag.py:3954} INFO - Setting next_dagrun for latest_only_with_trigger to 2025-05-02 12:00:00+00:00, run_after=2025-05-02 16:00:00+00:00
[2025-05-02T19:57:27.037+0000] {processor.py:183} INFO - Processing /home/airflow/.local/lib/python3.12/site-packages/airflow/example_dags/example_latest_only_with_trigger.py took 0.297 seconds
[2025-05-02T19:57:58.354+0000] {processor.py:161} INFO - Started process (PID=3845) to work on /home/airflow/.local/lib/python3.12/site-packages/airflow/example_dags/example_latest_only_with_trigger.py
[2025-05-02T19:57:58.355+0000] {processor.py:830} INFO - Processing file /home/airflow/.local/lib/python3.12/site-packages/airflow/example_dags/example_latest_only_with_trigger.py for tasks to queue
[2025-05-02T19:57:58.359+0000] {logging_mixin.py:188} INFO - [2025-05-02T19:57:58.358+0000] {dagbag.py:540} INFO - Filling up the DagBag from /home/airflow/.local/lib/python3.12/site-packages/airflow/example_dags/example_latest_only_with_trigger.py
[2025-05-02T19:57:58.375+0000] {processor.py:840} INFO - DAG(s) 'latest_only_with_trigger' retrieved from /home/airflow/.local/lib/python3.12/site-packages/airflow/example_dags/example_latest_only_with_trigger.py
[2025-05-02T19:57:58.479+0000] {logging_mixin.py:188} INFO - [2025-05-02T19:57:58.478+0000] {dag.py:3096} INFO - Sync 1 DAGs
[2025-05-02T19:57:58.552+0000] {logging_mixin.py:188} INFO - [2025-05-02T19:57:58.552+0000] {dag.py:3954} INFO - Setting next_dagrun for latest_only_with_trigger to 2025-05-02 12:00:00+00:00, run_after=2025-05-02 16:00:00+00:00
[2025-05-02T19:57:58.634+0000] {processor.py:183} INFO - Processing /home/airflow/.local/lib/python3.12/site-packages/airflow/example_dags/example_latest_only_with_trigger.py took 0.293 seconds
