[2025-05-02T19:33:07.869+0000] {processor.py:161} INFO - Started process (PID=90) to work on /home/airflow/.local/lib/python3.12/site-packages/airflow/example_dags/example_branch_operator.py
[2025-05-02T19:33:07.870+0000] {processor.py:830} INFO - Processing file /home/airflow/.local/lib/python3.12/site-packages/airflow/example_dags/example_branch_operator.py for tasks to queue
[2025-05-02T19:33:07.873+0000] {logging_mixin.py:188} INFO - [2025-05-02T19:33:07.872+0000] {dagbag.py:540} INFO - Filling up the DagBag from /home/airflow/.local/lib/python3.12/site-packages/airflow/example_dags/example_branch_operator.py
[2025-05-02T19:33:07.898+0000] {processor.py:840} INFO - DAG(s) 'example_branch_operator' retrieved from /home/airflow/.local/lib/python3.12/site-packages/airflow/example_dags/example_branch_operator.py
[2025-05-02T19:33:07.920+0000] {logging_mixin.py:188} INFO - [2025-05-02T19:33:07.919+0000] {dag.py:3096} INFO - Sync 1 DAGs
[2025-05-02T19:33:07.966+0000] {logging_mixin.py:188} INFO - [2025-05-02T19:33:07.965+0000] {dag.py:3954} INFO - Setting next_dagrun for example_branch_operator to 2025-05-01 00:00:00+00:00, run_after=2025-05-02 00:00:00+00:00
[2025-05-02T19:33:07.997+0000] {processor.py:183} INFO - Processing /home/airflow/.local/lib/python3.12/site-packages/airflow/example_dags/example_branch_operator.py took 0.138 seconds
[2025-05-02T19:33:38.503+0000] {processor.py:161} INFO - Started process (PID=142) to work on /home/airflow/.local/lib/python3.12/site-packages/airflow/example_dags/example_branch_operator.py
[2025-05-02T19:33:38.504+0000] {processor.py:830} INFO - Processing file /home/airflow/.local/lib/python3.12/site-packages/airflow/example_dags/example_branch_operator.py for tasks to queue
[2025-05-02T19:33:38.505+0000] {logging_mixin.py:188} INFO - [2025-05-02T19:33:38.505+0000] {dagbag.py:540} INFO - Filling up the DagBag from /home/airflow/.local/lib/python3.12/site-packages/airflow/example_dags/example_branch_operator.py
[2025-05-02T19:33:38.518+0000] {processor.py:840} INFO - DAG(s) 'example_branch_operator' retrieved from /home/airflow/.local/lib/python3.12/site-packages/airflow/example_dags/example_branch_operator.py
[2025-05-02T19:33:38.608+0000] {logging_mixin.py:188} INFO - [2025-05-02T19:33:38.608+0000] {dag.py:3096} INFO - Sync 1 DAGs
[2025-05-02T19:33:38.626+0000] {logging_mixin.py:188} INFO - [2025-05-02T19:33:38.626+0000] {dag.py:3954} INFO - Setting next_dagrun for example_branch_operator to 2025-05-01 00:00:00+00:00, run_after=2025-05-02 00:00:00+00:00
[2025-05-02T19:33:38.649+0000] {processor.py:183} INFO - Processing /home/airflow/.local/lib/python3.12/site-packages/airflow/example_dags/example_branch_operator.py took 0.150 seconds
[2025-05-02T19:34:08.686+0000] {processor.py:161} INFO - Started process (PID=200) to work on /home/airflow/.local/lib/python3.12/site-packages/airflow/example_dags/example_branch_operator.py
[2025-05-02T19:34:08.687+0000] {processor.py:830} INFO - Processing file /home/airflow/.local/lib/python3.12/site-packages/airflow/example_dags/example_branch_operator.py for tasks to queue
[2025-05-02T19:34:08.689+0000] {logging_mixin.py:188} INFO - [2025-05-02T19:34:08.689+0000] {dagbag.py:540} INFO - Filling up the DagBag from /home/airflow/.local/lib/python3.12/site-packages/airflow/example_dags/example_branch_operator.py
[2025-05-02T19:34:08.700+0000] {processor.py:840} INFO - DAG(s) 'example_branch_operator' retrieved from /home/airflow/.local/lib/python3.12/site-packages/airflow/example_dags/example_branch_operator.py
[2025-05-02T19:34:08.723+0000] {logging_mixin.py:188} INFO - [2025-05-02T19:34:08.723+0000] {dag.py:3096} INFO - Sync 1 DAGs
[2025-05-02T19:34:08.738+0000] {logging_mixin.py:188} INFO - [2025-05-02T19:34:08.738+0000] {dag.py:3954} INFO - Setting next_dagrun for example_branch_operator to 2025-05-01 00:00:00+00:00, run_after=2025-05-02 00:00:00+00:00
[2025-05-02T19:34:08.754+0000] {processor.py:183} INFO - Processing /home/airflow/.local/lib/python3.12/site-packages/airflow/example_dags/example_branch_operator.py took 0.074 seconds
[2025-05-02T19:34:39.819+0000] {processor.py:161} INFO - Started process (PID=258) to work on /home/airflow/.local/lib/python3.12/site-packages/airflow/example_dags/example_branch_operator.py
[2025-05-02T19:34:39.820+0000] {processor.py:830} INFO - Processing file /home/airflow/.local/lib/python3.12/site-packages/airflow/example_dags/example_branch_operator.py for tasks to queue
[2025-05-02T19:34:39.822+0000] {logging_mixin.py:188} INFO - [2025-05-02T19:34:39.821+0000] {dagbag.py:540} INFO - Filling up the DagBag from /home/airflow/.local/lib/python3.12/site-packages/airflow/example_dags/example_branch_operator.py
[2025-05-02T19:34:39.837+0000] {processor.py:840} INFO - DAG(s) 'example_branch_operator' retrieved from /home/airflow/.local/lib/python3.12/site-packages/airflow/example_dags/example_branch_operator.py
[2025-05-02T19:34:39.863+0000] {logging_mixin.py:188} INFO - [2025-05-02T19:34:39.863+0000] {dag.py:3096} INFO - Sync 1 DAGs
[2025-05-02T19:34:39.885+0000] {logging_mixin.py:188} INFO - [2025-05-02T19:34:39.885+0000] {dag.py:3954} INFO - Setting next_dagrun for example_branch_operator to 2025-05-01 00:00:00+00:00, run_after=2025-05-02 00:00:00+00:00
[2025-05-02T19:34:39.902+0000] {processor.py:183} INFO - Processing /home/airflow/.local/lib/python3.12/site-packages/airflow/example_dags/example_branch_operator.py took 0.091 seconds
[2025-05-02T19:35:13.267+0000] {processor.py:161} INFO - Started process (PID=316) to work on /home/airflow/.local/lib/python3.12/site-packages/airflow/example_dags/example_branch_operator.py
[2025-05-02T19:35:13.268+0000] {processor.py:830} INFO - Processing file /home/airflow/.local/lib/python3.12/site-packages/airflow/example_dags/example_branch_operator.py for tasks to queue
[2025-05-02T19:35:13.269+0000] {logging_mixin.py:188} INFO - [2025-05-02T19:35:13.269+0000] {dagbag.py:540} INFO - Filling up the DagBag from /home/airflow/.local/lib/python3.12/site-packages/airflow/example_dags/example_branch_operator.py
[2025-05-02T19:35:13.283+0000] {processor.py:840} INFO - DAG(s) 'example_branch_operator' retrieved from /home/airflow/.local/lib/python3.12/site-packages/airflow/example_dags/example_branch_operator.py
[2025-05-02T19:35:13.305+0000] {logging_mixin.py:188} INFO - [2025-05-02T19:35:13.305+0000] {dag.py:3096} INFO - Sync 1 DAGs
[2025-05-02T19:35:13.325+0000] {logging_mixin.py:188} INFO - [2025-05-02T19:35:13.325+0000] {dag.py:3954} INFO - Setting next_dagrun for example_branch_operator to 2025-05-01 00:00:00+00:00, run_after=2025-05-02 00:00:00+00:00
[2025-05-02T19:35:13.340+0000] {processor.py:183} INFO - Processing /home/airflow/.local/lib/python3.12/site-packages/airflow/example_dags/example_branch_operator.py took 0.078 seconds
[2025-05-02T19:35:44.117+0000] {processor.py:161} INFO - Started process (PID=374) to work on /home/airflow/.local/lib/python3.12/site-packages/airflow/example_dags/example_branch_operator.py
[2025-05-02T19:35:44.119+0000] {processor.py:830} INFO - Processing file /home/airflow/.local/lib/python3.12/site-packages/airflow/example_dags/example_branch_operator.py for tasks to queue
[2025-05-02T19:35:44.122+0000] {logging_mixin.py:188} INFO - [2025-05-02T19:35:44.122+0000] {dagbag.py:540} INFO - Filling up the DagBag from /home/airflow/.local/lib/python3.12/site-packages/airflow/example_dags/example_branch_operator.py
[2025-05-02T19:35:44.144+0000] {processor.py:840} INFO - DAG(s) 'example_branch_operator' retrieved from /home/airflow/.local/lib/python3.12/site-packages/airflow/example_dags/example_branch_operator.py
[2025-05-02T19:35:44.185+0000] {logging_mixin.py:188} INFO - [2025-05-02T19:35:44.184+0000] {dag.py:3096} INFO - Sync 1 DAGs
[2025-05-02T19:35:44.212+0000] {logging_mixin.py:188} INFO - [2025-05-02T19:35:44.211+0000] {dag.py:3954} INFO - Setting next_dagrun for example_branch_operator to 2025-05-01 00:00:00+00:00, run_after=2025-05-02 00:00:00+00:00
[2025-05-02T19:35:44.231+0000] {processor.py:183} INFO - Processing /home/airflow/.local/lib/python3.12/site-packages/airflow/example_dags/example_branch_operator.py took 0.122 seconds
[2025-05-02T19:36:14.271+0000] {processor.py:161} INFO - Started process (PID=432) to work on /home/airflow/.local/lib/python3.12/site-packages/airflow/example_dags/example_branch_operator.py
[2025-05-02T19:36:14.272+0000] {processor.py:830} INFO - Processing file /home/airflow/.local/lib/python3.12/site-packages/airflow/example_dags/example_branch_operator.py for tasks to queue
[2025-05-02T19:36:14.274+0000] {logging_mixin.py:188} INFO - [2025-05-02T19:36:14.274+0000] {dagbag.py:540} INFO - Filling up the DagBag from /home/airflow/.local/lib/python3.12/site-packages/airflow/example_dags/example_branch_operator.py
[2025-05-02T19:36:14.286+0000] {processor.py:840} INFO - DAG(s) 'example_branch_operator' retrieved from /home/airflow/.local/lib/python3.12/site-packages/airflow/example_dags/example_branch_operator.py
[2025-05-02T19:36:14.308+0000] {logging_mixin.py:188} INFO - [2025-05-02T19:36:14.308+0000] {dag.py:3096} INFO - Sync 1 DAGs
[2025-05-02T19:36:14.327+0000] {logging_mixin.py:188} INFO - [2025-05-02T19:36:14.327+0000] {dag.py:3954} INFO - Setting next_dagrun for example_branch_operator to 2025-05-01 00:00:00+00:00, run_after=2025-05-02 00:00:00+00:00
[2025-05-02T19:36:14.341+0000] {processor.py:183} INFO - Processing /home/airflow/.local/lib/python3.12/site-packages/airflow/example_dags/example_branch_operator.py took 0.076 seconds
[2025-05-02T19:36:44.831+0000] {processor.py:161} INFO - Started process (PID=490) to work on /home/airflow/.local/lib/python3.12/site-packages/airflow/example_dags/example_branch_operator.py
[2025-05-02T19:36:44.831+0000] {processor.py:830} INFO - Processing file /home/airflow/.local/lib/python3.12/site-packages/airflow/example_dags/example_branch_operator.py for tasks to queue
[2025-05-02T19:36:44.833+0000] {logging_mixin.py:188} INFO - [2025-05-02T19:36:44.832+0000] {dagbag.py:540} INFO - Filling up the DagBag from /home/airflow/.local/lib/python3.12/site-packages/airflow/example_dags/example_branch_operator.py
[2025-05-02T19:36:44.845+0000] {processor.py:840} INFO - DAG(s) 'example_branch_operator' retrieved from /home/airflow/.local/lib/python3.12/site-packages/airflow/example_dags/example_branch_operator.py
[2025-05-02T19:36:44.871+0000] {logging_mixin.py:188} INFO - [2025-05-02T19:36:44.871+0000] {dag.py:3096} INFO - Sync 1 DAGs
[2025-05-02T19:36:44.888+0000] {logging_mixin.py:188} INFO - [2025-05-02T19:36:44.888+0000] {dag.py:3954} INFO - Setting next_dagrun for example_branch_operator to 2025-05-01 00:00:00+00:00, run_after=2025-05-02 00:00:00+00:00
[2025-05-02T19:36:44.904+0000] {processor.py:183} INFO - Processing /home/airflow/.local/lib/python3.12/site-packages/airflow/example_dags/example_branch_operator.py took 0.078 seconds
[2025-05-02T19:37:15.177+0000] {processor.py:161} INFO - Started process (PID=548) to work on /home/airflow/.local/lib/python3.12/site-packages/airflow/example_dags/example_branch_operator.py
[2025-05-02T19:37:15.178+0000] {processor.py:830} INFO - Processing file /home/airflow/.local/lib/python3.12/site-packages/airflow/example_dags/example_branch_operator.py for tasks to queue
[2025-05-02T19:37:15.180+0000] {logging_mixin.py:188} INFO - [2025-05-02T19:37:15.179+0000] {dagbag.py:540} INFO - Filling up the DagBag from /home/airflow/.local/lib/python3.12/site-packages/airflow/example_dags/example_branch_operator.py
[2025-05-02T19:37:15.195+0000] {processor.py:840} INFO - DAG(s) 'example_branch_operator' retrieved from /home/airflow/.local/lib/python3.12/site-packages/airflow/example_dags/example_branch_operator.py
[2025-05-02T19:37:15.220+0000] {logging_mixin.py:188} INFO - [2025-05-02T19:37:15.220+0000] {dag.py:3096} INFO - Sync 1 DAGs
[2025-05-02T19:37:15.243+0000] {logging_mixin.py:188} INFO - [2025-05-02T19:37:15.243+0000] {dag.py:3954} INFO - Setting next_dagrun for example_branch_operator to 2025-05-01 00:00:00+00:00, run_after=2025-05-02 00:00:00+00:00
[2025-05-02T19:37:15.264+0000] {processor.py:183} INFO - Processing /home/airflow/.local/lib/python3.12/site-packages/airflow/example_dags/example_branch_operator.py took 0.093 seconds
[2025-05-02T19:37:45.643+0000] {processor.py:161} INFO - Started process (PID=606) to work on /home/airflow/.local/lib/python3.12/site-packages/airflow/example_dags/example_branch_operator.py
[2025-05-02T19:37:45.644+0000] {processor.py:830} INFO - Processing file /home/airflow/.local/lib/python3.12/site-packages/airflow/example_dags/example_branch_operator.py for tasks to queue
[2025-05-02T19:37:45.646+0000] {logging_mixin.py:188} INFO - [2025-05-02T19:37:45.646+0000] {dagbag.py:540} INFO - Filling up the DagBag from /home/airflow/.local/lib/python3.12/site-packages/airflow/example_dags/example_branch_operator.py
[2025-05-02T19:37:45.659+0000] {processor.py:840} INFO - DAG(s) 'example_branch_operator' retrieved from /home/airflow/.local/lib/python3.12/site-packages/airflow/example_dags/example_branch_operator.py
[2025-05-02T19:37:45.681+0000] {logging_mixin.py:188} INFO - [2025-05-02T19:37:45.681+0000] {dag.py:3096} INFO - Sync 1 DAGs
[2025-05-02T19:37:45.697+0000] {logging_mixin.py:188} INFO - [2025-05-02T19:37:45.696+0000] {dag.py:3954} INFO - Setting next_dagrun for example_branch_operator to 2025-05-01 00:00:00+00:00, run_after=2025-05-02 00:00:00+00:00
[2025-05-02T19:37:45.713+0000] {processor.py:183} INFO - Processing /home/airflow/.local/lib/python3.12/site-packages/airflow/example_dags/example_branch_operator.py took 0.074 seconds
[2025-05-02T19:38:15.978+0000] {processor.py:161} INFO - Started process (PID=664) to work on /home/airflow/.local/lib/python3.12/site-packages/airflow/example_dags/example_branch_operator.py
[2025-05-02T19:38:15.980+0000] {processor.py:830} INFO - Processing file /home/airflow/.local/lib/python3.12/site-packages/airflow/example_dags/example_branch_operator.py for tasks to queue
[2025-05-02T19:38:15.981+0000] {logging_mixin.py:188} INFO - [2025-05-02T19:38:15.981+0000] {dagbag.py:540} INFO - Filling up the DagBag from /home/airflow/.local/lib/python3.12/site-packages/airflow/example_dags/example_branch_operator.py
[2025-05-02T19:38:15.994+0000] {processor.py:840} INFO - DAG(s) 'example_branch_operator' retrieved from /home/airflow/.local/lib/python3.12/site-packages/airflow/example_dags/example_branch_operator.py
[2025-05-02T19:38:16.017+0000] {logging_mixin.py:188} INFO - [2025-05-02T19:38:16.017+0000] {dag.py:3096} INFO - Sync 1 DAGs
[2025-05-02T19:38:16.034+0000] {logging_mixin.py:188} INFO - [2025-05-02T19:38:16.033+0000] {dag.py:3954} INFO - Setting next_dagrun for example_branch_operator to 2025-05-01 00:00:00+00:00, run_after=2025-05-02 00:00:00+00:00
[2025-05-02T19:38:16.051+0000] {processor.py:183} INFO - Processing /home/airflow/.local/lib/python3.12/site-packages/airflow/example_dags/example_branch_operator.py took 0.078 seconds
[2025-05-02T19:38:46.510+0000] {processor.py:161} INFO - Started process (PID=722) to work on /home/airflow/.local/lib/python3.12/site-packages/airflow/example_dags/example_branch_operator.py
[2025-05-02T19:38:46.512+0000] {processor.py:830} INFO - Processing file /home/airflow/.local/lib/python3.12/site-packages/airflow/example_dags/example_branch_operator.py for tasks to queue
[2025-05-02T19:38:46.513+0000] {logging_mixin.py:188} INFO - [2025-05-02T19:38:46.513+0000] {dagbag.py:540} INFO - Filling up the DagBag from /home/airflow/.local/lib/python3.12/site-packages/airflow/example_dags/example_branch_operator.py
[2025-05-02T19:38:46.532+0000] {processor.py:840} INFO - DAG(s) 'example_branch_operator' retrieved from /home/airflow/.local/lib/python3.12/site-packages/airflow/example_dags/example_branch_operator.py
[2025-05-02T19:38:46.567+0000] {logging_mixin.py:188} INFO - [2025-05-02T19:38:46.567+0000] {dag.py:3096} INFO - Sync 1 DAGs
[2025-05-02T19:38:46.599+0000] {logging_mixin.py:188} INFO - [2025-05-02T19:38:46.599+0000] {dag.py:3954} INFO - Setting next_dagrun for example_branch_operator to 2025-05-01 00:00:00+00:00, run_after=2025-05-02 00:00:00+00:00
[2025-05-02T19:38:46.614+0000] {processor.py:183} INFO - Processing /home/airflow/.local/lib/python3.12/site-packages/airflow/example_dags/example_branch_operator.py took 0.111 seconds
[2025-05-02T19:39:18.850+0000] {processor.py:161} INFO - Started process (PID=780) to work on /home/airflow/.local/lib/python3.12/site-packages/airflow/example_dags/example_branch_operator.py
[2025-05-02T19:39:18.851+0000] {processor.py:830} INFO - Processing file /home/airflow/.local/lib/python3.12/site-packages/airflow/example_dags/example_branch_operator.py for tasks to queue
[2025-05-02T19:39:18.853+0000] {logging_mixin.py:188} INFO - [2025-05-02T19:39:18.852+0000] {dagbag.py:540} INFO - Filling up the DagBag from /home/airflow/.local/lib/python3.12/site-packages/airflow/example_dags/example_branch_operator.py
[2025-05-02T19:39:18.869+0000] {processor.py:840} INFO - DAG(s) 'example_branch_operator' retrieved from /home/airflow/.local/lib/python3.12/site-packages/airflow/example_dags/example_branch_operator.py
[2025-05-02T19:39:18.899+0000] {logging_mixin.py:188} INFO - [2025-05-02T19:39:18.899+0000] {dag.py:3096} INFO - Sync 1 DAGs
[2025-05-02T19:39:18.919+0000] {logging_mixin.py:188} INFO - [2025-05-02T19:39:18.919+0000] {dag.py:3954} INFO - Setting next_dagrun for example_branch_operator to 2025-05-01 00:00:00+00:00, run_after=2025-05-02 00:00:00+00:00
[2025-05-02T19:39:18.939+0000] {processor.py:183} INFO - Processing /home/airflow/.local/lib/python3.12/site-packages/airflow/example_dags/example_branch_operator.py took 0.094 seconds
[2025-05-02T19:39:49.527+0000] {processor.py:161} INFO - Started process (PID=838) to work on /home/airflow/.local/lib/python3.12/site-packages/airflow/example_dags/example_branch_operator.py
[2025-05-02T19:39:49.528+0000] {processor.py:830} INFO - Processing file /home/airflow/.local/lib/python3.12/site-packages/airflow/example_dags/example_branch_operator.py for tasks to queue
[2025-05-02T19:39:49.530+0000] {logging_mixin.py:188} INFO - [2025-05-02T19:39:49.530+0000] {dagbag.py:540} INFO - Filling up the DagBag from /home/airflow/.local/lib/python3.12/site-packages/airflow/example_dags/example_branch_operator.py
[2025-05-02T19:39:49.547+0000] {processor.py:840} INFO - DAG(s) 'example_branch_operator' retrieved from /home/airflow/.local/lib/python3.12/site-packages/airflow/example_dags/example_branch_operator.py
[2025-05-02T19:39:49.575+0000] {logging_mixin.py:188} INFO - [2025-05-02T19:39:49.574+0000] {dag.py:3096} INFO - Sync 1 DAGs
[2025-05-02T19:39:49.591+0000] {logging_mixin.py:188} INFO - [2025-05-02T19:39:49.591+0000] {dag.py:3954} INFO - Setting next_dagrun for example_branch_operator to 2025-05-01 00:00:00+00:00, run_after=2025-05-02 00:00:00+00:00
[2025-05-02T19:39:49.606+0000] {processor.py:183} INFO - Processing /home/airflow/.local/lib/python3.12/site-packages/airflow/example_dags/example_branch_operator.py took 0.084 seconds
[2025-05-02T19:40:20.236+0000] {processor.py:161} INFO - Started process (PID=896) to work on /home/airflow/.local/lib/python3.12/site-packages/airflow/example_dags/example_branch_operator.py
[2025-05-02T19:40:20.237+0000] {processor.py:830} INFO - Processing file /home/airflow/.local/lib/python3.12/site-packages/airflow/example_dags/example_branch_operator.py for tasks to queue
[2025-05-02T19:40:20.239+0000] {logging_mixin.py:188} INFO - [2025-05-02T19:40:20.239+0000] {dagbag.py:540} INFO - Filling up the DagBag from /home/airflow/.local/lib/python3.12/site-packages/airflow/example_dags/example_branch_operator.py
[2025-05-02T19:40:20.257+0000] {processor.py:840} INFO - DAG(s) 'example_branch_operator' retrieved from /home/airflow/.local/lib/python3.12/site-packages/airflow/example_dags/example_branch_operator.py
[2025-05-02T19:40:20.283+0000] {logging_mixin.py:188} INFO - [2025-05-02T19:40:20.283+0000] {dag.py:3096} INFO - Sync 1 DAGs
[2025-05-02T19:40:20.301+0000] {logging_mixin.py:188} INFO - [2025-05-02T19:40:20.301+0000] {dag.py:3954} INFO - Setting next_dagrun for example_branch_operator to 2025-05-01 00:00:00+00:00, run_after=2025-05-02 00:00:00+00:00
[2025-05-02T19:40:20.319+0000] {processor.py:183} INFO - Processing /home/airflow/.local/lib/python3.12/site-packages/airflow/example_dags/example_branch_operator.py took 0.088 seconds
[2025-05-02T19:40:50.691+0000] {processor.py:161} INFO - Started process (PID=954) to work on /home/airflow/.local/lib/python3.12/site-packages/airflow/example_dags/example_branch_operator.py
[2025-05-02T19:40:50.692+0000] {processor.py:830} INFO - Processing file /home/airflow/.local/lib/python3.12/site-packages/airflow/example_dags/example_branch_operator.py for tasks to queue
[2025-05-02T19:40:50.694+0000] {logging_mixin.py:188} INFO - [2025-05-02T19:40:50.694+0000] {dagbag.py:540} INFO - Filling up the DagBag from /home/airflow/.local/lib/python3.12/site-packages/airflow/example_dags/example_branch_operator.py
[2025-05-02T19:40:50.720+0000] {processor.py:840} INFO - DAG(s) 'example_branch_operator' retrieved from /home/airflow/.local/lib/python3.12/site-packages/airflow/example_dags/example_branch_operator.py
[2025-05-02T19:40:50.753+0000] {logging_mixin.py:188} INFO - [2025-05-02T19:40:50.752+0000] {dag.py:3096} INFO - Sync 1 DAGs
[2025-05-02T19:40:50.774+0000] {logging_mixin.py:188} INFO - [2025-05-02T19:40:50.774+0000] {dag.py:3954} INFO - Setting next_dagrun for example_branch_operator to 2025-05-01 00:00:00+00:00, run_after=2025-05-02 00:00:00+00:00
[2025-05-02T19:40:50.793+0000] {processor.py:183} INFO - Processing /home/airflow/.local/lib/python3.12/site-packages/airflow/example_dags/example_branch_operator.py took 0.109 seconds
[2025-05-02T19:41:21.237+0000] {processor.py:161} INFO - Started process (PID=1012) to work on /home/airflow/.local/lib/python3.12/site-packages/airflow/example_dags/example_branch_operator.py
[2025-05-02T19:41:21.238+0000] {processor.py:830} INFO - Processing file /home/airflow/.local/lib/python3.12/site-packages/airflow/example_dags/example_branch_operator.py for tasks to queue
[2025-05-02T19:41:21.239+0000] {logging_mixin.py:188} INFO - [2025-05-02T19:41:21.239+0000] {dagbag.py:540} INFO - Filling up the DagBag from /home/airflow/.local/lib/python3.12/site-packages/airflow/example_dags/example_branch_operator.py
[2025-05-02T19:41:21.252+0000] {processor.py:840} INFO - DAG(s) 'example_branch_operator' retrieved from /home/airflow/.local/lib/python3.12/site-packages/airflow/example_dags/example_branch_operator.py
[2025-05-02T19:41:21.276+0000] {logging_mixin.py:188} INFO - [2025-05-02T19:41:21.276+0000] {dag.py:3096} INFO - Sync 1 DAGs
[2025-05-02T19:41:21.293+0000] {logging_mixin.py:188} INFO - [2025-05-02T19:41:21.293+0000] {dag.py:3954} INFO - Setting next_dagrun for example_branch_operator to 2025-05-01 00:00:00+00:00, run_after=2025-05-02 00:00:00+00:00
[2025-05-02T19:41:21.309+0000] {processor.py:183} INFO - Processing /home/airflow/.local/lib/python3.12/site-packages/airflow/example_dags/example_branch_operator.py took 0.077 seconds
[2025-05-02T19:41:51.805+0000] {processor.py:161} INFO - Started process (PID=1070) to work on /home/airflow/.local/lib/python3.12/site-packages/airflow/example_dags/example_branch_operator.py
[2025-05-02T19:41:51.806+0000] {processor.py:830} INFO - Processing file /home/airflow/.local/lib/python3.12/site-packages/airflow/example_dags/example_branch_operator.py for tasks to queue
[2025-05-02T19:41:51.808+0000] {logging_mixin.py:188} INFO - [2025-05-02T19:41:51.807+0000] {dagbag.py:540} INFO - Filling up the DagBag from /home/airflow/.local/lib/python3.12/site-packages/airflow/example_dags/example_branch_operator.py
[2025-05-02T19:41:51.822+0000] {processor.py:840} INFO - DAG(s) 'example_branch_operator' retrieved from /home/airflow/.local/lib/python3.12/site-packages/airflow/example_dags/example_branch_operator.py
[2025-05-02T19:41:51.851+0000] {logging_mixin.py:188} INFO - [2025-05-02T19:41:51.851+0000] {dag.py:3096} INFO - Sync 1 DAGs
[2025-05-02T19:41:51.874+0000] {logging_mixin.py:188} INFO - [2025-05-02T19:41:51.873+0000] {dag.py:3954} INFO - Setting next_dagrun for example_branch_operator to 2025-05-01 00:00:00+00:00, run_after=2025-05-02 00:00:00+00:00
[2025-05-02T19:41:51.894+0000] {processor.py:183} INFO - Processing /home/airflow/.local/lib/python3.12/site-packages/airflow/example_dags/example_branch_operator.py took 0.097 seconds
[2025-05-02T19:42:22.479+0000] {processor.py:161} INFO - Started process (PID=1122) to work on /home/airflow/.local/lib/python3.12/site-packages/airflow/example_dags/example_branch_operator.py
[2025-05-02T19:42:22.480+0000] {processor.py:830} INFO - Processing file /home/airflow/.local/lib/python3.12/site-packages/airflow/example_dags/example_branch_operator.py for tasks to queue
[2025-05-02T19:42:22.482+0000] {logging_mixin.py:188} INFO - [2025-05-02T19:42:22.481+0000] {dagbag.py:540} INFO - Filling up the DagBag from /home/airflow/.local/lib/python3.12/site-packages/airflow/example_dags/example_branch_operator.py
[2025-05-02T19:42:22.497+0000] {processor.py:840} INFO - DAG(s) 'example_branch_operator' retrieved from /home/airflow/.local/lib/python3.12/site-packages/airflow/example_dags/example_branch_operator.py
[2025-05-02T19:42:22.530+0000] {logging_mixin.py:188} INFO - [2025-05-02T19:42:22.530+0000] {dag.py:3096} INFO - Sync 1 DAGs
[2025-05-02T19:42:22.552+0000] {logging_mixin.py:188} INFO - [2025-05-02T19:42:22.552+0000] {dag.py:3954} INFO - Setting next_dagrun for example_branch_operator to 2025-05-01 00:00:00+00:00, run_after=2025-05-02 00:00:00+00:00
[2025-05-02T19:42:22.570+0000] {processor.py:183} INFO - Processing /home/airflow/.local/lib/python3.12/site-packages/airflow/example_dags/example_branch_operator.py took 0.096 seconds
[2025-05-02T19:42:53.155+0000] {processor.py:161} INFO - Started process (PID=1180) to work on /home/airflow/.local/lib/python3.12/site-packages/airflow/example_dags/example_branch_operator.py
[2025-05-02T19:42:53.156+0000] {processor.py:830} INFO - Processing file /home/airflow/.local/lib/python3.12/site-packages/airflow/example_dags/example_branch_operator.py for tasks to queue
[2025-05-02T19:42:53.157+0000] {logging_mixin.py:188} INFO - [2025-05-02T19:42:53.157+0000] {dagbag.py:540} INFO - Filling up the DagBag from /home/airflow/.local/lib/python3.12/site-packages/airflow/example_dags/example_branch_operator.py
[2025-05-02T19:42:53.172+0000] {processor.py:840} INFO - DAG(s) 'example_branch_operator' retrieved from /home/airflow/.local/lib/python3.12/site-packages/airflow/example_dags/example_branch_operator.py
[2025-05-02T19:42:53.201+0000] {logging_mixin.py:188} INFO - [2025-05-02T19:42:53.201+0000] {dag.py:3096} INFO - Sync 1 DAGs
[2025-05-02T19:42:53.218+0000] {logging_mixin.py:188} INFO - [2025-05-02T19:42:53.218+0000] {dag.py:3954} INFO - Setting next_dagrun for example_branch_operator to 2025-05-01 00:00:00+00:00, run_after=2025-05-02 00:00:00+00:00
[2025-05-02T19:42:53.233+0000] {processor.py:183} INFO - Processing /home/airflow/.local/lib/python3.12/site-packages/airflow/example_dags/example_branch_operator.py took 0.083 seconds
[2025-05-02T19:43:25.403+0000] {processor.py:161} INFO - Started process (PID=1240) to work on /home/airflow/.local/lib/python3.12/site-packages/airflow/example_dags/example_branch_operator.py
[2025-05-02T19:43:25.404+0000] {processor.py:830} INFO - Processing file /home/airflow/.local/lib/python3.12/site-packages/airflow/example_dags/example_branch_operator.py for tasks to queue
[2025-05-02T19:43:25.406+0000] {logging_mixin.py:188} INFO - [2025-05-02T19:43:25.406+0000] {dagbag.py:540} INFO - Filling up the DagBag from /home/airflow/.local/lib/python3.12/site-packages/airflow/example_dags/example_branch_operator.py
[2025-05-02T19:43:25.422+0000] {processor.py:840} INFO - DAG(s) 'example_branch_operator' retrieved from /home/airflow/.local/lib/python3.12/site-packages/airflow/example_dags/example_branch_operator.py
[2025-05-02T19:43:25.450+0000] {logging_mixin.py:188} INFO - [2025-05-02T19:43:25.450+0000] {dag.py:3096} INFO - Sync 1 DAGs
[2025-05-02T19:43:25.471+0000] {logging_mixin.py:188} INFO - [2025-05-02T19:43:25.471+0000] {dag.py:3954} INFO - Setting next_dagrun for example_branch_operator to 2025-05-01 00:00:00+00:00, run_after=2025-05-02 00:00:00+00:00
[2025-05-02T19:43:25.486+0000] {processor.py:183} INFO - Processing /home/airflow/.local/lib/python3.12/site-packages/airflow/example_dags/example_branch_operator.py took 0.087 seconds
[2025-05-02T19:43:59.451+0000] {processor.py:161} INFO - Started process (PID=1300) to work on /home/airflow/.local/lib/python3.12/site-packages/airflow/example_dags/example_branch_operator.py
[2025-05-02T19:43:59.453+0000] {processor.py:830} INFO - Processing file /home/airflow/.local/lib/python3.12/site-packages/airflow/example_dags/example_branch_operator.py for tasks to queue
[2025-05-02T19:43:59.455+0000] {logging_mixin.py:188} INFO - [2025-05-02T19:43:59.455+0000] {dagbag.py:540} INFO - Filling up the DagBag from /home/airflow/.local/lib/python3.12/site-packages/airflow/example_dags/example_branch_operator.py
[2025-05-02T19:43:59.478+0000] {processor.py:840} INFO - DAG(s) 'example_branch_operator' retrieved from /home/airflow/.local/lib/python3.12/site-packages/airflow/example_dags/example_branch_operator.py
[2025-05-02T19:43:59.539+0000] {logging_mixin.py:188} INFO - [2025-05-02T19:43:59.539+0000] {dag.py:3096} INFO - Sync 1 DAGs
[2025-05-02T19:43:59.581+0000] {logging_mixin.py:188} INFO - [2025-05-02T19:43:59.581+0000] {dag.py:3954} INFO - Setting next_dagrun for example_branch_operator to 2025-05-01 00:00:00+00:00, run_after=2025-05-02 00:00:00+00:00
[2025-05-02T19:43:59.659+0000] {processor.py:183} INFO - Processing /home/airflow/.local/lib/python3.12/site-packages/airflow/example_dags/example_branch_operator.py took 0.215 seconds
[2025-05-02T19:44:29.793+0000] {processor.py:161} INFO - Started process (PID=1395) to work on /home/airflow/.local/lib/python3.12/site-packages/airflow/example_dags/example_branch_operator.py
[2025-05-02T19:44:29.794+0000] {processor.py:830} INFO - Processing file /home/airflow/.local/lib/python3.12/site-packages/airflow/example_dags/example_branch_operator.py for tasks to queue
[2025-05-02T19:44:29.796+0000] {logging_mixin.py:188} INFO - [2025-05-02T19:44:29.795+0000] {dagbag.py:540} INFO - Filling up the DagBag from /home/airflow/.local/lib/python3.12/site-packages/airflow/example_dags/example_branch_operator.py
[2025-05-02T19:44:29.813+0000] {processor.py:840} INFO - DAG(s) 'example_branch_operator' retrieved from /home/airflow/.local/lib/python3.12/site-packages/airflow/example_dags/example_branch_operator.py
[2025-05-02T19:44:29.840+0000] {logging_mixin.py:188} INFO - [2025-05-02T19:44:29.840+0000] {dag.py:3096} INFO - Sync 1 DAGs
[2025-05-02T19:44:29.865+0000] {logging_mixin.py:188} INFO - [2025-05-02T19:44:29.864+0000] {dag.py:3954} INFO - Setting next_dagrun for example_branch_operator to 2025-05-01 00:00:00+00:00, run_after=2025-05-02 00:00:00+00:00
[2025-05-02T19:44:29.881+0000] {processor.py:183} INFO - Processing /home/airflow/.local/lib/python3.12/site-packages/airflow/example_dags/example_branch_operator.py took 0.099 seconds
[2025-05-02T19:45:00.488+0000] {processor.py:161} INFO - Started process (PID=1497) to work on /home/airflow/.local/lib/python3.12/site-packages/airflow/example_dags/example_branch_operator.py
[2025-05-02T19:45:00.490+0000] {processor.py:830} INFO - Processing file /home/airflow/.local/lib/python3.12/site-packages/airflow/example_dags/example_branch_operator.py for tasks to queue
[2025-05-02T19:45:00.492+0000] {logging_mixin.py:188} INFO - [2025-05-02T19:45:00.491+0000] {dagbag.py:540} INFO - Filling up the DagBag from /home/airflow/.local/lib/python3.12/site-packages/airflow/example_dags/example_branch_operator.py
[2025-05-02T19:45:00.509+0000] {processor.py:840} INFO - DAG(s) 'example_branch_operator' retrieved from /home/airflow/.local/lib/python3.12/site-packages/airflow/example_dags/example_branch_operator.py
[2025-05-02T19:45:00.539+0000] {logging_mixin.py:188} INFO - [2025-05-02T19:45:00.539+0000] {dag.py:3096} INFO - Sync 1 DAGs
[2025-05-02T19:45:00.564+0000] {logging_mixin.py:188} INFO - [2025-05-02T19:45:00.563+0000] {dag.py:3954} INFO - Setting next_dagrun for example_branch_operator to 2025-05-01 00:00:00+00:00, run_after=2025-05-02 00:00:00+00:00
[2025-05-02T19:45:00.585+0000] {processor.py:183} INFO - Processing /home/airflow/.local/lib/python3.12/site-packages/airflow/example_dags/example_branch_operator.py took 0.104 seconds
[2025-05-02T19:45:31.177+0000] {processor.py:161} INFO - Started process (PID=1601) to work on /home/airflow/.local/lib/python3.12/site-packages/airflow/example_dags/example_branch_operator.py
[2025-05-02T19:45:31.179+0000] {processor.py:830} INFO - Processing file /home/airflow/.local/lib/python3.12/site-packages/airflow/example_dags/example_branch_operator.py for tasks to queue
[2025-05-02T19:45:31.183+0000] {logging_mixin.py:188} INFO - [2025-05-02T19:45:31.182+0000] {dagbag.py:540} INFO - Filling up the DagBag from /home/airflow/.local/lib/python3.12/site-packages/airflow/example_dags/example_branch_operator.py
[2025-05-02T19:45:31.233+0000] {processor.py:840} INFO - DAG(s) 'example_branch_operator' retrieved from /home/airflow/.local/lib/python3.12/site-packages/airflow/example_dags/example_branch_operator.py
[2025-05-02T19:45:31.330+0000] {logging_mixin.py:188} INFO - [2025-05-02T19:45:31.329+0000] {dag.py:3096} INFO - Sync 1 DAGs
[2025-05-02T19:45:31.424+0000] {logging_mixin.py:188} INFO - [2025-05-02T19:45:31.424+0000] {dag.py:3954} INFO - Setting next_dagrun for example_branch_operator to 2025-05-01 00:00:00+00:00, run_after=2025-05-02 00:00:00+00:00
[2025-05-02T19:45:31.487+0000] {processor.py:183} INFO - Processing /home/airflow/.local/lib/python3.12/site-packages/airflow/example_dags/example_branch_operator.py took 0.331 seconds
[2025-05-02T19:46:02.340+0000] {processor.py:161} INFO - Started process (PID=1704) to work on /home/airflow/.local/lib/python3.12/site-packages/airflow/example_dags/example_branch_operator.py
[2025-05-02T19:46:02.342+0000] {processor.py:830} INFO - Processing file /home/airflow/.local/lib/python3.12/site-packages/airflow/example_dags/example_branch_operator.py for tasks to queue
[2025-05-02T19:46:02.352+0000] {logging_mixin.py:188} INFO - [2025-05-02T19:46:02.351+0000] {dagbag.py:540} INFO - Filling up the DagBag from /home/airflow/.local/lib/python3.12/site-packages/airflow/example_dags/example_branch_operator.py
[2025-05-02T19:46:02.449+0000] {processor.py:840} INFO - DAG(s) 'example_branch_operator' retrieved from /home/airflow/.local/lib/python3.12/site-packages/airflow/example_dags/example_branch_operator.py
[2025-05-02T19:46:02.552+0000] {logging_mixin.py:188} INFO - [2025-05-02T19:46:02.550+0000] {dag.py:3096} INFO - Sync 1 DAGs
[2025-05-02T19:46:02.609+0000] {logging_mixin.py:188} INFO - [2025-05-02T19:46:02.608+0000] {dag.py:3954} INFO - Setting next_dagrun for example_branch_operator to 2025-05-01 00:00:00+00:00, run_after=2025-05-02 00:00:00+00:00
[2025-05-02T19:46:02.702+0000] {processor.py:183} INFO - Processing /home/airflow/.local/lib/python3.12/site-packages/airflow/example_dags/example_branch_operator.py took 0.394 seconds
[2025-05-02T19:46:32.996+0000] {processor.py:161} INFO - Started process (PID=1807) to work on /home/airflow/.local/lib/python3.12/site-packages/airflow/example_dags/example_branch_operator.py
[2025-05-02T19:46:32.997+0000] {processor.py:830} INFO - Processing file /home/airflow/.local/lib/python3.12/site-packages/airflow/example_dags/example_branch_operator.py for tasks to queue
[2025-05-02T19:46:33.001+0000] {logging_mixin.py:188} INFO - [2025-05-02T19:46:33.000+0000] {dagbag.py:540} INFO - Filling up the DagBag from /home/airflow/.local/lib/python3.12/site-packages/airflow/example_dags/example_branch_operator.py
[2025-05-02T19:46:33.036+0000] {processor.py:840} INFO - DAG(s) 'example_branch_operator' retrieved from /home/airflow/.local/lib/python3.12/site-packages/airflow/example_dags/example_branch_operator.py
[2025-05-02T19:46:33.126+0000] {logging_mixin.py:188} INFO - [2025-05-02T19:46:33.125+0000] {dag.py:3096} INFO - Sync 1 DAGs
[2025-05-02T19:46:33.172+0000] {logging_mixin.py:188} INFO - [2025-05-02T19:46:33.172+0000] {dag.py:3954} INFO - Setting next_dagrun for example_branch_operator to 2025-05-01 00:00:00+00:00, run_after=2025-05-02 00:00:00+00:00
[2025-05-02T19:46:33.242+0000] {processor.py:183} INFO - Processing /home/airflow/.local/lib/python3.12/site-packages/airflow/example_dags/example_branch_operator.py took 0.257 seconds
[2025-05-02T19:47:04.846+0000] {processor.py:161} INFO - Started process (PID=1917) to work on /home/airflow/.local/lib/python3.12/site-packages/airflow/example_dags/example_branch_operator.py
[2025-05-02T19:47:04.847+0000] {processor.py:830} INFO - Processing file /home/airflow/.local/lib/python3.12/site-packages/airflow/example_dags/example_branch_operator.py for tasks to queue
[2025-05-02T19:47:04.852+0000] {logging_mixin.py:188} INFO - [2025-05-02T19:47:04.851+0000] {dagbag.py:540} INFO - Filling up the DagBag from /home/airflow/.local/lib/python3.12/site-packages/airflow/example_dags/example_branch_operator.py
[2025-05-02T19:47:04.890+0000] {processor.py:840} INFO - DAG(s) 'example_branch_operator' retrieved from /home/airflow/.local/lib/python3.12/site-packages/airflow/example_dags/example_branch_operator.py
[2025-05-02T19:47:04.957+0000] {logging_mixin.py:188} INFO - [2025-05-02T19:47:04.956+0000] {dag.py:3096} INFO - Sync 1 DAGs
[2025-05-02T19:47:05.005+0000] {logging_mixin.py:188} INFO - [2025-05-02T19:47:05.005+0000] {dag.py:3954} INFO - Setting next_dagrun for example_branch_operator to 2025-05-01 00:00:00+00:00, run_after=2025-05-02 00:00:00+00:00
[2025-05-02T19:47:05.040+0000] {processor.py:183} INFO - Processing /home/airflow/.local/lib/python3.12/site-packages/airflow/example_dags/example_branch_operator.py took 0.208 seconds
[2025-05-02T19:47:39.616+0000] {processor.py:161} INFO - Started process (PID=2015) to work on /home/airflow/.local/lib/python3.12/site-packages/airflow/example_dags/example_branch_operator.py
[2025-05-02T19:47:39.617+0000] {processor.py:830} INFO - Processing file /home/airflow/.local/lib/python3.12/site-packages/airflow/example_dags/example_branch_operator.py for tasks to queue
[2025-05-02T19:47:39.621+0000] {logging_mixin.py:188} INFO - [2025-05-02T19:47:39.620+0000] {dagbag.py:540} INFO - Filling up the DagBag from /home/airflow/.local/lib/python3.12/site-packages/airflow/example_dags/example_branch_operator.py
[2025-05-02T19:47:39.670+0000] {processor.py:840} INFO - DAG(s) 'example_branch_operator' retrieved from /home/airflow/.local/lib/python3.12/site-packages/airflow/example_dags/example_branch_operator.py
[2025-05-02T19:47:39.766+0000] {logging_mixin.py:188} INFO - [2025-05-02T19:47:39.766+0000] {dag.py:3096} INFO - Sync 1 DAGs
[2025-05-02T19:47:39.824+0000] {logging_mixin.py:188} INFO - [2025-05-02T19:47:39.823+0000] {dag.py:3954} INFO - Setting next_dagrun for example_branch_operator to 2025-05-01 00:00:00+00:00, run_after=2025-05-02 00:00:00+00:00
[2025-05-02T19:47:40.183+0000] {processor.py:183} INFO - Processing /home/airflow/.local/lib/python3.12/site-packages/airflow/example_dags/example_branch_operator.py took 0.588 seconds
[2025-05-02T19:48:12.568+0000] {processor.py:161} INFO - Started process (PID=2118) to work on /home/airflow/.local/lib/python3.12/site-packages/airflow/example_dags/example_branch_operator.py
[2025-05-02T19:48:12.569+0000] {processor.py:830} INFO - Processing file /home/airflow/.local/lib/python3.12/site-packages/airflow/example_dags/example_branch_operator.py for tasks to queue
[2025-05-02T19:48:12.573+0000] {logging_mixin.py:188} INFO - [2025-05-02T19:48:12.572+0000] {dagbag.py:540} INFO - Filling up the DagBag from /home/airflow/.local/lib/python3.12/site-packages/airflow/example_dags/example_branch_operator.py
[2025-05-02T19:48:12.628+0000] {processor.py:840} INFO - DAG(s) 'example_branch_operator' retrieved from /home/airflow/.local/lib/python3.12/site-packages/airflow/example_dags/example_branch_operator.py
[2025-05-02T19:48:12.713+0000] {logging_mixin.py:188} INFO - [2025-05-02T19:48:12.704+0000] {dag.py:3096} INFO - Sync 1 DAGs
[2025-05-02T19:48:12.804+0000] {logging_mixin.py:188} INFO - [2025-05-02T19:48:12.803+0000] {dag.py:3954} INFO - Setting next_dagrun for example_branch_operator to 2025-05-01 00:00:00+00:00, run_after=2025-05-02 00:00:00+00:00
[2025-05-02T19:48:13.275+0000] {processor.py:183} INFO - Processing /home/airflow/.local/lib/python3.12/site-packages/airflow/example_dags/example_branch_operator.py took 0.740 seconds
[2025-05-02T19:48:50.453+0000] {processor.py:161} INFO - Started process (PID=2218) to work on /home/airflow/.local/lib/python3.12/site-packages/airflow/example_dags/example_branch_operator.py
[2025-05-02T19:48:50.459+0000] {processor.py:830} INFO - Processing file /home/airflow/.local/lib/python3.12/site-packages/airflow/example_dags/example_branch_operator.py for tasks to queue
[2025-05-02T19:48:50.467+0000] {logging_mixin.py:188} INFO - [2025-05-02T19:48:50.466+0000] {dagbag.py:540} INFO - Filling up the DagBag from /home/airflow/.local/lib/python3.12/site-packages/airflow/example_dags/example_branch_operator.py
[2025-05-02T19:48:50.538+0000] {processor.py:840} INFO - DAG(s) 'example_branch_operator' retrieved from /home/airflow/.local/lib/python3.12/site-packages/airflow/example_dags/example_branch_operator.py
[2025-05-02T19:48:50.649+0000] {logging_mixin.py:188} INFO - [2025-05-02T19:48:50.649+0000] {dag.py:3096} INFO - Sync 1 DAGs
[2025-05-02T19:48:50.713+0000] {logging_mixin.py:188} INFO - [2025-05-02T19:48:50.713+0000] {dag.py:3954} INFO - Setting next_dagrun for example_branch_operator to 2025-05-01 00:00:00+00:00, run_after=2025-05-02 00:00:00+00:00
[2025-05-02T19:48:50.796+0000] {processor.py:183} INFO - Processing /home/airflow/.local/lib/python3.12/site-packages/airflow/example_dags/example_branch_operator.py took 0.355 seconds
[2025-05-02T19:49:23.762+0000] {processor.py:161} INFO - Started process (PID=2313) to work on /home/airflow/.local/lib/python3.12/site-packages/airflow/example_dags/example_branch_operator.py
[2025-05-02T19:49:23.767+0000] {processor.py:830} INFO - Processing file /home/airflow/.local/lib/python3.12/site-packages/airflow/example_dags/example_branch_operator.py for tasks to queue
[2025-05-02T19:49:23.771+0000] {logging_mixin.py:188} INFO - [2025-05-02T19:49:23.770+0000] {dagbag.py:540} INFO - Filling up the DagBag from /home/airflow/.local/lib/python3.12/site-packages/airflow/example_dags/example_branch_operator.py
[2025-05-02T19:49:23.824+0000] {processor.py:840} INFO - DAG(s) 'example_branch_operator' retrieved from /home/airflow/.local/lib/python3.12/site-packages/airflow/example_dags/example_branch_operator.py
[2025-05-02T19:49:23.939+0000] {logging_mixin.py:188} INFO - [2025-05-02T19:49:23.938+0000] {dag.py:3096} INFO - Sync 1 DAGs
[2025-05-02T19:49:24.047+0000] {logging_mixin.py:188} INFO - [2025-05-02T19:49:24.046+0000] {dag.py:3954} INFO - Setting next_dagrun for example_branch_operator to 2025-05-01 00:00:00+00:00, run_after=2025-05-02 00:00:00+00:00
[2025-05-02T19:49:24.085+0000] {processor.py:183} INFO - Processing /home/airflow/.local/lib/python3.12/site-packages/airflow/example_dags/example_branch_operator.py took 0.344 seconds
[2025-05-02T19:49:59.707+0000] {processor.py:161} INFO - Started process (PID=2408) to work on /home/airflow/.local/lib/python3.12/site-packages/airflow/example_dags/example_branch_operator.py
[2025-05-02T19:49:59.718+0000] {processor.py:830} INFO - Processing file /home/airflow/.local/lib/python3.12/site-packages/airflow/example_dags/example_branch_operator.py for tasks to queue
[2025-05-02T19:49:59.721+0000] {logging_mixin.py:188} INFO - [2025-05-02T19:49:59.721+0000] {dagbag.py:540} INFO - Filling up the DagBag from /home/airflow/.local/lib/python3.12/site-packages/airflow/example_dags/example_branch_operator.py
[2025-05-02T19:49:59.755+0000] {processor.py:840} INFO - DAG(s) 'example_branch_operator' retrieved from /home/airflow/.local/lib/python3.12/site-packages/airflow/example_dags/example_branch_operator.py
[2025-05-02T19:49:59.899+0000] {logging_mixin.py:188} INFO - [2025-05-02T19:49:59.898+0000] {dag.py:3096} INFO - Sync 1 DAGs
[2025-05-02T19:50:00.279+0000] {logging_mixin.py:188} INFO - [2025-05-02T19:50:00.278+0000] {dag.py:3954} INFO - Setting next_dagrun for example_branch_operator to 2025-05-01 00:00:00+00:00, run_after=2025-05-02 00:00:00+00:00
[2025-05-02T19:50:00.342+0000] {processor.py:183} INFO - Processing /home/airflow/.local/lib/python3.12/site-packages/airflow/example_dags/example_branch_operator.py took 0.648 seconds
[2025-05-02T19:50:33.211+0000] {processor.py:161} INFO - Started process (PID=2509) to work on /home/airflow/.local/lib/python3.12/site-packages/airflow/example_dags/example_branch_operator.py
[2025-05-02T19:50:33.212+0000] {processor.py:830} INFO - Processing file /home/airflow/.local/lib/python3.12/site-packages/airflow/example_dags/example_branch_operator.py for tasks to queue
[2025-05-02T19:50:33.216+0000] {logging_mixin.py:188} INFO - [2025-05-02T19:50:33.215+0000] {dagbag.py:540} INFO - Filling up the DagBag from /home/airflow/.local/lib/python3.12/site-packages/airflow/example_dags/example_branch_operator.py
[2025-05-02T19:50:33.256+0000] {processor.py:840} INFO - DAG(s) 'example_branch_operator' retrieved from /home/airflow/.local/lib/python3.12/site-packages/airflow/example_dags/example_branch_operator.py
[2025-05-02T19:50:33.331+0000] {logging_mixin.py:188} INFO - [2025-05-02T19:50:33.331+0000] {dag.py:3096} INFO - Sync 1 DAGs
[2025-05-02T19:50:33.383+0000] {logging_mixin.py:188} INFO - [2025-05-02T19:50:33.382+0000] {dag.py:3954} INFO - Setting next_dagrun for example_branch_operator to 2025-05-01 00:00:00+00:00, run_after=2025-05-02 00:00:00+00:00
[2025-05-02T19:50:33.432+0000] {processor.py:183} INFO - Processing /home/airflow/.local/lib/python3.12/site-packages/airflow/example_dags/example_branch_operator.py took 0.238 seconds
[2025-05-02T19:51:10.520+0000] {processor.py:161} INFO - Started process (PID=2619) to work on /home/airflow/.local/lib/python3.12/site-packages/airflow/example_dags/example_branch_operator.py
[2025-05-02T19:51:10.531+0000] {processor.py:830} INFO - Processing file /home/airflow/.local/lib/python3.12/site-packages/airflow/example_dags/example_branch_operator.py for tasks to queue
[2025-05-02T19:51:10.538+0000] {logging_mixin.py:188} INFO - [2025-05-02T19:51:10.537+0000] {dagbag.py:540} INFO - Filling up the DagBag from /home/airflow/.local/lib/python3.12/site-packages/airflow/example_dags/example_branch_operator.py
[2025-05-02T19:51:10.605+0000] {processor.py:840} INFO - DAG(s) 'example_branch_operator' retrieved from /home/airflow/.local/lib/python3.12/site-packages/airflow/example_dags/example_branch_operator.py
[2025-05-02T19:51:10.670+0000] {logging_mixin.py:188} INFO - [2025-05-02T19:51:10.670+0000] {dag.py:3096} INFO - Sync 1 DAGs
[2025-05-02T19:51:10.773+0000] {logging_mixin.py:188} INFO - [2025-05-02T19:51:10.773+0000] {dag.py:3954} INFO - Setting next_dagrun for example_branch_operator to 2025-05-01 00:00:00+00:00, run_after=2025-05-02 00:00:00+00:00
[2025-05-02T19:51:10.843+0000] {processor.py:183} INFO - Processing /home/airflow/.local/lib/python3.12/site-packages/airflow/example_dags/example_branch_operator.py took 0.353 seconds
[2025-05-02T19:51:43.638+0000] {processor.py:161} INFO - Started process (PID=2721) to work on /home/airflow/.local/lib/python3.12/site-packages/airflow/example_dags/example_branch_operator.py
[2025-05-02T19:51:43.639+0000] {processor.py:830} INFO - Processing file /home/airflow/.local/lib/python3.12/site-packages/airflow/example_dags/example_branch_operator.py for tasks to queue
[2025-05-02T19:51:43.643+0000] {logging_mixin.py:188} INFO - [2025-05-02T19:51:43.642+0000] {dagbag.py:540} INFO - Filling up the DagBag from /home/airflow/.local/lib/python3.12/site-packages/airflow/example_dags/example_branch_operator.py
[2025-05-02T19:51:43.720+0000] {processor.py:840} INFO - DAG(s) 'example_branch_operator' retrieved from /home/airflow/.local/lib/python3.12/site-packages/airflow/example_dags/example_branch_operator.py
[2025-05-02T19:51:43.833+0000] {logging_mixin.py:188} INFO - [2025-05-02T19:51:43.833+0000] {dag.py:3096} INFO - Sync 1 DAGs
[2025-05-02T19:51:44.147+0000] {logging_mixin.py:188} INFO - [2025-05-02T19:51:44.147+0000] {dag.py:3954} INFO - Setting next_dagrun for example_branch_operator to 2025-05-01 00:00:00+00:00, run_after=2025-05-02 00:00:00+00:00
[2025-05-02T19:51:44.214+0000] {processor.py:183} INFO - Processing /home/airflow/.local/lib/python3.12/site-packages/airflow/example_dags/example_branch_operator.py took 0.599 seconds
[2025-05-02T19:52:16.524+0000] {processor.py:161} INFO - Started process (PID=2798) to work on /home/airflow/.local/lib/python3.12/site-packages/airflow/example_dags/example_branch_operator.py
[2025-05-02T19:52:16.525+0000] {processor.py:830} INFO - Processing file /home/airflow/.local/lib/python3.12/site-packages/airflow/example_dags/example_branch_operator.py for tasks to queue
[2025-05-02T19:52:16.528+0000] {logging_mixin.py:188} INFO - [2025-05-02T19:52:16.528+0000] {dagbag.py:540} INFO - Filling up the DagBag from /home/airflow/.local/lib/python3.12/site-packages/airflow/example_dags/example_branch_operator.py
[2025-05-02T19:52:16.566+0000] {processor.py:840} INFO - DAG(s) 'example_branch_operator' retrieved from /home/airflow/.local/lib/python3.12/site-packages/airflow/example_dags/example_branch_operator.py
[2025-05-02T19:52:16.690+0000] {logging_mixin.py:188} INFO - [2025-05-02T19:52:16.690+0000] {dag.py:3096} INFO - Sync 1 DAGs
[2025-05-02T19:52:16.767+0000] {logging_mixin.py:188} INFO - [2025-05-02T19:52:16.766+0000] {dag.py:3954} INFO - Setting next_dagrun for example_branch_operator to 2025-05-01 00:00:00+00:00, run_after=2025-05-02 00:00:00+00:00
[2025-05-02T19:52:16.818+0000] {processor.py:183} INFO - Processing /home/airflow/.local/lib/python3.12/site-packages/airflow/example_dags/example_branch_operator.py took 0.308 seconds
[2025-05-02T19:52:47.568+0000] {processor.py:161} INFO - Started process (PID=2889) to work on /home/airflow/.local/lib/python3.12/site-packages/airflow/example_dags/example_branch_operator.py
[2025-05-02T19:52:47.570+0000] {processor.py:830} INFO - Processing file /home/airflow/.local/lib/python3.12/site-packages/airflow/example_dags/example_branch_operator.py for tasks to queue
[2025-05-02T19:52:47.573+0000] {logging_mixin.py:188} INFO - [2025-05-02T19:52:47.572+0000] {dagbag.py:540} INFO - Filling up the DagBag from /home/airflow/.local/lib/python3.12/site-packages/airflow/example_dags/example_branch_operator.py
[2025-05-02T19:52:47.596+0000] {processor.py:840} INFO - DAG(s) 'example_branch_operator' retrieved from /home/airflow/.local/lib/python3.12/site-packages/airflow/example_dags/example_branch_operator.py
[2025-05-02T19:52:47.638+0000] {logging_mixin.py:188} INFO - [2025-05-02T19:52:47.637+0000] {dag.py:3096} INFO - Sync 1 DAGs
[2025-05-02T19:52:47.678+0000] {logging_mixin.py:188} INFO - [2025-05-02T19:52:47.677+0000] {dag.py:3954} INFO - Setting next_dagrun for example_branch_operator to 2025-05-01 00:00:00+00:00, run_after=2025-05-02 00:00:00+00:00
[2025-05-02T19:52:47.715+0000] {processor.py:183} INFO - Processing /home/airflow/.local/lib/python3.12/site-packages/airflow/example_dags/example_branch_operator.py took 0.154 seconds
[2025-05-02T19:53:22.116+0000] {processor.py:161} INFO - Started process (PID=3015) to work on /home/airflow/.local/lib/python3.12/site-packages/airflow/example_dags/example_branch_operator.py
[2025-05-02T19:53:22.127+0000] {processor.py:830} INFO - Processing file /home/airflow/.local/lib/python3.12/site-packages/airflow/example_dags/example_branch_operator.py for tasks to queue
[2025-05-02T19:53:22.131+0000] {logging_mixin.py:188} INFO - [2025-05-02T19:53:22.130+0000] {dagbag.py:540} INFO - Filling up the DagBag from /home/airflow/.local/lib/python3.12/site-packages/airflow/example_dags/example_branch_operator.py
[2025-05-02T19:53:22.187+0000] {processor.py:840} INFO - DAG(s) 'example_branch_operator' retrieved from /home/airflow/.local/lib/python3.12/site-packages/airflow/example_dags/example_branch_operator.py
[2025-05-02T19:53:22.364+0000] {logging_mixin.py:188} INFO - [2025-05-02T19:53:22.364+0000] {dag.py:3096} INFO - Sync 1 DAGs
[2025-05-02T19:53:22.455+0000] {logging_mixin.py:188} INFO - [2025-05-02T19:53:22.455+0000] {dag.py:3954} INFO - Setting next_dagrun for example_branch_operator to 2025-05-01 00:00:00+00:00, run_after=2025-05-02 00:00:00+00:00
[2025-05-02T19:53:22.529+0000] {processor.py:183} INFO - Processing /home/airflow/.local/lib/python3.12/site-packages/airflow/example_dags/example_branch_operator.py took 0.426 seconds
[2025-05-02T19:53:56.694+0000] {processor.py:161} INFO - Started process (PID=3121) to work on /home/airflow/.local/lib/python3.12/site-packages/airflow/example_dags/example_branch_operator.py
[2025-05-02T19:53:56.695+0000] {processor.py:830} INFO - Processing file /home/airflow/.local/lib/python3.12/site-packages/airflow/example_dags/example_branch_operator.py for tasks to queue
[2025-05-02T19:53:56.700+0000] {logging_mixin.py:188} INFO - [2025-05-02T19:53:56.699+0000] {dagbag.py:540} INFO - Filling up the DagBag from /home/airflow/.local/lib/python3.12/site-packages/airflow/example_dags/example_branch_operator.py
[2025-05-02T19:53:56.737+0000] {processor.py:840} INFO - DAG(s) 'example_branch_operator' retrieved from /home/airflow/.local/lib/python3.12/site-packages/airflow/example_dags/example_branch_operator.py
[2025-05-02T19:53:56.849+0000] {logging_mixin.py:188} INFO - [2025-05-02T19:53:56.849+0000] {dag.py:3096} INFO - Sync 1 DAGs
[2025-05-02T19:53:56.913+0000] {logging_mixin.py:188} INFO - [2025-05-02T19:53:56.913+0000] {dag.py:3954} INFO - Setting next_dagrun for example_branch_operator to 2025-05-01 00:00:00+00:00, run_after=2025-05-02 00:00:00+00:00
[2025-05-02T19:53:56.969+0000] {processor.py:183} INFO - Processing /home/airflow/.local/lib/python3.12/site-packages/airflow/example_dags/example_branch_operator.py took 0.288 seconds
[2025-05-02T19:54:30.894+0000] {processor.py:161} INFO - Started process (PID=3221) to work on /home/airflow/.local/lib/python3.12/site-packages/airflow/example_dags/example_branch_operator.py
[2025-05-02T19:54:30.895+0000] {processor.py:830} INFO - Processing file /home/airflow/.local/lib/python3.12/site-packages/airflow/example_dags/example_branch_operator.py for tasks to queue
[2025-05-02T19:54:30.899+0000] {logging_mixin.py:188} INFO - [2025-05-02T19:54:30.898+0000] {dagbag.py:540} INFO - Filling up the DagBag from /home/airflow/.local/lib/python3.12/site-packages/airflow/example_dags/example_branch_operator.py
[2025-05-02T19:54:30.943+0000] {processor.py:840} INFO - DAG(s) 'example_branch_operator' retrieved from /home/airflow/.local/lib/python3.12/site-packages/airflow/example_dags/example_branch_operator.py
[2025-05-02T19:54:31.001+0000] {logging_mixin.py:188} INFO - [2025-05-02T19:54:31.000+0000] {dag.py:3096} INFO - Sync 1 DAGs
[2025-05-02T19:54:31.062+0000] {logging_mixin.py:188} INFO - [2025-05-02T19:54:31.061+0000] {dag.py:3954} INFO - Setting next_dagrun for example_branch_operator to 2025-05-01 00:00:00+00:00, run_after=2025-05-02 00:00:00+00:00
[2025-05-02T19:54:31.098+0000] {processor.py:183} INFO - Processing /home/airflow/.local/lib/python3.12/site-packages/airflow/example_dags/example_branch_operator.py took 0.217 seconds
[2025-05-02T19:55:05.635+0000] {processor.py:161} INFO - Started process (PID=3322) to work on /home/airflow/.local/lib/python3.12/site-packages/airflow/example_dags/example_branch_operator.py
[2025-05-02T19:55:05.637+0000] {processor.py:830} INFO - Processing file /home/airflow/.local/lib/python3.12/site-packages/airflow/example_dags/example_branch_operator.py for tasks to queue
[2025-05-02T19:55:05.640+0000] {logging_mixin.py:188} INFO - [2025-05-02T19:55:05.640+0000] {dagbag.py:540} INFO - Filling up the DagBag from /home/airflow/.local/lib/python3.12/site-packages/airflow/example_dags/example_branch_operator.py
[2025-05-02T19:55:05.691+0000] {processor.py:840} INFO - DAG(s) 'example_branch_operator' retrieved from /home/airflow/.local/lib/python3.12/site-packages/airflow/example_dags/example_branch_operator.py
[2025-05-02T19:55:05.868+0000] {logging_mixin.py:188} INFO - [2025-05-02T19:55:05.865+0000] {dag.py:3096} INFO - Sync 1 DAGs
[2025-05-02T19:55:05.972+0000] {logging_mixin.py:188} INFO - [2025-05-02T19:55:05.972+0000] {dag.py:3954} INFO - Setting next_dagrun for example_branch_operator to 2025-05-01 00:00:00+00:00, run_after=2025-05-02 00:00:00+00:00
[2025-05-02T19:55:06.081+0000] {processor.py:183} INFO - Processing /home/airflow/.local/lib/python3.12/site-packages/airflow/example_dags/example_branch_operator.py took 0.478 seconds
[2025-05-02T19:55:40.361+0000] {processor.py:161} INFO - Started process (PID=3426) to work on /home/airflow/.local/lib/python3.12/site-packages/airflow/example_dags/example_branch_operator.py
[2025-05-02T19:55:40.375+0000] {processor.py:830} INFO - Processing file /home/airflow/.local/lib/python3.12/site-packages/airflow/example_dags/example_branch_operator.py for tasks to queue
[2025-05-02T19:55:40.378+0000] {logging_mixin.py:188} INFO - [2025-05-02T19:55:40.378+0000] {dagbag.py:540} INFO - Filling up the DagBag from /home/airflow/.local/lib/python3.12/site-packages/airflow/example_dags/example_branch_operator.py
[2025-05-02T19:55:40.414+0000] {processor.py:840} INFO - DAG(s) 'example_branch_operator' retrieved from /home/airflow/.local/lib/python3.12/site-packages/airflow/example_dags/example_branch_operator.py
[2025-05-02T19:55:40.495+0000] {logging_mixin.py:188} INFO - [2025-05-02T19:55:40.495+0000] {dag.py:3096} INFO - Sync 1 DAGs
[2025-05-02T19:55:40.566+0000] {logging_mixin.py:188} INFO - [2025-05-02T19:55:40.565+0000] {dag.py:3954} INFO - Setting next_dagrun for example_branch_operator to 2025-05-01 00:00:00+00:00, run_after=2025-05-02 00:00:00+00:00
[2025-05-02T19:55:40.634+0000] {processor.py:183} INFO - Processing /home/airflow/.local/lib/python3.12/site-packages/airflow/example_dags/example_branch_operator.py took 0.286 seconds
[2025-05-02T19:56:14.693+0000] {processor.py:161} INFO - Started process (PID=3533) to work on /home/airflow/.local/lib/python3.12/site-packages/airflow/example_dags/example_branch_operator.py
[2025-05-02T19:56:14.695+0000] {processor.py:830} INFO - Processing file /home/airflow/.local/lib/python3.12/site-packages/airflow/example_dags/example_branch_operator.py for tasks to queue
[2025-05-02T19:56:14.700+0000] {logging_mixin.py:188} INFO - [2025-05-02T19:56:14.700+0000] {dagbag.py:540} INFO - Filling up the DagBag from /home/airflow/.local/lib/python3.12/site-packages/airflow/example_dags/example_branch_operator.py
[2025-05-02T19:56:14.737+0000] {processor.py:840} INFO - DAG(s) 'example_branch_operator' retrieved from /home/airflow/.local/lib/python3.12/site-packages/airflow/example_dags/example_branch_operator.py
[2025-05-02T19:56:14.798+0000] {logging_mixin.py:188} INFO - [2025-05-02T19:56:14.798+0000] {dag.py:3096} INFO - Sync 1 DAGs
[2025-05-02T19:56:14.840+0000] {logging_mixin.py:188} INFO - [2025-05-02T19:56:14.840+0000] {dag.py:3954} INFO - Setting next_dagrun for example_branch_operator to 2025-05-01 00:00:00+00:00, run_after=2025-05-02 00:00:00+00:00
[2025-05-02T19:56:14.872+0000] {processor.py:183} INFO - Processing /home/airflow/.local/lib/python3.12/site-packages/airflow/example_dags/example_branch_operator.py took 0.191 seconds
[2025-05-02T19:56:49.976+0000] {processor.py:161} INFO - Started process (PID=3642) to work on /home/airflow/.local/lib/python3.12/site-packages/airflow/example_dags/example_branch_operator.py
[2025-05-02T19:56:49.977+0000] {processor.py:830} INFO - Processing file /home/airflow/.local/lib/python3.12/site-packages/airflow/example_dags/example_branch_operator.py for tasks to queue
[2025-05-02T19:56:49.981+0000] {logging_mixin.py:188} INFO - [2025-05-02T19:56:49.980+0000] {dagbag.py:540} INFO - Filling up the DagBag from /home/airflow/.local/lib/python3.12/site-packages/airflow/example_dags/example_branch_operator.py
[2025-05-02T19:56:50.034+0000] {processor.py:840} INFO - DAG(s) 'example_branch_operator' retrieved from /home/airflow/.local/lib/python3.12/site-packages/airflow/example_dags/example_branch_operator.py
[2025-05-02T19:56:50.108+0000] {logging_mixin.py:188} INFO - [2025-05-02T19:56:50.108+0000] {dag.py:3096} INFO - Sync 1 DAGs
[2025-05-02T19:56:50.164+0000] {logging_mixin.py:188} INFO - [2025-05-02T19:56:50.164+0000] {dag.py:3954} INFO - Setting next_dagrun for example_branch_operator to 2025-05-01 00:00:00+00:00, run_after=2025-05-02 00:00:00+00:00
[2025-05-02T19:56:50.255+0000] {processor.py:183} INFO - Processing /home/airflow/.local/lib/python3.12/site-packages/airflow/example_dags/example_branch_operator.py took 0.297 seconds
[2025-05-02T19:57:24.105+0000] {processor.py:161} INFO - Started process (PID=3747) to work on /home/airflow/.local/lib/python3.12/site-packages/airflow/example_dags/example_branch_operator.py
[2025-05-02T19:57:24.117+0000] {processor.py:830} INFO - Processing file /home/airflow/.local/lib/python3.12/site-packages/airflow/example_dags/example_branch_operator.py for tasks to queue
[2025-05-02T19:57:24.122+0000] {logging_mixin.py:188} INFO - [2025-05-02T19:57:24.122+0000] {dagbag.py:540} INFO - Filling up the DagBag from /home/airflow/.local/lib/python3.12/site-packages/airflow/example_dags/example_branch_operator.py
[2025-05-02T19:57:24.173+0000] {processor.py:840} INFO - DAG(s) 'example_branch_operator' retrieved from /home/airflow/.local/lib/python3.12/site-packages/airflow/example_dags/example_branch_operator.py
[2025-05-02T19:57:24.297+0000] {logging_mixin.py:188} INFO - [2025-05-02T19:57:24.296+0000] {dag.py:3096} INFO - Sync 1 DAGs
[2025-05-02T19:57:24.364+0000] {logging_mixin.py:188} INFO - [2025-05-02T19:57:24.364+0000] {dag.py:3954} INFO - Setting next_dagrun for example_branch_operator to 2025-05-01 00:00:00+00:00, run_after=2025-05-02 00:00:00+00:00
[2025-05-02T19:57:24.427+0000] {processor.py:183} INFO - Processing /home/airflow/.local/lib/python3.12/site-packages/airflow/example_dags/example_branch_operator.py took 0.336 seconds
[2025-05-02T19:57:54.708+0000] {processor.py:161} INFO - Started process (PID=3838) to work on /home/airflow/.local/lib/python3.12/site-packages/airflow/example_dags/example_branch_operator.py
[2025-05-02T19:57:54.710+0000] {processor.py:830} INFO - Processing file /home/airflow/.local/lib/python3.12/site-packages/airflow/example_dags/example_branch_operator.py for tasks to queue
[2025-05-02T19:57:54.713+0000] {logging_mixin.py:188} INFO - [2025-05-02T19:57:54.713+0000] {dagbag.py:540} INFO - Filling up the DagBag from /home/airflow/.local/lib/python3.12/site-packages/airflow/example_dags/example_branch_operator.py
[2025-05-02T19:57:54.752+0000] {processor.py:840} INFO - DAG(s) 'example_branch_operator' retrieved from /home/airflow/.local/lib/python3.12/site-packages/airflow/example_dags/example_branch_operator.py
[2025-05-02T19:57:54.859+0000] {logging_mixin.py:188} INFO - [2025-05-02T19:57:54.859+0000] {dag.py:3096} INFO - Sync 1 DAGs
[2025-05-02T19:57:57.464+0000] {logging_mixin.py:188} INFO - [2025-05-02T19:57:57.463+0000] {dag.py:3954} INFO - Setting next_dagrun for example_branch_operator to 2025-05-01 00:00:00+00:00, run_after=2025-05-02 00:00:00+00:00
[2025-05-02T19:57:57.517+0000] {processor.py:183} INFO - Processing /home/airflow/.local/lib/python3.12/site-packages/airflow/example_dags/example_branch_operator.py took 0.276 seconds
