[2025-05-02T19:33:08.797+0000] {processor.py:161} INFO - Started process (PID=100) to work on /home/airflow/.local/lib/python3.12/site-packages/airflow/example_dags/example_branch_labels.py
[2025-05-02T19:33:08.798+0000] {processor.py:830} INFO - Processing file /home/airflow/.local/lib/python3.12/site-packages/airflow/example_dags/example_branch_labels.py for tasks to queue
[2025-05-02T19:33:08.800+0000] {logging_mixin.py:188} INFO - [2025-05-02T19:33:08.799+0000] {dagbag.py:540} INFO - Filling up the DagBag from /home/airflow/.local/lib/python3.12/site-packages/airflow/example_dags/example_branch_labels.py
[2025-05-02T19:33:08.810+0000] {processor.py:840} INFO - DAG(s) 'example_branch_labels' retrieved from /home/airflow/.local/lib/python3.12/site-packages/airflow/example_dags/example_branch_labels.py
[2025-05-02T19:33:08.827+0000] {logging_mixin.py:188} INFO - [2025-05-02T19:33:08.826+0000] {dag.py:3096} INFO - Sync 1 DAGs
[2025-05-02T19:33:08.856+0000] {logging_mixin.py:188} INFO - [2025-05-02T19:33:08.855+0000] {dag.py:3954} INFO - Setting next_dagrun for example_branch_labels to 2025-05-01 00:00:00+00:00, run_after=2025-05-02 00:00:00+00:00
[2025-05-02T19:33:08.877+0000] {processor.py:183} INFO - Processing /home/airflow/.local/lib/python3.12/site-packages/airflow/example_dags/example_branch_labels.py took 0.087 seconds
[2025-05-02T19:33:39.330+0000] {processor.py:161} INFO - Started process (PID=152) to work on /home/airflow/.local/lib/python3.12/site-packages/airflow/example_dags/example_branch_labels.py
[2025-05-02T19:33:39.330+0000] {processor.py:830} INFO - Processing file /home/airflow/.local/lib/python3.12/site-packages/airflow/example_dags/example_branch_labels.py for tasks to queue
[2025-05-02T19:33:39.332+0000] {logging_mixin.py:188} INFO - [2025-05-02T19:33:39.332+0000] {dagbag.py:540} INFO - Filling up the DagBag from /home/airflow/.local/lib/python3.12/site-packages/airflow/example_dags/example_branch_labels.py
[2025-05-02T19:33:39.341+0000] {processor.py:840} INFO - DAG(s) 'example_branch_labels' retrieved from /home/airflow/.local/lib/python3.12/site-packages/airflow/example_dags/example_branch_labels.py
[2025-05-02T19:33:39.424+0000] {logging_mixin.py:188} INFO - [2025-05-02T19:33:39.424+0000] {dag.py:3096} INFO - Sync 1 DAGs
[2025-05-02T19:33:39.440+0000] {logging_mixin.py:188} INFO - [2025-05-02T19:33:39.439+0000] {dag.py:3954} INFO - Setting next_dagrun for example_branch_labels to 2025-05-01 00:00:00+00:00, run_after=2025-05-02 00:00:00+00:00
[2025-05-02T19:33:39.456+0000] {processor.py:183} INFO - Processing /home/airflow/.local/lib/python3.12/site-packages/airflow/example_dags/example_branch_labels.py took 0.131 seconds
[2025-05-02T19:34:10.301+0000] {processor.py:161} INFO - Started process (PID=210) to work on /home/airflow/.local/lib/python3.12/site-packages/airflow/example_dags/example_branch_labels.py
[2025-05-02T19:34:10.302+0000] {processor.py:830} INFO - Processing file /home/airflow/.local/lib/python3.12/site-packages/airflow/example_dags/example_branch_labels.py for tasks to queue
[2025-05-02T19:34:10.303+0000] {logging_mixin.py:188} INFO - [2025-05-02T19:34:10.303+0000] {dagbag.py:540} INFO - Filling up the DagBag from /home/airflow/.local/lib/python3.12/site-packages/airflow/example_dags/example_branch_labels.py
[2025-05-02T19:34:10.309+0000] {processor.py:840} INFO - DAG(s) 'example_branch_labels' retrieved from /home/airflow/.local/lib/python3.12/site-packages/airflow/example_dags/example_branch_labels.py
[2025-05-02T19:34:10.328+0000] {logging_mixin.py:188} INFO - [2025-05-02T19:34:10.328+0000] {dag.py:3096} INFO - Sync 1 DAGs
[2025-05-02T19:34:10.345+0000] {logging_mixin.py:188} INFO - [2025-05-02T19:34:10.345+0000] {dag.py:3954} INFO - Setting next_dagrun for example_branch_labels to 2025-05-01 00:00:00+00:00, run_after=2025-05-02 00:00:00+00:00
[2025-05-02T19:34:10.361+0000] {processor.py:183} INFO - Processing /home/airflow/.local/lib/python3.12/site-packages/airflow/example_dags/example_branch_labels.py took 0.065 seconds
[2025-05-02T19:34:41.374+0000] {processor.py:161} INFO - Started process (PID=268) to work on /home/airflow/.local/lib/python3.12/site-packages/airflow/example_dags/example_branch_labels.py
[2025-05-02T19:34:41.375+0000] {processor.py:830} INFO - Processing file /home/airflow/.local/lib/python3.12/site-packages/airflow/example_dags/example_branch_labels.py for tasks to queue
[2025-05-02T19:34:41.377+0000] {logging_mixin.py:188} INFO - [2025-05-02T19:34:41.376+0000] {dagbag.py:540} INFO - Filling up the DagBag from /home/airflow/.local/lib/python3.12/site-packages/airflow/example_dags/example_branch_labels.py
[2025-05-02T19:34:41.385+0000] {processor.py:840} INFO - DAG(s) 'example_branch_labels' retrieved from /home/airflow/.local/lib/python3.12/site-packages/airflow/example_dags/example_branch_labels.py
[2025-05-02T19:34:41.406+0000] {logging_mixin.py:188} INFO - [2025-05-02T19:34:41.406+0000] {dag.py:3096} INFO - Sync 1 DAGs
[2025-05-02T19:34:41.431+0000] {logging_mixin.py:188} INFO - [2025-05-02T19:34:41.430+0000] {dag.py:3954} INFO - Setting next_dagrun for example_branch_labels to 2025-05-01 00:00:00+00:00, run_after=2025-05-02 00:00:00+00:00
[2025-05-02T19:34:41.451+0000] {processor.py:183} INFO - Processing /home/airflow/.local/lib/python3.12/site-packages/airflow/example_dags/example_branch_labels.py took 0.083 seconds
[2025-05-02T19:35:13.774+0000] {processor.py:161} INFO - Started process (PID=326) to work on /home/airflow/.local/lib/python3.12/site-packages/airflow/example_dags/example_branch_labels.py
[2025-05-02T19:35:13.775+0000] {processor.py:830} INFO - Processing file /home/airflow/.local/lib/python3.12/site-packages/airflow/example_dags/example_branch_labels.py for tasks to queue
[2025-05-02T19:35:13.776+0000] {logging_mixin.py:188} INFO - [2025-05-02T19:35:13.776+0000] {dagbag.py:540} INFO - Filling up the DagBag from /home/airflow/.local/lib/python3.12/site-packages/airflow/example_dags/example_branch_labels.py
[2025-05-02T19:35:13.783+0000] {processor.py:840} INFO - DAG(s) 'example_branch_labels' retrieved from /home/airflow/.local/lib/python3.12/site-packages/airflow/example_dags/example_branch_labels.py
[2025-05-02T19:35:13.804+0000] {logging_mixin.py:188} INFO - [2025-05-02T19:35:13.804+0000] {dag.py:3096} INFO - Sync 1 DAGs
[2025-05-02T19:35:13.827+0000] {logging_mixin.py:188} INFO - [2025-05-02T19:35:13.826+0000] {dag.py:3954} INFO - Setting next_dagrun for example_branch_labels to 2025-05-01 00:00:00+00:00, run_after=2025-05-02 00:00:00+00:00
[2025-05-02T19:35:13.848+0000] {processor.py:183} INFO - Processing /home/airflow/.local/lib/python3.12/site-packages/airflow/example_dags/example_branch_labels.py took 0.079 seconds
[2025-05-02T19:35:44.724+0000] {processor.py:161} INFO - Started process (PID=384) to work on /home/airflow/.local/lib/python3.12/site-packages/airflow/example_dags/example_branch_labels.py
[2025-05-02T19:35:44.727+0000] {processor.py:830} INFO - Processing file /home/airflow/.local/lib/python3.12/site-packages/airflow/example_dags/example_branch_labels.py for tasks to queue
[2025-05-02T19:35:44.729+0000] {logging_mixin.py:188} INFO - [2025-05-02T19:35:44.729+0000] {dagbag.py:540} INFO - Filling up the DagBag from /home/airflow/.local/lib/python3.12/site-packages/airflow/example_dags/example_branch_labels.py
[2025-05-02T19:35:44.742+0000] {processor.py:840} INFO - DAG(s) 'example_branch_labels' retrieved from /home/airflow/.local/lib/python3.12/site-packages/airflow/example_dags/example_branch_labels.py
[2025-05-02T19:35:44.767+0000] {logging_mixin.py:188} INFO - [2025-05-02T19:35:44.766+0000] {dag.py:3096} INFO - Sync 1 DAGs
[2025-05-02T19:35:44.791+0000] {logging_mixin.py:188} INFO - [2025-05-02T19:35:44.790+0000] {dag.py:3954} INFO - Setting next_dagrun for example_branch_labels to 2025-05-01 00:00:00+00:00, run_after=2025-05-02 00:00:00+00:00
[2025-05-02T19:35:44.809+0000] {processor.py:183} INFO - Processing /home/airflow/.local/lib/python3.12/site-packages/airflow/example_dags/example_branch_labels.py took 0.091 seconds
[2025-05-02T19:36:14.840+0000] {processor.py:161} INFO - Started process (PID=442) to work on /home/airflow/.local/lib/python3.12/site-packages/airflow/example_dags/example_branch_labels.py
[2025-05-02T19:36:14.842+0000] {processor.py:830} INFO - Processing file /home/airflow/.local/lib/python3.12/site-packages/airflow/example_dags/example_branch_labels.py for tasks to queue
[2025-05-02T19:36:14.844+0000] {logging_mixin.py:188} INFO - [2025-05-02T19:36:14.843+0000] {dagbag.py:540} INFO - Filling up the DagBag from /home/airflow/.local/lib/python3.12/site-packages/airflow/example_dags/example_branch_labels.py
[2025-05-02T19:36:14.849+0000] {processor.py:840} INFO - DAG(s) 'example_branch_labels' retrieved from /home/airflow/.local/lib/python3.12/site-packages/airflow/example_dags/example_branch_labels.py
[2025-05-02T19:36:14.868+0000] {logging_mixin.py:188} INFO - [2025-05-02T19:36:14.868+0000] {dag.py:3096} INFO - Sync 1 DAGs
[2025-05-02T19:36:14.886+0000] {logging_mixin.py:188} INFO - [2025-05-02T19:36:14.886+0000] {dag.py:3954} INFO - Setting next_dagrun for example_branch_labels to 2025-05-01 00:00:00+00:00, run_after=2025-05-02 00:00:00+00:00
[2025-05-02T19:36:14.901+0000] {processor.py:183} INFO - Processing /home/airflow/.local/lib/python3.12/site-packages/airflow/example_dags/example_branch_labels.py took 0.066 seconds
[2025-05-02T19:36:45.380+0000] {processor.py:161} INFO - Started process (PID=501) to work on /home/airflow/.local/lib/python3.12/site-packages/airflow/example_dags/example_branch_labels.py
[2025-05-02T19:36:45.380+0000] {processor.py:830} INFO - Processing file /home/airflow/.local/lib/python3.12/site-packages/airflow/example_dags/example_branch_labels.py for tasks to queue
[2025-05-02T19:36:45.382+0000] {logging_mixin.py:188} INFO - [2025-05-02T19:36:45.382+0000] {dagbag.py:540} INFO - Filling up the DagBag from /home/airflow/.local/lib/python3.12/site-packages/airflow/example_dags/example_branch_labels.py
[2025-05-02T19:36:45.391+0000] {processor.py:840} INFO - DAG(s) 'example_branch_labels' retrieved from /home/airflow/.local/lib/python3.12/site-packages/airflow/example_dags/example_branch_labels.py
[2025-05-02T19:36:45.411+0000] {logging_mixin.py:188} INFO - [2025-05-02T19:36:45.411+0000] {dag.py:3096} INFO - Sync 1 DAGs
[2025-05-02T19:36:45.433+0000] {logging_mixin.py:188} INFO - [2025-05-02T19:36:45.432+0000] {dag.py:3954} INFO - Setting next_dagrun for example_branch_labels to 2025-05-01 00:00:00+00:00, run_after=2025-05-02 00:00:00+00:00
[2025-05-02T19:36:45.449+0000] {processor.py:183} INFO - Processing /home/airflow/.local/lib/python3.12/site-packages/airflow/example_dags/example_branch_labels.py took 0.075 seconds
[2025-05-02T19:37:15.833+0000] {processor.py:161} INFO - Started process (PID=561) to work on /home/airflow/.local/lib/python3.12/site-packages/airflow/example_dags/example_branch_labels.py
[2025-05-02T19:37:15.834+0000] {processor.py:830} INFO - Processing file /home/airflow/.local/lib/python3.12/site-packages/airflow/example_dags/example_branch_labels.py for tasks to queue
[2025-05-02T19:37:15.835+0000] {logging_mixin.py:188} INFO - [2025-05-02T19:37:15.835+0000] {dagbag.py:540} INFO - Filling up the DagBag from /home/airflow/.local/lib/python3.12/site-packages/airflow/example_dags/example_branch_labels.py
[2025-05-02T19:37:15.843+0000] {processor.py:840} INFO - DAG(s) 'example_branch_labels' retrieved from /home/airflow/.local/lib/python3.12/site-packages/airflow/example_dags/example_branch_labels.py
[2025-05-02T19:37:15.862+0000] {logging_mixin.py:188} INFO - [2025-05-02T19:37:15.861+0000] {dag.py:3096} INFO - Sync 1 DAGs
[2025-05-02T19:37:15.879+0000] {logging_mixin.py:188} INFO - [2025-05-02T19:37:15.879+0000] {dag.py:3954} INFO - Setting next_dagrun for example_branch_labels to 2025-05-01 00:00:00+00:00, run_after=2025-05-02 00:00:00+00:00
[2025-05-02T19:37:15.894+0000] {processor.py:183} INFO - Processing /home/airflow/.local/lib/python3.12/site-packages/airflow/example_dags/example_branch_labels.py took 0.066 seconds
[2025-05-02T19:37:46.198+0000] {processor.py:161} INFO - Started process (PID=620) to work on /home/airflow/.local/lib/python3.12/site-packages/airflow/example_dags/example_branch_labels.py
[2025-05-02T19:37:46.199+0000] {processor.py:830} INFO - Processing file /home/airflow/.local/lib/python3.12/site-packages/airflow/example_dags/example_branch_labels.py for tasks to queue
[2025-05-02T19:37:46.200+0000] {logging_mixin.py:188} INFO - [2025-05-02T19:37:46.200+0000] {dagbag.py:540} INFO - Filling up the DagBag from /home/airflow/.local/lib/python3.12/site-packages/airflow/example_dags/example_branch_labels.py
[2025-05-02T19:37:46.205+0000] {processor.py:840} INFO - DAG(s) 'example_branch_labels' retrieved from /home/airflow/.local/lib/python3.12/site-packages/airflow/example_dags/example_branch_labels.py
[2025-05-02T19:37:46.221+0000] {logging_mixin.py:188} INFO - [2025-05-02T19:37:46.221+0000] {dag.py:3096} INFO - Sync 1 DAGs
[2025-05-02T19:37:46.242+0000] {logging_mixin.py:188} INFO - [2025-05-02T19:37:46.242+0000] {dag.py:3954} INFO - Setting next_dagrun for example_branch_labels to 2025-05-01 00:00:00+00:00, run_after=2025-05-02 00:00:00+00:00
[2025-05-02T19:37:46.260+0000] {processor.py:183} INFO - Processing /home/airflow/.local/lib/python3.12/site-packages/airflow/example_dags/example_branch_labels.py took 0.067 seconds
[2025-05-02T19:38:16.665+0000] {processor.py:161} INFO - Started process (PID=674) to work on /home/airflow/.local/lib/python3.12/site-packages/airflow/example_dags/example_branch_labels.py
[2025-05-02T19:38:16.666+0000] {processor.py:830} INFO - Processing file /home/airflow/.local/lib/python3.12/site-packages/airflow/example_dags/example_branch_labels.py for tasks to queue
[2025-05-02T19:38:16.668+0000] {logging_mixin.py:188} INFO - [2025-05-02T19:38:16.667+0000] {dagbag.py:540} INFO - Filling up the DagBag from /home/airflow/.local/lib/python3.12/site-packages/airflow/example_dags/example_branch_labels.py
[2025-05-02T19:38:16.675+0000] {processor.py:840} INFO - DAG(s) 'example_branch_labels' retrieved from /home/airflow/.local/lib/python3.12/site-packages/airflow/example_dags/example_branch_labels.py
[2025-05-02T19:38:16.695+0000] {logging_mixin.py:188} INFO - [2025-05-02T19:38:16.695+0000] {dag.py:3096} INFO - Sync 1 DAGs
[2025-05-02T19:38:16.721+0000] {logging_mixin.py:188} INFO - [2025-05-02T19:38:16.721+0000] {dag.py:3954} INFO - Setting next_dagrun for example_branch_labels to 2025-05-01 00:00:00+00:00, run_after=2025-05-02 00:00:00+00:00
[2025-05-02T19:38:16.740+0000] {processor.py:183} INFO - Processing /home/airflow/.local/lib/python3.12/site-packages/airflow/example_dags/example_branch_labels.py took 0.080 seconds
[2025-05-02T19:38:47.058+0000] {processor.py:161} INFO - Started process (PID=732) to work on /home/airflow/.local/lib/python3.12/site-packages/airflow/example_dags/example_branch_labels.py
[2025-05-02T19:38:47.059+0000] {processor.py:830} INFO - Processing file /home/airflow/.local/lib/python3.12/site-packages/airflow/example_dags/example_branch_labels.py for tasks to queue
[2025-05-02T19:38:47.061+0000] {logging_mixin.py:188} INFO - [2025-05-02T19:38:47.060+0000] {dagbag.py:540} INFO - Filling up the DagBag from /home/airflow/.local/lib/python3.12/site-packages/airflow/example_dags/example_branch_labels.py
[2025-05-02T19:38:47.068+0000] {processor.py:840} INFO - DAG(s) 'example_branch_labels' retrieved from /home/airflow/.local/lib/python3.12/site-packages/airflow/example_dags/example_branch_labels.py
[2025-05-02T19:38:47.093+0000] {logging_mixin.py:188} INFO - [2025-05-02T19:38:47.092+0000] {dag.py:3096} INFO - Sync 1 DAGs
[2025-05-02T19:38:47.116+0000] {logging_mixin.py:188} INFO - [2025-05-02T19:38:47.115+0000] {dag.py:3954} INFO - Setting next_dagrun for example_branch_labels to 2025-05-01 00:00:00+00:00, run_after=2025-05-02 00:00:00+00:00
[2025-05-02T19:38:47.131+0000] {processor.py:183} INFO - Processing /home/airflow/.local/lib/python3.12/site-packages/airflow/example_dags/example_branch_labels.py took 0.080 seconds
[2025-05-02T19:39:19.326+0000] {processor.py:161} INFO - Started process (PID=790) to work on /home/airflow/.local/lib/python3.12/site-packages/airflow/example_dags/example_branch_labels.py
[2025-05-02T19:39:19.327+0000] {processor.py:830} INFO - Processing file /home/airflow/.local/lib/python3.12/site-packages/airflow/example_dags/example_branch_labels.py for tasks to queue
[2025-05-02T19:39:19.328+0000] {logging_mixin.py:188} INFO - [2025-05-02T19:39:19.328+0000] {dagbag.py:540} INFO - Filling up the DagBag from /home/airflow/.local/lib/python3.12/site-packages/airflow/example_dags/example_branch_labels.py
[2025-05-02T19:39:19.335+0000] {processor.py:840} INFO - DAG(s) 'example_branch_labels' retrieved from /home/airflow/.local/lib/python3.12/site-packages/airflow/example_dags/example_branch_labels.py
[2025-05-02T19:39:19.353+0000] {logging_mixin.py:188} INFO - [2025-05-02T19:39:19.353+0000] {dag.py:3096} INFO - Sync 1 DAGs
[2025-05-02T19:39:19.373+0000] {logging_mixin.py:188} INFO - [2025-05-02T19:39:19.373+0000] {dag.py:3954} INFO - Setting next_dagrun for example_branch_labels to 2025-05-01 00:00:00+00:00, run_after=2025-05-02 00:00:00+00:00
[2025-05-02T19:39:19.386+0000] {processor.py:183} INFO - Processing /home/airflow/.local/lib/python3.12/site-packages/airflow/example_dags/example_branch_labels.py took 0.067 seconds
[2025-05-02T19:39:50.091+0000] {processor.py:161} INFO - Started process (PID=849) to work on /home/airflow/.local/lib/python3.12/site-packages/airflow/example_dags/example_branch_labels.py
[2025-05-02T19:39:50.092+0000] {processor.py:830} INFO - Processing file /home/airflow/.local/lib/python3.12/site-packages/airflow/example_dags/example_branch_labels.py for tasks to queue
[2025-05-02T19:39:50.093+0000] {logging_mixin.py:188} INFO - [2025-05-02T19:39:50.093+0000] {dagbag.py:540} INFO - Filling up the DagBag from /home/airflow/.local/lib/python3.12/site-packages/airflow/example_dags/example_branch_labels.py
[2025-05-02T19:39:50.101+0000] {processor.py:840} INFO - DAG(s) 'example_branch_labels' retrieved from /home/airflow/.local/lib/python3.12/site-packages/airflow/example_dags/example_branch_labels.py
[2025-05-02T19:39:50.120+0000] {logging_mixin.py:188} INFO - [2025-05-02T19:39:50.120+0000] {dag.py:3096} INFO - Sync 1 DAGs
[2025-05-02T19:39:50.137+0000] {logging_mixin.py:188} INFO - [2025-05-02T19:39:50.137+0000] {dag.py:3954} INFO - Setting next_dagrun for example_branch_labels to 2025-05-01 00:00:00+00:00, run_after=2025-05-02 00:00:00+00:00
[2025-05-02T19:39:50.150+0000] {processor.py:183} INFO - Processing /home/airflow/.local/lib/python3.12/site-packages/airflow/example_dags/example_branch_labels.py took 0.064 seconds
[2025-05-02T19:40:20.786+0000] {processor.py:161} INFO - Started process (PID=907) to work on /home/airflow/.local/lib/python3.12/site-packages/airflow/example_dags/example_branch_labels.py
[2025-05-02T19:40:20.786+0000] {processor.py:830} INFO - Processing file /home/airflow/.local/lib/python3.12/site-packages/airflow/example_dags/example_branch_labels.py for tasks to queue
[2025-05-02T19:40:20.788+0000] {logging_mixin.py:188} INFO - [2025-05-02T19:40:20.788+0000] {dagbag.py:540} INFO - Filling up the DagBag from /home/airflow/.local/lib/python3.12/site-packages/airflow/example_dags/example_branch_labels.py
[2025-05-02T19:40:20.794+0000] {processor.py:840} INFO - DAG(s) 'example_branch_labels' retrieved from /home/airflow/.local/lib/python3.12/site-packages/airflow/example_dags/example_branch_labels.py
[2025-05-02T19:40:20.811+0000] {logging_mixin.py:188} INFO - [2025-05-02T19:40:20.811+0000] {dag.py:3096} INFO - Sync 1 DAGs
[2025-05-02T19:40:20.834+0000] {logging_mixin.py:188} INFO - [2025-05-02T19:40:20.834+0000] {dag.py:3954} INFO - Setting next_dagrun for example_branch_labels to 2025-05-01 00:00:00+00:00, run_after=2025-05-02 00:00:00+00:00
[2025-05-02T19:40:20.850+0000] {processor.py:183} INFO - Processing /home/airflow/.local/lib/python3.12/site-packages/airflow/example_dags/example_branch_labels.py took 0.069 seconds
[2025-05-02T19:40:51.174+0000] {processor.py:161} INFO - Started process (PID=964) to work on /home/airflow/.local/lib/python3.12/site-packages/airflow/example_dags/example_branch_labels.py
[2025-05-02T19:40:51.175+0000] {processor.py:830} INFO - Processing file /home/airflow/.local/lib/python3.12/site-packages/airflow/example_dags/example_branch_labels.py for tasks to queue
[2025-05-02T19:40:51.178+0000] {logging_mixin.py:188} INFO - [2025-05-02T19:40:51.177+0000] {dagbag.py:540} INFO - Filling up the DagBag from /home/airflow/.local/lib/python3.12/site-packages/airflow/example_dags/example_branch_labels.py
[2025-05-02T19:40:51.185+0000] {processor.py:840} INFO - DAG(s) 'example_branch_labels' retrieved from /home/airflow/.local/lib/python3.12/site-packages/airflow/example_dags/example_branch_labels.py
[2025-05-02T19:40:51.203+0000] {logging_mixin.py:188} INFO - [2025-05-02T19:40:51.203+0000] {dag.py:3096} INFO - Sync 1 DAGs
[2025-05-02T19:40:51.222+0000] {logging_mixin.py:188} INFO - [2025-05-02T19:40:51.222+0000] {dag.py:3954} INFO - Setting next_dagrun for example_branch_labels to 2025-05-01 00:00:00+00:00, run_after=2025-05-02 00:00:00+00:00
[2025-05-02T19:40:51.237+0000] {processor.py:183} INFO - Processing /home/airflow/.local/lib/python3.12/site-packages/airflow/example_dags/example_branch_labels.py took 0.068 seconds
[2025-05-02T19:41:21.784+0000] {processor.py:161} INFO - Started process (PID=1022) to work on /home/airflow/.local/lib/python3.12/site-packages/airflow/example_dags/example_branch_labels.py
[2025-05-02T19:41:21.785+0000] {processor.py:830} INFO - Processing file /home/airflow/.local/lib/python3.12/site-packages/airflow/example_dags/example_branch_labels.py for tasks to queue
[2025-05-02T19:41:21.786+0000] {logging_mixin.py:188} INFO - [2025-05-02T19:41:21.786+0000] {dagbag.py:540} INFO - Filling up the DagBag from /home/airflow/.local/lib/python3.12/site-packages/airflow/example_dags/example_branch_labels.py
[2025-05-02T19:41:21.791+0000] {processor.py:840} INFO - DAG(s) 'example_branch_labels' retrieved from /home/airflow/.local/lib/python3.12/site-packages/airflow/example_dags/example_branch_labels.py
[2025-05-02T19:41:21.808+0000] {logging_mixin.py:188} INFO - [2025-05-02T19:41:21.808+0000] {dag.py:3096} INFO - Sync 1 DAGs
[2025-05-02T19:41:21.823+0000] {logging_mixin.py:188} INFO - [2025-05-02T19:41:21.823+0000] {dag.py:3954} INFO - Setting next_dagrun for example_branch_labels to 2025-05-01 00:00:00+00:00, run_after=2025-05-02 00:00:00+00:00
[2025-05-02T19:41:21.836+0000] {processor.py:183} INFO - Processing /home/airflow/.local/lib/python3.12/site-packages/airflow/example_dags/example_branch_labels.py took 0.057 seconds
[2025-05-02T19:41:52.365+0000] {processor.py:161} INFO - Started process (PID=1080) to work on /home/airflow/.local/lib/python3.12/site-packages/airflow/example_dags/example_branch_labels.py
[2025-05-02T19:41:52.366+0000] {processor.py:830} INFO - Processing file /home/airflow/.local/lib/python3.12/site-packages/airflow/example_dags/example_branch_labels.py for tasks to queue
[2025-05-02T19:41:52.368+0000] {logging_mixin.py:188} INFO - [2025-05-02T19:41:52.367+0000] {dagbag.py:540} INFO - Filling up the DagBag from /home/airflow/.local/lib/python3.12/site-packages/airflow/example_dags/example_branch_labels.py
[2025-05-02T19:41:52.375+0000] {processor.py:840} INFO - DAG(s) 'example_branch_labels' retrieved from /home/airflow/.local/lib/python3.12/site-packages/airflow/example_dags/example_branch_labels.py
[2025-05-02T19:41:52.392+0000] {logging_mixin.py:188} INFO - [2025-05-02T19:41:52.391+0000] {dag.py:3096} INFO - Sync 1 DAGs
[2025-05-02T19:41:52.411+0000] {logging_mixin.py:188} INFO - [2025-05-02T19:41:52.411+0000] {dag.py:3954} INFO - Setting next_dagrun for example_branch_labels to 2025-05-01 00:00:00+00:00, run_after=2025-05-02 00:00:00+00:00
[2025-05-02T19:41:52.424+0000] {processor.py:183} INFO - Processing /home/airflow/.local/lib/python3.12/site-packages/airflow/example_dags/example_branch_labels.py took 0.065 seconds
[2025-05-02T19:42:22.963+0000] {processor.py:161} INFO - Started process (PID=1132) to work on /home/airflow/.local/lib/python3.12/site-packages/airflow/example_dags/example_branch_labels.py
[2025-05-02T19:42:22.964+0000] {processor.py:830} INFO - Processing file /home/airflow/.local/lib/python3.12/site-packages/airflow/example_dags/example_branch_labels.py for tasks to queue
[2025-05-02T19:42:22.966+0000] {logging_mixin.py:188} INFO - [2025-05-02T19:42:22.965+0000] {dagbag.py:540} INFO - Filling up the DagBag from /home/airflow/.local/lib/python3.12/site-packages/airflow/example_dags/example_branch_labels.py
[2025-05-02T19:42:22.978+0000] {processor.py:840} INFO - DAG(s) 'example_branch_labels' retrieved from /home/airflow/.local/lib/python3.12/site-packages/airflow/example_dags/example_branch_labels.py
[2025-05-02T19:42:23.012+0000] {logging_mixin.py:188} INFO - [2025-05-02T19:42:23.011+0000] {dag.py:3096} INFO - Sync 1 DAGs
[2025-05-02T19:42:23.052+0000] {logging_mixin.py:188} INFO - [2025-05-02T19:42:23.052+0000] {dag.py:3954} INFO - Setting next_dagrun for example_branch_labels to 2025-05-01 00:00:00+00:00, run_after=2025-05-02 00:00:00+00:00
[2025-05-02T19:42:23.078+0000] {processor.py:183} INFO - Processing /home/airflow/.local/lib/python3.12/site-packages/airflow/example_dags/example_branch_labels.py took 0.124 seconds
[2025-05-02T19:42:53.624+0000] {processor.py:161} INFO - Started process (PID=1190) to work on /home/airflow/.local/lib/python3.12/site-packages/airflow/example_dags/example_branch_labels.py
[2025-05-02T19:42:53.625+0000] {processor.py:830} INFO - Processing file /home/airflow/.local/lib/python3.12/site-packages/airflow/example_dags/example_branch_labels.py for tasks to queue
[2025-05-02T19:42:53.626+0000] {logging_mixin.py:188} INFO - [2025-05-02T19:42:53.626+0000] {dagbag.py:540} INFO - Filling up the DagBag from /home/airflow/.local/lib/python3.12/site-packages/airflow/example_dags/example_branch_labels.py
[2025-05-02T19:42:53.633+0000] {processor.py:840} INFO - DAG(s) 'example_branch_labels' retrieved from /home/airflow/.local/lib/python3.12/site-packages/airflow/example_dags/example_branch_labels.py
[2025-05-02T19:42:53.653+0000] {logging_mixin.py:188} INFO - [2025-05-02T19:42:53.653+0000] {dag.py:3096} INFO - Sync 1 DAGs
[2025-05-02T19:42:53.671+0000] {logging_mixin.py:188} INFO - [2025-05-02T19:42:53.671+0000] {dag.py:3954} INFO - Setting next_dagrun for example_branch_labels to 2025-05-01 00:00:00+00:00, run_after=2025-05-02 00:00:00+00:00
[2025-05-02T19:42:53.688+0000] {processor.py:183} INFO - Processing /home/airflow/.local/lib/python3.12/site-packages/airflow/example_dags/example_branch_labels.py took 0.070 seconds
[2025-05-02T19:43:25.951+0000] {processor.py:161} INFO - Started process (PID=1250) to work on /home/airflow/.local/lib/python3.12/site-packages/airflow/example_dags/example_branch_labels.py
[2025-05-02T19:43:25.953+0000] {processor.py:830} INFO - Processing file /home/airflow/.local/lib/python3.12/site-packages/airflow/example_dags/example_branch_labels.py for tasks to queue
[2025-05-02T19:43:25.955+0000] {logging_mixin.py:188} INFO - [2025-05-02T19:43:25.954+0000] {dagbag.py:540} INFO - Filling up the DagBag from /home/airflow/.local/lib/python3.12/site-packages/airflow/example_dags/example_branch_labels.py
[2025-05-02T19:43:25.963+0000] {processor.py:840} INFO - DAG(s) 'example_branch_labels' retrieved from /home/airflow/.local/lib/python3.12/site-packages/airflow/example_dags/example_branch_labels.py
[2025-05-02T19:43:25.985+0000] {logging_mixin.py:188} INFO - [2025-05-02T19:43:25.985+0000] {dag.py:3096} INFO - Sync 1 DAGs
[2025-05-02T19:43:26.004+0000] {logging_mixin.py:188} INFO - [2025-05-02T19:43:26.004+0000] {dag.py:3954} INFO - Setting next_dagrun for example_branch_labels to 2025-05-01 00:00:00+00:00, run_after=2025-05-02 00:00:00+00:00
[2025-05-02T19:43:26.020+0000] {processor.py:183} INFO - Processing /home/airflow/.local/lib/python3.12/site-packages/airflow/example_dags/example_branch_labels.py took 0.076 seconds
[2025-05-02T19:44:00.983+0000] {processor.py:161} INFO - Started process (PID=1310) to work on /home/airflow/.local/lib/python3.12/site-packages/airflow/example_dags/example_branch_labels.py
[2025-05-02T19:44:00.985+0000] {processor.py:830} INFO - Processing file /home/airflow/.local/lib/python3.12/site-packages/airflow/example_dags/example_branch_labels.py for tasks to queue
[2025-05-02T19:44:00.989+0000] {logging_mixin.py:188} INFO - [2025-05-02T19:44:00.989+0000] {dagbag.py:540} INFO - Filling up the DagBag from /home/airflow/.local/lib/python3.12/site-packages/airflow/example_dags/example_branch_labels.py
[2025-05-02T19:44:01.003+0000] {processor.py:840} INFO - DAG(s) 'example_branch_labels' retrieved from /home/airflow/.local/lib/python3.12/site-packages/airflow/example_dags/example_branch_labels.py
[2025-05-02T19:44:01.073+0000] {logging_mixin.py:188} INFO - [2025-05-02T19:44:01.073+0000] {dag.py:3096} INFO - Sync 1 DAGs
[2025-05-02T19:44:01.129+0000] {logging_mixin.py:188} INFO - [2025-05-02T19:44:01.128+0000] {dag.py:3954} INFO - Setting next_dagrun for example_branch_labels to 2025-05-01 00:00:00+00:00, run_after=2025-05-02 00:00:00+00:00
[2025-05-02T19:44:01.154+0000] {processor.py:183} INFO - Processing /home/airflow/.local/lib/python3.12/site-packages/airflow/example_dags/example_branch_labels.py took 0.187 seconds
[2025-05-02T19:44:35.022+0000] {processor.py:161} INFO - Started process (PID=1413) to work on /home/airflow/.local/lib/python3.12/site-packages/airflow/example_dags/example_branch_labels.py
[2025-05-02T19:44:35.025+0000] {processor.py:830} INFO - Processing file /home/airflow/.local/lib/python3.12/site-packages/airflow/example_dags/example_branch_labels.py for tasks to queue
[2025-05-02T19:44:35.030+0000] {logging_mixin.py:188} INFO - [2025-05-02T19:44:35.029+0000] {dagbag.py:540} INFO - Filling up the DagBag from /home/airflow/.local/lib/python3.12/site-packages/airflow/example_dags/example_branch_labels.py
[2025-05-02T19:44:35.060+0000] {processor.py:840} INFO - DAG(s) 'example_branch_labels' retrieved from /home/airflow/.local/lib/python3.12/site-packages/airflow/example_dags/example_branch_labels.py
[2025-05-02T19:44:35.119+0000] {logging_mixin.py:188} INFO - [2025-05-02T19:44:35.119+0000] {dag.py:3096} INFO - Sync 1 DAGs
[2025-05-02T19:44:35.199+0000] {logging_mixin.py:188} INFO - [2025-05-02T19:44:35.199+0000] {dag.py:3954} INFO - Setting next_dagrun for example_branch_labels to 2025-05-01 00:00:00+00:00, run_after=2025-05-02 00:00:00+00:00
[2025-05-02T19:44:35.287+0000] {processor.py:183} INFO - Processing /home/airflow/.local/lib/python3.12/site-packages/airflow/example_dags/example_branch_labels.py took 0.286 seconds
[2025-05-02T19:45:05.932+0000] {processor.py:161} INFO - Started process (PID=1513) to work on /home/airflow/.local/lib/python3.12/site-packages/airflow/example_dags/example_branch_labels.py
[2025-05-02T19:45:05.933+0000] {processor.py:830} INFO - Processing file /home/airflow/.local/lib/python3.12/site-packages/airflow/example_dags/example_branch_labels.py for tasks to queue
[2025-05-02T19:45:05.935+0000] {logging_mixin.py:188} INFO - [2025-05-02T19:45:05.935+0000] {dagbag.py:540} INFO - Filling up the DagBag from /home/airflow/.local/lib/python3.12/site-packages/airflow/example_dags/example_branch_labels.py
[2025-05-02T19:45:05.941+0000] {processor.py:840} INFO - DAG(s) 'example_branch_labels' retrieved from /home/airflow/.local/lib/python3.12/site-packages/airflow/example_dags/example_branch_labels.py
[2025-05-02T19:45:05.958+0000] {logging_mixin.py:188} INFO - [2025-05-02T19:45:05.958+0000] {dag.py:3096} INFO - Sync 1 DAGs
[2025-05-02T19:45:05.974+0000] {logging_mixin.py:188} INFO - [2025-05-02T19:45:05.974+0000] {dag.py:3954} INFO - Setting next_dagrun for example_branch_labels to 2025-05-01 00:00:00+00:00, run_after=2025-05-02 00:00:00+00:00
[2025-05-02T19:45:05.987+0000] {processor.py:183} INFO - Processing /home/airflow/.local/lib/python3.12/site-packages/airflow/example_dags/example_branch_labels.py took 0.060 seconds
[2025-05-02T19:45:37.134+0000] {processor.py:161} INFO - Started process (PID=1619) to work on /home/airflow/.local/lib/python3.12/site-packages/airflow/example_dags/example_branch_labels.py
[2025-05-02T19:45:37.135+0000] {processor.py:830} INFO - Processing file /home/airflow/.local/lib/python3.12/site-packages/airflow/example_dags/example_branch_labels.py for tasks to queue
[2025-05-02T19:45:37.142+0000] {logging_mixin.py:188} INFO - [2025-05-02T19:45:37.140+0000] {dagbag.py:540} INFO - Filling up the DagBag from /home/airflow/.local/lib/python3.12/site-packages/airflow/example_dags/example_branch_labels.py
[2025-05-02T19:45:37.173+0000] {processor.py:840} INFO - DAG(s) 'example_branch_labels' retrieved from /home/airflow/.local/lib/python3.12/site-packages/airflow/example_dags/example_branch_labels.py
[2025-05-02T19:45:37.227+0000] {logging_mixin.py:188} INFO - [2025-05-02T19:45:37.225+0000] {dag.py:3096} INFO - Sync 1 DAGs
[2025-05-02T19:45:37.332+0000] {logging_mixin.py:188} INFO - [2025-05-02T19:45:37.331+0000] {dag.py:3954} INFO - Setting next_dagrun for example_branch_labels to 2025-05-01 00:00:00+00:00, run_after=2025-05-02 00:00:00+00:00
[2025-05-02T19:45:37.449+0000] {processor.py:183} INFO - Processing /home/airflow/.local/lib/python3.12/site-packages/airflow/example_dags/example_branch_labels.py took 0.344 seconds
[2025-05-02T19:46:07.567+0000] {processor.py:161} INFO - Started process (PID=1724) to work on /home/airflow/.local/lib/python3.12/site-packages/airflow/example_dags/example_branch_labels.py
[2025-05-02T19:46:07.568+0000] {processor.py:830} INFO - Processing file /home/airflow/.local/lib/python3.12/site-packages/airflow/example_dags/example_branch_labels.py for tasks to queue
[2025-05-02T19:46:07.570+0000] {logging_mixin.py:188} INFO - [2025-05-02T19:46:07.570+0000] {dagbag.py:540} INFO - Filling up the DagBag from /home/airflow/.local/lib/python3.12/site-packages/airflow/example_dags/example_branch_labels.py
[2025-05-02T19:46:07.581+0000] {processor.py:840} INFO - DAG(s) 'example_branch_labels' retrieved from /home/airflow/.local/lib/python3.12/site-packages/airflow/example_dags/example_branch_labels.py
[2025-05-02T19:46:07.614+0000] {logging_mixin.py:188} INFO - [2025-05-02T19:46:07.614+0000] {dag.py:3096} INFO - Sync 1 DAGs
[2025-05-02T19:46:07.656+0000] {logging_mixin.py:188} INFO - [2025-05-02T19:46:07.656+0000] {dag.py:3954} INFO - Setting next_dagrun for example_branch_labels to 2025-05-01 00:00:00+00:00, run_after=2025-05-02 00:00:00+00:00
[2025-05-02T19:46:07.707+0000] {processor.py:183} INFO - Processing /home/airflow/.local/lib/python3.12/site-packages/airflow/example_dags/example_branch_labels.py took 0.149 seconds
[2025-05-02T19:46:38.435+0000] {processor.py:161} INFO - Started process (PID=1832) to work on /home/airflow/.local/lib/python3.12/site-packages/airflow/example_dags/example_branch_labels.py
[2025-05-02T19:46:38.444+0000] {processor.py:830} INFO - Processing file /home/airflow/.local/lib/python3.12/site-packages/airflow/example_dags/example_branch_labels.py for tasks to queue
[2025-05-02T19:46:38.447+0000] {logging_mixin.py:188} INFO - [2025-05-02T19:46:38.447+0000] {dagbag.py:540} INFO - Filling up the DagBag from /home/airflow/.local/lib/python3.12/site-packages/airflow/example_dags/example_branch_labels.py
[2025-05-02T19:46:38.474+0000] {processor.py:840} INFO - DAG(s) 'example_branch_labels' retrieved from /home/airflow/.local/lib/python3.12/site-packages/airflow/example_dags/example_branch_labels.py
[2025-05-02T19:46:38.590+0000] {logging_mixin.py:188} INFO - [2025-05-02T19:46:38.590+0000] {dag.py:3096} INFO - Sync 1 DAGs
[2025-05-02T19:46:38.650+0000] {logging_mixin.py:188} INFO - [2025-05-02T19:46:38.650+0000] {dag.py:3954} INFO - Setting next_dagrun for example_branch_labels to 2025-05-01 00:00:00+00:00, run_after=2025-05-02 00:00:00+00:00
[2025-05-02T19:46:38.725+0000] {processor.py:183} INFO - Processing /home/airflow/.local/lib/python3.12/site-packages/airflow/example_dags/example_branch_labels.py took 0.312 seconds
[2025-05-02T19:47:08.981+0000] {processor.py:161} INFO - Started process (PID=1938) to work on /home/airflow/.local/lib/python3.12/site-packages/airflow/example_dags/example_branch_labels.py
[2025-05-02T19:47:08.987+0000] {processor.py:830} INFO - Processing file /home/airflow/.local/lib/python3.12/site-packages/airflow/example_dags/example_branch_labels.py for tasks to queue
[2025-05-02T19:47:08.991+0000] {logging_mixin.py:188} INFO - [2025-05-02T19:47:08.990+0000] {dagbag.py:540} INFO - Filling up the DagBag from /home/airflow/.local/lib/python3.12/site-packages/airflow/example_dags/example_branch_labels.py
[2025-05-02T19:47:09.011+0000] {processor.py:840} INFO - DAG(s) 'example_branch_labels' retrieved from /home/airflow/.local/lib/python3.12/site-packages/airflow/example_dags/example_branch_labels.py
[2025-05-02T19:47:09.124+0000] {logging_mixin.py:188} INFO - [2025-05-02T19:47:09.123+0000] {dag.py:3096} INFO - Sync 1 DAGs
[2025-05-02T19:47:09.197+0000] {logging_mixin.py:188} INFO - [2025-05-02T19:47:09.196+0000] {dag.py:3954} INFO - Setting next_dagrun for example_branch_labels to 2025-05-01 00:00:00+00:00, run_after=2025-05-02 00:00:00+00:00
[2025-05-02T19:47:09.233+0000] {processor.py:183} INFO - Processing /home/airflow/.local/lib/python3.12/site-packages/airflow/example_dags/example_branch_labels.py took 0.266 seconds
[2025-05-02T19:47:42.193+0000] {processor.py:161} INFO - Started process (PID=2033) to work on /home/airflow/.local/lib/python3.12/site-packages/airflow/example_dags/example_branch_labels.py
[2025-05-02T19:47:42.195+0000] {processor.py:830} INFO - Processing file /home/airflow/.local/lib/python3.12/site-packages/airflow/example_dags/example_branch_labels.py for tasks to queue
[2025-05-02T19:47:42.198+0000] {logging_mixin.py:188} INFO - [2025-05-02T19:47:42.197+0000] {dagbag.py:540} INFO - Filling up the DagBag from /home/airflow/.local/lib/python3.12/site-packages/airflow/example_dags/example_branch_labels.py
[2025-05-02T19:47:42.225+0000] {processor.py:840} INFO - DAG(s) 'example_branch_labels' retrieved from /home/airflow/.local/lib/python3.12/site-packages/airflow/example_dags/example_branch_labels.py
[2025-05-02T19:47:42.326+0000] {logging_mixin.py:188} INFO - [2025-05-02T19:47:42.325+0000] {dag.py:3096} INFO - Sync 1 DAGs
[2025-05-02T19:47:42.383+0000] {logging_mixin.py:188} INFO - [2025-05-02T19:47:42.382+0000] {dag.py:3954} INFO - Setting next_dagrun for example_branch_labels to 2025-05-01 00:00:00+00:00, run_after=2025-05-02 00:00:00+00:00
[2025-05-02T19:47:42.699+0000] {processor.py:183} INFO - Processing /home/airflow/.local/lib/python3.12/site-packages/airflow/example_dags/example_branch_labels.py took 0.517 seconds
[2025-05-02T19:48:14.164+0000] {processor.py:161} INFO - Started process (PID=2135) to work on /home/airflow/.local/lib/python3.12/site-packages/airflow/example_dags/example_branch_labels.py
[2025-05-02T19:48:14.168+0000] {processor.py:830} INFO - Processing file /home/airflow/.local/lib/python3.12/site-packages/airflow/example_dags/example_branch_labels.py for tasks to queue
[2025-05-02T19:48:14.176+0000] {logging_mixin.py:188} INFO - [2025-05-02T19:48:14.175+0000] {dagbag.py:540} INFO - Filling up the DagBag from /home/airflow/.local/lib/python3.12/site-packages/airflow/example_dags/example_branch_labels.py
[2025-05-02T19:48:14.197+0000] {processor.py:840} INFO - DAG(s) 'example_branch_labels' retrieved from /home/airflow/.local/lib/python3.12/site-packages/airflow/example_dags/example_branch_labels.py
[2025-05-02T19:48:14.268+0000] {logging_mixin.py:188} INFO - [2025-05-02T19:48:14.267+0000] {dag.py:3096} INFO - Sync 1 DAGs
[2025-05-02T19:48:14.318+0000] {logging_mixin.py:188} INFO - [2025-05-02T19:48:14.318+0000] {dag.py:3954} INFO - Setting next_dagrun for example_branch_labels to 2025-05-01 00:00:00+00:00, run_after=2025-05-02 00:00:00+00:00
[2025-05-02T19:48:14.405+0000] {processor.py:183} INFO - Processing /home/airflow/.local/lib/python3.12/site-packages/airflow/example_dags/example_branch_labels.py took 0.270 seconds
[2025-05-02T19:48:53.276+0000] {processor.py:161} INFO - Started process (PID=2228) to work on /home/airflow/.local/lib/python3.12/site-packages/airflow/example_dags/example_branch_labels.py
[2025-05-02T19:48:53.288+0000] {processor.py:830} INFO - Processing file /home/airflow/.local/lib/python3.12/site-packages/airflow/example_dags/example_branch_labels.py for tasks to queue
[2025-05-02T19:48:53.293+0000] {logging_mixin.py:188} INFO - [2025-05-02T19:48:53.292+0000] {dagbag.py:540} INFO - Filling up the DagBag from /home/airflow/.local/lib/python3.12/site-packages/airflow/example_dags/example_branch_labels.py
[2025-05-02T19:48:53.457+0000] {processor.py:840} INFO - DAG(s) 'example_branch_labels' retrieved from /home/airflow/.local/lib/python3.12/site-packages/airflow/example_dags/example_branch_labels.py
[2025-05-02T19:48:53.602+0000] {logging_mixin.py:188} INFO - [2025-05-02T19:48:53.601+0000] {dag.py:3096} INFO - Sync 1 DAGs
[2025-05-02T19:48:53.824+0000] {logging_mixin.py:188} INFO - [2025-05-02T19:48:53.824+0000] {dag.py:3954} INFO - Setting next_dagrun for example_branch_labels to 2025-05-01 00:00:00+00:00, run_after=2025-05-02 00:00:00+00:00
[2025-05-02T19:48:53.998+0000] {processor.py:183} INFO - Processing /home/airflow/.local/lib/python3.12/site-packages/airflow/example_dags/example_branch_labels.py took 0.769 seconds
[2025-05-02T19:49:25.834+0000] {processor.py:161} INFO - Started process (PID=2323) to work on /home/airflow/.local/lib/python3.12/site-packages/airflow/example_dags/example_branch_labels.py
[2025-05-02T19:49:25.836+0000] {processor.py:830} INFO - Processing file /home/airflow/.local/lib/python3.12/site-packages/airflow/example_dags/example_branch_labels.py for tasks to queue
[2025-05-02T19:49:25.839+0000] {logging_mixin.py:188} INFO - [2025-05-02T19:49:25.838+0000] {dagbag.py:540} INFO - Filling up the DagBag from /home/airflow/.local/lib/python3.12/site-packages/airflow/example_dags/example_branch_labels.py
[2025-05-02T19:49:25.873+0000] {processor.py:840} INFO - DAG(s) 'example_branch_labels' retrieved from /home/airflow/.local/lib/python3.12/site-packages/airflow/example_dags/example_branch_labels.py
[2025-05-02T19:49:25.922+0000] {logging_mixin.py:188} INFO - [2025-05-02T19:49:25.921+0000] {dag.py:3096} INFO - Sync 1 DAGs
[2025-05-02T19:49:25.971+0000] {logging_mixin.py:188} INFO - [2025-05-02T19:49:25.970+0000] {dag.py:3954} INFO - Setting next_dagrun for example_branch_labels to 2025-05-01 00:00:00+00:00, run_after=2025-05-02 00:00:00+00:00
[2025-05-02T19:49:26.016+0000] {processor.py:183} INFO - Processing /home/airflow/.local/lib/python3.12/site-packages/airflow/example_dags/example_branch_labels.py took 0.195 seconds
[2025-05-02T19:50:03.609+0000] {processor.py:161} INFO - Started process (PID=2427) to work on /home/airflow/.local/lib/python3.12/site-packages/airflow/example_dags/example_branch_labels.py
[2025-05-02T19:50:03.618+0000] {processor.py:830} INFO - Processing file /home/airflow/.local/lib/python3.12/site-packages/airflow/example_dags/example_branch_labels.py for tasks to queue
[2025-05-02T19:50:03.622+0000] {logging_mixin.py:188} INFO - [2025-05-02T19:50:03.621+0000] {dagbag.py:540} INFO - Filling up the DagBag from /home/airflow/.local/lib/python3.12/site-packages/airflow/example_dags/example_branch_labels.py
[2025-05-02T19:50:03.682+0000] {processor.py:840} INFO - DAG(s) 'example_branch_labels' retrieved from /home/airflow/.local/lib/python3.12/site-packages/airflow/example_dags/example_branch_labels.py
[2025-05-02T19:50:03.831+0000] {logging_mixin.py:188} INFO - [2025-05-02T19:50:03.831+0000] {dag.py:3096} INFO - Sync 1 DAGs
[2025-05-02T19:50:04.241+0000] {logging_mixin.py:188} INFO - [2025-05-02T19:50:04.240+0000] {dag.py:3954} INFO - Setting next_dagrun for example_branch_labels to 2025-05-01 00:00:00+00:00, run_after=2025-05-02 00:00:00+00:00
[2025-05-02T19:50:04.276+0000] {processor.py:183} INFO - Processing /home/airflow/.local/lib/python3.12/site-packages/airflow/example_dags/example_branch_labels.py took 0.691 seconds
[2025-05-02T19:50:35.708+0000] {processor.py:161} INFO - Started process (PID=2519) to work on /home/airflow/.local/lib/python3.12/site-packages/airflow/example_dags/example_branch_labels.py
[2025-05-02T19:50:35.710+0000] {processor.py:830} INFO - Processing file /home/airflow/.local/lib/python3.12/site-packages/airflow/example_dags/example_branch_labels.py for tasks to queue
[2025-05-02T19:50:35.714+0000] {logging_mixin.py:188} INFO - [2025-05-02T19:50:35.713+0000] {dagbag.py:540} INFO - Filling up the DagBag from /home/airflow/.local/lib/python3.12/site-packages/airflow/example_dags/example_branch_labels.py
[2025-05-02T19:50:35.747+0000] {processor.py:840} INFO - DAG(s) 'example_branch_labels' retrieved from /home/airflow/.local/lib/python3.12/site-packages/airflow/example_dags/example_branch_labels.py
[2025-05-02T19:50:35.906+0000] {logging_mixin.py:188} INFO - [2025-05-02T19:50:35.903+0000] {dag.py:3096} INFO - Sync 1 DAGs
[2025-05-02T19:50:36.039+0000] {logging_mixin.py:188} INFO - [2025-05-02T19:50:36.039+0000] {dag.py:3954} INFO - Setting next_dagrun for example_branch_labels to 2025-05-01 00:00:00+00:00, run_after=2025-05-02 00:00:00+00:00
[2025-05-02T19:50:36.108+0000] {processor.py:183} INFO - Processing /home/airflow/.local/lib/python3.12/site-packages/airflow/example_dags/example_branch_labels.py took 0.417 seconds
[2025-05-02T19:51:13.457+0000] {processor.py:161} INFO - Started process (PID=2633) to work on /home/airflow/.local/lib/python3.12/site-packages/airflow/example_dags/example_branch_labels.py
[2025-05-02T19:51:13.470+0000] {processor.py:830} INFO - Processing file /home/airflow/.local/lib/python3.12/site-packages/airflow/example_dags/example_branch_labels.py for tasks to queue
[2025-05-02T19:51:13.474+0000] {logging_mixin.py:188} INFO - [2025-05-02T19:51:13.473+0000] {dagbag.py:540} INFO - Filling up the DagBag from /home/airflow/.local/lib/python3.12/site-packages/airflow/example_dags/example_branch_labels.py
[2025-05-02T19:51:13.508+0000] {processor.py:840} INFO - DAG(s) 'example_branch_labels' retrieved from /home/airflow/.local/lib/python3.12/site-packages/airflow/example_dags/example_branch_labels.py
[2025-05-02T19:51:13.614+0000] {logging_mixin.py:188} INFO - [2025-05-02T19:51:13.613+0000] {dag.py:3096} INFO - Sync 1 DAGs
[2025-05-02T19:51:13.713+0000] {logging_mixin.py:188} INFO - [2025-05-02T19:51:13.712+0000] {dag.py:3954} INFO - Setting next_dagrun for example_branch_labels to 2025-05-01 00:00:00+00:00, run_after=2025-05-02 00:00:00+00:00
[2025-05-02T19:51:13.780+0000] {processor.py:183} INFO - Processing /home/airflow/.local/lib/python3.12/site-packages/airflow/example_dags/example_branch_labels.py took 0.361 seconds
[2025-05-02T19:51:49.711+0000] {processor.py:161} INFO - Started process (PID=2740) to work on /home/airflow/.local/lib/python3.12/site-packages/airflow/example_dags/example_branch_labels.py
[2025-05-02T19:51:49.713+0000] {processor.py:830} INFO - Processing file /home/airflow/.local/lib/python3.12/site-packages/airflow/example_dags/example_branch_labels.py for tasks to queue
[2025-05-02T19:51:49.716+0000] {logging_mixin.py:188} INFO - [2025-05-02T19:51:49.716+0000] {dagbag.py:540} INFO - Filling up the DagBag from /home/airflow/.local/lib/python3.12/site-packages/airflow/example_dags/example_branch_labels.py
[2025-05-02T19:51:49.743+0000] {processor.py:840} INFO - DAG(s) 'example_branch_labels' retrieved from /home/airflow/.local/lib/python3.12/site-packages/airflow/example_dags/example_branch_labels.py
[2025-05-02T19:51:49.802+0000] {logging_mixin.py:188} INFO - [2025-05-02T19:51:49.801+0000] {dag.py:3096} INFO - Sync 1 DAGs
[2025-05-02T19:51:50.147+0000] {logging_mixin.py:188} INFO - [2025-05-02T19:51:50.147+0000] {dag.py:3954} INFO - Setting next_dagrun for example_branch_labels to 2025-05-01 00:00:00+00:00, run_after=2025-05-02 00:00:00+00:00
[2025-05-02T19:51:50.206+0000] {processor.py:183} INFO - Processing /home/airflow/.local/lib/python3.12/site-packages/airflow/example_dags/example_branch_labels.py took 0.519 seconds
[2025-05-02T19:52:21.368+0000] {processor.py:161} INFO - Started process (PID=2827) to work on /home/airflow/.local/lib/python3.12/site-packages/airflow/example_dags/example_branch_labels.py
[2025-05-02T19:52:21.369+0000] {processor.py:830} INFO - Processing file /home/airflow/.local/lib/python3.12/site-packages/airflow/example_dags/example_branch_labels.py for tasks to queue
[2025-05-02T19:52:21.374+0000] {logging_mixin.py:188} INFO - [2025-05-02T19:52:21.374+0000] {dagbag.py:540} INFO - Filling up the DagBag from /home/airflow/.local/lib/python3.12/site-packages/airflow/example_dags/example_branch_labels.py
[2025-05-02T19:52:21.408+0000] {processor.py:840} INFO - DAG(s) 'example_branch_labels' retrieved from /home/airflow/.local/lib/python3.12/site-packages/airflow/example_dags/example_branch_labels.py
[2025-05-02T19:52:21.586+0000] {logging_mixin.py:188} INFO - [2025-05-02T19:52:21.586+0000] {dag.py:3096} INFO - Sync 1 DAGs
[2025-05-02T19:52:21.743+0000] {logging_mixin.py:188} INFO - [2025-05-02T19:52:21.743+0000] {dag.py:3954} INFO - Setting next_dagrun for example_branch_labels to 2025-05-01 00:00:00+00:00, run_after=2025-05-02 00:00:00+00:00
[2025-05-02T19:52:21.849+0000] {processor.py:183} INFO - Processing /home/airflow/.local/lib/python3.12/site-packages/airflow/example_dags/example_branch_labels.py took 0.496 seconds
[2025-05-02T19:52:52.339+0000] {processor.py:161} INFO - Started process (PID=2919) to work on /home/airflow/.local/lib/python3.12/site-packages/airflow/example_dags/example_branch_labels.py
[2025-05-02T19:52:52.346+0000] {processor.py:830} INFO - Processing file /home/airflow/.local/lib/python3.12/site-packages/airflow/example_dags/example_branch_labels.py for tasks to queue
[2025-05-02T19:52:52.350+0000] {logging_mixin.py:188} INFO - [2025-05-02T19:52:52.349+0000] {dagbag.py:540} INFO - Filling up the DagBag from /home/airflow/.local/lib/python3.12/site-packages/airflow/example_dags/example_branch_labels.py
[2025-05-02T19:52:52.365+0000] {processor.py:840} INFO - DAG(s) 'example_branch_labels' retrieved from /home/airflow/.local/lib/python3.12/site-packages/airflow/example_dags/example_branch_labels.py
[2025-05-02T19:52:52.416+0000] {logging_mixin.py:188} INFO - [2025-05-02T19:52:52.415+0000] {dag.py:3096} INFO - Sync 1 DAGs
[2025-05-02T19:52:52.467+0000] {logging_mixin.py:188} INFO - [2025-05-02T19:52:52.467+0000] {dag.py:3954} INFO - Setting next_dagrun for example_branch_labels to 2025-05-01 00:00:00+00:00, run_after=2025-05-02 00:00:00+00:00
[2025-05-02T19:52:52.549+0000] {processor.py:183} INFO - Processing /home/airflow/.local/lib/python3.12/site-packages/airflow/example_dags/example_branch_labels.py took 0.223 seconds
[2025-05-02T19:53:24.279+0000] {processor.py:161} INFO - Started process (PID=3028) to work on /home/airflow/.local/lib/python3.12/site-packages/airflow/example_dags/example_branch_labels.py
[2025-05-02T19:53:24.280+0000] {processor.py:830} INFO - Processing file /home/airflow/.local/lib/python3.12/site-packages/airflow/example_dags/example_branch_labels.py for tasks to queue
[2025-05-02T19:53:24.282+0000] {logging_mixin.py:188} INFO - [2025-05-02T19:53:24.282+0000] {dagbag.py:540} INFO - Filling up the DagBag from /home/airflow/.local/lib/python3.12/site-packages/airflow/example_dags/example_branch_labels.py
[2025-05-02T19:53:24.292+0000] {processor.py:840} INFO - DAG(s) 'example_branch_labels' retrieved from /home/airflow/.local/lib/python3.12/site-packages/airflow/example_dags/example_branch_labels.py
[2025-05-02T19:53:24.321+0000] {logging_mixin.py:188} INFO - [2025-05-02T19:53:24.321+0000] {dag.py:3096} INFO - Sync 1 DAGs
[2025-05-02T19:53:24.358+0000] {logging_mixin.py:188} INFO - [2025-05-02T19:53:24.357+0000] {dag.py:3954} INFO - Setting next_dagrun for example_branch_labels to 2025-05-01 00:00:00+00:00, run_after=2025-05-02 00:00:00+00:00
[2025-05-02T19:53:24.389+0000] {processor.py:183} INFO - Processing /home/airflow/.local/lib/python3.12/site-packages/airflow/example_dags/example_branch_labels.py took 0.118 seconds
[2025-05-02T19:53:58.818+0000] {processor.py:161} INFO - Started process (PID=3132) to work on /home/airflow/.local/lib/python3.12/site-packages/airflow/example_dags/example_branch_labels.py
[2025-05-02T19:53:58.821+0000] {processor.py:830} INFO - Processing file /home/airflow/.local/lib/python3.12/site-packages/airflow/example_dags/example_branch_labels.py for tasks to queue
[2025-05-02T19:53:58.825+0000] {logging_mixin.py:188} INFO - [2025-05-02T19:53:58.824+0000] {dagbag.py:540} INFO - Filling up the DagBag from /home/airflow/.local/lib/python3.12/site-packages/airflow/example_dags/example_branch_labels.py
[2025-05-02T19:53:58.847+0000] {processor.py:840} INFO - DAG(s) 'example_branch_labels' retrieved from /home/airflow/.local/lib/python3.12/site-packages/airflow/example_dags/example_branch_labels.py
[2025-05-02T19:53:58.898+0000] {logging_mixin.py:188} INFO - [2025-05-02T19:53:58.898+0000] {dag.py:3096} INFO - Sync 1 DAGs
[2025-05-02T19:53:58.944+0000] {logging_mixin.py:188} INFO - [2025-05-02T19:53:58.944+0000] {dag.py:3954} INFO - Setting next_dagrun for example_branch_labels to 2025-05-01 00:00:00+00:00, run_after=2025-05-02 00:00:00+00:00
[2025-05-02T19:53:59.001+0000] {processor.py:183} INFO - Processing /home/airflow/.local/lib/python3.12/site-packages/airflow/example_dags/example_branch_labels.py took 0.198 seconds
[2025-05-02T19:54:33.151+0000] {processor.py:161} INFO - Started process (PID=3237) to work on /home/airflow/.local/lib/python3.12/site-packages/airflow/example_dags/example_branch_labels.py
[2025-05-02T19:54:33.163+0000] {processor.py:830} INFO - Processing file /home/airflow/.local/lib/python3.12/site-packages/airflow/example_dags/example_branch_labels.py for tasks to queue
[2025-05-02T19:54:33.166+0000] {logging_mixin.py:188} INFO - [2025-05-02T19:54:33.166+0000] {dagbag.py:540} INFO - Filling up the DagBag from /home/airflow/.local/lib/python3.12/site-packages/airflow/example_dags/example_branch_labels.py
[2025-05-02T19:54:33.192+0000] {processor.py:840} INFO - DAG(s) 'example_branch_labels' retrieved from /home/airflow/.local/lib/python3.12/site-packages/airflow/example_dags/example_branch_labels.py
[2025-05-02T19:54:33.339+0000] {logging_mixin.py:188} INFO - [2025-05-02T19:54:33.339+0000] {dag.py:3096} INFO - Sync 1 DAGs
[2025-05-02T19:54:33.433+0000] {logging_mixin.py:188} INFO - [2025-05-02T19:54:33.432+0000] {dag.py:3954} INFO - Setting next_dagrun for example_branch_labels to 2025-05-01 00:00:00+00:00, run_after=2025-05-02 00:00:00+00:00
[2025-05-02T19:54:33.555+0000] {processor.py:183} INFO - Processing /home/airflow/.local/lib/python3.12/site-packages/airflow/example_dags/example_branch_labels.py took 0.416 seconds
[2025-05-02T19:55:08.911+0000] {processor.py:161} INFO - Started process (PID=3336) to work on /home/airflow/.local/lib/python3.12/site-packages/airflow/example_dags/example_branch_labels.py
[2025-05-02T19:55:08.912+0000] {processor.py:830} INFO - Processing file /home/airflow/.local/lib/python3.12/site-packages/airflow/example_dags/example_branch_labels.py for tasks to queue
[2025-05-02T19:55:08.917+0000] {logging_mixin.py:188} INFO - [2025-05-02T19:55:08.916+0000] {dagbag.py:540} INFO - Filling up the DagBag from /home/airflow/.local/lib/python3.12/site-packages/airflow/example_dags/example_branch_labels.py
[2025-05-02T19:55:08.970+0000] {processor.py:840} INFO - DAG(s) 'example_branch_labels' retrieved from /home/airflow/.local/lib/python3.12/site-packages/airflow/example_dags/example_branch_labels.py
[2025-05-02T19:55:09.084+0000] {logging_mixin.py:188} INFO - [2025-05-02T19:55:09.084+0000] {dag.py:3096} INFO - Sync 1 DAGs
[2025-05-02T19:55:09.146+0000] {logging_mixin.py:188} INFO - [2025-05-02T19:55:09.145+0000] {dag.py:3954} INFO - Setting next_dagrun for example_branch_labels to 2025-05-01 00:00:00+00:00, run_after=2025-05-02 00:00:00+00:00
[2025-05-02T19:55:09.214+0000] {processor.py:183} INFO - Processing /home/airflow/.local/lib/python3.12/site-packages/airflow/example_dags/example_branch_labels.py took 0.346 seconds
[2025-05-02T19:55:43.680+0000] {processor.py:161} INFO - Started process (PID=3440) to work on /home/airflow/.local/lib/python3.12/site-packages/airflow/example_dags/example_branch_labels.py
[2025-05-02T19:55:43.685+0000] {processor.py:830} INFO - Processing file /home/airflow/.local/lib/python3.12/site-packages/airflow/example_dags/example_branch_labels.py for tasks to queue
[2025-05-02T19:55:43.689+0000] {logging_mixin.py:188} INFO - [2025-05-02T19:55:43.688+0000] {dagbag.py:540} INFO - Filling up the DagBag from /home/airflow/.local/lib/python3.12/site-packages/airflow/example_dags/example_branch_labels.py
[2025-05-02T19:55:43.708+0000] {processor.py:840} INFO - DAG(s) 'example_branch_labels' retrieved from /home/airflow/.local/lib/python3.12/site-packages/airflow/example_dags/example_branch_labels.py
[2025-05-02T19:55:43.811+0000] {logging_mixin.py:188} INFO - [2025-05-02T19:55:43.811+0000] {dag.py:3096} INFO - Sync 1 DAGs
[2025-05-02T19:55:43.952+0000] {logging_mixin.py:188} INFO - [2025-05-02T19:55:43.952+0000] {dag.py:3954} INFO - Setting next_dagrun for example_branch_labels to 2025-05-01 00:00:00+00:00, run_after=2025-05-02 00:00:00+00:00
[2025-05-02T19:55:44.001+0000] {processor.py:183} INFO - Processing /home/airflow/.local/lib/python3.12/site-packages/airflow/example_dags/example_branch_labels.py took 0.333 seconds
[2025-05-02T19:56:16.028+0000] {processor.py:161} INFO - Started process (PID=3545) to work on /home/airflow/.local/lib/python3.12/site-packages/airflow/example_dags/example_branch_labels.py
[2025-05-02T19:56:16.030+0000] {processor.py:830} INFO - Processing file /home/airflow/.local/lib/python3.12/site-packages/airflow/example_dags/example_branch_labels.py for tasks to queue
[2025-05-02T19:56:16.033+0000] {logging_mixin.py:188} INFO - [2025-05-02T19:56:16.033+0000] {dagbag.py:540} INFO - Filling up the DagBag from /home/airflow/.local/lib/python3.12/site-packages/airflow/example_dags/example_branch_labels.py
[2025-05-02T19:56:16.049+0000] {processor.py:840} INFO - DAG(s) 'example_branch_labels' retrieved from /home/airflow/.local/lib/python3.12/site-packages/airflow/example_dags/example_branch_labels.py
[2025-05-02T19:56:16.092+0000] {logging_mixin.py:188} INFO - [2025-05-02T19:56:16.092+0000] {dag.py:3096} INFO - Sync 1 DAGs
[2025-05-02T19:56:16.197+0000] {logging_mixin.py:188} INFO - [2025-05-02T19:56:16.197+0000] {dag.py:3954} INFO - Setting next_dagrun for example_branch_labels to 2025-05-01 00:00:00+00:00, run_after=2025-05-02 00:00:00+00:00
[2025-05-02T19:56:16.237+0000] {processor.py:183} INFO - Processing /home/airflow/.local/lib/python3.12/site-packages/airflow/example_dags/example_branch_labels.py took 0.220 seconds
[2025-05-02T19:56:52.269+0000] {processor.py:161} INFO - Started process (PID=3652) to work on /home/airflow/.local/lib/python3.12/site-packages/airflow/example_dags/example_branch_labels.py
[2025-05-02T19:56:52.274+0000] {processor.py:830} INFO - Processing file /home/airflow/.local/lib/python3.12/site-packages/airflow/example_dags/example_branch_labels.py for tasks to queue
[2025-05-02T19:56:52.278+0000] {logging_mixin.py:188} INFO - [2025-05-02T19:56:52.277+0000] {dagbag.py:540} INFO - Filling up the DagBag from /home/airflow/.local/lib/python3.12/site-packages/airflow/example_dags/example_branch_labels.py
[2025-05-02T19:56:52.305+0000] {processor.py:840} INFO - DAG(s) 'example_branch_labels' retrieved from /home/airflow/.local/lib/python3.12/site-packages/airflow/example_dags/example_branch_labels.py
[2025-05-02T19:56:52.386+0000] {logging_mixin.py:188} INFO - [2025-05-02T19:56:52.386+0000] {dag.py:3096} INFO - Sync 1 DAGs
[2025-05-02T19:56:52.441+0000] {logging_mixin.py:188} INFO - [2025-05-02T19:56:52.441+0000] {dag.py:3954} INFO - Setting next_dagrun for example_branch_labels to 2025-05-01 00:00:00+00:00, run_after=2025-05-02 00:00:00+00:00
[2025-05-02T19:56:52.524+0000] {processor.py:183} INFO - Processing /home/airflow/.local/lib/python3.12/site-packages/airflow/example_dags/example_branch_labels.py took 0.272 seconds
[2025-05-02T19:57:26.084+0000] {processor.py:161} INFO - Started process (PID=3757) to work on /home/airflow/.local/lib/python3.12/site-packages/airflow/example_dags/example_branch_labels.py
[2025-05-02T19:57:26.085+0000] {processor.py:830} INFO - Processing file /home/airflow/.local/lib/python3.12/site-packages/airflow/example_dags/example_branch_labels.py for tasks to queue
[2025-05-02T19:57:26.089+0000] {logging_mixin.py:188} INFO - [2025-05-02T19:57:26.088+0000] {dagbag.py:540} INFO - Filling up the DagBag from /home/airflow/.local/lib/python3.12/site-packages/airflow/example_dags/example_branch_labels.py
[2025-05-02T19:57:26.116+0000] {processor.py:840} INFO - DAG(s) 'example_branch_labels' retrieved from /home/airflow/.local/lib/python3.12/site-packages/airflow/example_dags/example_branch_labels.py
[2025-05-02T19:57:26.228+0000] {logging_mixin.py:188} INFO - [2025-05-02T19:57:26.227+0000] {dag.py:3096} INFO - Sync 1 DAGs
[2025-05-02T19:57:26.305+0000] {logging_mixin.py:188} INFO - [2025-05-02T19:57:26.295+0000] {dag.py:3954} INFO - Setting next_dagrun for example_branch_labels to 2025-05-01 00:00:00+00:00, run_after=2025-05-02 00:00:00+00:00
[2025-05-02T19:57:26.361+0000] {processor.py:183} INFO - Processing /home/airflow/.local/lib/python3.12/site-packages/airflow/example_dags/example_branch_labels.py took 0.292 seconds
[2025-05-02T19:58:01.403+0000] {processor.py:161} INFO - Started process (PID=3868) to work on /home/airflow/.local/lib/python3.12/site-packages/airflow/example_dags/example_branch_labels.py
[2025-05-02T19:58:01.405+0000] {processor.py:830} INFO - Processing file /home/airflow/.local/lib/python3.12/site-packages/airflow/example_dags/example_branch_labels.py for tasks to queue
[2025-05-02T19:58:01.408+0000] {logging_mixin.py:188} INFO - [2025-05-02T19:58:01.407+0000] {dagbag.py:540} INFO - Filling up the DagBag from /home/airflow/.local/lib/python3.12/site-packages/airflow/example_dags/example_branch_labels.py
[2025-05-02T19:58:01.433+0000] {processor.py:840} INFO - DAG(s) 'example_branch_labels' retrieved from /home/airflow/.local/lib/python3.12/site-packages/airflow/example_dags/example_branch_labels.py
[2025-05-02T19:58:01.517+0000] {logging_mixin.py:188} INFO - [2025-05-02T19:58:01.514+0000] {dag.py:3096} INFO - Sync 1 DAGs
[2025-05-02T19:58:01.579+0000] {logging_mixin.py:188} INFO - [2025-05-02T19:58:01.578+0000] {dag.py:3954} INFO - Setting next_dagrun for example_branch_labels to 2025-05-01 00:00:00+00:00, run_after=2025-05-02 00:00:00+00:00
[2025-05-02T19:58:01.649+0000] {processor.py:183} INFO - Processing /home/airflow/.local/lib/python3.12/site-packages/airflow/example_dags/example_branch_labels.py took 0.258 seconds
