[2025-05-02T19:33:07.245+0000] {processor.py:161} INFO - Started process (PID=80) to work on /home/airflow/.local/lib/python3.12/site-packages/airflow/example_dags/example_local_kubernetes_executor.py
[2025-05-02T19:33:07.246+0000] {processor.py:830} INFO - Processing file /home/airflow/.local/lib/python3.12/site-packages/airflow/example_dags/example_local_kubernetes_executor.py for tasks to queue
[2025-05-02T19:33:07.251+0000] {logging_mixin.py:188} INFO - [2025-05-02T19:33:07.250+0000] {dagbag.py:540} INFO - Filling up the DagBag from /home/airflow/.local/lib/python3.12/site-packages/airflow/example_dags/example_local_kubernetes_executor.py
[2025-05-02T19:33:07.266+0000] {processor.py:840} INFO - DAG(s) 'example_local_kubernetes_executor' retrieved from /home/airflow/.local/lib/python3.12/site-packages/airflow/example_dags/example_local_kubernetes_executor.py
[2025-05-02T19:33:07.287+0000] {logging_mixin.py:188} INFO - [2025-05-02T19:33:07.287+0000] {dag.py:3096} INFO - Sync 1 DAGs
[2025-05-02T19:33:07.312+0000] {logging_mixin.py:188} INFO - [2025-05-02T19:33:07.311+0000] {dag.py:3954} INFO - Setting next_dagrun for example_local_kubernetes_executor to None, run_after=None
[2025-05-02T19:33:07.339+0000] {processor.py:183} INFO - Processing /home/airflow/.local/lib/python3.12/site-packages/airflow/example_dags/example_local_kubernetes_executor.py took 0.107 seconds
[2025-05-02T19:33:37.642+0000] {processor.py:161} INFO - Started process (PID=132) to work on /home/airflow/.local/lib/python3.12/site-packages/airflow/example_dags/example_local_kubernetes_executor.py
[2025-05-02T19:33:37.643+0000] {processor.py:830} INFO - Processing file /home/airflow/.local/lib/python3.12/site-packages/airflow/example_dags/example_local_kubernetes_executor.py for tasks to queue
[2025-05-02T19:33:37.644+0000] {logging_mixin.py:188} INFO - [2025-05-02T19:33:37.644+0000] {dagbag.py:540} INFO - Filling up the DagBag from /home/airflow/.local/lib/python3.12/site-packages/airflow/example_dags/example_local_kubernetes_executor.py
[2025-05-02T19:33:37.650+0000] {processor.py:840} INFO - DAG(s) 'example_local_kubernetes_executor' retrieved from /home/airflow/.local/lib/python3.12/site-packages/airflow/example_dags/example_local_kubernetes_executor.py
[2025-05-02T19:33:37.772+0000] {logging_mixin.py:188} INFO - [2025-05-02T19:33:37.772+0000] {dag.py:3096} INFO - Sync 1 DAGs
[2025-05-02T19:33:37.781+0000] {logging_mixin.py:188} INFO - [2025-05-02T19:33:37.781+0000] {dag.py:3954} INFO - Setting next_dagrun for example_local_kubernetes_executor to None, run_after=None
[2025-05-02T19:33:37.798+0000] {processor.py:183} INFO - Processing /home/airflow/.local/lib/python3.12/site-packages/airflow/example_dags/example_local_kubernetes_executor.py took 0.161 seconds
[2025-05-02T19:34:07.857+0000] {processor.py:161} INFO - Started process (PID=190) to work on /home/airflow/.local/lib/python3.12/site-packages/airflow/example_dags/example_local_kubernetes_executor.py
[2025-05-02T19:34:07.858+0000] {processor.py:830} INFO - Processing file /home/airflow/.local/lib/python3.12/site-packages/airflow/example_dags/example_local_kubernetes_executor.py for tasks to queue
[2025-05-02T19:34:07.859+0000] {logging_mixin.py:188} INFO - [2025-05-02T19:34:07.859+0000] {dagbag.py:540} INFO - Filling up the DagBag from /home/airflow/.local/lib/python3.12/site-packages/airflow/example_dags/example_local_kubernetes_executor.py
[2025-05-02T19:34:07.866+0000] {processor.py:840} INFO - DAG(s) 'example_local_kubernetes_executor' retrieved from /home/airflow/.local/lib/python3.12/site-packages/airflow/example_dags/example_local_kubernetes_executor.py
[2025-05-02T19:34:07.894+0000] {logging_mixin.py:188} INFO - [2025-05-02T19:34:07.894+0000] {dag.py:3096} INFO - Sync 1 DAGs
[2025-05-02T19:34:07.905+0000] {logging_mixin.py:188} INFO - [2025-05-02T19:34:07.905+0000] {dag.py:3954} INFO - Setting next_dagrun for example_local_kubernetes_executor to None, run_after=None
[2025-05-02T19:34:07.918+0000] {processor.py:183} INFO - Processing /home/airflow/.local/lib/python3.12/site-packages/airflow/example_dags/example_local_kubernetes_executor.py took 0.065 seconds
[2025-05-02T19:34:39.301+0000] {processor.py:161} INFO - Started process (PID=248) to work on /home/airflow/.local/lib/python3.12/site-packages/airflow/example_dags/example_local_kubernetes_executor.py
[2025-05-02T19:34:39.302+0000] {processor.py:830} INFO - Processing file /home/airflow/.local/lib/python3.12/site-packages/airflow/example_dags/example_local_kubernetes_executor.py for tasks to queue
[2025-05-02T19:34:39.304+0000] {logging_mixin.py:188} INFO - [2025-05-02T19:34:39.303+0000] {dagbag.py:540} INFO - Filling up the DagBag from /home/airflow/.local/lib/python3.12/site-packages/airflow/example_dags/example_local_kubernetes_executor.py
[2025-05-02T19:34:39.311+0000] {processor.py:840} INFO - DAG(s) 'example_local_kubernetes_executor' retrieved from /home/airflow/.local/lib/python3.12/site-packages/airflow/example_dags/example_local_kubernetes_executor.py
[2025-05-02T19:34:39.345+0000] {logging_mixin.py:188} INFO - [2025-05-02T19:34:39.345+0000] {dag.py:3096} INFO - Sync 1 DAGs
[2025-05-02T19:34:39.358+0000] {logging_mixin.py:188} INFO - [2025-05-02T19:34:39.358+0000] {dag.py:3954} INFO - Setting next_dagrun for example_local_kubernetes_executor to None, run_after=None
[2025-05-02T19:34:39.381+0000] {processor.py:183} INFO - Processing /home/airflow/.local/lib/python3.12/site-packages/airflow/example_dags/example_local_kubernetes_executor.py took 0.084 seconds
[2025-05-02T19:35:09.958+0000] {processor.py:161} INFO - Started process (PID=306) to work on /home/airflow/.local/lib/python3.12/site-packages/airflow/example_dags/example_local_kubernetes_executor.py
[2025-05-02T19:35:09.958+0000] {processor.py:830} INFO - Processing file /home/airflow/.local/lib/python3.12/site-packages/airflow/example_dags/example_local_kubernetes_executor.py for tasks to queue
[2025-05-02T19:35:09.960+0000] {logging_mixin.py:188} INFO - [2025-05-02T19:35:09.959+0000] {dagbag.py:540} INFO - Filling up the DagBag from /home/airflow/.local/lib/python3.12/site-packages/airflow/example_dags/example_local_kubernetes_executor.py
[2025-05-02T19:35:09.966+0000] {processor.py:840} INFO - DAG(s) 'example_local_kubernetes_executor' retrieved from /home/airflow/.local/lib/python3.12/site-packages/airflow/example_dags/example_local_kubernetes_executor.py
[2025-05-02T19:35:09.993+0000] {logging_mixin.py:188} INFO - [2025-05-02T19:35:09.993+0000] {dag.py:3096} INFO - Sync 1 DAGs
[2025-05-02T19:35:10.004+0000] {logging_mixin.py:188} INFO - [2025-05-02T19:35:10.004+0000] {dag.py:3954} INFO - Setting next_dagrun for example_local_kubernetes_executor to None, run_after=None
[2025-05-02T19:35:10.019+0000] {processor.py:183} INFO - Processing /home/airflow/.local/lib/python3.12/site-packages/airflow/example_dags/example_local_kubernetes_executor.py took 0.066 seconds
[2025-05-02T19:35:40.350+0000] {processor.py:161} INFO - Started process (PID=364) to work on /home/airflow/.local/lib/python3.12/site-packages/airflow/example_dags/example_local_kubernetes_executor.py
[2025-05-02T19:35:40.351+0000] {processor.py:830} INFO - Processing file /home/airflow/.local/lib/python3.12/site-packages/airflow/example_dags/example_local_kubernetes_executor.py for tasks to queue
[2025-05-02T19:35:40.352+0000] {logging_mixin.py:188} INFO - [2025-05-02T19:35:40.352+0000] {dagbag.py:540} INFO - Filling up the DagBag from /home/airflow/.local/lib/python3.12/site-packages/airflow/example_dags/example_local_kubernetes_executor.py
[2025-05-02T19:35:40.359+0000] {processor.py:840} INFO - DAG(s) 'example_local_kubernetes_executor' retrieved from /home/airflow/.local/lib/python3.12/site-packages/airflow/example_dags/example_local_kubernetes_executor.py
[2025-05-02T19:35:40.385+0000] {logging_mixin.py:188} INFO - [2025-05-02T19:35:40.384+0000] {dag.py:3096} INFO - Sync 1 DAGs
[2025-05-02T19:35:40.396+0000] {logging_mixin.py:188} INFO - [2025-05-02T19:35:40.396+0000] {dag.py:3954} INFO - Setting next_dagrun for example_local_kubernetes_executor to None, run_after=None
[2025-05-02T19:35:40.410+0000] {processor.py:183} INFO - Processing /home/airflow/.local/lib/python3.12/site-packages/airflow/example_dags/example_local_kubernetes_executor.py took 0.065 seconds
[2025-05-02T19:36:10.842+0000] {processor.py:161} INFO - Started process (PID=422) to work on /home/airflow/.local/lib/python3.12/site-packages/airflow/example_dags/example_local_kubernetes_executor.py
[2025-05-02T19:36:10.843+0000] {processor.py:830} INFO - Processing file /home/airflow/.local/lib/python3.12/site-packages/airflow/example_dags/example_local_kubernetes_executor.py for tasks to queue
[2025-05-02T19:36:10.845+0000] {logging_mixin.py:188} INFO - [2025-05-02T19:36:10.845+0000] {dagbag.py:540} INFO - Filling up the DagBag from /home/airflow/.local/lib/python3.12/site-packages/airflow/example_dags/example_local_kubernetes_executor.py
[2025-05-02T19:36:10.852+0000] {processor.py:840} INFO - DAG(s) 'example_local_kubernetes_executor' retrieved from /home/airflow/.local/lib/python3.12/site-packages/airflow/example_dags/example_local_kubernetes_executor.py
[2025-05-02T19:36:10.877+0000] {logging_mixin.py:188} INFO - [2025-05-02T19:36:10.877+0000] {dag.py:3096} INFO - Sync 1 DAGs
[2025-05-02T19:36:10.886+0000] {logging_mixin.py:188} INFO - [2025-05-02T19:36:10.886+0000] {dag.py:3954} INFO - Setting next_dagrun for example_local_kubernetes_executor to None, run_after=None
[2025-05-02T19:36:10.902+0000] {processor.py:183} INFO - Processing /home/airflow/.local/lib/python3.12/site-packages/airflow/example_dags/example_local_kubernetes_executor.py took 0.066 seconds
[2025-05-02T19:36:41.373+0000] {processor.py:161} INFO - Started process (PID=480) to work on /home/airflow/.local/lib/python3.12/site-packages/airflow/example_dags/example_local_kubernetes_executor.py
[2025-05-02T19:36:41.373+0000] {processor.py:830} INFO - Processing file /home/airflow/.local/lib/python3.12/site-packages/airflow/example_dags/example_local_kubernetes_executor.py for tasks to queue
[2025-05-02T19:36:41.375+0000] {logging_mixin.py:188} INFO - [2025-05-02T19:36:41.375+0000] {dagbag.py:540} INFO - Filling up the DagBag from /home/airflow/.local/lib/python3.12/site-packages/airflow/example_dags/example_local_kubernetes_executor.py
[2025-05-02T19:36:41.381+0000] {processor.py:840} INFO - DAG(s) 'example_local_kubernetes_executor' retrieved from /home/airflow/.local/lib/python3.12/site-packages/airflow/example_dags/example_local_kubernetes_executor.py
[2025-05-02T19:36:41.407+0000] {logging_mixin.py:188} INFO - [2025-05-02T19:36:41.407+0000] {dag.py:3096} INFO - Sync 1 DAGs
[2025-05-02T19:36:41.417+0000] {logging_mixin.py:188} INFO - [2025-05-02T19:36:41.417+0000] {dag.py:3954} INFO - Setting next_dagrun for example_local_kubernetes_executor to None, run_after=None
[2025-05-02T19:36:41.434+0000] {processor.py:183} INFO - Processing /home/airflow/.local/lib/python3.12/site-packages/airflow/example_dags/example_local_kubernetes_executor.py took 0.067 seconds
[2025-05-02T19:37:11.596+0000] {processor.py:161} INFO - Started process (PID=538) to work on /home/airflow/.local/lib/python3.12/site-packages/airflow/example_dags/example_local_kubernetes_executor.py
[2025-05-02T19:37:11.598+0000] {processor.py:830} INFO - Processing file /home/airflow/.local/lib/python3.12/site-packages/airflow/example_dags/example_local_kubernetes_executor.py for tasks to queue
[2025-05-02T19:37:11.600+0000] {logging_mixin.py:188} INFO - [2025-05-02T19:37:11.599+0000] {dagbag.py:540} INFO - Filling up the DagBag from /home/airflow/.local/lib/python3.12/site-packages/airflow/example_dags/example_local_kubernetes_executor.py
[2025-05-02T19:37:11.607+0000] {processor.py:840} INFO - DAG(s) 'example_local_kubernetes_executor' retrieved from /home/airflow/.local/lib/python3.12/site-packages/airflow/example_dags/example_local_kubernetes_executor.py
[2025-05-02T19:37:11.632+0000] {logging_mixin.py:188} INFO - [2025-05-02T19:37:11.631+0000] {dag.py:3096} INFO - Sync 1 DAGs
[2025-05-02T19:37:11.640+0000] {logging_mixin.py:188} INFO - [2025-05-02T19:37:11.640+0000] {dag.py:3954} INFO - Setting next_dagrun for example_local_kubernetes_executor to None, run_after=None
[2025-05-02T19:37:11.653+0000] {processor.py:183} INFO - Processing /home/airflow/.local/lib/python3.12/site-packages/airflow/example_dags/example_local_kubernetes_executor.py took 0.062 seconds
[2025-05-02T19:37:42.184+0000] {processor.py:161} INFO - Started process (PID=596) to work on /home/airflow/.local/lib/python3.12/site-packages/airflow/example_dags/example_local_kubernetes_executor.py
[2025-05-02T19:37:42.185+0000] {processor.py:830} INFO - Processing file /home/airflow/.local/lib/python3.12/site-packages/airflow/example_dags/example_local_kubernetes_executor.py for tasks to queue
[2025-05-02T19:37:42.187+0000] {logging_mixin.py:188} INFO - [2025-05-02T19:37:42.187+0000] {dagbag.py:540} INFO - Filling up the DagBag from /home/airflow/.local/lib/python3.12/site-packages/airflow/example_dags/example_local_kubernetes_executor.py
[2025-05-02T19:37:42.193+0000] {processor.py:840} INFO - DAG(s) 'example_local_kubernetes_executor' retrieved from /home/airflow/.local/lib/python3.12/site-packages/airflow/example_dags/example_local_kubernetes_executor.py
[2025-05-02T19:37:42.218+0000] {logging_mixin.py:188} INFO - [2025-05-02T19:37:42.218+0000] {dag.py:3096} INFO - Sync 1 DAGs
[2025-05-02T19:37:42.228+0000] {logging_mixin.py:188} INFO - [2025-05-02T19:37:42.228+0000] {dag.py:3954} INFO - Setting next_dagrun for example_local_kubernetes_executor to None, run_after=None
[2025-05-02T19:37:42.245+0000] {processor.py:183} INFO - Processing /home/airflow/.local/lib/python3.12/site-packages/airflow/example_dags/example_local_kubernetes_executor.py took 0.066 seconds
[2025-05-02T19:38:12.460+0000] {processor.py:161} INFO - Started process (PID=654) to work on /home/airflow/.local/lib/python3.12/site-packages/airflow/example_dags/example_local_kubernetes_executor.py
[2025-05-02T19:38:12.461+0000] {processor.py:830} INFO - Processing file /home/airflow/.local/lib/python3.12/site-packages/airflow/example_dags/example_local_kubernetes_executor.py for tasks to queue
[2025-05-02T19:38:12.462+0000] {logging_mixin.py:188} INFO - [2025-05-02T19:38:12.462+0000] {dagbag.py:540} INFO - Filling up the DagBag from /home/airflow/.local/lib/python3.12/site-packages/airflow/example_dags/example_local_kubernetes_executor.py
[2025-05-02T19:38:12.468+0000] {processor.py:840} INFO - DAG(s) 'example_local_kubernetes_executor' retrieved from /home/airflow/.local/lib/python3.12/site-packages/airflow/example_dags/example_local_kubernetes_executor.py
[2025-05-02T19:38:12.497+0000] {logging_mixin.py:188} INFO - [2025-05-02T19:38:12.497+0000] {dag.py:3096} INFO - Sync 1 DAGs
[2025-05-02T19:38:12.506+0000] {logging_mixin.py:188} INFO - [2025-05-02T19:38:12.506+0000] {dag.py:3954} INFO - Setting next_dagrun for example_local_kubernetes_executor to None, run_after=None
[2025-05-02T19:38:12.519+0000] {processor.py:183} INFO - Processing /home/airflow/.local/lib/python3.12/site-packages/airflow/example_dags/example_local_kubernetes_executor.py took 0.064 seconds
[2025-05-02T19:38:44.947+0000] {processor.py:161} INFO - Started process (PID=712) to work on /home/airflow/.local/lib/python3.12/site-packages/airflow/example_dags/example_local_kubernetes_executor.py
[2025-05-02T19:38:44.948+0000] {processor.py:830} INFO - Processing file /home/airflow/.local/lib/python3.12/site-packages/airflow/example_dags/example_local_kubernetes_executor.py for tasks to queue
[2025-05-02T19:38:44.949+0000] {logging_mixin.py:188} INFO - [2025-05-02T19:38:44.949+0000] {dagbag.py:540} INFO - Filling up the DagBag from /home/airflow/.local/lib/python3.12/site-packages/airflow/example_dags/example_local_kubernetes_executor.py
[2025-05-02T19:38:44.956+0000] {processor.py:840} INFO - DAG(s) 'example_local_kubernetes_executor' retrieved from /home/airflow/.local/lib/python3.12/site-packages/airflow/example_dags/example_local_kubernetes_executor.py
[2025-05-02T19:38:44.983+0000] {logging_mixin.py:188} INFO - [2025-05-02T19:38:44.983+0000] {dag.py:3096} INFO - Sync 1 DAGs
[2025-05-02T19:38:44.992+0000] {logging_mixin.py:188} INFO - [2025-05-02T19:38:44.992+0000] {dag.py:3954} INFO - Setting next_dagrun for example_local_kubernetes_executor to None, run_after=None
[2025-05-02T19:38:45.008+0000] {processor.py:183} INFO - Processing /home/airflow/.local/lib/python3.12/site-packages/airflow/example_dags/example_local_kubernetes_executor.py took 0.065 seconds
[2025-05-02T19:39:18.383+0000] {processor.py:161} INFO - Started process (PID=770) to work on /home/airflow/.local/lib/python3.12/site-packages/airflow/example_dags/example_local_kubernetes_executor.py
[2025-05-02T19:39:18.384+0000] {processor.py:830} INFO - Processing file /home/airflow/.local/lib/python3.12/site-packages/airflow/example_dags/example_local_kubernetes_executor.py for tasks to queue
[2025-05-02T19:39:18.385+0000] {logging_mixin.py:188} INFO - [2025-05-02T19:39:18.385+0000] {dagbag.py:540} INFO - Filling up the DagBag from /home/airflow/.local/lib/python3.12/site-packages/airflow/example_dags/example_local_kubernetes_executor.py
[2025-05-02T19:39:18.392+0000] {processor.py:840} INFO - DAG(s) 'example_local_kubernetes_executor' retrieved from /home/airflow/.local/lib/python3.12/site-packages/airflow/example_dags/example_local_kubernetes_executor.py
[2025-05-02T19:39:18.421+0000] {logging_mixin.py:188} INFO - [2025-05-02T19:39:18.421+0000] {dag.py:3096} INFO - Sync 1 DAGs
[2025-05-02T19:39:18.432+0000] {logging_mixin.py:188} INFO - [2025-05-02T19:39:18.432+0000] {dag.py:3954} INFO - Setting next_dagrun for example_local_kubernetes_executor to None, run_after=None
[2025-05-02T19:39:18.450+0000] {processor.py:183} INFO - Processing /home/airflow/.local/lib/python3.12/site-packages/airflow/example_dags/example_local_kubernetes_executor.py took 0.072 seconds
[2025-05-02T19:39:48.948+0000] {processor.py:161} INFO - Started process (PID=828) to work on /home/airflow/.local/lib/python3.12/site-packages/airflow/example_dags/example_local_kubernetes_executor.py
[2025-05-02T19:39:48.949+0000] {processor.py:830} INFO - Processing file /home/airflow/.local/lib/python3.12/site-packages/airflow/example_dags/example_local_kubernetes_executor.py for tasks to queue
[2025-05-02T19:39:48.950+0000] {logging_mixin.py:188} INFO - [2025-05-02T19:39:48.950+0000] {dagbag.py:540} INFO - Filling up the DagBag from /home/airflow/.local/lib/python3.12/site-packages/airflow/example_dags/example_local_kubernetes_executor.py
[2025-05-02T19:39:48.957+0000] {processor.py:840} INFO - DAG(s) 'example_local_kubernetes_executor' retrieved from /home/airflow/.local/lib/python3.12/site-packages/airflow/example_dags/example_local_kubernetes_executor.py
[2025-05-02T19:39:48.983+0000] {logging_mixin.py:188} INFO - [2025-05-02T19:39:48.982+0000] {dag.py:3096} INFO - Sync 1 DAGs
[2025-05-02T19:39:48.995+0000] {logging_mixin.py:188} INFO - [2025-05-02T19:39:48.995+0000] {dag.py:3954} INFO - Setting next_dagrun for example_local_kubernetes_executor to None, run_after=None
[2025-05-02T19:39:49.014+0000] {processor.py:183} INFO - Processing /home/airflow/.local/lib/python3.12/site-packages/airflow/example_dags/example_local_kubernetes_executor.py took 0.072 seconds
[2025-05-02T19:40:19.722+0000] {processor.py:161} INFO - Started process (PID=886) to work on /home/airflow/.local/lib/python3.12/site-packages/airflow/example_dags/example_local_kubernetes_executor.py
[2025-05-02T19:40:19.723+0000] {processor.py:830} INFO - Processing file /home/airflow/.local/lib/python3.12/site-packages/airflow/example_dags/example_local_kubernetes_executor.py for tasks to queue
[2025-05-02T19:40:19.725+0000] {logging_mixin.py:188} INFO - [2025-05-02T19:40:19.725+0000] {dagbag.py:540} INFO - Filling up the DagBag from /home/airflow/.local/lib/python3.12/site-packages/airflow/example_dags/example_local_kubernetes_executor.py
[2025-05-02T19:40:19.734+0000] {processor.py:840} INFO - DAG(s) 'example_local_kubernetes_executor' retrieved from /home/airflow/.local/lib/python3.12/site-packages/airflow/example_dags/example_local_kubernetes_executor.py
[2025-05-02T19:40:19.767+0000] {logging_mixin.py:188} INFO - [2025-05-02T19:40:19.767+0000] {dag.py:3096} INFO - Sync 1 DAGs
[2025-05-02T19:40:19.777+0000] {logging_mixin.py:188} INFO - [2025-05-02T19:40:19.777+0000] {dag.py:3954} INFO - Setting next_dagrun for example_local_kubernetes_executor to None, run_after=None
[2025-05-02T19:40:19.793+0000] {processor.py:183} INFO - Processing /home/airflow/.local/lib/python3.12/site-packages/airflow/example_dags/example_local_kubernetes_executor.py took 0.079 seconds
[2025-05-02T19:40:50.208+0000] {processor.py:161} INFO - Started process (PID=944) to work on /home/airflow/.local/lib/python3.12/site-packages/airflow/example_dags/example_local_kubernetes_executor.py
[2025-05-02T19:40:50.209+0000] {processor.py:830} INFO - Processing file /home/airflow/.local/lib/python3.12/site-packages/airflow/example_dags/example_local_kubernetes_executor.py for tasks to queue
[2025-05-02T19:40:50.210+0000] {logging_mixin.py:188} INFO - [2025-05-02T19:40:50.210+0000] {dagbag.py:540} INFO - Filling up the DagBag from /home/airflow/.local/lib/python3.12/site-packages/airflow/example_dags/example_local_kubernetes_executor.py
[2025-05-02T19:40:50.217+0000] {processor.py:840} INFO - DAG(s) 'example_local_kubernetes_executor' retrieved from /home/airflow/.local/lib/python3.12/site-packages/airflow/example_dags/example_local_kubernetes_executor.py
[2025-05-02T19:40:50.245+0000] {logging_mixin.py:188} INFO - [2025-05-02T19:40:50.245+0000] {dag.py:3096} INFO - Sync 1 DAGs
[2025-05-02T19:40:50.258+0000] {logging_mixin.py:188} INFO - [2025-05-02T19:40:50.258+0000] {dag.py:3954} INFO - Setting next_dagrun for example_local_kubernetes_executor to None, run_after=None
[2025-05-02T19:40:50.277+0000] {processor.py:183} INFO - Processing /home/airflow/.local/lib/python3.12/site-packages/airflow/example_dags/example_local_kubernetes_executor.py took 0.076 seconds
[2025-05-02T19:41:20.644+0000] {processor.py:161} INFO - Started process (PID=1002) to work on /home/airflow/.local/lib/python3.12/site-packages/airflow/example_dags/example_local_kubernetes_executor.py
[2025-05-02T19:41:20.645+0000] {processor.py:830} INFO - Processing file /home/airflow/.local/lib/python3.12/site-packages/airflow/example_dags/example_local_kubernetes_executor.py for tasks to queue
[2025-05-02T19:41:20.647+0000] {logging_mixin.py:188} INFO - [2025-05-02T19:41:20.647+0000] {dagbag.py:540} INFO - Filling up the DagBag from /home/airflow/.local/lib/python3.12/site-packages/airflow/example_dags/example_local_kubernetes_executor.py
[2025-05-02T19:41:20.654+0000] {processor.py:840} INFO - DAG(s) 'example_local_kubernetes_executor' retrieved from /home/airflow/.local/lib/python3.12/site-packages/airflow/example_dags/example_local_kubernetes_executor.py
[2025-05-02T19:41:20.688+0000] {logging_mixin.py:188} INFO - [2025-05-02T19:41:20.687+0000] {dag.py:3096} INFO - Sync 1 DAGs
[2025-05-02T19:41:20.700+0000] {logging_mixin.py:188} INFO - [2025-05-02T19:41:20.700+0000] {dag.py:3954} INFO - Setting next_dagrun for example_local_kubernetes_executor to None, run_after=None
[2025-05-02T19:41:20.718+0000] {processor.py:183} INFO - Processing /home/airflow/.local/lib/python3.12/site-packages/airflow/example_dags/example_local_kubernetes_executor.py took 0.079 seconds
[2025-05-02T19:41:51.309+0000] {processor.py:161} INFO - Started process (PID=1060) to work on /home/airflow/.local/lib/python3.12/site-packages/airflow/example_dags/example_local_kubernetes_executor.py
[2025-05-02T19:41:51.310+0000] {processor.py:830} INFO - Processing file /home/airflow/.local/lib/python3.12/site-packages/airflow/example_dags/example_local_kubernetes_executor.py for tasks to queue
[2025-05-02T19:41:51.311+0000] {logging_mixin.py:188} INFO - [2025-05-02T19:41:51.311+0000] {dagbag.py:540} INFO - Filling up the DagBag from /home/airflow/.local/lib/python3.12/site-packages/airflow/example_dags/example_local_kubernetes_executor.py
[2025-05-02T19:41:51.317+0000] {processor.py:840} INFO - DAG(s) 'example_local_kubernetes_executor' retrieved from /home/airflow/.local/lib/python3.12/site-packages/airflow/example_dags/example_local_kubernetes_executor.py
[2025-05-02T19:41:51.349+0000] {logging_mixin.py:188} INFO - [2025-05-02T19:41:51.349+0000] {dag.py:3096} INFO - Sync 1 DAGs
[2025-05-02T19:41:51.362+0000] {logging_mixin.py:188} INFO - [2025-05-02T19:41:51.362+0000] {dag.py:3954} INFO - Setting next_dagrun for example_local_kubernetes_executor to None, run_after=None
[2025-05-02T19:41:51.379+0000] {processor.py:183} INFO - Processing /home/airflow/.local/lib/python3.12/site-packages/airflow/example_dags/example_local_kubernetes_executor.py took 0.075 seconds
[2025-05-02T19:42:21.926+0000] {processor.py:161} INFO - Started process (PID=1112) to work on /home/airflow/.local/lib/python3.12/site-packages/airflow/example_dags/example_local_kubernetes_executor.py
[2025-05-02T19:42:21.926+0000] {processor.py:830} INFO - Processing file /home/airflow/.local/lib/python3.12/site-packages/airflow/example_dags/example_local_kubernetes_executor.py for tasks to queue
[2025-05-02T19:42:21.928+0000] {logging_mixin.py:188} INFO - [2025-05-02T19:42:21.928+0000] {dagbag.py:540} INFO - Filling up the DagBag from /home/airflow/.local/lib/python3.12/site-packages/airflow/example_dags/example_local_kubernetes_executor.py
[2025-05-02T19:42:21.936+0000] {processor.py:840} INFO - DAG(s) 'example_local_kubernetes_executor' retrieved from /home/airflow/.local/lib/python3.12/site-packages/airflow/example_dags/example_local_kubernetes_executor.py
[2025-05-02T19:42:21.963+0000] {logging_mixin.py:188} INFO - [2025-05-02T19:42:21.963+0000] {dag.py:3096} INFO - Sync 1 DAGs
[2025-05-02T19:42:21.977+0000] {logging_mixin.py:188} INFO - [2025-05-02T19:42:21.977+0000] {dag.py:3954} INFO - Setting next_dagrun for example_local_kubernetes_executor to None, run_after=None
[2025-05-02T19:42:21.994+0000] {processor.py:183} INFO - Processing /home/airflow/.local/lib/python3.12/site-packages/airflow/example_dags/example_local_kubernetes_executor.py took 0.073 seconds
[2025-05-02T19:42:52.658+0000] {processor.py:161} INFO - Started process (PID=1170) to work on /home/airflow/.local/lib/python3.12/site-packages/airflow/example_dags/example_local_kubernetes_executor.py
[2025-05-02T19:42:52.659+0000] {processor.py:830} INFO - Processing file /home/airflow/.local/lib/python3.12/site-packages/airflow/example_dags/example_local_kubernetes_executor.py for tasks to queue
[2025-05-02T19:42:52.661+0000] {logging_mixin.py:188} INFO - [2025-05-02T19:42:52.660+0000] {dagbag.py:540} INFO - Filling up the DagBag from /home/airflow/.local/lib/python3.12/site-packages/airflow/example_dags/example_local_kubernetes_executor.py
[2025-05-02T19:42:52.668+0000] {processor.py:840} INFO - DAG(s) 'example_local_kubernetes_executor' retrieved from /home/airflow/.local/lib/python3.12/site-packages/airflow/example_dags/example_local_kubernetes_executor.py
[2025-05-02T19:42:52.695+0000] {logging_mixin.py:188} INFO - [2025-05-02T19:42:52.694+0000] {dag.py:3096} INFO - Sync 1 DAGs
[2025-05-02T19:42:52.706+0000] {logging_mixin.py:188} INFO - [2025-05-02T19:42:52.705+0000] {dag.py:3954} INFO - Setting next_dagrun for example_local_kubernetes_executor to None, run_after=None
[2025-05-02T19:42:52.720+0000] {processor.py:183} INFO - Processing /home/airflow/.local/lib/python3.12/site-packages/airflow/example_dags/example_local_kubernetes_executor.py took 0.069 seconds
[2025-05-02T19:43:24.859+0000] {processor.py:161} INFO - Started process (PID=1230) to work on /home/airflow/.local/lib/python3.12/site-packages/airflow/example_dags/example_local_kubernetes_executor.py
[2025-05-02T19:43:24.861+0000] {processor.py:830} INFO - Processing file /home/airflow/.local/lib/python3.12/site-packages/airflow/example_dags/example_local_kubernetes_executor.py for tasks to queue
[2025-05-02T19:43:24.863+0000] {logging_mixin.py:188} INFO - [2025-05-02T19:43:24.862+0000] {dagbag.py:540} INFO - Filling up the DagBag from /home/airflow/.local/lib/python3.12/site-packages/airflow/example_dags/example_local_kubernetes_executor.py
[2025-05-02T19:43:24.882+0000] {processor.py:840} INFO - DAG(s) 'example_local_kubernetes_executor' retrieved from /home/airflow/.local/lib/python3.12/site-packages/airflow/example_dags/example_local_kubernetes_executor.py
[2025-05-02T19:43:24.933+0000] {logging_mixin.py:188} INFO - [2025-05-02T19:43:24.933+0000] {dag.py:3096} INFO - Sync 1 DAGs
[2025-05-02T19:43:24.949+0000] {logging_mixin.py:188} INFO - [2025-05-02T19:43:24.948+0000] {dag.py:3954} INFO - Setting next_dagrun for example_local_kubernetes_executor to None, run_after=None
[2025-05-02T19:43:24.969+0000] {processor.py:183} INFO - Processing /home/airflow/.local/lib/python3.12/site-packages/airflow/example_dags/example_local_kubernetes_executor.py took 0.125 seconds
[2025-05-02T19:43:55.629+0000] {processor.py:161} INFO - Started process (PID=1290) to work on /home/airflow/.local/lib/python3.12/site-packages/airflow/example_dags/example_local_kubernetes_executor.py
[2025-05-02T19:43:55.640+0000] {processor.py:830} INFO - Processing file /home/airflow/.local/lib/python3.12/site-packages/airflow/example_dags/example_local_kubernetes_executor.py for tasks to queue
[2025-05-02T19:43:55.643+0000] {logging_mixin.py:188} INFO - [2025-05-02T19:43:55.642+0000] {dagbag.py:540} INFO - Filling up the DagBag from /home/airflow/.local/lib/python3.12/site-packages/airflow/example_dags/example_local_kubernetes_executor.py
[2025-05-02T19:43:55.653+0000] {processor.py:840} INFO - DAG(s) 'example_local_kubernetes_executor' retrieved from /home/airflow/.local/lib/python3.12/site-packages/airflow/example_dags/example_local_kubernetes_executor.py
[2025-05-02T19:43:55.710+0000] {logging_mixin.py:188} INFO - [2025-05-02T19:43:55.710+0000] {dag.py:3096} INFO - Sync 1 DAGs
[2025-05-02T19:43:55.726+0000] {logging_mixin.py:188} INFO - [2025-05-02T19:43:55.726+0000] {dag.py:3954} INFO - Setting next_dagrun for example_local_kubernetes_executor to None, run_after=None
[2025-05-02T19:43:55.760+0000] {processor.py:183} INFO - Processing /home/airflow/.local/lib/python3.12/site-packages/airflow/example_dags/example_local_kubernetes_executor.py took 0.140 seconds
[2025-05-02T19:44:26.331+0000] {processor.py:161} INFO - Started process (PID=1385) to work on /home/airflow/.local/lib/python3.12/site-packages/airflow/example_dags/example_local_kubernetes_executor.py
[2025-05-02T19:44:26.332+0000] {processor.py:830} INFO - Processing file /home/airflow/.local/lib/python3.12/site-packages/airflow/example_dags/example_local_kubernetes_executor.py for tasks to queue
[2025-05-02T19:44:26.336+0000] {logging_mixin.py:188} INFO - [2025-05-02T19:44:26.336+0000] {dagbag.py:540} INFO - Filling up the DagBag from /home/airflow/.local/lib/python3.12/site-packages/airflow/example_dags/example_local_kubernetes_executor.py
[2025-05-02T19:44:26.352+0000] {processor.py:840} INFO - DAG(s) 'example_local_kubernetes_executor' retrieved from /home/airflow/.local/lib/python3.12/site-packages/airflow/example_dags/example_local_kubernetes_executor.py
[2025-05-02T19:44:26.450+0000] {logging_mixin.py:188} INFO - [2025-05-02T19:44:26.449+0000] {dag.py:3096} INFO - Sync 1 DAGs
[2025-05-02T19:44:26.484+0000] {logging_mixin.py:188} INFO - [2025-05-02T19:44:26.483+0000] {dag.py:3954} INFO - Setting next_dagrun for example_local_kubernetes_executor to None, run_after=None
[2025-05-02T19:44:26.538+0000] {processor.py:183} INFO - Processing /home/airflow/.local/lib/python3.12/site-packages/airflow/example_dags/example_local_kubernetes_executor.py took 0.217 seconds
[2025-05-02T19:44:56.714+0000] {processor.py:161} INFO - Started process (PID=1487) to work on /home/airflow/.local/lib/python3.12/site-packages/airflow/example_dags/example_local_kubernetes_executor.py
[2025-05-02T19:44:56.720+0000] {processor.py:830} INFO - Processing file /home/airflow/.local/lib/python3.12/site-packages/airflow/example_dags/example_local_kubernetes_executor.py for tasks to queue
[2025-05-02T19:44:56.723+0000] {logging_mixin.py:188} INFO - [2025-05-02T19:44:56.723+0000] {dagbag.py:540} INFO - Filling up the DagBag from /home/airflow/.local/lib/python3.12/site-packages/airflow/example_dags/example_local_kubernetes_executor.py
[2025-05-02T19:44:56.738+0000] {processor.py:840} INFO - DAG(s) 'example_local_kubernetes_executor' retrieved from /home/airflow/.local/lib/python3.12/site-packages/airflow/example_dags/example_local_kubernetes_executor.py
[2025-05-02T19:44:56.821+0000] {logging_mixin.py:188} INFO - [2025-05-02T19:44:56.820+0000] {dag.py:3096} INFO - Sync 1 DAGs
[2025-05-02T19:44:56.848+0000] {logging_mixin.py:188} INFO - [2025-05-02T19:44:56.847+0000] {dag.py:3954} INFO - Setting next_dagrun for example_local_kubernetes_executor to None, run_after=None
[2025-05-02T19:44:56.881+0000] {processor.py:183} INFO - Processing /home/airflow/.local/lib/python3.12/site-packages/airflow/example_dags/example_local_kubernetes_executor.py took 0.177 seconds
[2025-05-02T19:45:29.032+0000] {processor.py:161} INFO - Started process (PID=1591) to work on /home/airflow/.local/lib/python3.12/site-packages/airflow/example_dags/example_local_kubernetes_executor.py
[2025-05-02T19:45:29.033+0000] {processor.py:830} INFO - Processing file /home/airflow/.local/lib/python3.12/site-packages/airflow/example_dags/example_local_kubernetes_executor.py for tasks to queue
[2025-05-02T19:45:29.037+0000] {logging_mixin.py:188} INFO - [2025-05-02T19:45:29.036+0000] {dagbag.py:540} INFO - Filling up the DagBag from /home/airflow/.local/lib/python3.12/site-packages/airflow/example_dags/example_local_kubernetes_executor.py
[2025-05-02T19:45:29.061+0000] {processor.py:840} INFO - DAG(s) 'example_local_kubernetes_executor' retrieved from /home/airflow/.local/lib/python3.12/site-packages/airflow/example_dags/example_local_kubernetes_executor.py
[2025-05-02T19:45:29.205+0000] {logging_mixin.py:188} INFO - [2025-05-02T19:45:29.204+0000] {dag.py:3096} INFO - Sync 1 DAGs
[2025-05-02T19:45:29.244+0000] {logging_mixin.py:188} INFO - [2025-05-02T19:45:29.244+0000] {dag.py:3954} INFO - Setting next_dagrun for example_local_kubernetes_executor to None, run_after=None
[2025-05-02T19:45:29.344+0000] {processor.py:183} INFO - Processing /home/airflow/.local/lib/python3.12/site-packages/airflow/example_dags/example_local_kubernetes_executor.py took 0.325 seconds
[2025-05-02T19:46:00.356+0000] {processor.py:161} INFO - Started process (PID=1694) to work on /home/airflow/.local/lib/python3.12/site-packages/airflow/example_dags/example_local_kubernetes_executor.py
[2025-05-02T19:46:00.357+0000] {processor.py:830} INFO - Processing file /home/airflow/.local/lib/python3.12/site-packages/airflow/example_dags/example_local_kubernetes_executor.py for tasks to queue
[2025-05-02T19:46:00.361+0000] {logging_mixin.py:188} INFO - [2025-05-02T19:46:00.360+0000] {dagbag.py:540} INFO - Filling up the DagBag from /home/airflow/.local/lib/python3.12/site-packages/airflow/example_dags/example_local_kubernetes_executor.py
[2025-05-02T19:46:00.376+0000] {processor.py:840} INFO - DAG(s) 'example_local_kubernetes_executor' retrieved from /home/airflow/.local/lib/python3.12/site-packages/airflow/example_dags/example_local_kubernetes_executor.py
[2025-05-02T19:46:00.439+0000] {logging_mixin.py:188} INFO - [2025-05-02T19:46:00.438+0000] {dag.py:3096} INFO - Sync 1 DAGs
[2025-05-02T19:46:00.474+0000] {logging_mixin.py:188} INFO - [2025-05-02T19:46:00.474+0000] {dag.py:3954} INFO - Setting next_dagrun for example_local_kubernetes_executor to None, run_after=None
[2025-05-02T19:46:00.521+0000] {processor.py:183} INFO - Processing /home/airflow/.local/lib/python3.12/site-packages/airflow/example_dags/example_local_kubernetes_executor.py took 0.190 seconds
[2025-05-02T19:46:30.664+0000] {processor.py:161} INFO - Started process (PID=1793) to work on /home/airflow/.local/lib/python3.12/site-packages/airflow/example_dags/example_local_kubernetes_executor.py
[2025-05-02T19:46:30.674+0000] {processor.py:830} INFO - Processing file /home/airflow/.local/lib/python3.12/site-packages/airflow/example_dags/example_local_kubernetes_executor.py for tasks to queue
[2025-05-02T19:46:30.677+0000] {logging_mixin.py:188} INFO - [2025-05-02T19:46:30.677+0000] {dagbag.py:540} INFO - Filling up the DagBag from /home/airflow/.local/lib/python3.12/site-packages/airflow/example_dags/example_local_kubernetes_executor.py
[2025-05-02T19:46:30.707+0000] {processor.py:840} INFO - DAG(s) 'example_local_kubernetes_executor' retrieved from /home/airflow/.local/lib/python3.12/site-packages/airflow/example_dags/example_local_kubernetes_executor.py
[2025-05-02T19:46:30.870+0000] {logging_mixin.py:188} INFO - [2025-05-02T19:46:30.870+0000] {dag.py:3096} INFO - Sync 1 DAGs
[2025-05-02T19:46:30.913+0000] {logging_mixin.py:188} INFO - [2025-05-02T19:46:30.913+0000] {dag.py:3954} INFO - Setting next_dagrun for example_local_kubernetes_executor to None, run_after=None
[2025-05-02T19:46:30.979+0000] {processor.py:183} INFO - Processing /home/airflow/.local/lib/python3.12/site-packages/airflow/example_dags/example_local_kubernetes_executor.py took 0.330 seconds
[2025-05-02T19:47:02.399+0000] {processor.py:161} INFO - Started process (PID=1907) to work on /home/airflow/.local/lib/python3.12/site-packages/airflow/example_dags/example_local_kubernetes_executor.py
[2025-05-02T19:47:02.401+0000] {processor.py:830} INFO - Processing file /home/airflow/.local/lib/python3.12/site-packages/airflow/example_dags/example_local_kubernetes_executor.py for tasks to queue
[2025-05-02T19:47:02.404+0000] {logging_mixin.py:188} INFO - [2025-05-02T19:47:02.404+0000] {dagbag.py:540} INFO - Filling up the DagBag from /home/airflow/.local/lib/python3.12/site-packages/airflow/example_dags/example_local_kubernetes_executor.py
[2025-05-02T19:47:02.430+0000] {processor.py:840} INFO - DAG(s) 'example_local_kubernetes_executor' retrieved from /home/airflow/.local/lib/python3.12/site-packages/airflow/example_dags/example_local_kubernetes_executor.py
[2025-05-02T19:47:02.562+0000] {logging_mixin.py:188} INFO - [2025-05-02T19:47:02.561+0000] {dag.py:3096} INFO - Sync 1 DAGs
[2025-05-02T19:47:02.609+0000] {logging_mixin.py:188} INFO - [2025-05-02T19:47:02.609+0000] {dag.py:3954} INFO - Setting next_dagrun for example_local_kubernetes_executor to None, run_after=None
[2025-05-02T19:47:02.710+0000] {processor.py:183} INFO - Processing /home/airflow/.local/lib/python3.12/site-packages/airflow/example_dags/example_local_kubernetes_executor.py took 0.324 seconds
[2025-05-02T19:47:37.657+0000] {processor.py:161} INFO - Started process (PID=2005) to work on /home/airflow/.local/lib/python3.12/site-packages/airflow/example_dags/example_local_kubernetes_executor.py
[2025-05-02T19:47:37.662+0000] {processor.py:830} INFO - Processing file /home/airflow/.local/lib/python3.12/site-packages/airflow/example_dags/example_local_kubernetes_executor.py for tasks to queue
[2025-05-02T19:47:37.666+0000] {logging_mixin.py:188} INFO - [2025-05-02T19:47:37.666+0000] {dagbag.py:540} INFO - Filling up the DagBag from /home/airflow/.local/lib/python3.12/site-packages/airflow/example_dags/example_local_kubernetes_executor.py
[2025-05-02T19:47:37.685+0000] {processor.py:840} INFO - DAG(s) 'example_local_kubernetes_executor' retrieved from /home/airflow/.local/lib/python3.12/site-packages/airflow/example_dags/example_local_kubernetes_executor.py
[2025-05-02T19:47:37.863+0000] {logging_mixin.py:188} INFO - [2025-05-02T19:47:37.862+0000] {dag.py:3096} INFO - Sync 1 DAGs
[2025-05-02T19:47:37.913+0000] {logging_mixin.py:188} INFO - [2025-05-02T19:47:37.913+0000] {dag.py:3954} INFO - Setting next_dagrun for example_local_kubernetes_executor to None, run_after=None
[2025-05-02T19:47:37.973+0000] {processor.py:183} INFO - Processing /home/airflow/.local/lib/python3.12/site-packages/airflow/example_dags/example_local_kubernetes_executor.py took 0.328 seconds
[2025-05-02T19:48:10.428+0000] {processor.py:161} INFO - Started process (PID=2108) to work on /home/airflow/.local/lib/python3.12/site-packages/airflow/example_dags/example_local_kubernetes_executor.py
[2025-05-02T19:48:10.430+0000] {processor.py:830} INFO - Processing file /home/airflow/.local/lib/python3.12/site-packages/airflow/example_dags/example_local_kubernetes_executor.py for tasks to queue
[2025-05-02T19:48:10.436+0000] {logging_mixin.py:188} INFO - [2025-05-02T19:48:10.435+0000] {dagbag.py:540} INFO - Filling up the DagBag from /home/airflow/.local/lib/python3.12/site-packages/airflow/example_dags/example_local_kubernetes_executor.py
[2025-05-02T19:48:10.453+0000] {processor.py:840} INFO - DAG(s) 'example_local_kubernetes_executor' retrieved from /home/airflow/.local/lib/python3.12/site-packages/airflow/example_dags/example_local_kubernetes_executor.py
[2025-05-02T19:48:10.562+0000] {logging_mixin.py:188} INFO - [2025-05-02T19:48:10.561+0000] {dag.py:3096} INFO - Sync 1 DAGs
[2025-05-02T19:48:10.611+0000] {logging_mixin.py:188} INFO - [2025-05-02T19:48:10.611+0000] {dag.py:3954} INFO - Setting next_dagrun for example_local_kubernetes_executor to None, run_after=None
[2025-05-02T19:48:10.686+0000] {processor.py:183} INFO - Processing /home/airflow/.local/lib/python3.12/site-packages/airflow/example_dags/example_local_kubernetes_executor.py took 0.282 seconds
[2025-05-02T19:48:48.348+0000] {processor.py:161} INFO - Started process (PID=2204) to work on /home/airflow/.local/lib/python3.12/site-packages/airflow/example_dags/example_local_kubernetes_executor.py
[2025-05-02T19:48:48.362+0000] {processor.py:830} INFO - Processing file /home/airflow/.local/lib/python3.12/site-packages/airflow/example_dags/example_local_kubernetes_executor.py for tasks to queue
[2025-05-02T19:48:48.385+0000] {logging_mixin.py:188} INFO - [2025-05-02T19:48:48.382+0000] {dagbag.py:540} INFO - Filling up the DagBag from /home/airflow/.local/lib/python3.12/site-packages/airflow/example_dags/example_local_kubernetes_executor.py
[2025-05-02T19:48:48.407+0000] {processor.py:840} INFO - DAG(s) 'example_local_kubernetes_executor' retrieved from /home/airflow/.local/lib/python3.12/site-packages/airflow/example_dags/example_local_kubernetes_executor.py
[2025-05-02T19:48:48.597+0000] {logging_mixin.py:188} INFO - [2025-05-02T19:48:48.596+0000] {dag.py:3096} INFO - Sync 1 DAGs
[2025-05-02T19:48:48.660+0000] {logging_mixin.py:188} INFO - [2025-05-02T19:48:48.659+0000] {dag.py:3954} INFO - Setting next_dagrun for example_local_kubernetes_executor to None, run_after=None
[2025-05-02T19:48:48.739+0000] {processor.py:183} INFO - Processing /home/airflow/.local/lib/python3.12/site-packages/airflow/example_dags/example_local_kubernetes_executor.py took 0.404 seconds
[2025-05-02T19:49:21.737+0000] {processor.py:161} INFO - Started process (PID=2297) to work on /home/airflow/.local/lib/python3.12/site-packages/airflow/example_dags/example_local_kubernetes_executor.py
[2025-05-02T19:49:21.739+0000] {processor.py:830} INFO - Processing file /home/airflow/.local/lib/python3.12/site-packages/airflow/example_dags/example_local_kubernetes_executor.py for tasks to queue
[2025-05-02T19:49:21.743+0000] {logging_mixin.py:188} INFO - [2025-05-02T19:49:21.742+0000] {dagbag.py:540} INFO - Filling up the DagBag from /home/airflow/.local/lib/python3.12/site-packages/airflow/example_dags/example_local_kubernetes_executor.py
[2025-05-02T19:49:21.765+0000] {processor.py:840} INFO - DAG(s) 'example_local_kubernetes_executor' retrieved from /home/airflow/.local/lib/python3.12/site-packages/airflow/example_dags/example_local_kubernetes_executor.py
[2025-05-02T19:49:21.933+0000] {logging_mixin.py:188} INFO - [2025-05-02T19:49:21.932+0000] {dag.py:3096} INFO - Sync 1 DAGs
[2025-05-02T19:49:22.239+0000] {logging_mixin.py:188} INFO - [2025-05-02T19:49:22.238+0000] {dag.py:3954} INFO - Setting next_dagrun for example_local_kubernetes_executor to None, run_after=None
[2025-05-02T19:49:22.314+0000] {processor.py:183} INFO - Processing /home/airflow/.local/lib/python3.12/site-packages/airflow/example_dags/example_local_kubernetes_executor.py took 0.596 seconds
[2025-05-02T19:49:56.209+0000] {processor.py:161} INFO - Started process (PID=2384) to work on /home/airflow/.local/lib/python3.12/site-packages/airflow/example_dags/example_local_kubernetes_executor.py
[2025-05-02T19:49:56.218+0000] {processor.py:830} INFO - Processing file /home/airflow/.local/lib/python3.12/site-packages/airflow/example_dags/example_local_kubernetes_executor.py for tasks to queue
[2025-05-02T19:49:56.223+0000] {logging_mixin.py:188} INFO - [2025-05-02T19:49:56.223+0000] {dagbag.py:540} INFO - Filling up the DagBag from /home/airflow/.local/lib/python3.12/site-packages/airflow/example_dags/example_local_kubernetes_executor.py
[2025-05-02T19:49:56.241+0000] {processor.py:840} INFO - DAG(s) 'example_local_kubernetes_executor' retrieved from /home/airflow/.local/lib/python3.12/site-packages/airflow/example_dags/example_local_kubernetes_executor.py
[2025-05-02T19:49:56.371+0000] {logging_mixin.py:188} INFO - [2025-05-02T19:49:56.371+0000] {dag.py:3096} INFO - Sync 1 DAGs
[2025-05-02T19:49:56.404+0000] {logging_mixin.py:188} INFO - [2025-05-02T19:49:56.404+0000] {dag.py:3954} INFO - Setting next_dagrun for example_local_kubernetes_executor to None, run_after=None
[2025-05-02T19:49:56.498+0000] {processor.py:183} INFO - Processing /home/airflow/.local/lib/python3.12/site-packages/airflow/example_dags/example_local_kubernetes_executor.py took 0.310 seconds
[2025-05-02T19:50:30.978+0000] {processor.py:161} INFO - Started process (PID=2499) to work on /home/airflow/.local/lib/python3.12/site-packages/airflow/example_dags/example_local_kubernetes_executor.py
[2025-05-02T19:50:30.979+0000] {processor.py:830} INFO - Processing file /home/airflow/.local/lib/python3.12/site-packages/airflow/example_dags/example_local_kubernetes_executor.py for tasks to queue
[2025-05-02T19:50:30.983+0000] {logging_mixin.py:188} INFO - [2025-05-02T19:50:30.982+0000] {dagbag.py:540} INFO - Filling up the DagBag from /home/airflow/.local/lib/python3.12/site-packages/airflow/example_dags/example_local_kubernetes_executor.py
[2025-05-02T19:50:31.008+0000] {processor.py:840} INFO - DAG(s) 'example_local_kubernetes_executor' retrieved from /home/airflow/.local/lib/python3.12/site-packages/airflow/example_dags/example_local_kubernetes_executor.py
[2025-05-02T19:50:31.089+0000] {logging_mixin.py:188} INFO - [2025-05-02T19:50:31.089+0000] {dag.py:3096} INFO - Sync 1 DAGs
[2025-05-02T19:50:31.123+0000] {logging_mixin.py:188} INFO - [2025-05-02T19:50:31.122+0000] {dag.py:3954} INFO - Setting next_dagrun for example_local_kubernetes_executor to None, run_after=None
[2025-05-02T19:50:31.173+0000] {processor.py:183} INFO - Processing /home/airflow/.local/lib/python3.12/site-packages/airflow/example_dags/example_local_kubernetes_executor.py took 0.222 seconds
[2025-05-02T19:51:06.748+0000] {processor.py:161} INFO - Started process (PID=2594) to work on /home/airflow/.local/lib/python3.12/site-packages/airflow/example_dags/example_local_kubernetes_executor.py
[2025-05-02T19:51:06.755+0000] {processor.py:830} INFO - Processing file /home/airflow/.local/lib/python3.12/site-packages/airflow/example_dags/example_local_kubernetes_executor.py for tasks to queue
[2025-05-02T19:51:06.759+0000] {logging_mixin.py:188} INFO - [2025-05-02T19:51:06.758+0000] {dagbag.py:540} INFO - Filling up the DagBag from /home/airflow/.local/lib/python3.12/site-packages/airflow/example_dags/example_local_kubernetes_executor.py
[2025-05-02T19:51:06.774+0000] {processor.py:840} INFO - DAG(s) 'example_local_kubernetes_executor' retrieved from /home/airflow/.local/lib/python3.12/site-packages/airflow/example_dags/example_local_kubernetes_executor.py
[2025-05-02T19:51:07.218+0000] {logging_mixin.py:188} INFO - [2025-05-02T19:51:07.217+0000] {dag.py:3096} INFO - Sync 1 DAGs
[2025-05-02T19:51:07.244+0000] {logging_mixin.py:188} INFO - [2025-05-02T19:51:07.244+0000] {dag.py:3954} INFO - Setting next_dagrun for example_local_kubernetes_executor to None, run_after=None
[2025-05-02T19:51:07.300+0000] {processor.py:183} INFO - Processing /home/airflow/.local/lib/python3.12/site-packages/airflow/example_dags/example_local_kubernetes_executor.py took 0.564 seconds
[2025-05-02T19:51:40.459+0000] {processor.py:161} INFO - Started process (PID=2706) to work on /home/airflow/.local/lib/python3.12/site-packages/airflow/example_dags/example_local_kubernetes_executor.py
[2025-05-02T19:51:40.460+0000] {processor.py:830} INFO - Processing file /home/airflow/.local/lib/python3.12/site-packages/airflow/example_dags/example_local_kubernetes_executor.py for tasks to queue
[2025-05-02T19:51:40.464+0000] {logging_mixin.py:188} INFO - [2025-05-02T19:51:40.463+0000] {dagbag.py:540} INFO - Filling up the DagBag from /home/airflow/.local/lib/python3.12/site-packages/airflow/example_dags/example_local_kubernetes_executor.py
[2025-05-02T19:51:40.499+0000] {processor.py:840} INFO - DAG(s) 'example_local_kubernetes_executor' retrieved from /home/airflow/.local/lib/python3.12/site-packages/airflow/example_dags/example_local_kubernetes_executor.py
[2025-05-02T19:51:40.634+0000] {logging_mixin.py:188} INFO - [2025-05-02T19:51:40.634+0000] {dag.py:3096} INFO - Sync 1 DAGs
[2025-05-02T19:51:40.718+0000] {logging_mixin.py:188} INFO - [2025-05-02T19:51:40.715+0000] {dag.py:3954} INFO - Setting next_dagrun for example_local_kubernetes_executor to None, run_after=None
[2025-05-02T19:51:40.842+0000] {processor.py:183} INFO - Processing /home/airflow/.local/lib/python3.12/site-packages/airflow/example_dags/example_local_kubernetes_executor.py took 0.397 seconds
[2025-05-02T19:52:14.382+0000] {processor.py:161} INFO - Started process (PID=2781) to work on /home/airflow/.local/lib/python3.12/site-packages/airflow/example_dags/example_local_kubernetes_executor.py
[2025-05-02T19:52:14.384+0000] {processor.py:830} INFO - Processing file /home/airflow/.local/lib/python3.12/site-packages/airflow/example_dags/example_local_kubernetes_executor.py for tasks to queue
[2025-05-02T19:52:14.400+0000] {logging_mixin.py:188} INFO - [2025-05-02T19:52:14.399+0000] {dagbag.py:540} INFO - Filling up the DagBag from /home/airflow/.local/lib/python3.12/site-packages/airflow/example_dags/example_local_kubernetes_executor.py
[2025-05-02T19:52:14.436+0000] {processor.py:840} INFO - DAG(s) 'example_local_kubernetes_executor' retrieved from /home/airflow/.local/lib/python3.12/site-packages/airflow/example_dags/example_local_kubernetes_executor.py
[2025-05-02T19:52:14.557+0000] {logging_mixin.py:188} INFO - [2025-05-02T19:52:14.557+0000] {dag.py:3096} INFO - Sync 1 DAGs
[2025-05-02T19:52:14.607+0000] {logging_mixin.py:188} INFO - [2025-05-02T19:52:14.606+0000] {dag.py:3954} INFO - Setting next_dagrun for example_local_kubernetes_executor to None, run_after=None
[2025-05-02T19:52:14.670+0000] {processor.py:183} INFO - Processing /home/airflow/.local/lib/python3.12/site-packages/airflow/example_dags/example_local_kubernetes_executor.py took 0.368 seconds
[2025-05-02T19:52:46.808+0000] {processor.py:161} INFO - Started process (PID=2879) to work on /home/airflow/.local/lib/python3.12/site-packages/airflow/example_dags/example_local_kubernetes_executor.py
[2025-05-02T19:52:46.809+0000] {processor.py:830} INFO - Processing file /home/airflow/.local/lib/python3.12/site-packages/airflow/example_dags/example_local_kubernetes_executor.py for tasks to queue
[2025-05-02T19:52:46.811+0000] {logging_mixin.py:188} INFO - [2025-05-02T19:52:46.810+0000] {dagbag.py:540} INFO - Filling up the DagBag from /home/airflow/.local/lib/python3.12/site-packages/airflow/example_dags/example_local_kubernetes_executor.py
[2025-05-02T19:52:46.820+0000] {processor.py:840} INFO - DAG(s) 'example_local_kubernetes_executor' retrieved from /home/airflow/.local/lib/python3.12/site-packages/airflow/example_dags/example_local_kubernetes_executor.py
[2025-05-02T19:52:46.858+0000] {logging_mixin.py:188} INFO - [2025-05-02T19:52:46.857+0000] {dag.py:3096} INFO - Sync 1 DAGs
[2025-05-02T19:52:46.874+0000] {logging_mixin.py:188} INFO - [2025-05-02T19:52:46.873+0000] {dag.py:3954} INFO - Setting next_dagrun for example_local_kubernetes_executor to None, run_after=None
[2025-05-02T19:52:46.893+0000] {processor.py:183} INFO - Processing /home/airflow/.local/lib/python3.12/site-packages/airflow/example_dags/example_local_kubernetes_executor.py took 0.092 seconds
[2025-05-02T19:53:18.653+0000] {processor.py:161} INFO - Started process (PID=2994) to work on /home/airflow/.local/lib/python3.12/site-packages/airflow/example_dags/example_local_kubernetes_executor.py
[2025-05-02T19:53:18.656+0000] {processor.py:830} INFO - Processing file /home/airflow/.local/lib/python3.12/site-packages/airflow/example_dags/example_local_kubernetes_executor.py for tasks to queue
[2025-05-02T19:53:18.661+0000] {logging_mixin.py:188} INFO - [2025-05-02T19:53:18.661+0000] {dagbag.py:540} INFO - Filling up the DagBag from /home/airflow/.local/lib/python3.12/site-packages/airflow/example_dags/example_local_kubernetes_executor.py
[2025-05-02T19:53:18.680+0000] {processor.py:840} INFO - DAG(s) 'example_local_kubernetes_executor' retrieved from /home/airflow/.local/lib/python3.12/site-packages/airflow/example_dags/example_local_kubernetes_executor.py
[2025-05-02T19:53:18.773+0000] {logging_mixin.py:188} INFO - [2025-05-02T19:53:18.772+0000] {dag.py:3096} INFO - Sync 1 DAGs
[2025-05-02T19:53:18.810+0000] {logging_mixin.py:188} INFO - [2025-05-02T19:53:18.810+0000] {dag.py:3954} INFO - Setting next_dagrun for example_local_kubernetes_executor to None, run_after=None
[2025-05-02T19:53:18.896+0000] {processor.py:183} INFO - Processing /home/airflow/.local/lib/python3.12/site-packages/airflow/example_dags/example_local_kubernetes_executor.py took 0.257 seconds
[2025-05-02T19:53:49.151+0000] {processor.py:161} INFO - Started process (PID=3085) to work on /home/airflow/.local/lib/python3.12/site-packages/airflow/example_dags/example_local_kubernetes_executor.py
[2025-05-02T19:53:49.152+0000] {processor.py:830} INFO - Processing file /home/airflow/.local/lib/python3.12/site-packages/airflow/example_dags/example_local_kubernetes_executor.py for tasks to queue
[2025-05-02T19:53:49.156+0000] {logging_mixin.py:188} INFO - [2025-05-02T19:53:49.156+0000] {dagbag.py:540} INFO - Filling up the DagBag from /home/airflow/.local/lib/python3.12/site-packages/airflow/example_dags/example_local_kubernetes_executor.py
[2025-05-02T19:53:49.183+0000] {processor.py:840} INFO - DAG(s) 'example_local_kubernetes_executor' retrieved from /home/airflow/.local/lib/python3.12/site-packages/airflow/example_dags/example_local_kubernetes_executor.py
[2025-05-02T19:53:49.268+0000] {logging_mixin.py:188} INFO - [2025-05-02T19:53:49.267+0000] {dag.py:3096} INFO - Sync 1 DAGs
[2025-05-02T19:53:49.302+0000] {logging_mixin.py:188} INFO - [2025-05-02T19:53:49.301+0000] {dag.py:3954} INFO - Setting next_dagrun for example_local_kubernetes_executor to None, run_after=None
[2025-05-02T19:53:49.352+0000] {processor.py:183} INFO - Processing /home/airflow/.local/lib/python3.12/site-packages/airflow/example_dags/example_local_kubernetes_executor.py took 0.227 seconds
[2025-05-02T19:54:19.626+0000] {processor.py:161} INFO - Started process (PID=3176) to work on /home/airflow/.local/lib/python3.12/site-packages/airflow/example_dags/example_local_kubernetes_executor.py
[2025-05-02T19:54:19.633+0000] {processor.py:830} INFO - Processing file /home/airflow/.local/lib/python3.12/site-packages/airflow/example_dags/example_local_kubernetes_executor.py for tasks to queue
[2025-05-02T19:54:19.637+0000] {logging_mixin.py:188} INFO - [2025-05-02T19:54:19.636+0000] {dagbag.py:540} INFO - Filling up the DagBag from /home/airflow/.local/lib/python3.12/site-packages/airflow/example_dags/example_local_kubernetes_executor.py
[2025-05-02T19:54:19.652+0000] {processor.py:840} INFO - DAG(s) 'example_local_kubernetes_executor' retrieved from /home/airflow/.local/lib/python3.12/site-packages/airflow/example_dags/example_local_kubernetes_executor.py
[2025-05-02T19:54:19.764+0000] {logging_mixin.py:188} INFO - [2025-05-02T19:54:19.764+0000] {dag.py:3096} INFO - Sync 1 DAGs
[2025-05-02T19:54:19.799+0000] {logging_mixin.py:188} INFO - [2025-05-02T19:54:19.798+0000] {dag.py:3954} INFO - Setting next_dagrun for example_local_kubernetes_executor to None, run_after=None
[2025-05-02T19:54:19.893+0000] {processor.py:183} INFO - Processing /home/airflow/.local/lib/python3.12/site-packages/airflow/example_dags/example_local_kubernetes_executor.py took 0.280 seconds
[2025-05-02T19:54:50.101+0000] {processor.py:161} INFO - Started process (PID=3271) to work on /home/airflow/.local/lib/python3.12/site-packages/airflow/example_dags/example_local_kubernetes_executor.py
[2025-05-02T19:54:50.103+0000] {processor.py:830} INFO - Processing file /home/airflow/.local/lib/python3.12/site-packages/airflow/example_dags/example_local_kubernetes_executor.py for tasks to queue
[2025-05-02T19:54:50.108+0000] {logging_mixin.py:188} INFO - [2025-05-02T19:54:50.106+0000] {dagbag.py:540} INFO - Filling up the DagBag from /home/airflow/.local/lib/python3.12/site-packages/airflow/example_dags/example_local_kubernetes_executor.py
[2025-05-02T19:54:50.124+0000] {processor.py:840} INFO - DAG(s) 'example_local_kubernetes_executor' retrieved from /home/airflow/.local/lib/python3.12/site-packages/airflow/example_dags/example_local_kubernetes_executor.py
[2025-05-02T19:54:50.259+0000] {logging_mixin.py:188} INFO - [2025-05-02T19:54:50.259+0000] {dag.py:3096} INFO - Sync 1 DAGs
[2025-05-02T19:54:50.286+0000] {logging_mixin.py:188} INFO - [2025-05-02T19:54:50.285+0000] {dag.py:3954} INFO - Setting next_dagrun for example_local_kubernetes_executor to None, run_after=None
[2025-05-02T19:54:50.381+0000] {processor.py:183} INFO - Processing /home/airflow/.local/lib/python3.12/site-packages/airflow/example_dags/example_local_kubernetes_executor.py took 0.295 seconds
[2025-05-02T19:55:20.646+0000] {processor.py:161} INFO - Started process (PID=3362) to work on /home/airflow/.local/lib/python3.12/site-packages/airflow/example_dags/example_local_kubernetes_executor.py
[2025-05-02T19:55:20.652+0000] {processor.py:830} INFO - Processing file /home/airflow/.local/lib/python3.12/site-packages/airflow/example_dags/example_local_kubernetes_executor.py for tasks to queue
[2025-05-02T19:55:20.655+0000] {logging_mixin.py:188} INFO - [2025-05-02T19:55:20.654+0000] {dagbag.py:540} INFO - Filling up the DagBag from /home/airflow/.local/lib/python3.12/site-packages/airflow/example_dags/example_local_kubernetes_executor.py
[2025-05-02T19:55:20.682+0000] {processor.py:840} INFO - DAG(s) 'example_local_kubernetes_executor' retrieved from /home/airflow/.local/lib/python3.12/site-packages/airflow/example_dags/example_local_kubernetes_executor.py
[2025-05-02T19:55:20.819+0000] {logging_mixin.py:188} INFO - [2025-05-02T19:55:20.818+0000] {dag.py:3096} INFO - Sync 1 DAGs
[2025-05-02T19:55:20.845+0000] {logging_mixin.py:188} INFO - [2025-05-02T19:55:20.844+0000] {dag.py:3954} INFO - Setting next_dagrun for example_local_kubernetes_executor to None, run_after=None
[2025-05-02T19:55:20.945+0000] {processor.py:183} INFO - Processing /home/airflow/.local/lib/python3.12/site-packages/airflow/example_dags/example_local_kubernetes_executor.py took 0.310 seconds
[2025-05-02T19:55:51.618+0000] {processor.py:161} INFO - Started process (PID=3463) to work on /home/airflow/.local/lib/python3.12/site-packages/airflow/example_dags/example_local_kubernetes_executor.py
[2025-05-02T19:55:51.620+0000] {processor.py:830} INFO - Processing file /home/airflow/.local/lib/python3.12/site-packages/airflow/example_dags/example_local_kubernetes_executor.py for tasks to queue
[2025-05-02T19:55:51.624+0000] {logging_mixin.py:188} INFO - [2025-05-02T19:55:51.623+0000] {dagbag.py:540} INFO - Filling up the DagBag from /home/airflow/.local/lib/python3.12/site-packages/airflow/example_dags/example_local_kubernetes_executor.py
[2025-05-02T19:55:51.644+0000] {processor.py:840} INFO - DAG(s) 'example_local_kubernetes_executor' retrieved from /home/airflow/.local/lib/python3.12/site-packages/airflow/example_dags/example_local_kubernetes_executor.py
[2025-05-02T19:55:51.746+0000] {logging_mixin.py:188} INFO - [2025-05-02T19:55:51.746+0000] {dag.py:3096} INFO - Sync 1 DAGs
[2025-05-02T19:55:51.778+0000] {logging_mixin.py:188} INFO - [2025-05-02T19:55:51.777+0000] {dag.py:3954} INFO - Setting next_dagrun for example_local_kubernetes_executor to None, run_after=None
[2025-05-02T19:55:51.823+0000] {processor.py:183} INFO - Processing /home/airflow/.local/lib/python3.12/site-packages/airflow/example_dags/example_local_kubernetes_executor.py took 0.222 seconds
[2025-05-02T19:56:22.755+0000] {processor.py:161} INFO - Started process (PID=3562) to work on /home/airflow/.local/lib/python3.12/site-packages/airflow/example_dags/example_local_kubernetes_executor.py
[2025-05-02T19:56:22.757+0000] {processor.py:830} INFO - Processing file /home/airflow/.local/lib/python3.12/site-packages/airflow/example_dags/example_local_kubernetes_executor.py for tasks to queue
[2025-05-02T19:56:22.762+0000] {logging_mixin.py:188} INFO - [2025-05-02T19:56:22.760+0000] {dagbag.py:540} INFO - Filling up the DagBag from /home/airflow/.local/lib/python3.12/site-packages/airflow/example_dags/example_local_kubernetes_executor.py
[2025-05-02T19:56:22.775+0000] {processor.py:840} INFO - DAG(s) 'example_local_kubernetes_executor' retrieved from /home/airflow/.local/lib/python3.12/site-packages/airflow/example_dags/example_local_kubernetes_executor.py
[2025-05-02T19:56:22.856+0000] {logging_mixin.py:188} INFO - [2025-05-02T19:56:22.855+0000] {dag.py:3096} INFO - Sync 1 DAGs
[2025-05-02T19:56:22.907+0000] {logging_mixin.py:188} INFO - [2025-05-02T19:56:22.907+0000] {dag.py:3954} INFO - Setting next_dagrun for example_local_kubernetes_executor to None, run_after=None
[2025-05-02T19:56:22.985+0000] {processor.py:183} INFO - Processing /home/airflow/.local/lib/python3.12/site-packages/airflow/example_dags/example_local_kubernetes_executor.py took 0.242 seconds
[2025-05-02T19:56:53.883+0000] {processor.py:161} INFO - Started process (PID=3666) to work on /home/airflow/.local/lib/python3.12/site-packages/airflow/example_dags/example_local_kubernetes_executor.py
[2025-05-02T19:56:53.884+0000] {processor.py:830} INFO - Processing file /home/airflow/.local/lib/python3.12/site-packages/airflow/example_dags/example_local_kubernetes_executor.py for tasks to queue
[2025-05-02T19:56:53.891+0000] {logging_mixin.py:188} INFO - [2025-05-02T19:56:53.890+0000] {dagbag.py:540} INFO - Filling up the DagBag from /home/airflow/.local/lib/python3.12/site-packages/airflow/example_dags/example_local_kubernetes_executor.py
[2025-05-02T19:56:53.907+0000] {processor.py:840} INFO - DAG(s) 'example_local_kubernetes_executor' retrieved from /home/airflow/.local/lib/python3.12/site-packages/airflow/example_dags/example_local_kubernetes_executor.py
[2025-05-02T19:56:53.988+0000] {logging_mixin.py:188} INFO - [2025-05-02T19:56:53.987+0000] {dag.py:3096} INFO - Sync 1 DAGs
[2025-05-02T19:56:54.015+0000] {logging_mixin.py:188} INFO - [2025-05-02T19:56:54.015+0000] {dag.py:3954} INFO - Setting next_dagrun for example_local_kubernetes_executor to None, run_after=None
[2025-05-02T19:56:54.053+0000] {processor.py:183} INFO - Processing /home/airflow/.local/lib/python3.12/site-packages/airflow/example_dags/example_local_kubernetes_executor.py took 0.185 seconds
[2025-05-02T19:57:27.764+0000] {processor.py:161} INFO - Started process (PID=3768) to work on /home/airflow/.local/lib/python3.12/site-packages/airflow/example_dags/example_local_kubernetes_executor.py
[2025-05-02T19:57:27.776+0000] {processor.py:830} INFO - Processing file /home/airflow/.local/lib/python3.12/site-packages/airflow/example_dags/example_local_kubernetes_executor.py for tasks to queue
[2025-05-02T19:57:27.780+0000] {logging_mixin.py:188} INFO - [2025-05-02T19:57:27.779+0000] {dagbag.py:540} INFO - Filling up the DagBag from /home/airflow/.local/lib/python3.12/site-packages/airflow/example_dags/example_local_kubernetes_executor.py
[2025-05-02T19:57:27.810+0000] {processor.py:840} INFO - DAG(s) 'example_local_kubernetes_executor' retrieved from /home/airflow/.local/lib/python3.12/site-packages/airflow/example_dags/example_local_kubernetes_executor.py
[2025-05-02T19:57:27.948+0000] {logging_mixin.py:188} INFO - [2025-05-02T19:57:27.948+0000] {dag.py:3096} INFO - Sync 1 DAGs
[2025-05-02T19:57:27.980+0000] {logging_mixin.py:188} INFO - [2025-05-02T19:57:27.979+0000] {dag.py:3954} INFO - Setting next_dagrun for example_local_kubernetes_executor to None, run_after=None
[2025-05-02T19:57:28.043+0000] {processor.py:183} INFO - Processing /home/airflow/.local/lib/python3.12/site-packages/airflow/example_dags/example_local_kubernetes_executor.py took 0.294 seconds
[2025-05-02T19:58:01.844+0000] {processor.py:161} INFO - Started process (PID=3873) to work on /home/airflow/.local/lib/python3.12/site-packages/airflow/example_dags/example_local_kubernetes_executor.py
[2025-05-02T19:58:01.845+0000] {processor.py:830} INFO - Processing file /home/airflow/.local/lib/python3.12/site-packages/airflow/example_dags/example_local_kubernetes_executor.py for tasks to queue
[2025-05-02T19:58:01.849+0000] {logging_mixin.py:188} INFO - [2025-05-02T19:58:01.848+0000] {dagbag.py:540} INFO - Filling up the DagBag from /home/airflow/.local/lib/python3.12/site-packages/airflow/example_dags/example_local_kubernetes_executor.py
[2025-05-02T19:58:01.867+0000] {processor.py:840} INFO - DAG(s) 'example_local_kubernetes_executor' retrieved from /home/airflow/.local/lib/python3.12/site-packages/airflow/example_dags/example_local_kubernetes_executor.py
[2025-05-02T19:58:02.032+0000] {logging_mixin.py:188} INFO - [2025-05-02T19:58:02.031+0000] {dag.py:3096} INFO - Sync 1 DAGs
[2025-05-02T19:58:02.066+0000] {logging_mixin.py:188} INFO - [2025-05-02T19:58:02.066+0000] {dag.py:3954} INFO - Setting next_dagrun for example_local_kubernetes_executor to None, run_after=None
[2025-05-02T19:58:02.133+0000] {processor.py:183} INFO - Processing /home/airflow/.local/lib/python3.12/site-packages/airflow/example_dags/example_local_kubernetes_executor.py took 0.302 seconds
