[2025-05-02T19:33:06.469+0000] {processor.py:161} INFO - Started process (PID=64) to work on /home/airflow/.local/lib/python3.12/site-packages/airflow/example_dags/example_params_trigger_ui.py
[2025-05-02T19:33:06.470+0000] {processor.py:830} INFO - Processing file /home/airflow/.local/lib/python3.12/site-packages/airflow/example_dags/example_params_trigger_ui.py for tasks to queue
[2025-05-02T19:33:06.473+0000] {logging_mixin.py:188} INFO - [2025-05-02T19:33:06.473+0000] {dagbag.py:540} INFO - Filling up the DagBag from /home/airflow/.local/lib/python3.12/site-packages/airflow/example_dags/example_params_trigger_ui.py
[2025-05-02T19:33:06.516+0000] {processor.py:840} INFO - DAG(s) 'example_params_trigger_ui' retrieved from /home/airflow/.local/lib/python3.12/site-packages/airflow/example_dags/example_params_trigger_ui.py
[2025-05-02T19:33:06.534+0000] {logging_mixin.py:188} INFO - [2025-05-02T19:33:06.533+0000] {dag.py:3096} INFO - Sync 1 DAGs
[2025-05-02T19:33:06.561+0000] {logging_mixin.py:188} INFO - [2025-05-02T19:33:06.561+0000] {dag.py:3954} INFO - Setting next_dagrun for example_params_trigger_ui to None, run_after=None
[2025-05-02T19:33:06.600+0000] {processor.py:183} INFO - Processing /home/airflow/.local/lib/python3.12/site-packages/airflow/example_dags/example_params_trigger_ui.py took 0.144 seconds
[2025-05-02T19:33:36.880+0000] {processor.py:161} INFO - Started process (PID=122) to work on /home/airflow/.local/lib/python3.12/site-packages/airflow/example_dags/example_params_trigger_ui.py
[2025-05-02T19:33:36.881+0000] {processor.py:830} INFO - Processing file /home/airflow/.local/lib/python3.12/site-packages/airflow/example_dags/example_params_trigger_ui.py for tasks to queue
[2025-05-02T19:33:36.882+0000] {logging_mixin.py:188} INFO - [2025-05-02T19:33:36.882+0000] {dagbag.py:540} INFO - Filling up the DagBag from /home/airflow/.local/lib/python3.12/site-packages/airflow/example_dags/example_params_trigger_ui.py
[2025-05-02T19:33:36.892+0000] {processor.py:840} INFO - DAG(s) 'example_params_trigger_ui' retrieved from /home/airflow/.local/lib/python3.12/site-packages/airflow/example_dags/example_params_trigger_ui.py
[2025-05-02T19:33:37.003+0000] {logging_mixin.py:188} INFO - [2025-05-02T19:33:37.003+0000] {dag.py:3096} INFO - Sync 1 DAGs
[2025-05-02T19:33:37.013+0000] {logging_mixin.py:188} INFO - [2025-05-02T19:33:37.013+0000] {dag.py:3954} INFO - Setting next_dagrun for example_params_trigger_ui to None, run_after=None
[2025-05-02T19:33:37.030+0000] {processor.py:183} INFO - Processing /home/airflow/.local/lib/python3.12/site-packages/airflow/example_dags/example_params_trigger_ui.py took 0.155 seconds
[2025-05-02T19:34:07.462+0000] {processor.py:161} INFO - Started process (PID=180) to work on /home/airflow/.local/lib/python3.12/site-packages/airflow/example_dags/example_params_trigger_ui.py
[2025-05-02T19:34:07.463+0000] {processor.py:830} INFO - Processing file /home/airflow/.local/lib/python3.12/site-packages/airflow/example_dags/example_params_trigger_ui.py for tasks to queue
[2025-05-02T19:34:07.464+0000] {logging_mixin.py:188} INFO - [2025-05-02T19:34:07.464+0000] {dagbag.py:540} INFO - Filling up the DagBag from /home/airflow/.local/lib/python3.12/site-packages/airflow/example_dags/example_params_trigger_ui.py
[2025-05-02T19:34:07.475+0000] {processor.py:840} INFO - DAG(s) 'example_params_trigger_ui' retrieved from /home/airflow/.local/lib/python3.12/site-packages/airflow/example_dags/example_params_trigger_ui.py
[2025-05-02T19:34:07.507+0000] {logging_mixin.py:188} INFO - [2025-05-02T19:34:07.507+0000] {dag.py:3096} INFO - Sync 1 DAGs
[2025-05-02T19:34:07.518+0000] {logging_mixin.py:188} INFO - [2025-05-02T19:34:07.518+0000] {dag.py:3954} INFO - Setting next_dagrun for example_params_trigger_ui to None, run_after=None
[2025-05-02T19:34:07.532+0000] {processor.py:183} INFO - Processing /home/airflow/.local/lib/python3.12/site-packages/airflow/example_dags/example_params_trigger_ui.py took 0.075 seconds
[2025-05-02T19:34:38.855+0000] {processor.py:161} INFO - Started process (PID=238) to work on /home/airflow/.local/lib/python3.12/site-packages/airflow/example_dags/example_params_trigger_ui.py
[2025-05-02T19:34:38.856+0000] {processor.py:830} INFO - Processing file /home/airflow/.local/lib/python3.12/site-packages/airflow/example_dags/example_params_trigger_ui.py for tasks to queue
[2025-05-02T19:34:38.858+0000] {logging_mixin.py:188} INFO - [2025-05-02T19:34:38.857+0000] {dagbag.py:540} INFO - Filling up the DagBag from /home/airflow/.local/lib/python3.12/site-packages/airflow/example_dags/example_params_trigger_ui.py
[2025-05-02T19:34:38.874+0000] {processor.py:840} INFO - DAG(s) 'example_params_trigger_ui' retrieved from /home/airflow/.local/lib/python3.12/site-packages/airflow/example_dags/example_params_trigger_ui.py
[2025-05-02T19:34:38.914+0000] {logging_mixin.py:188} INFO - [2025-05-02T19:34:38.914+0000] {dag.py:3096} INFO - Sync 1 DAGs
[2025-05-02T19:34:38.925+0000] {logging_mixin.py:188} INFO - [2025-05-02T19:34:38.924+0000] {dag.py:3954} INFO - Setting next_dagrun for example_params_trigger_ui to None, run_after=None
[2025-05-02T19:34:38.940+0000] {processor.py:183} INFO - Processing /home/airflow/.local/lib/python3.12/site-packages/airflow/example_dags/example_params_trigger_ui.py took 0.091 seconds
[2025-05-02T19:35:09.520+0000] {processor.py:161} INFO - Started process (PID=296) to work on /home/airflow/.local/lib/python3.12/site-packages/airflow/example_dags/example_params_trigger_ui.py
[2025-05-02T19:35:09.521+0000] {processor.py:830} INFO - Processing file /home/airflow/.local/lib/python3.12/site-packages/airflow/example_dags/example_params_trigger_ui.py for tasks to queue
[2025-05-02T19:35:09.523+0000] {logging_mixin.py:188} INFO - [2025-05-02T19:35:09.522+0000] {dagbag.py:540} INFO - Filling up the DagBag from /home/airflow/.local/lib/python3.12/site-packages/airflow/example_dags/example_params_trigger_ui.py
[2025-05-02T19:35:09.536+0000] {processor.py:840} INFO - DAG(s) 'example_params_trigger_ui' retrieved from /home/airflow/.local/lib/python3.12/site-packages/airflow/example_dags/example_params_trigger_ui.py
[2025-05-02T19:35:09.579+0000] {logging_mixin.py:188} INFO - [2025-05-02T19:35:09.579+0000] {dag.py:3096} INFO - Sync 1 DAGs
[2025-05-02T19:35:09.592+0000] {logging_mixin.py:188} INFO - [2025-05-02T19:35:09.591+0000] {dag.py:3954} INFO - Setting next_dagrun for example_params_trigger_ui to None, run_after=None
[2025-05-02T19:35:09.607+0000] {processor.py:183} INFO - Processing /home/airflow/.local/lib/python3.12/site-packages/airflow/example_dags/example_params_trigger_ui.py took 0.093 seconds
[2025-05-02T19:35:39.928+0000] {processor.py:161} INFO - Started process (PID=354) to work on /home/airflow/.local/lib/python3.12/site-packages/airflow/example_dags/example_params_trigger_ui.py
[2025-05-02T19:35:39.929+0000] {processor.py:830} INFO - Processing file /home/airflow/.local/lib/python3.12/site-packages/airflow/example_dags/example_params_trigger_ui.py for tasks to queue
[2025-05-02T19:35:39.931+0000] {logging_mixin.py:188} INFO - [2025-05-02T19:35:39.931+0000] {dagbag.py:540} INFO - Filling up the DagBag from /home/airflow/.local/lib/python3.12/site-packages/airflow/example_dags/example_params_trigger_ui.py
[2025-05-02T19:35:39.942+0000] {processor.py:840} INFO - DAG(s) 'example_params_trigger_ui' retrieved from /home/airflow/.local/lib/python3.12/site-packages/airflow/example_dags/example_params_trigger_ui.py
[2025-05-02T19:35:39.978+0000] {logging_mixin.py:188} INFO - [2025-05-02T19:35:39.977+0000] {dag.py:3096} INFO - Sync 1 DAGs
[2025-05-02T19:35:39.989+0000] {logging_mixin.py:188} INFO - [2025-05-02T19:35:39.989+0000] {dag.py:3954} INFO - Setting next_dagrun for example_params_trigger_ui to None, run_after=None
[2025-05-02T19:35:40.005+0000] {processor.py:183} INFO - Processing /home/airflow/.local/lib/python3.12/site-packages/airflow/example_dags/example_params_trigger_ui.py took 0.082 seconds
[2025-05-02T19:36:10.428+0000] {processor.py:161} INFO - Started process (PID=412) to work on /home/airflow/.local/lib/python3.12/site-packages/airflow/example_dags/example_params_trigger_ui.py
[2025-05-02T19:36:10.432+0000] {processor.py:830} INFO - Processing file /home/airflow/.local/lib/python3.12/site-packages/airflow/example_dags/example_params_trigger_ui.py for tasks to queue
[2025-05-02T19:36:10.433+0000] {logging_mixin.py:188} INFO - [2025-05-02T19:36:10.433+0000] {dagbag.py:540} INFO - Filling up the DagBag from /home/airflow/.local/lib/python3.12/site-packages/airflow/example_dags/example_params_trigger_ui.py
[2025-05-02T19:36:10.443+0000] {processor.py:840} INFO - DAG(s) 'example_params_trigger_ui' retrieved from /home/airflow/.local/lib/python3.12/site-packages/airflow/example_dags/example_params_trigger_ui.py
[2025-05-02T19:36:10.477+0000] {logging_mixin.py:188} INFO - [2025-05-02T19:36:10.477+0000] {dag.py:3096} INFO - Sync 1 DAGs
[2025-05-02T19:36:10.488+0000] {logging_mixin.py:188} INFO - [2025-05-02T19:36:10.488+0000] {dag.py:3954} INFO - Setting next_dagrun for example_params_trigger_ui to None, run_after=None
[2025-05-02T19:36:10.504+0000] {processor.py:183} INFO - Processing /home/airflow/.local/lib/python3.12/site-packages/airflow/example_dags/example_params_trigger_ui.py took 0.080 seconds
[2025-05-02T19:36:40.869+0000] {processor.py:161} INFO - Started process (PID=470) to work on /home/airflow/.local/lib/python3.12/site-packages/airflow/example_dags/example_params_trigger_ui.py
[2025-05-02T19:36:40.870+0000] {processor.py:830} INFO - Processing file /home/airflow/.local/lib/python3.12/site-packages/airflow/example_dags/example_params_trigger_ui.py for tasks to queue
[2025-05-02T19:36:40.871+0000] {logging_mixin.py:188} INFO - [2025-05-02T19:36:40.871+0000] {dagbag.py:540} INFO - Filling up the DagBag from /home/airflow/.local/lib/python3.12/site-packages/airflow/example_dags/example_params_trigger_ui.py
[2025-05-02T19:36:40.884+0000] {processor.py:840} INFO - DAG(s) 'example_params_trigger_ui' retrieved from /home/airflow/.local/lib/python3.12/site-packages/airflow/example_dags/example_params_trigger_ui.py
[2025-05-02T19:36:40.924+0000] {logging_mixin.py:188} INFO - [2025-05-02T19:36:40.923+0000] {dag.py:3096} INFO - Sync 1 DAGs
[2025-05-02T19:36:40.937+0000] {logging_mixin.py:188} INFO - [2025-05-02T19:36:40.937+0000] {dag.py:3954} INFO - Setting next_dagrun for example_params_trigger_ui to None, run_after=None
[2025-05-02T19:36:40.953+0000] {processor.py:183} INFO - Processing /home/airflow/.local/lib/python3.12/site-packages/airflow/example_dags/example_params_trigger_ui.py took 0.089 seconds
[2025-05-02T19:37:11.161+0000] {processor.py:161} INFO - Started process (PID=528) to work on /home/airflow/.local/lib/python3.12/site-packages/airflow/example_dags/example_params_trigger_ui.py
[2025-05-02T19:37:11.163+0000] {processor.py:830} INFO - Processing file /home/airflow/.local/lib/python3.12/site-packages/airflow/example_dags/example_params_trigger_ui.py for tasks to queue
[2025-05-02T19:37:11.165+0000] {logging_mixin.py:188} INFO - [2025-05-02T19:37:11.164+0000] {dagbag.py:540} INFO - Filling up the DagBag from /home/airflow/.local/lib/python3.12/site-packages/airflow/example_dags/example_params_trigger_ui.py
[2025-05-02T19:37:11.180+0000] {processor.py:840} INFO - DAG(s) 'example_params_trigger_ui' retrieved from /home/airflow/.local/lib/python3.12/site-packages/airflow/example_dags/example_params_trigger_ui.py
[2025-05-02T19:37:11.218+0000] {logging_mixin.py:188} INFO - [2025-05-02T19:37:11.218+0000] {dag.py:3096} INFO - Sync 1 DAGs
[2025-05-02T19:37:11.230+0000] {logging_mixin.py:188} INFO - [2025-05-02T19:37:11.230+0000] {dag.py:3954} INFO - Setting next_dagrun for example_params_trigger_ui to None, run_after=None
[2025-05-02T19:37:11.247+0000] {processor.py:183} INFO - Processing /home/airflow/.local/lib/python3.12/site-packages/airflow/example_dags/example_params_trigger_ui.py took 0.092 seconds
[2025-05-02T19:37:41.754+0000] {processor.py:161} INFO - Started process (PID=586) to work on /home/airflow/.local/lib/python3.12/site-packages/airflow/example_dags/example_params_trigger_ui.py
[2025-05-02T19:37:41.755+0000] {processor.py:830} INFO - Processing file /home/airflow/.local/lib/python3.12/site-packages/airflow/example_dags/example_params_trigger_ui.py for tasks to queue
[2025-05-02T19:37:41.756+0000] {logging_mixin.py:188} INFO - [2025-05-02T19:37:41.756+0000] {dagbag.py:540} INFO - Filling up the DagBag from /home/airflow/.local/lib/python3.12/site-packages/airflow/example_dags/example_params_trigger_ui.py
[2025-05-02T19:37:41.767+0000] {processor.py:840} INFO - DAG(s) 'example_params_trigger_ui' retrieved from /home/airflow/.local/lib/python3.12/site-packages/airflow/example_dags/example_params_trigger_ui.py
[2025-05-02T19:37:41.799+0000] {logging_mixin.py:188} INFO - [2025-05-02T19:37:41.799+0000] {dag.py:3096} INFO - Sync 1 DAGs
[2025-05-02T19:37:41.809+0000] {logging_mixin.py:188} INFO - [2025-05-02T19:37:41.809+0000] {dag.py:3954} INFO - Setting next_dagrun for example_params_trigger_ui to None, run_after=None
[2025-05-02T19:37:41.823+0000] {processor.py:183} INFO - Processing /home/airflow/.local/lib/python3.12/site-packages/airflow/example_dags/example_params_trigger_ui.py took 0.075 seconds
[2025-05-02T19:38:12.006+0000] {processor.py:161} INFO - Started process (PID=644) to work on /home/airflow/.local/lib/python3.12/site-packages/airflow/example_dags/example_params_trigger_ui.py
[2025-05-02T19:38:12.007+0000] {processor.py:830} INFO - Processing file /home/airflow/.local/lib/python3.12/site-packages/airflow/example_dags/example_params_trigger_ui.py for tasks to queue
[2025-05-02T19:38:12.008+0000] {logging_mixin.py:188} INFO - [2025-05-02T19:38:12.008+0000] {dagbag.py:540} INFO - Filling up the DagBag from /home/airflow/.local/lib/python3.12/site-packages/airflow/example_dags/example_params_trigger_ui.py
[2025-05-02T19:38:12.019+0000] {processor.py:840} INFO - DAG(s) 'example_params_trigger_ui' retrieved from /home/airflow/.local/lib/python3.12/site-packages/airflow/example_dags/example_params_trigger_ui.py
[2025-05-02T19:38:12.056+0000] {logging_mixin.py:188} INFO - [2025-05-02T19:38:12.056+0000] {dag.py:3096} INFO - Sync 1 DAGs
[2025-05-02T19:38:12.066+0000] {logging_mixin.py:188} INFO - [2025-05-02T19:38:12.066+0000] {dag.py:3954} INFO - Setting next_dagrun for example_params_trigger_ui to None, run_after=None
[2025-05-02T19:38:12.081+0000] {processor.py:183} INFO - Processing /home/airflow/.local/lib/python3.12/site-packages/airflow/example_dags/example_params_trigger_ui.py took 0.081 seconds
[2025-05-02T19:38:44.487+0000] {processor.py:161} INFO - Started process (PID=702) to work on /home/airflow/.local/lib/python3.12/site-packages/airflow/example_dags/example_params_trigger_ui.py
[2025-05-02T19:38:44.488+0000] {processor.py:830} INFO - Processing file /home/airflow/.local/lib/python3.12/site-packages/airflow/example_dags/example_params_trigger_ui.py for tasks to queue
[2025-05-02T19:38:44.489+0000] {logging_mixin.py:188} INFO - [2025-05-02T19:38:44.489+0000] {dagbag.py:540} INFO - Filling up the DagBag from /home/airflow/.local/lib/python3.12/site-packages/airflow/example_dags/example_params_trigger_ui.py
[2025-05-02T19:38:44.502+0000] {processor.py:840} INFO - DAG(s) 'example_params_trigger_ui' retrieved from /home/airflow/.local/lib/python3.12/site-packages/airflow/example_dags/example_params_trigger_ui.py
[2025-05-02T19:38:44.543+0000] {logging_mixin.py:188} INFO - [2025-05-02T19:38:44.543+0000] {dag.py:3096} INFO - Sync 1 DAGs
[2025-05-02T19:38:44.556+0000] {logging_mixin.py:188} INFO - [2025-05-02T19:38:44.556+0000] {dag.py:3954} INFO - Setting next_dagrun for example_params_trigger_ui to None, run_after=None
[2025-05-02T19:38:44.576+0000] {processor.py:183} INFO - Processing /home/airflow/.local/lib/python3.12/site-packages/airflow/example_dags/example_params_trigger_ui.py took 0.094 seconds
[2025-05-02T19:39:15.138+0000] {processor.py:161} INFO - Started process (PID=760) to work on /home/airflow/.local/lib/python3.12/site-packages/airflow/example_dags/example_params_trigger_ui.py
[2025-05-02T19:39:15.139+0000] {processor.py:830} INFO - Processing file /home/airflow/.local/lib/python3.12/site-packages/airflow/example_dags/example_params_trigger_ui.py for tasks to queue
[2025-05-02T19:39:15.142+0000] {logging_mixin.py:188} INFO - [2025-05-02T19:39:15.141+0000] {dagbag.py:540} INFO - Filling up the DagBag from /home/airflow/.local/lib/python3.12/site-packages/airflow/example_dags/example_params_trigger_ui.py
[2025-05-02T19:39:15.156+0000] {processor.py:840} INFO - DAG(s) 'example_params_trigger_ui' retrieved from /home/airflow/.local/lib/python3.12/site-packages/airflow/example_dags/example_params_trigger_ui.py
[2025-05-02T19:39:15.200+0000] {logging_mixin.py:188} INFO - [2025-05-02T19:39:15.199+0000] {dag.py:3096} INFO - Sync 1 DAGs
[2025-05-02T19:39:15.211+0000] {logging_mixin.py:188} INFO - [2025-05-02T19:39:15.211+0000] {dag.py:3954} INFO - Setting next_dagrun for example_params_trigger_ui to None, run_after=None
[2025-05-02T19:39:15.228+0000] {processor.py:183} INFO - Processing /home/airflow/.local/lib/python3.12/site-packages/airflow/example_dags/example_params_trigger_ui.py took 0.101 seconds
[2025-05-02T19:39:45.511+0000] {processor.py:161} INFO - Started process (PID=818) to work on /home/airflow/.local/lib/python3.12/site-packages/airflow/example_dags/example_params_trigger_ui.py
[2025-05-02T19:39:45.512+0000] {processor.py:830} INFO - Processing file /home/airflow/.local/lib/python3.12/site-packages/airflow/example_dags/example_params_trigger_ui.py for tasks to queue
[2025-05-02T19:39:45.514+0000] {logging_mixin.py:188} INFO - [2025-05-02T19:39:45.514+0000] {dagbag.py:540} INFO - Filling up the DagBag from /home/airflow/.local/lib/python3.12/site-packages/airflow/example_dags/example_params_trigger_ui.py
[2025-05-02T19:39:45.524+0000] {processor.py:840} INFO - DAG(s) 'example_params_trigger_ui' retrieved from /home/airflow/.local/lib/python3.12/site-packages/airflow/example_dags/example_params_trigger_ui.py
[2025-05-02T19:39:45.555+0000] {logging_mixin.py:188} INFO - [2025-05-02T19:39:45.555+0000] {dag.py:3096} INFO - Sync 1 DAGs
[2025-05-02T19:39:45.565+0000] {logging_mixin.py:188} INFO - [2025-05-02T19:39:45.565+0000] {dag.py:3954} INFO - Setting next_dagrun for example_params_trigger_ui to None, run_after=None
[2025-05-02T19:39:45.581+0000] {processor.py:183} INFO - Processing /home/airflow/.local/lib/python3.12/site-packages/airflow/example_dags/example_params_trigger_ui.py took 0.074 seconds
[2025-05-02T19:40:16.178+0000] {processor.py:161} INFO - Started process (PID=876) to work on /home/airflow/.local/lib/python3.12/site-packages/airflow/example_dags/example_params_trigger_ui.py
[2025-05-02T19:40:16.179+0000] {processor.py:830} INFO - Processing file /home/airflow/.local/lib/python3.12/site-packages/airflow/example_dags/example_params_trigger_ui.py for tasks to queue
[2025-05-02T19:40:16.180+0000] {logging_mixin.py:188} INFO - [2025-05-02T19:40:16.180+0000] {dagbag.py:540} INFO - Filling up the DagBag from /home/airflow/.local/lib/python3.12/site-packages/airflow/example_dags/example_params_trigger_ui.py
[2025-05-02T19:40:16.189+0000] {processor.py:840} INFO - DAG(s) 'example_params_trigger_ui' retrieved from /home/airflow/.local/lib/python3.12/site-packages/airflow/example_dags/example_params_trigger_ui.py
[2025-05-02T19:40:16.224+0000] {logging_mixin.py:188} INFO - [2025-05-02T19:40:16.224+0000] {dag.py:3096} INFO - Sync 1 DAGs
[2025-05-02T19:40:16.233+0000] {logging_mixin.py:188} INFO - [2025-05-02T19:40:16.233+0000] {dag.py:3954} INFO - Setting next_dagrun for example_params_trigger_ui to None, run_after=None
[2025-05-02T19:40:16.250+0000] {processor.py:183} INFO - Processing /home/airflow/.local/lib/python3.12/site-packages/airflow/example_dags/example_params_trigger_ui.py took 0.076 seconds
[2025-05-02T19:40:46.692+0000] {processor.py:161} INFO - Started process (PID=934) to work on /home/airflow/.local/lib/python3.12/site-packages/airflow/example_dags/example_params_trigger_ui.py
[2025-05-02T19:40:46.693+0000] {processor.py:830} INFO - Processing file /home/airflow/.local/lib/python3.12/site-packages/airflow/example_dags/example_params_trigger_ui.py for tasks to queue
[2025-05-02T19:40:46.694+0000] {logging_mixin.py:188} INFO - [2025-05-02T19:40:46.694+0000] {dagbag.py:540} INFO - Filling up the DagBag from /home/airflow/.local/lib/python3.12/site-packages/airflow/example_dags/example_params_trigger_ui.py
[2025-05-02T19:40:46.703+0000] {processor.py:840} INFO - DAG(s) 'example_params_trigger_ui' retrieved from /home/airflow/.local/lib/python3.12/site-packages/airflow/example_dags/example_params_trigger_ui.py
[2025-05-02T19:40:46.735+0000] {logging_mixin.py:188} INFO - [2025-05-02T19:40:46.735+0000] {dag.py:3096} INFO - Sync 1 DAGs
[2025-05-02T19:40:46.744+0000] {logging_mixin.py:188} INFO - [2025-05-02T19:40:46.744+0000] {dag.py:3954} INFO - Setting next_dagrun for example_params_trigger_ui to None, run_after=None
[2025-05-02T19:40:46.759+0000] {processor.py:183} INFO - Processing /home/airflow/.local/lib/python3.12/site-packages/airflow/example_dags/example_params_trigger_ui.py took 0.072 seconds
[2025-05-02T19:41:17.132+0000] {processor.py:161} INFO - Started process (PID=986) to work on /home/airflow/.local/lib/python3.12/site-packages/airflow/example_dags/example_params_trigger_ui.py
[2025-05-02T19:41:17.133+0000] {processor.py:830} INFO - Processing file /home/airflow/.local/lib/python3.12/site-packages/airflow/example_dags/example_params_trigger_ui.py for tasks to queue
[2025-05-02T19:41:17.134+0000] {logging_mixin.py:188} INFO - [2025-05-02T19:41:17.134+0000] {dagbag.py:540} INFO - Filling up the DagBag from /home/airflow/.local/lib/python3.12/site-packages/airflow/example_dags/example_params_trigger_ui.py
[2025-05-02T19:41:17.145+0000] {processor.py:840} INFO - DAG(s) 'example_params_trigger_ui' retrieved from /home/airflow/.local/lib/python3.12/site-packages/airflow/example_dags/example_params_trigger_ui.py
[2025-05-02T19:41:17.185+0000] {logging_mixin.py:188} INFO - [2025-05-02T19:41:17.185+0000] {dag.py:3096} INFO - Sync 1 DAGs
[2025-05-02T19:41:17.195+0000] {logging_mixin.py:188} INFO - [2025-05-02T19:41:17.195+0000] {dag.py:3954} INFO - Setting next_dagrun for example_params_trigger_ui to None, run_after=None
[2025-05-02T19:41:17.211+0000] {processor.py:183} INFO - Processing /home/airflow/.local/lib/python3.12/site-packages/airflow/example_dags/example_params_trigger_ui.py took 0.086 seconds
[2025-05-02T19:41:47.847+0000] {processor.py:161} INFO - Started process (PID=1044) to work on /home/airflow/.local/lib/python3.12/site-packages/airflow/example_dags/example_params_trigger_ui.py
[2025-05-02T19:41:47.848+0000] {processor.py:830} INFO - Processing file /home/airflow/.local/lib/python3.12/site-packages/airflow/example_dags/example_params_trigger_ui.py for tasks to queue
[2025-05-02T19:41:47.850+0000] {logging_mixin.py:188} INFO - [2025-05-02T19:41:47.850+0000] {dagbag.py:540} INFO - Filling up the DagBag from /home/airflow/.local/lib/python3.12/site-packages/airflow/example_dags/example_params_trigger_ui.py
[2025-05-02T19:41:47.860+0000] {processor.py:840} INFO - DAG(s) 'example_params_trigger_ui' retrieved from /home/airflow/.local/lib/python3.12/site-packages/airflow/example_dags/example_params_trigger_ui.py
[2025-05-02T19:41:47.891+0000] {logging_mixin.py:188} INFO - [2025-05-02T19:41:47.891+0000] {dag.py:3096} INFO - Sync 1 DAGs
[2025-05-02T19:41:47.904+0000] {logging_mixin.py:188} INFO - [2025-05-02T19:41:47.903+0000] {dag.py:3954} INFO - Setting next_dagrun for example_params_trigger_ui to None, run_after=None
[2025-05-02T19:41:47.919+0000] {processor.py:183} INFO - Processing /home/airflow/.local/lib/python3.12/site-packages/airflow/example_dags/example_params_trigger_ui.py took 0.078 seconds
[2025-05-02T19:42:18.451+0000] {processor.py:161} INFO - Started process (PID=1102) to work on /home/airflow/.local/lib/python3.12/site-packages/airflow/example_dags/example_params_trigger_ui.py
[2025-05-02T19:42:18.452+0000] {processor.py:830} INFO - Processing file /home/airflow/.local/lib/python3.12/site-packages/airflow/example_dags/example_params_trigger_ui.py for tasks to queue
[2025-05-02T19:42:18.453+0000] {logging_mixin.py:188} INFO - [2025-05-02T19:42:18.453+0000] {dagbag.py:540} INFO - Filling up the DagBag from /home/airflow/.local/lib/python3.12/site-packages/airflow/example_dags/example_params_trigger_ui.py
[2025-05-02T19:42:18.467+0000] {processor.py:840} INFO - DAG(s) 'example_params_trigger_ui' retrieved from /home/airflow/.local/lib/python3.12/site-packages/airflow/example_dags/example_params_trigger_ui.py
[2025-05-02T19:42:18.511+0000] {logging_mixin.py:188} INFO - [2025-05-02T19:42:18.511+0000] {dag.py:3096} INFO - Sync 1 DAGs
[2025-05-02T19:42:18.525+0000] {logging_mixin.py:188} INFO - [2025-05-02T19:42:18.525+0000] {dag.py:3954} INFO - Setting next_dagrun for example_params_trigger_ui to None, run_after=None
[2025-05-02T19:42:18.542+0000] {processor.py:183} INFO - Processing /home/airflow/.local/lib/python3.12/site-packages/airflow/example_dags/example_params_trigger_ui.py took 0.097 seconds
[2025-05-02T19:42:50.125+0000] {processor.py:161} INFO - Started process (PID=1160) to work on /home/airflow/.local/lib/python3.12/site-packages/airflow/example_dags/example_params_trigger_ui.py
[2025-05-02T19:42:50.126+0000] {processor.py:830} INFO - Processing file /home/airflow/.local/lib/python3.12/site-packages/airflow/example_dags/example_params_trigger_ui.py for tasks to queue
[2025-05-02T19:42:50.128+0000] {logging_mixin.py:188} INFO - [2025-05-02T19:42:50.128+0000] {dagbag.py:540} INFO - Filling up the DagBag from /home/airflow/.local/lib/python3.12/site-packages/airflow/example_dags/example_params_trigger_ui.py
[2025-05-02T19:42:50.145+0000] {processor.py:840} INFO - DAG(s) 'example_params_trigger_ui' retrieved from /home/airflow/.local/lib/python3.12/site-packages/airflow/example_dags/example_params_trigger_ui.py
[2025-05-02T19:42:50.197+0000] {logging_mixin.py:188} INFO - [2025-05-02T19:42:50.196+0000] {dag.py:3096} INFO - Sync 1 DAGs
[2025-05-02T19:42:50.212+0000] {logging_mixin.py:188} INFO - [2025-05-02T19:42:50.212+0000] {dag.py:3954} INFO - Setting next_dagrun for example_params_trigger_ui to None, run_after=None
[2025-05-02T19:42:50.239+0000] {processor.py:183} INFO - Processing /home/airflow/.local/lib/python3.12/site-packages/airflow/example_dags/example_params_trigger_ui.py took 0.121 seconds
[2025-05-02T19:43:20.389+0000] {processor.py:161} INFO - Started process (PID=1220) to work on /home/airflow/.local/lib/python3.12/site-packages/airflow/example_dags/example_params_trigger_ui.py
[2025-05-02T19:43:20.391+0000] {processor.py:830} INFO - Processing file /home/airflow/.local/lib/python3.12/site-packages/airflow/example_dags/example_params_trigger_ui.py for tasks to queue
[2025-05-02T19:43:20.392+0000] {logging_mixin.py:188} INFO - [2025-05-02T19:43:20.392+0000] {dagbag.py:540} INFO - Filling up the DagBag from /home/airflow/.local/lib/python3.12/site-packages/airflow/example_dags/example_params_trigger_ui.py
[2025-05-02T19:43:20.409+0000] {processor.py:840} INFO - DAG(s) 'example_params_trigger_ui' retrieved from /home/airflow/.local/lib/python3.12/site-packages/airflow/example_dags/example_params_trigger_ui.py
[2025-05-02T19:43:20.460+0000] {logging_mixin.py:188} INFO - [2025-05-02T19:43:20.459+0000] {dag.py:3096} INFO - Sync 1 DAGs
[2025-05-02T19:43:20.472+0000] {logging_mixin.py:188} INFO - [2025-05-02T19:43:20.472+0000] {dag.py:3954} INFO - Setting next_dagrun for example_params_trigger_ui to None, run_after=None
[2025-05-02T19:43:20.489+0000] {processor.py:183} INFO - Processing /home/airflow/.local/lib/python3.12/site-packages/airflow/example_dags/example_params_trigger_ui.py took 0.108 seconds
[2025-05-02T19:43:50.961+0000] {processor.py:161} INFO - Started process (PID=1280) to work on /home/airflow/.local/lib/python3.12/site-packages/airflow/example_dags/example_params_trigger_ui.py
[2025-05-02T19:43:50.962+0000] {processor.py:830} INFO - Processing file /home/airflow/.local/lib/python3.12/site-packages/airflow/example_dags/example_params_trigger_ui.py for tasks to queue
[2025-05-02T19:43:50.965+0000] {logging_mixin.py:188} INFO - [2025-05-02T19:43:50.964+0000] {dagbag.py:540} INFO - Filling up the DagBag from /home/airflow/.local/lib/python3.12/site-packages/airflow/example_dags/example_params_trigger_ui.py
[2025-05-02T19:43:50.976+0000] {processor.py:840} INFO - DAG(s) 'example_params_trigger_ui' retrieved from /home/airflow/.local/lib/python3.12/site-packages/airflow/example_dags/example_params_trigger_ui.py
[2025-05-02T19:43:51.011+0000] {logging_mixin.py:188} INFO - [2025-05-02T19:43:51.010+0000] {dag.py:3096} INFO - Sync 1 DAGs
[2025-05-02T19:43:51.020+0000] {logging_mixin.py:188} INFO - [2025-05-02T19:43:51.020+0000] {dag.py:3954} INFO - Setting next_dagrun for example_params_trigger_ui to None, run_after=None
[2025-05-02T19:43:51.038+0000] {processor.py:183} INFO - Processing /home/airflow/.local/lib/python3.12/site-packages/airflow/example_dags/example_params_trigger_ui.py took 0.085 seconds
[2025-05-02T19:44:23.291+0000] {processor.py:161} INFO - Started process (PID=1375) to work on /home/airflow/.local/lib/python3.12/site-packages/airflow/example_dags/example_params_trigger_ui.py
[2025-05-02T19:44:23.292+0000] {processor.py:830} INFO - Processing file /home/airflow/.local/lib/python3.12/site-packages/airflow/example_dags/example_params_trigger_ui.py for tasks to queue
[2025-05-02T19:44:23.295+0000] {logging_mixin.py:188} INFO - [2025-05-02T19:44:23.295+0000] {dagbag.py:540} INFO - Filling up the DagBag from /home/airflow/.local/lib/python3.12/site-packages/airflow/example_dags/example_params_trigger_ui.py
[2025-05-02T19:44:23.322+0000] {processor.py:840} INFO - DAG(s) 'example_params_trigger_ui' retrieved from /home/airflow/.local/lib/python3.12/site-packages/airflow/example_dags/example_params_trigger_ui.py
[2025-05-02T19:44:23.654+0000] {logging_mixin.py:188} INFO - [2025-05-02T19:44:23.654+0000] {dag.py:3096} INFO - Sync 1 DAGs
[2025-05-02T19:44:23.718+0000] {logging_mixin.py:188} INFO - [2025-05-02T19:44:23.718+0000] {dag.py:3954} INFO - Setting next_dagrun for example_params_trigger_ui to None, run_after=None
[2025-05-02T19:44:23.836+0000] {processor.py:183} INFO - Processing /home/airflow/.local/lib/python3.12/site-packages/airflow/example_dags/example_params_trigger_ui.py took 0.567 seconds
[2025-05-02T19:44:54.993+0000] {processor.py:161} INFO - Started process (PID=1477) to work on /home/airflow/.local/lib/python3.12/site-packages/airflow/example_dags/example_params_trigger_ui.py
[2025-05-02T19:44:54.994+0000] {processor.py:830} INFO - Processing file /home/airflow/.local/lib/python3.12/site-packages/airflow/example_dags/example_params_trigger_ui.py for tasks to queue
[2025-05-02T19:44:54.998+0000] {logging_mixin.py:188} INFO - [2025-05-02T19:44:54.997+0000] {dagbag.py:540} INFO - Filling up the DagBag from /home/airflow/.local/lib/python3.12/site-packages/airflow/example_dags/example_params_trigger_ui.py
[2025-05-02T19:44:55.026+0000] {processor.py:840} INFO - DAG(s) 'example_params_trigger_ui' retrieved from /home/airflow/.local/lib/python3.12/site-packages/airflow/example_dags/example_params_trigger_ui.py
[2025-05-02T19:44:55.163+0000] {logging_mixin.py:188} INFO - [2025-05-02T19:44:55.162+0000] {dag.py:3096} INFO - Sync 1 DAGs
[2025-05-02T19:44:55.190+0000] {logging_mixin.py:188} INFO - [2025-05-02T19:44:55.189+0000] {dag.py:3954} INFO - Setting next_dagrun for example_params_trigger_ui to None, run_after=None
[2025-05-02T19:44:55.237+0000] {processor.py:183} INFO - Processing /home/airflow/.local/lib/python3.12/site-packages/airflow/example_dags/example_params_trigger_ui.py took 0.257 seconds
[2025-05-02T19:45:27.078+0000] {processor.py:161} INFO - Started process (PID=1571) to work on /home/airflow/.local/lib/python3.12/site-packages/airflow/example_dags/example_params_trigger_ui.py
[2025-05-02T19:45:27.080+0000] {processor.py:830} INFO - Processing file /home/airflow/.local/lib/python3.12/site-packages/airflow/example_dags/example_params_trigger_ui.py for tasks to queue
[2025-05-02T19:45:27.084+0000] {logging_mixin.py:188} INFO - [2025-05-02T19:45:27.083+0000] {dagbag.py:540} INFO - Filling up the DagBag from /home/airflow/.local/lib/python3.12/site-packages/airflow/example_dags/example_params_trigger_ui.py
[2025-05-02T19:45:27.130+0000] {processor.py:840} INFO - DAG(s) 'example_params_trigger_ui' retrieved from /home/airflow/.local/lib/python3.12/site-packages/airflow/example_dags/example_params_trigger_ui.py
[2025-05-02T19:45:27.339+0000] {logging_mixin.py:188} INFO - [2025-05-02T19:45:27.338+0000] {dag.py:3096} INFO - Sync 1 DAGs
[2025-05-02T19:45:27.381+0000] {logging_mixin.py:188} INFO - [2025-05-02T19:45:27.381+0000] {dag.py:3954} INFO - Setting next_dagrun for example_params_trigger_ui to None, run_after=None
[2025-05-02T19:45:27.443+0000] {processor.py:183} INFO - Processing /home/airflow/.local/lib/python3.12/site-packages/airflow/example_dags/example_params_trigger_ui.py took 0.388 seconds
[2025-05-02T19:45:57.901+0000] {processor.py:161} INFO - Started process (PID=1678) to work on /home/airflow/.local/lib/python3.12/site-packages/airflow/example_dags/example_params_trigger_ui.py
[2025-05-02T19:45:57.907+0000] {processor.py:830} INFO - Processing file /home/airflow/.local/lib/python3.12/site-packages/airflow/example_dags/example_params_trigger_ui.py for tasks to queue
[2025-05-02T19:45:57.911+0000] {logging_mixin.py:188} INFO - [2025-05-02T19:45:57.910+0000] {dagbag.py:540} INFO - Filling up the DagBag from /home/airflow/.local/lib/python3.12/site-packages/airflow/example_dags/example_params_trigger_ui.py
[2025-05-02T19:45:57.942+0000] {processor.py:840} INFO - DAG(s) 'example_params_trigger_ui' retrieved from /home/airflow/.local/lib/python3.12/site-packages/airflow/example_dags/example_params_trigger_ui.py
[2025-05-02T19:45:58.094+0000] {logging_mixin.py:188} INFO - [2025-05-02T19:45:58.094+0000] {dag.py:3096} INFO - Sync 1 DAGs
[2025-05-02T19:45:58.129+0000] {logging_mixin.py:188} INFO - [2025-05-02T19:45:58.128+0000] {dag.py:3954} INFO - Setting next_dagrun for example_params_trigger_ui to None, run_after=None
[2025-05-02T19:45:58.198+0000] {processor.py:183} INFO - Processing /home/airflow/.local/lib/python3.12/site-packages/airflow/example_dags/example_params_trigger_ui.py took 0.310 seconds
[2025-05-02T19:46:28.408+0000] {processor.py:161} INFO - Started process (PID=1778) to work on /home/airflow/.local/lib/python3.12/site-packages/airflow/example_dags/example_params_trigger_ui.py
[2025-05-02T19:46:28.409+0000] {processor.py:830} INFO - Processing file /home/airflow/.local/lib/python3.12/site-packages/airflow/example_dags/example_params_trigger_ui.py for tasks to queue
[2025-05-02T19:46:28.417+0000] {logging_mixin.py:188} INFO - [2025-05-02T19:46:28.416+0000] {dagbag.py:540} INFO - Filling up the DagBag from /home/airflow/.local/lib/python3.12/site-packages/airflow/example_dags/example_params_trigger_ui.py
[2025-05-02T19:46:28.453+0000] {processor.py:840} INFO - DAG(s) 'example_params_trigger_ui' retrieved from /home/airflow/.local/lib/python3.12/site-packages/airflow/example_dags/example_params_trigger_ui.py
[2025-05-02T19:46:28.608+0000] {logging_mixin.py:188} INFO - [2025-05-02T19:46:28.607+0000] {dag.py:3096} INFO - Sync 1 DAGs
[2025-05-02T19:46:28.661+0000] {logging_mixin.py:188} INFO - [2025-05-02T19:46:28.660+0000] {dag.py:3954} INFO - Setting next_dagrun for example_params_trigger_ui to None, run_after=None
[2025-05-02T19:46:28.713+0000] {processor.py:183} INFO - Processing /home/airflow/.local/lib/python3.12/site-packages/airflow/example_dags/example_params_trigger_ui.py took 0.317 seconds
[2025-05-02T19:46:58.994+0000] {processor.py:161} INFO - Started process (PID=1892) to work on /home/airflow/.local/lib/python3.12/site-packages/airflow/example_dags/example_params_trigger_ui.py
[2025-05-02T19:46:59.010+0000] {processor.py:830} INFO - Processing file /home/airflow/.local/lib/python3.12/site-packages/airflow/example_dags/example_params_trigger_ui.py for tasks to queue
[2025-05-02T19:46:59.014+0000] {logging_mixin.py:188} INFO - [2025-05-02T19:46:59.013+0000] {dagbag.py:540} INFO - Filling up the DagBag from /home/airflow/.local/lib/python3.12/site-packages/airflow/example_dags/example_params_trigger_ui.py
[2025-05-02T19:46:59.073+0000] {processor.py:840} INFO - DAG(s) 'example_params_trigger_ui' retrieved from /home/airflow/.local/lib/python3.12/site-packages/airflow/example_dags/example_params_trigger_ui.py
[2025-05-02T19:46:59.246+0000] {logging_mixin.py:188} INFO - [2025-05-02T19:46:59.246+0000] {dag.py:3096} INFO - Sync 1 DAGs
[2025-05-02T19:46:59.278+0000] {logging_mixin.py:188} INFO - [2025-05-02T19:46:59.278+0000] {dag.py:3954} INFO - Setting next_dagrun for example_params_trigger_ui to None, run_after=None
[2025-05-02T19:46:59.332+0000] {processor.py:183} INFO - Processing /home/airflow/.local/lib/python3.12/site-packages/airflow/example_dags/example_params_trigger_ui.py took 0.367 seconds
[2025-05-02T19:47:34.810+0000] {processor.py:161} INFO - Started process (PID=1994) to work on /home/airflow/.local/lib/python3.12/site-packages/airflow/example_dags/example_params_trigger_ui.py
[2025-05-02T19:47:34.815+0000] {processor.py:830} INFO - Processing file /home/airflow/.local/lib/python3.12/site-packages/airflow/example_dags/example_params_trigger_ui.py for tasks to queue
[2025-05-02T19:47:34.819+0000] {logging_mixin.py:188} INFO - [2025-05-02T19:47:34.819+0000] {dagbag.py:540} INFO - Filling up the DagBag from /home/airflow/.local/lib/python3.12/site-packages/airflow/example_dags/example_params_trigger_ui.py
[2025-05-02T19:47:34.910+0000] {processor.py:840} INFO - DAG(s) 'example_params_trigger_ui' retrieved from /home/airflow/.local/lib/python3.12/site-packages/airflow/example_dags/example_params_trigger_ui.py
[2025-05-02T19:47:35.174+0000] {logging_mixin.py:188} INFO - [2025-05-02T19:47:35.173+0000] {dag.py:3096} INFO - Sync 1 DAGs
[2025-05-02T19:47:35.243+0000] {logging_mixin.py:188} INFO - [2025-05-02T19:47:35.243+0000] {dag.py:3954} INFO - Setting next_dagrun for example_params_trigger_ui to None, run_after=None
[2025-05-02T19:47:35.371+0000] {processor.py:183} INFO - Processing /home/airflow/.local/lib/python3.12/site-packages/airflow/example_dags/example_params_trigger_ui.py took 0.599 seconds
[2025-05-02T19:48:08.221+0000] {processor.py:161} INFO - Started process (PID=2098) to work on /home/airflow/.local/lib/python3.12/site-packages/airflow/example_dags/example_params_trigger_ui.py
[2025-05-02T19:48:08.232+0000] {processor.py:830} INFO - Processing file /home/airflow/.local/lib/python3.12/site-packages/airflow/example_dags/example_params_trigger_ui.py for tasks to queue
[2025-05-02T19:48:08.237+0000] {logging_mixin.py:188} INFO - [2025-05-02T19:48:08.236+0000] {dagbag.py:540} INFO - Filling up the DagBag from /home/airflow/.local/lib/python3.12/site-packages/airflow/example_dags/example_params_trigger_ui.py
[2025-05-02T19:48:08.301+0000] {processor.py:840} INFO - DAG(s) 'example_params_trigger_ui' retrieved from /home/airflow/.local/lib/python3.12/site-packages/airflow/example_dags/example_params_trigger_ui.py
[2025-05-02T19:48:08.555+0000] {logging_mixin.py:188} INFO - [2025-05-02T19:48:08.554+0000] {dag.py:3096} INFO - Sync 1 DAGs
[2025-05-02T19:48:08.600+0000] {logging_mixin.py:188} INFO - [2025-05-02T19:48:08.599+0000] {dag.py:3954} INFO - Setting next_dagrun for example_params_trigger_ui to None, run_after=None
[2025-05-02T19:48:08.691+0000] {processor.py:183} INFO - Processing /home/airflow/.local/lib/python3.12/site-packages/airflow/example_dags/example_params_trigger_ui.py took 0.486 seconds
[2025-05-02T19:48:45.802+0000] {processor.py:161} INFO - Started process (PID=2190) to work on /home/airflow/.local/lib/python3.12/site-packages/airflow/example_dags/example_params_trigger_ui.py
[2025-05-02T19:48:45.809+0000] {processor.py:830} INFO - Processing file /home/airflow/.local/lib/python3.12/site-packages/airflow/example_dags/example_params_trigger_ui.py for tasks to queue
[2025-05-02T19:48:45.814+0000] {logging_mixin.py:188} INFO - [2025-05-02T19:48:45.813+0000] {dagbag.py:540} INFO - Filling up the DagBag from /home/airflow/.local/lib/python3.12/site-packages/airflow/example_dags/example_params_trigger_ui.py
[2025-05-02T19:48:45.888+0000] {processor.py:840} INFO - DAG(s) 'example_params_trigger_ui' retrieved from /home/airflow/.local/lib/python3.12/site-packages/airflow/example_dags/example_params_trigger_ui.py
[2025-05-02T19:48:46.200+0000] {logging_mixin.py:188} INFO - [2025-05-02T19:48:46.200+0000] {dag.py:3096} INFO - Sync 1 DAGs
[2025-05-02T19:48:46.243+0000] {logging_mixin.py:188} INFO - [2025-05-02T19:48:46.242+0000] {dag.py:3954} INFO - Setting next_dagrun for example_params_trigger_ui to None, run_after=None
[2025-05-02T19:48:46.370+0000] {processor.py:183} INFO - Processing /home/airflow/.local/lib/python3.12/site-packages/airflow/example_dags/example_params_trigger_ui.py took 0.668 seconds
[2025-05-02T19:49:19.612+0000] {processor.py:161} INFO - Started process (PID=2287) to work on /home/airflow/.local/lib/python3.12/site-packages/airflow/example_dags/example_params_trigger_ui.py
[2025-05-02T19:49:19.613+0000] {processor.py:830} INFO - Processing file /home/airflow/.local/lib/python3.12/site-packages/airflow/example_dags/example_params_trigger_ui.py for tasks to queue
[2025-05-02T19:49:19.617+0000] {logging_mixin.py:188} INFO - [2025-05-02T19:49:19.616+0000] {dagbag.py:540} INFO - Filling up the DagBag from /home/airflow/.local/lib/python3.12/site-packages/airflow/example_dags/example_params_trigger_ui.py
[2025-05-02T19:49:19.660+0000] {processor.py:840} INFO - DAG(s) 'example_params_trigger_ui' retrieved from /home/airflow/.local/lib/python3.12/site-packages/airflow/example_dags/example_params_trigger_ui.py
[2025-05-02T19:49:20.068+0000] {logging_mixin.py:188} INFO - [2025-05-02T19:49:20.067+0000] {dag.py:3096} INFO - Sync 1 DAGs
[2025-05-02T19:49:20.093+0000] {logging_mixin.py:188} INFO - [2025-05-02T19:49:20.092+0000] {dag.py:3954} INFO - Setting next_dagrun for example_params_trigger_ui to None, run_after=None
[2025-05-02T19:49:20.125+0000] {processor.py:183} INFO - Processing /home/airflow/.local/lib/python3.12/site-packages/airflow/example_dags/example_params_trigger_ui.py took 0.531 seconds
[2025-05-02T19:49:53.562+0000] {processor.py:161} INFO - Started process (PID=2365) to work on /home/airflow/.local/lib/python3.12/site-packages/airflow/example_dags/example_params_trigger_ui.py
[2025-05-02T19:49:53.566+0000] {processor.py:830} INFO - Processing file /home/airflow/.local/lib/python3.12/site-packages/airflow/example_dags/example_params_trigger_ui.py for tasks to queue
[2025-05-02T19:49:53.570+0000] {logging_mixin.py:188} INFO - [2025-05-02T19:49:53.570+0000] {dagbag.py:540} INFO - Filling up the DagBag from /home/airflow/.local/lib/python3.12/site-packages/airflow/example_dags/example_params_trigger_ui.py
[2025-05-02T19:49:53.609+0000] {processor.py:840} INFO - DAG(s) 'example_params_trigger_ui' retrieved from /home/airflow/.local/lib/python3.12/site-packages/airflow/example_dags/example_params_trigger_ui.py
[2025-05-02T19:49:53.734+0000] {logging_mixin.py:188} INFO - [2025-05-02T19:49:53.734+0000] {dag.py:3096} INFO - Sync 1 DAGs
[2025-05-02T19:49:53.783+0000] {logging_mixin.py:188} INFO - [2025-05-02T19:49:53.783+0000] {dag.py:3954} INFO - Setting next_dagrun for example_params_trigger_ui to None, run_after=None
[2025-05-02T19:49:54.115+0000] {processor.py:183} INFO - Processing /home/airflow/.local/lib/python3.12/site-packages/airflow/example_dags/example_params_trigger_ui.py took 0.569 seconds
[2025-05-02T19:50:27.971+0000] {processor.py:161} INFO - Started process (PID=2489) to work on /home/airflow/.local/lib/python3.12/site-packages/airflow/example_dags/example_params_trigger_ui.py
[2025-05-02T19:50:27.982+0000] {processor.py:830} INFO - Processing file /home/airflow/.local/lib/python3.12/site-packages/airflow/example_dags/example_params_trigger_ui.py for tasks to queue
[2025-05-02T19:50:27.986+0000] {logging_mixin.py:188} INFO - [2025-05-02T19:50:27.985+0000] {dagbag.py:540} INFO - Filling up the DagBag from /home/airflow/.local/lib/python3.12/site-packages/airflow/example_dags/example_params_trigger_ui.py
[2025-05-02T19:50:28.025+0000] {processor.py:840} INFO - DAG(s) 'example_params_trigger_ui' retrieved from /home/airflow/.local/lib/python3.12/site-packages/airflow/example_dags/example_params_trigger_ui.py
[2025-05-02T19:50:28.289+0000] {logging_mixin.py:188} INFO - [2025-05-02T19:50:28.289+0000] {dag.py:3096} INFO - Sync 1 DAGs
[2025-05-02T19:50:28.390+0000] {logging_mixin.py:188} INFO - [2025-05-02T19:50:28.389+0000] {dag.py:3954} INFO - Setting next_dagrun for example_params_trigger_ui to None, run_after=None
[2025-05-02T19:50:28.493+0000] {processor.py:183} INFO - Processing /home/airflow/.local/lib/python3.12/site-packages/airflow/example_dags/example_params_trigger_ui.py took 0.548 seconds
[2025-05-02T19:51:02.312+0000] {processor.py:161} INFO - Started process (PID=2580) to work on /home/airflow/.local/lib/python3.12/site-packages/airflow/example_dags/example_params_trigger_ui.py
[2025-05-02T19:51:02.314+0000] {processor.py:830} INFO - Processing file /home/airflow/.local/lib/python3.12/site-packages/airflow/example_dags/example_params_trigger_ui.py for tasks to queue
[2025-05-02T19:51:02.319+0000] {logging_mixin.py:188} INFO - [2025-05-02T19:51:02.318+0000] {dagbag.py:540} INFO - Filling up the DagBag from /home/airflow/.local/lib/python3.12/site-packages/airflow/example_dags/example_params_trigger_ui.py
[2025-05-02T19:51:02.381+0000] {processor.py:840} INFO - DAG(s) 'example_params_trigger_ui' retrieved from /home/airflow/.local/lib/python3.12/site-packages/airflow/example_dags/example_params_trigger_ui.py
[2025-05-02T19:51:02.803+0000] {logging_mixin.py:188} INFO - [2025-05-02T19:51:02.803+0000] {dag.py:3096} INFO - Sync 1 DAGs
[2025-05-02T19:51:02.834+0000] {logging_mixin.py:188} INFO - [2025-05-02T19:51:02.833+0000] {dag.py:3954} INFO - Setting next_dagrun for example_params_trigger_ui to None, run_after=None
[2025-05-02T19:51:02.905+0000] {processor.py:183} INFO - Processing /home/airflow/.local/lib/python3.12/site-packages/airflow/example_dags/example_params_trigger_ui.py took 0.622 seconds
[2025-05-02T19:51:36.320+0000] {processor.py:161} INFO - Started process (PID=2685) to work on /home/airflow/.local/lib/python3.12/site-packages/airflow/example_dags/example_params_trigger_ui.py
[2025-05-02T19:51:36.329+0000] {processor.py:830} INFO - Processing file /home/airflow/.local/lib/python3.12/site-packages/airflow/example_dags/example_params_trigger_ui.py for tasks to queue
[2025-05-02T19:51:36.333+0000] {logging_mixin.py:188} INFO - [2025-05-02T19:51:36.332+0000] {dagbag.py:540} INFO - Filling up the DagBag from /home/airflow/.local/lib/python3.12/site-packages/airflow/example_dags/example_params_trigger_ui.py
[2025-05-02T19:51:36.378+0000] {processor.py:840} INFO - DAG(s) 'example_params_trigger_ui' retrieved from /home/airflow/.local/lib/python3.12/site-packages/airflow/example_dags/example_params_trigger_ui.py
[2025-05-02T19:51:36.549+0000] {logging_mixin.py:188} INFO - [2025-05-02T19:51:36.548+0000] {dag.py:3096} INFO - Sync 1 DAGs
[2025-05-02T19:51:36.582+0000] {logging_mixin.py:188} INFO - [2025-05-02T19:51:36.582+0000] {dag.py:3954} INFO - Setting next_dagrun for example_params_trigger_ui to None, run_after=None
[2025-05-02T19:51:37.228+0000] {processor.py:183} INFO - Processing /home/airflow/.local/lib/python3.12/site-packages/airflow/example_dags/example_params_trigger_ui.py took 0.920 seconds
[2025-05-02T19:52:11.119+0000] {processor.py:161} INFO - Started process (PID=2766) to work on /home/airflow/.local/lib/python3.12/site-packages/airflow/example_dags/example_params_trigger_ui.py
[2025-05-02T19:52:11.120+0000] {processor.py:830} INFO - Processing file /home/airflow/.local/lib/python3.12/site-packages/airflow/example_dags/example_params_trigger_ui.py for tasks to queue
[2025-05-02T19:52:11.130+0000] {logging_mixin.py:188} INFO - [2025-05-02T19:52:11.129+0000] {dagbag.py:540} INFO - Filling up the DagBag from /home/airflow/.local/lib/python3.12/site-packages/airflow/example_dags/example_params_trigger_ui.py
[2025-05-02T19:52:11.302+0000] {processor.py:840} INFO - DAG(s) 'example_params_trigger_ui' retrieved from /home/airflow/.local/lib/python3.12/site-packages/airflow/example_dags/example_params_trigger_ui.py
[2025-05-02T19:52:11.531+0000] {logging_mixin.py:188} INFO - [2025-05-02T19:52:11.531+0000] {dag.py:3096} INFO - Sync 1 DAGs
[2025-05-02T19:52:11.601+0000] {logging_mixin.py:188} INFO - [2025-05-02T19:52:11.601+0000] {dag.py:3954} INFO - Setting next_dagrun for example_params_trigger_ui to None, run_after=None
[2025-05-02T19:52:11.696+0000] {processor.py:183} INFO - Processing /home/airflow/.local/lib/python3.12/site-packages/airflow/example_dags/example_params_trigger_ui.py took 0.602 seconds
[2025-05-02T19:52:42.003+0000] {processor.py:161} INFO - Started process (PID=2867) to work on /home/airflow/.local/lib/python3.12/site-packages/airflow/example_dags/example_params_trigger_ui.py
[2025-05-02T19:52:42.005+0000] {processor.py:830} INFO - Processing file /home/airflow/.local/lib/python3.12/site-packages/airflow/example_dags/example_params_trigger_ui.py for tasks to queue
[2025-05-02T19:52:42.008+0000] {logging_mixin.py:188} INFO - [2025-05-02T19:52:42.007+0000] {dagbag.py:540} INFO - Filling up the DagBag from /home/airflow/.local/lib/python3.12/site-packages/airflow/example_dags/example_params_trigger_ui.py
[2025-05-02T19:52:42.032+0000] {processor.py:840} INFO - DAG(s) 'example_params_trigger_ui' retrieved from /home/airflow/.local/lib/python3.12/site-packages/airflow/example_dags/example_params_trigger_ui.py
[2025-05-02T19:52:42.163+0000] {logging_mixin.py:188} INFO - [2025-05-02T19:52:42.162+0000] {dag.py:3096} INFO - Sync 1 DAGs
[2025-05-02T19:52:42.199+0000] {logging_mixin.py:188} INFO - [2025-05-02T19:52:42.199+0000] {dag.py:3954} INFO - Setting next_dagrun for example_params_trigger_ui to None, run_after=None
[2025-05-02T19:52:42.255+0000] {processor.py:183} INFO - Processing /home/airflow/.local/lib/python3.12/site-packages/airflow/example_dags/example_params_trigger_ui.py took 0.266 seconds
[2025-05-02T19:53:12.603+0000] {processor.py:161} INFO - Started process (PID=2982) to work on /home/airflow/.local/lib/python3.12/site-packages/airflow/example_dags/example_params_trigger_ui.py
[2025-05-02T19:53:12.605+0000] {processor.py:830} INFO - Processing file /home/airflow/.local/lib/python3.12/site-packages/airflow/example_dags/example_params_trigger_ui.py for tasks to queue
[2025-05-02T19:53:12.635+0000] {logging_mixin.py:188} INFO - [2025-05-02T19:53:12.634+0000] {dagbag.py:540} INFO - Filling up the DagBag from /home/airflow/.local/lib/python3.12/site-packages/airflow/example_dags/example_params_trigger_ui.py
[2025-05-02T19:53:12.763+0000] {processor.py:840} INFO - DAG(s) 'example_params_trigger_ui' retrieved from /home/airflow/.local/lib/python3.12/site-packages/airflow/example_dags/example_params_trigger_ui.py
[2025-05-02T19:53:13.120+0000] {logging_mixin.py:188} INFO - [2025-05-02T19:53:13.119+0000] {dag.py:3096} INFO - Sync 1 DAGs
[2025-05-02T19:53:13.222+0000] {logging_mixin.py:188} INFO - [2025-05-02T19:53:13.222+0000] {dag.py:3954} INFO - Setting next_dagrun for example_params_trigger_ui to None, run_after=None
[2025-05-02T19:53:13.423+0000] {processor.py:183} INFO - Processing /home/airflow/.local/lib/python3.12/site-packages/airflow/example_dags/example_params_trigger_ui.py took 0.855 seconds
[2025-05-02T19:53:44.075+0000] {processor.py:161} INFO - Started process (PID=3061) to work on /home/airflow/.local/lib/python3.12/site-packages/airflow/example_dags/example_params_trigger_ui.py
[2025-05-02T19:53:44.087+0000] {processor.py:830} INFO - Processing file /home/airflow/.local/lib/python3.12/site-packages/airflow/example_dags/example_params_trigger_ui.py for tasks to queue
[2025-05-02T19:53:44.092+0000] {logging_mixin.py:188} INFO - [2025-05-02T19:53:44.091+0000] {dagbag.py:540} INFO - Filling up the DagBag from /home/airflow/.local/lib/python3.12/site-packages/airflow/example_dags/example_params_trigger_ui.py
[2025-05-02T19:53:44.140+0000] {processor.py:840} INFO - DAG(s) 'example_params_trigger_ui' retrieved from /home/airflow/.local/lib/python3.12/site-packages/airflow/example_dags/example_params_trigger_ui.py
[2025-05-02T19:53:44.299+0000] {logging_mixin.py:188} INFO - [2025-05-02T19:53:44.298+0000] {dag.py:3096} INFO - Sync 1 DAGs
[2025-05-02T19:53:44.331+0000] {logging_mixin.py:188} INFO - [2025-05-02T19:53:44.330+0000] {dag.py:3954} INFO - Setting next_dagrun for example_params_trigger_ui to None, run_after=None
[2025-05-02T19:53:44.395+0000] {processor.py:183} INFO - Processing /home/airflow/.local/lib/python3.12/site-packages/airflow/example_dags/example_params_trigger_ui.py took 0.350 seconds
[2025-05-02T19:54:14.856+0000] {processor.py:161} INFO - Started process (PID=3158) to work on /home/airflow/.local/lib/python3.12/site-packages/airflow/example_dags/example_params_trigger_ui.py
[2025-05-02T19:54:14.857+0000] {processor.py:830} INFO - Processing file /home/airflow/.local/lib/python3.12/site-packages/airflow/example_dags/example_params_trigger_ui.py for tasks to queue
[2025-05-02T19:54:14.861+0000] {logging_mixin.py:188} INFO - [2025-05-02T19:54:14.861+0000] {dagbag.py:540} INFO - Filling up the DagBag from /home/airflow/.local/lib/python3.12/site-packages/airflow/example_dags/example_params_trigger_ui.py
[2025-05-02T19:54:14.894+0000] {processor.py:840} INFO - DAG(s) 'example_params_trigger_ui' retrieved from /home/airflow/.local/lib/python3.12/site-packages/airflow/example_dags/example_params_trigger_ui.py
[2025-05-02T19:54:15.043+0000] {logging_mixin.py:188} INFO - [2025-05-02T19:54:15.042+0000] {dag.py:3096} INFO - Sync 1 DAGs
[2025-05-02T19:54:15.069+0000] {logging_mixin.py:188} INFO - [2025-05-02T19:54:15.068+0000] {dag.py:3954} INFO - Setting next_dagrun for example_params_trigger_ui to None, run_after=None
[2025-05-02T19:54:15.118+0000] {processor.py:183} INFO - Processing /home/airflow/.local/lib/python3.12/site-packages/airflow/example_dags/example_params_trigger_ui.py took 0.280 seconds
[2025-05-02T19:54:45.257+0000] {processor.py:161} INFO - Started process (PID=3253) to work on /home/airflow/.local/lib/python3.12/site-packages/airflow/example_dags/example_params_trigger_ui.py
[2025-05-02T19:54:45.264+0000] {processor.py:830} INFO - Processing file /home/airflow/.local/lib/python3.12/site-packages/airflow/example_dags/example_params_trigger_ui.py for tasks to queue
[2025-05-02T19:54:45.267+0000] {logging_mixin.py:188} INFO - [2025-05-02T19:54:45.266+0000] {dagbag.py:540} INFO - Filling up the DagBag from /home/airflow/.local/lib/python3.12/site-packages/airflow/example_dags/example_params_trigger_ui.py
[2025-05-02T19:54:45.313+0000] {processor.py:840} INFO - DAG(s) 'example_params_trigger_ui' retrieved from /home/airflow/.local/lib/python3.12/site-packages/airflow/example_dags/example_params_trigger_ui.py
[2025-05-02T19:54:45.480+0000] {logging_mixin.py:188} INFO - [2025-05-02T19:54:45.480+0000] {dag.py:3096} INFO - Sync 1 DAGs
[2025-05-02T19:54:45.522+0000] {logging_mixin.py:188} INFO - [2025-05-02T19:54:45.522+0000] {dag.py:3954} INFO - Setting next_dagrun for example_params_trigger_ui to None, run_after=None
[2025-05-02T19:54:45.586+0000] {processor.py:183} INFO - Processing /home/airflow/.local/lib/python3.12/site-packages/airflow/example_dags/example_params_trigger_ui.py took 0.347 seconds
[2025-05-02T19:55:15.871+0000] {processor.py:161} INFO - Started process (PID=3349) to work on /home/airflow/.local/lib/python3.12/site-packages/airflow/example_dags/example_params_trigger_ui.py
[2025-05-02T19:55:15.873+0000] {processor.py:830} INFO - Processing file /home/airflow/.local/lib/python3.12/site-packages/airflow/example_dags/example_params_trigger_ui.py for tasks to queue
[2025-05-02T19:55:15.877+0000] {logging_mixin.py:188} INFO - [2025-05-02T19:55:15.876+0000] {dagbag.py:540} INFO - Filling up the DagBag from /home/airflow/.local/lib/python3.12/site-packages/airflow/example_dags/example_params_trigger_ui.py
[2025-05-02T19:55:15.905+0000] {processor.py:840} INFO - DAG(s) 'example_params_trigger_ui' retrieved from /home/airflow/.local/lib/python3.12/site-packages/airflow/example_dags/example_params_trigger_ui.py
[2025-05-02T19:55:16.073+0000] {logging_mixin.py:188} INFO - [2025-05-02T19:55:16.073+0000] {dag.py:3096} INFO - Sync 1 DAGs
[2025-05-02T19:55:16.098+0000] {logging_mixin.py:188} INFO - [2025-05-02T19:55:16.098+0000] {dag.py:3954} INFO - Setting next_dagrun for example_params_trigger_ui to None, run_after=None
[2025-05-02T19:55:16.131+0000] {processor.py:183} INFO - Processing /home/airflow/.local/lib/python3.12/site-packages/airflow/example_dags/example_params_trigger_ui.py took 0.273 seconds
[2025-05-02T19:55:46.528+0000] {processor.py:161} INFO - Started process (PID=3447) to work on /home/airflow/.local/lib/python3.12/site-packages/airflow/example_dags/example_params_trigger_ui.py
[2025-05-02T19:55:46.531+0000] {processor.py:830} INFO - Processing file /home/airflow/.local/lib/python3.12/site-packages/airflow/example_dags/example_params_trigger_ui.py for tasks to queue
[2025-05-02T19:55:46.543+0000] {logging_mixin.py:188} INFO - [2025-05-02T19:55:46.543+0000] {dagbag.py:540} INFO - Filling up the DagBag from /home/airflow/.local/lib/python3.12/site-packages/airflow/example_dags/example_params_trigger_ui.py
[2025-05-02T19:55:46.601+0000] {processor.py:840} INFO - DAG(s) 'example_params_trigger_ui' retrieved from /home/airflow/.local/lib/python3.12/site-packages/airflow/example_dags/example_params_trigger_ui.py
[2025-05-02T19:55:46.761+0000] {logging_mixin.py:188} INFO - [2025-05-02T19:55:46.760+0000] {dag.py:3096} INFO - Sync 1 DAGs
[2025-05-02T19:55:46.791+0000] {logging_mixin.py:188} INFO - [2025-05-02T19:55:46.791+0000] {dag.py:3954} INFO - Setting next_dagrun for example_params_trigger_ui to None, run_after=None
[2025-05-02T19:55:46.856+0000] {processor.py:183} INFO - Processing /home/airflow/.local/lib/python3.12/site-packages/airflow/example_dags/example_params_trigger_ui.py took 0.349 seconds
[2025-05-02T19:56:16.985+0000] {processor.py:161} INFO - Started process (PID=3553) to work on /home/airflow/.local/lib/python3.12/site-packages/airflow/example_dags/example_params_trigger_ui.py
[2025-05-02T19:56:16.986+0000] {processor.py:830} INFO - Processing file /home/airflow/.local/lib/python3.12/site-packages/airflow/example_dags/example_params_trigger_ui.py for tasks to queue
[2025-05-02T19:56:16.989+0000] {logging_mixin.py:188} INFO - [2025-05-02T19:56:16.988+0000] {dagbag.py:540} INFO - Filling up the DagBag from /home/airflow/.local/lib/python3.12/site-packages/airflow/example_dags/example_params_trigger_ui.py
[2025-05-02T19:56:17.005+0000] {processor.py:840} INFO - DAG(s) 'example_params_trigger_ui' retrieved from /home/airflow/.local/lib/python3.12/site-packages/airflow/example_dags/example_params_trigger_ui.py
[2025-05-02T19:56:17.060+0000] {logging_mixin.py:188} INFO - [2025-05-02T19:56:17.060+0000] {dag.py:3096} INFO - Sync 1 DAGs
[2025-05-02T19:56:17.077+0000] {logging_mixin.py:188} INFO - [2025-05-02T19:56:17.077+0000] {dag.py:3954} INFO - Setting next_dagrun for example_params_trigger_ui to None, run_after=None
[2025-05-02T19:56:17.117+0000] {processor.py:183} INFO - Processing /home/airflow/.local/lib/python3.12/site-packages/airflow/example_dags/example_params_trigger_ui.py took 0.140 seconds
[2025-05-02T19:56:49.585+0000] {processor.py:161} INFO - Started process (PID=3639) to work on /home/airflow/.local/lib/python3.12/site-packages/airflow/example_dags/example_params_trigger_ui.py
[2025-05-02T19:56:49.587+0000] {processor.py:830} INFO - Processing file /home/airflow/.local/lib/python3.12/site-packages/airflow/example_dags/example_params_trigger_ui.py for tasks to queue
[2025-05-02T19:56:49.592+0000] {logging_mixin.py:188} INFO - [2025-05-02T19:56:49.591+0000] {dagbag.py:540} INFO - Filling up the DagBag from /home/airflow/.local/lib/python3.12/site-packages/airflow/example_dags/example_params_trigger_ui.py
[2025-05-02T19:56:49.652+0000] {processor.py:840} INFO - DAG(s) 'example_params_trigger_ui' retrieved from /home/airflow/.local/lib/python3.12/site-packages/airflow/example_dags/example_params_trigger_ui.py
[2025-05-02T19:56:49.786+0000] {logging_mixin.py:188} INFO - [2025-05-02T19:56:49.785+0000] {dag.py:3096} INFO - Sync 1 DAGs
[2025-05-02T19:56:49.816+0000] {logging_mixin.py:188} INFO - [2025-05-02T19:56:49.815+0000] {dag.py:3954} INFO - Setting next_dagrun for example_params_trigger_ui to None, run_after=None
[2025-05-02T19:56:49.886+0000] {processor.py:183} INFO - Processing /home/airflow/.local/lib/python3.12/site-packages/airflow/example_dags/example_params_trigger_ui.py took 0.316 seconds
[2025-05-02T19:57:20.020+0000] {processor.py:161} INFO - Started process (PID=3739) to work on /home/airflow/.local/lib/python3.12/site-packages/airflow/example_dags/example_params_trigger_ui.py
[2025-05-02T19:57:20.021+0000] {processor.py:830} INFO - Processing file /home/airflow/.local/lib/python3.12/site-packages/airflow/example_dags/example_params_trigger_ui.py for tasks to queue
[2025-05-02T19:57:20.025+0000] {logging_mixin.py:188} INFO - [2025-05-02T19:57:20.024+0000] {dagbag.py:540} INFO - Filling up the DagBag from /home/airflow/.local/lib/python3.12/site-packages/airflow/example_dags/example_params_trigger_ui.py
[2025-05-02T19:57:20.056+0000] {processor.py:840} INFO - DAG(s) 'example_params_trigger_ui' retrieved from /home/airflow/.local/lib/python3.12/site-packages/airflow/example_dags/example_params_trigger_ui.py
[2025-05-02T19:57:22.750+0000] {logging_mixin.py:188} INFO - [2025-05-02T19:57:22.749+0000] {dag.py:3096} INFO - Sync 1 DAGs
[2025-05-02T19:57:22.800+0000] {logging_mixin.py:188} INFO - [2025-05-02T19:57:22.800+0000] {dag.py:3954} INFO - Setting next_dagrun for example_params_trigger_ui to None, run_after=None
[2025-05-02T19:57:22.901+0000] {processor.py:183} INFO - Processing /home/airflow/.local/lib/python3.12/site-packages/airflow/example_dags/example_params_trigger_ui.py took 0.407 seconds
[2025-05-02T19:57:53.658+0000] {processor.py:161} INFO - Started process (PID=3832) to work on /home/airflow/.local/lib/python3.12/site-packages/airflow/example_dags/example_params_trigger_ui.py
[2025-05-02T19:57:53.661+0000] {processor.py:830} INFO - Processing file /home/airflow/.local/lib/python3.12/site-packages/airflow/example_dags/example_params_trigger_ui.py for tasks to queue
[2025-05-02T19:57:53.665+0000] {logging_mixin.py:188} INFO - [2025-05-02T19:57:53.664+0000] {dagbag.py:540} INFO - Filling up the DagBag from /home/airflow/.local/lib/python3.12/site-packages/airflow/example_dags/example_params_trigger_ui.py
[2025-05-02T19:57:53.699+0000] {processor.py:840} INFO - DAG(s) 'example_params_trigger_ui' retrieved from /home/airflow/.local/lib/python3.12/site-packages/airflow/example_dags/example_params_trigger_ui.py
[2025-05-02T19:57:53.844+0000] {logging_mixin.py:188} INFO - [2025-05-02T19:57:53.843+0000] {dag.py:3096} INFO - Sync 1 DAGs
[2025-05-02T19:57:53.893+0000] {logging_mixin.py:188} INFO - [2025-05-02T19:57:53.892+0000] {dag.py:3954} INFO - Setting next_dagrun for example_params_trigger_ui to None, run_after=None
[2025-05-02T19:57:53.970+0000] {processor.py:183} INFO - Processing /home/airflow/.local/lib/python3.12/site-packages/airflow/example_dags/example_params_trigger_ui.py took 0.336 seconds
