[2025-05-02T19:33:06.695+0000] {processor.py:161} INFO - Started process (PID=67) to work on /home/airflow/.local/lib/python3.12/site-packages/airflow/example_dags/example_sensor_decorator.py
[2025-05-02T19:33:06.696+0000] {processor.py:830} INFO - Processing file /home/airflow/.local/lib/python3.12/site-packages/airflow/example_dags/example_sensor_decorator.py for tasks to queue
[2025-05-02T19:33:06.700+0000] {logging_mixin.py:188} INFO - [2025-05-02T19:33:06.699+0000] {dagbag.py:540} INFO - Filling up the DagBag from /home/airflow/.local/lib/python3.12/site-packages/airflow/example_dags/example_sensor_decorator.py
[2025-05-02T19:33:06.712+0000] {processor.py:840} INFO - DAG(s) 'example_sensor_decorator' retrieved from /home/airflow/.local/lib/python3.12/site-packages/airflow/example_dags/example_sensor_decorator.py
[2025-05-02T19:33:06.730+0000] {logging_mixin.py:188} INFO - [2025-05-02T19:33:06.729+0000] {dag.py:3096} INFO - Sync 1 DAGs
[2025-05-02T19:33:06.752+0000] {logging_mixin.py:188} INFO - [2025-05-02T19:33:06.752+0000] {dag.py:3954} INFO - Setting next_dagrun for example_sensor_decorator to None, run_after=None
[2025-05-02T19:33:06.799+0000] {processor.py:183} INFO - Processing /home/airflow/.local/lib/python3.12/site-packages/airflow/example_dags/example_sensor_decorator.py took 0.112 seconds
[2025-05-02T19:33:37.106+0000] {processor.py:161} INFO - Started process (PID=125) to work on /home/airflow/.local/lib/python3.12/site-packages/airflow/example_dags/example_sensor_decorator.py
[2025-05-02T19:33:37.107+0000] {processor.py:830} INFO - Processing file /home/airflow/.local/lib/python3.12/site-packages/airflow/example_dags/example_sensor_decorator.py for tasks to queue
[2025-05-02T19:33:37.109+0000] {logging_mixin.py:188} INFO - [2025-05-02T19:33:37.108+0000] {dagbag.py:540} INFO - Filling up the DagBag from /home/airflow/.local/lib/python3.12/site-packages/airflow/example_dags/example_sensor_decorator.py
[2025-05-02T19:33:37.115+0000] {processor.py:840} INFO - DAG(s) 'example_sensor_decorator' retrieved from /home/airflow/.local/lib/python3.12/site-packages/airflow/example_dags/example_sensor_decorator.py
[2025-05-02T19:33:37.208+0000] {logging_mixin.py:188} INFO - [2025-05-02T19:33:37.208+0000] {dag.py:3096} INFO - Sync 1 DAGs
[2025-05-02T19:33:37.219+0000] {logging_mixin.py:188} INFO - [2025-05-02T19:33:37.219+0000] {dag.py:3954} INFO - Setting next_dagrun for example_sensor_decorator to None, run_after=None
[2025-05-02T19:33:37.240+0000] {processor.py:183} INFO - Processing /home/airflow/.local/lib/python3.12/site-packages/airflow/example_dags/example_sensor_decorator.py took 0.139 seconds
[2025-05-02T19:34:07.596+0000] {processor.py:161} INFO - Started process (PID=183) to work on /home/airflow/.local/lib/python3.12/site-packages/airflow/example_dags/example_sensor_decorator.py
[2025-05-02T19:34:07.597+0000] {processor.py:830} INFO - Processing file /home/airflow/.local/lib/python3.12/site-packages/airflow/example_dags/example_sensor_decorator.py for tasks to queue
[2025-05-02T19:34:07.598+0000] {logging_mixin.py:188} INFO - [2025-05-02T19:34:07.598+0000] {dagbag.py:540} INFO - Filling up the DagBag from /home/airflow/.local/lib/python3.12/site-packages/airflow/example_dags/example_sensor_decorator.py
[2025-05-02T19:34:07.603+0000] {processor.py:840} INFO - DAG(s) 'example_sensor_decorator' retrieved from /home/airflow/.local/lib/python3.12/site-packages/airflow/example_dags/example_sensor_decorator.py
[2025-05-02T19:34:07.618+0000] {logging_mixin.py:188} INFO - [2025-05-02T19:34:07.618+0000] {dag.py:3096} INFO - Sync 1 DAGs
[2025-05-02T19:34:07.628+0000] {logging_mixin.py:188} INFO - [2025-05-02T19:34:07.628+0000] {dag.py:3954} INFO - Setting next_dagrun for example_sensor_decorator to None, run_after=None
[2025-05-02T19:34:07.642+0000] {processor.py:183} INFO - Processing /home/airflow/.local/lib/python3.12/site-packages/airflow/example_dags/example_sensor_decorator.py took 0.051 seconds
[2025-05-02T19:34:39.015+0000] {processor.py:161} INFO - Started process (PID=241) to work on /home/airflow/.local/lib/python3.12/site-packages/airflow/example_dags/example_sensor_decorator.py
[2025-05-02T19:34:39.016+0000] {processor.py:830} INFO - Processing file /home/airflow/.local/lib/python3.12/site-packages/airflow/example_dags/example_sensor_decorator.py for tasks to queue
[2025-05-02T19:34:39.017+0000] {logging_mixin.py:188} INFO - [2025-05-02T19:34:39.017+0000] {dagbag.py:540} INFO - Filling up the DagBag from /home/airflow/.local/lib/python3.12/site-packages/airflow/example_dags/example_sensor_decorator.py
[2025-05-02T19:34:39.022+0000] {processor.py:840} INFO - DAG(s) 'example_sensor_decorator' retrieved from /home/airflow/.local/lib/python3.12/site-packages/airflow/example_dags/example_sensor_decorator.py
[2025-05-02T19:34:39.038+0000] {logging_mixin.py:188} INFO - [2025-05-02T19:34:39.038+0000] {dag.py:3096} INFO - Sync 1 DAGs
[2025-05-02T19:34:39.050+0000] {logging_mixin.py:188} INFO - [2025-05-02T19:34:39.050+0000] {dag.py:3954} INFO - Setting next_dagrun for example_sensor_decorator to None, run_after=None
[2025-05-02T19:34:39.067+0000] {processor.py:183} INFO - Processing /home/airflow/.local/lib/python3.12/site-packages/airflow/example_dags/example_sensor_decorator.py took 0.058 seconds
[2025-05-02T19:35:09.685+0000] {processor.py:161} INFO - Started process (PID=299) to work on /home/airflow/.local/lib/python3.12/site-packages/airflow/example_dags/example_sensor_decorator.py
[2025-05-02T19:35:09.686+0000] {processor.py:830} INFO - Processing file /home/airflow/.local/lib/python3.12/site-packages/airflow/example_dags/example_sensor_decorator.py for tasks to queue
[2025-05-02T19:35:09.688+0000] {logging_mixin.py:188} INFO - [2025-05-02T19:35:09.688+0000] {dagbag.py:540} INFO - Filling up the DagBag from /home/airflow/.local/lib/python3.12/site-packages/airflow/example_dags/example_sensor_decorator.py
[2025-05-02T19:35:09.694+0000] {processor.py:840} INFO - DAG(s) 'example_sensor_decorator' retrieved from /home/airflow/.local/lib/python3.12/site-packages/airflow/example_dags/example_sensor_decorator.py
[2025-05-02T19:35:09.711+0000] {logging_mixin.py:188} INFO - [2025-05-02T19:35:09.711+0000] {dag.py:3096} INFO - Sync 1 DAGs
[2025-05-02T19:35:09.721+0000] {logging_mixin.py:188} INFO - [2025-05-02T19:35:09.721+0000] {dag.py:3954} INFO - Setting next_dagrun for example_sensor_decorator to None, run_after=None
[2025-05-02T19:35:09.736+0000] {processor.py:183} INFO - Processing /home/airflow/.local/lib/python3.12/site-packages/airflow/example_dags/example_sensor_decorator.py took 0.056 seconds
[2025-05-02T19:35:40.094+0000] {processor.py:161} INFO - Started process (PID=357) to work on /home/airflow/.local/lib/python3.12/site-packages/airflow/example_dags/example_sensor_decorator.py
[2025-05-02T19:35:40.095+0000] {processor.py:830} INFO - Processing file /home/airflow/.local/lib/python3.12/site-packages/airflow/example_dags/example_sensor_decorator.py for tasks to queue
[2025-05-02T19:35:40.097+0000] {logging_mixin.py:188} INFO - [2025-05-02T19:35:40.096+0000] {dagbag.py:540} INFO - Filling up the DagBag from /home/airflow/.local/lib/python3.12/site-packages/airflow/example_dags/example_sensor_decorator.py
[2025-05-02T19:35:40.103+0000] {processor.py:840} INFO - DAG(s) 'example_sensor_decorator' retrieved from /home/airflow/.local/lib/python3.12/site-packages/airflow/example_dags/example_sensor_decorator.py
[2025-05-02T19:35:40.120+0000] {logging_mixin.py:188} INFO - [2025-05-02T19:35:40.120+0000] {dag.py:3096} INFO - Sync 1 DAGs
[2025-05-02T19:35:40.131+0000] {logging_mixin.py:188} INFO - [2025-05-02T19:35:40.131+0000] {dag.py:3954} INFO - Setting next_dagrun for example_sensor_decorator to None, run_after=None
[2025-05-02T19:35:40.150+0000] {processor.py:183} INFO - Processing /home/airflow/.local/lib/python3.12/site-packages/airflow/example_dags/example_sensor_decorator.py took 0.061 seconds
[2025-05-02T19:36:10.574+0000] {processor.py:161} INFO - Started process (PID=415) to work on /home/airflow/.local/lib/python3.12/site-packages/airflow/example_dags/example_sensor_decorator.py
[2025-05-02T19:36:10.575+0000] {processor.py:830} INFO - Processing file /home/airflow/.local/lib/python3.12/site-packages/airflow/example_dags/example_sensor_decorator.py for tasks to queue
[2025-05-02T19:36:10.577+0000] {logging_mixin.py:188} INFO - [2025-05-02T19:36:10.576+0000] {dagbag.py:540} INFO - Filling up the DagBag from /home/airflow/.local/lib/python3.12/site-packages/airflow/example_dags/example_sensor_decorator.py
[2025-05-02T19:36:10.582+0000] {processor.py:840} INFO - DAG(s) 'example_sensor_decorator' retrieved from /home/airflow/.local/lib/python3.12/site-packages/airflow/example_dags/example_sensor_decorator.py
[2025-05-02T19:36:10.599+0000] {logging_mixin.py:188} INFO - [2025-05-02T19:36:10.599+0000] {dag.py:3096} INFO - Sync 1 DAGs
[2025-05-02T19:36:10.608+0000] {logging_mixin.py:188} INFO - [2025-05-02T19:36:10.608+0000] {dag.py:3954} INFO - Setting next_dagrun for example_sensor_decorator to None, run_after=None
[2025-05-02T19:36:10.621+0000] {processor.py:183} INFO - Processing /home/airflow/.local/lib/python3.12/site-packages/airflow/example_dags/example_sensor_decorator.py took 0.052 seconds
[2025-05-02T19:36:40.991+0000] {processor.py:161} INFO - Started process (PID=473) to work on /home/airflow/.local/lib/python3.12/site-packages/airflow/example_dags/example_sensor_decorator.py
[2025-05-02T19:36:40.992+0000] {processor.py:830} INFO - Processing file /home/airflow/.local/lib/python3.12/site-packages/airflow/example_dags/example_sensor_decorator.py for tasks to queue
[2025-05-02T19:36:40.993+0000] {logging_mixin.py:188} INFO - [2025-05-02T19:36:40.993+0000] {dagbag.py:540} INFO - Filling up the DagBag from /home/airflow/.local/lib/python3.12/site-packages/airflow/example_dags/example_sensor_decorator.py
[2025-05-02T19:36:40.998+0000] {processor.py:840} INFO - DAG(s) 'example_sensor_decorator' retrieved from /home/airflow/.local/lib/python3.12/site-packages/airflow/example_dags/example_sensor_decorator.py
[2025-05-02T19:36:41.017+0000] {logging_mixin.py:188} INFO - [2025-05-02T19:36:41.017+0000] {dag.py:3096} INFO - Sync 1 DAGs
[2025-05-02T19:36:41.030+0000] {logging_mixin.py:188} INFO - [2025-05-02T19:36:41.030+0000] {dag.py:3954} INFO - Setting next_dagrun for example_sensor_decorator to None, run_after=None
[2025-05-02T19:36:41.049+0000] {processor.py:183} INFO - Processing /home/airflow/.local/lib/python3.12/site-packages/airflow/example_dags/example_sensor_decorator.py took 0.063 seconds
[2025-05-02T19:37:11.307+0000] {processor.py:161} INFO - Started process (PID=531) to work on /home/airflow/.local/lib/python3.12/site-packages/airflow/example_dags/example_sensor_decorator.py
[2025-05-02T19:37:11.308+0000] {processor.py:830} INFO - Processing file /home/airflow/.local/lib/python3.12/site-packages/airflow/example_dags/example_sensor_decorator.py for tasks to queue
[2025-05-02T19:37:11.310+0000] {logging_mixin.py:188} INFO - [2025-05-02T19:37:11.310+0000] {dagbag.py:540} INFO - Filling up the DagBag from /home/airflow/.local/lib/python3.12/site-packages/airflow/example_dags/example_sensor_decorator.py
[2025-05-02T19:37:11.316+0000] {processor.py:840} INFO - DAG(s) 'example_sensor_decorator' retrieved from /home/airflow/.local/lib/python3.12/site-packages/airflow/example_dags/example_sensor_decorator.py
[2025-05-02T19:37:11.333+0000] {logging_mixin.py:188} INFO - [2025-05-02T19:37:11.333+0000] {dag.py:3096} INFO - Sync 1 DAGs
[2025-05-02T19:37:11.344+0000] {logging_mixin.py:188} INFO - [2025-05-02T19:37:11.344+0000] {dag.py:3954} INFO - Setting next_dagrun for example_sensor_decorator to None, run_after=None
[2025-05-02T19:37:11.362+0000] {processor.py:183} INFO - Processing /home/airflow/.local/lib/python3.12/site-packages/airflow/example_dags/example_sensor_decorator.py took 0.061 seconds
[2025-05-02T19:37:41.881+0000] {processor.py:161} INFO - Started process (PID=589) to work on /home/airflow/.local/lib/python3.12/site-packages/airflow/example_dags/example_sensor_decorator.py
[2025-05-02T19:37:41.882+0000] {processor.py:830} INFO - Processing file /home/airflow/.local/lib/python3.12/site-packages/airflow/example_dags/example_sensor_decorator.py for tasks to queue
[2025-05-02T19:37:41.884+0000] {logging_mixin.py:188} INFO - [2025-05-02T19:37:41.884+0000] {dagbag.py:540} INFO - Filling up the DagBag from /home/airflow/.local/lib/python3.12/site-packages/airflow/example_dags/example_sensor_decorator.py
[2025-05-02T19:37:41.890+0000] {processor.py:840} INFO - DAG(s) 'example_sensor_decorator' retrieved from /home/airflow/.local/lib/python3.12/site-packages/airflow/example_dags/example_sensor_decorator.py
[2025-05-02T19:37:41.910+0000] {logging_mixin.py:188} INFO - [2025-05-02T19:37:41.909+0000] {dag.py:3096} INFO - Sync 1 DAGs
[2025-05-02T19:37:41.927+0000] {logging_mixin.py:188} INFO - [2025-05-02T19:37:41.926+0000] {dag.py:3954} INFO - Setting next_dagrun for example_sensor_decorator to None, run_after=None
[2025-05-02T19:37:41.944+0000] {processor.py:183} INFO - Processing /home/airflow/.local/lib/python3.12/site-packages/airflow/example_dags/example_sensor_decorator.py took 0.067 seconds
[2025-05-02T19:38:12.189+0000] {processor.py:161} INFO - Started process (PID=647) to work on /home/airflow/.local/lib/python3.12/site-packages/airflow/example_dags/example_sensor_decorator.py
[2025-05-02T19:38:12.190+0000] {processor.py:830} INFO - Processing file /home/airflow/.local/lib/python3.12/site-packages/airflow/example_dags/example_sensor_decorator.py for tasks to queue
[2025-05-02T19:38:12.192+0000] {logging_mixin.py:188} INFO - [2025-05-02T19:38:12.191+0000] {dagbag.py:540} INFO - Filling up the DagBag from /home/airflow/.local/lib/python3.12/site-packages/airflow/example_dags/example_sensor_decorator.py
[2025-05-02T19:38:12.199+0000] {processor.py:840} INFO - DAG(s) 'example_sensor_decorator' retrieved from /home/airflow/.local/lib/python3.12/site-packages/airflow/example_dags/example_sensor_decorator.py
[2025-05-02T19:38:12.219+0000] {logging_mixin.py:188} INFO - [2025-05-02T19:38:12.219+0000] {dag.py:3096} INFO - Sync 1 DAGs
[2025-05-02T19:38:12.231+0000] {logging_mixin.py:188} INFO - [2025-05-02T19:38:12.231+0000] {dag.py:3954} INFO - Setting next_dagrun for example_sensor_decorator to None, run_after=None
[2025-05-02T19:38:12.250+0000] {processor.py:183} INFO - Processing /home/airflow/.local/lib/python3.12/site-packages/airflow/example_dags/example_sensor_decorator.py took 0.066 seconds
[2025-05-02T19:38:44.604+0000] {processor.py:161} INFO - Started process (PID=705) to work on /home/airflow/.local/lib/python3.12/site-packages/airflow/example_dags/example_sensor_decorator.py
[2025-05-02T19:38:44.605+0000] {processor.py:830} INFO - Processing file /home/airflow/.local/lib/python3.12/site-packages/airflow/example_dags/example_sensor_decorator.py for tasks to queue
[2025-05-02T19:38:44.607+0000] {logging_mixin.py:188} INFO - [2025-05-02T19:38:44.606+0000] {dagbag.py:540} INFO - Filling up the DagBag from /home/airflow/.local/lib/python3.12/site-packages/airflow/example_dags/example_sensor_decorator.py
[2025-05-02T19:38:44.613+0000] {processor.py:840} INFO - DAG(s) 'example_sensor_decorator' retrieved from /home/airflow/.local/lib/python3.12/site-packages/airflow/example_dags/example_sensor_decorator.py
[2025-05-02T19:38:44.631+0000] {logging_mixin.py:188} INFO - [2025-05-02T19:38:44.631+0000] {dag.py:3096} INFO - Sync 1 DAGs
[2025-05-02T19:38:44.641+0000] {logging_mixin.py:188} INFO - [2025-05-02T19:38:44.641+0000] {dag.py:3954} INFO - Setting next_dagrun for example_sensor_decorator to None, run_after=None
[2025-05-02T19:38:44.657+0000] {processor.py:183} INFO - Processing /home/airflow/.local/lib/python3.12/site-packages/airflow/example_dags/example_sensor_decorator.py took 0.059 seconds
[2025-05-02T19:39:15.294+0000] {processor.py:161} INFO - Started process (PID=763) to work on /home/airflow/.local/lib/python3.12/site-packages/airflow/example_dags/example_sensor_decorator.py
[2025-05-02T19:39:15.295+0000] {processor.py:830} INFO - Processing file /home/airflow/.local/lib/python3.12/site-packages/airflow/example_dags/example_sensor_decorator.py for tasks to queue
[2025-05-02T19:39:15.297+0000] {logging_mixin.py:188} INFO - [2025-05-02T19:39:15.297+0000] {dagbag.py:540} INFO - Filling up the DagBag from /home/airflow/.local/lib/python3.12/site-packages/airflow/example_dags/example_sensor_decorator.py
[2025-05-02T19:39:15.303+0000] {processor.py:840} INFO - DAG(s) 'example_sensor_decorator' retrieved from /home/airflow/.local/lib/python3.12/site-packages/airflow/example_dags/example_sensor_decorator.py
[2025-05-02T19:39:15.321+0000] {logging_mixin.py:188} INFO - [2025-05-02T19:39:15.320+0000] {dag.py:3096} INFO - Sync 1 DAGs
[2025-05-02T19:39:15.335+0000] {logging_mixin.py:188} INFO - [2025-05-02T19:39:15.334+0000] {dag.py:3954} INFO - Setting next_dagrun for example_sensor_decorator to None, run_after=None
[2025-05-02T19:39:15.350+0000] {processor.py:183} INFO - Processing /home/airflow/.local/lib/python3.12/site-packages/airflow/example_dags/example_sensor_decorator.py took 0.064 seconds
[2025-05-02T19:39:45.663+0000] {processor.py:161} INFO - Started process (PID=821) to work on /home/airflow/.local/lib/python3.12/site-packages/airflow/example_dags/example_sensor_decorator.py
[2025-05-02T19:39:45.663+0000] {processor.py:830} INFO - Processing file /home/airflow/.local/lib/python3.12/site-packages/airflow/example_dags/example_sensor_decorator.py for tasks to queue
[2025-05-02T19:39:45.665+0000] {logging_mixin.py:188} INFO - [2025-05-02T19:39:45.665+0000] {dagbag.py:540} INFO - Filling up the DagBag from /home/airflow/.local/lib/python3.12/site-packages/airflow/example_dags/example_sensor_decorator.py
[2025-05-02T19:39:45.669+0000] {processor.py:840} INFO - DAG(s) 'example_sensor_decorator' retrieved from /home/airflow/.local/lib/python3.12/site-packages/airflow/example_dags/example_sensor_decorator.py
[2025-05-02T19:39:45.685+0000] {logging_mixin.py:188} INFO - [2025-05-02T19:39:45.684+0000] {dag.py:3096} INFO - Sync 1 DAGs
[2025-05-02T19:39:45.695+0000] {logging_mixin.py:188} INFO - [2025-05-02T19:39:45.695+0000] {dag.py:3954} INFO - Setting next_dagrun for example_sensor_decorator to None, run_after=None
[2025-05-02T19:39:45.711+0000] {processor.py:183} INFO - Processing /home/airflow/.local/lib/python3.12/site-packages/airflow/example_dags/example_sensor_decorator.py took 0.055 seconds
[2025-05-02T19:40:16.389+0000] {processor.py:161} INFO - Started process (PID=879) to work on /home/airflow/.local/lib/python3.12/site-packages/airflow/example_dags/example_sensor_decorator.py
[2025-05-02T19:40:16.390+0000] {processor.py:830} INFO - Processing file /home/airflow/.local/lib/python3.12/site-packages/airflow/example_dags/example_sensor_decorator.py for tasks to queue
[2025-05-02T19:40:16.392+0000] {logging_mixin.py:188} INFO - [2025-05-02T19:40:16.391+0000] {dagbag.py:540} INFO - Filling up the DagBag from /home/airflow/.local/lib/python3.12/site-packages/airflow/example_dags/example_sensor_decorator.py
[2025-05-02T19:40:16.398+0000] {processor.py:840} INFO - DAG(s) 'example_sensor_decorator' retrieved from /home/airflow/.local/lib/python3.12/site-packages/airflow/example_dags/example_sensor_decorator.py
[2025-05-02T19:40:16.413+0000] {logging_mixin.py:188} INFO - [2025-05-02T19:40:16.413+0000] {dag.py:3096} INFO - Sync 1 DAGs
[2025-05-02T19:40:16.424+0000] {logging_mixin.py:188} INFO - [2025-05-02T19:40:16.424+0000] {dag.py:3954} INFO - Setting next_dagrun for example_sensor_decorator to None, run_after=None
[2025-05-02T19:40:16.440+0000] {processor.py:183} INFO - Processing /home/airflow/.local/lib/python3.12/site-packages/airflow/example_dags/example_sensor_decorator.py took 0.055 seconds
[2025-05-02T19:40:46.856+0000] {processor.py:161} INFO - Started process (PID=937) to work on /home/airflow/.local/lib/python3.12/site-packages/airflow/example_dags/example_sensor_decorator.py
[2025-05-02T19:40:46.857+0000] {processor.py:830} INFO - Processing file /home/airflow/.local/lib/python3.12/site-packages/airflow/example_dags/example_sensor_decorator.py for tasks to queue
[2025-05-02T19:40:46.858+0000] {logging_mixin.py:188} INFO - [2025-05-02T19:40:46.858+0000] {dagbag.py:540} INFO - Filling up the DagBag from /home/airflow/.local/lib/python3.12/site-packages/airflow/example_dags/example_sensor_decorator.py
[2025-05-02T19:40:46.863+0000] {processor.py:840} INFO - DAG(s) 'example_sensor_decorator' retrieved from /home/airflow/.local/lib/python3.12/site-packages/airflow/example_dags/example_sensor_decorator.py
[2025-05-02T19:40:46.879+0000] {logging_mixin.py:188} INFO - [2025-05-02T19:40:46.879+0000] {dag.py:3096} INFO - Sync 1 DAGs
[2025-05-02T19:40:46.890+0000] {logging_mixin.py:188} INFO - [2025-05-02T19:40:46.890+0000] {dag.py:3954} INFO - Setting next_dagrun for example_sensor_decorator to None, run_after=None
[2025-05-02T19:40:46.910+0000] {processor.py:183} INFO - Processing /home/airflow/.local/lib/python3.12/site-packages/airflow/example_dags/example_sensor_decorator.py took 0.060 seconds
[2025-05-02T19:41:17.287+0000] {processor.py:161} INFO - Started process (PID=995) to work on /home/airflow/.local/lib/python3.12/site-packages/airflow/example_dags/example_sensor_decorator.py
[2025-05-02T19:41:17.288+0000] {processor.py:830} INFO - Processing file /home/airflow/.local/lib/python3.12/site-packages/airflow/example_dags/example_sensor_decorator.py for tasks to queue
[2025-05-02T19:41:17.290+0000] {logging_mixin.py:188} INFO - [2025-05-02T19:41:17.289+0000] {dagbag.py:540} INFO - Filling up the DagBag from /home/airflow/.local/lib/python3.12/site-packages/airflow/example_dags/example_sensor_decorator.py
[2025-05-02T19:41:17.297+0000] {processor.py:840} INFO - DAG(s) 'example_sensor_decorator' retrieved from /home/airflow/.local/lib/python3.12/site-packages/airflow/example_dags/example_sensor_decorator.py
[2025-05-02T19:41:17.316+0000] {logging_mixin.py:188} INFO - [2025-05-02T19:41:17.316+0000] {dag.py:3096} INFO - Sync 1 DAGs
[2025-05-02T19:41:17.326+0000] {logging_mixin.py:188} INFO - [2025-05-02T19:41:17.325+0000] {dag.py:3954} INFO - Setting next_dagrun for example_sensor_decorator to None, run_after=None
[2025-05-02T19:41:17.342+0000] {processor.py:183} INFO - Processing /home/airflow/.local/lib/python3.12/site-packages/airflow/example_dags/example_sensor_decorator.py took 0.060 seconds
[2025-05-02T19:41:48.023+0000] {processor.py:161} INFO - Started process (PID=1047) to work on /home/airflow/.local/lib/python3.12/site-packages/airflow/example_dags/example_sensor_decorator.py
[2025-05-02T19:41:48.024+0000] {processor.py:830} INFO - Processing file /home/airflow/.local/lib/python3.12/site-packages/airflow/example_dags/example_sensor_decorator.py for tasks to queue
[2025-05-02T19:41:48.025+0000] {logging_mixin.py:188} INFO - [2025-05-02T19:41:48.025+0000] {dagbag.py:540} INFO - Filling up the DagBag from /home/airflow/.local/lib/python3.12/site-packages/airflow/example_dags/example_sensor_decorator.py
[2025-05-02T19:41:48.030+0000] {processor.py:840} INFO - DAG(s) 'example_sensor_decorator' retrieved from /home/airflow/.local/lib/python3.12/site-packages/airflow/example_dags/example_sensor_decorator.py
[2025-05-02T19:41:48.046+0000] {logging_mixin.py:188} INFO - [2025-05-02T19:41:48.046+0000] {dag.py:3096} INFO - Sync 1 DAGs
[2025-05-02T19:41:48.056+0000] {logging_mixin.py:188} INFO - [2025-05-02T19:41:48.056+0000] {dag.py:3954} INFO - Setting next_dagrun for example_sensor_decorator to None, run_after=None
[2025-05-02T19:41:48.072+0000] {processor.py:183} INFO - Processing /home/airflow/.local/lib/python3.12/site-packages/airflow/example_dags/example_sensor_decorator.py took 0.055 seconds
[2025-05-02T19:42:18.632+0000] {processor.py:161} INFO - Started process (PID=1105) to work on /home/airflow/.local/lib/python3.12/site-packages/airflow/example_dags/example_sensor_decorator.py
[2025-05-02T19:42:18.633+0000] {processor.py:830} INFO - Processing file /home/airflow/.local/lib/python3.12/site-packages/airflow/example_dags/example_sensor_decorator.py for tasks to queue
[2025-05-02T19:42:18.634+0000] {logging_mixin.py:188} INFO - [2025-05-02T19:42:18.634+0000] {dagbag.py:540} INFO - Filling up the DagBag from /home/airflow/.local/lib/python3.12/site-packages/airflow/example_dags/example_sensor_decorator.py
[2025-05-02T19:42:18.641+0000] {processor.py:840} INFO - DAG(s) 'example_sensor_decorator' retrieved from /home/airflow/.local/lib/python3.12/site-packages/airflow/example_dags/example_sensor_decorator.py
[2025-05-02T19:42:18.659+0000] {logging_mixin.py:188} INFO - [2025-05-02T19:42:18.658+0000] {dag.py:3096} INFO - Sync 1 DAGs
[2025-05-02T19:42:18.670+0000] {logging_mixin.py:188} INFO - [2025-05-02T19:42:18.670+0000] {dag.py:3954} INFO - Setting next_dagrun for example_sensor_decorator to None, run_after=None
[2025-05-02T19:42:18.688+0000] {processor.py:183} INFO - Processing /home/airflow/.local/lib/python3.12/site-packages/airflow/example_dags/example_sensor_decorator.py took 0.061 seconds
[2025-05-02T19:42:50.351+0000] {processor.py:161} INFO - Started process (PID=1163) to work on /home/airflow/.local/lib/python3.12/site-packages/airflow/example_dags/example_sensor_decorator.py
[2025-05-02T19:42:50.352+0000] {processor.py:830} INFO - Processing file /home/airflow/.local/lib/python3.12/site-packages/airflow/example_dags/example_sensor_decorator.py for tasks to queue
[2025-05-02T19:42:50.355+0000] {logging_mixin.py:188} INFO - [2025-05-02T19:42:50.354+0000] {dagbag.py:540} INFO - Filling up the DagBag from /home/airflow/.local/lib/python3.12/site-packages/airflow/example_dags/example_sensor_decorator.py
[2025-05-02T19:42:50.361+0000] {processor.py:840} INFO - DAG(s) 'example_sensor_decorator' retrieved from /home/airflow/.local/lib/python3.12/site-packages/airflow/example_dags/example_sensor_decorator.py
[2025-05-02T19:42:50.391+0000] {logging_mixin.py:188} INFO - [2025-05-02T19:42:50.391+0000] {dag.py:3096} INFO - Sync 1 DAGs
[2025-05-02T19:42:50.407+0000] {logging_mixin.py:188} INFO - [2025-05-02T19:42:50.407+0000] {dag.py:3954} INFO - Setting next_dagrun for example_sensor_decorator to None, run_after=None
[2025-05-02T19:42:50.424+0000] {processor.py:183} INFO - Processing /home/airflow/.local/lib/python3.12/site-packages/airflow/example_dags/example_sensor_decorator.py took 0.078 seconds
[2025-05-02T19:43:20.608+0000] {processor.py:161} INFO - Started process (PID=1223) to work on /home/airflow/.local/lib/python3.12/site-packages/airflow/example_dags/example_sensor_decorator.py
[2025-05-02T19:43:20.609+0000] {processor.py:830} INFO - Processing file /home/airflow/.local/lib/python3.12/site-packages/airflow/example_dags/example_sensor_decorator.py for tasks to queue
[2025-05-02T19:43:20.611+0000] {logging_mixin.py:188} INFO - [2025-05-02T19:43:20.611+0000] {dagbag.py:540} INFO - Filling up the DagBag from /home/airflow/.local/lib/python3.12/site-packages/airflow/example_dags/example_sensor_decorator.py
[2025-05-02T19:43:20.617+0000] {processor.py:840} INFO - DAG(s) 'example_sensor_decorator' retrieved from /home/airflow/.local/lib/python3.12/site-packages/airflow/example_dags/example_sensor_decorator.py
[2025-05-02T19:43:20.633+0000] {logging_mixin.py:188} INFO - [2025-05-02T19:43:20.633+0000] {dag.py:3096} INFO - Sync 1 DAGs
[2025-05-02T19:43:20.642+0000] {logging_mixin.py:188} INFO - [2025-05-02T19:43:20.642+0000] {dag.py:3954} INFO - Setting next_dagrun for example_sensor_decorator to None, run_after=None
[2025-05-02T19:43:20.657+0000] {processor.py:183} INFO - Processing /home/airflow/.local/lib/python3.12/site-packages/airflow/example_dags/example_sensor_decorator.py took 0.056 seconds
[2025-05-02T19:43:51.155+0000] {processor.py:161} INFO - Started process (PID=1283) to work on /home/airflow/.local/lib/python3.12/site-packages/airflow/example_dags/example_sensor_decorator.py
[2025-05-02T19:43:51.156+0000] {processor.py:830} INFO - Processing file /home/airflow/.local/lib/python3.12/site-packages/airflow/example_dags/example_sensor_decorator.py for tasks to queue
[2025-05-02T19:43:51.158+0000] {logging_mixin.py:188} INFO - [2025-05-02T19:43:51.157+0000] {dagbag.py:540} INFO - Filling up the DagBag from /home/airflow/.local/lib/python3.12/site-packages/airflow/example_dags/example_sensor_decorator.py
[2025-05-02T19:43:51.164+0000] {processor.py:840} INFO - DAG(s) 'example_sensor_decorator' retrieved from /home/airflow/.local/lib/python3.12/site-packages/airflow/example_dags/example_sensor_decorator.py
[2025-05-02T19:43:51.184+0000] {logging_mixin.py:188} INFO - [2025-05-02T19:43:51.184+0000] {dag.py:3096} INFO - Sync 1 DAGs
[2025-05-02T19:43:51.203+0000] {logging_mixin.py:188} INFO - [2025-05-02T19:43:51.202+0000] {dag.py:3954} INFO - Setting next_dagrun for example_sensor_decorator to None, run_after=None
[2025-05-02T19:43:51.223+0000] {processor.py:183} INFO - Processing /home/airflow/.local/lib/python3.12/site-packages/airflow/example_dags/example_sensor_decorator.py took 0.073 seconds
[2025-05-02T19:44:23.911+0000] {processor.py:161} INFO - Started process (PID=1378) to work on /home/airflow/.local/lib/python3.12/site-packages/airflow/example_dags/example_sensor_decorator.py
[2025-05-02T19:44:23.912+0000] {processor.py:830} INFO - Processing file /home/airflow/.local/lib/python3.12/site-packages/airflow/example_dags/example_sensor_decorator.py for tasks to queue
[2025-05-02T19:44:23.915+0000] {logging_mixin.py:188} INFO - [2025-05-02T19:44:23.915+0000] {dagbag.py:540} INFO - Filling up the DagBag from /home/airflow/.local/lib/python3.12/site-packages/airflow/example_dags/example_sensor_decorator.py
[2025-05-02T19:44:23.937+0000] {processor.py:840} INFO - DAG(s) 'example_sensor_decorator' retrieved from /home/airflow/.local/lib/python3.12/site-packages/airflow/example_dags/example_sensor_decorator.py
[2025-05-02T19:44:24.002+0000] {logging_mixin.py:188} INFO - [2025-05-02T19:44:24.001+0000] {dag.py:3096} INFO - Sync 1 DAGs
[2025-05-02T19:44:24.028+0000] {logging_mixin.py:188} INFO - [2025-05-02T19:44:24.028+0000] {dag.py:3954} INFO - Setting next_dagrun for example_sensor_decorator to None, run_after=None
[2025-05-02T19:44:24.123+0000] {processor.py:183} INFO - Processing /home/airflow/.local/lib/python3.12/site-packages/airflow/example_dags/example_sensor_decorator.py took 0.236 seconds
[2025-05-02T19:44:55.676+0000] {processor.py:161} INFO - Started process (PID=1480) to work on /home/airflow/.local/lib/python3.12/site-packages/airflow/example_dags/example_sensor_decorator.py
[2025-05-02T19:44:55.679+0000] {processor.py:830} INFO - Processing file /home/airflow/.local/lib/python3.12/site-packages/airflow/example_dags/example_sensor_decorator.py for tasks to queue
[2025-05-02T19:44:55.694+0000] {logging_mixin.py:188} INFO - [2025-05-02T19:44:55.693+0000] {dagbag.py:540} INFO - Filling up the DagBag from /home/airflow/.local/lib/python3.12/site-packages/airflow/example_dags/example_sensor_decorator.py
[2025-05-02T19:44:55.730+0000] {processor.py:840} INFO - DAG(s) 'example_sensor_decorator' retrieved from /home/airflow/.local/lib/python3.12/site-packages/airflow/example_dags/example_sensor_decorator.py
[2025-05-02T19:44:55.833+0000] {logging_mixin.py:188} INFO - [2025-05-02T19:44:55.832+0000] {dag.py:3096} INFO - Sync 1 DAGs
[2025-05-02T19:44:55.887+0000] {logging_mixin.py:188} INFO - [2025-05-02T19:44:55.886+0000] {dag.py:3954} INFO - Setting next_dagrun for example_sensor_decorator to None, run_after=None
[2025-05-02T19:44:55.941+0000] {processor.py:183} INFO - Processing /home/airflow/.local/lib/python3.12/site-packages/airflow/example_dags/example_sensor_decorator.py took 0.307 seconds
[2025-05-02T19:45:27.656+0000] {processor.py:161} INFO - Started process (PID=1579) to work on /home/airflow/.local/lib/python3.12/site-packages/airflow/example_dags/example_sensor_decorator.py
[2025-05-02T19:45:27.658+0000] {processor.py:830} INFO - Processing file /home/airflow/.local/lib/python3.12/site-packages/airflow/example_dags/example_sensor_decorator.py for tasks to queue
[2025-05-02T19:45:27.662+0000] {logging_mixin.py:188} INFO - [2025-05-02T19:45:27.661+0000] {dagbag.py:540} INFO - Filling up the DagBag from /home/airflow/.local/lib/python3.12/site-packages/airflow/example_dags/example_sensor_decorator.py
[2025-05-02T19:45:27.680+0000] {processor.py:840} INFO - DAG(s) 'example_sensor_decorator' retrieved from /home/airflow/.local/lib/python3.12/site-packages/airflow/example_dags/example_sensor_decorator.py
[2025-05-02T19:45:27.840+0000] {logging_mixin.py:188} INFO - [2025-05-02T19:45:27.839+0000] {dag.py:3096} INFO - Sync 1 DAGs
[2025-05-02T19:45:27.892+0000] {logging_mixin.py:188} INFO - [2025-05-02T19:45:27.892+0000] {dag.py:3954} INFO - Setting next_dagrun for example_sensor_decorator to None, run_after=None
[2025-05-02T19:45:28.016+0000] {processor.py:183} INFO - Processing /home/airflow/.local/lib/python3.12/site-packages/airflow/example_dags/example_sensor_decorator.py took 0.379 seconds
[2025-05-02T19:45:58.352+0000] {processor.py:161} INFO - Started process (PID=1681) to work on /home/airflow/.local/lib/python3.12/site-packages/airflow/example_dags/example_sensor_decorator.py
[2025-05-02T19:45:58.354+0000] {processor.py:830} INFO - Processing file /home/airflow/.local/lib/python3.12/site-packages/airflow/example_dags/example_sensor_decorator.py for tasks to queue
[2025-05-02T19:45:58.358+0000] {logging_mixin.py:188} INFO - [2025-05-02T19:45:58.357+0000] {dagbag.py:540} INFO - Filling up the DagBag from /home/airflow/.local/lib/python3.12/site-packages/airflow/example_dags/example_sensor_decorator.py
[2025-05-02T19:45:58.371+0000] {processor.py:840} INFO - DAG(s) 'example_sensor_decorator' retrieved from /home/airflow/.local/lib/python3.12/site-packages/airflow/example_dags/example_sensor_decorator.py
[2025-05-02T19:45:58.412+0000] {logging_mixin.py:188} INFO - [2025-05-02T19:45:58.412+0000] {dag.py:3096} INFO - Sync 1 DAGs
[2025-05-02T19:45:58.444+0000] {logging_mixin.py:188} INFO - [2025-05-02T19:45:58.443+0000] {dag.py:3954} INFO - Setting next_dagrun for example_sensor_decorator to None, run_after=None
[2025-05-02T19:45:58.488+0000] {processor.py:183} INFO - Processing /home/airflow/.local/lib/python3.12/site-packages/airflow/example_dags/example_sensor_decorator.py took 0.153 seconds
[2025-05-02T19:46:29.587+0000] {processor.py:161} INFO - Started process (PID=1781) to work on /home/airflow/.local/lib/python3.12/site-packages/airflow/example_dags/example_sensor_decorator.py
[2025-05-02T19:46:29.588+0000] {processor.py:830} INFO - Processing file /home/airflow/.local/lib/python3.12/site-packages/airflow/example_dags/example_sensor_decorator.py for tasks to queue
[2025-05-02T19:46:29.592+0000] {logging_mixin.py:188} INFO - [2025-05-02T19:46:29.591+0000] {dagbag.py:540} INFO - Filling up the DagBag from /home/airflow/.local/lib/python3.12/site-packages/airflow/example_dags/example_sensor_decorator.py
[2025-05-02T19:46:29.629+0000] {processor.py:840} INFO - DAG(s) 'example_sensor_decorator' retrieved from /home/airflow/.local/lib/python3.12/site-packages/airflow/example_dags/example_sensor_decorator.py
[2025-05-02T19:46:29.776+0000] {logging_mixin.py:188} INFO - [2025-05-02T19:46:29.775+0000] {dag.py:3096} INFO - Sync 1 DAGs
[2025-05-02T19:46:29.822+0000] {logging_mixin.py:188} INFO - [2025-05-02T19:46:29.821+0000] {dag.py:3954} INFO - Setting next_dagrun for example_sensor_decorator to None, run_after=None
[2025-05-02T19:46:29.885+0000] {processor.py:183} INFO - Processing /home/airflow/.local/lib/python3.12/site-packages/airflow/example_dags/example_sensor_decorator.py took 0.318 seconds
[2025-05-02T19:47:00.515+0000] {processor.py:161} INFO - Started process (PID=1896) to work on /home/airflow/.local/lib/python3.12/site-packages/airflow/example_dags/example_sensor_decorator.py
[2025-05-02T19:47:00.527+0000] {processor.py:830} INFO - Processing file /home/airflow/.local/lib/python3.12/site-packages/airflow/example_dags/example_sensor_decorator.py for tasks to queue
[2025-05-02T19:47:00.530+0000] {logging_mixin.py:188} INFO - [2025-05-02T19:47:00.529+0000] {dagbag.py:540} INFO - Filling up the DagBag from /home/airflow/.local/lib/python3.12/site-packages/airflow/example_dags/example_sensor_decorator.py
[2025-05-02T19:47:00.541+0000] {processor.py:840} INFO - DAG(s) 'example_sensor_decorator' retrieved from /home/airflow/.local/lib/python3.12/site-packages/airflow/example_dags/example_sensor_decorator.py
[2025-05-02T19:47:00.592+0000] {logging_mixin.py:188} INFO - [2025-05-02T19:47:00.592+0000] {dag.py:3096} INFO - Sync 1 DAGs
[2025-05-02T19:47:00.628+0000] {logging_mixin.py:188} INFO - [2025-05-02T19:47:00.627+0000] {dag.py:3954} INFO - Setting next_dagrun for example_sensor_decorator to None, run_after=None
[2025-05-02T19:47:00.701+0000] {processor.py:183} INFO - Processing /home/airflow/.local/lib/python3.12/site-packages/airflow/example_dags/example_sensor_decorator.py took 0.198 seconds
[2025-05-02T19:47:35.890+0000] {processor.py:161} INFO - Started process (PID=1998) to work on /home/airflow/.local/lib/python3.12/site-packages/airflow/example_dags/example_sensor_decorator.py
[2025-05-02T19:47:35.897+0000] {processor.py:830} INFO - Processing file /home/airflow/.local/lib/python3.12/site-packages/airflow/example_dags/example_sensor_decorator.py for tasks to queue
[2025-05-02T19:47:35.903+0000] {logging_mixin.py:188} INFO - [2025-05-02T19:47:35.902+0000] {dagbag.py:540} INFO - Filling up the DagBag from /home/airflow/.local/lib/python3.12/site-packages/airflow/example_dags/example_sensor_decorator.py
[2025-05-02T19:47:35.929+0000] {processor.py:840} INFO - DAG(s) 'example_sensor_decorator' retrieved from /home/airflow/.local/lib/python3.12/site-packages/airflow/example_dags/example_sensor_decorator.py
[2025-05-02T19:47:36.003+0000] {logging_mixin.py:188} INFO - [2025-05-02T19:47:36.000+0000] {dag.py:3096} INFO - Sync 1 DAGs
[2025-05-02T19:47:36.076+0000] {logging_mixin.py:188} INFO - [2025-05-02T19:47:36.075+0000] {dag.py:3954} INFO - Setting next_dagrun for example_sensor_decorator to None, run_after=None
[2025-05-02T19:47:36.164+0000] {processor.py:183} INFO - Processing /home/airflow/.local/lib/python3.12/site-packages/airflow/example_dags/example_sensor_decorator.py took 0.290 seconds
[2025-05-02T19:48:09.421+0000] {processor.py:161} INFO - Started process (PID=2101) to work on /home/airflow/.local/lib/python3.12/site-packages/airflow/example_dags/example_sensor_decorator.py
[2025-05-02T19:48:09.424+0000] {processor.py:830} INFO - Processing file /home/airflow/.local/lib/python3.12/site-packages/airflow/example_dags/example_sensor_decorator.py for tasks to queue
[2025-05-02T19:48:09.428+0000] {logging_mixin.py:188} INFO - [2025-05-02T19:48:09.427+0000] {dagbag.py:540} INFO - Filling up the DagBag from /home/airflow/.local/lib/python3.12/site-packages/airflow/example_dags/example_sensor_decorator.py
[2025-05-02T19:48:09.442+0000] {processor.py:840} INFO - DAG(s) 'example_sensor_decorator' retrieved from /home/airflow/.local/lib/python3.12/site-packages/airflow/example_dags/example_sensor_decorator.py
[2025-05-02T19:48:09.519+0000] {logging_mixin.py:188} INFO - [2025-05-02T19:48:09.518+0000] {dag.py:3096} INFO - Sync 1 DAGs
[2025-05-02T19:48:09.550+0000] {logging_mixin.py:188} INFO - [2025-05-02T19:48:09.550+0000] {dag.py:3954} INFO - Setting next_dagrun for example_sensor_decorator to None, run_after=None
[2025-05-02T19:48:09.645+0000] {processor.py:183} INFO - Processing /home/airflow/.local/lib/python3.12/site-packages/airflow/example_dags/example_sensor_decorator.py took 0.240 seconds
[2025-05-02T19:48:46.902+0000] {processor.py:161} INFO - Started process (PID=2193) to work on /home/airflow/.local/lib/python3.12/site-packages/airflow/example_dags/example_sensor_decorator.py
[2025-05-02T19:48:46.903+0000] {processor.py:830} INFO - Processing file /home/airflow/.local/lib/python3.12/site-packages/airflow/example_dags/example_sensor_decorator.py for tasks to queue
[2025-05-02T19:48:46.907+0000] {logging_mixin.py:188} INFO - [2025-05-02T19:48:46.906+0000] {dagbag.py:540} INFO - Filling up the DagBag from /home/airflow/.local/lib/python3.12/site-packages/airflow/example_dags/example_sensor_decorator.py
[2025-05-02T19:48:46.939+0000] {processor.py:840} INFO - DAG(s) 'example_sensor_decorator' retrieved from /home/airflow/.local/lib/python3.12/site-packages/airflow/example_dags/example_sensor_decorator.py
[2025-05-02T19:48:47.037+0000] {logging_mixin.py:188} INFO - [2025-05-02T19:48:47.037+0000] {dag.py:3096} INFO - Sync 1 DAGs
[2025-05-02T19:48:47.166+0000] {logging_mixin.py:188} INFO - [2025-05-02T19:48:47.165+0000] {dag.py:3954} INFO - Setting next_dagrun for example_sensor_decorator to None, run_after=None
[2025-05-02T19:48:47.253+0000] {processor.py:183} INFO - Processing /home/airflow/.local/lib/python3.12/site-packages/airflow/example_dags/example_sensor_decorator.py took 0.381 seconds
[2025-05-02T19:49:20.238+0000] {processor.py:161} INFO - Started process (PID=2290) to work on /home/airflow/.local/lib/python3.12/site-packages/airflow/example_dags/example_sensor_decorator.py
[2025-05-02T19:49:20.239+0000] {processor.py:830} INFO - Processing file /home/airflow/.local/lib/python3.12/site-packages/airflow/example_dags/example_sensor_decorator.py for tasks to queue
[2025-05-02T19:49:20.254+0000] {logging_mixin.py:188} INFO - [2025-05-02T19:49:20.242+0000] {dagbag.py:540} INFO - Filling up the DagBag from /home/airflow/.local/lib/python3.12/site-packages/airflow/example_dags/example_sensor_decorator.py
[2025-05-02T19:49:20.302+0000] {processor.py:840} INFO - DAG(s) 'example_sensor_decorator' retrieved from /home/airflow/.local/lib/python3.12/site-packages/airflow/example_dags/example_sensor_decorator.py
[2025-05-02T19:49:20.412+0000] {logging_mixin.py:188} INFO - [2025-05-02T19:49:20.412+0000] {dag.py:3096} INFO - Sync 1 DAGs
[2025-05-02T19:49:20.454+0000] {logging_mixin.py:188} INFO - [2025-05-02T19:49:20.453+0000] {dag.py:3954} INFO - Setting next_dagrun for example_sensor_decorator to None, run_after=None
[2025-05-02T19:49:20.544+0000] {processor.py:183} INFO - Processing /home/airflow/.local/lib/python3.12/site-packages/airflow/example_dags/example_sensor_decorator.py took 0.318 seconds
[2025-05-02T19:49:54.213+0000] {processor.py:161} INFO - Started process (PID=2368) to work on /home/airflow/.local/lib/python3.12/site-packages/airflow/example_dags/example_sensor_decorator.py
[2025-05-02T19:49:54.216+0000] {processor.py:830} INFO - Processing file /home/airflow/.local/lib/python3.12/site-packages/airflow/example_dags/example_sensor_decorator.py for tasks to queue
[2025-05-02T19:49:54.219+0000] {logging_mixin.py:188} INFO - [2025-05-02T19:49:54.219+0000] {dagbag.py:540} INFO - Filling up the DagBag from /home/airflow/.local/lib/python3.12/site-packages/airflow/example_dags/example_sensor_decorator.py
[2025-05-02T19:49:54.234+0000] {processor.py:840} INFO - DAG(s) 'example_sensor_decorator' retrieved from /home/airflow/.local/lib/python3.12/site-packages/airflow/example_dags/example_sensor_decorator.py
[2025-05-02T19:49:54.302+0000] {logging_mixin.py:188} INFO - [2025-05-02T19:49:54.301+0000] {dag.py:3096} INFO - Sync 1 DAGs
[2025-05-02T19:49:54.365+0000] {logging_mixin.py:188} INFO - [2025-05-02T19:49:54.364+0000] {dag.py:3954} INFO - Setting next_dagrun for example_sensor_decorator to None, run_after=None
[2025-05-02T19:49:54.429+0000] {processor.py:183} INFO - Processing /home/airflow/.local/lib/python3.12/site-packages/airflow/example_dags/example_sensor_decorator.py took 0.235 seconds
[2025-05-02T19:50:28.800+0000] {processor.py:161} INFO - Started process (PID=2492) to work on /home/airflow/.local/lib/python3.12/site-packages/airflow/example_dags/example_sensor_decorator.py
[2025-05-02T19:50:28.802+0000] {processor.py:830} INFO - Processing file /home/airflow/.local/lib/python3.12/site-packages/airflow/example_dags/example_sensor_decorator.py for tasks to queue
[2025-05-02T19:50:28.809+0000] {logging_mixin.py:188} INFO - [2025-05-02T19:50:28.808+0000] {dagbag.py:540} INFO - Filling up the DagBag from /home/airflow/.local/lib/python3.12/site-packages/airflow/example_dags/example_sensor_decorator.py
[2025-05-02T19:50:28.826+0000] {processor.py:840} INFO - DAG(s) 'example_sensor_decorator' retrieved from /home/airflow/.local/lib/python3.12/site-packages/airflow/example_dags/example_sensor_decorator.py
[2025-05-02T19:50:29.012+0000] {logging_mixin.py:188} INFO - [2025-05-02T19:50:28.999+0000] {dag.py:3096} INFO - Sync 1 DAGs
[2025-05-02T19:50:29.152+0000] {logging_mixin.py:188} INFO - [2025-05-02T19:50:29.140+0000] {dag.py:3954} INFO - Setting next_dagrun for example_sensor_decorator to None, run_after=None
[2025-05-02T19:50:29.274+0000] {processor.py:183} INFO - Processing /home/airflow/.local/lib/python3.12/site-packages/airflow/example_dags/example_sensor_decorator.py took 0.495 seconds
[2025-05-02T19:51:03.926+0000] {processor.py:161} INFO - Started process (PID=2583) to work on /home/airflow/.local/lib/python3.12/site-packages/airflow/example_dags/example_sensor_decorator.py
[2025-05-02T19:51:03.939+0000] {processor.py:830} INFO - Processing file /home/airflow/.local/lib/python3.12/site-packages/airflow/example_dags/example_sensor_decorator.py for tasks to queue
[2025-05-02T19:51:03.944+0000] {logging_mixin.py:188} INFO - [2025-05-02T19:51:03.943+0000] {dagbag.py:540} INFO - Filling up the DagBag from /home/airflow/.local/lib/python3.12/site-packages/airflow/example_dags/example_sensor_decorator.py
[2025-05-02T19:51:03.964+0000] {processor.py:840} INFO - DAG(s) 'example_sensor_decorator' retrieved from /home/airflow/.local/lib/python3.12/site-packages/airflow/example_dags/example_sensor_decorator.py
[2025-05-02T19:51:04.108+0000] {logging_mixin.py:188} INFO - [2025-05-02T19:51:04.108+0000] {dag.py:3096} INFO - Sync 1 DAGs
[2025-05-02T19:51:04.407+0000] {logging_mixin.py:188} INFO - [2025-05-02T19:51:04.403+0000] {dag.py:3954} INFO - Setting next_dagrun for example_sensor_decorator to None, run_after=None
[2025-05-02T19:51:04.506+0000] {processor.py:183} INFO - Processing /home/airflow/.local/lib/python3.12/site-packages/airflow/example_dags/example_sensor_decorator.py took 0.608 seconds
[2025-05-02T19:51:38.558+0000] {processor.py:161} INFO - Started process (PID=2699) to work on /home/airflow/.local/lib/python3.12/site-packages/airflow/example_dags/example_sensor_decorator.py
[2025-05-02T19:51:38.564+0000] {processor.py:830} INFO - Processing file /home/airflow/.local/lib/python3.12/site-packages/airflow/example_dags/example_sensor_decorator.py for tasks to queue
[2025-05-02T19:51:38.568+0000] {logging_mixin.py:188} INFO - [2025-05-02T19:51:38.567+0000] {dagbag.py:540} INFO - Filling up the DagBag from /home/airflow/.local/lib/python3.12/site-packages/airflow/example_dags/example_sensor_decorator.py
[2025-05-02T19:51:38.592+0000] {processor.py:840} INFO - DAG(s) 'example_sensor_decorator' retrieved from /home/airflow/.local/lib/python3.12/site-packages/airflow/example_dags/example_sensor_decorator.py
[2025-05-02T19:51:38.676+0000] {logging_mixin.py:188} INFO - [2025-05-02T19:51:38.676+0000] {dag.py:3096} INFO - Sync 1 DAGs
[2025-05-02T19:51:38.719+0000] {logging_mixin.py:188} INFO - [2025-05-02T19:51:38.709+0000] {dag.py:3954} INFO - Setting next_dagrun for example_sensor_decorator to None, run_after=None
[2025-05-02T19:51:38.789+0000] {processor.py:183} INFO - Processing /home/airflow/.local/lib/python3.12/site-packages/airflow/example_dags/example_sensor_decorator.py took 0.254 seconds
[2025-05-02T19:52:12.192+0000] {processor.py:161} INFO - Started process (PID=2771) to work on /home/airflow/.local/lib/python3.12/site-packages/airflow/example_dags/example_sensor_decorator.py
[2025-05-02T19:52:12.202+0000] {processor.py:830} INFO - Processing file /home/airflow/.local/lib/python3.12/site-packages/airflow/example_dags/example_sensor_decorator.py for tasks to queue
[2025-05-02T19:52:12.207+0000] {logging_mixin.py:188} INFO - [2025-05-02T19:52:12.207+0000] {dagbag.py:540} INFO - Filling up the DagBag from /home/airflow/.local/lib/python3.12/site-packages/airflow/example_dags/example_sensor_decorator.py
[2025-05-02T19:52:12.244+0000] {processor.py:840} INFO - DAG(s) 'example_sensor_decorator' retrieved from /home/airflow/.local/lib/python3.12/site-packages/airflow/example_dags/example_sensor_decorator.py
[2025-05-02T19:52:12.366+0000] {logging_mixin.py:188} INFO - [2025-05-02T19:52:12.365+0000] {dag.py:3096} INFO - Sync 1 DAGs
[2025-05-02T19:52:12.411+0000] {logging_mixin.py:188} INFO - [2025-05-02T19:52:12.411+0000] {dag.py:3954} INFO - Setting next_dagrun for example_sensor_decorator to None, run_after=None
[2025-05-02T19:52:12.531+0000] {processor.py:183} INFO - Processing /home/airflow/.local/lib/python3.12/site-packages/airflow/example_dags/example_sensor_decorator.py took 0.356 seconds
[2025-05-02T19:52:46.064+0000] {processor.py:161} INFO - Started process (PID=2871) to work on /home/airflow/.local/lib/python3.12/site-packages/airflow/example_dags/example_sensor_decorator.py
[2025-05-02T19:52:46.065+0000] {processor.py:830} INFO - Processing file /home/airflow/.local/lib/python3.12/site-packages/airflow/example_dags/example_sensor_decorator.py for tasks to queue
[2025-05-02T19:52:46.067+0000] {logging_mixin.py:188} INFO - [2025-05-02T19:52:46.067+0000] {dagbag.py:540} INFO - Filling up the DagBag from /home/airflow/.local/lib/python3.12/site-packages/airflow/example_dags/example_sensor_decorator.py
[2025-05-02T19:52:46.073+0000] {processor.py:840} INFO - DAG(s) 'example_sensor_decorator' retrieved from /home/airflow/.local/lib/python3.12/site-packages/airflow/example_dags/example_sensor_decorator.py
[2025-05-02T19:52:46.096+0000] {logging_mixin.py:188} INFO - [2025-05-02T19:52:46.095+0000] {dag.py:3096} INFO - Sync 1 DAGs
[2025-05-02T19:52:46.108+0000] {logging_mixin.py:188} INFO - [2025-05-02T19:52:46.107+0000] {dag.py:3954} INFO - Setting next_dagrun for example_sensor_decorator to None, run_after=None
[2025-05-02T19:52:46.129+0000] {processor.py:183} INFO - Processing /home/airflow/.local/lib/python3.12/site-packages/airflow/example_dags/example_sensor_decorator.py took 0.070 seconds
[2025-05-02T19:53:16.579+0000] {processor.py:161} INFO - Started process (PID=2985) to work on /home/airflow/.local/lib/python3.12/site-packages/airflow/example_dags/example_sensor_decorator.py
[2025-05-02T19:53:16.586+0000] {processor.py:830} INFO - Processing file /home/airflow/.local/lib/python3.12/site-packages/airflow/example_dags/example_sensor_decorator.py for tasks to queue
[2025-05-02T19:53:16.590+0000] {logging_mixin.py:188} INFO - [2025-05-02T19:53:16.590+0000] {dagbag.py:540} INFO - Filling up the DagBag from /home/airflow/.local/lib/python3.12/site-packages/airflow/example_dags/example_sensor_decorator.py
[2025-05-02T19:53:16.621+0000] {processor.py:840} INFO - DAG(s) 'example_sensor_decorator' retrieved from /home/airflow/.local/lib/python3.12/site-packages/airflow/example_dags/example_sensor_decorator.py
[2025-05-02T19:53:16.700+0000] {logging_mixin.py:188} INFO - [2025-05-02T19:53:16.699+0000] {dag.py:3096} INFO - Sync 1 DAGs
[2025-05-02T19:53:16.766+0000] {logging_mixin.py:188} INFO - [2025-05-02T19:53:16.765+0000] {dag.py:3954} INFO - Setting next_dagrun for example_sensor_decorator to None, run_after=None
[2025-05-02T19:53:16.866+0000] {processor.py:183} INFO - Processing /home/airflow/.local/lib/python3.12/site-packages/airflow/example_dags/example_sensor_decorator.py took 0.324 seconds
[2025-05-02T19:53:47.510+0000] {processor.py:161} INFO - Started process (PID=3078) to work on /home/airflow/.local/lib/python3.12/site-packages/airflow/example_dags/example_sensor_decorator.py
[2025-05-02T19:53:47.511+0000] {processor.py:830} INFO - Processing file /home/airflow/.local/lib/python3.12/site-packages/airflow/example_dags/example_sensor_decorator.py for tasks to queue
[2025-05-02T19:53:47.515+0000] {logging_mixin.py:188} INFO - [2025-05-02T19:53:47.514+0000] {dagbag.py:540} INFO - Filling up the DagBag from /home/airflow/.local/lib/python3.12/site-packages/airflow/example_dags/example_sensor_decorator.py
[2025-05-02T19:53:47.538+0000] {processor.py:840} INFO - DAG(s) 'example_sensor_decorator' retrieved from /home/airflow/.local/lib/python3.12/site-packages/airflow/example_dags/example_sensor_decorator.py
[2025-05-02T19:53:47.617+0000] {logging_mixin.py:188} INFO - [2025-05-02T19:53:47.616+0000] {dag.py:3096} INFO - Sync 1 DAGs
[2025-05-02T19:53:47.654+0000] {logging_mixin.py:188} INFO - [2025-05-02T19:53:47.654+0000] {dag.py:3954} INFO - Setting next_dagrun for example_sensor_decorator to None, run_after=None
[2025-05-02T19:53:47.773+0000] {processor.py:183} INFO - Processing /home/airflow/.local/lib/python3.12/site-packages/airflow/example_dags/example_sensor_decorator.py took 0.277 seconds
[2025-05-02T19:54:18.219+0000] {processor.py:161} INFO - Started process (PID=3169) to work on /home/airflow/.local/lib/python3.12/site-packages/airflow/example_dags/example_sensor_decorator.py
[2025-05-02T19:54:18.233+0000] {processor.py:830} INFO - Processing file /home/airflow/.local/lib/python3.12/site-packages/airflow/example_dags/example_sensor_decorator.py for tasks to queue
[2025-05-02T19:54:18.237+0000] {logging_mixin.py:188} INFO - [2025-05-02T19:54:18.236+0000] {dagbag.py:540} INFO - Filling up the DagBag from /home/airflow/.local/lib/python3.12/site-packages/airflow/example_dags/example_sensor_decorator.py
[2025-05-02T19:54:18.254+0000] {processor.py:840} INFO - DAG(s) 'example_sensor_decorator' retrieved from /home/airflow/.local/lib/python3.12/site-packages/airflow/example_dags/example_sensor_decorator.py
[2025-05-02T19:54:18.341+0000] {logging_mixin.py:188} INFO - [2025-05-02T19:54:18.341+0000] {dag.py:3096} INFO - Sync 1 DAGs
[2025-05-02T19:54:18.386+0000] {logging_mixin.py:188} INFO - [2025-05-02T19:54:18.385+0000] {dag.py:3954} INFO - Setting next_dagrun for example_sensor_decorator to None, run_after=None
[2025-05-02T19:54:18.486+0000] {processor.py:183} INFO - Processing /home/airflow/.local/lib/python3.12/site-packages/airflow/example_dags/example_sensor_decorator.py took 0.292 seconds
[2025-05-02T19:54:48.668+0000] {processor.py:161} INFO - Started process (PID=3256) to work on /home/airflow/.local/lib/python3.12/site-packages/airflow/example_dags/example_sensor_decorator.py
[2025-05-02T19:54:48.669+0000] {processor.py:830} INFO - Processing file /home/airflow/.local/lib/python3.12/site-packages/airflow/example_dags/example_sensor_decorator.py for tasks to queue
[2025-05-02T19:54:48.673+0000] {logging_mixin.py:188} INFO - [2025-05-02T19:54:48.671+0000] {dagbag.py:540} INFO - Filling up the DagBag from /home/airflow/.local/lib/python3.12/site-packages/airflow/example_dags/example_sensor_decorator.py
[2025-05-02T19:54:48.685+0000] {processor.py:840} INFO - DAG(s) 'example_sensor_decorator' retrieved from /home/airflow/.local/lib/python3.12/site-packages/airflow/example_dags/example_sensor_decorator.py
[2025-05-02T19:54:48.735+0000] {logging_mixin.py:188} INFO - [2025-05-02T19:54:48.734+0000] {dag.py:3096} INFO - Sync 1 DAGs
[2025-05-02T19:54:48.771+0000] {logging_mixin.py:188} INFO - [2025-05-02T19:54:48.771+0000] {dag.py:3954} INFO - Setting next_dagrun for example_sensor_decorator to None, run_after=None
[2025-05-02T19:54:48.850+0000] {processor.py:183} INFO - Processing /home/airflow/.local/lib/python3.12/site-packages/airflow/example_dags/example_sensor_decorator.py took 0.197 seconds
[2025-05-02T19:55:19.137+0000] {processor.py:161} INFO - Started process (PID=3355) to work on /home/airflow/.local/lib/python3.12/site-packages/airflow/example_dags/example_sensor_decorator.py
[2025-05-02T19:55:19.147+0000] {processor.py:830} INFO - Processing file /home/airflow/.local/lib/python3.12/site-packages/airflow/example_dags/example_sensor_decorator.py for tasks to queue
[2025-05-02T19:55:19.150+0000] {logging_mixin.py:188} INFO - [2025-05-02T19:55:19.150+0000] {dagbag.py:540} INFO - Filling up the DagBag from /home/airflow/.local/lib/python3.12/site-packages/airflow/example_dags/example_sensor_decorator.py
[2025-05-02T19:55:19.162+0000] {processor.py:840} INFO - DAG(s) 'example_sensor_decorator' retrieved from /home/airflow/.local/lib/python3.12/site-packages/airflow/example_dags/example_sensor_decorator.py
[2025-05-02T19:55:19.233+0000] {logging_mixin.py:188} INFO - [2025-05-02T19:55:19.233+0000] {dag.py:3096} INFO - Sync 1 DAGs
[2025-05-02T19:55:19.313+0000] {logging_mixin.py:188} INFO - [2025-05-02T19:55:19.310+0000] {dag.py:3954} INFO - Setting next_dagrun for example_sensor_decorator to None, run_after=None
[2025-05-02T19:55:19.380+0000] {processor.py:183} INFO - Processing /home/airflow/.local/lib/python3.12/site-packages/airflow/example_dags/example_sensor_decorator.py took 0.255 seconds
[2025-05-02T19:55:49.927+0000] {processor.py:161} INFO - Started process (PID=3456) to work on /home/airflow/.local/lib/python3.12/site-packages/airflow/example_dags/example_sensor_decorator.py
[2025-05-02T19:55:49.929+0000] {processor.py:830} INFO - Processing file /home/airflow/.local/lib/python3.12/site-packages/airflow/example_dags/example_sensor_decorator.py for tasks to queue
[2025-05-02T19:55:49.932+0000] {logging_mixin.py:188} INFO - [2025-05-02T19:55:49.931+0000] {dagbag.py:540} INFO - Filling up the DagBag from /home/airflow/.local/lib/python3.12/site-packages/airflow/example_dags/example_sensor_decorator.py
[2025-05-02T19:55:49.942+0000] {processor.py:840} INFO - DAG(s) 'example_sensor_decorator' retrieved from /home/airflow/.local/lib/python3.12/site-packages/airflow/example_dags/example_sensor_decorator.py
[2025-05-02T19:55:50.005+0000] {logging_mixin.py:188} INFO - [2025-05-02T19:55:50.005+0000] {dag.py:3096} INFO - Sync 1 DAGs
[2025-05-02T19:55:50.046+0000] {logging_mixin.py:188} INFO - [2025-05-02T19:55:50.046+0000] {dag.py:3954} INFO - Setting next_dagrun for example_sensor_decorator to None, run_after=None
[2025-05-02T19:55:50.077+0000] {processor.py:183} INFO - Processing /home/airflow/.local/lib/python3.12/site-packages/airflow/example_dags/example_sensor_decorator.py took 0.160 seconds
[2025-05-02T19:56:20.165+0000] {processor.py:161} INFO - Started process (PID=3555) to work on /home/airflow/.local/lib/python3.12/site-packages/airflow/example_dags/example_sensor_decorator.py
[2025-05-02T19:56:20.166+0000] {processor.py:830} INFO - Processing file /home/airflow/.local/lib/python3.12/site-packages/airflow/example_dags/example_sensor_decorator.py for tasks to queue
[2025-05-02T19:56:20.168+0000] {logging_mixin.py:188} INFO - [2025-05-02T19:56:20.167+0000] {dagbag.py:540} INFO - Filling up the DagBag from /home/airflow/.local/lib/python3.12/site-packages/airflow/example_dags/example_sensor_decorator.py
[2025-05-02T19:56:20.173+0000] {processor.py:840} INFO - DAG(s) 'example_sensor_decorator' retrieved from /home/airflow/.local/lib/python3.12/site-packages/airflow/example_dags/example_sensor_decorator.py
[2025-05-02T19:56:20.197+0000] {logging_mixin.py:188} INFO - [2025-05-02T19:56:20.196+0000] {dag.py:3096} INFO - Sync 1 DAGs
[2025-05-02T19:56:20.213+0000] {logging_mixin.py:188} INFO - [2025-05-02T19:56:20.213+0000] {dag.py:3954} INFO - Setting next_dagrun for example_sensor_decorator to None, run_after=None
[2025-05-02T19:56:20.232+0000] {processor.py:183} INFO - Processing /home/airflow/.local/lib/python3.12/site-packages/airflow/example_dags/example_sensor_decorator.py took 0.073 seconds
[2025-05-02T19:56:52.831+0000] {processor.py:161} INFO - Started process (PID=3659) to work on /home/airflow/.local/lib/python3.12/site-packages/airflow/example_dags/example_sensor_decorator.py
[2025-05-02T19:56:52.833+0000] {processor.py:830} INFO - Processing file /home/airflow/.local/lib/python3.12/site-packages/airflow/example_dags/example_sensor_decorator.py for tasks to queue
[2025-05-02T19:56:52.837+0000] {logging_mixin.py:188} INFO - [2025-05-02T19:56:52.836+0000] {dagbag.py:540} INFO - Filling up the DagBag from /home/airflow/.local/lib/python3.12/site-packages/airflow/example_dags/example_sensor_decorator.py
[2025-05-02T19:56:52.870+0000] {processor.py:840} INFO - DAG(s) 'example_sensor_decorator' retrieved from /home/airflow/.local/lib/python3.12/site-packages/airflow/example_dags/example_sensor_decorator.py
[2025-05-02T19:56:52.963+0000] {logging_mixin.py:188} INFO - [2025-05-02T19:56:52.963+0000] {dag.py:3096} INFO - Sync 1 DAGs
[2025-05-02T19:56:52.993+0000] {logging_mixin.py:188} INFO - [2025-05-02T19:56:52.992+0000] {dag.py:3954} INFO - Setting next_dagrun for example_sensor_decorator to None, run_after=None
[2025-05-02T19:56:53.118+0000] {processor.py:183} INFO - Processing /home/airflow/.local/lib/python3.12/site-packages/airflow/example_dags/example_sensor_decorator.py took 0.312 seconds
[2025-05-02T19:57:23.995+0000] {processor.py:161} INFO - Started process (PID=3746) to work on /home/airflow/.local/lib/python3.12/site-packages/airflow/example_dags/example_sensor_decorator.py
[2025-05-02T19:57:23.997+0000] {processor.py:830} INFO - Processing file /home/airflow/.local/lib/python3.12/site-packages/airflow/example_dags/example_sensor_decorator.py for tasks to queue
[2025-05-02T19:57:24.000+0000] {logging_mixin.py:188} INFO - [2025-05-02T19:57:24.000+0000] {dagbag.py:540} INFO - Filling up the DagBag from /home/airflow/.local/lib/python3.12/site-packages/airflow/example_dags/example_sensor_decorator.py
[2025-05-02T19:57:24.014+0000] {processor.py:840} INFO - DAG(s) 'example_sensor_decorator' retrieved from /home/airflow/.local/lib/python3.12/site-packages/airflow/example_dags/example_sensor_decorator.py
[2025-05-02T19:57:24.089+0000] {logging_mixin.py:188} INFO - [2025-05-02T19:57:24.088+0000] {dag.py:3096} INFO - Sync 1 DAGs
[2025-05-02T19:57:24.125+0000] {logging_mixin.py:188} INFO - [2025-05-02T19:57:24.125+0000] {dag.py:3954} INFO - Setting next_dagrun for example_sensor_decorator to None, run_after=None
[2025-05-02T19:57:24.177+0000] {processor.py:183} INFO - Processing /home/airflow/.local/lib/python3.12/site-packages/airflow/example_dags/example_sensor_decorator.py took 0.203 seconds
[2025-05-02T19:57:54.417+0000] {processor.py:161} INFO - Started process (PID=3836) to work on /home/airflow/.local/lib/python3.12/site-packages/airflow/example_dags/example_sensor_decorator.py
[2025-05-02T19:57:54.420+0000] {processor.py:830} INFO - Processing file /home/airflow/.local/lib/python3.12/site-packages/airflow/example_dags/example_sensor_decorator.py for tasks to queue
[2025-05-02T19:57:54.427+0000] {logging_mixin.py:188} INFO - [2025-05-02T19:57:54.427+0000] {dagbag.py:540} INFO - Filling up the DagBag from /home/airflow/.local/lib/python3.12/site-packages/airflow/example_dags/example_sensor_decorator.py
[2025-05-02T19:57:54.440+0000] {processor.py:840} INFO - DAG(s) 'example_sensor_decorator' retrieved from /home/airflow/.local/lib/python3.12/site-packages/airflow/example_dags/example_sensor_decorator.py
[2025-05-02T19:57:54.502+0000] {logging_mixin.py:188} INFO - [2025-05-02T19:57:54.501+0000] {dag.py:3096} INFO - Sync 1 DAGs
[2025-05-02T19:57:54.529+0000] {logging_mixin.py:188} INFO - [2025-05-02T19:57:54.529+0000] {dag.py:3954} INFO - Setting next_dagrun for example_sensor_decorator to None, run_after=None
[2025-05-02T19:57:54.605+0000] {processor.py:183} INFO - Processing /home/airflow/.local/lib/python3.12/site-packages/airflow/example_dags/example_sensor_decorator.py took 0.200 seconds
