[2025-05-02T19:33:06.285+0000] {processor.py:161} INFO - Started process (PID=61) to work on /home/airflow/.local/lib/python3.12/site-packages/airflow/example_dags/example_xcomargs.py
[2025-05-02T19:33:06.286+0000] {processor.py:830} INFO - Processing file /home/airflow/.local/lib/python3.12/site-packages/airflow/example_dags/example_xcomargs.py for tasks to queue
[2025-05-02T19:33:06.289+0000] {logging_mixin.py:188} INFO - [2025-05-02T19:33:06.289+0000] {dagbag.py:540} INFO - Filling up the DagBag from /home/airflow/.local/lib/python3.12/site-packages/airflow/example_dags/example_xcomargs.py
[2025-05-02T19:33:06.303+0000] {processor.py:840} INFO - DAG(s) 'example_xcom_args_with_operators', 'example_xcom_args' retrieved from /home/airflow/.local/lib/python3.12/site-packages/airflow/example_dags/example_xcomargs.py
[2025-05-02T19:33:06.319+0000] {logging_mixin.py:188} INFO - [2025-05-02T19:33:06.318+0000] {dag.py:3096} INFO - Sync 2 DAGs
[2025-05-02T19:33:06.343+0000] {logging_mixin.py:188} INFO - [2025-05-02T19:33:06.343+0000] {dag.py:3954} INFO - Setting next_dagrun for example_xcom_args to None, run_after=None
[2025-05-02T19:33:06.353+0000] {logging_mixin.py:188} INFO - [2025-05-02T19:33:06.352+0000] {dag.py:3954} INFO - Setting next_dagrun for example_xcom_args_with_operators to None, run_after=None
[2025-05-02T19:33:06.382+0000] {processor.py:183} INFO - Processing /home/airflow/.local/lib/python3.12/site-packages/airflow/example_dags/example_xcomargs.py took 0.104 seconds
[2025-05-02T19:33:36.585+0000] {processor.py:161} INFO - Started process (PID=119) to work on /home/airflow/.local/lib/python3.12/site-packages/airflow/example_dags/example_xcomargs.py
[2025-05-02T19:33:36.586+0000] {processor.py:830} INFO - Processing file /home/airflow/.local/lib/python3.12/site-packages/airflow/example_dags/example_xcomargs.py for tasks to queue
[2025-05-02T19:33:36.588+0000] {logging_mixin.py:188} INFO - [2025-05-02T19:33:36.587+0000] {dagbag.py:540} INFO - Filling up the DagBag from /home/airflow/.local/lib/python3.12/site-packages/airflow/example_dags/example_xcomargs.py
[2025-05-02T19:33:36.595+0000] {processor.py:840} INFO - DAG(s) 'example_xcom_args_with_operators', 'example_xcom_args' retrieved from /home/airflow/.local/lib/python3.12/site-packages/airflow/example_dags/example_xcomargs.py
[2025-05-02T19:33:36.690+0000] {logging_mixin.py:188} INFO - [2025-05-02T19:33:36.689+0000] {dag.py:3096} INFO - Sync 2 DAGs
[2025-05-02T19:33:36.698+0000] {logging_mixin.py:188} INFO - [2025-05-02T19:33:36.698+0000] {dag.py:3954} INFO - Setting next_dagrun for example_xcom_args to None, run_after=None
[2025-05-02T19:33:36.700+0000] {logging_mixin.py:188} INFO - [2025-05-02T19:33:36.700+0000] {dag.py:3954} INFO - Setting next_dagrun for example_xcom_args_with_operators to None, run_after=None
[2025-05-02T19:33:36.716+0000] {processor.py:183} INFO - Processing /home/airflow/.local/lib/python3.12/site-packages/airflow/example_dags/example_xcomargs.py took 0.137 seconds
[2025-05-02T19:34:07.369+0000] {processor.py:161} INFO - Started process (PID=177) to work on /home/airflow/.local/lib/python3.12/site-packages/airflow/example_dags/example_xcomargs.py
[2025-05-02T19:34:07.370+0000] {processor.py:830} INFO - Processing file /home/airflow/.local/lib/python3.12/site-packages/airflow/example_dags/example_xcomargs.py for tasks to queue
[2025-05-02T19:34:07.372+0000] {logging_mixin.py:188} INFO - [2025-05-02T19:34:07.371+0000] {dagbag.py:540} INFO - Filling up the DagBag from /home/airflow/.local/lib/python3.12/site-packages/airflow/example_dags/example_xcomargs.py
[2025-05-02T19:34:07.380+0000] {processor.py:840} INFO - DAG(s) 'example_xcom_args_with_operators', 'example_xcom_args' retrieved from /home/airflow/.local/lib/python3.12/site-packages/airflow/example_dags/example_xcomargs.py
[2025-05-02T19:34:07.404+0000] {logging_mixin.py:188} INFO - [2025-05-02T19:34:07.403+0000] {dag.py:3096} INFO - Sync 2 DAGs
[2025-05-02T19:34:07.415+0000] {logging_mixin.py:188} INFO - [2025-05-02T19:34:07.415+0000] {dag.py:3954} INFO - Setting next_dagrun for example_xcom_args to None, run_after=None
[2025-05-02T19:34:07.418+0000] {logging_mixin.py:188} INFO - [2025-05-02T19:34:07.417+0000] {dag.py:3954} INFO - Setting next_dagrun for example_xcom_args_with_operators to None, run_after=None
[2025-05-02T19:34:07.431+0000] {processor.py:183} INFO - Processing /home/airflow/.local/lib/python3.12/site-packages/airflow/example_dags/example_xcomargs.py took 0.067 seconds
[2025-05-02T19:34:38.735+0000] {processor.py:161} INFO - Started process (PID=235) to work on /home/airflow/.local/lib/python3.12/site-packages/airflow/example_dags/example_xcomargs.py
[2025-05-02T19:34:38.736+0000] {processor.py:830} INFO - Processing file /home/airflow/.local/lib/python3.12/site-packages/airflow/example_dags/example_xcomargs.py for tasks to queue
[2025-05-02T19:34:38.737+0000] {logging_mixin.py:188} INFO - [2025-05-02T19:34:38.737+0000] {dagbag.py:540} INFO - Filling up the DagBag from /home/airflow/.local/lib/python3.12/site-packages/airflow/example_dags/example_xcomargs.py
[2025-05-02T19:34:38.744+0000] {processor.py:840} INFO - DAG(s) 'example_xcom_args_with_operators', 'example_xcom_args' retrieved from /home/airflow/.local/lib/python3.12/site-packages/airflow/example_dags/example_xcomargs.py
[2025-05-02T19:34:38.769+0000] {logging_mixin.py:188} INFO - [2025-05-02T19:34:38.768+0000] {dag.py:3096} INFO - Sync 2 DAGs
[2025-05-02T19:34:38.783+0000] {logging_mixin.py:188} INFO - [2025-05-02T19:34:38.783+0000] {dag.py:3954} INFO - Setting next_dagrun for example_xcom_args to None, run_after=None
[2025-05-02T19:34:38.787+0000] {logging_mixin.py:188} INFO - [2025-05-02T19:34:38.787+0000] {dag.py:3954} INFO - Setting next_dagrun for example_xcom_args_with_operators to None, run_after=None
[2025-05-02T19:34:38.809+0000] {processor.py:183} INFO - Processing /home/airflow/.local/lib/python3.12/site-packages/airflow/example_dags/example_xcomargs.py took 0.080 seconds
[2025-05-02T19:35:09.368+0000] {processor.py:161} INFO - Started process (PID=293) to work on /home/airflow/.local/lib/python3.12/site-packages/airflow/example_dags/example_xcomargs.py
[2025-05-02T19:35:09.369+0000] {processor.py:830} INFO - Processing file /home/airflow/.local/lib/python3.12/site-packages/airflow/example_dags/example_xcomargs.py for tasks to queue
[2025-05-02T19:35:09.370+0000] {logging_mixin.py:188} INFO - [2025-05-02T19:35:09.370+0000] {dagbag.py:540} INFO - Filling up the DagBag from /home/airflow/.local/lib/python3.12/site-packages/airflow/example_dags/example_xcomargs.py
[2025-05-02T19:35:09.377+0000] {processor.py:840} INFO - DAG(s) 'example_xcom_args', 'example_xcom_args_with_operators' retrieved from /home/airflow/.local/lib/python3.12/site-packages/airflow/example_dags/example_xcomargs.py
[2025-05-02T19:35:09.394+0000] {logging_mixin.py:188} INFO - [2025-05-02T19:35:09.393+0000] {dag.py:3096} INFO - Sync 2 DAGs
[2025-05-02T19:35:09.404+0000] {logging_mixin.py:188} INFO - [2025-05-02T19:35:09.404+0000] {dag.py:3954} INFO - Setting next_dagrun for example_xcom_args to None, run_after=None
[2025-05-02T19:35:09.407+0000] {logging_mixin.py:188} INFO - [2025-05-02T19:35:09.406+0000] {dag.py:3954} INFO - Setting next_dagrun for example_xcom_args_with_operators to None, run_after=None
[2025-05-02T19:35:09.420+0000] {processor.py:183} INFO - Processing /home/airflow/.local/lib/python3.12/site-packages/airflow/example_dags/example_xcomargs.py took 0.056 seconds
[2025-05-02T19:35:39.695+0000] {processor.py:161} INFO - Started process (PID=351) to work on /home/airflow/.local/lib/python3.12/site-packages/airflow/example_dags/example_xcomargs.py
[2025-05-02T19:35:39.696+0000] {processor.py:830} INFO - Processing file /home/airflow/.local/lib/python3.12/site-packages/airflow/example_dags/example_xcomargs.py for tasks to queue
[2025-05-02T19:35:39.698+0000] {logging_mixin.py:188} INFO - [2025-05-02T19:35:39.698+0000] {dagbag.py:540} INFO - Filling up the DagBag from /home/airflow/.local/lib/python3.12/site-packages/airflow/example_dags/example_xcomargs.py
[2025-05-02T19:35:39.704+0000] {processor.py:840} INFO - DAG(s) 'example_xcom_args', 'example_xcom_args_with_operators' retrieved from /home/airflow/.local/lib/python3.12/site-packages/airflow/example_dags/example_xcomargs.py
[2025-05-02T19:35:39.727+0000] {logging_mixin.py:188} INFO - [2025-05-02T19:35:39.727+0000] {dag.py:3096} INFO - Sync 2 DAGs
[2025-05-02T19:35:39.742+0000] {logging_mixin.py:188} INFO - [2025-05-02T19:35:39.742+0000] {dag.py:3954} INFO - Setting next_dagrun for example_xcom_args to None, run_after=None
[2025-05-02T19:35:39.746+0000] {logging_mixin.py:188} INFO - [2025-05-02T19:35:39.746+0000] {dag.py:3954} INFO - Setting next_dagrun for example_xcom_args_with_operators to None, run_after=None
[2025-05-02T19:35:39.766+0000] {processor.py:183} INFO - Processing /home/airflow/.local/lib/python3.12/site-packages/airflow/example_dags/example_xcomargs.py took 0.078 seconds
[2025-05-02T19:36:10.268+0000] {processor.py:161} INFO - Started process (PID=409) to work on /home/airflow/.local/lib/python3.12/site-packages/airflow/example_dags/example_xcomargs.py
[2025-05-02T19:36:10.269+0000] {processor.py:830} INFO - Processing file /home/airflow/.local/lib/python3.12/site-packages/airflow/example_dags/example_xcomargs.py for tasks to queue
[2025-05-02T19:36:10.271+0000] {logging_mixin.py:188} INFO - [2025-05-02T19:36:10.270+0000] {dagbag.py:540} INFO - Filling up the DagBag from /home/airflow/.local/lib/python3.12/site-packages/airflow/example_dags/example_xcomargs.py
[2025-05-02T19:36:10.277+0000] {processor.py:840} INFO - DAG(s) 'example_xcom_args_with_operators', 'example_xcom_args' retrieved from /home/airflow/.local/lib/python3.12/site-packages/airflow/example_dags/example_xcomargs.py
[2025-05-02T19:36:10.296+0000] {logging_mixin.py:188} INFO - [2025-05-02T19:36:10.296+0000] {dag.py:3096} INFO - Sync 2 DAGs
[2025-05-02T19:36:10.310+0000] {logging_mixin.py:188} INFO - [2025-05-02T19:36:10.309+0000] {dag.py:3954} INFO - Setting next_dagrun for example_xcom_args to None, run_after=None
[2025-05-02T19:36:10.312+0000] {logging_mixin.py:188} INFO - [2025-05-02T19:36:10.312+0000] {dag.py:3954} INFO - Setting next_dagrun for example_xcom_args_with_operators to None, run_after=None
[2025-05-02T19:36:10.325+0000] {processor.py:183} INFO - Processing /home/airflow/.local/lib/python3.12/site-packages/airflow/example_dags/example_xcomargs.py took 0.062 seconds
[2025-05-02T19:36:40.604+0000] {processor.py:161} INFO - Started process (PID=466) to work on /home/airflow/.local/lib/python3.12/site-packages/airflow/example_dags/example_xcomargs.py
[2025-05-02T19:36:40.605+0000] {processor.py:830} INFO - Processing file /home/airflow/.local/lib/python3.12/site-packages/airflow/example_dags/example_xcomargs.py for tasks to queue
[2025-05-02T19:36:40.606+0000] {logging_mixin.py:188} INFO - [2025-05-02T19:36:40.606+0000] {dagbag.py:540} INFO - Filling up the DagBag from /home/airflow/.local/lib/python3.12/site-packages/airflow/example_dags/example_xcomargs.py
[2025-05-02T19:36:40.613+0000] {processor.py:840} INFO - DAG(s) 'example_xcom_args_with_operators', 'example_xcom_args' retrieved from /home/airflow/.local/lib/python3.12/site-packages/airflow/example_dags/example_xcomargs.py
[2025-05-02T19:36:40.631+0000] {logging_mixin.py:188} INFO - [2025-05-02T19:36:40.630+0000] {dag.py:3096} INFO - Sync 2 DAGs
[2025-05-02T19:36:40.641+0000] {logging_mixin.py:188} INFO - [2025-05-02T19:36:40.640+0000] {dag.py:3954} INFO - Setting next_dagrun for example_xcom_args to None, run_after=None
[2025-05-02T19:36:40.644+0000] {logging_mixin.py:188} INFO - [2025-05-02T19:36:40.643+0000] {dag.py:3954} INFO - Setting next_dagrun for example_xcom_args_with_operators to None, run_after=None
[2025-05-02T19:36:40.658+0000] {processor.py:183} INFO - Processing /home/airflow/.local/lib/python3.12/site-packages/airflow/example_dags/example_xcomargs.py took 0.059 seconds
[2025-05-02T19:37:10.890+0000] {processor.py:161} INFO - Started process (PID=524) to work on /home/airflow/.local/lib/python3.12/site-packages/airflow/example_dags/example_xcomargs.py
[2025-05-02T19:37:10.892+0000] {processor.py:830} INFO - Processing file /home/airflow/.local/lib/python3.12/site-packages/airflow/example_dags/example_xcomargs.py for tasks to queue
[2025-05-02T19:37:10.893+0000] {logging_mixin.py:188} INFO - [2025-05-02T19:37:10.893+0000] {dagbag.py:540} INFO - Filling up the DagBag from /home/airflow/.local/lib/python3.12/site-packages/airflow/example_dags/example_xcomargs.py
[2025-05-02T19:37:10.900+0000] {processor.py:840} INFO - DAG(s) 'example_xcom_args_with_operators', 'example_xcom_args' retrieved from /home/airflow/.local/lib/python3.12/site-packages/airflow/example_dags/example_xcomargs.py
[2025-05-02T19:37:10.920+0000] {logging_mixin.py:188} INFO - [2025-05-02T19:37:10.919+0000] {dag.py:3096} INFO - Sync 2 DAGs
[2025-05-02T19:37:10.930+0000] {logging_mixin.py:188} INFO - [2025-05-02T19:37:10.930+0000] {dag.py:3954} INFO - Setting next_dagrun for example_xcom_args to None, run_after=None
[2025-05-02T19:37:10.934+0000] {logging_mixin.py:188} INFO - [2025-05-02T19:37:10.933+0000] {dag.py:3954} INFO - Setting next_dagrun for example_xcom_args_with_operators to None, run_after=None
[2025-05-02T19:37:10.955+0000] {processor.py:183} INFO - Processing /home/airflow/.local/lib/python3.12/site-packages/airflow/example_dags/example_xcomargs.py took 0.070 seconds
[2025-05-02T19:37:41.616+0000] {processor.py:161} INFO - Started process (PID=583) to work on /home/airflow/.local/lib/python3.12/site-packages/airflow/example_dags/example_xcomargs.py
[2025-05-02T19:37:41.617+0000] {processor.py:830} INFO - Processing file /home/airflow/.local/lib/python3.12/site-packages/airflow/example_dags/example_xcomargs.py for tasks to queue
[2025-05-02T19:37:41.620+0000] {logging_mixin.py:188} INFO - [2025-05-02T19:37:41.620+0000] {dagbag.py:540} INFO - Filling up the DagBag from /home/airflow/.local/lib/python3.12/site-packages/airflow/example_dags/example_xcomargs.py
[2025-05-02T19:37:41.632+0000] {processor.py:840} INFO - DAG(s) 'example_xcom_args_with_operators', 'example_xcom_args' retrieved from /home/airflow/.local/lib/python3.12/site-packages/airflow/example_dags/example_xcomargs.py
[2025-05-02T19:37:41.662+0000] {logging_mixin.py:188} INFO - [2025-05-02T19:37:41.662+0000] {dag.py:3096} INFO - Sync 2 DAGs
[2025-05-02T19:37:41.676+0000] {logging_mixin.py:188} INFO - [2025-05-02T19:37:41.676+0000] {dag.py:3954} INFO - Setting next_dagrun for example_xcom_args to None, run_after=None
[2025-05-02T19:37:41.680+0000] {logging_mixin.py:188} INFO - [2025-05-02T19:37:41.680+0000] {dag.py:3954} INFO - Setting next_dagrun for example_xcom_args_with_operators to None, run_after=None
[2025-05-02T19:37:41.699+0000] {processor.py:183} INFO - Processing /home/airflow/.local/lib/python3.12/site-packages/airflow/example_dags/example_xcomargs.py took 0.088 seconds
[2025-05-02T19:38:11.730+0000] {processor.py:161} INFO - Started process (PID=641) to work on /home/airflow/.local/lib/python3.12/site-packages/airflow/example_dags/example_xcomargs.py
[2025-05-02T19:38:11.731+0000] {processor.py:830} INFO - Processing file /home/airflow/.local/lib/python3.12/site-packages/airflow/example_dags/example_xcomargs.py for tasks to queue
[2025-05-02T19:38:11.732+0000] {logging_mixin.py:188} INFO - [2025-05-02T19:38:11.732+0000] {dagbag.py:540} INFO - Filling up the DagBag from /home/airflow/.local/lib/python3.12/site-packages/airflow/example_dags/example_xcomargs.py
[2025-05-02T19:38:11.740+0000] {processor.py:840} INFO - DAG(s) 'example_xcom_args_with_operators', 'example_xcom_args' retrieved from /home/airflow/.local/lib/python3.12/site-packages/airflow/example_dags/example_xcomargs.py
[2025-05-02T19:38:11.764+0000] {logging_mixin.py:188} INFO - [2025-05-02T19:38:11.763+0000] {dag.py:3096} INFO - Sync 2 DAGs
[2025-05-02T19:38:11.781+0000] {logging_mixin.py:188} INFO - [2025-05-02T19:38:11.781+0000] {dag.py:3954} INFO - Setting next_dagrun for example_xcom_args to None, run_after=None
[2025-05-02T19:38:11.785+0000] {logging_mixin.py:188} INFO - [2025-05-02T19:38:11.785+0000] {dag.py:3954} INFO - Setting next_dagrun for example_xcom_args_with_operators to None, run_after=None
[2025-05-02T19:38:11.801+0000] {processor.py:183} INFO - Processing /home/airflow/.local/lib/python3.12/site-packages/airflow/example_dags/example_xcomargs.py took 0.076 seconds
[2025-05-02T19:38:44.354+0000] {processor.py:161} INFO - Started process (PID=699) to work on /home/airflow/.local/lib/python3.12/site-packages/airflow/example_dags/example_xcomargs.py
[2025-05-02T19:38:44.355+0000] {processor.py:830} INFO - Processing file /home/airflow/.local/lib/python3.12/site-packages/airflow/example_dags/example_xcomargs.py for tasks to queue
[2025-05-02T19:38:44.357+0000] {logging_mixin.py:188} INFO - [2025-05-02T19:38:44.357+0000] {dagbag.py:540} INFO - Filling up the DagBag from /home/airflow/.local/lib/python3.12/site-packages/airflow/example_dags/example_xcomargs.py
[2025-05-02T19:38:44.363+0000] {processor.py:840} INFO - DAG(s) 'example_xcom_args_with_operators', 'example_xcom_args' retrieved from /home/airflow/.local/lib/python3.12/site-packages/airflow/example_dags/example_xcomargs.py
[2025-05-02T19:38:44.381+0000] {logging_mixin.py:188} INFO - [2025-05-02T19:38:44.381+0000] {dag.py:3096} INFO - Sync 2 DAGs
[2025-05-02T19:38:44.391+0000] {logging_mixin.py:188} INFO - [2025-05-02T19:38:44.391+0000] {dag.py:3954} INFO - Setting next_dagrun for example_xcom_args to None, run_after=None
[2025-05-02T19:38:44.394+0000] {logging_mixin.py:188} INFO - [2025-05-02T19:38:44.394+0000] {dag.py:3954} INFO - Setting next_dagrun for example_xcom_args_with_operators to None, run_after=None
[2025-05-02T19:38:44.407+0000] {processor.py:183} INFO - Processing /home/airflow/.local/lib/python3.12/site-packages/airflow/example_dags/example_xcomargs.py took 0.058 seconds
[2025-05-02T19:39:14.978+0000] {processor.py:161} INFO - Started process (PID=757) to work on /home/airflow/.local/lib/python3.12/site-packages/airflow/example_dags/example_xcomargs.py
[2025-05-02T19:39:14.979+0000] {processor.py:830} INFO - Processing file /home/airflow/.local/lib/python3.12/site-packages/airflow/example_dags/example_xcomargs.py for tasks to queue
[2025-05-02T19:39:14.982+0000] {logging_mixin.py:188} INFO - [2025-05-02T19:39:14.982+0000] {dagbag.py:540} INFO - Filling up the DagBag from /home/airflow/.local/lib/python3.12/site-packages/airflow/example_dags/example_xcomargs.py
[2025-05-02T19:39:14.994+0000] {processor.py:840} INFO - DAG(s) 'example_xcom_args_with_operators', 'example_xcom_args' retrieved from /home/airflow/.local/lib/python3.12/site-packages/airflow/example_dags/example_xcomargs.py
[2025-05-02T19:39:15.023+0000] {logging_mixin.py:188} INFO - [2025-05-02T19:39:15.023+0000] {dag.py:3096} INFO - Sync 2 DAGs
[2025-05-02T19:39:15.037+0000] {logging_mixin.py:188} INFO - [2025-05-02T19:39:15.037+0000] {dag.py:3954} INFO - Setting next_dagrun for example_xcom_args to None, run_after=None
[2025-05-02T19:39:15.042+0000] {logging_mixin.py:188} INFO - [2025-05-02T19:39:15.041+0000] {dag.py:3954} INFO - Setting next_dagrun for example_xcom_args_with_operators to None, run_after=None
[2025-05-02T19:39:15.061+0000] {processor.py:183} INFO - Processing /home/airflow/.local/lib/python3.12/site-packages/airflow/example_dags/example_xcomargs.py took 0.090 seconds
[2025-05-02T19:39:45.355+0000] {processor.py:161} INFO - Started process (PID=815) to work on /home/airflow/.local/lib/python3.12/site-packages/airflow/example_dags/example_xcomargs.py
[2025-05-02T19:39:45.356+0000] {processor.py:830} INFO - Processing file /home/airflow/.local/lib/python3.12/site-packages/airflow/example_dags/example_xcomargs.py for tasks to queue
[2025-05-02T19:39:45.358+0000] {logging_mixin.py:188} INFO - [2025-05-02T19:39:45.357+0000] {dagbag.py:540} INFO - Filling up the DagBag from /home/airflow/.local/lib/python3.12/site-packages/airflow/example_dags/example_xcomargs.py
[2025-05-02T19:39:45.365+0000] {processor.py:840} INFO - DAG(s) 'example_xcom_args', 'example_xcom_args_with_operators' retrieved from /home/airflow/.local/lib/python3.12/site-packages/airflow/example_dags/example_xcomargs.py
[2025-05-02T19:39:45.386+0000] {logging_mixin.py:188} INFO - [2025-05-02T19:39:45.386+0000] {dag.py:3096} INFO - Sync 2 DAGs
[2025-05-02T19:39:45.395+0000] {logging_mixin.py:188} INFO - [2025-05-02T19:39:45.395+0000] {dag.py:3954} INFO - Setting next_dagrun for example_xcom_args to None, run_after=None
[2025-05-02T19:39:45.398+0000] {logging_mixin.py:188} INFO - [2025-05-02T19:39:45.398+0000] {dag.py:3954} INFO - Setting next_dagrun for example_xcom_args_with_operators to None, run_after=None
[2025-05-02T19:39:45.413+0000] {processor.py:183} INFO - Processing /home/airflow/.local/lib/python3.12/site-packages/airflow/example_dags/example_xcomargs.py took 0.064 seconds
[2025-05-02T19:40:16.022+0000] {processor.py:161} INFO - Started process (PID=873) to work on /home/airflow/.local/lib/python3.12/site-packages/airflow/example_dags/example_xcomargs.py
[2025-05-02T19:40:16.023+0000] {processor.py:830} INFO - Processing file /home/airflow/.local/lib/python3.12/site-packages/airflow/example_dags/example_xcomargs.py for tasks to queue
[2025-05-02T19:40:16.026+0000] {logging_mixin.py:188} INFO - [2025-05-02T19:40:16.025+0000] {dagbag.py:540} INFO - Filling up the DagBag from /home/airflow/.local/lib/python3.12/site-packages/airflow/example_dags/example_xcomargs.py
[2025-05-02T19:40:16.034+0000] {processor.py:840} INFO - DAG(s) 'example_xcom_args_with_operators', 'example_xcom_args' retrieved from /home/airflow/.local/lib/python3.12/site-packages/airflow/example_dags/example_xcomargs.py
[2025-05-02T19:40:16.056+0000] {logging_mixin.py:188} INFO - [2025-05-02T19:40:16.056+0000] {dag.py:3096} INFO - Sync 2 DAGs
[2025-05-02T19:40:16.068+0000] {logging_mixin.py:188} INFO - [2025-05-02T19:40:16.067+0000] {dag.py:3954} INFO - Setting next_dagrun for example_xcom_args to None, run_after=None
[2025-05-02T19:40:16.070+0000] {logging_mixin.py:188} INFO - [2025-05-02T19:40:16.070+0000] {dag.py:3954} INFO - Setting next_dagrun for example_xcom_args_with_operators to None, run_after=None
[2025-05-02T19:40:16.084+0000] {processor.py:183} INFO - Processing /home/airflow/.local/lib/python3.12/site-packages/airflow/example_dags/example_xcomargs.py took 0.067 seconds
[2025-05-02T19:40:46.426+0000] {processor.py:161} INFO - Started process (PID=931) to work on /home/airflow/.local/lib/python3.12/site-packages/airflow/example_dags/example_xcomargs.py
[2025-05-02T19:40:46.427+0000] {processor.py:830} INFO - Processing file /home/airflow/.local/lib/python3.12/site-packages/airflow/example_dags/example_xcomargs.py for tasks to queue
[2025-05-02T19:40:46.431+0000] {logging_mixin.py:188} INFO - [2025-05-02T19:40:46.431+0000] {dagbag.py:540} INFO - Filling up the DagBag from /home/airflow/.local/lib/python3.12/site-packages/airflow/example_dags/example_xcomargs.py
[2025-05-02T19:40:46.438+0000] {processor.py:840} INFO - DAG(s) 'example_xcom_args', 'example_xcom_args_with_operators' retrieved from /home/airflow/.local/lib/python3.12/site-packages/airflow/example_dags/example_xcomargs.py
[2025-05-02T19:40:46.464+0000] {logging_mixin.py:188} INFO - [2025-05-02T19:40:46.464+0000] {dag.py:3096} INFO - Sync 2 DAGs
[2025-05-02T19:40:46.477+0000] {logging_mixin.py:188} INFO - [2025-05-02T19:40:46.476+0000] {dag.py:3954} INFO - Setting next_dagrun for example_xcom_args to None, run_after=None
[2025-05-02T19:40:46.480+0000] {logging_mixin.py:188} INFO - [2025-05-02T19:40:46.480+0000] {dag.py:3954} INFO - Setting next_dagrun for example_xcom_args_with_operators to None, run_after=None
[2025-05-02T19:40:46.494+0000] {processor.py:183} INFO - Processing /home/airflow/.local/lib/python3.12/site-packages/airflow/example_dags/example_xcomargs.py took 0.072 seconds
[2025-05-02T19:41:16.970+0000] {processor.py:161} INFO - Started process (PID=983) to work on /home/airflow/.local/lib/python3.12/site-packages/airflow/example_dags/example_xcomargs.py
[2025-05-02T19:41:16.975+0000] {processor.py:830} INFO - Processing file /home/airflow/.local/lib/python3.12/site-packages/airflow/example_dags/example_xcomargs.py for tasks to queue
[2025-05-02T19:41:16.977+0000] {logging_mixin.py:188} INFO - [2025-05-02T19:41:16.977+0000] {dagbag.py:540} INFO - Filling up the DagBag from /home/airflow/.local/lib/python3.12/site-packages/airflow/example_dags/example_xcomargs.py
[2025-05-02T19:41:16.984+0000] {processor.py:840} INFO - DAG(s) 'example_xcom_args', 'example_xcom_args_with_operators' retrieved from /home/airflow/.local/lib/python3.12/site-packages/airflow/example_dags/example_xcomargs.py
[2025-05-02T19:41:17.004+0000] {logging_mixin.py:188} INFO - [2025-05-02T19:41:17.004+0000] {dag.py:3096} INFO - Sync 2 DAGs
[2025-05-02T19:41:17.015+0000] {logging_mixin.py:188} INFO - [2025-05-02T19:41:17.015+0000] {dag.py:3954} INFO - Setting next_dagrun for example_xcom_args to None, run_after=None
[2025-05-02T19:41:17.019+0000] {logging_mixin.py:188} INFO - [2025-05-02T19:41:17.019+0000] {dag.py:3954} INFO - Setting next_dagrun for example_xcom_args_with_operators to None, run_after=None
[2025-05-02T19:41:17.034+0000] {processor.py:183} INFO - Processing /home/airflow/.local/lib/python3.12/site-packages/airflow/example_dags/example_xcomargs.py took 0.074 seconds
[2025-05-02T19:41:47.592+0000] {processor.py:161} INFO - Started process (PID=1041) to work on /home/airflow/.local/lib/python3.12/site-packages/airflow/example_dags/example_xcomargs.py
[2025-05-02T19:41:47.593+0000] {processor.py:830} INFO - Processing file /home/airflow/.local/lib/python3.12/site-packages/airflow/example_dags/example_xcomargs.py for tasks to queue
[2025-05-02T19:41:47.595+0000] {logging_mixin.py:188} INFO - [2025-05-02T19:41:47.594+0000] {dagbag.py:540} INFO - Filling up the DagBag from /home/airflow/.local/lib/python3.12/site-packages/airflow/example_dags/example_xcomargs.py
[2025-05-02T19:41:47.601+0000] {processor.py:840} INFO - DAG(s) 'example_xcom_args', 'example_xcom_args_with_operators' retrieved from /home/airflow/.local/lib/python3.12/site-packages/airflow/example_dags/example_xcomargs.py
[2025-05-02T19:41:47.622+0000] {logging_mixin.py:188} INFO - [2025-05-02T19:41:47.622+0000] {dag.py:3096} INFO - Sync 2 DAGs
[2025-05-02T19:41:47.633+0000] {logging_mixin.py:188} INFO - [2025-05-02T19:41:47.633+0000] {dag.py:3954} INFO - Setting next_dagrun for example_xcom_args to None, run_after=None
[2025-05-02T19:41:47.636+0000] {logging_mixin.py:188} INFO - [2025-05-02T19:41:47.635+0000] {dag.py:3954} INFO - Setting next_dagrun for example_xcom_args_with_operators to None, run_after=None
[2025-05-02T19:41:47.650+0000] {processor.py:183} INFO - Processing /home/airflow/.local/lib/python3.12/site-packages/airflow/example_dags/example_xcomargs.py took 0.063 seconds
[2025-05-02T19:42:18.286+0000] {processor.py:161} INFO - Started process (PID=1099) to work on /home/airflow/.local/lib/python3.12/site-packages/airflow/example_dags/example_xcomargs.py
[2025-05-02T19:42:18.287+0000] {processor.py:830} INFO - Processing file /home/airflow/.local/lib/python3.12/site-packages/airflow/example_dags/example_xcomargs.py for tasks to queue
[2025-05-02T19:42:18.289+0000] {logging_mixin.py:188} INFO - [2025-05-02T19:42:18.289+0000] {dagbag.py:540} INFO - Filling up the DagBag from /home/airflow/.local/lib/python3.12/site-packages/airflow/example_dags/example_xcomargs.py
[2025-05-02T19:42:18.298+0000] {processor.py:840} INFO - DAG(s) 'example_xcom_args_with_operators', 'example_xcom_args' retrieved from /home/airflow/.local/lib/python3.12/site-packages/airflow/example_dags/example_xcomargs.py
[2025-05-02T19:42:18.319+0000] {logging_mixin.py:188} INFO - [2025-05-02T19:42:18.319+0000] {dag.py:3096} INFO - Sync 2 DAGs
[2025-05-02T19:42:18.329+0000] {logging_mixin.py:188} INFO - [2025-05-02T19:42:18.329+0000] {dag.py:3954} INFO - Setting next_dagrun for example_xcom_args to None, run_after=None
[2025-05-02T19:42:18.332+0000] {logging_mixin.py:188} INFO - [2025-05-02T19:42:18.332+0000] {dag.py:3954} INFO - Setting next_dagrun for example_xcom_args_with_operators to None, run_after=None
[2025-05-02T19:42:18.347+0000] {processor.py:183} INFO - Processing /home/airflow/.local/lib/python3.12/site-packages/airflow/example_dags/example_xcomargs.py took 0.067 seconds
[2025-05-02T19:42:49.943+0000] {processor.py:161} INFO - Started process (PID=1157) to work on /home/airflow/.local/lib/python3.12/site-packages/airflow/example_dags/example_xcomargs.py
[2025-05-02T19:42:49.944+0000] {processor.py:830} INFO - Processing file /home/airflow/.local/lib/python3.12/site-packages/airflow/example_dags/example_xcomargs.py for tasks to queue
[2025-05-02T19:42:49.946+0000] {logging_mixin.py:188} INFO - [2025-05-02T19:42:49.945+0000] {dagbag.py:540} INFO - Filling up the DagBag from /home/airflow/.local/lib/python3.12/site-packages/airflow/example_dags/example_xcomargs.py
[2025-05-02T19:42:49.953+0000] {processor.py:840} INFO - DAG(s) 'example_xcom_args', 'example_xcom_args_with_operators' retrieved from /home/airflow/.local/lib/python3.12/site-packages/airflow/example_dags/example_xcomargs.py
[2025-05-02T19:42:49.974+0000] {logging_mixin.py:188} INFO - [2025-05-02T19:42:49.974+0000] {dag.py:3096} INFO - Sync 2 DAGs
[2025-05-02T19:42:49.991+0000] {logging_mixin.py:188} INFO - [2025-05-02T19:42:49.991+0000] {dag.py:3954} INFO - Setting next_dagrun for example_xcom_args to None, run_after=None
[2025-05-02T19:42:49.995+0000] {logging_mixin.py:188} INFO - [2025-05-02T19:42:49.995+0000] {dag.py:3954} INFO - Setting next_dagrun for example_xcom_args_with_operators to None, run_after=None
[2025-05-02T19:42:50.012+0000] {processor.py:183} INFO - Processing /home/airflow/.local/lib/python3.12/site-packages/airflow/example_dags/example_xcomargs.py took 0.075 seconds
[2025-05-02T19:43:20.110+0000] {processor.py:161} INFO - Started process (PID=1217) to work on /home/airflow/.local/lib/python3.12/site-packages/airflow/example_dags/example_xcomargs.py
[2025-05-02T19:43:20.111+0000] {processor.py:830} INFO - Processing file /home/airflow/.local/lib/python3.12/site-packages/airflow/example_dags/example_xcomargs.py for tasks to queue
[2025-05-02T19:43:20.114+0000] {logging_mixin.py:188} INFO - [2025-05-02T19:43:20.113+0000] {dagbag.py:540} INFO - Filling up the DagBag from /home/airflow/.local/lib/python3.12/site-packages/airflow/example_dags/example_xcomargs.py
[2025-05-02T19:43:20.124+0000] {processor.py:840} INFO - DAG(s) 'example_xcom_args', 'example_xcom_args_with_operators' retrieved from /home/airflow/.local/lib/python3.12/site-packages/airflow/example_dags/example_xcomargs.py
[2025-05-02T19:43:20.146+0000] {logging_mixin.py:188} INFO - [2025-05-02T19:43:20.146+0000] {dag.py:3096} INFO - Sync 2 DAGs
[2025-05-02T19:43:20.156+0000] {logging_mixin.py:188} INFO - [2025-05-02T19:43:20.156+0000] {dag.py:3954} INFO - Setting next_dagrun for example_xcom_args to None, run_after=None
[2025-05-02T19:43:20.160+0000] {logging_mixin.py:188} INFO - [2025-05-02T19:43:20.159+0000] {dag.py:3954} INFO - Setting next_dagrun for example_xcom_args_with_operators to None, run_after=None
[2025-05-02T19:43:20.177+0000] {processor.py:183} INFO - Processing /home/airflow/.local/lib/python3.12/site-packages/airflow/example_dags/example_xcomargs.py took 0.074 seconds
[2025-05-02T19:43:50.674+0000] {processor.py:161} INFO - Started process (PID=1276) to work on /home/airflow/.local/lib/python3.12/site-packages/airflow/example_dags/example_xcomargs.py
[2025-05-02T19:43:50.675+0000] {processor.py:830} INFO - Processing file /home/airflow/.local/lib/python3.12/site-packages/airflow/example_dags/example_xcomargs.py for tasks to queue
[2025-05-02T19:43:50.677+0000] {logging_mixin.py:188} INFO - [2025-05-02T19:43:50.677+0000] {dagbag.py:540} INFO - Filling up the DagBag from /home/airflow/.local/lib/python3.12/site-packages/airflow/example_dags/example_xcomargs.py
[2025-05-02T19:43:50.686+0000] {processor.py:840} INFO - DAG(s) 'example_xcom_args', 'example_xcom_args_with_operators' retrieved from /home/airflow/.local/lib/python3.12/site-packages/airflow/example_dags/example_xcomargs.py
[2025-05-02T19:43:50.711+0000] {logging_mixin.py:188} INFO - [2025-05-02T19:43:50.710+0000] {dag.py:3096} INFO - Sync 2 DAGs
[2025-05-02T19:43:50.725+0000] {logging_mixin.py:188} INFO - [2025-05-02T19:43:50.725+0000] {dag.py:3954} INFO - Setting next_dagrun for example_xcom_args to None, run_after=None
[2025-05-02T19:43:50.729+0000] {logging_mixin.py:188} INFO - [2025-05-02T19:43:50.729+0000] {dag.py:3954} INFO - Setting next_dagrun for example_xcom_args_with_operators to None, run_after=None
[2025-05-02T19:43:50.746+0000] {processor.py:183} INFO - Processing /home/airflow/.local/lib/python3.12/site-packages/airflow/example_dags/example_xcomargs.py took 0.078 seconds
[2025-05-02T19:44:22.862+0000] {processor.py:161} INFO - Started process (PID=1372) to work on /home/airflow/.local/lib/python3.12/site-packages/airflow/example_dags/example_xcomargs.py
[2025-05-02T19:44:22.863+0000] {processor.py:830} INFO - Processing file /home/airflow/.local/lib/python3.12/site-packages/airflow/example_dags/example_xcomargs.py for tasks to queue
[2025-05-02T19:44:22.866+0000] {logging_mixin.py:188} INFO - [2025-05-02T19:44:22.866+0000] {dagbag.py:540} INFO - Filling up the DagBag from /home/airflow/.local/lib/python3.12/site-packages/airflow/example_dags/example_xcomargs.py
[2025-05-02T19:44:22.882+0000] {processor.py:840} INFO - DAG(s) 'example_xcom_args', 'example_xcom_args_with_operators' retrieved from /home/airflow/.local/lib/python3.12/site-packages/airflow/example_dags/example_xcomargs.py
[2025-05-02T19:44:22.925+0000] {logging_mixin.py:188} INFO - [2025-05-02T19:44:22.924+0000] {dag.py:3096} INFO - Sync 2 DAGs
[2025-05-02T19:44:22.951+0000] {logging_mixin.py:188} INFO - [2025-05-02T19:44:22.951+0000] {dag.py:3954} INFO - Setting next_dagrun for example_xcom_args to None, run_after=None
[2025-05-02T19:44:22.959+0000] {logging_mixin.py:188} INFO - [2025-05-02T19:44:22.958+0000] {dag.py:3954} INFO - Setting next_dagrun for example_xcom_args_with_operators to None, run_after=None
[2025-05-02T19:44:23.012+0000] {processor.py:183} INFO - Processing /home/airflow/.local/lib/python3.12/site-packages/airflow/example_dags/example_xcomargs.py took 0.162 seconds
[2025-05-02T19:44:54.655+0000] {processor.py:161} INFO - Started process (PID=1474) to work on /home/airflow/.local/lib/python3.12/site-packages/airflow/example_dags/example_xcomargs.py
[2025-05-02T19:44:54.660+0000] {processor.py:830} INFO - Processing file /home/airflow/.local/lib/python3.12/site-packages/airflow/example_dags/example_xcomargs.py for tasks to queue
[2025-05-02T19:44:54.663+0000] {logging_mixin.py:188} INFO - [2025-05-02T19:44:54.663+0000] {dagbag.py:540} INFO - Filling up the DagBag from /home/airflow/.local/lib/python3.12/site-packages/airflow/example_dags/example_xcomargs.py
[2025-05-02T19:44:54.692+0000] {processor.py:840} INFO - DAG(s) 'example_xcom_args', 'example_xcom_args_with_operators' retrieved from /home/airflow/.local/lib/python3.12/site-packages/airflow/example_dags/example_xcomargs.py
[2025-05-02T19:44:54.778+0000] {logging_mixin.py:188} INFO - [2025-05-02T19:44:54.778+0000] {dag.py:3096} INFO - Sync 2 DAGs
[2025-05-02T19:44:54.811+0000] {logging_mixin.py:188} INFO - [2025-05-02T19:44:54.810+0000] {dag.py:3954} INFO - Setting next_dagrun for example_xcom_args to None, run_after=None
[2025-05-02T19:44:54.820+0000] {logging_mixin.py:188} INFO - [2025-05-02T19:44:54.819+0000] {dag.py:3954} INFO - Setting next_dagrun for example_xcom_args_with_operators to None, run_after=None
[2025-05-02T19:44:54.886+0000] {processor.py:183} INFO - Processing /home/airflow/.local/lib/python3.12/site-packages/airflow/example_dags/example_xcomargs.py took 0.254 seconds
[2025-05-02T19:45:26.129+0000] {processor.py:161} INFO - Started process (PID=1564) to work on /home/airflow/.local/lib/python3.12/site-packages/airflow/example_dags/example_xcomargs.py
[2025-05-02T19:45:26.131+0000] {processor.py:830} INFO - Processing file /home/airflow/.local/lib/python3.12/site-packages/airflow/example_dags/example_xcomargs.py for tasks to queue
[2025-05-02T19:45:26.136+0000] {logging_mixin.py:188} INFO - [2025-05-02T19:45:26.135+0000] {dagbag.py:540} INFO - Filling up the DagBag from /home/airflow/.local/lib/python3.12/site-packages/airflow/example_dags/example_xcomargs.py
[2025-05-02T19:45:26.164+0000] {processor.py:840} INFO - DAG(s) 'example_xcom_args_with_operators', 'example_xcom_args' retrieved from /home/airflow/.local/lib/python3.12/site-packages/airflow/example_dags/example_xcomargs.py
[2025-05-02T19:45:26.295+0000] {logging_mixin.py:188} INFO - [2025-05-02T19:45:26.295+0000] {dag.py:3096} INFO - Sync 2 DAGs
[2025-05-02T19:45:26.341+0000] {logging_mixin.py:188} INFO - [2025-05-02T19:45:26.341+0000] {dag.py:3954} INFO - Setting next_dagrun for example_xcom_args to None, run_after=None
[2025-05-02T19:45:26.361+0000] {logging_mixin.py:188} INFO - [2025-05-02T19:45:26.360+0000] {dag.py:3954} INFO - Setting next_dagrun for example_xcom_args_with_operators to None, run_after=None
[2025-05-02T19:45:26.490+0000] {processor.py:183} INFO - Processing /home/airflow/.local/lib/python3.12/site-packages/airflow/example_dags/example_xcomargs.py took 0.392 seconds
[2025-05-02T19:45:57.290+0000] {processor.py:161} INFO - Started process (PID=1675) to work on /home/airflow/.local/lib/python3.12/site-packages/airflow/example_dags/example_xcomargs.py
[2025-05-02T19:45:57.292+0000] {processor.py:830} INFO - Processing file /home/airflow/.local/lib/python3.12/site-packages/airflow/example_dags/example_xcomargs.py for tasks to queue
[2025-05-02T19:45:57.295+0000] {logging_mixin.py:188} INFO - [2025-05-02T19:45:57.295+0000] {dagbag.py:540} INFO - Filling up the DagBag from /home/airflow/.local/lib/python3.12/site-packages/airflow/example_dags/example_xcomargs.py
[2025-05-02T19:45:57.310+0000] {processor.py:840} INFO - DAG(s) 'example_xcom_args_with_operators', 'example_xcom_args' retrieved from /home/airflow/.local/lib/python3.12/site-packages/airflow/example_dags/example_xcomargs.py
[2025-05-02T19:45:57.411+0000] {logging_mixin.py:188} INFO - [2025-05-02T19:45:57.411+0000] {dag.py:3096} INFO - Sync 2 DAGs
[2025-05-02T19:45:57.437+0000] {logging_mixin.py:188} INFO - [2025-05-02T19:45:57.436+0000] {dag.py:3954} INFO - Setting next_dagrun for example_xcom_args to None, run_after=None
[2025-05-02T19:45:57.448+0000] {logging_mixin.py:188} INFO - [2025-05-02T19:45:57.447+0000] {dag.py:3954} INFO - Setting next_dagrun for example_xcom_args_with_operators to None, run_after=None
[2025-05-02T19:45:57.477+0000] {processor.py:183} INFO - Processing /home/airflow/.local/lib/python3.12/site-packages/airflow/example_dags/example_xcomargs.py took 0.200 seconds
[2025-05-02T19:46:27.685+0000] {processor.py:161} INFO - Started process (PID=1768) to work on /home/airflow/.local/lib/python3.12/site-packages/airflow/example_dags/example_xcomargs.py
[2025-05-02T19:46:27.687+0000] {processor.py:830} INFO - Processing file /home/airflow/.local/lib/python3.12/site-packages/airflow/example_dags/example_xcomargs.py for tasks to queue
[2025-05-02T19:46:27.690+0000] {logging_mixin.py:188} INFO - [2025-05-02T19:46:27.690+0000] {dagbag.py:540} INFO - Filling up the DagBag from /home/airflow/.local/lib/python3.12/site-packages/airflow/example_dags/example_xcomargs.py
[2025-05-02T19:46:27.709+0000] {processor.py:840} INFO - DAG(s) 'example_xcom_args_with_operators', 'example_xcom_args' retrieved from /home/airflow/.local/lib/python3.12/site-packages/airflow/example_dags/example_xcomargs.py
[2025-05-02T19:46:27.886+0000] {logging_mixin.py:188} INFO - [2025-05-02T19:46:27.885+0000] {dag.py:3096} INFO - Sync 2 DAGs
[2025-05-02T19:46:27.949+0000] {logging_mixin.py:188} INFO - [2025-05-02T19:46:27.948+0000] {dag.py:3954} INFO - Setting next_dagrun for example_xcom_args to None, run_after=None
[2025-05-02T19:46:27.958+0000] {logging_mixin.py:188} INFO - [2025-05-02T19:46:27.957+0000] {dag.py:3954} INFO - Setting next_dagrun for example_xcom_args_with_operators to None, run_after=None
[2025-05-02T19:46:27.995+0000] {processor.py:183} INFO - Processing /home/airflow/.local/lib/python3.12/site-packages/airflow/example_dags/example_xcomargs.py took 0.328 seconds
[2025-05-02T19:46:58.390+0000] {processor.py:161} INFO - Started process (PID=1889) to work on /home/airflow/.local/lib/python3.12/site-packages/airflow/example_dags/example_xcomargs.py
[2025-05-02T19:46:58.392+0000] {processor.py:830} INFO - Processing file /home/airflow/.local/lib/python3.12/site-packages/airflow/example_dags/example_xcomargs.py for tasks to queue
[2025-05-02T19:46:58.395+0000] {logging_mixin.py:188} INFO - [2025-05-02T19:46:58.395+0000] {dagbag.py:540} INFO - Filling up the DagBag from /home/airflow/.local/lib/python3.12/site-packages/airflow/example_dags/example_xcomargs.py
[2025-05-02T19:46:58.431+0000] {processor.py:840} INFO - DAG(s) 'example_xcom_args_with_operators', 'example_xcom_args' retrieved from /home/airflow/.local/lib/python3.12/site-packages/airflow/example_dags/example_xcomargs.py
[2025-05-02T19:46:58.527+0000] {logging_mixin.py:188} INFO - [2025-05-02T19:46:58.527+0000] {dag.py:3096} INFO - Sync 2 DAGs
[2025-05-02T19:46:58.559+0000] {logging_mixin.py:188} INFO - [2025-05-02T19:46:58.559+0000] {dag.py:3954} INFO - Setting next_dagrun for example_xcom_args to None, run_after=None
[2025-05-02T19:46:58.578+0000] {logging_mixin.py:188} INFO - [2025-05-02T19:46:58.578+0000] {dag.py:3954} INFO - Setting next_dagrun for example_xcom_args_with_operators to None, run_after=None
[2025-05-02T19:46:58.620+0000] {processor.py:183} INFO - Processing /home/airflow/.local/lib/python3.12/site-packages/airflow/example_dags/example_xcomargs.py took 0.242 seconds
[2025-05-02T19:47:34.101+0000] {processor.py:161} INFO - Started process (PID=1991) to work on /home/airflow/.local/lib/python3.12/site-packages/airflow/example_dags/example_xcomargs.py
[2025-05-02T19:47:34.106+0000] {processor.py:830} INFO - Processing file /home/airflow/.local/lib/python3.12/site-packages/airflow/example_dags/example_xcomargs.py for tasks to queue
[2025-05-02T19:47:34.110+0000] {logging_mixin.py:188} INFO - [2025-05-02T19:47:34.109+0000] {dagbag.py:540} INFO - Filling up the DagBag from /home/airflow/.local/lib/python3.12/site-packages/airflow/example_dags/example_xcomargs.py
[2025-05-02T19:47:34.141+0000] {processor.py:840} INFO - DAG(s) 'example_xcom_args', 'example_xcom_args_with_operators' retrieved from /home/airflow/.local/lib/python3.12/site-packages/airflow/example_dags/example_xcomargs.py
[2025-05-02T19:47:34.294+0000] {logging_mixin.py:188} INFO - [2025-05-02T19:47:34.294+0000] {dag.py:3096} INFO - Sync 2 DAGs
[2025-05-02T19:47:34.337+0000] {logging_mixin.py:188} INFO - [2025-05-02T19:47:34.336+0000] {dag.py:3954} INFO - Setting next_dagrun for example_xcom_args to None, run_after=None
[2025-05-02T19:47:34.363+0000] {logging_mixin.py:188} INFO - [2025-05-02T19:47:34.363+0000] {dag.py:3954} INFO - Setting next_dagrun for example_xcom_args_with_operators to None, run_after=None
[2025-05-02T19:47:34.430+0000] {processor.py:183} INFO - Processing /home/airflow/.local/lib/python3.12/site-packages/airflow/example_dags/example_xcomargs.py took 0.351 seconds
[2025-05-02T19:48:07.444+0000] {processor.py:161} INFO - Started process (PID=2094) to work on /home/airflow/.local/lib/python3.12/site-packages/airflow/example_dags/example_xcomargs.py
[2025-05-02T19:48:07.446+0000] {processor.py:830} INFO - Processing file /home/airflow/.local/lib/python3.12/site-packages/airflow/example_dags/example_xcomargs.py for tasks to queue
[2025-05-02T19:48:07.452+0000] {logging_mixin.py:188} INFO - [2025-05-02T19:48:07.451+0000] {dagbag.py:540} INFO - Filling up the DagBag from /home/airflow/.local/lib/python3.12/site-packages/airflow/example_dags/example_xcomargs.py
[2025-05-02T19:48:07.481+0000] {processor.py:840} INFO - DAG(s) 'example_xcom_args_with_operators', 'example_xcom_args' retrieved from /home/airflow/.local/lib/python3.12/site-packages/airflow/example_dags/example_xcomargs.py
[2025-05-02T19:48:07.645+0000] {logging_mixin.py:188} INFO - [2025-05-02T19:48:07.645+0000] {dag.py:3096} INFO - Sync 2 DAGs
[2025-05-02T19:48:07.700+0000] {logging_mixin.py:188} INFO - [2025-05-02T19:48:07.699+0000] {dag.py:3954} INFO - Setting next_dagrun for example_xcom_args to None, run_after=None
[2025-05-02T19:48:07.723+0000] {logging_mixin.py:188} INFO - [2025-05-02T19:48:07.722+0000] {dag.py:3954} INFO - Setting next_dagrun for example_xcom_args_with_operators to None, run_after=None
[2025-05-02T19:48:07.785+0000] {processor.py:183} INFO - Processing /home/airflow/.local/lib/python3.12/site-packages/airflow/example_dags/example_xcomargs.py took 0.357 seconds
[2025-05-02T19:48:44.119+0000] {processor.py:161} INFO - Started process (PID=2187) to work on /home/airflow/.local/lib/python3.12/site-packages/airflow/example_dags/example_xcomargs.py
[2025-05-02T19:48:44.121+0000] {processor.py:830} INFO - Processing file /home/airflow/.local/lib/python3.12/site-packages/airflow/example_dags/example_xcomargs.py for tasks to queue
[2025-05-02T19:48:44.128+0000] {logging_mixin.py:188} INFO - [2025-05-02T19:48:44.124+0000] {dagbag.py:540} INFO - Filling up the DagBag from /home/airflow/.local/lib/python3.12/site-packages/airflow/example_dags/example_xcomargs.py
[2025-05-02T19:48:44.170+0000] {processor.py:840} INFO - DAG(s) 'example_xcom_args', 'example_xcom_args_with_operators' retrieved from /home/airflow/.local/lib/python3.12/site-packages/airflow/example_dags/example_xcomargs.py
[2025-05-02T19:48:44.402+0000] {logging_mixin.py:188} INFO - [2025-05-02T19:48:44.401+0000] {dag.py:3096} INFO - Sync 2 DAGs
[2025-05-02T19:48:44.489+0000] {logging_mixin.py:188} INFO - [2025-05-02T19:48:44.489+0000] {dag.py:3954} INFO - Setting next_dagrun for example_xcom_args to None, run_after=None
[2025-05-02T19:48:44.509+0000] {logging_mixin.py:188} INFO - [2025-05-02T19:48:44.509+0000] {dag.py:3954} INFO - Setting next_dagrun for example_xcom_args_with_operators to None, run_after=None
[2025-05-02T19:48:44.638+0000] {processor.py:183} INFO - Processing /home/airflow/.local/lib/python3.12/site-packages/airflow/example_dags/example_xcomargs.py took 0.556 seconds
[2025-05-02T19:49:18.233+0000] {processor.py:161} INFO - Started process (PID=2284) to work on /home/airflow/.local/lib/python3.12/site-packages/airflow/example_dags/example_xcomargs.py
[2025-05-02T19:49:18.235+0000] {processor.py:830} INFO - Processing file /home/airflow/.local/lib/python3.12/site-packages/airflow/example_dags/example_xcomargs.py for tasks to queue
[2025-05-02T19:49:18.242+0000] {logging_mixin.py:188} INFO - [2025-05-02T19:49:18.242+0000] {dagbag.py:540} INFO - Filling up the DagBag from /home/airflow/.local/lib/python3.12/site-packages/airflow/example_dags/example_xcomargs.py
[2025-05-02T19:49:18.267+0000] {processor.py:840} INFO - DAG(s) 'example_xcom_args_with_operators', 'example_xcom_args' retrieved from /home/airflow/.local/lib/python3.12/site-packages/airflow/example_dags/example_xcomargs.py
[2025-05-02T19:49:18.330+0000] {logging_mixin.py:188} INFO - [2025-05-02T19:49:18.325+0000] {dag.py:3096} INFO - Sync 2 DAGs
[2025-05-02T19:49:18.643+0000] {logging_mixin.py:188} INFO - [2025-05-02T19:49:18.643+0000] {dag.py:3954} INFO - Setting next_dagrun for example_xcom_args to None, run_after=None
[2025-05-02T19:49:18.651+0000] {logging_mixin.py:188} INFO - [2025-05-02T19:49:18.651+0000] {dag.py:3954} INFO - Setting next_dagrun for example_xcom_args_with_operators to None, run_after=None
[2025-05-02T19:49:18.736+0000] {processor.py:183} INFO - Processing /home/airflow/.local/lib/python3.12/site-packages/airflow/example_dags/example_xcomargs.py took 0.522 seconds
[2025-05-02T19:49:52.533+0000] {processor.py:161} INFO - Started process (PID=2362) to work on /home/airflow/.local/lib/python3.12/site-packages/airflow/example_dags/example_xcomargs.py
[2025-05-02T19:49:52.536+0000] {processor.py:830} INFO - Processing file /home/airflow/.local/lib/python3.12/site-packages/airflow/example_dags/example_xcomargs.py for tasks to queue
[2025-05-02T19:49:52.540+0000] {logging_mixin.py:188} INFO - [2025-05-02T19:49:52.540+0000] {dagbag.py:540} INFO - Filling up the DagBag from /home/airflow/.local/lib/python3.12/site-packages/airflow/example_dags/example_xcomargs.py
[2025-05-02T19:49:52.567+0000] {processor.py:840} INFO - DAG(s) 'example_xcom_args_with_operators', 'example_xcom_args' retrieved from /home/airflow/.local/lib/python3.12/site-packages/airflow/example_dags/example_xcomargs.py
[2025-05-02T19:49:52.698+0000] {logging_mixin.py:188} INFO - [2025-05-02T19:49:52.698+0000] {dag.py:3096} INFO - Sync 2 DAGs
[2025-05-02T19:49:52.739+0000] {logging_mixin.py:188} INFO - [2025-05-02T19:49:52.739+0000] {dag.py:3954} INFO - Setting next_dagrun for example_xcom_args to None, run_after=None
[2025-05-02T19:49:52.751+0000] {logging_mixin.py:188} INFO - [2025-05-02T19:49:52.751+0000] {dag.py:3954} INFO - Setting next_dagrun for example_xcom_args_with_operators to None, run_after=None
[2025-05-02T19:49:52.819+0000] {processor.py:183} INFO - Processing /home/airflow/.local/lib/python3.12/site-packages/airflow/example_dags/example_xcomargs.py took 0.301 seconds
[2025-05-02T19:50:26.750+0000] {processor.py:161} INFO - Started process (PID=2486) to work on /home/airflow/.local/lib/python3.12/site-packages/airflow/example_dags/example_xcomargs.py
[2025-05-02T19:50:26.752+0000] {processor.py:830} INFO - Processing file /home/airflow/.local/lib/python3.12/site-packages/airflow/example_dags/example_xcomargs.py for tasks to queue
[2025-05-02T19:50:26.755+0000] {logging_mixin.py:188} INFO - [2025-05-02T19:50:26.755+0000] {dagbag.py:540} INFO - Filling up the DagBag from /home/airflow/.local/lib/python3.12/site-packages/airflow/example_dags/example_xcomargs.py
[2025-05-02T19:50:26.781+0000] {processor.py:840} INFO - DAG(s) 'example_xcom_args_with_operators', 'example_xcom_args' retrieved from /home/airflow/.local/lib/python3.12/site-packages/airflow/example_dags/example_xcomargs.py
[2025-05-02T19:50:26.880+0000] {logging_mixin.py:188} INFO - [2025-05-02T19:50:26.879+0000] {dag.py:3096} INFO - Sync 2 DAGs
[2025-05-02T19:50:26.927+0000] {logging_mixin.py:188} INFO - [2025-05-02T19:50:26.927+0000] {dag.py:3954} INFO - Setting next_dagrun for example_xcom_args to None, run_after=None
[2025-05-02T19:50:26.945+0000] {logging_mixin.py:188} INFO - [2025-05-02T19:50:26.944+0000] {dag.py:3954} INFO - Setting next_dagrun for example_xcom_args_with_operators to None, run_after=None
[2025-05-02T19:50:27.031+0000] {processor.py:183} INFO - Processing /home/airflow/.local/lib/python3.12/site-packages/airflow/example_dags/example_xcomargs.py took 0.295 seconds
[2025-05-02T19:50:57.261+0000] {processor.py:161} INFO - Started process (PID=2575) to work on /home/airflow/.local/lib/python3.12/site-packages/airflow/example_dags/example_xcomargs.py
[2025-05-02T19:50:57.272+0000] {processor.py:830} INFO - Processing file /home/airflow/.local/lib/python3.12/site-packages/airflow/example_dags/example_xcomargs.py for tasks to queue
[2025-05-02T19:50:57.281+0000] {logging_mixin.py:188} INFO - [2025-05-02T19:50:57.276+0000] {dagbag.py:540} INFO - Filling up the DagBag from /home/airflow/.local/lib/python3.12/site-packages/airflow/example_dags/example_xcomargs.py
[2025-05-02T19:50:57.336+0000] {processor.py:840} INFO - DAG(s) 'example_xcom_args', 'example_xcom_args_with_operators' retrieved from /home/airflow/.local/lib/python3.12/site-packages/airflow/example_dags/example_xcomargs.py
[2025-05-02T19:50:57.462+0000] {logging_mixin.py:188} INFO - [2025-05-02T19:50:57.462+0000] {dag.py:3096} INFO - Sync 2 DAGs
[2025-05-02T19:51:00.850+0000] {logging_mixin.py:188} INFO - [2025-05-02T19:51:00.849+0000] {dag.py:3954} INFO - Setting next_dagrun for example_xcom_args to None, run_after=None
[2025-05-02T19:51:00.870+0000] {logging_mixin.py:188} INFO - [2025-05-02T19:51:00.867+0000] {dag.py:3954} INFO - Setting next_dagrun for example_xcom_args_with_operators to None, run_after=None
[2025-05-02T19:51:00.946+0000] {processor.py:183} INFO - Processing /home/airflow/.local/lib/python3.12/site-packages/airflow/example_dags/example_xcomargs.py took 0.766 seconds
[2025-05-02T19:51:31.897+0000] {processor.py:161} INFO - Started process (PID=2681) to work on /home/airflow/.local/lib/python3.12/site-packages/airflow/example_dags/example_xcomargs.py
[2025-05-02T19:51:31.899+0000] {processor.py:830} INFO - Processing file /home/airflow/.local/lib/python3.12/site-packages/airflow/example_dags/example_xcomargs.py for tasks to queue
[2025-05-02T19:51:31.903+0000] {logging_mixin.py:188} INFO - [2025-05-02T19:51:31.902+0000] {dagbag.py:540} INFO - Filling up the DagBag from /home/airflow/.local/lib/python3.12/site-packages/airflow/example_dags/example_xcomargs.py
[2025-05-02T19:51:31.926+0000] {processor.py:840} INFO - DAG(s) 'example_xcom_args', 'example_xcom_args_with_operators' retrieved from /home/airflow/.local/lib/python3.12/site-packages/airflow/example_dags/example_xcomargs.py
[2025-05-02T19:51:32.062+0000] {logging_mixin.py:188} INFO - [2025-05-02T19:51:32.061+0000] {dag.py:3096} INFO - Sync 2 DAGs
[2025-05-02T19:51:32.120+0000] {logging_mixin.py:188} INFO - [2025-05-02T19:51:32.120+0000] {dag.py:3954} INFO - Setting next_dagrun for example_xcom_args to None, run_after=None
[2025-05-02T19:51:32.130+0000] {logging_mixin.py:188} INFO - [2025-05-02T19:51:32.129+0000] {dag.py:3954} INFO - Setting next_dagrun for example_xcom_args_with_operators to None, run_after=None
[2025-05-02T19:51:32.174+0000] {processor.py:183} INFO - Processing /home/airflow/.local/lib/python3.12/site-packages/airflow/example_dags/example_xcomargs.py took 0.306 seconds
[2025-05-02T19:52:02.226+0000] {processor.py:161} INFO - Started process (PID=2754) to work on /home/airflow/.local/lib/python3.12/site-packages/airflow/example_dags/example_xcomargs.py
[2025-05-02T19:52:02.227+0000] {processor.py:830} INFO - Processing file /home/airflow/.local/lib/python3.12/site-packages/airflow/example_dags/example_xcomargs.py for tasks to queue
[2025-05-02T19:52:02.229+0000] {logging_mixin.py:188} INFO - [2025-05-02T19:52:02.229+0000] {dagbag.py:540} INFO - Filling up the DagBag from /home/airflow/.local/lib/python3.12/site-packages/airflow/example_dags/example_xcomargs.py
[2025-05-02T19:52:02.504+0000] {processor.py:840} INFO - DAG(s) 'example_xcom_args', 'example_xcom_args_with_operators' retrieved from /home/airflow/.local/lib/python3.12/site-packages/airflow/example_dags/example_xcomargs.py
[2025-05-02T19:52:02.637+0000] {logging_mixin.py:188} INFO - [2025-05-02T19:52:02.636+0000] {dag.py:3096} INFO - Sync 2 DAGs
[2025-05-02T19:52:02.677+0000] {logging_mixin.py:188} INFO - [2025-05-02T19:52:02.677+0000] {dag.py:3954} INFO - Setting next_dagrun for example_xcom_args to None, run_after=None
[2025-05-02T19:52:02.686+0000] {logging_mixin.py:188} INFO - [2025-05-02T19:52:02.685+0000] {dag.py:3954} INFO - Setting next_dagrun for example_xcom_args_with_operators to None, run_after=None
[2025-05-02T19:52:02.731+0000] {processor.py:183} INFO - Processing /home/airflow/.local/lib/python3.12/site-packages/airflow/example_dags/example_xcomargs.py took 0.513 seconds
[2025-05-02T19:52:33.479+0000] {processor.py:161} INFO - Started process (PID=2859) to work on /home/airflow/.local/lib/python3.12/site-packages/airflow/example_dags/example_xcomargs.py
[2025-05-02T19:52:33.482+0000] {processor.py:830} INFO - Processing file /home/airflow/.local/lib/python3.12/site-packages/airflow/example_dags/example_xcomargs.py for tasks to queue
[2025-05-02T19:52:33.487+0000] {logging_mixin.py:188} INFO - [2025-05-02T19:52:33.486+0000] {dagbag.py:540} INFO - Filling up the DagBag from /home/airflow/.local/lib/python3.12/site-packages/airflow/example_dags/example_xcomargs.py
[2025-05-02T19:52:33.519+0000] {processor.py:840} INFO - DAG(s) 'example_xcom_args', 'example_xcom_args_with_operators' retrieved from /home/airflow/.local/lib/python3.12/site-packages/airflow/example_dags/example_xcomargs.py
[2025-05-02T19:52:33.623+0000] {logging_mixin.py:188} INFO - [2025-05-02T19:52:33.622+0000] {dag.py:3096} INFO - Sync 2 DAGs
[2025-05-02T19:52:33.670+0000] {logging_mixin.py:188} INFO - [2025-05-02T19:52:33.669+0000] {dag.py:3954} INFO - Setting next_dagrun for example_xcom_args to None, run_after=None
[2025-05-02T19:52:33.701+0000] {logging_mixin.py:188} INFO - [2025-05-02T19:52:33.701+0000] {dag.py:3954} INFO - Setting next_dagrun for example_xcom_args_with_operators to None, run_after=None
[2025-05-02T19:52:33.849+0000] {processor.py:183} INFO - Processing /home/airflow/.local/lib/python3.12/site-packages/airflow/example_dags/example_xcomargs.py took 0.400 seconds
[2025-05-02T19:53:04.070+0000] {processor.py:161} INFO - Started process (PID=2954) to work on /home/airflow/.local/lib/python3.12/site-packages/airflow/example_dags/example_xcomargs.py
[2025-05-02T19:53:04.072+0000] {processor.py:830} INFO - Processing file /home/airflow/.local/lib/python3.12/site-packages/airflow/example_dags/example_xcomargs.py for tasks to queue
[2025-05-02T19:53:04.076+0000] {logging_mixin.py:188} INFO - [2025-05-02T19:53:04.075+0000] {dagbag.py:540} INFO - Filling up the DagBag from /home/airflow/.local/lib/python3.12/site-packages/airflow/example_dags/example_xcomargs.py
[2025-05-02T19:53:04.105+0000] {processor.py:840} INFO - DAG(s) 'example_xcom_args_with_operators', 'example_xcom_args' retrieved from /home/airflow/.local/lib/python3.12/site-packages/airflow/example_dags/example_xcomargs.py
[2025-05-02T19:53:04.243+0000] {logging_mixin.py:188} INFO - [2025-05-02T19:53:04.242+0000] {dag.py:3096} INFO - Sync 2 DAGs
[2025-05-02T19:53:04.278+0000] {logging_mixin.py:188} INFO - [2025-05-02T19:53:04.278+0000] {dag.py:3954} INFO - Setting next_dagrun for example_xcom_args to None, run_after=None
[2025-05-02T19:53:04.298+0000] {logging_mixin.py:188} INFO - [2025-05-02T19:53:04.297+0000] {dag.py:3954} INFO - Setting next_dagrun for example_xcom_args_with_operators to None, run_after=None
[2025-05-02T19:53:04.331+0000] {processor.py:183} INFO - Processing /home/airflow/.local/lib/python3.12/site-packages/airflow/example_dags/example_xcomargs.py took 0.275 seconds
[2025-05-02T19:53:34.654+0000] {processor.py:161} INFO - Started process (PID=3043) to work on /home/airflow/.local/lib/python3.12/site-packages/airflow/example_dags/example_xcomargs.py
[2025-05-02T19:53:34.655+0000] {processor.py:830} INFO - Processing file /home/airflow/.local/lib/python3.12/site-packages/airflow/example_dags/example_xcomargs.py for tasks to queue
[2025-05-02T19:53:34.659+0000] {logging_mixin.py:188} INFO - [2025-05-02T19:53:34.658+0000] {dagbag.py:540} INFO - Filling up the DagBag from /home/airflow/.local/lib/python3.12/site-packages/airflow/example_dags/example_xcomargs.py
[2025-05-02T19:53:34.721+0000] {processor.py:840} INFO - DAG(s) 'example_xcom_args', 'example_xcom_args_with_operators' retrieved from /home/airflow/.local/lib/python3.12/site-packages/airflow/example_dags/example_xcomargs.py
[2025-05-02T19:53:34.798+0000] {logging_mixin.py:188} INFO - [2025-05-02T19:53:34.797+0000] {dag.py:3096} INFO - Sync 2 DAGs
[2025-05-02T19:53:34.831+0000] {logging_mixin.py:188} INFO - [2025-05-02T19:53:34.831+0000] {dag.py:3954} INFO - Setting next_dagrun for example_xcom_args to None, run_after=None
[2025-05-02T19:53:34.849+0000] {logging_mixin.py:188} INFO - [2025-05-02T19:53:34.848+0000] {dag.py:3954} INFO - Setting next_dagrun for example_xcom_args_with_operators to None, run_after=None
[2025-05-02T19:53:34.911+0000] {processor.py:183} INFO - Processing /home/airflow/.local/lib/python3.12/site-packages/airflow/example_dags/example_xcomargs.py took 0.317 seconds
[2025-05-02T19:54:05.263+0000] {processor.py:161} INFO - Started process (PID=3142) to work on /home/airflow/.local/lib/python3.12/site-packages/airflow/example_dags/example_xcomargs.py
[2025-05-02T19:54:05.263+0000] {processor.py:830} INFO - Processing file /home/airflow/.local/lib/python3.12/site-packages/airflow/example_dags/example_xcomargs.py for tasks to queue
[2025-05-02T19:54:05.266+0000] {logging_mixin.py:188} INFO - [2025-05-02T19:54:05.265+0000] {dagbag.py:540} INFO - Filling up the DagBag from /home/airflow/.local/lib/python3.12/site-packages/airflow/example_dags/example_xcomargs.py
[2025-05-02T19:54:05.275+0000] {processor.py:840} INFO - DAG(s) 'example_xcom_args_with_operators', 'example_xcom_args' retrieved from /home/airflow/.local/lib/python3.12/site-packages/airflow/example_dags/example_xcomargs.py
[2025-05-02T19:54:05.299+0000] {logging_mixin.py:188} INFO - [2025-05-02T19:54:05.298+0000] {dag.py:3096} INFO - Sync 2 DAGs
[2025-05-02T19:54:05.310+0000] {logging_mixin.py:188} INFO - [2025-05-02T19:54:05.309+0000] {dag.py:3954} INFO - Setting next_dagrun for example_xcom_args to None, run_after=None
[2025-05-02T19:54:05.313+0000] {logging_mixin.py:188} INFO - [2025-05-02T19:54:05.313+0000] {dag.py:3954} INFO - Setting next_dagrun for example_xcom_args_with_operators to None, run_after=None
[2025-05-02T19:54:05.330+0000] {processor.py:183} INFO - Processing /home/airflow/.local/lib/python3.12/site-packages/airflow/example_dags/example_xcomargs.py took 0.075 seconds
[2025-05-02T19:54:35.789+0000] {processor.py:161} INFO - Started process (PID=3250) to work on /home/airflow/.local/lib/python3.12/site-packages/airflow/example_dags/example_xcomargs.py
[2025-05-02T19:54:35.803+0000] {processor.py:830} INFO - Processing file /home/airflow/.local/lib/python3.12/site-packages/airflow/example_dags/example_xcomargs.py for tasks to queue
[2025-05-02T19:54:35.808+0000] {logging_mixin.py:188} INFO - [2025-05-02T19:54:35.808+0000] {dagbag.py:540} INFO - Filling up the DagBag from /home/airflow/.local/lib/python3.12/site-packages/airflow/example_dags/example_xcomargs.py
[2025-05-02T19:54:35.830+0000] {processor.py:840} INFO - DAG(s) 'example_xcom_args_with_operators', 'example_xcom_args' retrieved from /home/airflow/.local/lib/python3.12/site-packages/airflow/example_dags/example_xcomargs.py
[2025-05-02T19:54:35.918+0000] {logging_mixin.py:188} INFO - [2025-05-02T19:54:35.918+0000] {dag.py:3096} INFO - Sync 2 DAGs
[2025-05-02T19:54:35.967+0000] {logging_mixin.py:188} INFO - [2025-05-02T19:54:35.967+0000] {dag.py:3954} INFO - Setting next_dagrun for example_xcom_args to None, run_after=None
[2025-05-02T19:54:35.977+0000] {logging_mixin.py:188} INFO - [2025-05-02T19:54:35.976+0000] {dag.py:3954} INFO - Setting next_dagrun for example_xcom_args_with_operators to None, run_after=None
[2025-05-02T19:54:36.051+0000] {processor.py:183} INFO - Processing /home/airflow/.local/lib/python3.12/site-packages/airflow/example_dags/example_xcomargs.py took 0.280 seconds
[2025-05-02T19:55:08.388+0000] {processor.py:161} INFO - Started process (PID=3334) to work on /home/airflow/.local/lib/python3.12/site-packages/airflow/example_dags/example_xcomargs.py
[2025-05-02T19:55:08.390+0000] {processor.py:830} INFO - Processing file /home/airflow/.local/lib/python3.12/site-packages/airflow/example_dags/example_xcomargs.py for tasks to queue
[2025-05-02T19:55:08.393+0000] {logging_mixin.py:188} INFO - [2025-05-02T19:55:08.392+0000] {dagbag.py:540} INFO - Filling up the DagBag from /home/airflow/.local/lib/python3.12/site-packages/airflow/example_dags/example_xcomargs.py
[2025-05-02T19:55:08.416+0000] {processor.py:840} INFO - DAG(s) 'example_xcom_args', 'example_xcom_args_with_operators' retrieved from /home/airflow/.local/lib/python3.12/site-packages/airflow/example_dags/example_xcomargs.py
[2025-05-02T19:55:08.499+0000] {logging_mixin.py:188} INFO - [2025-05-02T19:55:08.498+0000] {dag.py:3096} INFO - Sync 2 DAGs
[2025-05-02T19:55:08.545+0000] {logging_mixin.py:188} INFO - [2025-05-02T19:55:08.544+0000] {dag.py:3954} INFO - Setting next_dagrun for example_xcom_args to None, run_after=None
[2025-05-02T19:55:08.553+0000] {logging_mixin.py:188} INFO - [2025-05-02T19:55:08.552+0000] {dag.py:3954} INFO - Setting next_dagrun for example_xcom_args_with_operators to None, run_after=None
[2025-05-02T19:55:08.618+0000] {processor.py:183} INFO - Processing /home/airflow/.local/lib/python3.12/site-packages/airflow/example_dags/example_xcomargs.py took 0.247 seconds
[2025-05-02T19:55:42.921+0000] {processor.py:161} INFO - Started process (PID=3437) to work on /home/airflow/.local/lib/python3.12/site-packages/airflow/example_dags/example_xcomargs.py
[2025-05-02T19:55:42.933+0000] {processor.py:830} INFO - Processing file /home/airflow/.local/lib/python3.12/site-packages/airflow/example_dags/example_xcomargs.py for tasks to queue
[2025-05-02T19:55:42.936+0000] {logging_mixin.py:188} INFO - [2025-05-02T19:55:42.936+0000] {dagbag.py:540} INFO - Filling up the DagBag from /home/airflow/.local/lib/python3.12/site-packages/airflow/example_dags/example_xcomargs.py
[2025-05-02T19:55:42.972+0000] {processor.py:840} INFO - DAG(s) 'example_xcom_args_with_operators', 'example_xcom_args' retrieved from /home/airflow/.local/lib/python3.12/site-packages/airflow/example_dags/example_xcomargs.py
[2025-05-02T19:55:43.086+0000] {logging_mixin.py:188} INFO - [2025-05-02T19:55:43.085+0000] {dag.py:3096} INFO - Sync 2 DAGs
[2025-05-02T19:55:43.132+0000] {logging_mixin.py:188} INFO - [2025-05-02T19:55:43.131+0000] {dag.py:3954} INFO - Setting next_dagrun for example_xcom_args to None, run_after=None
[2025-05-02T19:55:43.155+0000] {logging_mixin.py:188} INFO - [2025-05-02T19:55:43.155+0000] {dag.py:3954} INFO - Setting next_dagrun for example_xcom_args_with_operators to None, run_after=None
[2025-05-02T19:55:43.233+0000] {processor.py:183} INFO - Processing /home/airflow/.local/lib/python3.12/site-packages/airflow/example_dags/example_xcomargs.py took 0.340 seconds
[2025-05-02T19:56:14.280+0000] {processor.py:161} INFO - Started process (PID=3531) to work on /home/airflow/.local/lib/python3.12/site-packages/airflow/example_dags/example_xcomargs.py
[2025-05-02T19:56:14.282+0000] {processor.py:830} INFO - Processing file /home/airflow/.local/lib/python3.12/site-packages/airflow/example_dags/example_xcomargs.py for tasks to queue
[2025-05-02T19:56:14.285+0000] {logging_mixin.py:188} INFO - [2025-05-02T19:56:14.285+0000] {dagbag.py:540} INFO - Filling up the DagBag from /home/airflow/.local/lib/python3.12/site-packages/airflow/example_dags/example_xcomargs.py
[2025-05-02T19:56:14.304+0000] {processor.py:840} INFO - DAG(s) 'example_xcom_args', 'example_xcom_args_with_operators' retrieved from /home/airflow/.local/lib/python3.12/site-packages/airflow/example_dags/example_xcomargs.py
[2025-05-02T19:56:14.364+0000] {logging_mixin.py:188} INFO - [2025-05-02T19:56:14.363+0000] {dag.py:3096} INFO - Sync 2 DAGs
[2025-05-02T19:56:14.395+0000] {logging_mixin.py:188} INFO - [2025-05-02T19:56:14.394+0000] {dag.py:3954} INFO - Setting next_dagrun for example_xcom_args to None, run_after=None
[2025-05-02T19:56:14.403+0000] {logging_mixin.py:188} INFO - [2025-05-02T19:56:14.403+0000] {dag.py:3954} INFO - Setting next_dagrun for example_xcom_args_with_operators to None, run_after=None
[2025-05-02T19:56:14.438+0000] {processor.py:183} INFO - Processing /home/airflow/.local/lib/python3.12/site-packages/airflow/example_dags/example_xcomargs.py took 0.171 seconds
[2025-05-02T19:56:48.178+0000] {processor.py:161} INFO - Started process (PID=3635) to work on /home/airflow/.local/lib/python3.12/site-packages/airflow/example_dags/example_xcomargs.py
[2025-05-02T19:56:48.191+0000] {processor.py:830} INFO - Processing file /home/airflow/.local/lib/python3.12/site-packages/airflow/example_dags/example_xcomargs.py for tasks to queue
[2025-05-02T19:56:48.195+0000] {logging_mixin.py:188} INFO - [2025-05-02T19:56:48.194+0000] {dagbag.py:540} INFO - Filling up the DagBag from /home/airflow/.local/lib/python3.12/site-packages/airflow/example_dags/example_xcomargs.py
[2025-05-02T19:56:48.231+0000] {processor.py:840} INFO - DAG(s) 'example_xcom_args_with_operators', 'example_xcom_args' retrieved from /home/airflow/.local/lib/python3.12/site-packages/airflow/example_dags/example_xcomargs.py
[2025-05-02T19:56:48.310+0000] {logging_mixin.py:188} INFO - [2025-05-02T19:56:48.309+0000] {dag.py:3096} INFO - Sync 2 DAGs
[2025-05-02T19:56:48.351+0000] {logging_mixin.py:188} INFO - [2025-05-02T19:56:48.351+0000] {dag.py:3954} INFO - Setting next_dagrun for example_xcom_args to None, run_after=None
[2025-05-02T19:56:48.370+0000] {logging_mixin.py:188} INFO - [2025-05-02T19:56:48.370+0000] {dag.py:3954} INFO - Setting next_dagrun for example_xcom_args_with_operators to None, run_after=None
[2025-05-02T19:56:48.478+0000] {processor.py:183} INFO - Processing /home/airflow/.local/lib/python3.12/site-packages/airflow/example_dags/example_xcomargs.py took 0.312 seconds
[2025-05-02T19:57:18.810+0000] {processor.py:161} INFO - Started process (PID=3728) to work on /home/airflow/.local/lib/python3.12/site-packages/airflow/example_dags/example_xcomargs.py
[2025-05-02T19:57:18.811+0000] {processor.py:830} INFO - Processing file /home/airflow/.local/lib/python3.12/site-packages/airflow/example_dags/example_xcomargs.py for tasks to queue
[2025-05-02T19:57:18.816+0000] {logging_mixin.py:188} INFO - [2025-05-02T19:57:18.815+0000] {dagbag.py:540} INFO - Filling up the DagBag from /home/airflow/.local/lib/python3.12/site-packages/airflow/example_dags/example_xcomargs.py
[2025-05-02T19:57:18.855+0000] {processor.py:840} INFO - DAG(s) 'example_xcom_args', 'example_xcom_args_with_operators' retrieved from /home/airflow/.local/lib/python3.12/site-packages/airflow/example_dags/example_xcomargs.py
[2025-05-02T19:57:18.930+0000] {logging_mixin.py:188} INFO - [2025-05-02T19:57:18.929+0000] {dag.py:3096} INFO - Sync 2 DAGs
[2025-05-02T19:57:18.976+0000] {logging_mixin.py:188} INFO - [2025-05-02T19:57:18.976+0000] {dag.py:3954} INFO - Setting next_dagrun for example_xcom_args to None, run_after=None
[2025-05-02T19:57:18.984+0000] {logging_mixin.py:188} INFO - [2025-05-02T19:57:18.983+0000] {dag.py:3954} INFO - Setting next_dagrun for example_xcom_args_with_operators to None, run_after=None
[2025-05-02T19:57:19.037+0000] {processor.py:183} INFO - Processing /home/airflow/.local/lib/python3.12/site-packages/airflow/example_dags/example_xcomargs.py took 0.270 seconds
[2025-05-02T19:57:49.347+0000] {processor.py:161} INFO - Started process (PID=3813) to work on /home/airflow/.local/lib/python3.12/site-packages/airflow/example_dags/example_xcomargs.py
[2025-05-02T19:57:49.366+0000] {processor.py:830} INFO - Processing file /home/airflow/.local/lib/python3.12/site-packages/airflow/example_dags/example_xcomargs.py for tasks to queue
[2025-05-02T19:57:49.372+0000] {logging_mixin.py:188} INFO - [2025-05-02T19:57:49.371+0000] {dagbag.py:540} INFO - Filling up the DagBag from /home/airflow/.local/lib/python3.12/site-packages/airflow/example_dags/example_xcomargs.py
[2025-05-02T19:57:49.389+0000] {processor.py:840} INFO - DAG(s) 'example_xcom_args_with_operators', 'example_xcom_args' retrieved from /home/airflow/.local/lib/python3.12/site-packages/airflow/example_dags/example_xcomargs.py
[2025-05-02T19:57:49.457+0000] {logging_mixin.py:188} INFO - [2025-05-02T19:57:49.456+0000] {dag.py:3096} INFO - Sync 2 DAGs
[2025-05-02T19:57:49.490+0000] {logging_mixin.py:188} INFO - [2025-05-02T19:57:49.490+0000] {dag.py:3954} INFO - Setting next_dagrun for example_xcom_args to None, run_after=None
[2025-05-02T19:57:49.503+0000] {logging_mixin.py:188} INFO - [2025-05-02T19:57:49.503+0000] {dag.py:3954} INFO - Setting next_dagrun for example_xcom_args_with_operators to None, run_after=None
[2025-05-02T19:57:49.553+0000] {processor.py:183} INFO - Processing /home/airflow/.local/lib/python3.12/site-packages/airflow/example_dags/example_xcomargs.py took 0.218 seconds
[2025-05-02T19:58:20.067+0000] {processor.py:161} INFO - Started process (PID=3913) to work on /home/airflow/.local/lib/python3.12/site-packages/airflow/example_dags/example_xcomargs.py
[2025-05-02T19:58:20.069+0000] {processor.py:830} INFO - Processing file /home/airflow/.local/lib/python3.12/site-packages/airflow/example_dags/example_xcomargs.py for tasks to queue
[2025-05-02T19:58:20.076+0000] {logging_mixin.py:188} INFO - [2025-05-02T19:58:20.075+0000] {dagbag.py:540} INFO - Filling up the DagBag from /home/airflow/.local/lib/python3.12/site-packages/airflow/example_dags/example_xcomargs.py
[2025-05-02T19:58:20.115+0000] {processor.py:840} INFO - DAG(s) 'example_xcom_args_with_operators', 'example_xcom_args' retrieved from /home/airflow/.local/lib/python3.12/site-packages/airflow/example_dags/example_xcomargs.py
[2025-05-02T19:58:20.251+0000] {logging_mixin.py:188} INFO - [2025-05-02T19:58:20.250+0000] {dag.py:3096} INFO - Sync 2 DAGs
[2025-05-02T19:58:20.299+0000] {logging_mixin.py:188} INFO - [2025-05-02T19:58:20.299+0000] {dag.py:3954} INFO - Setting next_dagrun for example_xcom_args to None, run_after=None
[2025-05-02T19:58:20.311+0000] {logging_mixin.py:188} INFO - [2025-05-02T19:58:20.310+0000] {dag.py:3954} INFO - Setting next_dagrun for example_xcom_args_with_operators to None, run_after=None
[2025-05-02T19:58:20.358+0000] {processor.py:183} INFO - Processing /home/airflow/.local/lib/python3.12/site-packages/airflow/example_dags/example_xcomargs.py took 0.303 seconds
