[2025-05-02T19:33:05.546+0000] {processor.py:161} INFO - Started process (PID=55) to work on /home/airflow/.local/lib/python3.12/site-packages/airflow/example_dags/example_short_circuit_operator.py
[2025-05-02T19:33:05.547+0000] {processor.py:830} INFO - Processing file /home/airflow/.local/lib/python3.12/site-packages/airflow/example_dags/example_short_circuit_operator.py for tasks to queue
[2025-05-02T19:33:05.551+0000] {logging_mixin.py:188} INFO - [2025-05-02T19:33:05.550+0000] {dagbag.py:540} INFO - Filling up the DagBag from /home/airflow/.local/lib/python3.12/site-packages/airflow/example_dags/example_short_circuit_operator.py
[2025-05-02T19:33:05.578+0000] {processor.py:840} INFO - DAG(s) 'example_short_circuit_operator' retrieved from /home/airflow/.local/lib/python3.12/site-packages/airflow/example_dags/example_short_circuit_operator.py
[2025-05-02T19:33:05.606+0000] {logging_mixin.py:188} INFO - [2025-05-02T19:33:05.605+0000] {dag.py:3096} INFO - Sync 1 DAGs
[2025-05-02T19:33:05.659+0000] {logging_mixin.py:188} INFO - [2025-05-02T19:33:05.658+0000] {dag.py:3954} INFO - Setting next_dagrun for example_short_circuit_operator to 2025-05-01 00:00:00+00:00, run_after=2025-05-02 00:00:00+00:00
[2025-05-02T19:33:05.705+0000] {processor.py:183} INFO - Processing /home/airflow/.local/lib/python3.12/site-packages/airflow/example_dags/example_short_circuit_operator.py took 0.170 seconds
[2025-05-02T19:33:35.970+0000] {processor.py:161} INFO - Started process (PID=113) to work on /home/airflow/.local/lib/python3.12/site-packages/airflow/example_dags/example_short_circuit_operator.py
[2025-05-02T19:33:35.970+0000] {processor.py:830} INFO - Processing file /home/airflow/.local/lib/python3.12/site-packages/airflow/example_dags/example_short_circuit_operator.py for tasks to queue
[2025-05-02T19:33:35.972+0000] {logging_mixin.py:188} INFO - [2025-05-02T19:33:35.971+0000] {dagbag.py:540} INFO - Filling up the DagBag from /home/airflow/.local/lib/python3.12/site-packages/airflow/example_dags/example_short_circuit_operator.py
[2025-05-02T19:33:35.977+0000] {processor.py:840} INFO - DAG(s) 'example_short_circuit_operator' retrieved from /home/airflow/.local/lib/python3.12/site-packages/airflow/example_dags/example_short_circuit_operator.py
[2025-05-02T19:33:36.069+0000] {logging_mixin.py:188} INFO - [2025-05-02T19:33:36.069+0000] {dag.py:3096} INFO - Sync 1 DAGs
[2025-05-02T19:33:36.086+0000] {logging_mixin.py:188} INFO - [2025-05-02T19:33:36.085+0000] {dag.py:3954} INFO - Setting next_dagrun for example_short_circuit_operator to 2025-05-01 00:00:00+00:00, run_after=2025-05-02 00:00:00+00:00
[2025-05-02T19:33:36.105+0000] {processor.py:183} INFO - Processing /home/airflow/.local/lib/python3.12/site-packages/airflow/example_dags/example_short_circuit_operator.py took 0.140 seconds
[2025-05-02T19:34:07.051+0000] {processor.py:161} INFO - Started process (PID=171) to work on /home/airflow/.local/lib/python3.12/site-packages/airflow/example_dags/example_short_circuit_operator.py
[2025-05-02T19:34:07.052+0000] {processor.py:830} INFO - Processing file /home/airflow/.local/lib/python3.12/site-packages/airflow/example_dags/example_short_circuit_operator.py for tasks to queue
[2025-05-02T19:34:07.053+0000] {logging_mixin.py:188} INFO - [2025-05-02T19:34:07.053+0000] {dagbag.py:540} INFO - Filling up the DagBag from /home/airflow/.local/lib/python3.12/site-packages/airflow/example_dags/example_short_circuit_operator.py
[2025-05-02T19:34:07.059+0000] {processor.py:840} INFO - DAG(s) 'example_short_circuit_operator' retrieved from /home/airflow/.local/lib/python3.12/site-packages/airflow/example_dags/example_short_circuit_operator.py
[2025-05-02T19:34:07.077+0000] {logging_mixin.py:188} INFO - [2025-05-02T19:34:07.076+0000] {dag.py:3096} INFO - Sync 1 DAGs
[2025-05-02T19:34:07.099+0000] {logging_mixin.py:188} INFO - [2025-05-02T19:34:07.098+0000] {dag.py:3954} INFO - Setting next_dagrun for example_short_circuit_operator to 2025-05-01 00:00:00+00:00, run_after=2025-05-02 00:00:00+00:00
[2025-05-02T19:34:07.116+0000] {processor.py:183} INFO - Processing /home/airflow/.local/lib/python3.12/site-packages/airflow/example_dags/example_short_circuit_operator.py took 0.070 seconds
[2025-05-02T19:34:38.371+0000] {processor.py:161} INFO - Started process (PID=229) to work on /home/airflow/.local/lib/python3.12/site-packages/airflow/example_dags/example_short_circuit_operator.py
[2025-05-02T19:34:38.372+0000] {processor.py:830} INFO - Processing file /home/airflow/.local/lib/python3.12/site-packages/airflow/example_dags/example_short_circuit_operator.py for tasks to queue
[2025-05-02T19:34:38.374+0000] {logging_mixin.py:188} INFO - [2025-05-02T19:34:38.373+0000] {dagbag.py:540} INFO - Filling up the DagBag from /home/airflow/.local/lib/python3.12/site-packages/airflow/example_dags/example_short_circuit_operator.py
[2025-05-02T19:34:38.381+0000] {processor.py:840} INFO - DAG(s) 'example_short_circuit_operator' retrieved from /home/airflow/.local/lib/python3.12/site-packages/airflow/example_dags/example_short_circuit_operator.py
[2025-05-02T19:34:38.400+0000] {logging_mixin.py:188} INFO - [2025-05-02T19:34:38.400+0000] {dag.py:3096} INFO - Sync 1 DAGs
[2025-05-02T19:34:38.418+0000] {logging_mixin.py:188} INFO - [2025-05-02T19:34:38.417+0000] {dag.py:3954} INFO - Setting next_dagrun for example_short_circuit_operator to 2025-05-01 00:00:00+00:00, run_after=2025-05-02 00:00:00+00:00
[2025-05-02T19:34:38.432+0000] {processor.py:183} INFO - Processing /home/airflow/.local/lib/python3.12/site-packages/airflow/example_dags/example_short_circuit_operator.py took 0.067 seconds
[2025-05-02T19:35:09.054+0000] {processor.py:161} INFO - Started process (PID=287) to work on /home/airflow/.local/lib/python3.12/site-packages/airflow/example_dags/example_short_circuit_operator.py
[2025-05-02T19:35:09.054+0000] {processor.py:830} INFO - Processing file /home/airflow/.local/lib/python3.12/site-packages/airflow/example_dags/example_short_circuit_operator.py for tasks to queue
[2025-05-02T19:35:09.056+0000] {logging_mixin.py:188} INFO - [2025-05-02T19:35:09.055+0000] {dagbag.py:540} INFO - Filling up the DagBag from /home/airflow/.local/lib/python3.12/site-packages/airflow/example_dags/example_short_circuit_operator.py
[2025-05-02T19:35:09.061+0000] {processor.py:840} INFO - DAG(s) 'example_short_circuit_operator' retrieved from /home/airflow/.local/lib/python3.12/site-packages/airflow/example_dags/example_short_circuit_operator.py
[2025-05-02T19:35:09.081+0000] {logging_mixin.py:188} INFO - [2025-05-02T19:35:09.081+0000] {dag.py:3096} INFO - Sync 1 DAGs
[2025-05-02T19:35:09.102+0000] {logging_mixin.py:188} INFO - [2025-05-02T19:35:09.101+0000] {dag.py:3954} INFO - Setting next_dagrun for example_short_circuit_operator to 2025-05-01 00:00:00+00:00, run_after=2025-05-02 00:00:00+00:00
[2025-05-02T19:35:09.119+0000] {processor.py:183} INFO - Processing /home/airflow/.local/lib/python3.12/site-packages/airflow/example_dags/example_short_circuit_operator.py took 0.070 seconds
[2025-05-02T19:35:39.405+0000] {processor.py:161} INFO - Started process (PID=345) to work on /home/airflow/.local/lib/python3.12/site-packages/airflow/example_dags/example_short_circuit_operator.py
[2025-05-02T19:35:39.406+0000] {processor.py:830} INFO - Processing file /home/airflow/.local/lib/python3.12/site-packages/airflow/example_dags/example_short_circuit_operator.py for tasks to queue
[2025-05-02T19:35:39.407+0000] {logging_mixin.py:188} INFO - [2025-05-02T19:35:39.407+0000] {dagbag.py:540} INFO - Filling up the DagBag from /home/airflow/.local/lib/python3.12/site-packages/airflow/example_dags/example_short_circuit_operator.py
[2025-05-02T19:35:39.415+0000] {processor.py:840} INFO - DAG(s) 'example_short_circuit_operator' retrieved from /home/airflow/.local/lib/python3.12/site-packages/airflow/example_dags/example_short_circuit_operator.py
[2025-05-02T19:35:39.440+0000] {logging_mixin.py:188} INFO - [2025-05-02T19:35:39.439+0000] {dag.py:3096} INFO - Sync 1 DAGs
[2025-05-02T19:35:39.463+0000] {logging_mixin.py:188} INFO - [2025-05-02T19:35:39.462+0000] {dag.py:3954} INFO - Setting next_dagrun for example_short_circuit_operator to 2025-05-01 00:00:00+00:00, run_after=2025-05-02 00:00:00+00:00
[2025-05-02T19:35:39.481+0000] {processor.py:183} INFO - Processing /home/airflow/.local/lib/python3.12/site-packages/airflow/example_dags/example_short_circuit_operator.py took 0.082 seconds
[2025-05-02T19:36:10.020+0000] {processor.py:161} INFO - Started process (PID=403) to work on /home/airflow/.local/lib/python3.12/site-packages/airflow/example_dags/example_short_circuit_operator.py
[2025-05-02T19:36:10.022+0000] {processor.py:830} INFO - Processing file /home/airflow/.local/lib/python3.12/site-packages/airflow/example_dags/example_short_circuit_operator.py for tasks to queue
[2025-05-02T19:36:10.024+0000] {logging_mixin.py:188} INFO - [2025-05-02T19:36:10.023+0000] {dagbag.py:540} INFO - Filling up the DagBag from /home/airflow/.local/lib/python3.12/site-packages/airflow/example_dags/example_short_circuit_operator.py
[2025-05-02T19:36:10.029+0000] {processor.py:840} INFO - DAG(s) 'example_short_circuit_operator' retrieved from /home/airflow/.local/lib/python3.12/site-packages/airflow/example_dags/example_short_circuit_operator.py
[2025-05-02T19:36:10.047+0000] {logging_mixin.py:188} INFO - [2025-05-02T19:36:10.047+0000] {dag.py:3096} INFO - Sync 1 DAGs
[2025-05-02T19:36:10.064+0000] {logging_mixin.py:188} INFO - [2025-05-02T19:36:10.063+0000] {dag.py:3954} INFO - Setting next_dagrun for example_short_circuit_operator to 2025-05-01 00:00:00+00:00, run_after=2025-05-02 00:00:00+00:00
[2025-05-02T19:36:10.083+0000] {processor.py:183} INFO - Processing /home/airflow/.local/lib/python3.12/site-packages/airflow/example_dags/example_short_circuit_operator.py took 0.069 seconds
[2025-05-02T19:36:40.413+0000] {processor.py:161} INFO - Started process (PID=462) to work on /home/airflow/.local/lib/python3.12/site-packages/airflow/example_dags/example_short_circuit_operator.py
[2025-05-02T19:36:40.414+0000] {processor.py:830} INFO - Processing file /home/airflow/.local/lib/python3.12/site-packages/airflow/example_dags/example_short_circuit_operator.py for tasks to queue
[2025-05-02T19:36:40.415+0000] {logging_mixin.py:188} INFO - [2025-05-02T19:36:40.415+0000] {dagbag.py:540} INFO - Filling up the DagBag from /home/airflow/.local/lib/python3.12/site-packages/airflow/example_dags/example_short_circuit_operator.py
[2025-05-02T19:36:40.421+0000] {processor.py:840} INFO - DAG(s) 'example_short_circuit_operator' retrieved from /home/airflow/.local/lib/python3.12/site-packages/airflow/example_dags/example_short_circuit_operator.py
[2025-05-02T19:36:40.442+0000] {logging_mixin.py:188} INFO - [2025-05-02T19:36:40.442+0000] {dag.py:3096} INFO - Sync 1 DAGs
[2025-05-02T19:36:40.464+0000] {logging_mixin.py:188} INFO - [2025-05-02T19:36:40.464+0000] {dag.py:3954} INFO - Setting next_dagrun for example_short_circuit_operator to 2025-05-01 00:00:00+00:00, run_after=2025-05-02 00:00:00+00:00
[2025-05-02T19:36:40.487+0000] {processor.py:183} INFO - Processing /home/airflow/.local/lib/python3.12/site-packages/airflow/example_dags/example_short_circuit_operator.py took 0.078 seconds
[2025-05-02T19:37:10.728+0000] {processor.py:161} INFO - Started process (PID=520) to work on /home/airflow/.local/lib/python3.12/site-packages/airflow/example_dags/example_short_circuit_operator.py
[2025-05-02T19:37:10.729+0000] {processor.py:830} INFO - Processing file /home/airflow/.local/lib/python3.12/site-packages/airflow/example_dags/example_short_circuit_operator.py for tasks to queue
[2025-05-02T19:37:10.731+0000] {logging_mixin.py:188} INFO - [2025-05-02T19:37:10.730+0000] {dagbag.py:540} INFO - Filling up the DagBag from /home/airflow/.local/lib/python3.12/site-packages/airflow/example_dags/example_short_circuit_operator.py
[2025-05-02T19:37:10.737+0000] {processor.py:840} INFO - DAG(s) 'example_short_circuit_operator' retrieved from /home/airflow/.local/lib/python3.12/site-packages/airflow/example_dags/example_short_circuit_operator.py
[2025-05-02T19:37:10.757+0000] {logging_mixin.py:188} INFO - [2025-05-02T19:37:10.757+0000] {dag.py:3096} INFO - Sync 1 DAGs
[2025-05-02T19:37:10.776+0000] {logging_mixin.py:188} INFO - [2025-05-02T19:37:10.776+0000] {dag.py:3954} INFO - Setting next_dagrun for example_short_circuit_operator to 2025-05-01 00:00:00+00:00, run_after=2025-05-02 00:00:00+00:00
[2025-05-02T19:37:10.793+0000] {processor.py:183} INFO - Processing /home/airflow/.local/lib/python3.12/site-packages/airflow/example_dags/example_short_circuit_operator.py took 0.070 seconds
[2025-05-02T19:37:41.141+0000] {processor.py:161} INFO - Started process (PID=577) to work on /home/airflow/.local/lib/python3.12/site-packages/airflow/example_dags/example_short_circuit_operator.py
[2025-05-02T19:37:41.142+0000] {processor.py:830} INFO - Processing file /home/airflow/.local/lib/python3.12/site-packages/airflow/example_dags/example_short_circuit_operator.py for tasks to queue
[2025-05-02T19:37:41.144+0000] {logging_mixin.py:188} INFO - [2025-05-02T19:37:41.143+0000] {dagbag.py:540} INFO - Filling up the DagBag from /home/airflow/.local/lib/python3.12/site-packages/airflow/example_dags/example_short_circuit_operator.py
[2025-05-02T19:37:41.151+0000] {processor.py:840} INFO - DAG(s) 'example_short_circuit_operator' retrieved from /home/airflow/.local/lib/python3.12/site-packages/airflow/example_dags/example_short_circuit_operator.py
[2025-05-02T19:37:41.170+0000] {logging_mixin.py:188} INFO - [2025-05-02T19:37:41.170+0000] {dag.py:3096} INFO - Sync 1 DAGs
[2025-05-02T19:37:41.190+0000] {logging_mixin.py:188} INFO - [2025-05-02T19:37:41.190+0000] {dag.py:3954} INFO - Setting next_dagrun for example_short_circuit_operator to 2025-05-01 00:00:00+00:00, run_after=2025-05-02 00:00:00+00:00
[2025-05-02T19:37:41.207+0000] {processor.py:183} INFO - Processing /home/airflow/.local/lib/python3.12/site-packages/airflow/example_dags/example_short_circuit_operator.py took 0.071 seconds
[2025-05-02T19:38:11.443+0000] {processor.py:161} INFO - Started process (PID=635) to work on /home/airflow/.local/lib/python3.12/site-packages/airflow/example_dags/example_short_circuit_operator.py
[2025-05-02T19:38:11.445+0000] {processor.py:830} INFO - Processing file /home/airflow/.local/lib/python3.12/site-packages/airflow/example_dags/example_short_circuit_operator.py for tasks to queue
[2025-05-02T19:38:11.446+0000] {logging_mixin.py:188} INFO - [2025-05-02T19:38:11.446+0000] {dagbag.py:540} INFO - Filling up the DagBag from /home/airflow/.local/lib/python3.12/site-packages/airflow/example_dags/example_short_circuit_operator.py
[2025-05-02T19:38:11.452+0000] {processor.py:840} INFO - DAG(s) 'example_short_circuit_operator' retrieved from /home/airflow/.local/lib/python3.12/site-packages/airflow/example_dags/example_short_circuit_operator.py
[2025-05-02T19:38:11.473+0000] {logging_mixin.py:188} INFO - [2025-05-02T19:38:11.473+0000] {dag.py:3096} INFO - Sync 1 DAGs
[2025-05-02T19:38:11.491+0000] {logging_mixin.py:188} INFO - [2025-05-02T19:38:11.491+0000] {dag.py:3954} INFO - Setting next_dagrun for example_short_circuit_operator to 2025-05-01 00:00:00+00:00, run_after=2025-05-02 00:00:00+00:00
[2025-05-02T19:38:11.509+0000] {processor.py:183} INFO - Processing /home/airflow/.local/lib/python3.12/site-packages/airflow/example_dags/example_short_circuit_operator.py took 0.071 seconds
[2025-05-02T19:38:44.007+0000] {processor.py:161} INFO - Started process (PID=693) to work on /home/airflow/.local/lib/python3.12/site-packages/airflow/example_dags/example_short_circuit_operator.py
[2025-05-02T19:38:44.008+0000] {processor.py:830} INFO - Processing file /home/airflow/.local/lib/python3.12/site-packages/airflow/example_dags/example_short_circuit_operator.py for tasks to queue
[2025-05-02T19:38:44.009+0000] {logging_mixin.py:188} INFO - [2025-05-02T19:38:44.009+0000] {dagbag.py:540} INFO - Filling up the DagBag from /home/airflow/.local/lib/python3.12/site-packages/airflow/example_dags/example_short_circuit_operator.py
[2025-05-02T19:38:44.015+0000] {processor.py:840} INFO - DAG(s) 'example_short_circuit_operator' retrieved from /home/airflow/.local/lib/python3.12/site-packages/airflow/example_dags/example_short_circuit_operator.py
[2025-05-02T19:38:44.036+0000] {logging_mixin.py:188} INFO - [2025-05-02T19:38:44.036+0000] {dag.py:3096} INFO - Sync 1 DAGs
[2025-05-02T19:38:44.053+0000] {logging_mixin.py:188} INFO - [2025-05-02T19:38:44.053+0000] {dag.py:3954} INFO - Setting next_dagrun for example_short_circuit_operator to 2025-05-01 00:00:00+00:00, run_after=2025-05-02 00:00:00+00:00
[2025-05-02T19:38:44.071+0000] {processor.py:183} INFO - Processing /home/airflow/.local/lib/python3.12/site-packages/airflow/example_dags/example_short_circuit_operator.py took 0.069 seconds
[2025-05-02T19:39:14.605+0000] {processor.py:161} INFO - Started process (PID=751) to work on /home/airflow/.local/lib/python3.12/site-packages/airflow/example_dags/example_short_circuit_operator.py
[2025-05-02T19:39:14.606+0000] {processor.py:830} INFO - Processing file /home/airflow/.local/lib/python3.12/site-packages/airflow/example_dags/example_short_circuit_operator.py for tasks to queue
[2025-05-02T19:39:14.607+0000] {logging_mixin.py:188} INFO - [2025-05-02T19:39:14.607+0000] {dagbag.py:540} INFO - Filling up the DagBag from /home/airflow/.local/lib/python3.12/site-packages/airflow/example_dags/example_short_circuit_operator.py
[2025-05-02T19:39:14.613+0000] {processor.py:840} INFO - DAG(s) 'example_short_circuit_operator' retrieved from /home/airflow/.local/lib/python3.12/site-packages/airflow/example_dags/example_short_circuit_operator.py
[2025-05-02T19:39:14.632+0000] {logging_mixin.py:188} INFO - [2025-05-02T19:39:14.632+0000] {dag.py:3096} INFO - Sync 1 DAGs
[2025-05-02T19:39:14.651+0000] {logging_mixin.py:188} INFO - [2025-05-02T19:39:14.651+0000] {dag.py:3954} INFO - Setting next_dagrun for example_short_circuit_operator to 2025-05-01 00:00:00+00:00, run_after=2025-05-02 00:00:00+00:00
[2025-05-02T19:39:14.670+0000] {processor.py:183} INFO - Processing /home/airflow/.local/lib/python3.12/site-packages/airflow/example_dags/example_short_circuit_operator.py took 0.070 seconds
[2025-05-02T19:39:44.823+0000] {processor.py:161} INFO - Started process (PID=809) to work on /home/airflow/.local/lib/python3.12/site-packages/airflow/example_dags/example_short_circuit_operator.py
[2025-05-02T19:39:44.823+0000] {processor.py:830} INFO - Processing file /home/airflow/.local/lib/python3.12/site-packages/airflow/example_dags/example_short_circuit_operator.py for tasks to queue
[2025-05-02T19:39:44.825+0000] {logging_mixin.py:188} INFO - [2025-05-02T19:39:44.825+0000] {dagbag.py:540} INFO - Filling up the DagBag from /home/airflow/.local/lib/python3.12/site-packages/airflow/example_dags/example_short_circuit_operator.py
[2025-05-02T19:39:44.832+0000] {processor.py:840} INFO - DAG(s) 'example_short_circuit_operator' retrieved from /home/airflow/.local/lib/python3.12/site-packages/airflow/example_dags/example_short_circuit_operator.py
[2025-05-02T19:39:44.850+0000] {logging_mixin.py:188} INFO - [2025-05-02T19:39:44.850+0000] {dag.py:3096} INFO - Sync 1 DAGs
[2025-05-02T19:39:44.869+0000] {logging_mixin.py:188} INFO - [2025-05-02T19:39:44.869+0000] {dag.py:3954} INFO - Setting next_dagrun for example_short_circuit_operator to 2025-05-01 00:00:00+00:00, run_after=2025-05-02 00:00:00+00:00
[2025-05-02T19:39:44.883+0000] {processor.py:183} INFO - Processing /home/airflow/.local/lib/python3.12/site-packages/airflow/example_dags/example_short_circuit_operator.py took 0.067 seconds
[2025-05-02T19:40:15.440+0000] {processor.py:161} INFO - Started process (PID=867) to work on /home/airflow/.local/lib/python3.12/site-packages/airflow/example_dags/example_short_circuit_operator.py
[2025-05-02T19:40:15.440+0000] {processor.py:830} INFO - Processing file /home/airflow/.local/lib/python3.12/site-packages/airflow/example_dags/example_short_circuit_operator.py for tasks to queue
[2025-05-02T19:40:15.443+0000] {logging_mixin.py:188} INFO - [2025-05-02T19:40:15.442+0000] {dagbag.py:540} INFO - Filling up the DagBag from /home/airflow/.local/lib/python3.12/site-packages/airflow/example_dags/example_short_circuit_operator.py
[2025-05-02T19:40:15.452+0000] {processor.py:840} INFO - DAG(s) 'example_short_circuit_operator' retrieved from /home/airflow/.local/lib/python3.12/site-packages/airflow/example_dags/example_short_circuit_operator.py
[2025-05-02T19:40:15.478+0000] {logging_mixin.py:188} INFO - [2025-05-02T19:40:15.478+0000] {dag.py:3096} INFO - Sync 1 DAGs
[2025-05-02T19:40:15.499+0000] {logging_mixin.py:188} INFO - [2025-05-02T19:40:15.499+0000] {dag.py:3954} INFO - Setting next_dagrun for example_short_circuit_operator to 2025-05-01 00:00:00+00:00, run_after=2025-05-02 00:00:00+00:00
[2025-05-02T19:40:15.517+0000] {processor.py:183} INFO - Processing /home/airflow/.local/lib/python3.12/site-packages/airflow/example_dags/example_short_circuit_operator.py took 0.084 seconds
[2025-05-02T19:40:46.093+0000] {processor.py:161} INFO - Started process (PID=925) to work on /home/airflow/.local/lib/python3.12/site-packages/airflow/example_dags/example_short_circuit_operator.py
[2025-05-02T19:40:46.094+0000] {processor.py:830} INFO - Processing file /home/airflow/.local/lib/python3.12/site-packages/airflow/example_dags/example_short_circuit_operator.py for tasks to queue
[2025-05-02T19:40:46.096+0000] {logging_mixin.py:188} INFO - [2025-05-02T19:40:46.096+0000] {dagbag.py:540} INFO - Filling up the DagBag from /home/airflow/.local/lib/python3.12/site-packages/airflow/example_dags/example_short_circuit_operator.py
[2025-05-02T19:40:46.103+0000] {processor.py:840} INFO - DAG(s) 'example_short_circuit_operator' retrieved from /home/airflow/.local/lib/python3.12/site-packages/airflow/example_dags/example_short_circuit_operator.py
[2025-05-02T19:40:46.128+0000] {logging_mixin.py:188} INFO - [2025-05-02T19:40:46.128+0000] {dag.py:3096} INFO - Sync 1 DAGs
[2025-05-02T19:40:46.153+0000] {logging_mixin.py:188} INFO - [2025-05-02T19:40:46.153+0000] {dag.py:3954} INFO - Setting next_dagrun for example_short_circuit_operator to 2025-05-01 00:00:00+00:00, run_after=2025-05-02 00:00:00+00:00
[2025-05-02T19:40:46.174+0000] {processor.py:183} INFO - Processing /home/airflow/.local/lib/python3.12/site-packages/airflow/example_dags/example_short_circuit_operator.py took 0.087 seconds
[2025-05-02T19:41:16.598+0000] {processor.py:161} INFO - Started process (PID=977) to work on /home/airflow/.local/lib/python3.12/site-packages/airflow/example_dags/example_short_circuit_operator.py
[2025-05-02T19:41:16.600+0000] {processor.py:830} INFO - Processing file /home/airflow/.local/lib/python3.12/site-packages/airflow/example_dags/example_short_circuit_operator.py for tasks to queue
[2025-05-02T19:41:16.604+0000] {logging_mixin.py:188} INFO - [2025-05-02T19:41:16.603+0000] {dagbag.py:540} INFO - Filling up the DagBag from /home/airflow/.local/lib/python3.12/site-packages/airflow/example_dags/example_short_circuit_operator.py
[2025-05-02T19:41:16.612+0000] {processor.py:840} INFO - DAG(s) 'example_short_circuit_operator' retrieved from /home/airflow/.local/lib/python3.12/site-packages/airflow/example_dags/example_short_circuit_operator.py
[2025-05-02T19:41:16.639+0000] {logging_mixin.py:188} INFO - [2025-05-02T19:41:16.639+0000] {dag.py:3096} INFO - Sync 1 DAGs
[2025-05-02T19:41:16.661+0000] {logging_mixin.py:188} INFO - [2025-05-02T19:41:16.661+0000] {dag.py:3954} INFO - Setting next_dagrun for example_short_circuit_operator to 2025-05-01 00:00:00+00:00, run_after=2025-05-02 00:00:00+00:00
[2025-05-02T19:41:16.680+0000] {processor.py:183} INFO - Processing /home/airflow/.local/lib/python3.12/site-packages/airflow/example_dags/example_short_circuit_operator.py took 0.088 seconds
[2025-05-02T19:41:47.260+0000] {processor.py:161} INFO - Started process (PID=1035) to work on /home/airflow/.local/lib/python3.12/site-packages/airflow/example_dags/example_short_circuit_operator.py
[2025-05-02T19:41:47.261+0000] {processor.py:830} INFO - Processing file /home/airflow/.local/lib/python3.12/site-packages/airflow/example_dags/example_short_circuit_operator.py for tasks to queue
[2025-05-02T19:41:47.263+0000] {logging_mixin.py:188} INFO - [2025-05-02T19:41:47.262+0000] {dagbag.py:540} INFO - Filling up the DagBag from /home/airflow/.local/lib/python3.12/site-packages/airflow/example_dags/example_short_circuit_operator.py
[2025-05-02T19:41:47.271+0000] {processor.py:840} INFO - DAG(s) 'example_short_circuit_operator' retrieved from /home/airflow/.local/lib/python3.12/site-packages/airflow/example_dags/example_short_circuit_operator.py
[2025-05-02T19:41:47.297+0000] {logging_mixin.py:188} INFO - [2025-05-02T19:41:47.297+0000] {dag.py:3096} INFO - Sync 1 DAGs
[2025-05-02T19:41:47.323+0000] {logging_mixin.py:188} INFO - [2025-05-02T19:41:47.323+0000] {dag.py:3954} INFO - Setting next_dagrun for example_short_circuit_operator to 2025-05-01 00:00:00+00:00, run_after=2025-05-02 00:00:00+00:00
[2025-05-02T19:41:47.348+0000] {processor.py:183} INFO - Processing /home/airflow/.local/lib/python3.12/site-packages/airflow/example_dags/example_short_circuit_operator.py took 0.093 seconds
[2025-05-02T19:42:17.795+0000] {processor.py:161} INFO - Started process (PID=1093) to work on /home/airflow/.local/lib/python3.12/site-packages/airflow/example_dags/example_short_circuit_operator.py
[2025-05-02T19:42:17.796+0000] {processor.py:830} INFO - Processing file /home/airflow/.local/lib/python3.12/site-packages/airflow/example_dags/example_short_circuit_operator.py for tasks to queue
[2025-05-02T19:42:17.797+0000] {logging_mixin.py:188} INFO - [2025-05-02T19:42:17.797+0000] {dagbag.py:540} INFO - Filling up the DagBag from /home/airflow/.local/lib/python3.12/site-packages/airflow/example_dags/example_short_circuit_operator.py
[2025-05-02T19:42:17.804+0000] {processor.py:840} INFO - DAG(s) 'example_short_circuit_operator' retrieved from /home/airflow/.local/lib/python3.12/site-packages/airflow/example_dags/example_short_circuit_operator.py
[2025-05-02T19:42:17.825+0000] {logging_mixin.py:188} INFO - [2025-05-02T19:42:17.825+0000] {dag.py:3096} INFO - Sync 1 DAGs
[2025-05-02T19:42:17.843+0000] {logging_mixin.py:188} INFO - [2025-05-02T19:42:17.842+0000] {dag.py:3954} INFO - Setting next_dagrun for example_short_circuit_operator to 2025-05-01 00:00:00+00:00, run_after=2025-05-02 00:00:00+00:00
[2025-05-02T19:42:17.859+0000] {processor.py:183} INFO - Processing /home/airflow/.local/lib/python3.12/site-packages/airflow/example_dags/example_short_circuit_operator.py took 0.069 seconds
[2025-05-02T19:42:49.498+0000] {processor.py:161} INFO - Started process (PID=1151) to work on /home/airflow/.local/lib/python3.12/site-packages/airflow/example_dags/example_short_circuit_operator.py
[2025-05-02T19:42:49.499+0000] {processor.py:830} INFO - Processing file /home/airflow/.local/lib/python3.12/site-packages/airflow/example_dags/example_short_circuit_operator.py for tasks to queue
[2025-05-02T19:42:49.501+0000] {logging_mixin.py:188} INFO - [2025-05-02T19:42:49.501+0000] {dagbag.py:540} INFO - Filling up the DagBag from /home/airflow/.local/lib/python3.12/site-packages/airflow/example_dags/example_short_circuit_operator.py
[2025-05-02T19:42:49.507+0000] {processor.py:840} INFO - DAG(s) 'example_short_circuit_operator' retrieved from /home/airflow/.local/lib/python3.12/site-packages/airflow/example_dags/example_short_circuit_operator.py
[2025-05-02T19:42:49.528+0000] {logging_mixin.py:188} INFO - [2025-05-02T19:42:49.528+0000] {dag.py:3096} INFO - Sync 1 DAGs
[2025-05-02T19:42:49.548+0000] {logging_mixin.py:188} INFO - [2025-05-02T19:42:49.548+0000] {dag.py:3954} INFO - Setting next_dagrun for example_short_circuit_operator to 2025-05-01 00:00:00+00:00, run_after=2025-05-02 00:00:00+00:00
[2025-05-02T19:42:49.566+0000] {processor.py:183} INFO - Processing /home/airflow/.local/lib/python3.12/site-packages/airflow/example_dags/example_short_circuit_operator.py took 0.072 seconds
[2025-05-02T19:43:19.783+0000] {processor.py:161} INFO - Started process (PID=1211) to work on /home/airflow/.local/lib/python3.12/site-packages/airflow/example_dags/example_short_circuit_operator.py
[2025-05-02T19:43:19.784+0000] {processor.py:830} INFO - Processing file /home/airflow/.local/lib/python3.12/site-packages/airflow/example_dags/example_short_circuit_operator.py for tasks to queue
[2025-05-02T19:43:19.786+0000] {logging_mixin.py:188} INFO - [2025-05-02T19:43:19.786+0000] {dagbag.py:540} INFO - Filling up the DagBag from /home/airflow/.local/lib/python3.12/site-packages/airflow/example_dags/example_short_circuit_operator.py
[2025-05-02T19:43:19.791+0000] {processor.py:840} INFO - DAG(s) 'example_short_circuit_operator' retrieved from /home/airflow/.local/lib/python3.12/site-packages/airflow/example_dags/example_short_circuit_operator.py
[2025-05-02T19:43:19.809+0000] {logging_mixin.py:188} INFO - [2025-05-02T19:43:19.809+0000] {dag.py:3096} INFO - Sync 1 DAGs
[2025-05-02T19:43:19.827+0000] {logging_mixin.py:188} INFO - [2025-05-02T19:43:19.826+0000] {dag.py:3954} INFO - Setting next_dagrun for example_short_circuit_operator to 2025-05-01 00:00:00+00:00, run_after=2025-05-02 00:00:00+00:00
[2025-05-02T19:43:19.841+0000] {processor.py:183} INFO - Processing /home/airflow/.local/lib/python3.12/site-packages/airflow/example_dags/example_short_circuit_operator.py took 0.062 seconds
[2025-05-02T19:43:50.479+0000] {processor.py:161} INFO - Started process (PID=1271) to work on /home/airflow/.local/lib/python3.12/site-packages/airflow/example_dags/example_short_circuit_operator.py
[2025-05-02T19:43:50.480+0000] {processor.py:830} INFO - Processing file /home/airflow/.local/lib/python3.12/site-packages/airflow/example_dags/example_short_circuit_operator.py for tasks to queue
[2025-05-02T19:43:50.482+0000] {logging_mixin.py:188} INFO - [2025-05-02T19:43:50.482+0000] {dagbag.py:540} INFO - Filling up the DagBag from /home/airflow/.local/lib/python3.12/site-packages/airflow/example_dags/example_short_circuit_operator.py
[2025-05-02T19:43:50.488+0000] {processor.py:840} INFO - DAG(s) 'example_short_circuit_operator' retrieved from /home/airflow/.local/lib/python3.12/site-packages/airflow/example_dags/example_short_circuit_operator.py
[2025-05-02T19:43:50.508+0000] {logging_mixin.py:188} INFO - [2025-05-02T19:43:50.508+0000] {dag.py:3096} INFO - Sync 1 DAGs
[2025-05-02T19:43:50.528+0000] {logging_mixin.py:188} INFO - [2025-05-02T19:43:50.528+0000] {dag.py:3954} INFO - Setting next_dagrun for example_short_circuit_operator to 2025-05-01 00:00:00+00:00, run_after=2025-05-02 00:00:00+00:00
[2025-05-02T19:43:50.547+0000] {processor.py:183} INFO - Processing /home/airflow/.local/lib/python3.12/site-packages/airflow/example_dags/example_short_circuit_operator.py took 0.072 seconds
[2025-05-02T19:44:21.682+0000] {processor.py:161} INFO - Started process (PID=1366) to work on /home/airflow/.local/lib/python3.12/site-packages/airflow/example_dags/example_short_circuit_operator.py
[2025-05-02T19:44:21.684+0000] {processor.py:830} INFO - Processing file /home/airflow/.local/lib/python3.12/site-packages/airflow/example_dags/example_short_circuit_operator.py for tasks to queue
[2025-05-02T19:44:21.687+0000] {logging_mixin.py:188} INFO - [2025-05-02T19:44:21.686+0000] {dagbag.py:540} INFO - Filling up the DagBag from /home/airflow/.local/lib/python3.12/site-packages/airflow/example_dags/example_short_circuit_operator.py
[2025-05-02T19:44:21.722+0000] {processor.py:840} INFO - DAG(s) 'example_short_circuit_operator' retrieved from /home/airflow/.local/lib/python3.12/site-packages/airflow/example_dags/example_short_circuit_operator.py
[2025-05-02T19:44:21.839+0000] {logging_mixin.py:188} INFO - [2025-05-02T19:44:21.838+0000] {dag.py:3096} INFO - Sync 1 DAGs
[2025-05-02T19:44:21.902+0000] {logging_mixin.py:188} INFO - [2025-05-02T19:44:21.902+0000] {dag.py:3954} INFO - Setting next_dagrun for example_short_circuit_operator to 2025-05-01 00:00:00+00:00, run_after=2025-05-02 00:00:00+00:00
[2025-05-02T19:44:21.992+0000] {processor.py:183} INFO - Processing /home/airflow/.local/lib/python3.12/site-packages/airflow/example_dags/example_short_circuit_operator.py took 0.324 seconds
[2025-05-02T19:44:53.163+0000] {processor.py:161} INFO - Started process (PID=1468) to work on /home/airflow/.local/lib/python3.12/site-packages/airflow/example_dags/example_short_circuit_operator.py
[2025-05-02T19:44:53.165+0000] {processor.py:830} INFO - Processing file /home/airflow/.local/lib/python3.12/site-packages/airflow/example_dags/example_short_circuit_operator.py for tasks to queue
[2025-05-02T19:44:53.168+0000] {logging_mixin.py:188} INFO - [2025-05-02T19:44:53.168+0000] {dagbag.py:540} INFO - Filling up the DagBag from /home/airflow/.local/lib/python3.12/site-packages/airflow/example_dags/example_short_circuit_operator.py
[2025-05-02T19:44:53.188+0000] {processor.py:840} INFO - DAG(s) 'example_short_circuit_operator' retrieved from /home/airflow/.local/lib/python3.12/site-packages/airflow/example_dags/example_short_circuit_operator.py
[2025-05-02T19:44:53.236+0000] {logging_mixin.py:188} INFO - [2025-05-02T19:44:53.235+0000] {dag.py:3096} INFO - Sync 1 DAGs
[2025-05-02T19:44:53.286+0000] {logging_mixin.py:188} INFO - [2025-05-02T19:44:53.285+0000] {dag.py:3954} INFO - Setting next_dagrun for example_short_circuit_operator to 2025-05-01 00:00:00+00:00, run_after=2025-05-02 00:00:00+00:00
[2025-05-02T19:44:53.374+0000] {processor.py:183} INFO - Processing /home/airflow/.local/lib/python3.12/site-packages/airflow/example_dags/example_short_circuit_operator.py took 0.224 seconds
[2025-05-02T19:45:24.100+0000] {processor.py:161} INFO - Started process (PID=1558) to work on /home/airflow/.local/lib/python3.12/site-packages/airflow/example_dags/example_short_circuit_operator.py
[2025-05-02T19:45:24.105+0000] {processor.py:830} INFO - Processing file /home/airflow/.local/lib/python3.12/site-packages/airflow/example_dags/example_short_circuit_operator.py for tasks to queue
[2025-05-02T19:45:24.114+0000] {logging_mixin.py:188} INFO - [2025-05-02T19:45:24.113+0000] {dagbag.py:540} INFO - Filling up the DagBag from /home/airflow/.local/lib/python3.12/site-packages/airflow/example_dags/example_short_circuit_operator.py
[2025-05-02T19:45:24.147+0000] {processor.py:840} INFO - DAG(s) 'example_short_circuit_operator' retrieved from /home/airflow/.local/lib/python3.12/site-packages/airflow/example_dags/example_short_circuit_operator.py
[2025-05-02T19:45:24.245+0000] {logging_mixin.py:188} INFO - [2025-05-02T19:45:24.244+0000] {dag.py:3096} INFO - Sync 1 DAGs
[2025-05-02T19:45:24.348+0000] {logging_mixin.py:188} INFO - [2025-05-02T19:45:24.348+0000] {dag.py:3954} INFO - Setting next_dagrun for example_short_circuit_operator to 2025-05-01 00:00:00+00:00, run_after=2025-05-02 00:00:00+00:00
[2025-05-02T19:45:24.520+0000] {processor.py:183} INFO - Processing /home/airflow/.local/lib/python3.12/site-packages/airflow/example_dags/example_short_circuit_operator.py took 0.441 seconds
[2025-05-02T19:45:55.424+0000] {processor.py:161} INFO - Started process (PID=1660) to work on /home/airflow/.local/lib/python3.12/site-packages/airflow/example_dags/example_short_circuit_operator.py
[2025-05-02T19:45:55.452+0000] {processor.py:830} INFO - Processing file /home/airflow/.local/lib/python3.12/site-packages/airflow/example_dags/example_short_circuit_operator.py for tasks to queue
[2025-05-02T19:45:55.456+0000] {logging_mixin.py:188} INFO - [2025-05-02T19:45:55.455+0000] {dagbag.py:540} INFO - Filling up the DagBag from /home/airflow/.local/lib/python3.12/site-packages/airflow/example_dags/example_short_circuit_operator.py
[2025-05-02T19:45:55.481+0000] {processor.py:840} INFO - DAG(s) 'example_short_circuit_operator' retrieved from /home/airflow/.local/lib/python3.12/site-packages/airflow/example_dags/example_short_circuit_operator.py
[2025-05-02T19:45:55.633+0000] {logging_mixin.py:188} INFO - [2025-05-02T19:45:55.631+0000] {dag.py:3096} INFO - Sync 1 DAGs
[2025-05-02T19:45:55.687+0000] {logging_mixin.py:188} INFO - [2025-05-02T19:45:55.687+0000] {dag.py:3954} INFO - Setting next_dagrun for example_short_circuit_operator to 2025-05-01 00:00:00+00:00, run_after=2025-05-02 00:00:00+00:00
[2025-05-02T19:45:55.803+0000] {processor.py:183} INFO - Processing /home/airflow/.local/lib/python3.12/site-packages/airflow/example_dags/example_short_circuit_operator.py took 0.416 seconds
[2025-05-02T19:46:26.001+0000] {processor.py:161} INFO - Started process (PID=1763) to work on /home/airflow/.local/lib/python3.12/site-packages/airflow/example_dags/example_short_circuit_operator.py
[2025-05-02T19:46:26.002+0000] {processor.py:830} INFO - Processing file /home/airflow/.local/lib/python3.12/site-packages/airflow/example_dags/example_short_circuit_operator.py for tasks to queue
[2025-05-02T19:46:26.016+0000] {logging_mixin.py:188} INFO - [2025-05-02T19:46:26.015+0000] {dagbag.py:540} INFO - Filling up the DagBag from /home/airflow/.local/lib/python3.12/site-packages/airflow/example_dags/example_short_circuit_operator.py
[2025-05-02T19:46:26.033+0000] {processor.py:840} INFO - DAG(s) 'example_short_circuit_operator' retrieved from /home/airflow/.local/lib/python3.12/site-packages/airflow/example_dags/example_short_circuit_operator.py
[2025-05-02T19:46:26.090+0000] {logging_mixin.py:188} INFO - [2025-05-02T19:46:26.089+0000] {dag.py:3096} INFO - Sync 1 DAGs
[2025-05-02T19:46:26.149+0000] {logging_mixin.py:188} INFO - [2025-05-02T19:46:26.148+0000] {dag.py:3954} INFO - Setting next_dagrun for example_short_circuit_operator to 2025-05-01 00:00:00+00:00, run_after=2025-05-02 00:00:00+00:00
[2025-05-02T19:46:26.254+0000] {processor.py:183} INFO - Processing /home/airflow/.local/lib/python3.12/site-packages/airflow/example_dags/example_short_circuit_operator.py took 0.265 seconds
[2025-05-02T19:46:57.218+0000] {processor.py:161} INFO - Started process (PID=1884) to work on /home/airflow/.local/lib/python3.12/site-packages/airflow/example_dags/example_short_circuit_operator.py
[2025-05-02T19:46:57.221+0000] {processor.py:830} INFO - Processing file /home/airflow/.local/lib/python3.12/site-packages/airflow/example_dags/example_short_circuit_operator.py for tasks to queue
[2025-05-02T19:46:57.225+0000] {logging_mixin.py:188} INFO - [2025-05-02T19:46:57.225+0000] {dagbag.py:540} INFO - Filling up the DagBag from /home/airflow/.local/lib/python3.12/site-packages/airflow/example_dags/example_short_circuit_operator.py
[2025-05-02T19:46:57.254+0000] {processor.py:840} INFO - DAG(s) 'example_short_circuit_operator' retrieved from /home/airflow/.local/lib/python3.12/site-packages/airflow/example_dags/example_short_circuit_operator.py
[2025-05-02T19:46:57.310+0000] {logging_mixin.py:188} INFO - [2025-05-02T19:46:57.310+0000] {dag.py:3096} INFO - Sync 1 DAGs
[2025-05-02T19:46:57.367+0000] {logging_mixin.py:188} INFO - [2025-05-02T19:46:57.366+0000] {dag.py:3954} INFO - Setting next_dagrun for example_short_circuit_operator to 2025-05-01 00:00:00+00:00, run_after=2025-05-02 00:00:00+00:00
[2025-05-02T19:46:57.428+0000] {processor.py:183} INFO - Processing /home/airflow/.local/lib/python3.12/site-packages/airflow/example_dags/example_short_circuit_operator.py took 0.234 seconds
[2025-05-02T19:47:32.480+0000] {processor.py:161} INFO - Started process (PID=1982) to work on /home/airflow/.local/lib/python3.12/site-packages/airflow/example_dags/example_short_circuit_operator.py
[2025-05-02T19:47:32.504+0000] {processor.py:830} INFO - Processing file /home/airflow/.local/lib/python3.12/site-packages/airflow/example_dags/example_short_circuit_operator.py for tasks to queue
[2025-05-02T19:47:32.512+0000] {logging_mixin.py:188} INFO - [2025-05-02T19:47:32.511+0000] {dagbag.py:540} INFO - Filling up the DagBag from /home/airflow/.local/lib/python3.12/site-packages/airflow/example_dags/example_short_circuit_operator.py
[2025-05-02T19:47:32.531+0000] {processor.py:840} INFO - DAG(s) 'example_short_circuit_operator' retrieved from /home/airflow/.local/lib/python3.12/site-packages/airflow/example_dags/example_short_circuit_operator.py
[2025-05-02T19:47:32.644+0000] {logging_mixin.py:188} INFO - [2025-05-02T19:47:32.643+0000] {dag.py:3096} INFO - Sync 1 DAGs
[2025-05-02T19:47:32.759+0000] {logging_mixin.py:188} INFO - [2025-05-02T19:47:32.758+0000] {dag.py:3954} INFO - Setting next_dagrun for example_short_circuit_operator to 2025-05-01 00:00:00+00:00, run_after=2025-05-02 00:00:00+00:00
[2025-05-02T19:47:32.926+0000] {processor.py:183} INFO - Processing /home/airflow/.local/lib/python3.12/site-packages/airflow/example_dags/example_short_circuit_operator.py took 0.473 seconds
[2025-05-02T19:48:05.671+0000] {processor.py:161} INFO - Started process (PID=2085) to work on /home/airflow/.local/lib/python3.12/site-packages/airflow/example_dags/example_short_circuit_operator.py
[2025-05-02T19:48:05.673+0000] {processor.py:830} INFO - Processing file /home/airflow/.local/lib/python3.12/site-packages/airflow/example_dags/example_short_circuit_operator.py for tasks to queue
[2025-05-02T19:48:05.678+0000] {logging_mixin.py:188} INFO - [2025-05-02T19:48:05.677+0000] {dagbag.py:540} INFO - Filling up the DagBag from /home/airflow/.local/lib/python3.12/site-packages/airflow/example_dags/example_short_circuit_operator.py
[2025-05-02T19:48:05.708+0000] {processor.py:840} INFO - DAG(s) 'example_short_circuit_operator' retrieved from /home/airflow/.local/lib/python3.12/site-packages/airflow/example_dags/example_short_circuit_operator.py
[2025-05-02T19:48:05.847+0000] {logging_mixin.py:188} INFO - [2025-05-02T19:48:05.846+0000] {dag.py:3096} INFO - Sync 1 DAGs
[2025-05-02T19:48:05.951+0000] {logging_mixin.py:188} INFO - [2025-05-02T19:48:05.950+0000] {dag.py:3954} INFO - Setting next_dagrun for example_short_circuit_operator to 2025-05-01 00:00:00+00:00, run_after=2025-05-02 00:00:00+00:00
[2025-05-02T19:48:06.022+0000] {processor.py:183} INFO - Processing /home/airflow/.local/lib/python3.12/site-packages/airflow/example_dags/example_short_circuit_operator.py took 0.366 seconds
[2025-05-02T19:48:36.162+0000] {processor.py:161} INFO - Started process (PID=2173) to work on /home/airflow/.local/lib/python3.12/site-packages/airflow/example_dags/example_short_circuit_operator.py
[2025-05-02T19:48:36.164+0000] {processor.py:830} INFO - Processing file /home/airflow/.local/lib/python3.12/site-packages/airflow/example_dags/example_short_circuit_operator.py for tasks to queue
[2025-05-02T19:48:36.193+0000] {logging_mixin.py:188} INFO - [2025-05-02T19:48:36.192+0000] {dagbag.py:540} INFO - Filling up the DagBag from /home/airflow/.local/lib/python3.12/site-packages/airflow/example_dags/example_short_circuit_operator.py
[2025-05-02T19:48:36.231+0000] {processor.py:840} INFO - DAG(s) 'example_short_circuit_operator' retrieved from /home/airflow/.local/lib/python3.12/site-packages/airflow/example_dags/example_short_circuit_operator.py
[2025-05-02T19:48:36.369+0000] {logging_mixin.py:188} INFO - [2025-05-02T19:48:36.368+0000] {dag.py:3096} INFO - Sync 1 DAGs
[2025-05-02T19:48:36.445+0000] {logging_mixin.py:188} INFO - [2025-05-02T19:48:36.445+0000] {dag.py:3954} INFO - Setting next_dagrun for example_short_circuit_operator to 2025-05-01 00:00:00+00:00, run_after=2025-05-02 00:00:00+00:00
[2025-05-02T19:48:36.645+0000] {processor.py:183} INFO - Processing /home/airflow/.local/lib/python3.12/site-packages/airflow/example_dags/example_short_circuit_operator.py took 0.507 seconds
[2025-05-02T19:49:06.874+0000] {processor.py:161} INFO - Started process (PID=2259) to work on /home/airflow/.local/lib/python3.12/site-packages/airflow/example_dags/example_short_circuit_operator.py
[2025-05-02T19:49:06.875+0000] {processor.py:830} INFO - Processing file /home/airflow/.local/lib/python3.12/site-packages/airflow/example_dags/example_short_circuit_operator.py for tasks to queue
[2025-05-02T19:49:06.878+0000] {logging_mixin.py:188} INFO - [2025-05-02T19:49:06.878+0000] {dagbag.py:540} INFO - Filling up the DagBag from /home/airflow/.local/lib/python3.12/site-packages/airflow/example_dags/example_short_circuit_operator.py
[2025-05-02T19:49:06.901+0000] {processor.py:840} INFO - DAG(s) 'example_short_circuit_operator' retrieved from /home/airflow/.local/lib/python3.12/site-packages/airflow/example_dags/example_short_circuit_operator.py
[2025-05-02T19:49:07.030+0000] {logging_mixin.py:188} INFO - [2025-05-02T19:49:07.030+0000] {dag.py:3096} INFO - Sync 1 DAGs
[2025-05-02T19:49:07.185+0000] {logging_mixin.py:188} INFO - [2025-05-02T19:49:07.185+0000] {dag.py:3954} INFO - Setting next_dagrun for example_short_circuit_operator to 2025-05-01 00:00:00+00:00, run_after=2025-05-02 00:00:00+00:00
[2025-05-02T19:49:07.754+0000] {processor.py:183} INFO - Processing /home/airflow/.local/lib/python3.12/site-packages/airflow/example_dags/example_short_circuit_operator.py took 0.897 seconds
[2025-05-02T19:49:37.922+0000] {processor.py:161} INFO - Started process (PID=2354) to work on /home/airflow/.local/lib/python3.12/site-packages/airflow/example_dags/example_short_circuit_operator.py
[2025-05-02T19:49:37.923+0000] {processor.py:830} INFO - Processing file /home/airflow/.local/lib/python3.12/site-packages/airflow/example_dags/example_short_circuit_operator.py for tasks to queue
[2025-05-02T19:49:37.926+0000] {logging_mixin.py:188} INFO - [2025-05-02T19:49:37.925+0000] {dagbag.py:540} INFO - Filling up the DagBag from /home/airflow/.local/lib/python3.12/site-packages/airflow/example_dags/example_short_circuit_operator.py
[2025-05-02T19:49:37.935+0000] {processor.py:840} INFO - DAG(s) 'example_short_circuit_operator' retrieved from /home/airflow/.local/lib/python3.12/site-packages/airflow/example_dags/example_short_circuit_operator.py
[2025-05-02T19:49:37.964+0000] {logging_mixin.py:188} INFO - [2025-05-02T19:49:37.964+0000] {dag.py:3096} INFO - Sync 1 DAGs
[2025-05-02T19:49:37.992+0000] {logging_mixin.py:188} INFO - [2025-05-02T19:49:37.992+0000] {dag.py:3954} INFO - Setting next_dagrun for example_short_circuit_operator to 2025-05-01 00:00:00+00:00, run_after=2025-05-02 00:00:00+00:00
[2025-05-02T19:49:38.021+0000] {processor.py:183} INFO - Processing /home/airflow/.local/lib/python3.12/site-packages/airflow/example_dags/example_short_circuit_operator.py took 0.105 seconds
[2025-05-02T19:50:08.519+0000] {processor.py:161} INFO - Started process (PID=2445) to work on /home/airflow/.local/lib/python3.12/site-packages/airflow/example_dags/example_short_circuit_operator.py
[2025-05-02T19:50:08.521+0000] {processor.py:830} INFO - Processing file /home/airflow/.local/lib/python3.12/site-packages/airflow/example_dags/example_short_circuit_operator.py for tasks to queue
[2025-05-02T19:50:08.525+0000] {logging_mixin.py:188} INFO - [2025-05-02T19:50:08.525+0000] {dagbag.py:540} INFO - Filling up the DagBag from /home/airflow/.local/lib/python3.12/site-packages/airflow/example_dags/example_short_circuit_operator.py
[2025-05-02T19:50:08.557+0000] {processor.py:840} INFO - DAG(s) 'example_short_circuit_operator' retrieved from /home/airflow/.local/lib/python3.12/site-packages/airflow/example_dags/example_short_circuit_operator.py
[2025-05-02T19:50:08.654+0000] {logging_mixin.py:188} INFO - [2025-05-02T19:50:08.653+0000] {dag.py:3096} INFO - Sync 1 DAGs
[2025-05-02T19:50:08.742+0000] {logging_mixin.py:188} INFO - [2025-05-02T19:50:08.742+0000] {dag.py:3954} INFO - Setting next_dagrun for example_short_circuit_operator to 2025-05-01 00:00:00+00:00, run_after=2025-05-02 00:00:00+00:00
[2025-05-02T19:50:08.847+0000] {processor.py:183} INFO - Processing /home/airflow/.local/lib/python3.12/site-packages/airflow/example_dags/example_short_circuit_operator.py took 0.363 seconds
[2025-05-02T19:50:39.274+0000] {processor.py:161} INFO - Started process (PID=2548) to work on /home/airflow/.local/lib/python3.12/site-packages/airflow/example_dags/example_short_circuit_operator.py
[2025-05-02T19:50:39.276+0000] {processor.py:830} INFO - Processing file /home/airflow/.local/lib/python3.12/site-packages/airflow/example_dags/example_short_circuit_operator.py for tasks to queue
[2025-05-02T19:50:39.280+0000] {logging_mixin.py:188} INFO - [2025-05-02T19:50:39.279+0000] {dagbag.py:540} INFO - Filling up the DagBag from /home/airflow/.local/lib/python3.12/site-packages/airflow/example_dags/example_short_circuit_operator.py
[2025-05-02T19:50:39.299+0000] {processor.py:840} INFO - DAG(s) 'example_short_circuit_operator' retrieved from /home/airflow/.local/lib/python3.12/site-packages/airflow/example_dags/example_short_circuit_operator.py
[2025-05-02T19:50:39.361+0000] {logging_mixin.py:188} INFO - [2025-05-02T19:50:39.361+0000] {dag.py:3096} INFO - Sync 1 DAGs
[2025-05-02T19:50:39.466+0000] {logging_mixin.py:188} INFO - [2025-05-02T19:50:39.466+0000] {dag.py:3954} INFO - Setting next_dagrun for example_short_circuit_operator to 2025-05-01 00:00:00+00:00, run_after=2025-05-02 00:00:00+00:00
[2025-05-02T19:50:39.791+0000] {processor.py:183} INFO - Processing /home/airflow/.local/lib/python3.12/site-packages/airflow/example_dags/example_short_circuit_operator.py took 0.529 seconds
[2025-05-02T19:51:15.535+0000] {processor.py:161} INFO - Started process (PID=2644) to work on /home/airflow/.local/lib/python3.12/site-packages/airflow/example_dags/example_short_circuit_operator.py
[2025-05-02T19:51:15.537+0000] {processor.py:830} INFO - Processing file /home/airflow/.local/lib/python3.12/site-packages/airflow/example_dags/example_short_circuit_operator.py for tasks to queue
[2025-05-02T19:51:15.540+0000] {logging_mixin.py:188} INFO - [2025-05-02T19:51:15.539+0000] {dagbag.py:540} INFO - Filling up the DagBag from /home/airflow/.local/lib/python3.12/site-packages/airflow/example_dags/example_short_circuit_operator.py
[2025-05-02T19:51:15.559+0000] {processor.py:840} INFO - DAG(s) 'example_short_circuit_operator' retrieved from /home/airflow/.local/lib/python3.12/site-packages/airflow/example_dags/example_short_circuit_operator.py
[2025-05-02T19:51:15.674+0000] {logging_mixin.py:188} INFO - [2025-05-02T19:51:15.674+0000] {dag.py:3096} INFO - Sync 1 DAGs
[2025-05-02T19:51:15.750+0000] {logging_mixin.py:188} INFO - [2025-05-02T19:51:15.749+0000] {dag.py:3954} INFO - Setting next_dagrun for example_short_circuit_operator to 2025-05-01 00:00:00+00:00, run_after=2025-05-02 00:00:00+00:00
[2025-05-02T19:51:15.828+0000] {processor.py:183} INFO - Processing /home/airflow/.local/lib/python3.12/site-packages/airflow/example_dags/example_short_circuit_operator.py took 0.307 seconds
[2025-05-02T19:51:50.326+0000] {processor.py:161} INFO - Started process (PID=2746) to work on /home/airflow/.local/lib/python3.12/site-packages/airflow/example_dags/example_short_circuit_operator.py
[2025-05-02T19:51:50.328+0000] {processor.py:830} INFO - Processing file /home/airflow/.local/lib/python3.12/site-packages/airflow/example_dags/example_short_circuit_operator.py for tasks to queue
[2025-05-02T19:51:50.333+0000] {logging_mixin.py:188} INFO - [2025-05-02T19:51:50.332+0000] {dagbag.py:540} INFO - Filling up the DagBag from /home/airflow/.local/lib/python3.12/site-packages/airflow/example_dags/example_short_circuit_operator.py
[2025-05-02T19:51:50.351+0000] {processor.py:840} INFO - DAG(s) 'example_short_circuit_operator' retrieved from /home/airflow/.local/lib/python3.12/site-packages/airflow/example_dags/example_short_circuit_operator.py
[2025-05-02T19:51:50.625+0000] {logging_mixin.py:188} INFO - [2025-05-02T19:51:50.624+0000] {dag.py:3096} INFO - Sync 1 DAGs
[2025-05-02T19:51:50.663+0000] {logging_mixin.py:188} INFO - [2025-05-02T19:51:50.663+0000] {dag.py:3954} INFO - Setting next_dagrun for example_short_circuit_operator to 2025-05-01 00:00:00+00:00, run_after=2025-05-02 00:00:00+00:00
[2025-05-02T19:51:50.709+0000] {processor.py:183} INFO - Processing /home/airflow/.local/lib/python3.12/site-packages/airflow/example_dags/example_short_circuit_operator.py took 0.395 seconds
[2025-05-02T19:52:20.995+0000] {processor.py:161} INFO - Started process (PID=2826) to work on /home/airflow/.local/lib/python3.12/site-packages/airflow/example_dags/example_short_circuit_operator.py
[2025-05-02T19:52:20.996+0000] {processor.py:830} INFO - Processing file /home/airflow/.local/lib/python3.12/site-packages/airflow/example_dags/example_short_circuit_operator.py for tasks to queue
[2025-05-02T19:52:21.001+0000] {logging_mixin.py:188} INFO - [2025-05-02T19:52:21.000+0000] {dagbag.py:540} INFO - Filling up the DagBag from /home/airflow/.local/lib/python3.12/site-packages/airflow/example_dags/example_short_circuit_operator.py
[2025-05-02T19:52:21.016+0000] {processor.py:840} INFO - DAG(s) 'example_short_circuit_operator' retrieved from /home/airflow/.local/lib/python3.12/site-packages/airflow/example_dags/example_short_circuit_operator.py
[2025-05-02T19:52:21.124+0000] {logging_mixin.py:188} INFO - [2025-05-02T19:52:21.124+0000] {dag.py:3096} INFO - Sync 1 DAGs
[2025-05-02T19:52:21.218+0000] {logging_mixin.py:188} INFO - [2025-05-02T19:52:21.210+0000] {dag.py:3954} INFO - Setting next_dagrun for example_short_circuit_operator to 2025-05-01 00:00:00+00:00, run_after=2025-05-02 00:00:00+00:00
[2025-05-02T19:52:21.493+0000] {processor.py:183} INFO - Processing /home/airflow/.local/lib/python3.12/site-packages/airflow/example_dags/example_short_circuit_operator.py took 0.526 seconds
[2025-05-02T19:52:51.708+0000] {processor.py:161} INFO - Started process (PID=2917) to work on /home/airflow/.local/lib/python3.12/site-packages/airflow/example_dags/example_short_circuit_operator.py
[2025-05-02T19:52:51.719+0000] {processor.py:830} INFO - Processing file /home/airflow/.local/lib/python3.12/site-packages/airflow/example_dags/example_short_circuit_operator.py for tasks to queue
[2025-05-02T19:52:51.725+0000] {logging_mixin.py:188} INFO - [2025-05-02T19:52:51.724+0000] {dagbag.py:540} INFO - Filling up the DagBag from /home/airflow/.local/lib/python3.12/site-packages/airflow/example_dags/example_short_circuit_operator.py
[2025-05-02T19:52:51.757+0000] {processor.py:840} INFO - DAG(s) 'example_short_circuit_operator' retrieved from /home/airflow/.local/lib/python3.12/site-packages/airflow/example_dags/example_short_circuit_operator.py
[2025-05-02T19:52:51.849+0000] {logging_mixin.py:188} INFO - [2025-05-02T19:52:51.849+0000] {dag.py:3096} INFO - Sync 1 DAGs
[2025-05-02T19:52:51.931+0000] {logging_mixin.py:188} INFO - [2025-05-02T19:52:51.930+0000] {dag.py:3954} INFO - Setting next_dagrun for example_short_circuit_operator to 2025-05-01 00:00:00+00:00, run_after=2025-05-02 00:00:00+00:00
[2025-05-02T19:52:52.036+0000] {processor.py:183} INFO - Processing /home/airflow/.local/lib/python3.12/site-packages/airflow/example_dags/example_short_circuit_operator.py took 0.355 seconds
[2025-05-02T19:53:23.434+0000] {processor.py:161} INFO - Started process (PID=3022) to work on /home/airflow/.local/lib/python3.12/site-packages/airflow/example_dags/example_short_circuit_operator.py
[2025-05-02T19:53:23.436+0000] {processor.py:830} INFO - Processing file /home/airflow/.local/lib/python3.12/site-packages/airflow/example_dags/example_short_circuit_operator.py for tasks to queue
[2025-05-02T19:53:23.440+0000] {logging_mixin.py:188} INFO - [2025-05-02T19:53:23.440+0000] {dagbag.py:540} INFO - Filling up the DagBag from /home/airflow/.local/lib/python3.12/site-packages/airflow/example_dags/example_short_circuit_operator.py
[2025-05-02T19:53:23.464+0000] {processor.py:840} INFO - DAG(s) 'example_short_circuit_operator' retrieved from /home/airflow/.local/lib/python3.12/site-packages/airflow/example_dags/example_short_circuit_operator.py
[2025-05-02T19:53:23.519+0000] {logging_mixin.py:188} INFO - [2025-05-02T19:53:23.518+0000] {dag.py:3096} INFO - Sync 1 DAGs
[2025-05-02T19:53:23.603+0000] {logging_mixin.py:188} INFO - [2025-05-02T19:53:23.597+0000] {dag.py:3954} INFO - Setting next_dagrun for example_short_circuit_operator to 2025-05-01 00:00:00+00:00, run_after=2025-05-02 00:00:00+00:00
[2025-05-02T19:53:23.677+0000] {processor.py:183} INFO - Processing /home/airflow/.local/lib/python3.12/site-packages/airflow/example_dags/example_short_circuit_operator.py took 0.260 seconds
[2025-05-02T19:53:55.469+0000] {processor.py:161} INFO - Started process (PID=3110) to work on /home/airflow/.local/lib/python3.12/site-packages/airflow/example_dags/example_short_circuit_operator.py
[2025-05-02T19:53:55.488+0000] {processor.py:830} INFO - Processing file /home/airflow/.local/lib/python3.12/site-packages/airflow/example_dags/example_short_circuit_operator.py for tasks to queue
[2025-05-02T19:53:55.492+0000] {logging_mixin.py:188} INFO - [2025-05-02T19:53:55.491+0000] {dagbag.py:540} INFO - Filling up the DagBag from /home/airflow/.local/lib/python3.12/site-packages/airflow/example_dags/example_short_circuit_operator.py
[2025-05-02T19:53:55.527+0000] {processor.py:840} INFO - DAG(s) 'example_short_circuit_operator' retrieved from /home/airflow/.local/lib/python3.12/site-packages/airflow/example_dags/example_short_circuit_operator.py
[2025-05-02T19:53:55.667+0000] {logging_mixin.py:188} INFO - [2025-05-02T19:53:55.666+0000] {dag.py:3096} INFO - Sync 1 DAGs
[2025-05-02T19:53:55.744+0000] {logging_mixin.py:188} INFO - [2025-05-02T19:53:55.743+0000] {dag.py:3954} INFO - Setting next_dagrun for example_short_circuit_operator to 2025-05-01 00:00:00+00:00, run_after=2025-05-02 00:00:00+00:00
[2025-05-02T19:53:55.811+0000] {processor.py:183} INFO - Processing /home/airflow/.local/lib/python3.12/site-packages/airflow/example_dags/example_short_circuit_operator.py took 0.356 seconds
[2025-05-02T19:54:29.606+0000] {processor.py:161} INFO - Started process (PID=3212) to work on /home/airflow/.local/lib/python3.12/site-packages/airflow/example_dags/example_short_circuit_operator.py
[2025-05-02T19:54:29.609+0000] {processor.py:830} INFO - Processing file /home/airflow/.local/lib/python3.12/site-packages/airflow/example_dags/example_short_circuit_operator.py for tasks to queue
[2025-05-02T19:54:29.634+0000] {logging_mixin.py:188} INFO - [2025-05-02T19:54:29.633+0000] {dagbag.py:540} INFO - Filling up the DagBag from /home/airflow/.local/lib/python3.12/site-packages/airflow/example_dags/example_short_circuit_operator.py
[2025-05-02T19:54:29.685+0000] {processor.py:840} INFO - DAG(s) 'example_short_circuit_operator' retrieved from /home/airflow/.local/lib/python3.12/site-packages/airflow/example_dags/example_short_circuit_operator.py
[2025-05-02T19:54:29.884+0000] {logging_mixin.py:188} INFO - [2025-05-02T19:54:29.884+0000] {dag.py:3096} INFO - Sync 1 DAGs
[2025-05-02T19:54:29.955+0000] {logging_mixin.py:188} INFO - [2025-05-02T19:54:29.954+0000] {dag.py:3954} INFO - Setting next_dagrun for example_short_circuit_operator to 2025-05-01 00:00:00+00:00, run_after=2025-05-02 00:00:00+00:00
[2025-05-02T19:54:29.999+0000] {processor.py:183} INFO - Processing /home/airflow/.local/lib/python3.12/site-packages/airflow/example_dags/example_short_circuit_operator.py took 0.434 seconds
[2025-05-02T19:55:03.600+0000] {processor.py:161} INFO - Started process (PID=3307) to work on /home/airflow/.local/lib/python3.12/site-packages/airflow/example_dags/example_short_circuit_operator.py
[2025-05-02T19:55:03.602+0000] {processor.py:830} INFO - Processing file /home/airflow/.local/lib/python3.12/site-packages/airflow/example_dags/example_short_circuit_operator.py for tasks to queue
[2025-05-02T19:55:03.606+0000] {logging_mixin.py:188} INFO - [2025-05-02T19:55:03.605+0000] {dagbag.py:540} INFO - Filling up the DagBag from /home/airflow/.local/lib/python3.12/site-packages/airflow/example_dags/example_short_circuit_operator.py
[2025-05-02T19:55:03.625+0000] {processor.py:840} INFO - DAG(s) 'example_short_circuit_operator' retrieved from /home/airflow/.local/lib/python3.12/site-packages/airflow/example_dags/example_short_circuit_operator.py
[2025-05-02T19:55:03.718+0000] {logging_mixin.py:188} INFO - [2025-05-02T19:55:03.717+0000] {dag.py:3096} INFO - Sync 1 DAGs
[2025-05-02T19:55:03.776+0000] {logging_mixin.py:188} INFO - [2025-05-02T19:55:03.775+0000] {dag.py:3954} INFO - Setting next_dagrun for example_short_circuit_operator to 2025-05-01 00:00:00+00:00, run_after=2025-05-02 00:00:00+00:00
[2025-05-02T19:55:03.874+0000] {processor.py:183} INFO - Processing /home/airflow/.local/lib/python3.12/site-packages/airflow/example_dags/example_short_circuit_operator.py took 0.300 seconds
[2025-05-02T19:55:34.471+0000] {processor.py:161} INFO - Started process (PID=3415) to work on /home/airflow/.local/lib/python3.12/site-packages/airflow/example_dags/example_short_circuit_operator.py
[2025-05-02T19:55:34.477+0000] {processor.py:830} INFO - Processing file /home/airflow/.local/lib/python3.12/site-packages/airflow/example_dags/example_short_circuit_operator.py for tasks to queue
[2025-05-02T19:55:34.480+0000] {logging_mixin.py:188} INFO - [2025-05-02T19:55:34.480+0000] {dagbag.py:540} INFO - Filling up the DagBag from /home/airflow/.local/lib/python3.12/site-packages/airflow/example_dags/example_short_circuit_operator.py
[2025-05-02T19:55:34.519+0000] {processor.py:840} INFO - DAG(s) 'example_short_circuit_operator' retrieved from /home/airflow/.local/lib/python3.12/site-packages/airflow/example_dags/example_short_circuit_operator.py
[2025-05-02T19:55:34.718+0000] {logging_mixin.py:188} INFO - [2025-05-02T19:55:34.717+0000] {dag.py:3096} INFO - Sync 1 DAGs
[2025-05-02T19:55:34.849+0000] {logging_mixin.py:188} INFO - [2025-05-02T19:55:34.849+0000] {dag.py:3954} INFO - Setting next_dagrun for example_short_circuit_operator to 2025-05-01 00:00:00+00:00, run_after=2025-05-02 00:00:00+00:00
[2025-05-02T19:55:34.916+0000] {processor.py:183} INFO - Processing /home/airflow/.local/lib/python3.12/site-packages/airflow/example_dags/example_short_circuit_operator.py took 0.469 seconds
[2025-05-02T19:56:05.531+0000] {processor.py:161} INFO - Started process (PID=3508) to work on /home/airflow/.local/lib/python3.12/site-packages/airflow/example_dags/example_short_circuit_operator.py
[2025-05-02T19:56:05.532+0000] {processor.py:830} INFO - Processing file /home/airflow/.local/lib/python3.12/site-packages/airflow/example_dags/example_short_circuit_operator.py for tasks to queue
[2025-05-02T19:56:05.535+0000] {logging_mixin.py:188} INFO - [2025-05-02T19:56:05.534+0000] {dagbag.py:540} INFO - Filling up the DagBag from /home/airflow/.local/lib/python3.12/site-packages/airflow/example_dags/example_short_circuit_operator.py
[2025-05-02T19:56:05.548+0000] {processor.py:840} INFO - DAG(s) 'example_short_circuit_operator' retrieved from /home/airflow/.local/lib/python3.12/site-packages/airflow/example_dags/example_short_circuit_operator.py
[2025-05-02T19:56:05.598+0000] {logging_mixin.py:188} INFO - [2025-05-02T19:56:05.597+0000] {dag.py:3096} INFO - Sync 1 DAGs
[2025-05-02T19:56:05.645+0000] {logging_mixin.py:188} INFO - [2025-05-02T19:56:05.645+0000] {dag.py:3954} INFO - Setting next_dagrun for example_short_circuit_operator to 2025-05-01 00:00:00+00:00, run_after=2025-05-02 00:00:00+00:00
[2025-05-02T19:56:05.681+0000] {processor.py:183} INFO - Processing /home/airflow/.local/lib/python3.12/site-packages/airflow/example_dags/example_short_circuit_operator.py took 0.159 seconds
[2025-05-02T19:56:35.988+0000] {processor.py:161} INFO - Started process (PID=3602) to work on /home/airflow/.local/lib/python3.12/site-packages/airflow/example_dags/example_short_circuit_operator.py
[2025-05-02T19:56:35.989+0000] {processor.py:830} INFO - Processing file /home/airflow/.local/lib/python3.12/site-packages/airflow/example_dags/example_short_circuit_operator.py for tasks to queue
[2025-05-02T19:56:35.994+0000] {logging_mixin.py:188} INFO - [2025-05-02T19:56:35.992+0000] {dagbag.py:540} INFO - Filling up the DagBag from /home/airflow/.local/lib/python3.12/site-packages/airflow/example_dags/example_short_circuit_operator.py
[2025-05-02T19:56:36.017+0000] {processor.py:840} INFO - DAG(s) 'example_short_circuit_operator' retrieved from /home/airflow/.local/lib/python3.12/site-packages/airflow/example_dags/example_short_circuit_operator.py
[2025-05-02T19:56:36.119+0000] {logging_mixin.py:188} INFO - [2025-05-02T19:56:36.119+0000] {dag.py:3096} INFO - Sync 1 DAGs
[2025-05-02T19:56:36.190+0000] {logging_mixin.py:188} INFO - [2025-05-02T19:56:36.190+0000] {dag.py:3954} INFO - Setting next_dagrun for example_short_circuit_operator to 2025-05-01 00:00:00+00:00, run_after=2025-05-02 00:00:00+00:00
[2025-05-02T19:56:36.312+0000] {processor.py:183} INFO - Processing /home/airflow/.local/lib/python3.12/site-packages/airflow/example_dags/example_short_circuit_operator.py took 0.336 seconds
[2025-05-02T19:57:06.709+0000] {processor.py:161} INFO - Started process (PID=3692) to work on /home/airflow/.local/lib/python3.12/site-packages/airflow/example_dags/example_short_circuit_operator.py
[2025-05-02T19:57:06.711+0000] {processor.py:830} INFO - Processing file /home/airflow/.local/lib/python3.12/site-packages/airflow/example_dags/example_short_circuit_operator.py for tasks to queue
[2025-05-02T19:57:06.716+0000] {logging_mixin.py:188} INFO - [2025-05-02T19:57:06.715+0000] {dagbag.py:540} INFO - Filling up the DagBag from /home/airflow/.local/lib/python3.12/site-packages/airflow/example_dags/example_short_circuit_operator.py
[2025-05-02T19:57:06.745+0000] {processor.py:840} INFO - DAG(s) 'example_short_circuit_operator' retrieved from /home/airflow/.local/lib/python3.12/site-packages/airflow/example_dags/example_short_circuit_operator.py
[2025-05-02T19:57:06.805+0000] {logging_mixin.py:188} INFO - [2025-05-02T19:57:06.804+0000] {dag.py:3096} INFO - Sync 1 DAGs
[2025-05-02T19:57:06.858+0000] {logging_mixin.py:188} INFO - [2025-05-02T19:57:06.858+0000] {dag.py:3954} INFO - Setting next_dagrun for example_short_circuit_operator to 2025-05-01 00:00:00+00:00, run_after=2025-05-02 00:00:00+00:00
[2025-05-02T19:57:06.919+0000] {processor.py:183} INFO - Processing /home/airflow/.local/lib/python3.12/site-packages/airflow/example_dags/example_short_circuit_operator.py took 0.236 seconds
[2025-05-02T19:57:37.366+0000] {processor.py:161} INFO - Started process (PID=3782) to work on /home/airflow/.local/lib/python3.12/site-packages/airflow/example_dags/example_short_circuit_operator.py
[2025-05-02T19:57:37.367+0000] {processor.py:830} INFO - Processing file /home/airflow/.local/lib/python3.12/site-packages/airflow/example_dags/example_short_circuit_operator.py for tasks to queue
[2025-05-02T19:57:37.369+0000] {logging_mixin.py:188} INFO - [2025-05-02T19:57:37.368+0000] {dagbag.py:540} INFO - Filling up the DagBag from /home/airflow/.local/lib/python3.12/site-packages/airflow/example_dags/example_short_circuit_operator.py
[2025-05-02T19:57:37.377+0000] {processor.py:840} INFO - DAG(s) 'example_short_circuit_operator' retrieved from /home/airflow/.local/lib/python3.12/site-packages/airflow/example_dags/example_short_circuit_operator.py
[2025-05-02T19:57:37.402+0000] {logging_mixin.py:188} INFO - [2025-05-02T19:57:37.402+0000] {dag.py:3096} INFO - Sync 1 DAGs
[2025-05-02T19:57:37.425+0000] {logging_mixin.py:188} INFO - [2025-05-02T19:57:37.425+0000] {dag.py:3954} INFO - Setting next_dagrun for example_short_circuit_operator to 2025-05-01 00:00:00+00:00, run_after=2025-05-02 00:00:00+00:00
[2025-05-02T19:57:37.445+0000] {processor.py:183} INFO - Processing /home/airflow/.local/lib/python3.12/site-packages/airflow/example_dags/example_short_circuit_operator.py took 0.085 seconds
[2025-05-02T19:58:08.195+0000] {processor.py:161} INFO - Started process (PID=3895) to work on /home/airflow/.local/lib/python3.12/site-packages/airflow/example_dags/example_short_circuit_operator.py
[2025-05-02T19:58:08.200+0000] {processor.py:830} INFO - Processing file /home/airflow/.local/lib/python3.12/site-packages/airflow/example_dags/example_short_circuit_operator.py for tasks to queue
[2025-05-02T19:58:08.205+0000] {logging_mixin.py:188} INFO - [2025-05-02T19:58:08.204+0000] {dagbag.py:540} INFO - Filling up the DagBag from /home/airflow/.local/lib/python3.12/site-packages/airflow/example_dags/example_short_circuit_operator.py
[2025-05-02T19:58:08.244+0000] {processor.py:840} INFO - DAG(s) 'example_short_circuit_operator' retrieved from /home/airflow/.local/lib/python3.12/site-packages/airflow/example_dags/example_short_circuit_operator.py
[2025-05-02T19:58:08.341+0000] {logging_mixin.py:188} INFO - [2025-05-02T19:58:08.341+0000] {dag.py:3096} INFO - Sync 1 DAGs
[2025-05-02T19:58:08.416+0000] {logging_mixin.py:188} INFO - [2025-05-02T19:58:08.415+0000] {dag.py:3954} INFO - Setting next_dagrun for example_short_circuit_operator to 2025-05-01 00:00:00+00:00, run_after=2025-05-02 00:00:00+00:00
[2025-05-02T19:58:08.477+0000] {processor.py:183} INFO - Processing /home/airflow/.local/lib/python3.12/site-packages/airflow/example_dags/example_short_circuit_operator.py took 0.314 seconds
