[2025-05-02T19:33:08.294+0000] {processor.py:161} INFO - Started process (PID=93) to work on /home/airflow/.local/lib/python3.12/site-packages/airflow/example_dags/example_python_operator.py
[2025-05-02T19:33:08.295+0000] {processor.py:830} INFO - Processing file /home/airflow/.local/lib/python3.12/site-packages/airflow/example_dags/example_python_operator.py for tasks to queue
[2025-05-02T19:33:08.297+0000] {logging_mixin.py:188} INFO - [2025-05-02T19:33:08.297+0000] {dagbag.py:540} INFO - Filling up the DagBag from /home/airflow/.local/lib/python3.12/site-packages/airflow/example_dags/example_python_operator.py
[2025-05-02T19:33:08.312+0000] {processor.py:840} INFO - DAG(s) 'example_python_operator' retrieved from /home/airflow/.local/lib/python3.12/site-packages/airflow/example_dags/example_python_operator.py
[2025-05-02T19:33:08.328+0000] {logging_mixin.py:188} INFO - [2025-05-02T19:33:08.328+0000] {dag.py:3096} INFO - Sync 1 DAGs
[2025-05-02T19:33:08.345+0000] {logging_mixin.py:188} INFO - [2025-05-02T19:33:08.345+0000] {dag.py:3954} INFO - Setting next_dagrun for example_python_operator to None, run_after=None
[2025-05-02T19:33:08.364+0000] {processor.py:183} INFO - Processing /home/airflow/.local/lib/python3.12/site-packages/airflow/example_dags/example_python_operator.py took 0.077 seconds
[2025-05-02T19:33:38.732+0000] {processor.py:161} INFO - Started process (PID=145) to work on /home/airflow/.local/lib/python3.12/site-packages/airflow/example_dags/example_python_operator.py
[2025-05-02T19:33:38.732+0000] {processor.py:830} INFO - Processing file /home/airflow/.local/lib/python3.12/site-packages/airflow/example_dags/example_python_operator.py for tasks to queue
[2025-05-02T19:33:38.734+0000] {logging_mixin.py:188} INFO - [2025-05-02T19:33:38.734+0000] {dagbag.py:540} INFO - Filling up the DagBag from /home/airflow/.local/lib/python3.12/site-packages/airflow/example_dags/example_python_operator.py
[2025-05-02T19:33:38.743+0000] {processor.py:840} INFO - DAG(s) 'example_python_operator' retrieved from /home/airflow/.local/lib/python3.12/site-packages/airflow/example_dags/example_python_operator.py
[2025-05-02T19:33:38.829+0000] {logging_mixin.py:188} INFO - [2025-05-02T19:33:38.829+0000] {dag.py:3096} INFO - Sync 1 DAGs
[2025-05-02T19:33:38.837+0000] {logging_mixin.py:188} INFO - [2025-05-02T19:33:38.837+0000] {dag.py:3954} INFO - Setting next_dagrun for example_python_operator to None, run_after=None
[2025-05-02T19:33:38.853+0000] {processor.py:183} INFO - Processing /home/airflow/.local/lib/python3.12/site-packages/airflow/example_dags/example_python_operator.py took 0.126 seconds
[2025-05-02T19:34:08.943+0000] {processor.py:161} INFO - Started process (PID=203) to work on /home/airflow/.local/lib/python3.12/site-packages/airflow/example_dags/example_python_operator.py
[2025-05-02T19:34:08.944+0000] {processor.py:830} INFO - Processing file /home/airflow/.local/lib/python3.12/site-packages/airflow/example_dags/example_python_operator.py for tasks to queue
[2025-05-02T19:34:08.945+0000] {logging_mixin.py:188} INFO - [2025-05-02T19:34:08.945+0000] {dagbag.py:540} INFO - Filling up the DagBag from /home/airflow/.local/lib/python3.12/site-packages/airflow/example_dags/example_python_operator.py
[2025-05-02T19:34:08.952+0000] {processor.py:840} INFO - DAG(s) 'example_python_operator' retrieved from /home/airflow/.local/lib/python3.12/site-packages/airflow/example_dags/example_python_operator.py
[2025-05-02T19:34:08.973+0000] {logging_mixin.py:188} INFO - [2025-05-02T19:34:08.973+0000] {dag.py:3096} INFO - Sync 1 DAGs
[2025-05-02T19:34:08.982+0000] {logging_mixin.py:188} INFO - [2025-05-02T19:34:08.982+0000] {dag.py:3954} INFO - Setting next_dagrun for example_python_operator to None, run_after=None
[2025-05-02T19:34:08.997+0000] {processor.py:183} INFO - Processing /home/airflow/.local/lib/python3.12/site-packages/airflow/example_dags/example_python_operator.py took 0.060 seconds
[2025-05-02T19:34:39.953+0000] {processor.py:161} INFO - Started process (PID=261) to work on /home/airflow/.local/lib/python3.12/site-packages/airflow/example_dags/example_python_operator.py
[2025-05-02T19:34:39.954+0000] {processor.py:830} INFO - Processing file /home/airflow/.local/lib/python3.12/site-packages/airflow/example_dags/example_python_operator.py for tasks to queue
[2025-05-02T19:34:39.955+0000] {logging_mixin.py:188} INFO - [2025-05-02T19:34:39.955+0000] {dagbag.py:540} INFO - Filling up the DagBag from /home/airflow/.local/lib/python3.12/site-packages/airflow/example_dags/example_python_operator.py
[2025-05-02T19:34:39.965+0000] {processor.py:840} INFO - DAG(s) 'example_python_operator' retrieved from /home/airflow/.local/lib/python3.12/site-packages/airflow/example_dags/example_python_operator.py
[2025-05-02T19:34:39.985+0000] {logging_mixin.py:188} INFO - [2025-05-02T19:34:39.984+0000] {dag.py:3096} INFO - Sync 1 DAGs
[2025-05-02T19:34:39.999+0000] {logging_mixin.py:188} INFO - [2025-05-02T19:34:39.998+0000] {dag.py:3954} INFO - Setting next_dagrun for example_python_operator to None, run_after=None
[2025-05-02T19:34:40.015+0000] {processor.py:183} INFO - Processing /home/airflow/.local/lib/python3.12/site-packages/airflow/example_dags/example_python_operator.py took 0.067 seconds
[2025-05-02T19:35:13.381+0000] {processor.py:161} INFO - Started process (PID=319) to work on /home/airflow/.local/lib/python3.12/site-packages/airflow/example_dags/example_python_operator.py
[2025-05-02T19:35:13.382+0000] {processor.py:830} INFO - Processing file /home/airflow/.local/lib/python3.12/site-packages/airflow/example_dags/example_python_operator.py for tasks to queue
[2025-05-02T19:35:13.384+0000] {logging_mixin.py:188} INFO - [2025-05-02T19:35:13.383+0000] {dagbag.py:540} INFO - Filling up the DagBag from /home/airflow/.local/lib/python3.12/site-packages/airflow/example_dags/example_python_operator.py
[2025-05-02T19:35:13.393+0000] {processor.py:840} INFO - DAG(s) 'example_python_operator' retrieved from /home/airflow/.local/lib/python3.12/site-packages/airflow/example_dags/example_python_operator.py
[2025-05-02T19:35:13.412+0000] {logging_mixin.py:188} INFO - [2025-05-02T19:35:13.411+0000] {dag.py:3096} INFO - Sync 1 DAGs
[2025-05-02T19:35:13.422+0000] {logging_mixin.py:188} INFO - [2025-05-02T19:35:13.422+0000] {dag.py:3954} INFO - Setting next_dagrun for example_python_operator to None, run_after=None
[2025-05-02T19:35:13.436+0000] {processor.py:183} INFO - Processing /home/airflow/.local/lib/python3.12/site-packages/airflow/example_dags/example_python_operator.py took 0.059 seconds
[2025-05-02T19:35:44.283+0000] {processor.py:161} INFO - Started process (PID=377) to work on /home/airflow/.local/lib/python3.12/site-packages/airflow/example_dags/example_python_operator.py
[2025-05-02T19:35:44.286+0000] {processor.py:830} INFO - Processing file /home/airflow/.local/lib/python3.12/site-packages/airflow/example_dags/example_python_operator.py for tasks to queue
[2025-05-02T19:35:44.288+0000] {logging_mixin.py:188} INFO - [2025-05-02T19:35:44.287+0000] {dagbag.py:540} INFO - Filling up the DagBag from /home/airflow/.local/lib/python3.12/site-packages/airflow/example_dags/example_python_operator.py
[2025-05-02T19:35:44.299+0000] {processor.py:840} INFO - DAG(s) 'example_python_operator' retrieved from /home/airflow/.local/lib/python3.12/site-packages/airflow/example_dags/example_python_operator.py
[2025-05-02T19:35:44.324+0000] {logging_mixin.py:188} INFO - [2025-05-02T19:35:44.323+0000] {dag.py:3096} INFO - Sync 1 DAGs
[2025-05-02T19:35:44.338+0000] {logging_mixin.py:188} INFO - [2025-05-02T19:35:44.338+0000] {dag.py:3954} INFO - Setting next_dagrun for example_python_operator to None, run_after=None
[2025-05-02T19:35:44.356+0000] {processor.py:183} INFO - Processing /home/airflow/.local/lib/python3.12/site-packages/airflow/example_dags/example_python_operator.py took 0.082 seconds
[2025-05-02T19:36:14.437+0000] {processor.py:161} INFO - Started process (PID=435) to work on /home/airflow/.local/lib/python3.12/site-packages/airflow/example_dags/example_python_operator.py
[2025-05-02T19:36:14.440+0000] {processor.py:830} INFO - Processing file /home/airflow/.local/lib/python3.12/site-packages/airflow/example_dags/example_python_operator.py for tasks to queue
[2025-05-02T19:36:14.441+0000] {logging_mixin.py:188} INFO - [2025-05-02T19:36:14.441+0000] {dagbag.py:540} INFO - Filling up the DagBag from /home/airflow/.local/lib/python3.12/site-packages/airflow/example_dags/example_python_operator.py
[2025-05-02T19:36:14.450+0000] {processor.py:840} INFO - DAG(s) 'example_python_operator' retrieved from /home/airflow/.local/lib/python3.12/site-packages/airflow/example_dags/example_python_operator.py
[2025-05-02T19:36:14.472+0000] {logging_mixin.py:188} INFO - [2025-05-02T19:36:14.472+0000] {dag.py:3096} INFO - Sync 1 DAGs
[2025-05-02T19:36:14.486+0000] {logging_mixin.py:188} INFO - [2025-05-02T19:36:14.486+0000] {dag.py:3954} INFO - Setting next_dagrun for example_python_operator to None, run_after=None
[2025-05-02T19:36:14.502+0000] {processor.py:183} INFO - Processing /home/airflow/.local/lib/python3.12/site-packages/airflow/example_dags/example_python_operator.py took 0.069 seconds
[2025-05-02T19:36:44.993+0000] {processor.py:161} INFO - Started process (PID=493) to work on /home/airflow/.local/lib/python3.12/site-packages/airflow/example_dags/example_python_operator.py
[2025-05-02T19:36:44.993+0000] {processor.py:830} INFO - Processing file /home/airflow/.local/lib/python3.12/site-packages/airflow/example_dags/example_python_operator.py for tasks to queue
[2025-05-02T19:36:44.994+0000] {logging_mixin.py:188} INFO - [2025-05-02T19:36:44.994+0000] {dagbag.py:540} INFO - Filling up the DagBag from /home/airflow/.local/lib/python3.12/site-packages/airflow/example_dags/example_python_operator.py
[2025-05-02T19:36:45.005+0000] {processor.py:840} INFO - DAG(s) 'example_python_operator' retrieved from /home/airflow/.local/lib/python3.12/site-packages/airflow/example_dags/example_python_operator.py
[2025-05-02T19:36:45.025+0000] {logging_mixin.py:188} INFO - [2025-05-02T19:36:45.024+0000] {dag.py:3096} INFO - Sync 1 DAGs
[2025-05-02T19:36:45.037+0000] {logging_mixin.py:188} INFO - [2025-05-02T19:36:45.036+0000] {dag.py:3954} INFO - Setting next_dagrun for example_python_operator to None, run_after=None
[2025-05-02T19:36:45.051+0000] {processor.py:183} INFO - Processing /home/airflow/.local/lib/python3.12/site-packages/airflow/example_dags/example_python_operator.py took 0.063 seconds
[2025-05-02T19:37:15.360+0000] {processor.py:161} INFO - Started process (PID=551) to work on /home/airflow/.local/lib/python3.12/site-packages/airflow/example_dags/example_python_operator.py
[2025-05-02T19:37:15.362+0000] {processor.py:830} INFO - Processing file /home/airflow/.local/lib/python3.12/site-packages/airflow/example_dags/example_python_operator.py for tasks to queue
[2025-05-02T19:37:15.363+0000] {logging_mixin.py:188} INFO - [2025-05-02T19:37:15.363+0000] {dagbag.py:540} INFO - Filling up the DagBag from /home/airflow/.local/lib/python3.12/site-packages/airflow/example_dags/example_python_operator.py
[2025-05-02T19:37:15.375+0000] {processor.py:840} INFO - DAG(s) 'example_python_operator' retrieved from /home/airflow/.local/lib/python3.12/site-packages/airflow/example_dags/example_python_operator.py
[2025-05-02T19:37:15.394+0000] {logging_mixin.py:188} INFO - [2025-05-02T19:37:15.394+0000] {dag.py:3096} INFO - Sync 1 DAGs
[2025-05-02T19:37:15.406+0000] {logging_mixin.py:188} INFO - [2025-05-02T19:37:15.406+0000] {dag.py:3954} INFO - Setting next_dagrun for example_python_operator to None, run_after=None
[2025-05-02T19:37:15.426+0000] {processor.py:183} INFO - Processing /home/airflow/.local/lib/python3.12/site-packages/airflow/example_dags/example_python_operator.py took 0.071 seconds
[2025-05-02T19:37:45.808+0000] {processor.py:161} INFO - Started process (PID=609) to work on /home/airflow/.local/lib/python3.12/site-packages/airflow/example_dags/example_python_operator.py
[2025-05-02T19:37:45.808+0000] {processor.py:830} INFO - Processing file /home/airflow/.local/lib/python3.12/site-packages/airflow/example_dags/example_python_operator.py for tasks to queue
[2025-05-02T19:37:45.810+0000] {logging_mixin.py:188} INFO - [2025-05-02T19:37:45.809+0000] {dagbag.py:540} INFO - Filling up the DagBag from /home/airflow/.local/lib/python3.12/site-packages/airflow/example_dags/example_python_operator.py
[2025-05-02T19:37:45.817+0000] {processor.py:840} INFO - DAG(s) 'example_python_operator' retrieved from /home/airflow/.local/lib/python3.12/site-packages/airflow/example_dags/example_python_operator.py
[2025-05-02T19:37:45.834+0000] {logging_mixin.py:188} INFO - [2025-05-02T19:37:45.834+0000] {dag.py:3096} INFO - Sync 1 DAGs
[2025-05-02T19:37:45.843+0000] {logging_mixin.py:188} INFO - [2025-05-02T19:37:45.843+0000] {dag.py:3954} INFO - Setting next_dagrun for example_python_operator to None, run_after=None
[2025-05-02T19:37:45.857+0000] {processor.py:183} INFO - Processing /home/airflow/.local/lib/python3.12/site-packages/airflow/example_dags/example_python_operator.py took 0.054 seconds
[2025-05-02T19:38:16.178+0000] {processor.py:161} INFO - Started process (PID=667) to work on /home/airflow/.local/lib/python3.12/site-packages/airflow/example_dags/example_python_operator.py
[2025-05-02T19:38:16.179+0000] {processor.py:830} INFO - Processing file /home/airflow/.local/lib/python3.12/site-packages/airflow/example_dags/example_python_operator.py for tasks to queue
[2025-05-02T19:38:16.180+0000] {logging_mixin.py:188} INFO - [2025-05-02T19:38:16.180+0000] {dagbag.py:540} INFO - Filling up the DagBag from /home/airflow/.local/lib/python3.12/site-packages/airflow/example_dags/example_python_operator.py
[2025-05-02T19:38:16.191+0000] {processor.py:840} INFO - DAG(s) 'example_python_operator' retrieved from /home/airflow/.local/lib/python3.12/site-packages/airflow/example_dags/example_python_operator.py
[2025-05-02T19:38:16.209+0000] {logging_mixin.py:188} INFO - [2025-05-02T19:38:16.208+0000] {dag.py:3096} INFO - Sync 1 DAGs
[2025-05-02T19:38:16.218+0000] {logging_mixin.py:188} INFO - [2025-05-02T19:38:16.217+0000] {dag.py:3954} INFO - Setting next_dagrun for example_python_operator to None, run_after=None
[2025-05-02T19:38:16.233+0000] {processor.py:183} INFO - Processing /home/airflow/.local/lib/python3.12/site-packages/airflow/example_dags/example_python_operator.py took 0.061 seconds
[2025-05-02T19:38:46.657+0000] {processor.py:161} INFO - Started process (PID=725) to work on /home/airflow/.local/lib/python3.12/site-packages/airflow/example_dags/example_python_operator.py
[2025-05-02T19:38:46.658+0000] {processor.py:830} INFO - Processing file /home/airflow/.local/lib/python3.12/site-packages/airflow/example_dags/example_python_operator.py for tasks to queue
[2025-05-02T19:38:46.659+0000] {logging_mixin.py:188} INFO - [2025-05-02T19:38:46.659+0000] {dagbag.py:540} INFO - Filling up the DagBag from /home/airflow/.local/lib/python3.12/site-packages/airflow/example_dags/example_python_operator.py
[2025-05-02T19:38:46.669+0000] {processor.py:840} INFO - DAG(s) 'example_python_operator' retrieved from /home/airflow/.local/lib/python3.12/site-packages/airflow/example_dags/example_python_operator.py
[2025-05-02T19:38:46.689+0000] {logging_mixin.py:188} INFO - [2025-05-02T19:38:46.688+0000] {dag.py:3096} INFO - Sync 1 DAGs
[2025-05-02T19:38:46.701+0000] {logging_mixin.py:188} INFO - [2025-05-02T19:38:46.700+0000] {dag.py:3954} INFO - Setting next_dagrun for example_python_operator to None, run_after=None
[2025-05-02T19:38:46.718+0000] {processor.py:183} INFO - Processing /home/airflow/.local/lib/python3.12/site-packages/airflow/example_dags/example_python_operator.py took 0.067 seconds
[2025-05-02T19:39:18.989+0000] {processor.py:161} INFO - Started process (PID=783) to work on /home/airflow/.local/lib/python3.12/site-packages/airflow/example_dags/example_python_operator.py
[2025-05-02T19:39:18.990+0000] {processor.py:830} INFO - Processing file /home/airflow/.local/lib/python3.12/site-packages/airflow/example_dags/example_python_operator.py for tasks to queue
[2025-05-02T19:39:18.992+0000] {logging_mixin.py:188} INFO - [2025-05-02T19:39:18.992+0000] {dagbag.py:540} INFO - Filling up the DagBag from /home/airflow/.local/lib/python3.12/site-packages/airflow/example_dags/example_python_operator.py
[2025-05-02T19:39:19.003+0000] {processor.py:840} INFO - DAG(s) 'example_python_operator' retrieved from /home/airflow/.local/lib/python3.12/site-packages/airflow/example_dags/example_python_operator.py
[2025-05-02T19:39:19.022+0000] {logging_mixin.py:188} INFO - [2025-05-02T19:39:19.022+0000] {dag.py:3096} INFO - Sync 1 DAGs
[2025-05-02T19:39:19.034+0000] {logging_mixin.py:188} INFO - [2025-05-02T19:39:19.033+0000] {dag.py:3954} INFO - Setting next_dagrun for example_python_operator to None, run_after=None
[2025-05-02T19:39:19.050+0000] {processor.py:183} INFO - Processing /home/airflow/.local/lib/python3.12/site-packages/airflow/example_dags/example_python_operator.py took 0.069 seconds
[2025-05-02T19:39:49.671+0000] {processor.py:161} INFO - Started process (PID=841) to work on /home/airflow/.local/lib/python3.12/site-packages/airflow/example_dags/example_python_operator.py
[2025-05-02T19:39:49.672+0000] {processor.py:830} INFO - Processing file /home/airflow/.local/lib/python3.12/site-packages/airflow/example_dags/example_python_operator.py for tasks to queue
[2025-05-02T19:39:49.674+0000] {logging_mixin.py:188} INFO - [2025-05-02T19:39:49.673+0000] {dagbag.py:540} INFO - Filling up the DagBag from /home/airflow/.local/lib/python3.12/site-packages/airflow/example_dags/example_python_operator.py
[2025-05-02T19:39:49.682+0000] {processor.py:840} INFO - DAG(s) 'example_python_operator' retrieved from /home/airflow/.local/lib/python3.12/site-packages/airflow/example_dags/example_python_operator.py
[2025-05-02T19:39:49.700+0000] {logging_mixin.py:188} INFO - [2025-05-02T19:39:49.700+0000] {dag.py:3096} INFO - Sync 1 DAGs
[2025-05-02T19:39:49.711+0000] {logging_mixin.py:188} INFO - [2025-05-02T19:39:49.711+0000] {dag.py:3954} INFO - Setting next_dagrun for example_python_operator to None, run_after=None
[2025-05-02T19:39:49.726+0000] {processor.py:183} INFO - Processing /home/airflow/.local/lib/python3.12/site-packages/airflow/example_dags/example_python_operator.py took 0.060 seconds
[2025-05-02T19:40:20.403+0000] {processor.py:161} INFO - Started process (PID=899) to work on /home/airflow/.local/lib/python3.12/site-packages/airflow/example_dags/example_python_operator.py
[2025-05-02T19:40:20.404+0000] {processor.py:830} INFO - Processing file /home/airflow/.local/lib/python3.12/site-packages/airflow/example_dags/example_python_operator.py for tasks to queue
[2025-05-02T19:40:20.406+0000] {logging_mixin.py:188} INFO - [2025-05-02T19:40:20.405+0000] {dagbag.py:540} INFO - Filling up the DagBag from /home/airflow/.local/lib/python3.12/site-packages/airflow/example_dags/example_python_operator.py
[2025-05-02T19:40:20.414+0000] {processor.py:840} INFO - DAG(s) 'example_python_operator' retrieved from /home/airflow/.local/lib/python3.12/site-packages/airflow/example_dags/example_python_operator.py
[2025-05-02T19:40:20.437+0000] {logging_mixin.py:188} INFO - [2025-05-02T19:40:20.437+0000] {dag.py:3096} INFO - Sync 1 DAGs
[2025-05-02T19:40:20.451+0000] {logging_mixin.py:188} INFO - [2025-05-02T19:40:20.451+0000] {dag.py:3954} INFO - Setting next_dagrun for example_python_operator to None, run_after=None
[2025-05-02T19:40:20.466+0000] {processor.py:183} INFO - Processing /home/airflow/.local/lib/python3.12/site-packages/airflow/example_dags/example_python_operator.py took 0.068 seconds
[2025-05-02T19:40:50.857+0000] {processor.py:161} INFO - Started process (PID=957) to work on /home/airflow/.local/lib/python3.12/site-packages/airflow/example_dags/example_python_operator.py
[2025-05-02T19:40:50.858+0000] {processor.py:830} INFO - Processing file /home/airflow/.local/lib/python3.12/site-packages/airflow/example_dags/example_python_operator.py for tasks to queue
[2025-05-02T19:40:50.859+0000] {logging_mixin.py:188} INFO - [2025-05-02T19:40:50.859+0000] {dagbag.py:540} INFO - Filling up the DagBag from /home/airflow/.local/lib/python3.12/site-packages/airflow/example_dags/example_python_operator.py
[2025-05-02T19:40:50.868+0000] {processor.py:840} INFO - DAG(s) 'example_python_operator' retrieved from /home/airflow/.local/lib/python3.12/site-packages/airflow/example_dags/example_python_operator.py
[2025-05-02T19:40:50.889+0000] {logging_mixin.py:188} INFO - [2025-05-02T19:40:50.889+0000] {dag.py:3096} INFO - Sync 1 DAGs
[2025-05-02T19:40:50.899+0000] {logging_mixin.py:188} INFO - [2025-05-02T19:40:50.899+0000] {dag.py:3954} INFO - Setting next_dagrun for example_python_operator to None, run_after=None
[2025-05-02T19:40:50.915+0000] {processor.py:183} INFO - Processing /home/airflow/.local/lib/python3.12/site-packages/airflow/example_dags/example_python_operator.py took 0.063 seconds
[2025-05-02T19:41:21.396+0000] {processor.py:161} INFO - Started process (PID=1015) to work on /home/airflow/.local/lib/python3.12/site-packages/airflow/example_dags/example_python_operator.py
[2025-05-02T19:41:21.397+0000] {processor.py:830} INFO - Processing file /home/airflow/.local/lib/python3.12/site-packages/airflow/example_dags/example_python_operator.py for tasks to queue
[2025-05-02T19:41:21.398+0000] {logging_mixin.py:188} INFO - [2025-05-02T19:41:21.398+0000] {dagbag.py:540} INFO - Filling up the DagBag from /home/airflow/.local/lib/python3.12/site-packages/airflow/example_dags/example_python_operator.py
[2025-05-02T19:41:21.408+0000] {processor.py:840} INFO - DAG(s) 'example_python_operator' retrieved from /home/airflow/.local/lib/python3.12/site-packages/airflow/example_dags/example_python_operator.py
[2025-05-02T19:41:21.426+0000] {logging_mixin.py:188} INFO - [2025-05-02T19:41:21.426+0000] {dag.py:3096} INFO - Sync 1 DAGs
[2025-05-02T19:41:21.435+0000] {logging_mixin.py:188} INFO - [2025-05-02T19:41:21.435+0000] {dag.py:3954} INFO - Setting next_dagrun for example_python_operator to None, run_after=None
[2025-05-02T19:41:21.449+0000] {processor.py:183} INFO - Processing /home/airflow/.local/lib/python3.12/site-packages/airflow/example_dags/example_python_operator.py took 0.057 seconds
[2025-05-02T19:41:51.947+0000] {processor.py:161} INFO - Started process (PID=1073) to work on /home/airflow/.local/lib/python3.12/site-packages/airflow/example_dags/example_python_operator.py
[2025-05-02T19:41:51.948+0000] {processor.py:830} INFO - Processing file /home/airflow/.local/lib/python3.12/site-packages/airflow/example_dags/example_python_operator.py for tasks to queue
[2025-05-02T19:41:51.951+0000] {logging_mixin.py:188} INFO - [2025-05-02T19:41:51.950+0000] {dagbag.py:540} INFO - Filling up the DagBag from /home/airflow/.local/lib/python3.12/site-packages/airflow/example_dags/example_python_operator.py
[2025-05-02T19:41:51.965+0000] {processor.py:840} INFO - DAG(s) 'example_python_operator' retrieved from /home/airflow/.local/lib/python3.12/site-packages/airflow/example_dags/example_python_operator.py
[2025-05-02T19:41:51.989+0000] {logging_mixin.py:188} INFO - [2025-05-02T19:41:51.988+0000] {dag.py:3096} INFO - Sync 1 DAGs
[2025-05-02T19:41:52.000+0000] {logging_mixin.py:188} INFO - [2025-05-02T19:41:52.000+0000] {dag.py:3954} INFO - Setting next_dagrun for example_python_operator to None, run_after=None
[2025-05-02T19:41:52.017+0000] {processor.py:183} INFO - Processing /home/airflow/.local/lib/python3.12/site-packages/airflow/example_dags/example_python_operator.py took 0.076 seconds
[2025-05-02T19:42:22.630+0000] {processor.py:161} INFO - Started process (PID=1125) to work on /home/airflow/.local/lib/python3.12/site-packages/airflow/example_dags/example_python_operator.py
[2025-05-02T19:42:22.631+0000] {processor.py:830} INFO - Processing file /home/airflow/.local/lib/python3.12/site-packages/airflow/example_dags/example_python_operator.py for tasks to queue
[2025-05-02T19:42:22.633+0000] {logging_mixin.py:188} INFO - [2025-05-02T19:42:22.632+0000] {dagbag.py:540} INFO - Filling up the DagBag from /home/airflow/.local/lib/python3.12/site-packages/airflow/example_dags/example_python_operator.py
[2025-05-02T19:42:22.644+0000] {processor.py:840} INFO - DAG(s) 'example_python_operator' retrieved from /home/airflow/.local/lib/python3.12/site-packages/airflow/example_dags/example_python_operator.py
[2025-05-02T19:42:22.665+0000] {logging_mixin.py:188} INFO - [2025-05-02T19:42:22.665+0000] {dag.py:3096} INFO - Sync 1 DAGs
[2025-05-02T19:42:22.679+0000] {logging_mixin.py:188} INFO - [2025-05-02T19:42:22.679+0000] {dag.py:3954} INFO - Setting next_dagrun for example_python_operator to None, run_after=None
[2025-05-02T19:42:22.697+0000] {processor.py:183} INFO - Processing /home/airflow/.local/lib/python3.12/site-packages/airflow/example_dags/example_python_operator.py took 0.074 seconds
[2025-05-02T19:42:53.345+0000] {processor.py:161} INFO - Started process (PID=1183) to work on /home/airflow/.local/lib/python3.12/site-packages/airflow/example_dags/example_python_operator.py
[2025-05-02T19:42:53.346+0000] {processor.py:830} INFO - Processing file /home/airflow/.local/lib/python3.12/site-packages/airflow/example_dags/example_python_operator.py for tasks to queue
[2025-05-02T19:42:53.347+0000] {logging_mixin.py:188} INFO - [2025-05-02T19:42:53.347+0000] {dagbag.py:540} INFO - Filling up the DagBag from /home/airflow/.local/lib/python3.12/site-packages/airflow/example_dags/example_python_operator.py
[2025-05-02T19:42:53.357+0000] {processor.py:840} INFO - DAG(s) 'example_python_operator' retrieved from /home/airflow/.local/lib/python3.12/site-packages/airflow/example_dags/example_python_operator.py
[2025-05-02T19:42:53.377+0000] {logging_mixin.py:188} INFO - [2025-05-02T19:42:53.377+0000] {dag.py:3096} INFO - Sync 1 DAGs
[2025-05-02T19:42:53.388+0000] {logging_mixin.py:188} INFO - [2025-05-02T19:42:53.387+0000] {dag.py:3954} INFO - Setting next_dagrun for example_python_operator to None, run_after=None
[2025-05-02T19:42:53.405+0000] {processor.py:183} INFO - Processing /home/airflow/.local/lib/python3.12/site-packages/airflow/example_dags/example_python_operator.py took 0.064 seconds
[2025-05-02T19:43:25.559+0000] {processor.py:161} INFO - Started process (PID=1243) to work on /home/airflow/.local/lib/python3.12/site-packages/airflow/example_dags/example_python_operator.py
[2025-05-02T19:43:25.560+0000] {processor.py:830} INFO - Processing file /home/airflow/.local/lib/python3.12/site-packages/airflow/example_dags/example_python_operator.py for tasks to queue
[2025-05-02T19:43:25.561+0000] {logging_mixin.py:188} INFO - [2025-05-02T19:43:25.561+0000] {dagbag.py:540} INFO - Filling up the DagBag from /home/airflow/.local/lib/python3.12/site-packages/airflow/example_dags/example_python_operator.py
[2025-05-02T19:43:25.574+0000] {processor.py:840} INFO - DAG(s) 'example_python_operator' retrieved from /home/airflow/.local/lib/python3.12/site-packages/airflow/example_dags/example_python_operator.py
[2025-05-02T19:43:25.600+0000] {logging_mixin.py:188} INFO - [2025-05-02T19:43:25.600+0000] {dag.py:3096} INFO - Sync 1 DAGs
[2025-05-02T19:43:25.611+0000] {logging_mixin.py:188} INFO - [2025-05-02T19:43:25.611+0000] {dag.py:3954} INFO - Setting next_dagrun for example_python_operator to None, run_after=None
[2025-05-02T19:43:25.632+0000] {processor.py:183} INFO - Processing /home/airflow/.local/lib/python3.12/site-packages/airflow/example_dags/example_python_operator.py took 0.079 seconds
[2025-05-02T19:43:59.840+0000] {processor.py:161} INFO - Started process (PID=1303) to work on /home/airflow/.local/lib/python3.12/site-packages/airflow/example_dags/example_python_operator.py
[2025-05-02T19:43:59.843+0000] {processor.py:830} INFO - Processing file /home/airflow/.local/lib/python3.12/site-packages/airflow/example_dags/example_python_operator.py for tasks to queue
[2025-05-02T19:43:59.846+0000] {logging_mixin.py:188} INFO - [2025-05-02T19:43:59.845+0000] {dagbag.py:540} INFO - Filling up the DagBag from /home/airflow/.local/lib/python3.12/site-packages/airflow/example_dags/example_python_operator.py
[2025-05-02T19:43:59.865+0000] {processor.py:840} INFO - DAG(s) 'example_python_operator' retrieved from /home/airflow/.local/lib/python3.12/site-packages/airflow/example_dags/example_python_operator.py
[2025-05-02T19:43:59.913+0000] {logging_mixin.py:188} INFO - [2025-05-02T19:43:59.913+0000] {dag.py:3096} INFO - Sync 1 DAGs
[2025-05-02T19:43:59.934+0000] {logging_mixin.py:188} INFO - [2025-05-02T19:43:59.934+0000] {dag.py:3954} INFO - Setting next_dagrun for example_python_operator to None, run_after=None
[2025-05-02T19:44:00.063+0000] {processor.py:183} INFO - Processing /home/airflow/.local/lib/python3.12/site-packages/airflow/example_dags/example_python_operator.py took 0.233 seconds
[2025-05-02T19:44:31.004+0000] {processor.py:161} INFO - Started process (PID=1402) to work on /home/airflow/.local/lib/python3.12/site-packages/airflow/example_dags/example_python_operator.py
[2025-05-02T19:44:31.006+0000] {processor.py:830} INFO - Processing file /home/airflow/.local/lib/python3.12/site-packages/airflow/example_dags/example_python_operator.py for tasks to queue
[2025-05-02T19:44:31.008+0000] {logging_mixin.py:188} INFO - [2025-05-02T19:44:31.007+0000] {dagbag.py:540} INFO - Filling up the DagBag from /home/airflow/.local/lib/python3.12/site-packages/airflow/example_dags/example_python_operator.py
[2025-05-02T19:44:31.022+0000] {processor.py:840} INFO - DAG(s) 'example_python_operator' retrieved from /home/airflow/.local/lib/python3.12/site-packages/airflow/example_dags/example_python_operator.py
[2025-05-02T19:44:31.057+0000] {logging_mixin.py:188} INFO - [2025-05-02T19:44:31.056+0000] {dag.py:3096} INFO - Sync 1 DAGs
[2025-05-02T19:44:31.075+0000] {logging_mixin.py:188} INFO - [2025-05-02T19:44:31.075+0000] {dag.py:3954} INFO - Setting next_dagrun for example_python_operator to None, run_after=None
[2025-05-02T19:44:31.106+0000] {processor.py:183} INFO - Processing /home/airflow/.local/lib/python3.12/site-packages/airflow/example_dags/example_python_operator.py took 0.110 seconds
[2025-05-02T19:45:01.647+0000] {processor.py:161} INFO - Started process (PID=1500) to work on /home/airflow/.local/lib/python3.12/site-packages/airflow/example_dags/example_python_operator.py
[2025-05-02T19:45:01.648+0000] {processor.py:830} INFO - Processing file /home/airflow/.local/lib/python3.12/site-packages/airflow/example_dags/example_python_operator.py for tasks to queue
[2025-05-02T19:45:01.650+0000] {logging_mixin.py:188} INFO - [2025-05-02T19:45:01.650+0000] {dagbag.py:540} INFO - Filling up the DagBag from /home/airflow/.local/lib/python3.12/site-packages/airflow/example_dags/example_python_operator.py
[2025-05-02T19:45:01.658+0000] {processor.py:840} INFO - DAG(s) 'example_python_operator' retrieved from /home/airflow/.local/lib/python3.12/site-packages/airflow/example_dags/example_python_operator.py
[2025-05-02T19:45:01.680+0000] {logging_mixin.py:188} INFO - [2025-05-02T19:45:01.680+0000] {dag.py:3096} INFO - Sync 1 DAGs
[2025-05-02T19:45:01.690+0000] {logging_mixin.py:188} INFO - [2025-05-02T19:45:01.690+0000] {dag.py:3954} INFO - Setting next_dagrun for example_python_operator to None, run_after=None
[2025-05-02T19:45:01.707+0000] {processor.py:183} INFO - Processing /home/airflow/.local/lib/python3.12/site-packages/airflow/example_dags/example_python_operator.py took 0.066 seconds
[2025-05-02T19:45:31.752+0000] {processor.py:161} INFO - Started process (PID=1604) to work on /home/airflow/.local/lib/python3.12/site-packages/airflow/example_dags/example_python_operator.py
[2025-05-02T19:45:31.754+0000] {processor.py:830} INFO - Processing file /home/airflow/.local/lib/python3.12/site-packages/airflow/example_dags/example_python_operator.py for tasks to queue
[2025-05-02T19:45:31.758+0000] {logging_mixin.py:188} INFO - [2025-05-02T19:45:31.757+0000] {dagbag.py:540} INFO - Filling up the DagBag from /home/airflow/.local/lib/python3.12/site-packages/airflow/example_dags/example_python_operator.py
[2025-05-02T19:45:31.803+0000] {processor.py:840} INFO - DAG(s) 'example_python_operator' retrieved from /home/airflow/.local/lib/python3.12/site-packages/airflow/example_dags/example_python_operator.py
[2025-05-02T19:45:31.890+0000] {logging_mixin.py:188} INFO - [2025-05-02T19:45:31.889+0000] {dag.py:3096} INFO - Sync 1 DAGs
[2025-05-02T19:45:31.921+0000] {logging_mixin.py:188} INFO - [2025-05-02T19:45:31.921+0000] {dag.py:3954} INFO - Setting next_dagrun for example_python_operator to None, run_after=None
[2025-05-02T19:45:32.010+0000] {processor.py:183} INFO - Processing /home/airflow/.local/lib/python3.12/site-packages/airflow/example_dags/example_python_operator.py took 0.270 seconds
[2025-05-02T19:46:03.036+0000] {processor.py:161} INFO - Started process (PID=1713) to work on /home/airflow/.local/lib/python3.12/site-packages/airflow/example_dags/example_python_operator.py
[2025-05-02T19:46:03.044+0000] {processor.py:830} INFO - Processing file /home/airflow/.local/lib/python3.12/site-packages/airflow/example_dags/example_python_operator.py for tasks to queue
[2025-05-02T19:46:03.052+0000] {logging_mixin.py:188} INFO - [2025-05-02T19:46:03.046+0000] {dagbag.py:540} INFO - Filling up the DagBag from /home/airflow/.local/lib/python3.12/site-packages/airflow/example_dags/example_python_operator.py
[2025-05-02T19:46:03.084+0000] {processor.py:840} INFO - DAG(s) 'example_python_operator' retrieved from /home/airflow/.local/lib/python3.12/site-packages/airflow/example_dags/example_python_operator.py
[2025-05-02T19:46:03.145+0000] {logging_mixin.py:188} INFO - [2025-05-02T19:46:03.144+0000] {dag.py:3096} INFO - Sync 1 DAGs
[2025-05-02T19:46:03.172+0000] {logging_mixin.py:188} INFO - [2025-05-02T19:46:03.171+0000] {dag.py:3954} INFO - Setting next_dagrun for example_python_operator to None, run_after=None
[2025-05-02T19:46:03.236+0000] {processor.py:183} INFO - Processing /home/airflow/.local/lib/python3.12/site-packages/airflow/example_dags/example_python_operator.py took 0.212 seconds
[2025-05-02T19:46:33.490+0000] {processor.py:161} INFO - Started process (PID=1810) to work on /home/airflow/.local/lib/python3.12/site-packages/airflow/example_dags/example_python_operator.py
[2025-05-02T19:46:33.491+0000] {processor.py:830} INFO - Processing file /home/airflow/.local/lib/python3.12/site-packages/airflow/example_dags/example_python_operator.py for tasks to queue
[2025-05-02T19:46:33.495+0000] {logging_mixin.py:188} INFO - [2025-05-02T19:46:33.494+0000] {dagbag.py:540} INFO - Filling up the DagBag from /home/airflow/.local/lib/python3.12/site-packages/airflow/example_dags/example_python_operator.py
[2025-05-02T19:46:33.524+0000] {processor.py:840} INFO - DAG(s) 'example_python_operator' retrieved from /home/airflow/.local/lib/python3.12/site-packages/airflow/example_dags/example_python_operator.py
[2025-05-02T19:46:33.641+0000] {logging_mixin.py:188} INFO - [2025-05-02T19:46:33.641+0000] {dag.py:3096} INFO - Sync 1 DAGs
[2025-05-02T19:46:33.673+0000] {logging_mixin.py:188} INFO - [2025-05-02T19:46:33.673+0000] {dag.py:3954} INFO - Setting next_dagrun for example_python_operator to None, run_after=None
[2025-05-02T19:46:33.817+0000] {processor.py:183} INFO - Processing /home/airflow/.local/lib/python3.12/site-packages/airflow/example_dags/example_python_operator.py took 0.347 seconds
[2025-05-02T19:47:05.113+0000] {processor.py:161} INFO - Started process (PID=1920) to work on /home/airflow/.local/lib/python3.12/site-packages/airflow/example_dags/example_python_operator.py
[2025-05-02T19:47:05.114+0000] {processor.py:830} INFO - Processing file /home/airflow/.local/lib/python3.12/site-packages/airflow/example_dags/example_python_operator.py for tasks to queue
[2025-05-02T19:47:05.118+0000] {logging_mixin.py:188} INFO - [2025-05-02T19:47:05.117+0000] {dagbag.py:540} INFO - Filling up the DagBag from /home/airflow/.local/lib/python3.12/site-packages/airflow/example_dags/example_python_operator.py
[2025-05-02T19:47:05.140+0000] {processor.py:840} INFO - DAG(s) 'example_python_operator' retrieved from /home/airflow/.local/lib/python3.12/site-packages/airflow/example_dags/example_python_operator.py
[2025-05-02T19:47:05.190+0000] {logging_mixin.py:188} INFO - [2025-05-02T19:47:05.190+0000] {dag.py:3096} INFO - Sync 1 DAGs
[2025-05-02T19:47:05.216+0000] {logging_mixin.py:188} INFO - [2025-05-02T19:47:05.216+0000] {dag.py:3954} INFO - Setting next_dagrun for example_python_operator to None, run_after=None
[2025-05-02T19:47:05.244+0000] {processor.py:183} INFO - Processing /home/airflow/.local/lib/python3.12/site-packages/airflow/example_dags/example_python_operator.py took 0.142 seconds
[2025-05-02T19:47:40.251+0000] {processor.py:161} INFO - Started process (PID=2022) to work on /home/airflow/.local/lib/python3.12/site-packages/airflow/example_dags/example_python_operator.py
[2025-05-02T19:47:40.253+0000] {processor.py:830} INFO - Processing file /home/airflow/.local/lib/python3.12/site-packages/airflow/example_dags/example_python_operator.py for tasks to queue
[2025-05-02T19:47:40.257+0000] {logging_mixin.py:188} INFO - [2025-05-02T19:47:40.256+0000] {dagbag.py:540} INFO - Filling up the DagBag from /home/airflow/.local/lib/python3.12/site-packages/airflow/example_dags/example_python_operator.py
[2025-05-02T19:47:40.282+0000] {processor.py:840} INFO - DAG(s) 'example_python_operator' retrieved from /home/airflow/.local/lib/python3.12/site-packages/airflow/example_dags/example_python_operator.py
[2025-05-02T19:47:40.348+0000] {logging_mixin.py:188} INFO - [2025-05-02T19:47:40.347+0000] {dag.py:3096} INFO - Sync 1 DAGs
[2025-05-02T19:47:40.386+0000] {logging_mixin.py:188} INFO - [2025-05-02T19:47:40.386+0000] {dag.py:3954} INFO - Setting next_dagrun for example_python_operator to None, run_after=None
[2025-05-02T19:47:40.473+0000] {processor.py:183} INFO - Processing /home/airflow/.local/lib/python3.12/site-packages/airflow/example_dags/example_python_operator.py took 0.243 seconds
[2025-05-02T19:48:13.448+0000] {processor.py:161} INFO - Started process (PID=2121) to work on /home/airflow/.local/lib/python3.12/site-packages/airflow/example_dags/example_python_operator.py
[2025-05-02T19:48:13.450+0000] {processor.py:830} INFO - Processing file /home/airflow/.local/lib/python3.12/site-packages/airflow/example_dags/example_python_operator.py for tasks to queue
[2025-05-02T19:48:13.455+0000] {logging_mixin.py:188} INFO - [2025-05-02T19:48:13.454+0000] {dagbag.py:540} INFO - Filling up the DagBag from /home/airflow/.local/lib/python3.12/site-packages/airflow/example_dags/example_python_operator.py
[2025-05-02T19:48:13.484+0000] {processor.py:840} INFO - DAG(s) 'example_python_operator' retrieved from /home/airflow/.local/lib/python3.12/site-packages/airflow/example_dags/example_python_operator.py
[2025-05-02T19:48:13.528+0000] {logging_mixin.py:188} INFO - [2025-05-02T19:48:13.528+0000] {dag.py:3096} INFO - Sync 1 DAGs
[2025-05-02T19:48:13.552+0000] {logging_mixin.py:188} INFO - [2025-05-02T19:48:13.552+0000] {dag.py:3954} INFO - Setting next_dagrun for example_python_operator to None, run_after=None
[2025-05-02T19:48:13.602+0000] {processor.py:183} INFO - Processing /home/airflow/.local/lib/python3.12/site-packages/airflow/example_dags/example_python_operator.py took 0.185 seconds
[2025-05-02T19:48:51.171+0000] {processor.py:161} INFO - Started process (PID=2221) to work on /home/airflow/.local/lib/python3.12/site-packages/airflow/example_dags/example_python_operator.py
[2025-05-02T19:48:51.184+0000] {processor.py:830} INFO - Processing file /home/airflow/.local/lib/python3.12/site-packages/airflow/example_dags/example_python_operator.py for tasks to queue
[2025-05-02T19:48:51.187+0000] {logging_mixin.py:188} INFO - [2025-05-02T19:48:51.187+0000] {dagbag.py:540} INFO - Filling up the DagBag from /home/airflow/.local/lib/python3.12/site-packages/airflow/example_dags/example_python_operator.py
[2025-05-02T19:48:51.262+0000] {processor.py:840} INFO - DAG(s) 'example_python_operator' retrieved from /home/airflow/.local/lib/python3.12/site-packages/airflow/example_dags/example_python_operator.py
[2025-05-02T19:48:51.353+0000] {logging_mixin.py:188} INFO - [2025-05-02T19:48:51.353+0000] {dag.py:3096} INFO - Sync 1 DAGs
[2025-05-02T19:48:51.388+0000] {logging_mixin.py:188} INFO - [2025-05-02T19:48:51.388+0000] {dag.py:3954} INFO - Setting next_dagrun for example_python_operator to None, run_after=None
[2025-05-02T19:48:51.480+0000] {processor.py:183} INFO - Processing /home/airflow/.local/lib/python3.12/site-packages/airflow/example_dags/example_python_operator.py took 0.338 seconds
[2025-05-02T19:49:24.432+0000] {processor.py:161} INFO - Started process (PID=2316) to work on /home/airflow/.local/lib/python3.12/site-packages/airflow/example_dags/example_python_operator.py
[2025-05-02T19:49:24.434+0000] {processor.py:830} INFO - Processing file /home/airflow/.local/lib/python3.12/site-packages/airflow/example_dags/example_python_operator.py for tasks to queue
[2025-05-02T19:49:24.440+0000] {logging_mixin.py:188} INFO - [2025-05-02T19:49:24.439+0000] {dagbag.py:540} INFO - Filling up the DagBag from /home/airflow/.local/lib/python3.12/site-packages/airflow/example_dags/example_python_operator.py
[2025-05-02T19:49:24.475+0000] {processor.py:840} INFO - DAG(s) 'example_python_operator' retrieved from /home/airflow/.local/lib/python3.12/site-packages/airflow/example_dags/example_python_operator.py
[2025-05-02T19:49:24.561+0000] {logging_mixin.py:188} INFO - [2025-05-02T19:49:24.560+0000] {dag.py:3096} INFO - Sync 1 DAGs
[2025-05-02T19:49:24.598+0000] {logging_mixin.py:188} INFO - [2025-05-02T19:49:24.598+0000] {dag.py:3954} INFO - Setting next_dagrun for example_python_operator to None, run_after=None
[2025-05-02T19:49:24.657+0000] {processor.py:183} INFO - Processing /home/airflow/.local/lib/python3.12/site-packages/airflow/example_dags/example_python_operator.py took 0.236 seconds
[2025-05-02T19:50:00.770+0000] {processor.py:161} INFO - Started process (PID=2415) to work on /home/airflow/.local/lib/python3.12/site-packages/airflow/example_dags/example_python_operator.py
[2025-05-02T19:50:00.778+0000] {processor.py:830} INFO - Processing file /home/airflow/.local/lib/python3.12/site-packages/airflow/example_dags/example_python_operator.py for tasks to queue
[2025-05-02T19:50:00.789+0000] {logging_mixin.py:188} INFO - [2025-05-02T19:50:00.788+0000] {dagbag.py:540} INFO - Filling up the DagBag from /home/airflow/.local/lib/python3.12/site-packages/airflow/example_dags/example_python_operator.py
[2025-05-02T19:50:00.849+0000] {processor.py:840} INFO - DAG(s) 'example_python_operator' retrieved from /home/airflow/.local/lib/python3.12/site-packages/airflow/example_dags/example_python_operator.py
[2025-05-02T19:50:01.013+0000] {logging_mixin.py:188} INFO - [2025-05-02T19:50:01.013+0000] {dag.py:3096} INFO - Sync 1 DAGs
[2025-05-02T19:50:01.341+0000] {logging_mixin.py:188} INFO - [2025-05-02T19:50:01.340+0000] {dag.py:3954} INFO - Setting next_dagrun for example_python_operator to None, run_after=None
[2025-05-02T19:50:01.411+0000] {processor.py:183} INFO - Processing /home/airflow/.local/lib/python3.12/site-packages/airflow/example_dags/example_python_operator.py took 0.714 seconds
[2025-05-02T19:50:33.891+0000] {processor.py:161} INFO - Started process (PID=2512) to work on /home/airflow/.local/lib/python3.12/site-packages/airflow/example_dags/example_python_operator.py
[2025-05-02T19:50:33.904+0000] {processor.py:830} INFO - Processing file /home/airflow/.local/lib/python3.12/site-packages/airflow/example_dags/example_python_operator.py for tasks to queue
[2025-05-02T19:50:33.919+0000] {logging_mixin.py:188} INFO - [2025-05-02T19:50:33.918+0000] {dagbag.py:540} INFO - Filling up the DagBag from /home/airflow/.local/lib/python3.12/site-packages/airflow/example_dags/example_python_operator.py
[2025-05-02T19:50:33.994+0000] {processor.py:840} INFO - DAG(s) 'example_python_operator' retrieved from /home/airflow/.local/lib/python3.12/site-packages/airflow/example_dags/example_python_operator.py
[2025-05-02T19:50:34.127+0000] {logging_mixin.py:188} INFO - [2025-05-02T19:50:34.127+0000] {dag.py:3096} INFO - Sync 1 DAGs
[2025-05-02T19:50:34.155+0000] {logging_mixin.py:188} INFO - [2025-05-02T19:50:34.154+0000] {dag.py:3954} INFO - Setting next_dagrun for example_python_operator to None, run_after=None
[2025-05-02T19:50:34.209+0000] {processor.py:183} INFO - Processing /home/airflow/.local/lib/python3.12/site-packages/airflow/example_dags/example_python_operator.py took 0.363 seconds
[2025-05-02T19:51:11.131+0000] {processor.py:161} INFO - Started process (PID=2622) to work on /home/airflow/.local/lib/python3.12/site-packages/airflow/example_dags/example_python_operator.py
[2025-05-02T19:51:11.143+0000] {processor.py:830} INFO - Processing file /home/airflow/.local/lib/python3.12/site-packages/airflow/example_dags/example_python_operator.py for tasks to queue
[2025-05-02T19:51:11.150+0000] {logging_mixin.py:188} INFO - [2025-05-02T19:51:11.149+0000] {dagbag.py:540} INFO - Filling up the DagBag from /home/airflow/.local/lib/python3.12/site-packages/airflow/example_dags/example_python_operator.py
[2025-05-02T19:51:11.175+0000] {processor.py:840} INFO - DAG(s) 'example_python_operator' retrieved from /home/airflow/.local/lib/python3.12/site-packages/airflow/example_dags/example_python_operator.py
[2025-05-02T19:51:11.253+0000] {logging_mixin.py:188} INFO - [2025-05-02T19:51:11.253+0000] {dag.py:3096} INFO - Sync 1 DAGs
[2025-05-02T19:51:11.332+0000] {logging_mixin.py:188} INFO - [2025-05-02T19:51:11.332+0000] {dag.py:3954} INFO - Setting next_dagrun for example_python_operator to None, run_after=None
[2025-05-02T19:51:11.441+0000] {processor.py:183} INFO - Processing /home/airflow/.local/lib/python3.12/site-packages/airflow/example_dags/example_python_operator.py took 0.333 seconds
[2025-05-02T19:51:44.534+0000] {processor.py:161} INFO - Started process (PID=2724) to work on /home/airflow/.local/lib/python3.12/site-packages/airflow/example_dags/example_python_operator.py
[2025-05-02T19:51:44.562+0000] {processor.py:830} INFO - Processing file /home/airflow/.local/lib/python3.12/site-packages/airflow/example_dags/example_python_operator.py for tasks to queue
[2025-05-02T19:51:44.575+0000] {logging_mixin.py:188} INFO - [2025-05-02T19:51:44.574+0000] {dagbag.py:540} INFO - Filling up the DagBag from /home/airflow/.local/lib/python3.12/site-packages/airflow/example_dags/example_python_operator.py
[2025-05-02T19:51:44.665+0000] {processor.py:840} INFO - DAG(s) 'example_python_operator' retrieved from /home/airflow/.local/lib/python3.12/site-packages/airflow/example_dags/example_python_operator.py
[2025-05-02T19:51:44.843+0000] {logging_mixin.py:188} INFO - [2025-05-02T19:51:44.842+0000] {dag.py:3096} INFO - Sync 1 DAGs
[2025-05-02T19:51:45.493+0000] {logging_mixin.py:188} INFO - [2025-05-02T19:51:45.493+0000] {dag.py:3954} INFO - Setting next_dagrun for example_python_operator to None, run_after=None
[2025-05-02T19:51:45.580+0000] {processor.py:183} INFO - Processing /home/airflow/.local/lib/python3.12/site-packages/airflow/example_dags/example_python_operator.py took 1.075 seconds
[2025-05-02T19:52:17.990+0000] {processor.py:161} INFO - Started process (PID=2808) to work on /home/airflow/.local/lib/python3.12/site-packages/airflow/example_dags/example_python_operator.py
[2025-05-02T19:52:17.996+0000] {processor.py:830} INFO - Processing file /home/airflow/.local/lib/python3.12/site-packages/airflow/example_dags/example_python_operator.py for tasks to queue
[2025-05-02T19:52:17.999+0000] {logging_mixin.py:188} INFO - [2025-05-02T19:52:17.999+0000] {dagbag.py:540} INFO - Filling up the DagBag from /home/airflow/.local/lib/python3.12/site-packages/airflow/example_dags/example_python_operator.py
[2025-05-02T19:52:18.062+0000] {processor.py:840} INFO - DAG(s) 'example_python_operator' retrieved from /home/airflow/.local/lib/python3.12/site-packages/airflow/example_dags/example_python_operator.py
[2025-05-02T19:52:18.139+0000] {logging_mixin.py:188} INFO - [2025-05-02T19:52:18.138+0000] {dag.py:3096} INFO - Sync 1 DAGs
[2025-05-02T19:52:18.189+0000] {logging_mixin.py:188} INFO - [2025-05-02T19:52:18.189+0000] {dag.py:3954} INFO - Setting next_dagrun for example_python_operator to None, run_after=None
[2025-05-02T19:52:18.281+0000] {processor.py:183} INFO - Processing /home/airflow/.local/lib/python3.12/site-packages/airflow/example_dags/example_python_operator.py took 0.315 seconds
[2025-05-02T19:52:49.157+0000] {processor.py:161} INFO - Started process (PID=2899) to work on /home/airflow/.local/lib/python3.12/site-packages/airflow/example_dags/example_python_operator.py
[2025-05-02T19:52:49.159+0000] {processor.py:830} INFO - Processing file /home/airflow/.local/lib/python3.12/site-packages/airflow/example_dags/example_python_operator.py for tasks to queue
[2025-05-02T19:52:49.164+0000] {logging_mixin.py:188} INFO - [2025-05-02T19:52:49.163+0000] {dagbag.py:540} INFO - Filling up the DagBag from /home/airflow/.local/lib/python3.12/site-packages/airflow/example_dags/example_python_operator.py
[2025-05-02T19:52:49.182+0000] {processor.py:840} INFO - DAG(s) 'example_python_operator' retrieved from /home/airflow/.local/lib/python3.12/site-packages/airflow/example_dags/example_python_operator.py
[2025-05-02T19:52:49.221+0000] {logging_mixin.py:188} INFO - [2025-05-02T19:52:49.221+0000] {dag.py:3096} INFO - Sync 1 DAGs
[2025-05-02T19:52:49.244+0000] {logging_mixin.py:188} INFO - [2025-05-02T19:52:49.244+0000] {dag.py:3954} INFO - Setting next_dagrun for example_python_operator to None, run_after=None
[2025-05-02T19:52:49.287+0000] {processor.py:183} INFO - Processing /home/airflow/.local/lib/python3.12/site-packages/airflow/example_dags/example_python_operator.py took 0.143 seconds
[2025-05-02T19:53:22.650+0000] {processor.py:161} INFO - Started process (PID=3018) to work on /home/airflow/.local/lib/python3.12/site-packages/airflow/example_dags/example_python_operator.py
[2025-05-02T19:53:22.652+0000] {processor.py:830} INFO - Processing file /home/airflow/.local/lib/python3.12/site-packages/airflow/example_dags/example_python_operator.py for tasks to queue
[2025-05-02T19:53:22.657+0000] {logging_mixin.py:188} INFO - [2025-05-02T19:53:22.656+0000] {dagbag.py:540} INFO - Filling up the DagBag from /home/airflow/.local/lib/python3.12/site-packages/airflow/example_dags/example_python_operator.py
[2025-05-02T19:53:22.686+0000] {processor.py:840} INFO - DAG(s) 'example_python_operator' retrieved from /home/airflow/.local/lib/python3.12/site-packages/airflow/example_dags/example_python_operator.py
[2025-05-02T19:53:22.751+0000] {logging_mixin.py:188} INFO - [2025-05-02T19:53:22.751+0000] {dag.py:3096} INFO - Sync 1 DAGs
[2025-05-02T19:53:22.788+0000] {logging_mixin.py:188} INFO - [2025-05-02T19:53:22.788+0000] {dag.py:3954} INFO - Setting next_dagrun for example_python_operator to None, run_after=None
[2025-05-02T19:53:22.863+0000] {processor.py:183} INFO - Processing /home/airflow/.local/lib/python3.12/site-packages/airflow/example_dags/example_python_operator.py took 0.234 seconds
[2025-05-02T19:53:57.193+0000] {processor.py:161} INFO - Started process (PID=3124) to work on /home/airflow/.local/lib/python3.12/site-packages/airflow/example_dags/example_python_operator.py
[2025-05-02T19:53:57.194+0000] {processor.py:830} INFO - Processing file /home/airflow/.local/lib/python3.12/site-packages/airflow/example_dags/example_python_operator.py for tasks to queue
[2025-05-02T19:53:57.198+0000] {logging_mixin.py:188} INFO - [2025-05-02T19:53:57.198+0000] {dagbag.py:540} INFO - Filling up the DagBag from /home/airflow/.local/lib/python3.12/site-packages/airflow/example_dags/example_python_operator.py
[2025-05-02T19:53:57.221+0000] {processor.py:840} INFO - DAG(s) 'example_python_operator' retrieved from /home/airflow/.local/lib/python3.12/site-packages/airflow/example_dags/example_python_operator.py
[2025-05-02T19:53:57.294+0000] {logging_mixin.py:188} INFO - [2025-05-02T19:53:57.294+0000] {dag.py:3096} INFO - Sync 1 DAGs
[2025-05-02T19:53:57.329+0000] {logging_mixin.py:188} INFO - [2025-05-02T19:53:57.328+0000] {dag.py:3954} INFO - Setting next_dagrun for example_python_operator to None, run_after=None
[2025-05-02T19:53:57.406+0000] {processor.py:183} INFO - Processing /home/airflow/.local/lib/python3.12/site-packages/airflow/example_dags/example_python_operator.py took 0.228 seconds
[2025-05-02T19:54:31.463+0000] {processor.py:161} INFO - Started process (PID=3228) to work on /home/airflow/.local/lib/python3.12/site-packages/airflow/example_dags/example_python_operator.py
[2025-05-02T19:54:31.466+0000] {processor.py:830} INFO - Processing file /home/airflow/.local/lib/python3.12/site-packages/airflow/example_dags/example_python_operator.py for tasks to queue
[2025-05-02T19:54:31.469+0000] {logging_mixin.py:188} INFO - [2025-05-02T19:54:31.468+0000] {dagbag.py:540} INFO - Filling up the DagBag from /home/airflow/.local/lib/python3.12/site-packages/airflow/example_dags/example_python_operator.py
[2025-05-02T19:54:31.511+0000] {processor.py:840} INFO - DAG(s) 'example_python_operator' retrieved from /home/airflow/.local/lib/python3.12/site-packages/airflow/example_dags/example_python_operator.py
[2025-05-02T19:54:31.657+0000] {logging_mixin.py:188} INFO - [2025-05-02T19:54:31.657+0000] {dag.py:3096} INFO - Sync 1 DAGs
[2025-05-02T19:54:31.696+0000] {logging_mixin.py:188} INFO - [2025-05-02T19:54:31.695+0000] {dag.py:3954} INFO - Setting next_dagrun for example_python_operator to None, run_after=None
[2025-05-02T19:54:31.769+0000] {processor.py:183} INFO - Processing /home/airflow/.local/lib/python3.12/site-packages/airflow/example_dags/example_python_operator.py took 0.349 seconds
[2025-05-02T19:55:06.247+0000] {processor.py:161} INFO - Started process (PID=3325) to work on /home/airflow/.local/lib/python3.12/site-packages/airflow/example_dags/example_python_operator.py
[2025-05-02T19:55:06.249+0000] {processor.py:830} INFO - Processing file /home/airflow/.local/lib/python3.12/site-packages/airflow/example_dags/example_python_operator.py for tasks to queue
[2025-05-02T19:55:06.255+0000] {logging_mixin.py:188} INFO - [2025-05-02T19:55:06.254+0000] {dagbag.py:540} INFO - Filling up the DagBag from /home/airflow/.local/lib/python3.12/site-packages/airflow/example_dags/example_python_operator.py
[2025-05-02T19:55:06.283+0000] {processor.py:840} INFO - DAG(s) 'example_python_operator' retrieved from /home/airflow/.local/lib/python3.12/site-packages/airflow/example_dags/example_python_operator.py
[2025-05-02T19:55:06.341+0000] {logging_mixin.py:188} INFO - [2025-05-02T19:55:06.341+0000] {dag.py:3096} INFO - Sync 1 DAGs
[2025-05-02T19:55:06.372+0000] {logging_mixin.py:188} INFO - [2025-05-02T19:55:06.372+0000] {dag.py:3954} INFO - Setting next_dagrun for example_python_operator to None, run_after=None
[2025-05-02T19:55:06.470+0000] {processor.py:183} INFO - Processing /home/airflow/.local/lib/python3.12/site-packages/airflow/example_dags/example_python_operator.py took 0.238 seconds
[2025-05-02T19:55:40.928+0000] {processor.py:161} INFO - Started process (PID=3429) to work on /home/airflow/.local/lib/python3.12/site-packages/airflow/example_dags/example_python_operator.py
[2025-05-02T19:55:40.943+0000] {processor.py:830} INFO - Processing file /home/airflow/.local/lib/python3.12/site-packages/airflow/example_dags/example_python_operator.py for tasks to queue
[2025-05-02T19:55:40.947+0000] {logging_mixin.py:188} INFO - [2025-05-02T19:55:40.946+0000] {dagbag.py:540} INFO - Filling up the DagBag from /home/airflow/.local/lib/python3.12/site-packages/airflow/example_dags/example_python_operator.py
[2025-05-02T19:55:40.969+0000] {processor.py:840} INFO - DAG(s) 'example_python_operator' retrieved from /home/airflow/.local/lib/python3.12/site-packages/airflow/example_dags/example_python_operator.py
[2025-05-02T19:55:41.081+0000] {logging_mixin.py:188} INFO - [2025-05-02T19:55:41.080+0000] {dag.py:3096} INFO - Sync 1 DAGs
[2025-05-02T19:55:41.120+0000] {logging_mixin.py:188} INFO - [2025-05-02T19:55:41.119+0000] {dag.py:3954} INFO - Setting next_dagrun for example_python_operator to None, run_after=None
[2025-05-02T19:55:41.192+0000] {processor.py:183} INFO - Processing /home/airflow/.local/lib/python3.12/site-packages/airflow/example_dags/example_python_operator.py took 0.287 seconds
[2025-05-02T19:56:14.947+0000] {processor.py:161} INFO - Started process (PID=3536) to work on /home/airflow/.local/lib/python3.12/site-packages/airflow/example_dags/example_python_operator.py
[2025-05-02T19:56:14.948+0000] {processor.py:830} INFO - Processing file /home/airflow/.local/lib/python3.12/site-packages/airflow/example_dags/example_python_operator.py for tasks to queue
[2025-05-02T19:56:14.951+0000] {logging_mixin.py:188} INFO - [2025-05-02T19:56:14.950+0000] {dagbag.py:540} INFO - Filling up the DagBag from /home/airflow/.local/lib/python3.12/site-packages/airflow/example_dags/example_python_operator.py
[2025-05-02T19:56:14.967+0000] {processor.py:840} INFO - DAG(s) 'example_python_operator' retrieved from /home/airflow/.local/lib/python3.12/site-packages/airflow/example_dags/example_python_operator.py
[2025-05-02T19:56:15.000+0000] {logging_mixin.py:188} INFO - [2025-05-02T19:56:14.999+0000] {dag.py:3096} INFO - Sync 1 DAGs
[2025-05-02T19:56:15.022+0000] {logging_mixin.py:188} INFO - [2025-05-02T19:56:15.022+0000] {dag.py:3954} INFO - Setting next_dagrun for example_python_operator to None, run_after=None
[2025-05-02T19:56:15.057+0000] {processor.py:183} INFO - Processing /home/airflow/.local/lib/python3.12/site-packages/airflow/example_dags/example_python_operator.py took 0.119 seconds
[2025-05-02T19:56:50.698+0000] {processor.py:161} INFO - Started process (PID=3645) to work on /home/airflow/.local/lib/python3.12/site-packages/airflow/example_dags/example_python_operator.py
[2025-05-02T19:56:50.711+0000] {processor.py:830} INFO - Processing file /home/airflow/.local/lib/python3.12/site-packages/airflow/example_dags/example_python_operator.py for tasks to queue
[2025-05-02T19:56:50.715+0000] {logging_mixin.py:188} INFO - [2025-05-02T19:56:50.714+0000] {dagbag.py:540} INFO - Filling up the DagBag from /home/airflow/.local/lib/python3.12/site-packages/airflow/example_dags/example_python_operator.py
[2025-05-02T19:56:50.750+0000] {processor.py:840} INFO - DAG(s) 'example_python_operator' retrieved from /home/airflow/.local/lib/python3.12/site-packages/airflow/example_dags/example_python_operator.py
[2025-05-02T19:56:50.851+0000] {logging_mixin.py:188} INFO - [2025-05-02T19:56:50.850+0000] {dag.py:3096} INFO - Sync 1 DAGs
[2025-05-02T19:56:50.921+0000] {logging_mixin.py:188} INFO - [2025-05-02T19:56:50.920+0000] {dag.py:3954} INFO - Setting next_dagrun for example_python_operator to None, run_after=None
[2025-05-02T19:56:50.996+0000] {processor.py:183} INFO - Processing /home/airflow/.local/lib/python3.12/site-packages/airflow/example_dags/example_python_operator.py took 0.317 seconds
[2025-05-02T19:57:24.658+0000] {processor.py:161} INFO - Started process (PID=3750) to work on /home/airflow/.local/lib/python3.12/site-packages/airflow/example_dags/example_python_operator.py
[2025-05-02T19:57:24.660+0000] {processor.py:830} INFO - Processing file /home/airflow/.local/lib/python3.12/site-packages/airflow/example_dags/example_python_operator.py for tasks to queue
[2025-05-02T19:57:24.664+0000] {logging_mixin.py:188} INFO - [2025-05-02T19:57:24.663+0000] {dagbag.py:540} INFO - Filling up the DagBag from /home/airflow/.local/lib/python3.12/site-packages/airflow/example_dags/example_python_operator.py
[2025-05-02T19:57:24.704+0000] {processor.py:840} INFO - DAG(s) 'example_python_operator' retrieved from /home/airflow/.local/lib/python3.12/site-packages/airflow/example_dags/example_python_operator.py
[2025-05-02T19:57:24.844+0000] {logging_mixin.py:188} INFO - [2025-05-02T19:57:24.844+0000] {dag.py:3096} INFO - Sync 1 DAGs
[2025-05-02T19:57:24.873+0000] {logging_mixin.py:188} INFO - [2025-05-02T19:57:24.873+0000] {dag.py:3954} INFO - Setting next_dagrun for example_python_operator to None, run_after=None
[2025-05-02T19:57:25.010+0000] {processor.py:183} INFO - Processing /home/airflow/.local/lib/python3.12/site-packages/airflow/example_dags/example_python_operator.py took 0.377 seconds
[2025-05-02T19:57:59.419+0000] {processor.py:161} INFO - Started process (PID=3856) to work on /home/airflow/.local/lib/python3.12/site-packages/airflow/example_dags/example_python_operator.py
[2025-05-02T19:57:59.425+0000] {processor.py:830} INFO - Processing file /home/airflow/.local/lib/python3.12/site-packages/airflow/example_dags/example_python_operator.py for tasks to queue
[2025-05-02T19:57:59.438+0000] {logging_mixin.py:188} INFO - [2025-05-02T19:57:59.437+0000] {dagbag.py:540} INFO - Filling up the DagBag from /home/airflow/.local/lib/python3.12/site-packages/airflow/example_dags/example_python_operator.py
[2025-05-02T19:57:59.495+0000] {processor.py:840} INFO - DAG(s) 'example_python_operator' retrieved from /home/airflow/.local/lib/python3.12/site-packages/airflow/example_dags/example_python_operator.py
[2025-05-02T19:57:59.607+0000] {logging_mixin.py:188} INFO - [2025-05-02T19:57:59.607+0000] {dag.py:3096} INFO - Sync 1 DAGs
[2025-05-02T19:57:59.639+0000] {logging_mixin.py:188} INFO - [2025-05-02T19:57:59.638+0000] {dag.py:3954} INFO - Setting next_dagrun for example_python_operator to None, run_after=None
[2025-05-02T19:57:59.754+0000] {processor.py:183} INFO - Processing /home/airflow/.local/lib/python3.12/site-packages/airflow/example_dags/example_python_operator.py took 0.353 seconds
