[2025-05-02T19:33:07.029+0000] {processor.py:161} INFO - Started process (PID=71) to work on /home/airflow/.local/lib/python3.12/site-packages/airflow/example_dags/example_setup_teardown.py
[2025-05-02T19:33:07.031+0000] {processor.py:830} INFO - Processing file /home/airflow/.local/lib/python3.12/site-packages/airflow/example_dags/example_setup_teardown.py for tasks to queue
[2025-05-02T19:33:07.036+0000] {logging_mixin.py:188} INFO - [2025-05-02T19:33:07.035+0000] {dagbag.py:540} INFO - Filling up the DagBag from /home/airflow/.local/lib/python3.12/site-packages/airflow/example_dags/example_setup_teardown.py
[2025-05-02T19:33:07.053+0000] {processor.py:840} INFO - DAG(s) 'example_setup_teardown' retrieved from /home/airflow/.local/lib/python3.12/site-packages/airflow/example_dags/example_setup_teardown.py
[2025-05-02T19:33:07.076+0000] {logging_mixin.py:188} INFO - [2025-05-02T19:33:07.076+0000] {dag.py:3096} INFO - Sync 1 DAGs
[2025-05-02T19:33:07.120+0000] {logging_mixin.py:188} INFO - [2025-05-02T19:33:07.120+0000] {dag.py:3954} INFO - Setting next_dagrun for example_setup_teardown to 2025-05-01 00:00:00+00:00, run_after=2025-05-02 00:00:00+00:00
[2025-05-02T19:33:07.153+0000] {processor.py:183} INFO - Processing /home/airflow/.local/lib/python3.12/site-packages/airflow/example_dags/example_setup_teardown.py took 0.140 seconds
[2025-05-02T19:33:37.423+0000] {processor.py:161} INFO - Started process (PID=129) to work on /home/airflow/.local/lib/python3.12/site-packages/airflow/example_dags/example_setup_teardown.py
[2025-05-02T19:33:37.424+0000] {processor.py:830} INFO - Processing file /home/airflow/.local/lib/python3.12/site-packages/airflow/example_dags/example_setup_teardown.py for tasks to queue
[2025-05-02T19:33:37.426+0000] {logging_mixin.py:188} INFO - [2025-05-02T19:33:37.426+0000] {dagbag.py:540} INFO - Filling up the DagBag from /home/airflow/.local/lib/python3.12/site-packages/airflow/example_dags/example_setup_teardown.py
[2025-05-02T19:33:37.432+0000] {processor.py:840} INFO - DAG(s) 'example_setup_teardown' retrieved from /home/airflow/.local/lib/python3.12/site-packages/airflow/example_dags/example_setup_teardown.py
[2025-05-02T19:33:37.533+0000] {logging_mixin.py:188} INFO - [2025-05-02T19:33:37.533+0000] {dag.py:3096} INFO - Sync 1 DAGs
[2025-05-02T19:33:37.551+0000] {logging_mixin.py:188} INFO - [2025-05-02T19:33:37.551+0000] {dag.py:3954} INFO - Setting next_dagrun for example_setup_teardown to 2025-05-01 00:00:00+00:00, run_after=2025-05-02 00:00:00+00:00
[2025-05-02T19:33:37.568+0000] {processor.py:183} INFO - Processing /home/airflow/.local/lib/python3.12/site-packages/airflow/example_dags/example_setup_teardown.py took 0.151 seconds
[2025-05-02T19:34:07.735+0000] {processor.py:161} INFO - Started process (PID=187) to work on /home/airflow/.local/lib/python3.12/site-packages/airflow/example_dags/example_setup_teardown.py
[2025-05-02T19:34:07.735+0000] {processor.py:830} INFO - Processing file /home/airflow/.local/lib/python3.12/site-packages/airflow/example_dags/example_setup_teardown.py for tasks to queue
[2025-05-02T19:34:07.737+0000] {logging_mixin.py:188} INFO - [2025-05-02T19:34:07.737+0000] {dagbag.py:540} INFO - Filling up the DagBag from /home/airflow/.local/lib/python3.12/site-packages/airflow/example_dags/example_setup_teardown.py
[2025-05-02T19:34:07.744+0000] {processor.py:840} INFO - DAG(s) 'example_setup_teardown' retrieved from /home/airflow/.local/lib/python3.12/site-packages/airflow/example_dags/example_setup_teardown.py
[2025-05-02T19:34:07.762+0000] {logging_mixin.py:188} INFO - [2025-05-02T19:34:07.762+0000] {dag.py:3096} INFO - Sync 1 DAGs
[2025-05-02T19:34:07.781+0000] {logging_mixin.py:188} INFO - [2025-05-02T19:34:07.781+0000] {dag.py:3954} INFO - Setting next_dagrun for example_setup_teardown to 2025-05-01 00:00:00+00:00, run_after=2025-05-02 00:00:00+00:00
[2025-05-02T19:34:07.798+0000] {processor.py:183} INFO - Processing /home/airflow/.local/lib/python3.12/site-packages/airflow/example_dags/example_setup_teardown.py took 0.068 seconds
[2025-05-02T19:34:39.173+0000] {processor.py:161} INFO - Started process (PID=245) to work on /home/airflow/.local/lib/python3.12/site-packages/airflow/example_dags/example_setup_teardown.py
[2025-05-02T19:34:39.174+0000] {processor.py:830} INFO - Processing file /home/airflow/.local/lib/python3.12/site-packages/airflow/example_dags/example_setup_teardown.py for tasks to queue
[2025-05-02T19:34:39.176+0000] {logging_mixin.py:188} INFO - [2025-05-02T19:34:39.176+0000] {dagbag.py:540} INFO - Filling up the DagBag from /home/airflow/.local/lib/python3.12/site-packages/airflow/example_dags/example_setup_teardown.py
[2025-05-02T19:34:39.182+0000] {processor.py:840} INFO - DAG(s) 'example_setup_teardown' retrieved from /home/airflow/.local/lib/python3.12/site-packages/airflow/example_dags/example_setup_teardown.py
[2025-05-02T19:34:39.201+0000] {logging_mixin.py:188} INFO - [2025-05-02T19:34:39.200+0000] {dag.py:3096} INFO - Sync 1 DAGs
[2025-05-02T19:34:39.221+0000] {logging_mixin.py:188} INFO - [2025-05-02T19:34:39.221+0000] {dag.py:3954} INFO - Setting next_dagrun for example_setup_teardown to 2025-05-01 00:00:00+00:00, run_after=2025-05-02 00:00:00+00:00
[2025-05-02T19:34:39.239+0000] {processor.py:183} INFO - Processing /home/airflow/.local/lib/python3.12/site-packages/airflow/example_dags/example_setup_teardown.py took 0.071 seconds
[2025-05-02T19:35:09.839+0000] {processor.py:161} INFO - Started process (PID=303) to work on /home/airflow/.local/lib/python3.12/site-packages/airflow/example_dags/example_setup_teardown.py
[2025-05-02T19:35:09.840+0000] {processor.py:830} INFO - Processing file /home/airflow/.local/lib/python3.12/site-packages/airflow/example_dags/example_setup_teardown.py for tasks to queue
[2025-05-02T19:35:09.842+0000] {logging_mixin.py:188} INFO - [2025-05-02T19:35:09.841+0000] {dagbag.py:540} INFO - Filling up the DagBag from /home/airflow/.local/lib/python3.12/site-packages/airflow/example_dags/example_setup_teardown.py
[2025-05-02T19:35:09.847+0000] {processor.py:840} INFO - DAG(s) 'example_setup_teardown' retrieved from /home/airflow/.local/lib/python3.12/site-packages/airflow/example_dags/example_setup_teardown.py
[2025-05-02T19:35:09.868+0000] {logging_mixin.py:188} INFO - [2025-05-02T19:35:09.868+0000] {dag.py:3096} INFO - Sync 1 DAGs
[2025-05-02T19:35:09.887+0000] {logging_mixin.py:188} INFO - [2025-05-02T19:35:09.886+0000] {dag.py:3954} INFO - Setting next_dagrun for example_setup_teardown to 2025-05-01 00:00:00+00:00, run_after=2025-05-02 00:00:00+00:00
[2025-05-02T19:35:09.902+0000] {processor.py:183} INFO - Processing /home/airflow/.local/lib/python3.12/site-packages/airflow/example_dags/example_setup_teardown.py took 0.068 seconds
[2025-05-02T19:35:40.244+0000] {processor.py:161} INFO - Started process (PID=361) to work on /home/airflow/.local/lib/python3.12/site-packages/airflow/example_dags/example_setup_teardown.py
[2025-05-02T19:35:40.245+0000] {processor.py:830} INFO - Processing file /home/airflow/.local/lib/python3.12/site-packages/airflow/example_dags/example_setup_teardown.py for tasks to queue
[2025-05-02T19:35:40.247+0000] {logging_mixin.py:188} INFO - [2025-05-02T19:35:40.246+0000] {dagbag.py:540} INFO - Filling up the DagBag from /home/airflow/.local/lib/python3.12/site-packages/airflow/example_dags/example_setup_teardown.py
[2025-05-02T19:35:40.253+0000] {processor.py:840} INFO - DAG(s) 'example_setup_teardown' retrieved from /home/airflow/.local/lib/python3.12/site-packages/airflow/example_dags/example_setup_teardown.py
[2025-05-02T19:35:40.270+0000] {logging_mixin.py:188} INFO - [2025-05-02T19:35:40.270+0000] {dag.py:3096} INFO - Sync 1 DAGs
[2025-05-02T19:35:40.289+0000] {logging_mixin.py:188} INFO - [2025-05-02T19:35:40.289+0000] {dag.py:3954} INFO - Setting next_dagrun for example_setup_teardown to 2025-05-01 00:00:00+00:00, run_after=2025-05-02 00:00:00+00:00
[2025-05-02T19:35:40.306+0000] {processor.py:183} INFO - Processing /home/airflow/.local/lib/python3.12/site-packages/airflow/example_dags/example_setup_teardown.py took 0.068 seconds
[2025-05-02T19:36:10.715+0000] {processor.py:161} INFO - Started process (PID=419) to work on /home/airflow/.local/lib/python3.12/site-packages/airflow/example_dags/example_setup_teardown.py
[2025-05-02T19:36:10.720+0000] {processor.py:830} INFO - Processing file /home/airflow/.local/lib/python3.12/site-packages/airflow/example_dags/example_setup_teardown.py for tasks to queue
[2025-05-02T19:36:10.723+0000] {logging_mixin.py:188} INFO - [2025-05-02T19:36:10.722+0000] {dagbag.py:540} INFO - Filling up the DagBag from /home/airflow/.local/lib/python3.12/site-packages/airflow/example_dags/example_setup_teardown.py
[2025-05-02T19:36:10.728+0000] {processor.py:840} INFO - DAG(s) 'example_setup_teardown' retrieved from /home/airflow/.local/lib/python3.12/site-packages/airflow/example_dags/example_setup_teardown.py
[2025-05-02T19:36:10.744+0000] {logging_mixin.py:188} INFO - [2025-05-02T19:36:10.744+0000] {dag.py:3096} INFO - Sync 1 DAGs
[2025-05-02T19:36:10.761+0000] {logging_mixin.py:188} INFO - [2025-05-02T19:36:10.761+0000] {dag.py:3954} INFO - Setting next_dagrun for example_setup_teardown to 2025-05-01 00:00:00+00:00, run_after=2025-05-02 00:00:00+00:00
[2025-05-02T19:36:10.781+0000] {processor.py:183} INFO - Processing /home/airflow/.local/lib/python3.12/site-packages/airflow/example_dags/example_setup_teardown.py took 0.070 seconds
[2025-05-02T19:36:41.173+0000] {processor.py:161} INFO - Started process (PID=477) to work on /home/airflow/.local/lib/python3.12/site-packages/airflow/example_dags/example_setup_teardown.py
[2025-05-02T19:36:41.174+0000] {processor.py:830} INFO - Processing file /home/airflow/.local/lib/python3.12/site-packages/airflow/example_dags/example_setup_teardown.py for tasks to queue
[2025-05-02T19:36:41.175+0000] {logging_mixin.py:188} INFO - [2025-05-02T19:36:41.175+0000] {dagbag.py:540} INFO - Filling up the DagBag from /home/airflow/.local/lib/python3.12/site-packages/airflow/example_dags/example_setup_teardown.py
[2025-05-02T19:36:41.182+0000] {processor.py:840} INFO - DAG(s) 'example_setup_teardown' retrieved from /home/airflow/.local/lib/python3.12/site-packages/airflow/example_dags/example_setup_teardown.py
[2025-05-02T19:36:41.200+0000] {logging_mixin.py:188} INFO - [2025-05-02T19:36:41.200+0000] {dag.py:3096} INFO - Sync 1 DAGs
[2025-05-02T19:36:41.228+0000] {logging_mixin.py:188} INFO - [2025-05-02T19:36:41.227+0000] {dag.py:3954} INFO - Setting next_dagrun for example_setup_teardown to 2025-05-01 00:00:00+00:00, run_after=2025-05-02 00:00:00+00:00
[2025-05-02T19:36:41.256+0000] {processor.py:183} INFO - Processing /home/airflow/.local/lib/python3.12/site-packages/airflow/example_dags/example_setup_teardown.py took 0.089 seconds
[2025-05-02T19:37:11.454+0000] {processor.py:161} INFO - Started process (PID=535) to work on /home/airflow/.local/lib/python3.12/site-packages/airflow/example_dags/example_setup_teardown.py
[2025-05-02T19:37:11.457+0000] {processor.py:830} INFO - Processing file /home/airflow/.local/lib/python3.12/site-packages/airflow/example_dags/example_setup_teardown.py for tasks to queue
[2025-05-02T19:37:11.459+0000] {logging_mixin.py:188} INFO - [2025-05-02T19:37:11.458+0000] {dagbag.py:540} INFO - Filling up the DagBag from /home/airflow/.local/lib/python3.12/site-packages/airflow/example_dags/example_setup_teardown.py
[2025-05-02T19:37:11.464+0000] {processor.py:840} INFO - DAG(s) 'example_setup_teardown' retrieved from /home/airflow/.local/lib/python3.12/site-packages/airflow/example_dags/example_setup_teardown.py
[2025-05-02T19:37:11.481+0000] {logging_mixin.py:188} INFO - [2025-05-02T19:37:11.481+0000] {dag.py:3096} INFO - Sync 1 DAGs
[2025-05-02T19:37:11.499+0000] {logging_mixin.py:188} INFO - [2025-05-02T19:37:11.499+0000] {dag.py:3954} INFO - Setting next_dagrun for example_setup_teardown to 2025-05-01 00:00:00+00:00, run_after=2025-05-02 00:00:00+00:00
[2025-05-02T19:37:11.521+0000] {processor.py:183} INFO - Processing /home/airflow/.local/lib/python3.12/site-packages/airflow/example_dags/example_setup_teardown.py took 0.073 seconds
[2025-05-02T19:37:42.043+0000] {processor.py:161} INFO - Started process (PID=593) to work on /home/airflow/.local/lib/python3.12/site-packages/airflow/example_dags/example_setup_teardown.py
[2025-05-02T19:37:42.044+0000] {processor.py:830} INFO - Processing file /home/airflow/.local/lib/python3.12/site-packages/airflow/example_dags/example_setup_teardown.py for tasks to queue
[2025-05-02T19:37:42.045+0000] {logging_mixin.py:188} INFO - [2025-05-02T19:37:42.045+0000] {dagbag.py:540} INFO - Filling up the DagBag from /home/airflow/.local/lib/python3.12/site-packages/airflow/example_dags/example_setup_teardown.py
[2025-05-02T19:37:42.051+0000] {processor.py:840} INFO - DAG(s) 'example_setup_teardown' retrieved from /home/airflow/.local/lib/python3.12/site-packages/airflow/example_dags/example_setup_teardown.py
[2025-05-02T19:37:42.067+0000] {logging_mixin.py:188} INFO - [2025-05-02T19:37:42.066+0000] {dag.py:3096} INFO - Sync 1 DAGs
[2025-05-02T19:37:42.084+0000] {logging_mixin.py:188} INFO - [2025-05-02T19:37:42.084+0000] {dag.py:3954} INFO - Setting next_dagrun for example_setup_teardown to 2025-05-01 00:00:00+00:00, run_after=2025-05-02 00:00:00+00:00
[2025-05-02T19:37:42.099+0000] {processor.py:183} INFO - Processing /home/airflow/.local/lib/python3.12/site-packages/airflow/example_dags/example_setup_teardown.py took 0.061 seconds
[2025-05-02T19:38:12.347+0000] {processor.py:161} INFO - Started process (PID=651) to work on /home/airflow/.local/lib/python3.12/site-packages/airflow/example_dags/example_setup_teardown.py
[2025-05-02T19:38:12.348+0000] {processor.py:830} INFO - Processing file /home/airflow/.local/lib/python3.12/site-packages/airflow/example_dags/example_setup_teardown.py for tasks to queue
[2025-05-02T19:38:12.351+0000] {logging_mixin.py:188} INFO - [2025-05-02T19:38:12.350+0000] {dagbag.py:540} INFO - Filling up the DagBag from /home/airflow/.local/lib/python3.12/site-packages/airflow/example_dags/example_setup_teardown.py
[2025-05-02T19:38:12.362+0000] {processor.py:840} INFO - DAG(s) 'example_setup_teardown' retrieved from /home/airflow/.local/lib/python3.12/site-packages/airflow/example_dags/example_setup_teardown.py
[2025-05-02T19:38:12.388+0000] {logging_mixin.py:188} INFO - [2025-05-02T19:38:12.388+0000] {dag.py:3096} INFO - Sync 1 DAGs
[2025-05-02T19:38:12.408+0000] {logging_mixin.py:188} INFO - [2025-05-02T19:38:12.408+0000] {dag.py:3954} INFO - Setting next_dagrun for example_setup_teardown to 2025-05-01 00:00:00+00:00, run_after=2025-05-02 00:00:00+00:00
[2025-05-02T19:38:12.423+0000] {processor.py:183} INFO - Processing /home/airflow/.local/lib/python3.12/site-packages/airflow/example_dags/example_setup_teardown.py took 0.083 seconds
[2025-05-02T19:38:44.861+0000] {processor.py:161} INFO - Started process (PID=709) to work on /home/airflow/.local/lib/python3.12/site-packages/airflow/example_dags/example_setup_teardown.py
[2025-05-02T19:38:44.862+0000] {processor.py:830} INFO - Processing file /home/airflow/.local/lib/python3.12/site-packages/airflow/example_dags/example_setup_teardown.py for tasks to queue
[2025-05-02T19:38:44.863+0000] {logging_mixin.py:188} INFO - [2025-05-02T19:38:44.863+0000] {dagbag.py:540} INFO - Filling up the DagBag from /home/airflow/.local/lib/python3.12/site-packages/airflow/example_dags/example_setup_teardown.py
[2025-05-02T19:38:44.868+0000] {processor.py:840} INFO - DAG(s) 'example_setup_teardown' retrieved from /home/airflow/.local/lib/python3.12/site-packages/airflow/example_dags/example_setup_teardown.py
[2025-05-02T19:38:44.884+0000] {logging_mixin.py:188} INFO - [2025-05-02T19:38:44.884+0000] {dag.py:3096} INFO - Sync 1 DAGs
[2025-05-02T19:38:44.899+0000] {logging_mixin.py:188} INFO - [2025-05-02T19:38:44.899+0000] {dag.py:3954} INFO - Setting next_dagrun for example_setup_teardown to 2025-05-01 00:00:00+00:00, run_after=2025-05-02 00:00:00+00:00
[2025-05-02T19:38:44.914+0000] {processor.py:183} INFO - Processing /home/airflow/.local/lib/python3.12/site-packages/airflow/example_dags/example_setup_teardown.py took 0.058 seconds
[2025-05-02T19:39:18.247+0000] {processor.py:161} INFO - Started process (PID=767) to work on /home/airflow/.local/lib/python3.12/site-packages/airflow/example_dags/example_setup_teardown.py
[2025-05-02T19:39:18.248+0000] {processor.py:830} INFO - Processing file /home/airflow/.local/lib/python3.12/site-packages/airflow/example_dags/example_setup_teardown.py for tasks to queue
[2025-05-02T19:39:18.249+0000] {logging_mixin.py:188} INFO - [2025-05-02T19:39:18.249+0000] {dagbag.py:540} INFO - Filling up the DagBag from /home/airflow/.local/lib/python3.12/site-packages/airflow/example_dags/example_setup_teardown.py
[2025-05-02T19:39:18.257+0000] {processor.py:840} INFO - DAG(s) 'example_setup_teardown' retrieved from /home/airflow/.local/lib/python3.12/site-packages/airflow/example_dags/example_setup_teardown.py
[2025-05-02T19:39:18.274+0000] {logging_mixin.py:188} INFO - [2025-05-02T19:39:18.274+0000] {dag.py:3096} INFO - Sync 1 DAGs
[2025-05-02T19:39:18.296+0000] {logging_mixin.py:188} INFO - [2025-05-02T19:39:18.295+0000] {dag.py:3954} INFO - Setting next_dagrun for example_setup_teardown to 2025-05-01 00:00:00+00:00, run_after=2025-05-02 00:00:00+00:00
[2025-05-02T19:39:18.311+0000] {processor.py:183} INFO - Processing /home/airflow/.local/lib/python3.12/site-packages/airflow/example_dags/example_setup_teardown.py took 0.069 seconds
[2025-05-02T19:39:48.851+0000] {processor.py:161} INFO - Started process (PID=825) to work on /home/airflow/.local/lib/python3.12/site-packages/airflow/example_dags/example_setup_teardown.py
[2025-05-02T19:39:48.852+0000] {processor.py:830} INFO - Processing file /home/airflow/.local/lib/python3.12/site-packages/airflow/example_dags/example_setup_teardown.py for tasks to queue
[2025-05-02T19:39:48.854+0000] {logging_mixin.py:188} INFO - [2025-05-02T19:39:48.853+0000] {dagbag.py:540} INFO - Filling up the DagBag from /home/airflow/.local/lib/python3.12/site-packages/airflow/example_dags/example_setup_teardown.py
[2025-05-02T19:39:48.859+0000] {processor.py:840} INFO - DAG(s) 'example_setup_teardown' retrieved from /home/airflow/.local/lib/python3.12/site-packages/airflow/example_dags/example_setup_teardown.py
[2025-05-02T19:39:48.880+0000] {logging_mixin.py:188} INFO - [2025-05-02T19:39:48.879+0000] {dag.py:3096} INFO - Sync 1 DAGs
[2025-05-02T19:39:48.900+0000] {logging_mixin.py:188} INFO - [2025-05-02T19:39:48.900+0000] {dag.py:3954} INFO - Setting next_dagrun for example_setup_teardown to 2025-05-01 00:00:00+00:00, run_after=2025-05-02 00:00:00+00:00
[2025-05-02T19:39:48.922+0000] {processor.py:183} INFO - Processing /home/airflow/.local/lib/python3.12/site-packages/airflow/example_dags/example_setup_teardown.py took 0.076 seconds
[2025-05-02T19:40:19.552+0000] {processor.py:161} INFO - Started process (PID=883) to work on /home/airflow/.local/lib/python3.12/site-packages/airflow/example_dags/example_setup_teardown.py
[2025-05-02T19:40:19.553+0000] {processor.py:830} INFO - Processing file /home/airflow/.local/lib/python3.12/site-packages/airflow/example_dags/example_setup_teardown.py for tasks to queue
[2025-05-02T19:40:19.554+0000] {logging_mixin.py:188} INFO - [2025-05-02T19:40:19.554+0000] {dagbag.py:540} INFO - Filling up the DagBag from /home/airflow/.local/lib/python3.12/site-packages/airflow/example_dags/example_setup_teardown.py
[2025-05-02T19:40:19.560+0000] {processor.py:840} INFO - DAG(s) 'example_setup_teardown' retrieved from /home/airflow/.local/lib/python3.12/site-packages/airflow/example_dags/example_setup_teardown.py
[2025-05-02T19:40:19.578+0000] {logging_mixin.py:188} INFO - [2025-05-02T19:40:19.578+0000] {dag.py:3096} INFO - Sync 1 DAGs
[2025-05-02T19:40:19.594+0000] {logging_mixin.py:188} INFO - [2025-05-02T19:40:19.594+0000] {dag.py:3954} INFO - Setting next_dagrun for example_setup_teardown to 2025-05-01 00:00:00+00:00, run_after=2025-05-02 00:00:00+00:00
[2025-05-02T19:40:19.610+0000] {processor.py:183} INFO - Processing /home/airflow/.local/lib/python3.12/site-packages/airflow/example_dags/example_setup_teardown.py took 0.061 seconds
[2025-05-02T19:40:50.100+0000] {processor.py:161} INFO - Started process (PID=941) to work on /home/airflow/.local/lib/python3.12/site-packages/airflow/example_dags/example_setup_teardown.py
[2025-05-02T19:40:50.101+0000] {processor.py:830} INFO - Processing file /home/airflow/.local/lib/python3.12/site-packages/airflow/example_dags/example_setup_teardown.py for tasks to queue
[2025-05-02T19:40:50.102+0000] {logging_mixin.py:188} INFO - [2025-05-02T19:40:50.102+0000] {dagbag.py:540} INFO - Filling up the DagBag from /home/airflow/.local/lib/python3.12/site-packages/airflow/example_dags/example_setup_teardown.py
[2025-05-02T19:40:50.107+0000] {processor.py:840} INFO - DAG(s) 'example_setup_teardown' retrieved from /home/airflow/.local/lib/python3.12/site-packages/airflow/example_dags/example_setup_teardown.py
[2025-05-02T19:40:50.125+0000] {logging_mixin.py:188} INFO - [2025-05-02T19:40:50.125+0000] {dag.py:3096} INFO - Sync 1 DAGs
[2025-05-02T19:40:50.143+0000] {logging_mixin.py:188} INFO - [2025-05-02T19:40:50.142+0000] {dag.py:3954} INFO - Setting next_dagrun for example_setup_teardown to 2025-05-01 00:00:00+00:00, run_after=2025-05-02 00:00:00+00:00
[2025-05-02T19:40:50.163+0000] {processor.py:183} INFO - Processing /home/airflow/.local/lib/python3.12/site-packages/airflow/example_dags/example_setup_teardown.py took 0.070 seconds
[2025-05-02T19:41:20.469+0000] {processor.py:161} INFO - Started process (PID=999) to work on /home/airflow/.local/lib/python3.12/site-packages/airflow/example_dags/example_setup_teardown.py
[2025-05-02T19:41:20.470+0000] {processor.py:830} INFO - Processing file /home/airflow/.local/lib/python3.12/site-packages/airflow/example_dags/example_setup_teardown.py for tasks to queue
[2025-05-02T19:41:20.472+0000] {logging_mixin.py:188} INFO - [2025-05-02T19:41:20.471+0000] {dagbag.py:540} INFO - Filling up the DagBag from /home/airflow/.local/lib/python3.12/site-packages/airflow/example_dags/example_setup_teardown.py
[2025-05-02T19:41:20.478+0000] {processor.py:840} INFO - DAG(s) 'example_setup_teardown' retrieved from /home/airflow/.local/lib/python3.12/site-packages/airflow/example_dags/example_setup_teardown.py
[2025-05-02T19:41:20.500+0000] {logging_mixin.py:188} INFO - [2025-05-02T19:41:20.499+0000] {dag.py:3096} INFO - Sync 1 DAGs
[2025-05-02T19:41:20.517+0000] {logging_mixin.py:188} INFO - [2025-05-02T19:41:20.517+0000] {dag.py:3954} INFO - Setting next_dagrun for example_setup_teardown to 2025-05-01 00:00:00+00:00, run_after=2025-05-02 00:00:00+00:00
[2025-05-02T19:41:20.534+0000] {processor.py:183} INFO - Processing /home/airflow/.local/lib/python3.12/site-packages/airflow/example_dags/example_setup_teardown.py took 0.070 seconds
[2025-05-02T19:41:51.193+0000] {processor.py:161} INFO - Started process (PID=1057) to work on /home/airflow/.local/lib/python3.12/site-packages/airflow/example_dags/example_setup_teardown.py
[2025-05-02T19:41:51.194+0000] {processor.py:830} INFO - Processing file /home/airflow/.local/lib/python3.12/site-packages/airflow/example_dags/example_setup_teardown.py for tasks to queue
[2025-05-02T19:41:51.195+0000] {logging_mixin.py:188} INFO - [2025-05-02T19:41:51.195+0000] {dagbag.py:540} INFO - Filling up the DagBag from /home/airflow/.local/lib/python3.12/site-packages/airflow/example_dags/example_setup_teardown.py
[2025-05-02T19:41:51.203+0000] {processor.py:840} INFO - DAG(s) 'example_setup_teardown' retrieved from /home/airflow/.local/lib/python3.12/site-packages/airflow/example_dags/example_setup_teardown.py
[2025-05-02T19:41:51.223+0000] {logging_mixin.py:188} INFO - [2025-05-02T19:41:51.222+0000] {dag.py:3096} INFO - Sync 1 DAGs
[2025-05-02T19:41:51.250+0000] {logging_mixin.py:188} INFO - [2025-05-02T19:41:51.250+0000] {dag.py:3954} INFO - Setting next_dagrun for example_setup_teardown to 2025-05-01 00:00:00+00:00, run_after=2025-05-02 00:00:00+00:00
[2025-05-02T19:41:51.272+0000] {processor.py:183} INFO - Processing /home/airflow/.local/lib/python3.12/site-packages/airflow/example_dags/example_setup_teardown.py took 0.085 seconds
[2025-05-02T19:42:21.812+0000] {processor.py:161} INFO - Started process (PID=1109) to work on /home/airflow/.local/lib/python3.12/site-packages/airflow/example_dags/example_setup_teardown.py
[2025-05-02T19:42:21.813+0000] {processor.py:830} INFO - Processing file /home/airflow/.local/lib/python3.12/site-packages/airflow/example_dags/example_setup_teardown.py for tasks to queue
[2025-05-02T19:42:21.815+0000] {logging_mixin.py:188} INFO - [2025-05-02T19:42:21.815+0000] {dagbag.py:540} INFO - Filling up the DagBag from /home/airflow/.local/lib/python3.12/site-packages/airflow/example_dags/example_setup_teardown.py
[2025-05-02T19:42:21.822+0000] {processor.py:840} INFO - DAG(s) 'example_setup_teardown' retrieved from /home/airflow/.local/lib/python3.12/site-packages/airflow/example_dags/example_setup_teardown.py
[2025-05-02T19:42:21.840+0000] {logging_mixin.py:188} INFO - [2025-05-02T19:42:21.840+0000] {dag.py:3096} INFO - Sync 1 DAGs
[2025-05-02T19:42:21.865+0000] {logging_mixin.py:188} INFO - [2025-05-02T19:42:21.864+0000] {dag.py:3954} INFO - Setting next_dagrun for example_setup_teardown to 2025-05-01 00:00:00+00:00, run_after=2025-05-02 00:00:00+00:00
[2025-05-02T19:42:21.882+0000] {processor.py:183} INFO - Processing /home/airflow/.local/lib/python3.12/site-packages/airflow/example_dags/example_setup_teardown.py took 0.077 seconds
[2025-05-02T19:42:52.546+0000] {processor.py:161} INFO - Started process (PID=1167) to work on /home/airflow/.local/lib/python3.12/site-packages/airflow/example_dags/example_setup_teardown.py
[2025-05-02T19:42:52.548+0000] {processor.py:830} INFO - Processing file /home/airflow/.local/lib/python3.12/site-packages/airflow/example_dags/example_setup_teardown.py for tasks to queue
[2025-05-02T19:42:52.550+0000] {logging_mixin.py:188} INFO - [2025-05-02T19:42:52.549+0000] {dagbag.py:540} INFO - Filling up the DagBag from /home/airflow/.local/lib/python3.12/site-packages/airflow/example_dags/example_setup_teardown.py
[2025-05-02T19:42:52.558+0000] {processor.py:840} INFO - DAG(s) 'example_setup_teardown' retrieved from /home/airflow/.local/lib/python3.12/site-packages/airflow/example_dags/example_setup_teardown.py
[2025-05-02T19:42:52.577+0000] {logging_mixin.py:188} INFO - [2025-05-02T19:42:52.577+0000] {dag.py:3096} INFO - Sync 1 DAGs
[2025-05-02T19:42:52.598+0000] {logging_mixin.py:188} INFO - [2025-05-02T19:42:52.597+0000] {dag.py:3954} INFO - Setting next_dagrun for example_setup_teardown to 2025-05-01 00:00:00+00:00, run_after=2025-05-02 00:00:00+00:00
[2025-05-02T19:42:52.618+0000] {processor.py:183} INFO - Processing /home/airflow/.local/lib/python3.12/site-packages/airflow/example_dags/example_setup_teardown.py took 0.077 seconds
[2025-05-02T19:43:24.753+0000] {processor.py:161} INFO - Started process (PID=1227) to work on /home/airflow/.local/lib/python3.12/site-packages/airflow/example_dags/example_setup_teardown.py
[2025-05-02T19:43:24.754+0000] {processor.py:830} INFO - Processing file /home/airflow/.local/lib/python3.12/site-packages/airflow/example_dags/example_setup_teardown.py for tasks to queue
[2025-05-02T19:43:24.755+0000] {logging_mixin.py:188} INFO - [2025-05-02T19:43:24.755+0000] {dagbag.py:540} INFO - Filling up the DagBag from /home/airflow/.local/lib/python3.12/site-packages/airflow/example_dags/example_setup_teardown.py
[2025-05-02T19:43:24.762+0000] {processor.py:840} INFO - DAG(s) 'example_setup_teardown' retrieved from /home/airflow/.local/lib/python3.12/site-packages/airflow/example_dags/example_setup_teardown.py
[2025-05-02T19:43:24.783+0000] {logging_mixin.py:188} INFO - [2025-05-02T19:43:24.783+0000] {dag.py:3096} INFO - Sync 1 DAGs
[2025-05-02T19:43:24.800+0000] {logging_mixin.py:188} INFO - [2025-05-02T19:43:24.799+0000] {dag.py:3954} INFO - Setting next_dagrun for example_setup_teardown to 2025-05-01 00:00:00+00:00, run_after=2025-05-02 00:00:00+00:00
[2025-05-02T19:43:24.816+0000] {processor.py:183} INFO - Processing /home/airflow/.local/lib/python3.12/site-packages/airflow/example_dags/example_setup_teardown.py took 0.069 seconds
[2025-05-02T19:43:55.440+0000] {processor.py:161} INFO - Started process (PID=1287) to work on /home/airflow/.local/lib/python3.12/site-packages/airflow/example_dags/example_setup_teardown.py
[2025-05-02T19:43:55.451+0000] {processor.py:830} INFO - Processing file /home/airflow/.local/lib/python3.12/site-packages/airflow/example_dags/example_setup_teardown.py for tasks to queue
[2025-05-02T19:43:55.454+0000] {logging_mixin.py:188} INFO - [2025-05-02T19:43:55.453+0000] {dagbag.py:540} INFO - Filling up the DagBag from /home/airflow/.local/lib/python3.12/site-packages/airflow/example_dags/example_setup_teardown.py
[2025-05-02T19:43:55.463+0000] {processor.py:840} INFO - DAG(s) 'example_setup_teardown' retrieved from /home/airflow/.local/lib/python3.12/site-packages/airflow/example_dags/example_setup_teardown.py
[2025-05-02T19:43:55.505+0000] {logging_mixin.py:188} INFO - [2025-05-02T19:43:55.504+0000] {dag.py:3096} INFO - Sync 1 DAGs
[2025-05-02T19:43:55.547+0000] {logging_mixin.py:188} INFO - [2025-05-02T19:43:55.546+0000] {dag.py:3954} INFO - Setting next_dagrun for example_setup_teardown to 2025-05-01 00:00:00+00:00, run_after=2025-05-02 00:00:00+00:00
[2025-05-02T19:43:55.578+0000] {processor.py:183} INFO - Processing /home/airflow/.local/lib/python3.12/site-packages/airflow/example_dags/example_setup_teardown.py took 0.145 seconds
[2025-05-02T19:44:25.771+0000] {processor.py:161} INFO - Started process (PID=1382) to work on /home/airflow/.local/lib/python3.12/site-packages/airflow/example_dags/example_setup_teardown.py
[2025-05-02T19:44:25.772+0000] {processor.py:830} INFO - Processing file /home/airflow/.local/lib/python3.12/site-packages/airflow/example_dags/example_setup_teardown.py for tasks to queue
[2025-05-02T19:44:25.776+0000] {logging_mixin.py:188} INFO - [2025-05-02T19:44:25.775+0000] {dagbag.py:540} INFO - Filling up the DagBag from /home/airflow/.local/lib/python3.12/site-packages/airflow/example_dags/example_setup_teardown.py
[2025-05-02T19:44:25.790+0000] {processor.py:840} INFO - DAG(s) 'example_setup_teardown' retrieved from /home/airflow/.local/lib/python3.12/site-packages/airflow/example_dags/example_setup_teardown.py
[2025-05-02T19:44:25.866+0000] {logging_mixin.py:188} INFO - [2025-05-02T19:44:25.865+0000] {dag.py:3096} INFO - Sync 1 DAGs
[2025-05-02T19:44:25.937+0000] {logging_mixin.py:188} INFO - [2025-05-02T19:44:25.937+0000] {dag.py:3954} INFO - Setting next_dagrun for example_setup_teardown to 2025-05-01 00:00:00+00:00, run_after=2025-05-02 00:00:00+00:00
[2025-05-02T19:44:26.030+0000] {processor.py:183} INFO - Processing /home/airflow/.local/lib/python3.12/site-packages/airflow/example_dags/example_setup_teardown.py took 0.274 seconds
[2025-05-02T19:44:56.273+0000] {processor.py:161} INFO - Started process (PID=1484) to work on /home/airflow/.local/lib/python3.12/site-packages/airflow/example_dags/example_setup_teardown.py
[2025-05-02T19:44:56.275+0000] {processor.py:830} INFO - Processing file /home/airflow/.local/lib/python3.12/site-packages/airflow/example_dags/example_setup_teardown.py for tasks to queue
[2025-05-02T19:44:56.278+0000] {logging_mixin.py:188} INFO - [2025-05-02T19:44:56.278+0000] {dagbag.py:540} INFO - Filling up the DagBag from /home/airflow/.local/lib/python3.12/site-packages/airflow/example_dags/example_setup_teardown.py
[2025-05-02T19:44:56.299+0000] {processor.py:840} INFO - DAG(s) 'example_setup_teardown' retrieved from /home/airflow/.local/lib/python3.12/site-packages/airflow/example_dags/example_setup_teardown.py
[2025-05-02T19:44:56.341+0000] {logging_mixin.py:188} INFO - [2025-05-02T19:44:56.340+0000] {dag.py:3096} INFO - Sync 1 DAGs
[2025-05-02T19:44:56.399+0000] {logging_mixin.py:188} INFO - [2025-05-02T19:44:56.399+0000] {dag.py:3954} INFO - Setting next_dagrun for example_setup_teardown to 2025-05-01 00:00:00+00:00, run_after=2025-05-02 00:00:00+00:00
[2025-05-02T19:44:56.454+0000] {processor.py:183} INFO - Processing /home/airflow/.local/lib/python3.12/site-packages/airflow/example_dags/example_setup_teardown.py took 0.199 seconds
[2025-05-02T19:45:28.371+0000] {processor.py:161} INFO - Started process (PID=1583) to work on /home/airflow/.local/lib/python3.12/site-packages/airflow/example_dags/example_setup_teardown.py
[2025-05-02T19:45:28.372+0000] {processor.py:830} INFO - Processing file /home/airflow/.local/lib/python3.12/site-packages/airflow/example_dags/example_setup_teardown.py for tasks to queue
[2025-05-02T19:45:28.376+0000] {logging_mixin.py:188} INFO - [2025-05-02T19:45:28.375+0000] {dagbag.py:540} INFO - Filling up the DagBag from /home/airflow/.local/lib/python3.12/site-packages/airflow/example_dags/example_setup_teardown.py
[2025-05-02T19:45:28.390+0000] {processor.py:840} INFO - DAG(s) 'example_setup_teardown' retrieved from /home/airflow/.local/lib/python3.12/site-packages/airflow/example_dags/example_setup_teardown.py
[2025-05-02T19:45:28.487+0000] {logging_mixin.py:188} INFO - [2025-05-02T19:45:28.486+0000] {dag.py:3096} INFO - Sync 1 DAGs
[2025-05-02T19:45:28.559+0000] {logging_mixin.py:188} INFO - [2025-05-02T19:45:28.558+0000] {dag.py:3954} INFO - Setting next_dagrun for example_setup_teardown to 2025-05-01 00:00:00+00:00, run_after=2025-05-02 00:00:00+00:00
[2025-05-02T19:45:28.666+0000] {processor.py:183} INFO - Processing /home/airflow/.local/lib/python3.12/site-packages/airflow/example_dags/example_setup_teardown.py took 0.308 seconds
[2025-05-02T19:45:58.780+0000] {processor.py:161} INFO - Started process (PID=1691) to work on /home/airflow/.local/lib/python3.12/site-packages/airflow/example_dags/example_setup_teardown.py
[2025-05-02T19:45:58.782+0000] {processor.py:830} INFO - Processing file /home/airflow/.local/lib/python3.12/site-packages/airflow/example_dags/example_setup_teardown.py for tasks to queue
[2025-05-02T19:45:58.785+0000] {logging_mixin.py:188} INFO - [2025-05-02T19:45:58.784+0000] {dagbag.py:540} INFO - Filling up the DagBag from /home/airflow/.local/lib/python3.12/site-packages/airflow/example_dags/example_setup_teardown.py
[2025-05-02T19:45:58.805+0000] {processor.py:840} INFO - DAG(s) 'example_setup_teardown' retrieved from /home/airflow/.local/lib/python3.12/site-packages/airflow/example_dags/example_setup_teardown.py
[2025-05-02T19:45:58.918+0000] {logging_mixin.py:188} INFO - [2025-05-02T19:45:58.918+0000] {dag.py:3096} INFO - Sync 1 DAGs
[2025-05-02T19:45:58.970+0000] {logging_mixin.py:188} INFO - [2025-05-02T19:45:58.970+0000] {dag.py:3954} INFO - Setting next_dagrun for example_setup_teardown to 2025-05-01 00:00:00+00:00, run_after=2025-05-02 00:00:00+00:00
[2025-05-02T19:45:59.025+0000] {processor.py:183} INFO - Processing /home/airflow/.local/lib/python3.12/site-packages/airflow/example_dags/example_setup_teardown.py took 0.270 seconds
[2025-05-02T19:46:30.216+0000] {processor.py:161} INFO - Started process (PID=1790) to work on /home/airflow/.local/lib/python3.12/site-packages/airflow/example_dags/example_setup_teardown.py
[2025-05-02T19:46:30.218+0000] {processor.py:830} INFO - Processing file /home/airflow/.local/lib/python3.12/site-packages/airflow/example_dags/example_setup_teardown.py for tasks to queue
[2025-05-02T19:46:30.221+0000] {logging_mixin.py:188} INFO - [2025-05-02T19:46:30.220+0000] {dagbag.py:540} INFO - Filling up the DagBag from /home/airflow/.local/lib/python3.12/site-packages/airflow/example_dags/example_setup_teardown.py
[2025-05-02T19:46:30.235+0000] {processor.py:840} INFO - DAG(s) 'example_setup_teardown' retrieved from /home/airflow/.local/lib/python3.12/site-packages/airflow/example_dags/example_setup_teardown.py
[2025-05-02T19:46:30.358+0000] {logging_mixin.py:188} INFO - [2025-05-02T19:46:30.358+0000] {dag.py:3096} INFO - Sync 1 DAGs
[2025-05-02T19:46:30.460+0000] {logging_mixin.py:188} INFO - [2025-05-02T19:46:30.460+0000] {dag.py:3954} INFO - Setting next_dagrun for example_setup_teardown to 2025-05-01 00:00:00+00:00, run_after=2025-05-02 00:00:00+00:00
[2025-05-02T19:46:30.585+0000] {processor.py:183} INFO - Processing /home/airflow/.local/lib/python3.12/site-packages/airflow/example_dags/example_setup_teardown.py took 0.390 seconds
[2025-05-02T19:47:01.605+0000] {processor.py:161} INFO - Started process (PID=1900) to work on /home/airflow/.local/lib/python3.12/site-packages/airflow/example_dags/example_setup_teardown.py
[2025-05-02T19:47:01.608+0000] {processor.py:830} INFO - Processing file /home/airflow/.local/lib/python3.12/site-packages/airflow/example_dags/example_setup_teardown.py for tasks to queue
[2025-05-02T19:47:01.612+0000] {logging_mixin.py:188} INFO - [2025-05-02T19:47:01.611+0000] {dagbag.py:540} INFO - Filling up the DagBag from /home/airflow/.local/lib/python3.12/site-packages/airflow/example_dags/example_setup_teardown.py
[2025-05-02T19:47:01.627+0000] {processor.py:840} INFO - DAG(s) 'example_setup_teardown' retrieved from /home/airflow/.local/lib/python3.12/site-packages/airflow/example_dags/example_setup_teardown.py
[2025-05-02T19:47:01.760+0000] {logging_mixin.py:188} INFO - [2025-05-02T19:47:01.759+0000] {dag.py:3096} INFO - Sync 1 DAGs
[2025-05-02T19:47:01.860+0000] {logging_mixin.py:188} INFO - [2025-05-02T19:47:01.860+0000] {dag.py:3954} INFO - Setting next_dagrun for example_setup_teardown to 2025-05-01 00:00:00+00:00, run_after=2025-05-02 00:00:00+00:00
[2025-05-02T19:47:02.313+0000] {processor.py:183} INFO - Processing /home/airflow/.local/lib/python3.12/site-packages/airflow/example_dags/example_setup_teardown.py took 0.721 seconds
[2025-05-02T19:47:37.113+0000] {processor.py:161} INFO - Started process (PID=2002) to work on /home/airflow/.local/lib/python3.12/site-packages/airflow/example_dags/example_setup_teardown.py
[2025-05-02T19:47:37.122+0000] {processor.py:830} INFO - Processing file /home/airflow/.local/lib/python3.12/site-packages/airflow/example_dags/example_setup_teardown.py for tasks to queue
[2025-05-02T19:47:37.125+0000] {logging_mixin.py:188} INFO - [2025-05-02T19:47:37.124+0000] {dagbag.py:540} INFO - Filling up the DagBag from /home/airflow/.local/lib/python3.12/site-packages/airflow/example_dags/example_setup_teardown.py
[2025-05-02T19:47:37.152+0000] {processor.py:840} INFO - DAG(s) 'example_setup_teardown' retrieved from /home/airflow/.local/lib/python3.12/site-packages/airflow/example_dags/example_setup_teardown.py
[2025-05-02T19:47:37.253+0000] {logging_mixin.py:188} INFO - [2025-05-02T19:47:37.253+0000] {dag.py:3096} INFO - Sync 1 DAGs
[2025-05-02T19:47:37.331+0000] {logging_mixin.py:188} INFO - [2025-05-02T19:47:37.330+0000] {dag.py:3954} INFO - Setting next_dagrun for example_setup_teardown to 2025-05-01 00:00:00+00:00, run_after=2025-05-02 00:00:00+00:00
[2025-05-02T19:47:37.419+0000] {processor.py:183} INFO - Processing /home/airflow/.local/lib/python3.12/site-packages/airflow/example_dags/example_setup_teardown.py took 0.329 seconds
[2025-05-02T19:48:09.911+0000] {processor.py:161} INFO - Started process (PID=2105) to work on /home/airflow/.local/lib/python3.12/site-packages/airflow/example_dags/example_setup_teardown.py
[2025-05-02T19:48:09.913+0000] {processor.py:830} INFO - Processing file /home/airflow/.local/lib/python3.12/site-packages/airflow/example_dags/example_setup_teardown.py for tasks to queue
[2025-05-02T19:48:09.917+0000] {logging_mixin.py:188} INFO - [2025-05-02T19:48:09.917+0000] {dagbag.py:540} INFO - Filling up the DagBag from /home/airflow/.local/lib/python3.12/site-packages/airflow/example_dags/example_setup_teardown.py
[2025-05-02T19:48:09.932+0000] {processor.py:840} INFO - DAG(s) 'example_setup_teardown' retrieved from /home/airflow/.local/lib/python3.12/site-packages/airflow/example_dags/example_setup_teardown.py
[2025-05-02T19:48:09.980+0000] {logging_mixin.py:188} INFO - [2025-05-02T19:48:09.980+0000] {dag.py:3096} INFO - Sync 1 DAGs
[2025-05-02T19:48:10.029+0000] {logging_mixin.py:188} INFO - [2025-05-02T19:48:10.029+0000] {dag.py:3954} INFO - Setting next_dagrun for example_setup_teardown to 2025-05-01 00:00:00+00:00, run_after=2025-05-02 00:00:00+00:00
[2025-05-02T19:48:10.129+0000] {processor.py:183} INFO - Processing /home/airflow/.local/lib/python3.12/site-packages/airflow/example_dags/example_setup_teardown.py took 0.230 seconds
[2025-05-02T19:48:47.763+0000] {processor.py:161} INFO - Started process (PID=2197) to work on /home/airflow/.local/lib/python3.12/site-packages/airflow/example_dags/example_setup_teardown.py
[2025-05-02T19:48:47.779+0000] {processor.py:830} INFO - Processing file /home/airflow/.local/lib/python3.12/site-packages/airflow/example_dags/example_setup_teardown.py for tasks to queue
[2025-05-02T19:48:47.790+0000] {logging_mixin.py:188} INFO - [2025-05-02T19:48:47.789+0000] {dagbag.py:540} INFO - Filling up the DagBag from /home/airflow/.local/lib/python3.12/site-packages/airflow/example_dags/example_setup_teardown.py
[2025-05-02T19:48:47.823+0000] {processor.py:840} INFO - DAG(s) 'example_setup_teardown' retrieved from /home/airflow/.local/lib/python3.12/site-packages/airflow/example_dags/example_setup_teardown.py
[2025-05-02T19:48:47.961+0000] {logging_mixin.py:188} INFO - [2025-05-02T19:48:47.960+0000] {dag.py:3096} INFO - Sync 1 DAGs
[2025-05-02T19:48:48.044+0000] {logging_mixin.py:188} INFO - [2025-05-02T19:48:48.044+0000] {dag.py:3954} INFO - Setting next_dagrun for example_setup_teardown to 2025-05-01 00:00:00+00:00, run_after=2025-05-02 00:00:00+00:00
[2025-05-02T19:48:48.137+0000] {processor.py:183} INFO - Processing /home/airflow/.local/lib/python3.12/site-packages/airflow/example_dags/example_setup_teardown.py took 0.395 seconds
[2025-05-02T19:49:21.143+0000] {processor.py:161} INFO - Started process (PID=2294) to work on /home/airflow/.local/lib/python3.12/site-packages/airflow/example_dags/example_setup_teardown.py
[2025-05-02T19:49:21.144+0000] {processor.py:830} INFO - Processing file /home/airflow/.local/lib/python3.12/site-packages/airflow/example_dags/example_setup_teardown.py for tasks to queue
[2025-05-02T19:49:21.148+0000] {logging_mixin.py:188} INFO - [2025-05-02T19:49:21.148+0000] {dagbag.py:540} INFO - Filling up the DagBag from /home/airflow/.local/lib/python3.12/site-packages/airflow/example_dags/example_setup_teardown.py
[2025-05-02T19:49:21.162+0000] {processor.py:840} INFO - DAG(s) 'example_setup_teardown' retrieved from /home/airflow/.local/lib/python3.12/site-packages/airflow/example_dags/example_setup_teardown.py
[2025-05-02T19:49:21.202+0000] {logging_mixin.py:188} INFO - [2025-05-02T19:49:21.201+0000] {dag.py:3096} INFO - Sync 1 DAGs
[2025-05-02T19:49:21.307+0000] {logging_mixin.py:188} INFO - [2025-05-02T19:49:21.307+0000] {dag.py:3954} INFO - Setting next_dagrun for example_setup_teardown to 2025-05-01 00:00:00+00:00, run_after=2025-05-02 00:00:00+00:00
[2025-05-02T19:49:21.421+0000] {processor.py:183} INFO - Processing /home/airflow/.local/lib/python3.12/site-packages/airflow/example_dags/example_setup_teardown.py took 0.305 seconds
[2025-05-02T19:49:55.325+0000] {processor.py:161} INFO - Started process (PID=2376) to work on /home/airflow/.local/lib/python3.12/site-packages/airflow/example_dags/example_setup_teardown.py
[2025-05-02T19:49:55.328+0000] {processor.py:830} INFO - Processing file /home/airflow/.local/lib/python3.12/site-packages/airflow/example_dags/example_setup_teardown.py for tasks to queue
[2025-05-02T19:49:55.332+0000] {logging_mixin.py:188} INFO - [2025-05-02T19:49:55.331+0000] {dagbag.py:540} INFO - Filling up the DagBag from /home/airflow/.local/lib/python3.12/site-packages/airflow/example_dags/example_setup_teardown.py
[2025-05-02T19:49:55.357+0000] {processor.py:840} INFO - DAG(s) 'example_setup_teardown' retrieved from /home/airflow/.local/lib/python3.12/site-packages/airflow/example_dags/example_setup_teardown.py
[2025-05-02T19:49:55.410+0000] {logging_mixin.py:188} INFO - [2025-05-02T19:49:55.410+0000] {dag.py:3096} INFO - Sync 1 DAGs
[2025-05-02T19:49:55.459+0000] {logging_mixin.py:188} INFO - [2025-05-02T19:49:55.459+0000] {dag.py:3954} INFO - Setting next_dagrun for example_setup_teardown to 2025-05-01 00:00:00+00:00, run_after=2025-05-02 00:00:00+00:00
[2025-05-02T19:49:55.868+0000] {processor.py:183} INFO - Processing /home/airflow/.local/lib/python3.12/site-packages/airflow/example_dags/example_setup_teardown.py took 0.556 seconds
[2025-05-02T19:50:30.041+0000] {processor.py:161} INFO - Started process (PID=2496) to work on /home/airflow/.local/lib/python3.12/site-packages/airflow/example_dags/example_setup_teardown.py
[2025-05-02T19:50:30.044+0000] {processor.py:830} INFO - Processing file /home/airflow/.local/lib/python3.12/site-packages/airflow/example_dags/example_setup_teardown.py for tasks to queue
[2025-05-02T19:50:30.049+0000] {logging_mixin.py:188} INFO - [2025-05-02T19:50:30.048+0000] {dagbag.py:540} INFO - Filling up the DagBag from /home/airflow/.local/lib/python3.12/site-packages/airflow/example_dags/example_setup_teardown.py
[2025-05-02T19:50:30.063+0000] {processor.py:840} INFO - DAG(s) 'example_setup_teardown' retrieved from /home/airflow/.local/lib/python3.12/site-packages/airflow/example_dags/example_setup_teardown.py
[2025-05-02T19:50:30.189+0000] {logging_mixin.py:188} INFO - [2025-05-02T19:50:30.188+0000] {dag.py:3096} INFO - Sync 1 DAGs
[2025-05-02T19:50:30.303+0000] {logging_mixin.py:188} INFO - [2025-05-02T19:50:30.303+0000] {dag.py:3954} INFO - Setting next_dagrun for example_setup_teardown to 2025-05-01 00:00:00+00:00, run_after=2025-05-02 00:00:00+00:00
[2025-05-02T19:50:30.432+0000] {processor.py:183} INFO - Processing /home/airflow/.local/lib/python3.12/site-packages/airflow/example_dags/example_setup_teardown.py took 0.404 seconds
[2025-05-02T19:51:05.468+0000] {processor.py:161} INFO - Started process (PID=2587) to work on /home/airflow/.local/lib/python3.12/site-packages/airflow/example_dags/example_setup_teardown.py
[2025-05-02T19:51:05.477+0000] {processor.py:830} INFO - Processing file /home/airflow/.local/lib/python3.12/site-packages/airflow/example_dags/example_setup_teardown.py for tasks to queue
[2025-05-02T19:51:05.480+0000] {logging_mixin.py:188} INFO - [2025-05-02T19:51:05.479+0000] {dagbag.py:540} INFO - Filling up the DagBag from /home/airflow/.local/lib/python3.12/site-packages/airflow/example_dags/example_setup_teardown.py
[2025-05-02T19:51:05.496+0000] {processor.py:840} INFO - DAG(s) 'example_setup_teardown' retrieved from /home/airflow/.local/lib/python3.12/site-packages/airflow/example_dags/example_setup_teardown.py
[2025-05-02T19:51:05.952+0000] {logging_mixin.py:188} INFO - [2025-05-02T19:51:05.952+0000] {dag.py:3096} INFO - Sync 1 DAGs
[2025-05-02T19:51:06.006+0000] {logging_mixin.py:188} INFO - [2025-05-02T19:51:06.006+0000] {dag.py:3954} INFO - Setting next_dagrun for example_setup_teardown to 2025-05-01 00:00:00+00:00, run_after=2025-05-02 00:00:00+00:00
[2025-05-02T19:51:06.112+0000] {processor.py:183} INFO - Processing /home/airflow/.local/lib/python3.12/site-packages/airflow/example_dags/example_setup_teardown.py took 0.656 seconds
[2025-05-02T19:51:39.422+0000] {processor.py:161} INFO - Started process (PID=2703) to work on /home/airflow/.local/lib/python3.12/site-packages/airflow/example_dags/example_setup_teardown.py
[2025-05-02T19:51:39.432+0000] {processor.py:830} INFO - Processing file /home/airflow/.local/lib/python3.12/site-packages/airflow/example_dags/example_setup_teardown.py for tasks to queue
[2025-05-02T19:51:39.439+0000] {logging_mixin.py:188} INFO - [2025-05-02T19:51:39.436+0000] {dagbag.py:540} INFO - Filling up the DagBag from /home/airflow/.local/lib/python3.12/site-packages/airflow/example_dags/example_setup_teardown.py
[2025-05-02T19:51:39.456+0000] {processor.py:840} INFO - DAG(s) 'example_setup_teardown' retrieved from /home/airflow/.local/lib/python3.12/site-packages/airflow/example_dags/example_setup_teardown.py
[2025-05-02T19:51:39.571+0000] {logging_mixin.py:188} INFO - [2025-05-02T19:51:39.570+0000] {dag.py:3096} INFO - Sync 1 DAGs
[2025-05-02T19:51:39.722+0000] {logging_mixin.py:188} INFO - [2025-05-02T19:51:39.722+0000] {dag.py:3954} INFO - Setting next_dagrun for example_setup_teardown to 2025-05-01 00:00:00+00:00, run_after=2025-05-02 00:00:00+00:00
[2025-05-02T19:51:40.236+0000] {processor.py:183} INFO - Processing /home/airflow/.local/lib/python3.12/site-packages/airflow/example_dags/example_setup_teardown.py took 0.843 seconds
[2025-05-02T19:52:13.845+0000] {processor.py:161} INFO - Started process (PID=2779) to work on /home/airflow/.local/lib/python3.12/site-packages/airflow/example_dags/example_setup_teardown.py
[2025-05-02T19:52:13.848+0000] {processor.py:830} INFO - Processing file /home/airflow/.local/lib/python3.12/site-packages/airflow/example_dags/example_setup_teardown.py for tasks to queue
[2025-05-02T19:52:13.857+0000] {logging_mixin.py:188} INFO - [2025-05-02T19:52:13.851+0000] {dagbag.py:540} INFO - Filling up the DagBag from /home/airflow/.local/lib/python3.12/site-packages/airflow/example_dags/example_setup_teardown.py
[2025-05-02T19:52:13.875+0000] {processor.py:840} INFO - DAG(s) 'example_setup_teardown' retrieved from /home/airflow/.local/lib/python3.12/site-packages/airflow/example_dags/example_setup_teardown.py
[2025-05-02T19:52:13.997+0000] {logging_mixin.py:188} INFO - [2025-05-02T19:52:13.996+0000] {dag.py:3096} INFO - Sync 1 DAGs
[2025-05-02T19:52:14.120+0000] {logging_mixin.py:188} INFO - [2025-05-02T19:52:14.120+0000] {dag.py:3954} INFO - Setting next_dagrun for example_setup_teardown to 2025-05-01 00:00:00+00:00, run_after=2025-05-02 00:00:00+00:00
[2025-05-02T19:52:14.207+0000] {processor.py:183} INFO - Processing /home/airflow/.local/lib/python3.12/site-packages/airflow/example_dags/example_setup_teardown.py took 0.379 seconds
[2025-05-02T19:52:46.480+0000] {processor.py:161} INFO - Started process (PID=2876) to work on /home/airflow/.local/lib/python3.12/site-packages/airflow/example_dags/example_setup_teardown.py
[2025-05-02T19:52:46.481+0000] {processor.py:830} INFO - Processing file /home/airflow/.local/lib/python3.12/site-packages/airflow/example_dags/example_setup_teardown.py for tasks to queue
[2025-05-02T19:52:46.483+0000] {logging_mixin.py:188} INFO - [2025-05-02T19:52:46.482+0000] {dagbag.py:540} INFO - Filling up the DagBag from /home/airflow/.local/lib/python3.12/site-packages/airflow/example_dags/example_setup_teardown.py
[2025-05-02T19:52:46.489+0000] {processor.py:840} INFO - DAG(s) 'example_setup_teardown' retrieved from /home/airflow/.local/lib/python3.12/site-packages/airflow/example_dags/example_setup_teardown.py
[2025-05-02T19:52:46.511+0000] {logging_mixin.py:188} INFO - [2025-05-02T19:52:46.511+0000] {dag.py:3096} INFO - Sync 1 DAGs
[2025-05-02T19:52:46.537+0000] {logging_mixin.py:188} INFO - [2025-05-02T19:52:46.537+0000] {dag.py:3954} INFO - Setting next_dagrun for example_setup_teardown to 2025-05-01 00:00:00+00:00, run_after=2025-05-02 00:00:00+00:00
[2025-05-02T19:52:46.560+0000] {processor.py:183} INFO - Processing /home/airflow/.local/lib/python3.12/site-packages/airflow/example_dags/example_setup_teardown.py took 0.086 seconds
[2025-05-02T19:53:17.606+0000] {processor.py:161} INFO - Started process (PID=2990) to work on /home/airflow/.local/lib/python3.12/site-packages/airflow/example_dags/example_setup_teardown.py
[2025-05-02T19:53:17.608+0000] {processor.py:830} INFO - Processing file /home/airflow/.local/lib/python3.12/site-packages/airflow/example_dags/example_setup_teardown.py for tasks to queue
[2025-05-02T19:53:17.613+0000] {logging_mixin.py:188} INFO - [2025-05-02T19:53:17.612+0000] {dagbag.py:540} INFO - Filling up the DagBag from /home/airflow/.local/lib/python3.12/site-packages/airflow/example_dags/example_setup_teardown.py
[2025-05-02T19:53:17.633+0000] {processor.py:840} INFO - DAG(s) 'example_setup_teardown' retrieved from /home/airflow/.local/lib/python3.12/site-packages/airflow/example_dags/example_setup_teardown.py
[2025-05-02T19:53:17.759+0000] {logging_mixin.py:188} INFO - [2025-05-02T19:53:17.759+0000] {dag.py:3096} INFO - Sync 1 DAGs
[2025-05-02T19:53:17.834+0000] {logging_mixin.py:188} INFO - [2025-05-02T19:53:17.834+0000] {dag.py:3954} INFO - Setting next_dagrun for example_setup_teardown to 2025-05-01 00:00:00+00:00, run_after=2025-05-02 00:00:00+00:00
[2025-05-02T19:53:17.918+0000] {processor.py:183} INFO - Processing /home/airflow/.local/lib/python3.12/site-packages/airflow/example_dags/example_setup_teardown.py took 0.328 seconds
[2025-05-02T19:53:48.145+0000] {processor.py:161} INFO - Started process (PID=3082) to work on /home/airflow/.local/lib/python3.12/site-packages/airflow/example_dags/example_setup_teardown.py
[2025-05-02T19:53:48.157+0000] {processor.py:830} INFO - Processing file /home/airflow/.local/lib/python3.12/site-packages/airflow/example_dags/example_setup_teardown.py for tasks to queue
[2025-05-02T19:53:48.161+0000] {logging_mixin.py:188} INFO - [2025-05-02T19:53:48.160+0000] {dagbag.py:540} INFO - Filling up the DagBag from /home/airflow/.local/lib/python3.12/site-packages/airflow/example_dags/example_setup_teardown.py
[2025-05-02T19:53:48.179+0000] {processor.py:840} INFO - DAG(s) 'example_setup_teardown' retrieved from /home/airflow/.local/lib/python3.12/site-packages/airflow/example_dags/example_setup_teardown.py
[2025-05-02T19:53:48.331+0000] {logging_mixin.py:188} INFO - [2025-05-02T19:53:48.331+0000] {dag.py:3096} INFO - Sync 1 DAGs
[2025-05-02T19:53:48.467+0000] {logging_mixin.py:188} INFO - [2025-05-02T19:53:48.466+0000] {dag.py:3954} INFO - Setting next_dagrun for example_setup_teardown to 2025-05-01 00:00:00+00:00, run_after=2025-05-02 00:00:00+00:00
[2025-05-02T19:53:48.549+0000] {processor.py:183} INFO - Processing /home/airflow/.local/lib/python3.12/site-packages/airflow/example_dags/example_setup_teardown.py took 0.429 seconds
[2025-05-02T19:54:18.967+0000] {processor.py:161} INFO - Started process (PID=3173) to work on /home/airflow/.local/lib/python3.12/site-packages/airflow/example_dags/example_setup_teardown.py
[2025-05-02T19:54:18.969+0000] {processor.py:830} INFO - Processing file /home/airflow/.local/lib/python3.12/site-packages/airflow/example_dags/example_setup_teardown.py for tasks to queue
[2025-05-02T19:54:19.013+0000] {logging_mixin.py:188} INFO - [2025-05-02T19:54:18.972+0000] {dagbag.py:540} INFO - Filling up the DagBag from /home/airflow/.local/lib/python3.12/site-packages/airflow/example_dags/example_setup_teardown.py
[2025-05-02T19:54:19.038+0000] {processor.py:840} INFO - DAG(s) 'example_setup_teardown' retrieved from /home/airflow/.local/lib/python3.12/site-packages/airflow/example_dags/example_setup_teardown.py
[2025-05-02T19:54:19.134+0000] {logging_mixin.py:188} INFO - [2025-05-02T19:54:19.133+0000] {dag.py:3096} INFO - Sync 1 DAGs
[2025-05-02T19:54:19.209+0000] {logging_mixin.py:188} INFO - [2025-05-02T19:54:19.209+0000] {dag.py:3954} INFO - Setting next_dagrun for example_setup_teardown to 2025-05-01 00:00:00+00:00, run_after=2025-05-02 00:00:00+00:00
[2025-05-02T19:54:19.267+0000] {processor.py:183} INFO - Processing /home/airflow/.local/lib/python3.12/site-packages/airflow/example_dags/example_setup_teardown.py took 0.333 seconds
[2025-05-02T19:54:49.564+0000] {processor.py:161} INFO - Started process (PID=3264) to work on /home/airflow/.local/lib/python3.12/site-packages/airflow/example_dags/example_setup_teardown.py
[2025-05-02T19:54:49.573+0000] {processor.py:830} INFO - Processing file /home/airflow/.local/lib/python3.12/site-packages/airflow/example_dags/example_setup_teardown.py for tasks to queue
[2025-05-02T19:54:49.577+0000] {logging_mixin.py:188} INFO - [2025-05-02T19:54:49.576+0000] {dagbag.py:540} INFO - Filling up the DagBag from /home/airflow/.local/lib/python3.12/site-packages/airflow/example_dags/example_setup_teardown.py
[2025-05-02T19:54:49.597+0000] {processor.py:840} INFO - DAG(s) 'example_setup_teardown' retrieved from /home/airflow/.local/lib/python3.12/site-packages/airflow/example_dags/example_setup_teardown.py
[2025-05-02T19:54:49.713+0000] {logging_mixin.py:188} INFO - [2025-05-02T19:54:49.713+0000] {dag.py:3096} INFO - Sync 1 DAGs
[2025-05-02T19:54:49.786+0000] {logging_mixin.py:188} INFO - [2025-05-02T19:54:49.786+0000] {dag.py:3954} INFO - Setting next_dagrun for example_setup_teardown to 2025-05-01 00:00:00+00:00, run_after=2025-05-02 00:00:00+00:00
[2025-05-02T19:54:49.870+0000] {processor.py:183} INFO - Processing /home/airflow/.local/lib/python3.12/site-packages/airflow/example_dags/example_setup_teardown.py took 0.337 seconds
[2025-05-02T19:55:20.072+0000] {processor.py:161} INFO - Started process (PID=3359) to work on /home/airflow/.local/lib/python3.12/site-packages/airflow/example_dags/example_setup_teardown.py
[2025-05-02T19:55:20.074+0000] {processor.py:830} INFO - Processing file /home/airflow/.local/lib/python3.12/site-packages/airflow/example_dags/example_setup_teardown.py for tasks to queue
[2025-05-02T19:55:20.078+0000] {logging_mixin.py:188} INFO - [2025-05-02T19:55:20.078+0000] {dagbag.py:540} INFO - Filling up the DagBag from /home/airflow/.local/lib/python3.12/site-packages/airflow/example_dags/example_setup_teardown.py
[2025-05-02T19:55:20.092+0000] {processor.py:840} INFO - DAG(s) 'example_setup_teardown' retrieved from /home/airflow/.local/lib/python3.12/site-packages/airflow/example_dags/example_setup_teardown.py
[2025-05-02T19:55:20.179+0000] {logging_mixin.py:188} INFO - [2025-05-02T19:55:20.179+0000] {dag.py:3096} INFO - Sync 1 DAGs
[2025-05-02T19:55:20.227+0000] {logging_mixin.py:188} INFO - [2025-05-02T19:55:20.227+0000] {dag.py:3954} INFO - Setting next_dagrun for example_setup_teardown to 2025-05-01 00:00:00+00:00, run_after=2025-05-02 00:00:00+00:00
[2025-05-02T19:55:20.317+0000] {processor.py:183} INFO - Processing /home/airflow/.local/lib/python3.12/site-packages/airflow/example_dags/example_setup_teardown.py took 0.267 seconds
[2025-05-02T19:55:51.341+0000] {processor.py:161} INFO - Started process (PID=3460) to work on /home/airflow/.local/lib/python3.12/site-packages/airflow/example_dags/example_setup_teardown.py
[2025-05-02T19:55:51.345+0000] {processor.py:830} INFO - Processing file /home/airflow/.local/lib/python3.12/site-packages/airflow/example_dags/example_setup_teardown.py for tasks to queue
[2025-05-02T19:55:51.349+0000] {logging_mixin.py:188} INFO - [2025-05-02T19:55:51.348+0000] {dagbag.py:540} INFO - Filling up the DagBag from /home/airflow/.local/lib/python3.12/site-packages/airflow/example_dags/example_setup_teardown.py
[2025-05-02T19:55:51.367+0000] {processor.py:840} INFO - DAG(s) 'example_setup_teardown' retrieved from /home/airflow/.local/lib/python3.12/site-packages/airflow/example_dags/example_setup_teardown.py
[2025-05-02T19:55:51.417+0000] {logging_mixin.py:188} INFO - [2025-05-02T19:55:51.417+0000] {dag.py:3096} INFO - Sync 1 DAGs
[2025-05-02T19:55:51.459+0000] {logging_mixin.py:188} INFO - [2025-05-02T19:55:51.458+0000] {dag.py:3954} INFO - Setting next_dagrun for example_setup_teardown to 2025-05-01 00:00:00+00:00, run_after=2025-05-02 00:00:00+00:00
[2025-05-02T19:55:51.496+0000] {processor.py:183} INFO - Processing /home/airflow/.local/lib/python3.12/site-packages/airflow/example_dags/example_setup_teardown.py took 0.170 seconds
[2025-05-02T19:56:22.389+0000] {processor.py:161} INFO - Started process (PID=3559) to work on /home/airflow/.local/lib/python3.12/site-packages/airflow/example_dags/example_setup_teardown.py
[2025-05-02T19:56:22.391+0000] {processor.py:830} INFO - Processing file /home/airflow/.local/lib/python3.12/site-packages/airflow/example_dags/example_setup_teardown.py for tasks to queue
[2025-05-02T19:56:22.394+0000] {logging_mixin.py:188} INFO - [2025-05-02T19:56:22.393+0000] {dagbag.py:540} INFO - Filling up the DagBag from /home/airflow/.local/lib/python3.12/site-packages/airflow/example_dags/example_setup_teardown.py
[2025-05-02T19:56:22.406+0000] {processor.py:840} INFO - DAG(s) 'example_setup_teardown' retrieved from /home/airflow/.local/lib/python3.12/site-packages/airflow/example_dags/example_setup_teardown.py
[2025-05-02T19:56:22.446+0000] {logging_mixin.py:188} INFO - [2025-05-02T19:56:22.446+0000] {dag.py:3096} INFO - Sync 1 DAGs
[2025-05-02T19:56:22.486+0000] {logging_mixin.py:188} INFO - [2025-05-02T19:56:22.486+0000] {dag.py:3954} INFO - Setting next_dagrun for example_setup_teardown to 2025-05-01 00:00:00+00:00, run_after=2025-05-02 00:00:00+00:00
[2025-05-02T19:56:22.519+0000] {processor.py:183} INFO - Processing /home/airflow/.local/lib/python3.12/site-packages/airflow/example_dags/example_setup_teardown.py took 0.140 seconds
[2025-05-02T19:56:53.592+0000] {processor.py:161} INFO - Started process (PID=3663) to work on /home/airflow/.local/lib/python3.12/site-packages/airflow/example_dags/example_setup_teardown.py
[2025-05-02T19:56:53.594+0000] {processor.py:830} INFO - Processing file /home/airflow/.local/lib/python3.12/site-packages/airflow/example_dags/example_setup_teardown.py for tasks to queue
[2025-05-02T19:56:53.597+0000] {logging_mixin.py:188} INFO - [2025-05-02T19:56:53.596+0000] {dagbag.py:540} INFO - Filling up the DagBag from /home/airflow/.local/lib/python3.12/site-packages/airflow/example_dags/example_setup_teardown.py
[2025-05-02T19:56:53.611+0000] {processor.py:840} INFO - DAG(s) 'example_setup_teardown' retrieved from /home/airflow/.local/lib/python3.12/site-packages/airflow/example_dags/example_setup_teardown.py
[2025-05-02T19:56:53.651+0000] {logging_mixin.py:188} INFO - [2025-05-02T19:56:53.650+0000] {dag.py:3096} INFO - Sync 1 DAGs
[2025-05-02T19:56:53.705+0000] {logging_mixin.py:188} INFO - [2025-05-02T19:56:53.704+0000] {dag.py:3954} INFO - Setting next_dagrun for example_setup_teardown to 2025-05-01 00:00:00+00:00, run_after=2025-05-02 00:00:00+00:00
[2025-05-02T19:56:53.739+0000] {processor.py:183} INFO - Processing /home/airflow/.local/lib/python3.12/site-packages/airflow/example_dags/example_setup_teardown.py took 0.158 seconds
[2025-05-02T19:57:27.179+0000] {processor.py:161} INFO - Started process (PID=3765) to work on /home/airflow/.local/lib/python3.12/site-packages/airflow/example_dags/example_setup_teardown.py
[2025-05-02T19:57:27.180+0000] {processor.py:830} INFO - Processing file /home/airflow/.local/lib/python3.12/site-packages/airflow/example_dags/example_setup_teardown.py for tasks to queue
[2025-05-02T19:57:27.184+0000] {logging_mixin.py:188} INFO - [2025-05-02T19:57:27.184+0000] {dagbag.py:540} INFO - Filling up the DagBag from /home/airflow/.local/lib/python3.12/site-packages/airflow/example_dags/example_setup_teardown.py
[2025-05-02T19:57:27.207+0000] {processor.py:840} INFO - DAG(s) 'example_setup_teardown' retrieved from /home/airflow/.local/lib/python3.12/site-packages/airflow/example_dags/example_setup_teardown.py
[2025-05-02T19:57:27.387+0000] {logging_mixin.py:188} INFO - [2025-05-02T19:57:27.387+0000] {dag.py:3096} INFO - Sync 1 DAGs
[2025-05-02T19:57:27.488+0000] {logging_mixin.py:188} INFO - [2025-05-02T19:57:27.488+0000] {dag.py:3954} INFO - Setting next_dagrun for example_setup_teardown to 2025-05-01 00:00:00+00:00, run_after=2025-05-02 00:00:00+00:00
[2025-05-02T19:57:27.561+0000] {processor.py:183} INFO - Processing /home/airflow/.local/lib/python3.12/site-packages/airflow/example_dags/example_setup_teardown.py took 0.420 seconds
[2025-05-02T19:57:58.829+0000] {processor.py:161} INFO - Started process (PID=3851) to work on /home/airflow/.local/lib/python3.12/site-packages/airflow/example_dags/example_setup_teardown.py
[2025-05-02T19:57:58.838+0000] {processor.py:830} INFO - Processing file /home/airflow/.local/lib/python3.12/site-packages/airflow/example_dags/example_setup_teardown.py for tasks to queue
[2025-05-02T19:57:58.842+0000] {logging_mixin.py:188} INFO - [2025-05-02T19:57:58.842+0000] {dagbag.py:540} INFO - Filling up the DagBag from /home/airflow/.local/lib/python3.12/site-packages/airflow/example_dags/example_setup_teardown.py
[2025-05-02T19:57:58.856+0000] {processor.py:840} INFO - DAG(s) 'example_setup_teardown' retrieved from /home/airflow/.local/lib/python3.12/site-packages/airflow/example_dags/example_setup_teardown.py
[2025-05-02T19:57:58.909+0000] {logging_mixin.py:188} INFO - [2025-05-02T19:57:58.909+0000] {dag.py:3096} INFO - Sync 1 DAGs
[2025-05-02T19:57:58.964+0000] {logging_mixin.py:188} INFO - [2025-05-02T19:57:58.963+0000] {dag.py:3954} INFO - Setting next_dagrun for example_setup_teardown to 2025-05-01 00:00:00+00:00, run_after=2025-05-02 00:00:00+00:00
[2025-05-02T19:57:59.020+0000] {processor.py:183} INFO - Processing /home/airflow/.local/lib/python3.12/site-packages/airflow/example_dags/example_setup_teardown.py took 0.203 seconds
