[2025-05-02T19:33:06.630+0000] {processor.py:161} INFO - Started process (PID=66) to work on /home/airflow/.local/lib/python3.12/site-packages/airflow/example_dags/tutorial.py
[2025-05-02T19:33:06.631+0000] {processor.py:830} INFO - Processing file /home/airflow/.local/lib/python3.12/site-packages/airflow/example_dags/tutorial.py for tasks to queue
[2025-05-02T19:33:06.633+0000] {logging_mixin.py:188} INFO - [2025-05-02T19:33:06.633+0000] {dagbag.py:540} INFO - Filling up the DagBag from /home/airflow/.local/lib/python3.12/site-packages/airflow/example_dags/tutorial.py
[2025-05-02T19:33:06.642+0000] {processor.py:840} INFO - DAG(s) 'tutorial' retrieved from /home/airflow/.local/lib/python3.12/site-packages/airflow/example_dags/tutorial.py
[2025-05-02T19:33:06.665+0000] {logging_mixin.py:188} INFO - [2025-05-02T19:33:06.665+0000] {dag.py:3096} INFO - Sync 1 DAGs
[2025-05-02T19:33:06.703+0000] {logging_mixin.py:188} INFO - [2025-05-02T19:33:06.703+0000] {dag.py:3954} INFO - Setting next_dagrun for tutorial to 2025-05-01 00:00:00+00:00, run_after=2025-05-02 00:00:00+00:00
[2025-05-02T19:33:06.730+0000] {processor.py:183} INFO - Processing /home/airflow/.local/lib/python3.12/site-packages/airflow/example_dags/tutorial.py took 0.111 seconds
[2025-05-02T19:33:37.051+0000] {processor.py:161} INFO - Started process (PID=124) to work on /home/airflow/.local/lib/python3.12/site-packages/airflow/example_dags/tutorial.py
[2025-05-02T19:33:37.051+0000] {processor.py:830} INFO - Processing file /home/airflow/.local/lib/python3.12/site-packages/airflow/example_dags/tutorial.py for tasks to queue
[2025-05-02T19:33:37.053+0000] {logging_mixin.py:188} INFO - [2025-05-02T19:33:37.052+0000] {dagbag.py:540} INFO - Filling up the DagBag from /home/airflow/.local/lib/python3.12/site-packages/airflow/example_dags/tutorial.py
[2025-05-02T19:33:37.058+0000] {processor.py:840} INFO - DAG(s) 'tutorial' retrieved from /home/airflow/.local/lib/python3.12/site-packages/airflow/example_dags/tutorial.py
[2025-05-02T19:33:37.132+0000] {logging_mixin.py:188} INFO - [2025-05-02T19:33:37.132+0000] {dag.py:3096} INFO - Sync 1 DAGs
[2025-05-02T19:33:37.150+0000] {logging_mixin.py:188} INFO - [2025-05-02T19:33:37.149+0000] {dag.py:3954} INFO - Setting next_dagrun for tutorial to 2025-05-01 00:00:00+00:00, run_after=2025-05-02 00:00:00+00:00
[2025-05-02T19:33:37.167+0000] {processor.py:183} INFO - Processing /home/airflow/.local/lib/python3.12/site-packages/airflow/example_dags/tutorial.py took 0.121 seconds
[2025-05-02T19:34:07.550+0000] {processor.py:161} INFO - Started process (PID=182) to work on /home/airflow/.local/lib/python3.12/site-packages/airflow/example_dags/tutorial.py
[2025-05-02T19:34:07.551+0000] {processor.py:830} INFO - Processing file /home/airflow/.local/lib/python3.12/site-packages/airflow/example_dags/tutorial.py for tasks to queue
[2025-05-02T19:34:07.552+0000] {logging_mixin.py:188} INFO - [2025-05-02T19:34:07.552+0000] {dagbag.py:540} INFO - Filling up the DagBag from /home/airflow/.local/lib/python3.12/site-packages/airflow/example_dags/tutorial.py
[2025-05-02T19:34:07.558+0000] {processor.py:840} INFO - DAG(s) 'tutorial' retrieved from /home/airflow/.local/lib/python3.12/site-packages/airflow/example_dags/tutorial.py
[2025-05-02T19:34:07.575+0000] {logging_mixin.py:188} INFO - [2025-05-02T19:34:07.575+0000] {dag.py:3096} INFO - Sync 1 DAGs
[2025-05-02T19:34:07.593+0000] {logging_mixin.py:188} INFO - [2025-05-02T19:34:07.592+0000] {dag.py:3954} INFO - Setting next_dagrun for tutorial to 2025-05-01 00:00:00+00:00, run_after=2025-05-02 00:00:00+00:00
[2025-05-02T19:34:07.607+0000] {processor.py:183} INFO - Processing /home/airflow/.local/lib/python3.12/site-packages/airflow/example_dags/tutorial.py took 0.061 seconds
[2025-05-02T19:34:38.959+0000] {processor.py:161} INFO - Started process (PID=240) to work on /home/airflow/.local/lib/python3.12/site-packages/airflow/example_dags/tutorial.py
[2025-05-02T19:34:38.960+0000] {processor.py:830} INFO - Processing file /home/airflow/.local/lib/python3.12/site-packages/airflow/example_dags/tutorial.py for tasks to queue
[2025-05-02T19:34:38.963+0000] {logging_mixin.py:188} INFO - [2025-05-02T19:34:38.962+0000] {dagbag.py:540} INFO - Filling up the DagBag from /home/airflow/.local/lib/python3.12/site-packages/airflow/example_dags/tutorial.py
[2025-05-02T19:34:38.969+0000] {processor.py:840} INFO - DAG(s) 'tutorial' retrieved from /home/airflow/.local/lib/python3.12/site-packages/airflow/example_dags/tutorial.py
[2025-05-02T19:34:38.986+0000] {logging_mixin.py:188} INFO - [2025-05-02T19:34:38.986+0000] {dag.py:3096} INFO - Sync 1 DAGs
[2025-05-02T19:34:39.006+0000] {logging_mixin.py:188} INFO - [2025-05-02T19:34:39.005+0000] {dag.py:3954} INFO - Setting next_dagrun for tutorial to 2025-05-01 00:00:00+00:00, run_after=2025-05-02 00:00:00+00:00
[2025-05-02T19:34:39.022+0000] {processor.py:183} INFO - Processing /home/airflow/.local/lib/python3.12/site-packages/airflow/example_dags/tutorial.py took 0.068 seconds
[2025-05-02T19:35:09.629+0000] {processor.py:161} INFO - Started process (PID=298) to work on /home/airflow/.local/lib/python3.12/site-packages/airflow/example_dags/tutorial.py
[2025-05-02T19:35:09.630+0000] {processor.py:830} INFO - Processing file /home/airflow/.local/lib/python3.12/site-packages/airflow/example_dags/tutorial.py for tasks to queue
[2025-05-02T19:35:09.632+0000] {logging_mixin.py:188} INFO - [2025-05-02T19:35:09.631+0000] {dagbag.py:540} INFO - Filling up the DagBag from /home/airflow/.local/lib/python3.12/site-packages/airflow/example_dags/tutorial.py
[2025-05-02T19:35:09.637+0000] {processor.py:840} INFO - DAG(s) 'tutorial' retrieved from /home/airflow/.local/lib/python3.12/site-packages/airflow/example_dags/tutorial.py
[2025-05-02T19:35:09.655+0000] {logging_mixin.py:188} INFO - [2025-05-02T19:35:09.655+0000] {dag.py:3096} INFO - Sync 1 DAGs
[2025-05-02T19:35:09.674+0000] {logging_mixin.py:188} INFO - [2025-05-02T19:35:09.674+0000] {dag.py:3954} INFO - Setting next_dagrun for tutorial to 2025-05-01 00:00:00+00:00, run_after=2025-05-02 00:00:00+00:00
[2025-05-02T19:35:09.690+0000] {processor.py:183} INFO - Processing /home/airflow/.local/lib/python3.12/site-packages/airflow/example_dags/tutorial.py took 0.068 seconds
[2025-05-02T19:35:40.020+0000] {processor.py:161} INFO - Started process (PID=356) to work on /home/airflow/.local/lib/python3.12/site-packages/airflow/example_dags/tutorial.py
[2025-05-02T19:35:40.021+0000] {processor.py:830} INFO - Processing file /home/airflow/.local/lib/python3.12/site-packages/airflow/example_dags/tutorial.py for tasks to queue
[2025-05-02T19:35:40.022+0000] {logging_mixin.py:188} INFO - [2025-05-02T19:35:40.022+0000] {dagbag.py:540} INFO - Filling up the DagBag from /home/airflow/.local/lib/python3.12/site-packages/airflow/example_dags/tutorial.py
[2025-05-02T19:35:40.027+0000] {processor.py:840} INFO - DAG(s) 'tutorial' retrieved from /home/airflow/.local/lib/python3.12/site-packages/airflow/example_dags/tutorial.py
[2025-05-02T19:35:40.042+0000] {logging_mixin.py:188} INFO - [2025-05-02T19:35:40.042+0000] {dag.py:3096} INFO - Sync 1 DAGs
[2025-05-02T19:35:40.060+0000] {logging_mixin.py:188} INFO - [2025-05-02T19:35:40.060+0000] {dag.py:3954} INFO - Setting next_dagrun for tutorial to 2025-05-01 00:00:00+00:00, run_after=2025-05-02 00:00:00+00:00
[2025-05-02T19:35:40.076+0000] {processor.py:183} INFO - Processing /home/airflow/.local/lib/python3.12/site-packages/airflow/example_dags/tutorial.py took 0.060 seconds
[2025-05-02T19:36:10.522+0000] {processor.py:161} INFO - Started process (PID=414) to work on /home/airflow/.local/lib/python3.12/site-packages/airflow/example_dags/tutorial.py
[2025-05-02T19:36:10.525+0000] {processor.py:830} INFO - Processing file /home/airflow/.local/lib/python3.12/site-packages/airflow/example_dags/tutorial.py for tasks to queue
[2025-05-02T19:36:10.526+0000] {logging_mixin.py:188} INFO - [2025-05-02T19:36:10.526+0000] {dagbag.py:540} INFO - Filling up the DagBag from /home/airflow/.local/lib/python3.12/site-packages/airflow/example_dags/tutorial.py
[2025-05-02T19:36:10.530+0000] {processor.py:840} INFO - DAG(s) 'tutorial' retrieved from /home/airflow/.local/lib/python3.12/site-packages/airflow/example_dags/tutorial.py
[2025-05-02T19:36:10.546+0000] {logging_mixin.py:188} INFO - [2025-05-02T19:36:10.546+0000] {dag.py:3096} INFO - Sync 1 DAGs
[2025-05-02T19:36:10.566+0000] {logging_mixin.py:188} INFO - [2025-05-02T19:36:10.566+0000] {dag.py:3954} INFO - Setting next_dagrun for tutorial to 2025-05-01 00:00:00+00:00, run_after=2025-05-02 00:00:00+00:00
[2025-05-02T19:36:10.585+0000] {processor.py:183} INFO - Processing /home/airflow/.local/lib/python3.12/site-packages/airflow/example_dags/tutorial.py took 0.067 seconds
[2025-05-02T19:36:40.973+0000] {processor.py:161} INFO - Started process (PID=472) to work on /home/airflow/.local/lib/python3.12/site-packages/airflow/example_dags/tutorial.py
[2025-05-02T19:36:40.974+0000] {processor.py:830} INFO - Processing file /home/airflow/.local/lib/python3.12/site-packages/airflow/example_dags/tutorial.py for tasks to queue
[2025-05-02T19:36:40.976+0000] {logging_mixin.py:188} INFO - [2025-05-02T19:36:40.976+0000] {dagbag.py:540} INFO - Filling up the DagBag from /home/airflow/.local/lib/python3.12/site-packages/airflow/example_dags/tutorial.py
[2025-05-02T19:36:40.981+0000] {processor.py:840} INFO - DAG(s) 'tutorial' retrieved from /home/airflow/.local/lib/python3.12/site-packages/airflow/example_dags/tutorial.py
[2025-05-02T19:36:41.000+0000] {logging_mixin.py:188} INFO - [2025-05-02T19:36:41.000+0000] {dag.py:3096} INFO - Sync 1 DAGs
[2025-05-02T19:36:41.018+0000] {logging_mixin.py:188} INFO - [2025-05-02T19:36:41.018+0000] {dag.py:3954} INFO - Setting next_dagrun for tutorial to 2025-05-01 00:00:00+00:00, run_after=2025-05-02 00:00:00+00:00
[2025-05-02T19:36:41.037+0000] {processor.py:183} INFO - Processing /home/airflow/.local/lib/python3.12/site-packages/airflow/example_dags/tutorial.py took 0.069 seconds
[2025-05-02T19:37:11.267+0000] {processor.py:161} INFO - Started process (PID=530) to work on /home/airflow/.local/lib/python3.12/site-packages/airflow/example_dags/tutorial.py
[2025-05-02T19:37:11.269+0000] {processor.py:830} INFO - Processing file /home/airflow/.local/lib/python3.12/site-packages/airflow/example_dags/tutorial.py for tasks to queue
[2025-05-02T19:37:11.271+0000] {logging_mixin.py:188} INFO - [2025-05-02T19:37:11.270+0000] {dagbag.py:540} INFO - Filling up the DagBag from /home/airflow/.local/lib/python3.12/site-packages/airflow/example_dags/tutorial.py
[2025-05-02T19:37:11.275+0000] {processor.py:840} INFO - DAG(s) 'tutorial' retrieved from /home/airflow/.local/lib/python3.12/site-packages/airflow/example_dags/tutorial.py
[2025-05-02T19:37:11.292+0000] {logging_mixin.py:188} INFO - [2025-05-02T19:37:11.292+0000] {dag.py:3096} INFO - Sync 1 DAGs
[2025-05-02T19:37:11.314+0000] {logging_mixin.py:188} INFO - [2025-05-02T19:37:11.313+0000] {dag.py:3954} INFO - Setting next_dagrun for tutorial to 2025-05-01 00:00:00+00:00, run_after=2025-05-02 00:00:00+00:00
[2025-05-02T19:37:11.328+0000] {processor.py:183} INFO - Processing /home/airflow/.local/lib/python3.12/site-packages/airflow/example_dags/tutorial.py took 0.067 seconds
[2025-05-02T19:37:41.845+0000] {processor.py:161} INFO - Started process (PID=588) to work on /home/airflow/.local/lib/python3.12/site-packages/airflow/example_dags/tutorial.py
[2025-05-02T19:37:41.846+0000] {processor.py:830} INFO - Processing file /home/airflow/.local/lib/python3.12/site-packages/airflow/example_dags/tutorial.py for tasks to queue
[2025-05-02T19:37:41.847+0000] {logging_mixin.py:188} INFO - [2025-05-02T19:37:41.847+0000] {dagbag.py:540} INFO - Filling up the DagBag from /home/airflow/.local/lib/python3.12/site-packages/airflow/example_dags/tutorial.py
[2025-05-02T19:37:41.853+0000] {processor.py:840} INFO - DAG(s) 'tutorial' retrieved from /home/airflow/.local/lib/python3.12/site-packages/airflow/example_dags/tutorial.py
[2025-05-02T19:37:41.874+0000] {logging_mixin.py:188} INFO - [2025-05-02T19:37:41.874+0000] {dag.py:3096} INFO - Sync 1 DAGs
[2025-05-02T19:37:41.898+0000] {logging_mixin.py:188} INFO - [2025-05-02T19:37:41.897+0000] {dag.py:3954} INFO - Setting next_dagrun for tutorial to 2025-05-01 00:00:00+00:00, run_after=2025-05-02 00:00:00+00:00
[2025-05-02T19:37:41.915+0000] {processor.py:183} INFO - Processing /home/airflow/.local/lib/python3.12/site-packages/airflow/example_dags/tutorial.py took 0.076 seconds
[2025-05-02T19:38:12.117+0000] {processor.py:161} INFO - Started process (PID=646) to work on /home/airflow/.local/lib/python3.12/site-packages/airflow/example_dags/tutorial.py
[2025-05-02T19:38:12.118+0000] {processor.py:830} INFO - Processing file /home/airflow/.local/lib/python3.12/site-packages/airflow/example_dags/tutorial.py for tasks to queue
[2025-05-02T19:38:12.119+0000] {logging_mixin.py:188} INFO - [2025-05-02T19:38:12.119+0000] {dagbag.py:540} INFO - Filling up the DagBag from /home/airflow/.local/lib/python3.12/site-packages/airflow/example_dags/tutorial.py
[2025-05-02T19:38:12.124+0000] {processor.py:840} INFO - DAG(s) 'tutorial' retrieved from /home/airflow/.local/lib/python3.12/site-packages/airflow/example_dags/tutorial.py
[2025-05-02T19:38:12.144+0000] {logging_mixin.py:188} INFO - [2025-05-02T19:38:12.144+0000] {dag.py:3096} INFO - Sync 1 DAGs
[2025-05-02T19:38:12.165+0000] {logging_mixin.py:188} INFO - [2025-05-02T19:38:12.165+0000] {dag.py:3954} INFO - Setting next_dagrun for tutorial to 2025-05-01 00:00:00+00:00, run_after=2025-05-02 00:00:00+00:00
[2025-05-02T19:38:12.185+0000] {processor.py:183} INFO - Processing /home/airflow/.local/lib/python3.12/site-packages/airflow/example_dags/tutorial.py took 0.074 seconds
[2025-05-02T19:38:44.594+0000] {processor.py:161} INFO - Started process (PID=704) to work on /home/airflow/.local/lib/python3.12/site-packages/airflow/example_dags/tutorial.py
[2025-05-02T19:38:44.595+0000] {processor.py:830} INFO - Processing file /home/airflow/.local/lib/python3.12/site-packages/airflow/example_dags/tutorial.py for tasks to queue
[2025-05-02T19:38:44.596+0000] {logging_mixin.py:188} INFO - [2025-05-02T19:38:44.596+0000] {dagbag.py:540} INFO - Filling up the DagBag from /home/airflow/.local/lib/python3.12/site-packages/airflow/example_dags/tutorial.py
[2025-05-02T19:38:44.601+0000] {processor.py:840} INFO - DAG(s) 'tutorial' retrieved from /home/airflow/.local/lib/python3.12/site-packages/airflow/example_dags/tutorial.py
[2025-05-02T19:38:44.621+0000] {logging_mixin.py:188} INFO - [2025-05-02T19:38:44.620+0000] {dag.py:3096} INFO - Sync 1 DAGs
[2025-05-02T19:38:44.644+0000] {logging_mixin.py:188} INFO - [2025-05-02T19:38:44.644+0000] {dag.py:3954} INFO - Setting next_dagrun for tutorial to 2025-05-01 00:00:00+00:00, run_after=2025-05-02 00:00:00+00:00
[2025-05-02T19:38:44.664+0000] {processor.py:183} INFO - Processing /home/airflow/.local/lib/python3.12/site-packages/airflow/example_dags/tutorial.py took 0.074 seconds
[2025-05-02T19:39:15.250+0000] {processor.py:161} INFO - Started process (PID=762) to work on /home/airflow/.local/lib/python3.12/site-packages/airflow/example_dags/tutorial.py
[2025-05-02T19:39:15.251+0000] {processor.py:830} INFO - Processing file /home/airflow/.local/lib/python3.12/site-packages/airflow/example_dags/tutorial.py for tasks to queue
[2025-05-02T19:39:15.253+0000] {logging_mixin.py:188} INFO - [2025-05-02T19:39:15.253+0000] {dagbag.py:540} INFO - Filling up the DagBag from /home/airflow/.local/lib/python3.12/site-packages/airflow/example_dags/tutorial.py
[2025-05-02T19:39:15.258+0000] {processor.py:840} INFO - DAG(s) 'tutorial' retrieved from /home/airflow/.local/lib/python3.12/site-packages/airflow/example_dags/tutorial.py
[2025-05-02T19:39:15.277+0000] {logging_mixin.py:188} INFO - [2025-05-02T19:39:15.277+0000] {dag.py:3096} INFO - Sync 1 DAGs
[2025-05-02T19:39:15.298+0000] {logging_mixin.py:188} INFO - [2025-05-02T19:39:15.298+0000] {dag.py:3954} INFO - Setting next_dagrun for tutorial to 2025-05-01 00:00:00+00:00, run_after=2025-05-02 00:00:00+00:00
[2025-05-02T19:39:15.314+0000] {processor.py:183} INFO - Processing /home/airflow/.local/lib/python3.12/site-packages/airflow/example_dags/tutorial.py took 0.071 seconds
[2025-05-02T19:39:45.601+0000] {processor.py:161} INFO - Started process (PID=820) to work on /home/airflow/.local/lib/python3.12/site-packages/airflow/example_dags/tutorial.py
[2025-05-02T19:39:45.602+0000] {processor.py:830} INFO - Processing file /home/airflow/.local/lib/python3.12/site-packages/airflow/example_dags/tutorial.py for tasks to queue
[2025-05-02T19:39:45.603+0000] {logging_mixin.py:188} INFO - [2025-05-02T19:39:45.603+0000] {dagbag.py:540} INFO - Filling up the DagBag from /home/airflow/.local/lib/python3.12/site-packages/airflow/example_dags/tutorial.py
[2025-05-02T19:39:45.608+0000] {processor.py:840} INFO - DAG(s) 'tutorial' retrieved from /home/airflow/.local/lib/python3.12/site-packages/airflow/example_dags/tutorial.py
[2025-05-02T19:39:45.624+0000] {logging_mixin.py:188} INFO - [2025-05-02T19:39:45.624+0000] {dag.py:3096} INFO - Sync 1 DAGs
[2025-05-02T19:39:45.641+0000] {logging_mixin.py:188} INFO - [2025-05-02T19:39:45.641+0000] {dag.py:3954} INFO - Setting next_dagrun for tutorial to 2025-05-01 00:00:00+00:00, run_after=2025-05-02 00:00:00+00:00
[2025-05-02T19:39:45.657+0000] {processor.py:183} INFO - Processing /home/airflow/.local/lib/python3.12/site-packages/airflow/example_dags/tutorial.py took 0.060 seconds
[2025-05-02T19:40:16.274+0000] {processor.py:161} INFO - Started process (PID=878) to work on /home/airflow/.local/lib/python3.12/site-packages/airflow/example_dags/tutorial.py
[2025-05-02T19:40:16.275+0000] {processor.py:830} INFO - Processing file /home/airflow/.local/lib/python3.12/site-packages/airflow/example_dags/tutorial.py for tasks to queue
[2025-05-02T19:40:16.277+0000] {logging_mixin.py:188} INFO - [2025-05-02T19:40:16.277+0000] {dagbag.py:540} INFO - Filling up the DagBag from /home/airflow/.local/lib/python3.12/site-packages/airflow/example_dags/tutorial.py
[2025-05-02T19:40:16.282+0000] {processor.py:840} INFO - DAG(s) 'tutorial' retrieved from /home/airflow/.local/lib/python3.12/site-packages/airflow/example_dags/tutorial.py
[2025-05-02T19:40:16.323+0000] {logging_mixin.py:188} INFO - [2025-05-02T19:40:16.323+0000] {dag.py:3096} INFO - Sync 1 DAGs
[2025-05-02T19:40:16.359+0000] {logging_mixin.py:188} INFO - [2025-05-02T19:40:16.359+0000] {dag.py:3954} INFO - Setting next_dagrun for tutorial to 2025-05-01 00:00:00+00:00, run_after=2025-05-02 00:00:00+00:00
[2025-05-02T19:40:16.380+0000] {processor.py:183} INFO - Processing /home/airflow/.local/lib/python3.12/site-packages/airflow/example_dags/tutorial.py took 0.112 seconds
[2025-05-02T19:40:46.781+0000] {processor.py:161} INFO - Started process (PID=936) to work on /home/airflow/.local/lib/python3.12/site-packages/airflow/example_dags/tutorial.py
[2025-05-02T19:40:46.782+0000] {processor.py:830} INFO - Processing file /home/airflow/.local/lib/python3.12/site-packages/airflow/example_dags/tutorial.py for tasks to queue
[2025-05-02T19:40:46.784+0000] {logging_mixin.py:188} INFO - [2025-05-02T19:40:46.784+0000] {dagbag.py:540} INFO - Filling up the DagBag from /home/airflow/.local/lib/python3.12/site-packages/airflow/example_dags/tutorial.py
[2025-05-02T19:40:46.788+0000] {processor.py:840} INFO - DAG(s) 'tutorial' retrieved from /home/airflow/.local/lib/python3.12/site-packages/airflow/example_dags/tutorial.py
[2025-05-02T19:40:46.807+0000] {logging_mixin.py:188} INFO - [2025-05-02T19:40:46.806+0000] {dag.py:3096} INFO - Sync 1 DAGs
[2025-05-02T19:40:46.823+0000] {logging_mixin.py:188} INFO - [2025-05-02T19:40:46.823+0000] {dag.py:3954} INFO - Setting next_dagrun for tutorial to 2025-05-01 00:00:00+00:00, run_after=2025-05-02 00:00:00+00:00
[2025-05-02T19:40:46.842+0000] {processor.py:183} INFO - Processing /home/airflow/.local/lib/python3.12/site-packages/airflow/example_dags/tutorial.py took 0.066 seconds
[2025-05-02T19:41:17.236+0000] {processor.py:161} INFO - Started process (PID=988) to work on /home/airflow/.local/lib/python3.12/site-packages/airflow/example_dags/tutorial.py
[2025-05-02T19:41:17.237+0000] {processor.py:830} INFO - Processing file /home/airflow/.local/lib/python3.12/site-packages/airflow/example_dags/tutorial.py for tasks to queue
[2025-05-02T19:41:17.238+0000] {logging_mixin.py:188} INFO - [2025-05-02T19:41:17.238+0000] {dagbag.py:540} INFO - Filling up the DagBag from /home/airflow/.local/lib/python3.12/site-packages/airflow/example_dags/tutorial.py
[2025-05-02T19:41:17.244+0000] {processor.py:840} INFO - DAG(s) 'tutorial' retrieved from /home/airflow/.local/lib/python3.12/site-packages/airflow/example_dags/tutorial.py
[2025-05-02T19:41:17.260+0000] {logging_mixin.py:188} INFO - [2025-05-02T19:41:17.259+0000] {dag.py:3096} INFO - Sync 1 DAGs
[2025-05-02T19:41:17.278+0000] {logging_mixin.py:188} INFO - [2025-05-02T19:41:17.278+0000] {dag.py:3954} INFO - Setting next_dagrun for tutorial to 2025-05-01 00:00:00+00:00, run_after=2025-05-02 00:00:00+00:00
[2025-05-02T19:41:17.297+0000] {processor.py:183} INFO - Processing /home/airflow/.local/lib/python3.12/site-packages/airflow/example_dags/tutorial.py took 0.068 seconds
[2025-05-02T19:41:47.940+0000] {processor.py:161} INFO - Started process (PID=1046) to work on /home/airflow/.local/lib/python3.12/site-packages/airflow/example_dags/tutorial.py
[2025-05-02T19:41:47.941+0000] {processor.py:830} INFO - Processing file /home/airflow/.local/lib/python3.12/site-packages/airflow/example_dags/tutorial.py for tasks to queue
[2025-05-02T19:41:47.942+0000] {logging_mixin.py:188} INFO - [2025-05-02T19:41:47.942+0000] {dagbag.py:540} INFO - Filling up the DagBag from /home/airflow/.local/lib/python3.12/site-packages/airflow/example_dags/tutorial.py
[2025-05-02T19:41:47.947+0000] {processor.py:840} INFO - DAG(s) 'tutorial' retrieved from /home/airflow/.local/lib/python3.12/site-packages/airflow/example_dags/tutorial.py
[2025-05-02T19:41:47.966+0000] {logging_mixin.py:188} INFO - [2025-05-02T19:41:47.966+0000] {dag.py:3096} INFO - Sync 1 DAGs
[2025-05-02T19:41:47.988+0000] {logging_mixin.py:188} INFO - [2025-05-02T19:41:47.988+0000] {dag.py:3954} INFO - Setting next_dagrun for tutorial to 2025-05-01 00:00:00+00:00, run_after=2025-05-02 00:00:00+00:00
[2025-05-02T19:41:48.009+0000] {processor.py:183} INFO - Processing /home/airflow/.local/lib/python3.12/site-packages/airflow/example_dags/tutorial.py took 0.074 seconds
[2025-05-02T19:42:18.564+0000] {processor.py:161} INFO - Started process (PID=1104) to work on /home/airflow/.local/lib/python3.12/site-packages/airflow/example_dags/tutorial.py
[2025-05-02T19:42:18.565+0000] {processor.py:830} INFO - Processing file /home/airflow/.local/lib/python3.12/site-packages/airflow/example_dags/tutorial.py for tasks to queue
[2025-05-02T19:42:18.567+0000] {logging_mixin.py:188} INFO - [2025-05-02T19:42:18.566+0000] {dagbag.py:540} INFO - Filling up the DagBag from /home/airflow/.local/lib/python3.12/site-packages/airflow/example_dags/tutorial.py
[2025-05-02T19:42:18.572+0000] {processor.py:840} INFO - DAG(s) 'tutorial' retrieved from /home/airflow/.local/lib/python3.12/site-packages/airflow/example_dags/tutorial.py
[2025-05-02T19:42:18.592+0000] {logging_mixin.py:188} INFO - [2025-05-02T19:42:18.592+0000] {dag.py:3096} INFO - Sync 1 DAGs
[2025-05-02T19:42:18.617+0000] {logging_mixin.py:188} INFO - [2025-05-02T19:42:18.616+0000] {dag.py:3954} INFO - Setting next_dagrun for tutorial to 2025-05-01 00:00:00+00:00, run_after=2025-05-02 00:00:00+00:00
[2025-05-02T19:42:18.634+0000] {processor.py:183} INFO - Processing /home/airflow/.local/lib/python3.12/site-packages/airflow/example_dags/tutorial.py took 0.077 seconds
[2025-05-02T19:42:50.270+0000] {processor.py:161} INFO - Started process (PID=1162) to work on /home/airflow/.local/lib/python3.12/site-packages/airflow/example_dags/tutorial.py
[2025-05-02T19:42:50.271+0000] {processor.py:830} INFO - Processing file /home/airflow/.local/lib/python3.12/site-packages/airflow/example_dags/tutorial.py for tasks to queue
[2025-05-02T19:42:50.273+0000] {logging_mixin.py:188} INFO - [2025-05-02T19:42:50.273+0000] {dagbag.py:540} INFO - Filling up the DagBag from /home/airflow/.local/lib/python3.12/site-packages/airflow/example_dags/tutorial.py
[2025-05-02T19:42:50.278+0000] {processor.py:840} INFO - DAG(s) 'tutorial' retrieved from /home/airflow/.local/lib/python3.12/site-packages/airflow/example_dags/tutorial.py
[2025-05-02T19:42:50.307+0000] {logging_mixin.py:188} INFO - [2025-05-02T19:42:50.307+0000] {dag.py:3096} INFO - Sync 1 DAGs
[2025-05-02T19:42:50.337+0000] {logging_mixin.py:188} INFO - [2025-05-02T19:42:50.336+0000] {dag.py:3954} INFO - Setting next_dagrun for tutorial to 2025-05-01 00:00:00+00:00, run_after=2025-05-02 00:00:00+00:00
[2025-05-02T19:42:50.359+0000] {processor.py:183} INFO - Processing /home/airflow/.local/lib/python3.12/site-packages/airflow/example_dags/tutorial.py took 0.096 seconds
[2025-05-02T19:43:20.601+0000] {processor.py:161} INFO - Started process (PID=1222) to work on /home/airflow/.local/lib/python3.12/site-packages/airflow/example_dags/tutorial.py
[2025-05-02T19:43:20.602+0000] {processor.py:830} INFO - Processing file /home/airflow/.local/lib/python3.12/site-packages/airflow/example_dags/tutorial.py for tasks to queue
[2025-05-02T19:43:20.604+0000] {logging_mixin.py:188} INFO - [2025-05-02T19:43:20.603+0000] {dagbag.py:540} INFO - Filling up the DagBag from /home/airflow/.local/lib/python3.12/site-packages/airflow/example_dags/tutorial.py
[2025-05-02T19:43:20.610+0000] {processor.py:840} INFO - DAG(s) 'tutorial' retrieved from /home/airflow/.local/lib/python3.12/site-packages/airflow/example_dags/tutorial.py
[2025-05-02T19:43:20.628+0000] {logging_mixin.py:188} INFO - [2025-05-02T19:43:20.628+0000] {dag.py:3096} INFO - Sync 1 DAGs
[2025-05-02T19:43:20.644+0000] {logging_mixin.py:188} INFO - [2025-05-02T19:43:20.644+0000] {dag.py:3954} INFO - Setting next_dagrun for tutorial to 2025-05-01 00:00:00+00:00, run_after=2025-05-02 00:00:00+00:00
[2025-05-02T19:43:20.657+0000] {processor.py:183} INFO - Processing /home/airflow/.local/lib/python3.12/site-packages/airflow/example_dags/tutorial.py took 0.062 seconds
[2025-05-02T19:43:51.106+0000] {processor.py:161} INFO - Started process (PID=1282) to work on /home/airflow/.local/lib/python3.12/site-packages/airflow/example_dags/tutorial.py
[2025-05-02T19:43:51.112+0000] {processor.py:830} INFO - Processing file /home/airflow/.local/lib/python3.12/site-packages/airflow/example_dags/tutorial.py for tasks to queue
[2025-05-02T19:43:51.114+0000] {logging_mixin.py:188} INFO - [2025-05-02T19:43:51.114+0000] {dagbag.py:540} INFO - Filling up the DagBag from /home/airflow/.local/lib/python3.12/site-packages/airflow/example_dags/tutorial.py
[2025-05-02T19:43:51.119+0000] {processor.py:840} INFO - DAG(s) 'tutorial' retrieved from /home/airflow/.local/lib/python3.12/site-packages/airflow/example_dags/tutorial.py
[2025-05-02T19:43:51.139+0000] {logging_mixin.py:188} INFO - [2025-05-02T19:43:51.139+0000] {dag.py:3096} INFO - Sync 1 DAGs
[2025-05-02T19:43:51.159+0000] {logging_mixin.py:188} INFO - [2025-05-02T19:43:51.159+0000] {dag.py:3954} INFO - Setting next_dagrun for tutorial to 2025-05-01 00:00:00+00:00, run_after=2025-05-02 00:00:00+00:00
[2025-05-02T19:43:51.177+0000] {processor.py:183} INFO - Processing /home/airflow/.local/lib/python3.12/site-packages/airflow/example_dags/tutorial.py took 0.076 seconds
[2025-05-02T19:44:23.872+0000] {processor.py:161} INFO - Started process (PID=1377) to work on /home/airflow/.local/lib/python3.12/site-packages/airflow/example_dags/tutorial.py
[2025-05-02T19:44:23.873+0000] {processor.py:830} INFO - Processing file /home/airflow/.local/lib/python3.12/site-packages/airflow/example_dags/tutorial.py for tasks to queue
[2025-05-02T19:44:23.877+0000] {logging_mixin.py:188} INFO - [2025-05-02T19:44:23.876+0000] {dagbag.py:540} INFO - Filling up the DagBag from /home/airflow/.local/lib/python3.12/site-packages/airflow/example_dags/tutorial.py
[2025-05-02T19:44:23.888+0000] {processor.py:840} INFO - DAG(s) 'tutorial' retrieved from /home/airflow/.local/lib/python3.12/site-packages/airflow/example_dags/tutorial.py
[2025-05-02T19:44:23.970+0000] {logging_mixin.py:188} INFO - [2025-05-02T19:44:23.970+0000] {dag.py:3096} INFO - Sync 1 DAGs
[2025-05-02T19:44:24.051+0000] {logging_mixin.py:188} INFO - [2025-05-02T19:44:24.051+0000] {dag.py:3954} INFO - Setting next_dagrun for tutorial to 2025-05-01 00:00:00+00:00, run_after=2025-05-02 00:00:00+00:00
[2025-05-02T19:44:24.172+0000] {processor.py:183} INFO - Processing /home/airflow/.local/lib/python3.12/site-packages/airflow/example_dags/tutorial.py took 0.325 seconds
[2025-05-02T19:44:55.286+0000] {processor.py:161} INFO - Started process (PID=1479) to work on /home/airflow/.local/lib/python3.12/site-packages/airflow/example_dags/tutorial.py
[2025-05-02T19:44:55.300+0000] {processor.py:830} INFO - Processing file /home/airflow/.local/lib/python3.12/site-packages/airflow/example_dags/tutorial.py for tasks to queue
[2025-05-02T19:44:55.304+0000] {logging_mixin.py:188} INFO - [2025-05-02T19:44:55.303+0000] {dagbag.py:540} INFO - Filling up the DagBag from /home/airflow/.local/lib/python3.12/site-packages/airflow/example_dags/tutorial.py
[2025-05-02T19:44:55.315+0000] {processor.py:840} INFO - DAG(s) 'tutorial' retrieved from /home/airflow/.local/lib/python3.12/site-packages/airflow/example_dags/tutorial.py
[2025-05-02T19:44:55.364+0000] {logging_mixin.py:188} INFO - [2025-05-02T19:44:55.363+0000] {dag.py:3096} INFO - Sync 1 DAGs
[2025-05-02T19:44:55.434+0000] {logging_mixin.py:188} INFO - [2025-05-02T19:44:55.433+0000] {dag.py:3954} INFO - Setting next_dagrun for tutorial to 2025-05-01 00:00:00+00:00, run_after=2025-05-02 00:00:00+00:00
[2025-05-02T19:44:55.554+0000] {processor.py:183} INFO - Processing /home/airflow/.local/lib/python3.12/site-packages/airflow/example_dags/tutorial.py took 0.280 seconds
[2025-05-02T19:45:27.525+0000] {processor.py:161} INFO - Started process (PID=1573) to work on /home/airflow/.local/lib/python3.12/site-packages/airflow/example_dags/tutorial.py
[2025-05-02T19:45:27.526+0000] {processor.py:830} INFO - Processing file /home/airflow/.local/lib/python3.12/site-packages/airflow/example_dags/tutorial.py for tasks to queue
[2025-05-02T19:45:27.535+0000] {logging_mixin.py:188} INFO - [2025-05-02T19:45:27.534+0000] {dagbag.py:540} INFO - Filling up the DagBag from /home/airflow/.local/lib/python3.12/site-packages/airflow/example_dags/tutorial.py
[2025-05-02T19:45:27.551+0000] {processor.py:840} INFO - DAG(s) 'tutorial' retrieved from /home/airflow/.local/lib/python3.12/site-packages/airflow/example_dags/tutorial.py
[2025-05-02T19:45:27.650+0000] {logging_mixin.py:188} INFO - [2025-05-02T19:45:27.649+0000] {dag.py:3096} INFO - Sync 1 DAGs
[2025-05-02T19:45:27.765+0000] {logging_mixin.py:188} INFO - [2025-05-02T19:45:27.765+0000] {dag.py:3954} INFO - Setting next_dagrun for tutorial to 2025-05-01 00:00:00+00:00, run_after=2025-05-02 00:00:00+00:00
[2025-05-02T19:45:27.874+0000] {processor.py:183} INFO - Processing /home/airflow/.local/lib/python3.12/site-packages/airflow/example_dags/tutorial.py took 0.373 seconds
[2025-05-02T19:45:58.267+0000] {processor.py:161} INFO - Started process (PID=1680) to work on /home/airflow/.local/lib/python3.12/site-packages/airflow/example_dags/tutorial.py
[2025-05-02T19:45:58.270+0000] {processor.py:830} INFO - Processing file /home/airflow/.local/lib/python3.12/site-packages/airflow/example_dags/tutorial.py for tasks to queue
[2025-05-02T19:45:58.274+0000] {logging_mixin.py:188} INFO - [2025-05-02T19:45:58.273+0000] {dagbag.py:540} INFO - Filling up the DagBag from /home/airflow/.local/lib/python3.12/site-packages/airflow/example_dags/tutorial.py
[2025-05-02T19:45:58.294+0000] {processor.py:840} INFO - DAG(s) 'tutorial' retrieved from /home/airflow/.local/lib/python3.12/site-packages/airflow/example_dags/tutorial.py
[2025-05-02T19:45:58.335+0000] {logging_mixin.py:188} INFO - [2025-05-02T19:45:58.334+0000] {dag.py:3096} INFO - Sync 1 DAGs
[2025-05-02T19:45:58.384+0000] {logging_mixin.py:188} INFO - [2025-05-02T19:45:58.383+0000] {dag.py:3954} INFO - Setting next_dagrun for tutorial to 2025-05-01 00:00:00+00:00, run_after=2025-05-02 00:00:00+00:00
[2025-05-02T19:45:58.433+0000] {processor.py:183} INFO - Processing /home/airflow/.local/lib/python3.12/site-packages/airflow/example_dags/tutorial.py took 0.188 seconds
[2025-05-02T19:46:29.164+0000] {processor.py:161} INFO - Started process (PID=1780) to work on /home/airflow/.local/lib/python3.12/site-packages/airflow/example_dags/tutorial.py
[2025-05-02T19:46:29.167+0000] {processor.py:830} INFO - Processing file /home/airflow/.local/lib/python3.12/site-packages/airflow/example_dags/tutorial.py for tasks to queue
[2025-05-02T19:46:29.172+0000] {logging_mixin.py:188} INFO - [2025-05-02T19:46:29.171+0000] {dagbag.py:540} INFO - Filling up the DagBag from /home/airflow/.local/lib/python3.12/site-packages/airflow/example_dags/tutorial.py
[2025-05-02T19:46:29.203+0000] {processor.py:840} INFO - DAG(s) 'tutorial' retrieved from /home/airflow/.local/lib/python3.12/site-packages/airflow/example_dags/tutorial.py
[2025-05-02T19:46:29.357+0000] {logging_mixin.py:188} INFO - [2025-05-02T19:46:29.356+0000] {dag.py:3096} INFO - Sync 1 DAGs
[2025-05-02T19:46:29.427+0000] {logging_mixin.py:188} INFO - [2025-05-02T19:46:29.426+0000] {dag.py:3954} INFO - Setting next_dagrun for tutorial to 2025-05-01 00:00:00+00:00, run_after=2025-05-02 00:00:00+00:00
[2025-05-02T19:46:29.521+0000] {processor.py:183} INFO - Processing /home/airflow/.local/lib/python3.12/site-packages/airflow/example_dags/tutorial.py took 0.386 seconds
[2025-05-02T19:46:59.717+0000] {processor.py:161} INFO - Started process (PID=1895) to work on /home/airflow/.local/lib/python3.12/site-packages/airflow/example_dags/tutorial.py
[2025-05-02T19:46:59.737+0000] {processor.py:830} INFO - Processing file /home/airflow/.local/lib/python3.12/site-packages/airflow/example_dags/tutorial.py for tasks to queue
[2025-05-02T19:46:59.752+0000] {logging_mixin.py:188} INFO - [2025-05-02T19:46:59.752+0000] {dagbag.py:540} INFO - Filling up the DagBag from /home/airflow/.local/lib/python3.12/site-packages/airflow/example_dags/tutorial.py
[2025-05-02T19:46:59.773+0000] {processor.py:840} INFO - DAG(s) 'tutorial' retrieved from /home/airflow/.local/lib/python3.12/site-packages/airflow/example_dags/tutorial.py
[2025-05-02T19:46:59.861+0000] {logging_mixin.py:188} INFO - [2025-05-02T19:46:59.861+0000] {dag.py:3096} INFO - Sync 1 DAGs
[2025-05-02T19:46:59.949+0000] {logging_mixin.py:188} INFO - [2025-05-02T19:46:59.949+0000] {dag.py:3954} INFO - Setting next_dagrun for tutorial to 2025-05-01 00:00:00+00:00, run_after=2025-05-02 00:00:00+00:00
[2025-05-02T19:47:00.450+0000] {processor.py:183} INFO - Processing /home/airflow/.local/lib/python3.12/site-packages/airflow/example_dags/tutorial.py took 0.761 seconds
[2025-05-02T19:47:35.476+0000] {processor.py:161} INFO - Started process (PID=1997) to work on /home/airflow/.local/lib/python3.12/site-packages/airflow/example_dags/tutorial.py
[2025-05-02T19:47:35.478+0000] {processor.py:830} INFO - Processing file /home/airflow/.local/lib/python3.12/site-packages/airflow/example_dags/tutorial.py for tasks to queue
[2025-05-02T19:47:35.497+0000] {logging_mixin.py:188} INFO - [2025-05-02T19:47:35.496+0000] {dagbag.py:540} INFO - Filling up the DagBag from /home/airflow/.local/lib/python3.12/site-packages/airflow/example_dags/tutorial.py
[2025-05-02T19:47:35.527+0000] {processor.py:840} INFO - DAG(s) 'tutorial' retrieved from /home/airflow/.local/lib/python3.12/site-packages/airflow/example_dags/tutorial.py
[2025-05-02T19:47:35.677+0000] {logging_mixin.py:188} INFO - [2025-05-02T19:47:35.676+0000] {dag.py:3096} INFO - Sync 1 DAGs
[2025-05-02T19:47:35.746+0000] {logging_mixin.py:188} INFO - [2025-05-02T19:47:35.746+0000] {dag.py:3954} INFO - Setting next_dagrun for tutorial to 2025-05-01 00:00:00+00:00, run_after=2025-05-02 00:00:00+00:00
[2025-05-02T19:47:35.817+0000] {processor.py:183} INFO - Processing /home/airflow/.local/lib/python3.12/site-packages/airflow/example_dags/tutorial.py took 0.375 seconds
[2025-05-02T19:48:09.142+0000] {processor.py:161} INFO - Started process (PID=2100) to work on /home/airflow/.local/lib/python3.12/site-packages/airflow/example_dags/tutorial.py
[2025-05-02T19:48:09.155+0000] {processor.py:830} INFO - Processing file /home/airflow/.local/lib/python3.12/site-packages/airflow/example_dags/tutorial.py for tasks to queue
[2025-05-02T19:48:09.159+0000] {logging_mixin.py:188} INFO - [2025-05-02T19:48:09.158+0000] {dagbag.py:540} INFO - Filling up the DagBag from /home/airflow/.local/lib/python3.12/site-packages/airflow/example_dags/tutorial.py
[2025-05-02T19:48:09.175+0000] {processor.py:840} INFO - DAG(s) 'tutorial' retrieved from /home/airflow/.local/lib/python3.12/site-packages/airflow/example_dags/tutorial.py
[2025-05-02T19:48:09.235+0000] {logging_mixin.py:188} INFO - [2025-05-02T19:48:09.235+0000] {dag.py:3096} INFO - Sync 1 DAGs
[2025-05-02T19:48:09.284+0000] {logging_mixin.py:188} INFO - [2025-05-02T19:48:09.283+0000] {dag.py:3954} INFO - Setting next_dagrun for tutorial to 2025-05-01 00:00:00+00:00, run_after=2025-05-02 00:00:00+00:00
[2025-05-02T19:48:09.349+0000] {processor.py:183} INFO - Processing /home/airflow/.local/lib/python3.12/site-packages/airflow/example_dags/tutorial.py took 0.224 seconds
[2025-05-02T19:48:46.482+0000] {processor.py:161} INFO - Started process (PID=2192) to work on /home/airflow/.local/lib/python3.12/site-packages/airflow/example_dags/tutorial.py
[2025-05-02T19:48:46.494+0000] {processor.py:830} INFO - Processing file /home/airflow/.local/lib/python3.12/site-packages/airflow/example_dags/tutorial.py for tasks to queue
[2025-05-02T19:48:46.501+0000] {logging_mixin.py:188} INFO - [2025-05-02T19:48:46.497+0000] {dagbag.py:540} INFO - Filling up the DagBag from /home/airflow/.local/lib/python3.12/site-packages/airflow/example_dags/tutorial.py
[2025-05-02T19:48:46.517+0000] {processor.py:840} INFO - DAG(s) 'tutorial' retrieved from /home/airflow/.local/lib/python3.12/site-packages/airflow/example_dags/tutorial.py
[2025-05-02T19:48:46.590+0000] {logging_mixin.py:188} INFO - [2025-05-02T19:48:46.589+0000] {dag.py:3096} INFO - Sync 1 DAGs
[2025-05-02T19:48:46.738+0000] {logging_mixin.py:188} INFO - [2025-05-02T19:48:46.737+0000] {dag.py:3954} INFO - Setting next_dagrun for tutorial to 2025-05-01 00:00:00+00:00, run_after=2025-05-02 00:00:00+00:00
[2025-05-02T19:48:46.870+0000] {processor.py:183} INFO - Processing /home/airflow/.local/lib/python3.12/site-packages/airflow/example_dags/tutorial.py took 0.414 seconds
[2025-05-02T19:49:20.175+0000] {processor.py:161} INFO - Started process (PID=2289) to work on /home/airflow/.local/lib/python3.12/site-packages/airflow/example_dags/tutorial.py
[2025-05-02T19:49:20.177+0000] {processor.py:830} INFO - Processing file /home/airflow/.local/lib/python3.12/site-packages/airflow/example_dags/tutorial.py for tasks to queue
[2025-05-02T19:49:20.181+0000] {logging_mixin.py:188} INFO - [2025-05-02T19:49:20.180+0000] {dagbag.py:540} INFO - Filling up the DagBag from /home/airflow/.local/lib/python3.12/site-packages/airflow/example_dags/tutorial.py
[2025-05-02T19:49:20.198+0000] {processor.py:840} INFO - DAG(s) 'tutorial' retrieved from /home/airflow/.local/lib/python3.12/site-packages/airflow/example_dags/tutorial.py
[2025-05-02T19:49:20.272+0000] {logging_mixin.py:188} INFO - [2025-05-02T19:49:20.271+0000] {dag.py:3096} INFO - Sync 1 DAGs
[2025-05-02T19:49:20.347+0000] {logging_mixin.py:188} INFO - [2025-05-02T19:49:20.347+0000] {dag.py:3954} INFO - Setting next_dagrun for tutorial to 2025-05-01 00:00:00+00:00, run_after=2025-05-02 00:00:00+00:00
[2025-05-02T19:49:20.437+0000] {processor.py:183} INFO - Processing /home/airflow/.local/lib/python3.12/site-packages/airflow/example_dags/tutorial.py took 0.275 seconds
[2025-05-02T19:49:53.944+0000] {processor.py:161} INFO - Started process (PID=2367) to work on /home/airflow/.local/lib/python3.12/site-packages/airflow/example_dags/tutorial.py
[2025-05-02T19:49:53.946+0000] {processor.py:830} INFO - Processing file /home/airflow/.local/lib/python3.12/site-packages/airflow/example_dags/tutorial.py for tasks to queue
[2025-05-02T19:49:53.950+0000] {logging_mixin.py:188} INFO - [2025-05-02T19:49:53.950+0000] {dagbag.py:540} INFO - Filling up the DagBag from /home/airflow/.local/lib/python3.12/site-packages/airflow/example_dags/tutorial.py
[2025-05-02T19:49:53.967+0000] {processor.py:840} INFO - DAG(s) 'tutorial' retrieved from /home/airflow/.local/lib/python3.12/site-packages/airflow/example_dags/tutorial.py
[2025-05-02T19:49:54.019+0000] {logging_mixin.py:188} INFO - [2025-05-02T19:49:54.018+0000] {dag.py:3096} INFO - Sync 1 DAGs
[2025-05-02T19:49:54.112+0000] {logging_mixin.py:188} INFO - [2025-05-02T19:49:54.112+0000] {dag.py:3954} INFO - Setting next_dagrun for tutorial to 2025-05-01 00:00:00+00:00, run_after=2025-05-02 00:00:00+00:00
[2025-05-02T19:49:54.609+0000] {processor.py:183} INFO - Processing /home/airflow/.local/lib/python3.12/site-packages/airflow/example_dags/tutorial.py took 0.680 seconds
[2025-05-02T19:50:28.626+0000] {processor.py:161} INFO - Started process (PID=2491) to work on /home/airflow/.local/lib/python3.12/site-packages/airflow/example_dags/tutorial.py
[2025-05-02T19:50:28.654+0000] {processor.py:830} INFO - Processing file /home/airflow/.local/lib/python3.12/site-packages/airflow/example_dags/tutorial.py for tasks to queue
[2025-05-02T19:50:28.658+0000] {logging_mixin.py:188} INFO - [2025-05-02T19:50:28.657+0000] {dagbag.py:540} INFO - Filling up the DagBag from /home/airflow/.local/lib/python3.12/site-packages/airflow/example_dags/tutorial.py
[2025-05-02T19:50:28.681+0000] {processor.py:840} INFO - DAG(s) 'tutorial' retrieved from /home/airflow/.local/lib/python3.12/site-packages/airflow/example_dags/tutorial.py
[2025-05-02T19:50:28.738+0000] {logging_mixin.py:188} INFO - [2025-05-02T19:50:28.738+0000] {dag.py:3096} INFO - Sync 1 DAGs
[2025-05-02T19:50:28.801+0000] {logging_mixin.py:188} INFO - [2025-05-02T19:50:28.801+0000] {dag.py:3954} INFO - Setting next_dagrun for tutorial to 2025-05-01 00:00:00+00:00, run_after=2025-05-02 00:00:00+00:00
[2025-05-02T19:50:28.923+0000] {processor.py:183} INFO - Processing /home/airflow/.local/lib/python3.12/site-packages/airflow/example_dags/tutorial.py took 0.347 seconds
[2025-05-02T19:51:03.901+0000] {processor.py:161} INFO - Started process (PID=2582) to work on /home/airflow/.local/lib/python3.12/site-packages/airflow/example_dags/tutorial.py
[2025-05-02T19:51:03.903+0000] {processor.py:830} INFO - Processing file /home/airflow/.local/lib/python3.12/site-packages/airflow/example_dags/tutorial.py for tasks to queue
[2025-05-02T19:51:03.909+0000] {logging_mixin.py:188} INFO - [2025-05-02T19:51:03.908+0000] {dagbag.py:540} INFO - Filling up the DagBag from /home/airflow/.local/lib/python3.12/site-packages/airflow/example_dags/tutorial.py
[2025-05-02T19:51:03.934+0000] {processor.py:840} INFO - DAG(s) 'tutorial' retrieved from /home/airflow/.local/lib/python3.12/site-packages/airflow/example_dags/tutorial.py
[2025-05-02T19:51:04.363+0000] {logging_mixin.py:188} INFO - [2025-05-02T19:51:04.363+0000] {dag.py:3096} INFO - Sync 1 DAGs
[2025-05-02T19:51:04.402+0000] {logging_mixin.py:188} INFO - [2025-05-02T19:51:04.402+0000] {dag.py:3954} INFO - Setting next_dagrun for tutorial to 2025-05-01 00:00:00+00:00, run_after=2025-05-02 00:00:00+00:00
[2025-05-02T19:51:04.478+0000] {processor.py:183} INFO - Processing /home/airflow/.local/lib/python3.12/site-packages/airflow/example_dags/tutorial.py took 0.617 seconds
[2025-05-02T19:51:37.745+0000] {processor.py:161} INFO - Started process (PID=2694) to work on /home/airflow/.local/lib/python3.12/site-packages/airflow/example_dags/tutorial.py
[2025-05-02T19:51:37.749+0000] {processor.py:830} INFO - Processing file /home/airflow/.local/lib/python3.12/site-packages/airflow/example_dags/tutorial.py for tasks to queue
[2025-05-02T19:51:37.769+0000] {logging_mixin.py:188} INFO - [2025-05-02T19:51:37.752+0000] {dagbag.py:540} INFO - Filling up the DagBag from /home/airflow/.local/lib/python3.12/site-packages/airflow/example_dags/tutorial.py
[2025-05-02T19:51:37.794+0000] {processor.py:840} INFO - DAG(s) 'tutorial' retrieved from /home/airflow/.local/lib/python3.12/site-packages/airflow/example_dags/tutorial.py
[2025-05-02T19:51:37.971+0000] {logging_mixin.py:188} INFO - [2025-05-02T19:51:37.970+0000] {dag.py:3096} INFO - Sync 1 DAGs
[2025-05-02T19:51:38.058+0000] {logging_mixin.py:188} INFO - [2025-05-02T19:51:38.058+0000] {dag.py:3954} INFO - Setting next_dagrun for tutorial to 2025-05-01 00:00:00+00:00, run_after=2025-05-02 00:00:00+00:00
[2025-05-02T19:51:38.485+0000] {processor.py:183} INFO - Processing /home/airflow/.local/lib/python3.12/site-packages/airflow/example_dags/tutorial.py took 0.755 seconds
[2025-05-02T19:52:11.808+0000] {processor.py:161} INFO - Started process (PID=2769) to work on /home/airflow/.local/lib/python3.12/site-packages/airflow/example_dags/tutorial.py
[2025-05-02T19:52:11.810+0000] {processor.py:830} INFO - Processing file /home/airflow/.local/lib/python3.12/site-packages/airflow/example_dags/tutorial.py for tasks to queue
[2025-05-02T19:52:11.815+0000] {logging_mixin.py:188} INFO - [2025-05-02T19:52:11.814+0000] {dagbag.py:540} INFO - Filling up the DagBag from /home/airflow/.local/lib/python3.12/site-packages/airflow/example_dags/tutorial.py
[2025-05-02T19:52:11.840+0000] {processor.py:840} INFO - DAG(s) 'tutorial' retrieved from /home/airflow/.local/lib/python3.12/site-packages/airflow/example_dags/tutorial.py
[2025-05-02T19:52:11.938+0000] {logging_mixin.py:188} INFO - [2025-05-02T19:52:11.938+0000] {dag.py:3096} INFO - Sync 1 DAGs
[2025-05-02T19:52:12.025+0000] {logging_mixin.py:188} INFO - [2025-05-02T19:52:12.025+0000] {dag.py:3954} INFO - Setting next_dagrun for tutorial to 2025-05-01 00:00:00+00:00, run_after=2025-05-02 00:00:00+00:00
[2025-05-02T19:52:12.097+0000] {processor.py:183} INFO - Processing /home/airflow/.local/lib/python3.12/site-packages/airflow/example_dags/tutorial.py took 0.314 seconds
[2025-05-02T19:52:42.267+0000] {processor.py:161} INFO - Started process (PID=2869) to work on /home/airflow/.local/lib/python3.12/site-packages/airflow/example_dags/tutorial.py
[2025-05-02T19:52:42.269+0000] {processor.py:830} INFO - Processing file /home/airflow/.local/lib/python3.12/site-packages/airflow/example_dags/tutorial.py for tasks to queue
[2025-05-02T19:52:42.274+0000] {logging_mixin.py:188} INFO - [2025-05-02T19:52:42.273+0000] {dagbag.py:540} INFO - Filling up the DagBag from /home/airflow/.local/lib/python3.12/site-packages/airflow/example_dags/tutorial.py
[2025-05-02T19:52:42.290+0000] {processor.py:840} INFO - DAG(s) 'tutorial' retrieved from /home/airflow/.local/lib/python3.12/site-packages/airflow/example_dags/tutorial.py
[2025-05-02T19:52:42.338+0000] {logging_mixin.py:188} INFO - [2025-05-02T19:52:42.338+0000] {dag.py:3096} INFO - Sync 1 DAGs
[2025-05-02T19:52:42.386+0000] {logging_mixin.py:188} INFO - [2025-05-02T19:52:42.386+0000] {dag.py:3954} INFO - Setting next_dagrun for tutorial to 2025-05-01 00:00:00+00:00, run_after=2025-05-02 00:00:00+00:00
[2025-05-02T19:52:42.416+0000] {processor.py:183} INFO - Processing /home/airflow/.local/lib/python3.12/site-packages/airflow/example_dags/tutorial.py took 0.172 seconds
[2025-05-02T19:53:13.375+0000] {processor.py:161} INFO - Started process (PID=2984) to work on /home/airflow/.local/lib/python3.12/site-packages/airflow/example_dags/tutorial.py
[2025-05-02T19:53:13.377+0000] {processor.py:830} INFO - Processing file /home/airflow/.local/lib/python3.12/site-packages/airflow/example_dags/tutorial.py for tasks to queue
[2025-05-02T19:53:13.391+0000] {logging_mixin.py:188} INFO - [2025-05-02T19:53:13.391+0000] {dagbag.py:540} INFO - Filling up the DagBag from /home/airflow/.local/lib/python3.12/site-packages/airflow/example_dags/tutorial.py
[2025-05-02T19:53:13.438+0000] {processor.py:840} INFO - DAG(s) 'tutorial' retrieved from /home/airflow/.local/lib/python3.12/site-packages/airflow/example_dags/tutorial.py
[2025-05-02T19:53:13.639+0000] {logging_mixin.py:188} INFO - [2025-05-02T19:53:13.639+0000] {dag.py:3096} INFO - Sync 1 DAGs
[2025-05-02T19:53:13.764+0000] {logging_mixin.py:188} INFO - [2025-05-02T19:53:13.764+0000] {dag.py:3954} INFO - Setting next_dagrun for tutorial to 2025-05-01 00:00:00+00:00, run_after=2025-05-02 00:00:00+00:00
[2025-05-02T19:53:13.854+0000] {processor.py:183} INFO - Processing /home/airflow/.local/lib/python3.12/site-packages/airflow/example_dags/tutorial.py took 0.529 seconds
[2025-05-02T19:53:44.446+0000] {processor.py:161} INFO - Started process (PID=3063) to work on /home/airflow/.local/lib/python3.12/site-packages/airflow/example_dags/tutorial.py
[2025-05-02T19:53:44.454+0000] {processor.py:830} INFO - Processing file /home/airflow/.local/lib/python3.12/site-packages/airflow/example_dags/tutorial.py for tasks to queue
[2025-05-02T19:53:44.459+0000] {logging_mixin.py:188} INFO - [2025-05-02T19:53:44.458+0000] {dagbag.py:540} INFO - Filling up the DagBag from /home/airflow/.local/lib/python3.12/site-packages/airflow/example_dags/tutorial.py
[2025-05-02T19:53:44.494+0000] {processor.py:840} INFO - DAG(s) 'tutorial' retrieved from /home/airflow/.local/lib/python3.12/site-packages/airflow/example_dags/tutorial.py
[2025-05-02T19:53:44.637+0000] {logging_mixin.py:188} INFO - [2025-05-02T19:53:44.637+0000] {dag.py:3096} INFO - Sync 1 DAGs
[2025-05-02T19:53:44.713+0000] {logging_mixin.py:188} INFO - [2025-05-02T19:53:44.709+0000] {dag.py:3954} INFO - Setting next_dagrun for tutorial to 2025-05-01 00:00:00+00:00, run_after=2025-05-02 00:00:00+00:00
[2025-05-02T19:53:44.795+0000] {processor.py:183} INFO - Processing /home/airflow/.local/lib/python3.12/site-packages/airflow/example_dags/tutorial.py took 0.370 seconds
[2025-05-02T19:54:15.193+0000] {processor.py:161} INFO - Started process (PID=3163) to work on /home/airflow/.local/lib/python3.12/site-packages/airflow/example_dags/tutorial.py
[2025-05-02T19:54:15.197+0000] {processor.py:830} INFO - Processing file /home/airflow/.local/lib/python3.12/site-packages/airflow/example_dags/tutorial.py for tasks to queue
[2025-05-02T19:54:15.200+0000] {logging_mixin.py:188} INFO - [2025-05-02T19:54:15.200+0000] {dagbag.py:540} INFO - Filling up the DagBag from /home/airflow/.local/lib/python3.12/site-packages/airflow/example_dags/tutorial.py
[2025-05-02T19:54:15.227+0000] {processor.py:840} INFO - DAG(s) 'tutorial' retrieved from /home/airflow/.local/lib/python3.12/site-packages/airflow/example_dags/tutorial.py
[2025-05-02T19:54:15.342+0000] {logging_mixin.py:188} INFO - [2025-05-02T19:54:15.341+0000] {dag.py:3096} INFO - Sync 1 DAGs
[2025-05-02T19:54:15.392+0000] {logging_mixin.py:188} INFO - [2025-05-02T19:54:15.391+0000] {dag.py:3954} INFO - Setting next_dagrun for tutorial to 2025-05-01 00:00:00+00:00, run_after=2025-05-02 00:00:00+00:00
[2025-05-02T19:54:15.426+0000] {processor.py:183} INFO - Processing /home/airflow/.local/lib/python3.12/site-packages/airflow/example_dags/tutorial.py took 0.249 seconds
[2025-05-02T19:54:45.517+0000] {processor.py:161} INFO - Started process (PID=3255) to work on /home/airflow/.local/lib/python3.12/site-packages/airflow/example_dags/tutorial.py
[2025-05-02T19:54:45.528+0000] {processor.py:830} INFO - Processing file /home/airflow/.local/lib/python3.12/site-packages/airflow/example_dags/tutorial.py for tasks to queue
[2025-05-02T19:54:45.531+0000] {logging_mixin.py:188} INFO - [2025-05-02T19:54:45.531+0000] {dagbag.py:540} INFO - Filling up the DagBag from /home/airflow/.local/lib/python3.12/site-packages/airflow/example_dags/tutorial.py
[2025-05-02T19:54:45.545+0000] {processor.py:840} INFO - DAG(s) 'tutorial' retrieved from /home/airflow/.local/lib/python3.12/site-packages/airflow/example_dags/tutorial.py
[2025-05-02T19:54:45.589+0000] {logging_mixin.py:188} INFO - [2025-05-02T19:54:45.589+0000] {dag.py:3096} INFO - Sync 1 DAGs
[2025-05-02T19:54:45.633+0000] {logging_mixin.py:188} INFO - [2025-05-02T19:54:45.633+0000] {dag.py:3954} INFO - Setting next_dagrun for tutorial to 2025-05-01 00:00:00+00:00, run_after=2025-05-02 00:00:00+00:00
[2025-05-02T19:54:45.683+0000] {processor.py:183} INFO - Processing /home/airflow/.local/lib/python3.12/site-packages/airflow/example_dags/tutorial.py took 0.178 seconds
[2025-05-02T19:55:15.884+0000] {processor.py:161} INFO - Started process (PID=3350) to work on /home/airflow/.local/lib/python3.12/site-packages/airflow/example_dags/tutorial.py
[2025-05-02T19:55:15.885+0000] {processor.py:830} INFO - Processing file /home/airflow/.local/lib/python3.12/site-packages/airflow/example_dags/tutorial.py for tasks to queue
[2025-05-02T19:55:15.889+0000] {logging_mixin.py:188} INFO - [2025-05-02T19:55:15.888+0000] {dagbag.py:540} INFO - Filling up the DagBag from /home/airflow/.local/lib/python3.12/site-packages/airflow/example_dags/tutorial.py
[2025-05-02T19:55:15.897+0000] {processor.py:840} INFO - DAG(s) 'tutorial' retrieved from /home/airflow/.local/lib/python3.12/site-packages/airflow/example_dags/tutorial.py
[2025-05-02T19:55:15.944+0000] {logging_mixin.py:188} INFO - [2025-05-02T19:55:15.943+0000] {dag.py:3096} INFO - Sync 1 DAGs
[2025-05-02T19:55:16.009+0000] {logging_mixin.py:188} INFO - [2025-05-02T19:55:16.009+0000] {dag.py:3954} INFO - Setting next_dagrun for tutorial to 2025-05-01 00:00:00+00:00, run_after=2025-05-02 00:00:00+00:00
[2025-05-02T19:55:16.078+0000] {processor.py:183} INFO - Processing /home/airflow/.local/lib/python3.12/site-packages/airflow/example_dags/tutorial.py took 0.205 seconds
[2025-05-02T19:55:46.860+0000] {processor.py:161} INFO - Started process (PID=3449) to work on /home/airflow/.local/lib/python3.12/site-packages/airflow/example_dags/tutorial.py
[2025-05-02T19:55:46.862+0000] {processor.py:830} INFO - Processing file /home/airflow/.local/lib/python3.12/site-packages/airflow/example_dags/tutorial.py for tasks to queue
[2025-05-02T19:55:46.866+0000] {logging_mixin.py:188} INFO - [2025-05-02T19:55:46.865+0000] {dagbag.py:540} INFO - Filling up the DagBag from /home/airflow/.local/lib/python3.12/site-packages/airflow/example_dags/tutorial.py
[2025-05-02T19:55:46.878+0000] {processor.py:840} INFO - DAG(s) 'tutorial' retrieved from /home/airflow/.local/lib/python3.12/site-packages/airflow/example_dags/tutorial.py
[2025-05-02T19:55:46.932+0000] {logging_mixin.py:188} INFO - [2025-05-02T19:55:46.931+0000] {dag.py:3096} INFO - Sync 1 DAGs
[2025-05-02T19:55:46.982+0000] {logging_mixin.py:188} INFO - [2025-05-02T19:55:46.982+0000] {dag.py:3954} INFO - Setting next_dagrun for tutorial to 2025-05-01 00:00:00+00:00, run_after=2025-05-02 00:00:00+00:00
[2025-05-02T19:55:47.054+0000] {processor.py:183} INFO - Processing /home/airflow/.local/lib/python3.12/site-packages/airflow/example_dags/tutorial.py took 0.206 seconds
[2025-05-02T19:56:17.150+0000] {processor.py:161} INFO - Started process (PID=3554) to work on /home/airflow/.local/lib/python3.12/site-packages/airflow/example_dags/tutorial.py
[2025-05-02T19:56:17.151+0000] {processor.py:830} INFO - Processing file /home/airflow/.local/lib/python3.12/site-packages/airflow/example_dags/tutorial.py for tasks to queue
[2025-05-02T19:56:17.153+0000] {logging_mixin.py:188} INFO - [2025-05-02T19:56:17.153+0000] {dagbag.py:540} INFO - Filling up the DagBag from /home/airflow/.local/lib/python3.12/site-packages/airflow/example_dags/tutorial.py
[2025-05-02T19:56:17.161+0000] {processor.py:840} INFO - DAG(s) 'tutorial' retrieved from /home/airflow/.local/lib/python3.12/site-packages/airflow/example_dags/tutorial.py
[2025-05-02T19:56:17.198+0000] {logging_mixin.py:188} INFO - [2025-05-02T19:56:17.198+0000] {dag.py:3096} INFO - Sync 1 DAGs
[2025-05-02T19:56:17.247+0000] {logging_mixin.py:188} INFO - [2025-05-02T19:56:17.247+0000] {dag.py:3954} INFO - Setting next_dagrun for tutorial to 2025-05-01 00:00:00+00:00, run_after=2025-05-02 00:00:00+00:00
[2025-05-02T19:56:17.272+0000] {processor.py:183} INFO - Processing /home/airflow/.local/lib/python3.12/site-packages/airflow/example_dags/tutorial.py took 0.130 seconds
[2025-05-02T19:56:49.900+0000] {processor.py:161} INFO - Started process (PID=3641) to work on /home/airflow/.local/lib/python3.12/site-packages/airflow/example_dags/tutorial.py
[2025-05-02T19:56:49.901+0000] {processor.py:830} INFO - Processing file /home/airflow/.local/lib/python3.12/site-packages/airflow/example_dags/tutorial.py for tasks to queue
[2025-05-02T19:56:49.905+0000] {logging_mixin.py:188} INFO - [2025-05-02T19:56:49.904+0000] {dagbag.py:540} INFO - Filling up the DagBag from /home/airflow/.local/lib/python3.12/site-packages/airflow/example_dags/tutorial.py
[2025-05-02T19:56:49.921+0000] {processor.py:840} INFO - DAG(s) 'tutorial' retrieved from /home/airflow/.local/lib/python3.12/site-packages/airflow/example_dags/tutorial.py
[2025-05-02T19:56:50.003+0000] {logging_mixin.py:188} INFO - [2025-05-02T19:56:50.003+0000] {dag.py:3096} INFO - Sync 1 DAGs
[2025-05-02T19:56:50.071+0000] {logging_mixin.py:188} INFO - [2025-05-02T19:56:50.071+0000] {dag.py:3954} INFO - Setting next_dagrun for tutorial to 2025-05-01 00:00:00+00:00, run_after=2025-05-02 00:00:00+00:00
[2025-05-02T19:56:50.166+0000] {processor.py:183} INFO - Processing /home/airflow/.local/lib/python3.12/site-packages/airflow/example_dags/tutorial.py took 0.285 seconds
[2025-05-02T19:57:23.283+0000] {processor.py:161} INFO - Started process (PID=3741) to work on /home/airflow/.local/lib/python3.12/site-packages/airflow/example_dags/tutorial.py
[2025-05-02T19:57:23.285+0000] {processor.py:830} INFO - Processing file /home/airflow/.local/lib/python3.12/site-packages/airflow/example_dags/tutorial.py for tasks to queue
[2025-05-02T19:57:23.289+0000] {logging_mixin.py:188} INFO - [2025-05-02T19:57:23.288+0000] {dagbag.py:540} INFO - Filling up the DagBag from /home/airflow/.local/lib/python3.12/site-packages/airflow/example_dags/tutorial.py
[2025-05-02T19:57:23.367+0000] {processor.py:840} INFO - DAG(s) 'tutorial' retrieved from /home/airflow/.local/lib/python3.12/site-packages/airflow/example_dags/tutorial.py
[2025-05-02T19:57:23.582+0000] {logging_mixin.py:188} INFO - [2025-05-02T19:57:23.582+0000] {dag.py:3096} INFO - Sync 1 DAGs
[2025-05-02T19:57:23.808+0000] {logging_mixin.py:188} INFO - [2025-05-02T19:57:23.807+0000] {dag.py:3954} INFO - Setting next_dagrun for tutorial to 2025-05-01 00:00:00+00:00, run_after=2025-05-02 00:00:00+00:00
[2025-05-02T19:57:23.927+0000] {processor.py:183} INFO - Processing /home/airflow/.local/lib/python3.12/site-packages/airflow/example_dags/tutorial.py took 0.656 seconds
[2025-05-02T19:57:54.040+0000] {processor.py:161} INFO - Started process (PID=3834) to work on /home/airflow/.local/lib/python3.12/site-packages/airflow/example_dags/tutorial.py
[2025-05-02T19:57:54.045+0000] {processor.py:830} INFO - Processing file /home/airflow/.local/lib/python3.12/site-packages/airflow/example_dags/tutorial.py for tasks to queue
[2025-05-02T19:57:54.048+0000] {logging_mixin.py:188} INFO - [2025-05-02T19:57:54.048+0000] {dagbag.py:540} INFO - Filling up the DagBag from /home/airflow/.local/lib/python3.12/site-packages/airflow/example_dags/tutorial.py
[2025-05-02T19:57:54.060+0000] {processor.py:840} INFO - DAG(s) 'tutorial' retrieved from /home/airflow/.local/lib/python3.12/site-packages/airflow/example_dags/tutorial.py
[2025-05-02T19:57:54.173+0000] {logging_mixin.py:188} INFO - [2025-05-02T19:57:54.172+0000] {dag.py:3096} INFO - Sync 1 DAGs
[2025-05-02T19:57:54.223+0000] {logging_mixin.py:188} INFO - [2025-05-02T19:57:54.223+0000] {dag.py:3954} INFO - Setting next_dagrun for tutorial to 2025-05-01 00:00:00+00:00, run_after=2025-05-02 00:00:00+00:00
[2025-05-02T19:57:54.344+0000] {processor.py:183} INFO - Processing /home/airflow/.local/lib/python3.12/site-packages/airflow/example_dags/tutorial.py took 0.326 seconds
