[2025-05-02T19:33:08.301+0000] {processor.py:161} INFO - Started process (PID=94) to work on /home/airflow/.local/lib/python3.12/site-packages/airflow/example_dags/tutorial_dag.py
[2025-05-02T19:33:08.302+0000] {processor.py:830} INFO - Processing file /home/airflow/.local/lib/python3.12/site-packages/airflow/example_dags/tutorial_dag.py for tasks to queue
[2025-05-02T19:33:08.304+0000] {logging_mixin.py:188} INFO - [2025-05-02T19:33:08.303+0000] {dagbag.py:540} INFO - Filling up the DagBag from /home/airflow/.local/lib/python3.12/site-packages/airflow/example_dags/tutorial_dag.py
[2025-05-02T19:33:08.312+0000] {processor.py:840} INFO - DAG(s) 'tutorial_dag' retrieved from /home/airflow/.local/lib/python3.12/site-packages/airflow/example_dags/tutorial_dag.py
[2025-05-02T19:33:08.328+0000] {logging_mixin.py:188} INFO - [2025-05-02T19:33:08.328+0000] {dag.py:3096} INFO - Sync 1 DAGs
[2025-05-02T19:33:08.345+0000] {logging_mixin.py:188} INFO - [2025-05-02T19:33:08.345+0000] {dag.py:3954} INFO - Setting next_dagrun for tutorial_dag to None, run_after=None
[2025-05-02T19:33:08.367+0000] {processor.py:183} INFO - Processing /home/airflow/.local/lib/python3.12/site-packages/airflow/example_dags/tutorial_dag.py took 0.074 seconds
[2025-05-02T19:33:38.805+0000] {processor.py:161} INFO - Started process (PID=146) to work on /home/airflow/.local/lib/python3.12/site-packages/airflow/example_dags/tutorial_dag.py
[2025-05-02T19:33:38.806+0000] {processor.py:830} INFO - Processing file /home/airflow/.local/lib/python3.12/site-packages/airflow/example_dags/tutorial_dag.py for tasks to queue
[2025-05-02T19:33:38.808+0000] {logging_mixin.py:188} INFO - [2025-05-02T19:33:38.808+0000] {dagbag.py:540} INFO - Filling up the DagBag from /home/airflow/.local/lib/python3.12/site-packages/airflow/example_dags/tutorial_dag.py
[2025-05-02T19:33:38.813+0000] {processor.py:840} INFO - DAG(s) 'tutorial_dag' retrieved from /home/airflow/.local/lib/python3.12/site-packages/airflow/example_dags/tutorial_dag.py
[2025-05-02T19:33:38.901+0000] {logging_mixin.py:188} INFO - [2025-05-02T19:33:38.901+0000] {dag.py:3096} INFO - Sync 1 DAGs
[2025-05-02T19:33:38.911+0000] {logging_mixin.py:188} INFO - [2025-05-02T19:33:38.911+0000] {dag.py:3954} INFO - Setting next_dagrun for tutorial_dag to None, run_after=None
[2025-05-02T19:33:38.931+0000] {processor.py:183} INFO - Processing /home/airflow/.local/lib/python3.12/site-packages/airflow/example_dags/tutorial_dag.py took 0.130 seconds
[2025-05-02T19:34:09.016+0000] {processor.py:161} INFO - Started process (PID=204) to work on /home/airflow/.local/lib/python3.12/site-packages/airflow/example_dags/tutorial_dag.py
[2025-05-02T19:34:09.018+0000] {processor.py:830} INFO - Processing file /home/airflow/.local/lib/python3.12/site-packages/airflow/example_dags/tutorial_dag.py for tasks to queue
[2025-05-02T19:34:09.020+0000] {logging_mixin.py:188} INFO - [2025-05-02T19:34:09.020+0000] {dagbag.py:540} INFO - Filling up the DagBag from /home/airflow/.local/lib/python3.12/site-packages/airflow/example_dags/tutorial_dag.py
[2025-05-02T19:34:09.025+0000] {processor.py:840} INFO - DAG(s) 'tutorial_dag' retrieved from /home/airflow/.local/lib/python3.12/site-packages/airflow/example_dags/tutorial_dag.py
[2025-05-02T19:34:09.041+0000] {logging_mixin.py:188} INFO - [2025-05-02T19:34:09.041+0000] {dag.py:3096} INFO - Sync 1 DAGs
[2025-05-02T19:34:09.052+0000] {logging_mixin.py:188} INFO - [2025-05-02T19:34:09.051+0000] {dag.py:3954} INFO - Setting next_dagrun for tutorial_dag to None, run_after=None
[2025-05-02T19:34:09.066+0000] {processor.py:183} INFO - Processing /home/airflow/.local/lib/python3.12/site-packages/airflow/example_dags/tutorial_dag.py took 0.056 seconds
[2025-05-02T19:34:39.996+0000] {processor.py:161} INFO - Started process (PID=262) to work on /home/airflow/.local/lib/python3.12/site-packages/airflow/example_dags/tutorial_dag.py
[2025-05-02T19:34:39.997+0000] {processor.py:830} INFO - Processing file /home/airflow/.local/lib/python3.12/site-packages/airflow/example_dags/tutorial_dag.py for tasks to queue
[2025-05-02T19:34:39.999+0000] {logging_mixin.py:188} INFO - [2025-05-02T19:34:39.999+0000] {dagbag.py:540} INFO - Filling up the DagBag from /home/airflow/.local/lib/python3.12/site-packages/airflow/example_dags/tutorial_dag.py
[2025-05-02T19:34:40.003+0000] {processor.py:840} INFO - DAG(s) 'tutorial_dag' retrieved from /home/airflow/.local/lib/python3.12/site-packages/airflow/example_dags/tutorial_dag.py
[2025-05-02T19:34:40.024+0000] {logging_mixin.py:188} INFO - [2025-05-02T19:34:40.023+0000] {dag.py:3096} INFO - Sync 1 DAGs
[2025-05-02T19:34:40.034+0000] {logging_mixin.py:188} INFO - [2025-05-02T19:34:40.034+0000] {dag.py:3954} INFO - Setting next_dagrun for tutorial_dag to None, run_after=None
[2025-05-02T19:34:40.051+0000] {processor.py:183} INFO - Processing /home/airflow/.local/lib/python3.12/site-packages/airflow/example_dags/tutorial_dag.py took 0.061 seconds
[2025-05-02T19:35:13.428+0000] {processor.py:161} INFO - Started process (PID=320) to work on /home/airflow/.local/lib/python3.12/site-packages/airflow/example_dags/tutorial_dag.py
[2025-05-02T19:35:13.429+0000] {processor.py:830} INFO - Processing file /home/airflow/.local/lib/python3.12/site-packages/airflow/example_dags/tutorial_dag.py for tasks to queue
[2025-05-02T19:35:13.431+0000] {logging_mixin.py:188} INFO - [2025-05-02T19:35:13.430+0000] {dagbag.py:540} INFO - Filling up the DagBag from /home/airflow/.local/lib/python3.12/site-packages/airflow/example_dags/tutorial_dag.py
[2025-05-02T19:35:13.435+0000] {processor.py:840} INFO - DAG(s) 'tutorial_dag' retrieved from /home/airflow/.local/lib/python3.12/site-packages/airflow/example_dags/tutorial_dag.py
[2025-05-02T19:35:13.453+0000] {logging_mixin.py:188} INFO - [2025-05-02T19:35:13.453+0000] {dag.py:3096} INFO - Sync 1 DAGs
[2025-05-02T19:35:13.462+0000] {logging_mixin.py:188} INFO - [2025-05-02T19:35:13.462+0000] {dag.py:3954} INFO - Setting next_dagrun for tutorial_dag to None, run_after=None
[2025-05-02T19:35:13.476+0000] {processor.py:183} INFO - Processing /home/airflow/.local/lib/python3.12/site-packages/airflow/example_dags/tutorial_dag.py took 0.053 seconds
[2025-05-02T19:35:44.353+0000] {processor.py:161} INFO - Started process (PID=378) to work on /home/airflow/.local/lib/python3.12/site-packages/airflow/example_dags/tutorial_dag.py
[2025-05-02T19:35:44.353+0000] {processor.py:830} INFO - Processing file /home/airflow/.local/lib/python3.12/site-packages/airflow/example_dags/tutorial_dag.py for tasks to queue
[2025-05-02T19:35:44.355+0000] {logging_mixin.py:188} INFO - [2025-05-02T19:35:44.355+0000] {dagbag.py:540} INFO - Filling up the DagBag from /home/airflow/.local/lib/python3.12/site-packages/airflow/example_dags/tutorial_dag.py
[2025-05-02T19:35:44.360+0000] {processor.py:840} INFO - DAG(s) 'tutorial_dag' retrieved from /home/airflow/.local/lib/python3.12/site-packages/airflow/example_dags/tutorial_dag.py
[2025-05-02T19:35:44.379+0000] {logging_mixin.py:188} INFO - [2025-05-02T19:35:44.379+0000] {dag.py:3096} INFO - Sync 1 DAGs
[2025-05-02T19:35:44.394+0000] {logging_mixin.py:188} INFO - [2025-05-02T19:35:44.394+0000] {dag.py:3954} INFO - Setting next_dagrun for tutorial_dag to None, run_after=None
[2025-05-02T19:35:44.412+0000] {processor.py:183} INFO - Processing /home/airflow/.local/lib/python3.12/site-packages/airflow/example_dags/tutorial_dag.py took 0.064 seconds
[2025-05-02T19:36:14.447+0000] {processor.py:161} INFO - Started process (PID=436) to work on /home/airflow/.local/lib/python3.12/site-packages/airflow/example_dags/tutorial_dag.py
[2025-05-02T19:36:14.450+0000] {processor.py:830} INFO - Processing file /home/airflow/.local/lib/python3.12/site-packages/airflow/example_dags/tutorial_dag.py for tasks to queue
[2025-05-02T19:36:14.452+0000] {logging_mixin.py:188} INFO - [2025-05-02T19:36:14.451+0000] {dagbag.py:540} INFO - Filling up the DagBag from /home/airflow/.local/lib/python3.12/site-packages/airflow/example_dags/tutorial_dag.py
[2025-05-02T19:36:14.456+0000] {processor.py:840} INFO - DAG(s) 'tutorial_dag' retrieved from /home/airflow/.local/lib/python3.12/site-packages/airflow/example_dags/tutorial_dag.py
[2025-05-02T19:36:14.475+0000] {logging_mixin.py:188} INFO - [2025-05-02T19:36:14.475+0000] {dag.py:3096} INFO - Sync 1 DAGs
[2025-05-02T19:36:14.486+0000] {logging_mixin.py:188} INFO - [2025-05-02T19:36:14.486+0000] {dag.py:3954} INFO - Setting next_dagrun for tutorial_dag to None, run_after=None
[2025-05-02T19:36:14.502+0000] {processor.py:183} INFO - Processing /home/airflow/.local/lib/python3.12/site-packages/airflow/example_dags/tutorial_dag.py took 0.059 seconds
[2025-05-02T19:36:45.004+0000] {processor.py:161} INFO - Started process (PID=494) to work on /home/airflow/.local/lib/python3.12/site-packages/airflow/example_dags/tutorial_dag.py
[2025-05-02T19:36:45.005+0000] {processor.py:830} INFO - Processing file /home/airflow/.local/lib/python3.12/site-packages/airflow/example_dags/tutorial_dag.py for tasks to queue
[2025-05-02T19:36:45.007+0000] {logging_mixin.py:188} INFO - [2025-05-02T19:36:45.007+0000] {dagbag.py:540} INFO - Filling up the DagBag from /home/airflow/.local/lib/python3.12/site-packages/airflow/example_dags/tutorial_dag.py
[2025-05-02T19:36:45.012+0000] {processor.py:840} INFO - DAG(s) 'tutorial_dag' retrieved from /home/airflow/.local/lib/python3.12/site-packages/airflow/example_dags/tutorial_dag.py
[2025-05-02T19:36:45.030+0000] {logging_mixin.py:188} INFO - [2025-05-02T19:36:45.029+0000] {dag.py:3096} INFO - Sync 1 DAGs
[2025-05-02T19:36:45.040+0000] {logging_mixin.py:188} INFO - [2025-05-02T19:36:45.040+0000] {dag.py:3954} INFO - Setting next_dagrun for tutorial_dag to None, run_after=None
[2025-05-02T19:36:45.054+0000] {processor.py:183} INFO - Processing /home/airflow/.local/lib/python3.12/site-packages/airflow/example_dags/tutorial_dag.py took 0.056 seconds
[2025-05-02T19:37:15.385+0000] {processor.py:161} INFO - Started process (PID=552) to work on /home/airflow/.local/lib/python3.12/site-packages/airflow/example_dags/tutorial_dag.py
[2025-05-02T19:37:15.386+0000] {processor.py:830} INFO - Processing file /home/airflow/.local/lib/python3.12/site-packages/airflow/example_dags/tutorial_dag.py for tasks to queue
[2025-05-02T19:37:15.387+0000] {logging_mixin.py:188} INFO - [2025-05-02T19:37:15.387+0000] {dagbag.py:540} INFO - Filling up the DagBag from /home/airflow/.local/lib/python3.12/site-packages/airflow/example_dags/tutorial_dag.py
[2025-05-02T19:37:15.391+0000] {processor.py:840} INFO - DAG(s) 'tutorial_dag' retrieved from /home/airflow/.local/lib/python3.12/site-packages/airflow/example_dags/tutorial_dag.py
[2025-05-02T19:37:15.410+0000] {logging_mixin.py:188} INFO - [2025-05-02T19:37:15.410+0000] {dag.py:3096} INFO - Sync 1 DAGs
[2025-05-02T19:37:15.423+0000] {logging_mixin.py:188} INFO - [2025-05-02T19:37:15.423+0000] {dag.py:3954} INFO - Setting next_dagrun for tutorial_dag to None, run_after=None
[2025-05-02T19:37:15.442+0000] {processor.py:183} INFO - Processing /home/airflow/.local/lib/python3.12/site-packages/airflow/example_dags/tutorial_dag.py took 0.063 seconds
[2025-05-02T19:37:45.825+0000] {processor.py:161} INFO - Started process (PID=610) to work on /home/airflow/.local/lib/python3.12/site-packages/airflow/example_dags/tutorial_dag.py
[2025-05-02T19:37:45.826+0000] {processor.py:830} INFO - Processing file /home/airflow/.local/lib/python3.12/site-packages/airflow/example_dags/tutorial_dag.py for tasks to queue
[2025-05-02T19:37:45.827+0000] {logging_mixin.py:188} INFO - [2025-05-02T19:37:45.827+0000] {dagbag.py:540} INFO - Filling up the DagBag from /home/airflow/.local/lib/python3.12/site-packages/airflow/example_dags/tutorial_dag.py
[2025-05-02T19:37:45.831+0000] {processor.py:840} INFO - DAG(s) 'tutorial_dag' retrieved from /home/airflow/.local/lib/python3.12/site-packages/airflow/example_dags/tutorial_dag.py
[2025-05-02T19:37:45.846+0000] {logging_mixin.py:188} INFO - [2025-05-02T19:37:45.846+0000] {dag.py:3096} INFO - Sync 1 DAGs
[2025-05-02T19:37:45.856+0000] {logging_mixin.py:188} INFO - [2025-05-02T19:37:45.855+0000] {dag.py:3954} INFO - Setting next_dagrun for tutorial_dag to None, run_after=None
[2025-05-02T19:37:45.871+0000] {processor.py:183} INFO - Processing /home/airflow/.local/lib/python3.12/site-packages/airflow/example_dags/tutorial_dag.py took 0.051 seconds
[2025-05-02T19:38:16.248+0000] {processor.py:161} INFO - Started process (PID=668) to work on /home/airflow/.local/lib/python3.12/site-packages/airflow/example_dags/tutorial_dag.py
[2025-05-02T19:38:16.249+0000] {processor.py:830} INFO - Processing file /home/airflow/.local/lib/python3.12/site-packages/airflow/example_dags/tutorial_dag.py for tasks to queue
[2025-05-02T19:38:16.251+0000] {logging_mixin.py:188} INFO - [2025-05-02T19:38:16.251+0000] {dagbag.py:540} INFO - Filling up the DagBag from /home/airflow/.local/lib/python3.12/site-packages/airflow/example_dags/tutorial_dag.py
[2025-05-02T19:38:16.256+0000] {processor.py:840} INFO - DAG(s) 'tutorial_dag' retrieved from /home/airflow/.local/lib/python3.12/site-packages/airflow/example_dags/tutorial_dag.py
[2025-05-02T19:38:16.272+0000] {logging_mixin.py:188} INFO - [2025-05-02T19:38:16.272+0000] {dag.py:3096} INFO - Sync 1 DAGs
[2025-05-02T19:38:16.281+0000] {logging_mixin.py:188} INFO - [2025-05-02T19:38:16.281+0000] {dag.py:3954} INFO - Setting next_dagrun for tutorial_dag to None, run_after=None
[2025-05-02T19:38:16.296+0000] {processor.py:183} INFO - Processing /home/airflow/.local/lib/python3.12/site-packages/airflow/example_dags/tutorial_dag.py took 0.053 seconds
[2025-05-02T19:38:46.706+0000] {processor.py:161} INFO - Started process (PID=726) to work on /home/airflow/.local/lib/python3.12/site-packages/airflow/example_dags/tutorial_dag.py
[2025-05-02T19:38:46.707+0000] {processor.py:830} INFO - Processing file /home/airflow/.local/lib/python3.12/site-packages/airflow/example_dags/tutorial_dag.py for tasks to queue
[2025-05-02T19:38:46.709+0000] {logging_mixin.py:188} INFO - [2025-05-02T19:38:46.708+0000] {dagbag.py:540} INFO - Filling up the DagBag from /home/airflow/.local/lib/python3.12/site-packages/airflow/example_dags/tutorial_dag.py
[2025-05-02T19:38:46.713+0000] {processor.py:840} INFO - DAG(s) 'tutorial_dag' retrieved from /home/airflow/.local/lib/python3.12/site-packages/airflow/example_dags/tutorial_dag.py
[2025-05-02T19:38:46.731+0000] {logging_mixin.py:188} INFO - [2025-05-02T19:38:46.731+0000] {dag.py:3096} INFO - Sync 1 DAGs
[2025-05-02T19:38:46.742+0000] {logging_mixin.py:188} INFO - [2025-05-02T19:38:46.742+0000] {dag.py:3954} INFO - Setting next_dagrun for tutorial_dag to None, run_after=None
[2025-05-02T19:38:46.759+0000] {processor.py:183} INFO - Processing /home/airflow/.local/lib/python3.12/site-packages/airflow/example_dags/tutorial_dag.py took 0.059 seconds
[2025-05-02T19:39:19.048+0000] {processor.py:161} INFO - Started process (PID=784) to work on /home/airflow/.local/lib/python3.12/site-packages/airflow/example_dags/tutorial_dag.py
[2025-05-02T19:39:19.049+0000] {processor.py:830} INFO - Processing file /home/airflow/.local/lib/python3.12/site-packages/airflow/example_dags/tutorial_dag.py for tasks to queue
[2025-05-02T19:39:19.050+0000] {logging_mixin.py:188} INFO - [2025-05-02T19:39:19.050+0000] {dagbag.py:540} INFO - Filling up the DagBag from /home/airflow/.local/lib/python3.12/site-packages/airflow/example_dags/tutorial_dag.py
[2025-05-02T19:39:19.055+0000] {processor.py:840} INFO - DAG(s) 'tutorial_dag' retrieved from /home/airflow/.local/lib/python3.12/site-packages/airflow/example_dags/tutorial_dag.py
[2025-05-02T19:39:19.073+0000] {logging_mixin.py:188} INFO - [2025-05-02T19:39:19.072+0000] {dag.py:3096} INFO - Sync 1 DAGs
[2025-05-02T19:39:19.083+0000] {logging_mixin.py:188} INFO - [2025-05-02T19:39:19.083+0000] {dag.py:3954} INFO - Setting next_dagrun for tutorial_dag to None, run_after=None
[2025-05-02T19:39:19.102+0000] {processor.py:183} INFO - Processing /home/airflow/.local/lib/python3.12/site-packages/airflow/example_dags/tutorial_dag.py took 0.060 seconds
[2025-05-02T19:39:49.694+0000] {processor.py:161} INFO - Started process (PID=842) to work on /home/airflow/.local/lib/python3.12/site-packages/airflow/example_dags/tutorial_dag.py
[2025-05-02T19:39:49.695+0000] {processor.py:830} INFO - Processing file /home/airflow/.local/lib/python3.12/site-packages/airflow/example_dags/tutorial_dag.py for tasks to queue
[2025-05-02T19:39:49.697+0000] {logging_mixin.py:188} INFO - [2025-05-02T19:39:49.696+0000] {dagbag.py:540} INFO - Filling up the DagBag from /home/airflow/.local/lib/python3.12/site-packages/airflow/example_dags/tutorial_dag.py
[2025-05-02T19:39:49.700+0000] {processor.py:840} INFO - DAG(s) 'tutorial_dag' retrieved from /home/airflow/.local/lib/python3.12/site-packages/airflow/example_dags/tutorial_dag.py
[2025-05-02T19:39:49.717+0000] {logging_mixin.py:188} INFO - [2025-05-02T19:39:49.717+0000] {dag.py:3096} INFO - Sync 1 DAGs
[2025-05-02T19:39:49.727+0000] {logging_mixin.py:188} INFO - [2025-05-02T19:39:49.727+0000] {dag.py:3954} INFO - Setting next_dagrun for tutorial_dag to None, run_after=None
[2025-05-02T19:39:49.743+0000] {processor.py:183} INFO - Processing /home/airflow/.local/lib/python3.12/site-packages/airflow/example_dags/tutorial_dag.py took 0.055 seconds
[2025-05-02T19:40:20.414+0000] {processor.py:161} INFO - Started process (PID=900) to work on /home/airflow/.local/lib/python3.12/site-packages/airflow/example_dags/tutorial_dag.py
[2025-05-02T19:40:20.415+0000] {processor.py:830} INFO - Processing file /home/airflow/.local/lib/python3.12/site-packages/airflow/example_dags/tutorial_dag.py for tasks to queue
[2025-05-02T19:40:20.417+0000] {logging_mixin.py:188} INFO - [2025-05-02T19:40:20.416+0000] {dagbag.py:540} INFO - Filling up the DagBag from /home/airflow/.local/lib/python3.12/site-packages/airflow/example_dags/tutorial_dag.py
[2025-05-02T19:40:20.426+0000] {processor.py:840} INFO - DAG(s) 'tutorial_dag' retrieved from /home/airflow/.local/lib/python3.12/site-packages/airflow/example_dags/tutorial_dag.py
[2025-05-02T19:40:20.447+0000] {logging_mixin.py:188} INFO - [2025-05-02T19:40:20.447+0000] {dag.py:3096} INFO - Sync 1 DAGs
[2025-05-02T19:40:20.457+0000] {logging_mixin.py:188} INFO - [2025-05-02T19:40:20.457+0000] {dag.py:3954} INFO - Setting next_dagrun for tutorial_dag to None, run_after=None
[2025-05-02T19:40:20.472+0000] {processor.py:183} INFO - Processing /home/airflow/.local/lib/python3.12/site-packages/airflow/example_dags/tutorial_dag.py took 0.062 seconds
[2025-05-02T19:40:50.891+0000] {processor.py:161} INFO - Started process (PID=958) to work on /home/airflow/.local/lib/python3.12/site-packages/airflow/example_dags/tutorial_dag.py
[2025-05-02T19:40:50.892+0000] {processor.py:830} INFO - Processing file /home/airflow/.local/lib/python3.12/site-packages/airflow/example_dags/tutorial_dag.py for tasks to queue
[2025-05-02T19:40:50.893+0000] {logging_mixin.py:188} INFO - [2025-05-02T19:40:50.893+0000] {dagbag.py:540} INFO - Filling up the DagBag from /home/airflow/.local/lib/python3.12/site-packages/airflow/example_dags/tutorial_dag.py
[2025-05-02T19:40:50.897+0000] {processor.py:840} INFO - DAG(s) 'tutorial_dag' retrieved from /home/airflow/.local/lib/python3.12/site-packages/airflow/example_dags/tutorial_dag.py
[2025-05-02T19:40:50.914+0000] {logging_mixin.py:188} INFO - [2025-05-02T19:40:50.914+0000] {dag.py:3096} INFO - Sync 1 DAGs
[2025-05-02T19:40:50.926+0000] {logging_mixin.py:188} INFO - [2025-05-02T19:40:50.925+0000] {dag.py:3954} INFO - Setting next_dagrun for tutorial_dag to None, run_after=None
[2025-05-02T19:40:50.943+0000] {processor.py:183} INFO - Processing /home/airflow/.local/lib/python3.12/site-packages/airflow/example_dags/tutorial_dag.py took 0.057 seconds
[2025-05-02T19:41:21.411+0000] {processor.py:161} INFO - Started process (PID=1016) to work on /home/airflow/.local/lib/python3.12/site-packages/airflow/example_dags/tutorial_dag.py
[2025-05-02T19:41:21.412+0000] {processor.py:830} INFO - Processing file /home/airflow/.local/lib/python3.12/site-packages/airflow/example_dags/tutorial_dag.py for tasks to queue
[2025-05-02T19:41:21.414+0000] {logging_mixin.py:188} INFO - [2025-05-02T19:41:21.413+0000] {dagbag.py:540} INFO - Filling up the DagBag from /home/airflow/.local/lib/python3.12/site-packages/airflow/example_dags/tutorial_dag.py
[2025-05-02T19:41:21.418+0000] {processor.py:840} INFO - DAG(s) 'tutorial_dag' retrieved from /home/airflow/.local/lib/python3.12/site-packages/airflow/example_dags/tutorial_dag.py
[2025-05-02T19:41:21.432+0000] {logging_mixin.py:188} INFO - [2025-05-02T19:41:21.432+0000] {dag.py:3096} INFO - Sync 1 DAGs
[2025-05-02T19:41:21.441+0000] {logging_mixin.py:188} INFO - [2025-05-02T19:41:21.441+0000] {dag.py:3954} INFO - Setting next_dagrun for tutorial_dag to None, run_after=None
[2025-05-02T19:41:21.456+0000] {processor.py:183} INFO - Processing /home/airflow/.local/lib/python3.12/site-packages/airflow/example_dags/tutorial_dag.py took 0.051 seconds
[2025-05-02T19:41:51.999+0000] {processor.py:161} INFO - Started process (PID=1074) to work on /home/airflow/.local/lib/python3.12/site-packages/airflow/example_dags/tutorial_dag.py
[2025-05-02T19:41:52.000+0000] {processor.py:830} INFO - Processing file /home/airflow/.local/lib/python3.12/site-packages/airflow/example_dags/tutorial_dag.py for tasks to queue
[2025-05-02T19:41:52.001+0000] {logging_mixin.py:188} INFO - [2025-05-02T19:41:52.001+0000] {dagbag.py:540} INFO - Filling up the DagBag from /home/airflow/.local/lib/python3.12/site-packages/airflow/example_dags/tutorial_dag.py
[2025-05-02T19:41:52.005+0000] {processor.py:840} INFO - DAG(s) 'tutorial_dag' retrieved from /home/airflow/.local/lib/python3.12/site-packages/airflow/example_dags/tutorial_dag.py
[2025-05-02T19:41:52.024+0000] {logging_mixin.py:188} INFO - [2025-05-02T19:41:52.024+0000] {dag.py:3096} INFO - Sync 1 DAGs
[2025-05-02T19:41:52.037+0000] {logging_mixin.py:188} INFO - [2025-05-02T19:41:52.037+0000] {dag.py:3954} INFO - Setting next_dagrun for tutorial_dag to None, run_after=None
[2025-05-02T19:41:52.055+0000] {processor.py:183} INFO - Processing /home/airflow/.local/lib/python3.12/site-packages/airflow/example_dags/tutorial_dag.py took 0.063 seconds
[2025-05-02T19:42:22.674+0000] {processor.py:161} INFO - Started process (PID=1126) to work on /home/airflow/.local/lib/python3.12/site-packages/airflow/example_dags/tutorial_dag.py
[2025-05-02T19:42:22.676+0000] {processor.py:830} INFO - Processing file /home/airflow/.local/lib/python3.12/site-packages/airflow/example_dags/tutorial_dag.py for tasks to queue
[2025-05-02T19:42:22.678+0000] {logging_mixin.py:188} INFO - [2025-05-02T19:42:22.677+0000] {dagbag.py:540} INFO - Filling up the DagBag from /home/airflow/.local/lib/python3.12/site-packages/airflow/example_dags/tutorial_dag.py
[2025-05-02T19:42:22.683+0000] {processor.py:840} INFO - DAG(s) 'tutorial_dag' retrieved from /home/airflow/.local/lib/python3.12/site-packages/airflow/example_dags/tutorial_dag.py
[2025-05-02T19:42:22.701+0000] {logging_mixin.py:188} INFO - [2025-05-02T19:42:22.701+0000] {dag.py:3096} INFO - Sync 1 DAGs
[2025-05-02T19:42:22.712+0000] {logging_mixin.py:188} INFO - [2025-05-02T19:42:22.712+0000] {dag.py:3954} INFO - Setting next_dagrun for tutorial_dag to None, run_after=None
[2025-05-02T19:42:22.728+0000] {processor.py:183} INFO - Processing /home/airflow/.local/lib/python3.12/site-packages/airflow/example_dags/tutorial_dag.py took 0.061 seconds
[2025-05-02T19:42:53.414+0000] {processor.py:161} INFO - Started process (PID=1184) to work on /home/airflow/.local/lib/python3.12/site-packages/airflow/example_dags/tutorial_dag.py
[2025-05-02T19:42:53.414+0000] {processor.py:830} INFO - Processing file /home/airflow/.local/lib/python3.12/site-packages/airflow/example_dags/tutorial_dag.py for tasks to queue
[2025-05-02T19:42:53.416+0000] {logging_mixin.py:188} INFO - [2025-05-02T19:42:53.416+0000] {dagbag.py:540} INFO - Filling up the DagBag from /home/airflow/.local/lib/python3.12/site-packages/airflow/example_dags/tutorial_dag.py
[2025-05-02T19:42:53.420+0000] {processor.py:840} INFO - DAG(s) 'tutorial_dag' retrieved from /home/airflow/.local/lib/python3.12/site-packages/airflow/example_dags/tutorial_dag.py
[2025-05-02T19:42:53.437+0000] {logging_mixin.py:188} INFO - [2025-05-02T19:42:53.437+0000] {dag.py:3096} INFO - Sync 1 DAGs
[2025-05-02T19:42:53.447+0000] {logging_mixin.py:188} INFO - [2025-05-02T19:42:53.447+0000] {dag.py:3954} INFO - Setting next_dagrun for tutorial_dag to None, run_after=None
[2025-05-02T19:42:53.462+0000] {processor.py:183} INFO - Processing /home/airflow/.local/lib/python3.12/site-packages/airflow/example_dags/tutorial_dag.py took 0.054 seconds
[2025-05-02T19:43:25.589+0000] {processor.py:161} INFO - Started process (PID=1244) to work on /home/airflow/.local/lib/python3.12/site-packages/airflow/example_dags/tutorial_dag.py
[2025-05-02T19:43:25.590+0000] {processor.py:830} INFO - Processing file /home/airflow/.local/lib/python3.12/site-packages/airflow/example_dags/tutorial_dag.py for tasks to queue
[2025-05-02T19:43:25.591+0000] {logging_mixin.py:188} INFO - [2025-05-02T19:43:25.591+0000] {dagbag.py:540} INFO - Filling up the DagBag from /home/airflow/.local/lib/python3.12/site-packages/airflow/example_dags/tutorial_dag.py
[2025-05-02T19:43:25.595+0000] {processor.py:840} INFO - DAG(s) 'tutorial_dag' retrieved from /home/airflow/.local/lib/python3.12/site-packages/airflow/example_dags/tutorial_dag.py
[2025-05-02T19:43:25.612+0000] {logging_mixin.py:188} INFO - [2025-05-02T19:43:25.612+0000] {dag.py:3096} INFO - Sync 1 DAGs
[2025-05-02T19:43:25.625+0000] {logging_mixin.py:188} INFO - [2025-05-02T19:43:25.625+0000] {dag.py:3954} INFO - Setting next_dagrun for tutorial_dag to None, run_after=None
[2025-05-02T19:43:25.648+0000] {processor.py:183} INFO - Processing /home/airflow/.local/lib/python3.12/site-packages/airflow/example_dags/tutorial_dag.py took 0.064 seconds
[2025-05-02T19:43:59.910+0000] {processor.py:161} INFO - Started process (PID=1304) to work on /home/airflow/.local/lib/python3.12/site-packages/airflow/example_dags/tutorial_dag.py
[2025-05-02T19:43:59.930+0000] {processor.py:830} INFO - Processing file /home/airflow/.local/lib/python3.12/site-packages/airflow/example_dags/tutorial_dag.py for tasks to queue
[2025-05-02T19:43:59.933+0000] {logging_mixin.py:188} INFO - [2025-05-02T19:43:59.933+0000] {dagbag.py:540} INFO - Filling up the DagBag from /home/airflow/.local/lib/python3.12/site-packages/airflow/example_dags/tutorial_dag.py
[2025-05-02T19:43:59.944+0000] {processor.py:840} INFO - DAG(s) 'tutorial_dag' retrieved from /home/airflow/.local/lib/python3.12/site-packages/airflow/example_dags/tutorial_dag.py
[2025-05-02T19:43:59.995+0000] {logging_mixin.py:188} INFO - [2025-05-02T19:43:59.995+0000] {dag.py:3096} INFO - Sync 1 DAGs
[2025-05-02T19:44:00.023+0000] {logging_mixin.py:188} INFO - [2025-05-02T19:44:00.022+0000] {dag.py:3954} INFO - Setting next_dagrun for tutorial_dag to None, run_after=None
[2025-05-02T19:44:00.100+0000] {processor.py:183} INFO - Processing /home/airflow/.local/lib/python3.12/site-packages/airflow/example_dags/tutorial_dag.py took 0.200 seconds
[2025-05-02T19:44:31.015+0000] {processor.py:161} INFO - Started process (PID=1403) to work on /home/airflow/.local/lib/python3.12/site-packages/airflow/example_dags/tutorial_dag.py
[2025-05-02T19:44:31.016+0000] {processor.py:830} INFO - Processing file /home/airflow/.local/lib/python3.12/site-packages/airflow/example_dags/tutorial_dag.py for tasks to queue
[2025-05-02T19:44:31.018+0000] {logging_mixin.py:188} INFO - [2025-05-02T19:44:31.018+0000] {dagbag.py:540} INFO - Filling up the DagBag from /home/airflow/.local/lib/python3.12/site-packages/airflow/example_dags/tutorial_dag.py
[2025-05-02T19:44:31.028+0000] {processor.py:840} INFO - DAG(s) 'tutorial_dag' retrieved from /home/airflow/.local/lib/python3.12/site-packages/airflow/example_dags/tutorial_dag.py
[2025-05-02T19:44:31.061+0000] {logging_mixin.py:188} INFO - [2025-05-02T19:44:31.061+0000] {dag.py:3096} INFO - Sync 1 DAGs
[2025-05-02T19:44:31.081+0000] {logging_mixin.py:188} INFO - [2025-05-02T19:44:31.081+0000] {dag.py:3954} INFO - Setting next_dagrun for tutorial_dag to None, run_after=None
[2025-05-02T19:44:31.111+0000] {processor.py:183} INFO - Processing /home/airflow/.local/lib/python3.12/site-packages/airflow/example_dags/tutorial_dag.py took 0.106 seconds
[2025-05-02T19:45:01.653+0000] {processor.py:161} INFO - Started process (PID=1501) to work on /home/airflow/.local/lib/python3.12/site-packages/airflow/example_dags/tutorial_dag.py
[2025-05-02T19:45:01.654+0000] {processor.py:830} INFO - Processing file /home/airflow/.local/lib/python3.12/site-packages/airflow/example_dags/tutorial_dag.py for tasks to queue
[2025-05-02T19:45:01.655+0000] {logging_mixin.py:188} INFO - [2025-05-02T19:45:01.655+0000] {dagbag.py:540} INFO - Filling up the DagBag from /home/airflow/.local/lib/python3.12/site-packages/airflow/example_dags/tutorial_dag.py
[2025-05-02T19:45:01.659+0000] {processor.py:840} INFO - DAG(s) 'tutorial_dag' retrieved from /home/airflow/.local/lib/python3.12/site-packages/airflow/example_dags/tutorial_dag.py
[2025-05-02T19:45:01.678+0000] {logging_mixin.py:188} INFO - [2025-05-02T19:45:01.678+0000] {dag.py:3096} INFO - Sync 1 DAGs
[2025-05-02T19:45:01.688+0000] {logging_mixin.py:188} INFO - [2025-05-02T19:45:01.688+0000] {dag.py:3954} INFO - Setting next_dagrun for tutorial_dag to None, run_after=None
[2025-05-02T19:45:01.707+0000] {processor.py:183} INFO - Processing /home/airflow/.local/lib/python3.12/site-packages/airflow/example_dags/tutorial_dag.py took 0.059 seconds
[2025-05-02T19:45:31.769+0000] {processor.py:161} INFO - Started process (PID=1605) to work on /home/airflow/.local/lib/python3.12/site-packages/airflow/example_dags/tutorial_dag.py
[2025-05-02T19:45:31.771+0000] {processor.py:830} INFO - Processing file /home/airflow/.local/lib/python3.12/site-packages/airflow/example_dags/tutorial_dag.py for tasks to queue
[2025-05-02T19:45:31.775+0000] {logging_mixin.py:188} INFO - [2025-05-02T19:45:31.774+0000] {dagbag.py:540} INFO - Filling up the DagBag from /home/airflow/.local/lib/python3.12/site-packages/airflow/example_dags/tutorial_dag.py
[2025-05-02T19:45:31.786+0000] {processor.py:840} INFO - DAG(s) 'tutorial_dag' retrieved from /home/airflow/.local/lib/python3.12/site-packages/airflow/example_dags/tutorial_dag.py
[2025-05-02T19:45:31.831+0000] {logging_mixin.py:188} INFO - [2025-05-02T19:45:31.830+0000] {dag.py:3096} INFO - Sync 1 DAGs
[2025-05-02T19:45:31.867+0000] {logging_mixin.py:188} INFO - [2025-05-02T19:45:31.867+0000] {dag.py:3954} INFO - Setting next_dagrun for tutorial_dag to None, run_after=None
[2025-05-02T19:45:31.941+0000] {processor.py:183} INFO - Processing /home/airflow/.local/lib/python3.12/site-packages/airflow/example_dags/tutorial_dag.py took 0.185 seconds
[2025-05-02T19:46:03.264+0000] {processor.py:161} INFO - Started process (PID=1714) to work on /home/airflow/.local/lib/python3.12/site-packages/airflow/example_dags/tutorial_dag.py
[2025-05-02T19:46:03.266+0000] {processor.py:830} INFO - Processing file /home/airflow/.local/lib/python3.12/site-packages/airflow/example_dags/tutorial_dag.py for tasks to queue
[2025-05-02T19:46:03.270+0000] {logging_mixin.py:188} INFO - [2025-05-02T19:46:03.270+0000] {dagbag.py:540} INFO - Filling up the DagBag from /home/airflow/.local/lib/python3.12/site-packages/airflow/example_dags/tutorial_dag.py
[2025-05-02T19:46:03.282+0000] {processor.py:840} INFO - DAG(s) 'tutorial_dag' retrieved from /home/airflow/.local/lib/python3.12/site-packages/airflow/example_dags/tutorial_dag.py
[2025-05-02T19:46:03.360+0000] {logging_mixin.py:188} INFO - [2025-05-02T19:46:03.359+0000] {dag.py:3096} INFO - Sync 1 DAGs
[2025-05-02T19:46:03.389+0000] {logging_mixin.py:188} INFO - [2025-05-02T19:46:03.388+0000] {dag.py:3954} INFO - Setting next_dagrun for tutorial_dag to None, run_after=None
[2025-05-02T19:46:03.429+0000] {processor.py:183} INFO - Processing /home/airflow/.local/lib/python3.12/site-packages/airflow/example_dags/tutorial_dag.py took 0.179 seconds
[2025-05-02T19:46:33.603+0000] {processor.py:161} INFO - Started process (PID=1811) to work on /home/airflow/.local/lib/python3.12/site-packages/airflow/example_dags/tutorial_dag.py
[2025-05-02T19:46:33.605+0000] {processor.py:830} INFO - Processing file /home/airflow/.local/lib/python3.12/site-packages/airflow/example_dags/tutorial_dag.py for tasks to queue
[2025-05-02T19:46:33.609+0000] {logging_mixin.py:188} INFO - [2025-05-02T19:46:33.608+0000] {dagbag.py:540} INFO - Filling up the DagBag from /home/airflow/.local/lib/python3.12/site-packages/airflow/example_dags/tutorial_dag.py
[2025-05-02T19:46:33.622+0000] {processor.py:840} INFO - DAG(s) 'tutorial_dag' retrieved from /home/airflow/.local/lib/python3.12/site-packages/airflow/example_dags/tutorial_dag.py
[2025-05-02T19:46:33.753+0000] {logging_mixin.py:188} INFO - [2025-05-02T19:46:33.753+0000] {dag.py:3096} INFO - Sync 1 DAGs
[2025-05-02T19:46:33.822+0000] {logging_mixin.py:188} INFO - [2025-05-02T19:46:33.820+0000] {dag.py:3954} INFO - Setting next_dagrun for tutorial_dag to None, run_after=None
[2025-05-02T19:46:33.931+0000] {processor.py:183} INFO - Processing /home/airflow/.local/lib/python3.12/site-packages/airflow/example_dags/tutorial_dag.py took 0.350 seconds
[2025-05-02T19:47:05.246+0000] {processor.py:161} INFO - Started process (PID=1921) to work on /home/airflow/.local/lib/python3.12/site-packages/airflow/example_dags/tutorial_dag.py
[2025-05-02T19:47:05.248+0000] {processor.py:830} INFO - Processing file /home/airflow/.local/lib/python3.12/site-packages/airflow/example_dags/tutorial_dag.py for tasks to queue
[2025-05-02T19:47:05.250+0000] {logging_mixin.py:188} INFO - [2025-05-02T19:47:05.250+0000] {dagbag.py:540} INFO - Filling up the DagBag from /home/airflow/.local/lib/python3.12/site-packages/airflow/example_dags/tutorial_dag.py
[2025-05-02T19:47:05.259+0000] {processor.py:840} INFO - DAG(s) 'tutorial_dag' retrieved from /home/airflow/.local/lib/python3.12/site-packages/airflow/example_dags/tutorial_dag.py
[2025-05-02T19:47:05.292+0000] {logging_mixin.py:188} INFO - [2025-05-02T19:47:05.291+0000] {dag.py:3096} INFO - Sync 1 DAGs
[2025-05-02T19:47:05.315+0000] {logging_mixin.py:188} INFO - [2025-05-02T19:47:05.315+0000] {dag.py:3954} INFO - Setting next_dagrun for tutorial_dag to None, run_after=None
[2025-05-02T19:47:05.348+0000] {processor.py:183} INFO - Processing /home/airflow/.local/lib/python3.12/site-packages/airflow/example_dags/tutorial_dag.py took 0.113 seconds
[2025-05-02T19:47:40.555+0000] {processor.py:161} INFO - Started process (PID=2023) to work on /home/airflow/.local/lib/python3.12/site-packages/airflow/example_dags/tutorial_dag.py
[2025-05-02T19:47:40.557+0000] {processor.py:830} INFO - Processing file /home/airflow/.local/lib/python3.12/site-packages/airflow/example_dags/tutorial_dag.py for tasks to queue
[2025-05-02T19:47:40.560+0000] {logging_mixin.py:188} INFO - [2025-05-02T19:47:40.560+0000] {dagbag.py:540} INFO - Filling up the DagBag from /home/airflow/.local/lib/python3.12/site-packages/airflow/example_dags/tutorial_dag.py
[2025-05-02T19:47:40.590+0000] {processor.py:840} INFO - DAG(s) 'tutorial_dag' retrieved from /home/airflow/.local/lib/python3.12/site-packages/airflow/example_dags/tutorial_dag.py
[2025-05-02T19:47:40.735+0000] {logging_mixin.py:188} INFO - [2025-05-02T19:47:40.734+0000] {dag.py:3096} INFO - Sync 1 DAGs
[2025-05-02T19:47:40.866+0000] {logging_mixin.py:188} INFO - [2025-05-02T19:47:40.866+0000] {dag.py:3954} INFO - Setting next_dagrun for tutorial_dag to None, run_after=None
[2025-05-02T19:47:40.954+0000] {processor.py:183} INFO - Processing /home/airflow/.local/lib/python3.12/site-packages/airflow/example_dags/tutorial_dag.py took 0.419 seconds
[2025-05-02T19:48:13.555+0000] {processor.py:161} INFO - Started process (PID=2122) to work on /home/airflow/.local/lib/python3.12/site-packages/airflow/example_dags/tutorial_dag.py
[2025-05-02T19:48:13.557+0000] {processor.py:830} INFO - Processing file /home/airflow/.local/lib/python3.12/site-packages/airflow/example_dags/tutorial_dag.py for tasks to queue
[2025-05-02T19:48:13.561+0000] {logging_mixin.py:188} INFO - [2025-05-02T19:48:13.560+0000] {dagbag.py:540} INFO - Filling up the DagBag from /home/airflow/.local/lib/python3.12/site-packages/airflow/example_dags/tutorial_dag.py
[2025-05-02T19:48:13.573+0000] {processor.py:840} INFO - DAG(s) 'tutorial_dag' retrieved from /home/airflow/.local/lib/python3.12/site-packages/airflow/example_dags/tutorial_dag.py
[2025-05-02T19:48:13.617+0000] {logging_mixin.py:188} INFO - [2025-05-02T19:48:13.616+0000] {dag.py:3096} INFO - Sync 1 DAGs
[2025-05-02T19:48:13.638+0000] {logging_mixin.py:188} INFO - [2025-05-02T19:48:13.637+0000] {dag.py:3954} INFO - Setting next_dagrun for tutorial_dag to None, run_after=None
[2025-05-02T19:48:13.671+0000] {processor.py:183} INFO - Processing /home/airflow/.local/lib/python3.12/site-packages/airflow/example_dags/tutorial_dag.py took 0.129 seconds
[2025-05-02T19:48:51.240+0000] {processor.py:161} INFO - Started process (PID=2222) to work on /home/airflow/.local/lib/python3.12/site-packages/airflow/example_dags/tutorial_dag.py
[2025-05-02T19:48:51.244+0000] {processor.py:830} INFO - Processing file /home/airflow/.local/lib/python3.12/site-packages/airflow/example_dags/tutorial_dag.py for tasks to queue
[2025-05-02T19:48:51.249+0000] {logging_mixin.py:188} INFO - [2025-05-02T19:48:51.248+0000] {dagbag.py:540} INFO - Filling up the DagBag from /home/airflow/.local/lib/python3.12/site-packages/airflow/example_dags/tutorial_dag.py
[2025-05-02T19:48:51.273+0000] {processor.py:840} INFO - DAG(s) 'tutorial_dag' retrieved from /home/airflow/.local/lib/python3.12/site-packages/airflow/example_dags/tutorial_dag.py
[2025-05-02T19:48:51.342+0000] {logging_mixin.py:188} INFO - [2025-05-02T19:48:51.341+0000] {dag.py:3096} INFO - Sync 1 DAGs
[2025-05-02T19:48:51.372+0000] {logging_mixin.py:188} INFO - [2025-05-02T19:48:51.371+0000] {dag.py:3954} INFO - Setting next_dagrun for tutorial_dag to None, run_after=None
[2025-05-02T19:48:51.430+0000] {processor.py:183} INFO - Processing /home/airflow/.local/lib/python3.12/site-packages/airflow/example_dags/tutorial_dag.py took 0.234 seconds
[2025-05-02T19:49:24.535+0000] {processor.py:161} INFO - Started process (PID=2317) to work on /home/airflow/.local/lib/python3.12/site-packages/airflow/example_dags/tutorial_dag.py
[2025-05-02T19:49:24.538+0000] {processor.py:830} INFO - Processing file /home/airflow/.local/lib/python3.12/site-packages/airflow/example_dags/tutorial_dag.py for tasks to queue
[2025-05-02T19:49:24.543+0000] {logging_mixin.py:188} INFO - [2025-05-02T19:49:24.542+0000] {dagbag.py:540} INFO - Filling up the DagBag from /home/airflow/.local/lib/python3.12/site-packages/airflow/example_dags/tutorial_dag.py
[2025-05-02T19:49:24.553+0000] {processor.py:840} INFO - DAG(s) 'tutorial_dag' retrieved from /home/airflow/.local/lib/python3.12/site-packages/airflow/example_dags/tutorial_dag.py
[2025-05-02T19:49:24.686+0000] {logging_mixin.py:188} INFO - [2025-05-02T19:49:24.686+0000] {dag.py:3096} INFO - Sync 1 DAGs
[2025-05-02T19:49:24.716+0000] {logging_mixin.py:188} INFO - [2025-05-02T19:49:24.715+0000] {dag.py:3954} INFO - Setting next_dagrun for tutorial_dag to None, run_after=None
[2025-05-02T19:49:24.765+0000] {processor.py:183} INFO - Processing /home/airflow/.local/lib/python3.12/site-packages/airflow/example_dags/tutorial_dag.py took 0.243 seconds
[2025-05-02T19:50:01.200+0000] {processor.py:161} INFO - Started process (PID=2416) to work on /home/airflow/.local/lib/python3.12/site-packages/airflow/example_dags/tutorial_dag.py
[2025-05-02T19:50:01.202+0000] {processor.py:830} INFO - Processing file /home/airflow/.local/lib/python3.12/site-packages/airflow/example_dags/tutorial_dag.py for tasks to queue
[2025-05-02T19:50:01.205+0000] {logging_mixin.py:188} INFO - [2025-05-02T19:50:01.204+0000] {dagbag.py:540} INFO - Filling up the DagBag from /home/airflow/.local/lib/python3.12/site-packages/airflow/example_dags/tutorial_dag.py
[2025-05-02T19:50:01.215+0000] {processor.py:840} INFO - DAG(s) 'tutorial_dag' retrieved from /home/airflow/.local/lib/python3.12/site-packages/airflow/example_dags/tutorial_dag.py
[2025-05-02T19:50:01.332+0000] {logging_mixin.py:188} INFO - [2025-05-02T19:50:01.332+0000] {dag.py:3096} INFO - Sync 1 DAGs
[2025-05-02T19:50:01.675+0000] {logging_mixin.py:188} INFO - [2025-05-02T19:50:01.675+0000] {dag.py:3954} INFO - Setting next_dagrun for tutorial_dag to None, run_after=None
[2025-05-02T19:50:01.715+0000] {processor.py:183} INFO - Processing /home/airflow/.local/lib/python3.12/site-packages/airflow/example_dags/tutorial_dag.py took 0.526 seconds
[2025-05-02T19:50:34.276+0000] {processor.py:161} INFO - Started process (PID=2513) to work on /home/airflow/.local/lib/python3.12/site-packages/airflow/example_dags/tutorial_dag.py
[2025-05-02T19:50:34.278+0000] {processor.py:830} INFO - Processing file /home/airflow/.local/lib/python3.12/site-packages/airflow/example_dags/tutorial_dag.py for tasks to queue
[2025-05-02T19:50:34.284+0000] {logging_mixin.py:188} INFO - [2025-05-02T19:50:34.284+0000] {dagbag.py:540} INFO - Filling up the DagBag from /home/airflow/.local/lib/python3.12/site-packages/airflow/example_dags/tutorial_dag.py
[2025-05-02T19:50:34.304+0000] {processor.py:840} INFO - DAG(s) 'tutorial_dag' retrieved from /home/airflow/.local/lib/python3.12/site-packages/airflow/example_dags/tutorial_dag.py
[2025-05-02T19:50:34.372+0000] {logging_mixin.py:188} INFO - [2025-05-02T19:50:34.371+0000] {dag.py:3096} INFO - Sync 1 DAGs
[2025-05-02T19:50:34.442+0000] {logging_mixin.py:188} INFO - [2025-05-02T19:50:34.442+0000] {dag.py:3954} INFO - Setting next_dagrun for tutorial_dag to None, run_after=None
[2025-05-02T19:50:34.524+0000] {processor.py:183} INFO - Processing /home/airflow/.local/lib/python3.12/site-packages/airflow/example_dags/tutorial_dag.py took 0.264 seconds
[2025-05-02T19:51:11.524+0000] {processor.py:161} INFO - Started process (PID=2623) to work on /home/airflow/.local/lib/python3.12/site-packages/airflow/example_dags/tutorial_dag.py
[2025-05-02T19:51:11.526+0000] {processor.py:830} INFO - Processing file /home/airflow/.local/lib/python3.12/site-packages/airflow/example_dags/tutorial_dag.py for tasks to queue
[2025-05-02T19:51:11.529+0000] {logging_mixin.py:188} INFO - [2025-05-02T19:51:11.528+0000] {dagbag.py:540} INFO - Filling up the DagBag from /home/airflow/.local/lib/python3.12/site-packages/airflow/example_dags/tutorial_dag.py
[2025-05-02T19:51:11.549+0000] {processor.py:840} INFO - DAG(s) 'tutorial_dag' retrieved from /home/airflow/.local/lib/python3.12/site-packages/airflow/example_dags/tutorial_dag.py
[2025-05-02T19:51:11.629+0000] {logging_mixin.py:188} INFO - [2025-05-02T19:51:11.628+0000] {dag.py:3096} INFO - Sync 1 DAGs
[2025-05-02T19:51:11.662+0000] {logging_mixin.py:188} INFO - [2025-05-02T19:51:11.662+0000] {dag.py:3954} INFO - Setting next_dagrun for tutorial_dag to None, run_after=None
[2025-05-02T19:51:11.728+0000] {processor.py:183} INFO - Processing /home/airflow/.local/lib/python3.12/site-packages/airflow/example_dags/tutorial_dag.py took 0.235 seconds
[2025-05-02T19:51:45.519+0000] {processor.py:161} INFO - Started process (PID=2725) to work on /home/airflow/.local/lib/python3.12/site-packages/airflow/example_dags/tutorial_dag.py
[2025-05-02T19:51:45.521+0000] {processor.py:830} INFO - Processing file /home/airflow/.local/lib/python3.12/site-packages/airflow/example_dags/tutorial_dag.py for tasks to queue
[2025-05-02T19:51:45.524+0000] {logging_mixin.py:188} INFO - [2025-05-02T19:51:45.523+0000] {dagbag.py:540} INFO - Filling up the DagBag from /home/airflow/.local/lib/python3.12/site-packages/airflow/example_dags/tutorial_dag.py
[2025-05-02T19:51:45.538+0000] {processor.py:840} INFO - DAG(s) 'tutorial_dag' retrieved from /home/airflow/.local/lib/python3.12/site-packages/airflow/example_dags/tutorial_dag.py
[2025-05-02T19:51:45.625+0000] {logging_mixin.py:188} INFO - [2025-05-02T19:51:45.622+0000] {dag.py:3096} INFO - Sync 1 DAGs
[2025-05-02T19:51:46.150+0000] {logging_mixin.py:188} INFO - [2025-05-02T19:51:46.150+0000] {dag.py:3954} INFO - Setting next_dagrun for tutorial_dag to None, run_after=None
[2025-05-02T19:51:46.296+0000] {processor.py:183} INFO - Processing /home/airflow/.local/lib/python3.12/site-packages/airflow/example_dags/tutorial_dag.py took 0.792 seconds
[2025-05-02T19:52:18.185+0000] {processor.py:161} INFO - Started process (PID=2809) to work on /home/airflow/.local/lib/python3.12/site-packages/airflow/example_dags/tutorial_dag.py
[2025-05-02T19:52:18.210+0000] {processor.py:830} INFO - Processing file /home/airflow/.local/lib/python3.12/site-packages/airflow/example_dags/tutorial_dag.py for tasks to queue
[2025-05-02T19:52:18.213+0000] {logging_mixin.py:188} INFO - [2025-05-02T19:52:18.212+0000] {dagbag.py:540} INFO - Filling up the DagBag from /home/airflow/.local/lib/python3.12/site-packages/airflow/example_dags/tutorial_dag.py
[2025-05-02T19:52:18.230+0000] {processor.py:840} INFO - DAG(s) 'tutorial_dag' retrieved from /home/airflow/.local/lib/python3.12/site-packages/airflow/example_dags/tutorial_dag.py
[2025-05-02T19:52:18.315+0000] {logging_mixin.py:188} INFO - [2025-05-02T19:52:18.315+0000] {dag.py:3096} INFO - Sync 1 DAGs
[2025-05-02T19:52:18.441+0000] {logging_mixin.py:188} INFO - [2025-05-02T19:52:18.441+0000] {dag.py:3954} INFO - Setting next_dagrun for tutorial_dag to None, run_after=None
[2025-05-02T19:52:18.648+0000] {processor.py:183} INFO - Processing /home/airflow/.local/lib/python3.12/site-packages/airflow/example_dags/tutorial_dag.py took 0.487 seconds
[2025-05-02T19:52:49.308+0000] {processor.py:161} INFO - Started process (PID=2900) to work on /home/airflow/.local/lib/python3.12/site-packages/airflow/example_dags/tutorial_dag.py
[2025-05-02T19:52:49.310+0000] {processor.py:830} INFO - Processing file /home/airflow/.local/lib/python3.12/site-packages/airflow/example_dags/tutorial_dag.py for tasks to queue
[2025-05-02T19:52:49.314+0000] {logging_mixin.py:188} INFO - [2025-05-02T19:52:49.313+0000] {dagbag.py:540} INFO - Filling up the DagBag from /home/airflow/.local/lib/python3.12/site-packages/airflow/example_dags/tutorial_dag.py
[2025-05-02T19:52:49.325+0000] {processor.py:840} INFO - DAG(s) 'tutorial_dag' retrieved from /home/airflow/.local/lib/python3.12/site-packages/airflow/example_dags/tutorial_dag.py
[2025-05-02T19:52:49.368+0000] {logging_mixin.py:188} INFO - [2025-05-02T19:52:49.368+0000] {dag.py:3096} INFO - Sync 1 DAGs
[2025-05-02T19:52:49.397+0000] {logging_mixin.py:188} INFO - [2025-05-02T19:52:49.396+0000] {dag.py:3954} INFO - Setting next_dagrun for tutorial_dag to None, run_after=None
[2025-05-02T19:52:49.436+0000] {processor.py:183} INFO - Processing /home/airflow/.local/lib/python3.12/site-packages/airflow/example_dags/tutorial_dag.py took 0.147 seconds
[2025-05-02T19:53:22.838+0000] {processor.py:161} INFO - Started process (PID=3019) to work on /home/airflow/.local/lib/python3.12/site-packages/airflow/example_dags/tutorial_dag.py
[2025-05-02T19:53:22.845+0000] {processor.py:830} INFO - Processing file /home/airflow/.local/lib/python3.12/site-packages/airflow/example_dags/tutorial_dag.py for tasks to queue
[2025-05-02T19:53:22.850+0000] {logging_mixin.py:188} INFO - [2025-05-02T19:53:22.849+0000] {dagbag.py:540} INFO - Filling up the DagBag from /home/airflow/.local/lib/python3.12/site-packages/airflow/example_dags/tutorial_dag.py
[2025-05-02T19:53:22.860+0000] {processor.py:840} INFO - DAG(s) 'tutorial_dag' retrieved from /home/airflow/.local/lib/python3.12/site-packages/airflow/example_dags/tutorial_dag.py
[2025-05-02T19:53:22.910+0000] {logging_mixin.py:188} INFO - [2025-05-02T19:53:22.910+0000] {dag.py:3096} INFO - Sync 1 DAGs
[2025-05-02T19:53:22.945+0000] {logging_mixin.py:188} INFO - [2025-05-02T19:53:22.945+0000] {dag.py:3954} INFO - Setting next_dagrun for tutorial_dag to None, run_after=None
[2025-05-02T19:53:23.057+0000] {processor.py:183} INFO - Processing /home/airflow/.local/lib/python3.12/site-packages/airflow/example_dags/tutorial_dag.py took 0.233 seconds
[2025-05-02T19:53:57.302+0000] {processor.py:161} INFO - Started process (PID=3125) to work on /home/airflow/.local/lib/python3.12/site-packages/airflow/example_dags/tutorial_dag.py
[2025-05-02T19:53:57.315+0000] {processor.py:830} INFO - Processing file /home/airflow/.local/lib/python3.12/site-packages/airflow/example_dags/tutorial_dag.py for tasks to queue
[2025-05-02T19:53:57.319+0000] {logging_mixin.py:188} INFO - [2025-05-02T19:53:57.318+0000] {dagbag.py:540} INFO - Filling up the DagBag from /home/airflow/.local/lib/python3.12/site-packages/airflow/example_dags/tutorial_dag.py
[2025-05-02T19:53:57.329+0000] {processor.py:840} INFO - DAG(s) 'tutorial_dag' retrieved from /home/airflow/.local/lib/python3.12/site-packages/airflow/example_dags/tutorial_dag.py
[2025-05-02T19:53:57.425+0000] {logging_mixin.py:188} INFO - [2025-05-02T19:53:57.424+0000] {dag.py:3096} INFO - Sync 1 DAGs
[2025-05-02T19:53:57.482+0000] {logging_mixin.py:188} INFO - [2025-05-02T19:53:57.482+0000] {dag.py:3954} INFO - Setting next_dagrun for tutorial_dag to None, run_after=None
[2025-05-02T19:53:57.556+0000] {processor.py:183} INFO - Processing /home/airflow/.local/lib/python3.12/site-packages/airflow/example_dags/tutorial_dag.py took 0.266 seconds
[2025-05-02T19:54:31.498+0000] {processor.py:161} INFO - Started process (PID=3229) to work on /home/airflow/.local/lib/python3.12/site-packages/airflow/example_dags/tutorial_dag.py
[2025-05-02T19:54:31.533+0000] {processor.py:830} INFO - Processing file /home/airflow/.local/lib/python3.12/site-packages/airflow/example_dags/tutorial_dag.py for tasks to queue
[2025-05-02T19:54:31.564+0000] {logging_mixin.py:188} INFO - [2025-05-02T19:54:31.536+0000] {dagbag.py:540} INFO - Filling up the DagBag from /home/airflow/.local/lib/python3.12/site-packages/airflow/example_dags/tutorial_dag.py
[2025-05-02T19:54:31.578+0000] {processor.py:840} INFO - DAG(s) 'tutorial_dag' retrieved from /home/airflow/.local/lib/python3.12/site-packages/airflow/example_dags/tutorial_dag.py
[2025-05-02T19:54:31.718+0000] {logging_mixin.py:188} INFO - [2025-05-02T19:54:31.717+0000] {dag.py:3096} INFO - Sync 1 DAGs
[2025-05-02T19:54:31.763+0000] {logging_mixin.py:188} INFO - [2025-05-02T19:54:31.763+0000] {dag.py:3954} INFO - Setting next_dagrun for tutorial_dag to None, run_after=None
[2025-05-02T19:54:31.874+0000] {processor.py:183} INFO - Processing /home/airflow/.local/lib/python3.12/site-packages/airflow/example_dags/tutorial_dag.py took 0.395 seconds
[2025-05-02T19:55:06.425+0000] {processor.py:161} INFO - Started process (PID=3326) to work on /home/airflow/.local/lib/python3.12/site-packages/airflow/example_dags/tutorial_dag.py
[2025-05-02T19:55:06.427+0000] {processor.py:830} INFO - Processing file /home/airflow/.local/lib/python3.12/site-packages/airflow/example_dags/tutorial_dag.py for tasks to queue
[2025-05-02T19:55:06.430+0000] {logging_mixin.py:188} INFO - [2025-05-02T19:55:06.430+0000] {dagbag.py:540} INFO - Filling up the DagBag from /home/airflow/.local/lib/python3.12/site-packages/airflow/example_dags/tutorial_dag.py
[2025-05-02T19:55:06.444+0000] {processor.py:840} INFO - DAG(s) 'tutorial_dag' retrieved from /home/airflow/.local/lib/python3.12/site-packages/airflow/example_dags/tutorial_dag.py
[2025-05-02T19:55:06.498+0000] {logging_mixin.py:188} INFO - [2025-05-02T19:55:06.497+0000] {dag.py:3096} INFO - Sync 1 DAGs
[2025-05-02T19:55:06.541+0000] {logging_mixin.py:188} INFO - [2025-05-02T19:55:06.529+0000] {dag.py:3954} INFO - Setting next_dagrun for tutorial_dag to None, run_after=None
[2025-05-02T19:55:06.767+0000] {processor.py:183} INFO - Processing /home/airflow/.local/lib/python3.12/site-packages/airflow/example_dags/tutorial_dag.py took 0.345 seconds
[2025-05-02T19:55:40.931+0000] {processor.py:161} INFO - Started process (PID=3430) to work on /home/airflow/.local/lib/python3.12/site-packages/airflow/example_dags/tutorial_dag.py
[2025-05-02T19:55:40.943+0000] {processor.py:830} INFO - Processing file /home/airflow/.local/lib/python3.12/site-packages/airflow/example_dags/tutorial_dag.py for tasks to queue
[2025-05-02T19:55:40.947+0000] {logging_mixin.py:188} INFO - [2025-05-02T19:55:40.946+0000] {dagbag.py:540} INFO - Filling up the DagBag from /home/airflow/.local/lib/python3.12/site-packages/airflow/example_dags/tutorial_dag.py
[2025-05-02T19:55:40.957+0000] {processor.py:840} INFO - DAG(s) 'tutorial_dag' retrieved from /home/airflow/.local/lib/python3.12/site-packages/airflow/example_dags/tutorial_dag.py
[2025-05-02T19:55:41.130+0000] {logging_mixin.py:188} INFO - [2025-05-02T19:55:41.129+0000] {dag.py:3096} INFO - Sync 1 DAGs
[2025-05-02T19:55:41.168+0000] {logging_mixin.py:188} INFO - [2025-05-02T19:55:41.168+0000] {dag.py:3954} INFO - Setting next_dagrun for tutorial_dag to None, run_after=None
[2025-05-02T19:55:41.227+0000] {processor.py:183} INFO - Processing /home/airflow/.local/lib/python3.12/site-packages/airflow/example_dags/tutorial_dag.py took 0.310 seconds
[2025-05-02T19:56:15.029+0000] {processor.py:161} INFO - Started process (PID=3537) to work on /home/airflow/.local/lib/python3.12/site-packages/airflow/example_dags/tutorial_dag.py
[2025-05-02T19:56:15.031+0000] {processor.py:830} INFO - Processing file /home/airflow/.local/lib/python3.12/site-packages/airflow/example_dags/tutorial_dag.py for tasks to queue
[2025-05-02T19:56:15.034+0000] {logging_mixin.py:188} INFO - [2025-05-02T19:56:15.034+0000] {dagbag.py:540} INFO - Filling up the DagBag from /home/airflow/.local/lib/python3.12/site-packages/airflow/example_dags/tutorial_dag.py
[2025-05-02T19:56:15.044+0000] {processor.py:840} INFO - DAG(s) 'tutorial_dag' retrieved from /home/airflow/.local/lib/python3.12/site-packages/airflow/example_dags/tutorial_dag.py
[2025-05-02T19:56:15.077+0000] {logging_mixin.py:188} INFO - [2025-05-02T19:56:15.077+0000] {dag.py:3096} INFO - Sync 1 DAGs
[2025-05-02T19:56:15.111+0000] {logging_mixin.py:188} INFO - [2025-05-02T19:56:15.110+0000] {dag.py:3954} INFO - Setting next_dagrun for tutorial_dag to None, run_after=None
[2025-05-02T19:56:15.145+0000] {processor.py:183} INFO - Processing /home/airflow/.local/lib/python3.12/site-packages/airflow/example_dags/tutorial_dag.py took 0.125 seconds
[2025-05-02T19:56:50.763+0000] {processor.py:161} INFO - Started process (PID=3646) to work on /home/airflow/.local/lib/python3.12/site-packages/airflow/example_dags/tutorial_dag.py
[2025-05-02T19:56:50.765+0000] {processor.py:830} INFO - Processing file /home/airflow/.local/lib/python3.12/site-packages/airflow/example_dags/tutorial_dag.py for tasks to queue
[2025-05-02T19:56:50.770+0000] {logging_mixin.py:188} INFO - [2025-05-02T19:56:50.769+0000] {dagbag.py:540} INFO - Filling up the DagBag from /home/airflow/.local/lib/python3.12/site-packages/airflow/example_dags/tutorial_dag.py
[2025-05-02T19:56:50.786+0000] {processor.py:840} INFO - DAG(s) 'tutorial_dag' retrieved from /home/airflow/.local/lib/python3.12/site-packages/airflow/example_dags/tutorial_dag.py
[2025-05-02T19:56:50.890+0000] {logging_mixin.py:188} INFO - [2025-05-02T19:56:50.889+0000] {dag.py:3096} INFO - Sync 1 DAGs
[2025-05-02T19:56:50.934+0000] {logging_mixin.py:188} INFO - [2025-05-02T19:56:50.933+0000] {dag.py:3954} INFO - Setting next_dagrun for tutorial_dag to None, run_after=None
[2025-05-02T19:56:51.036+0000] {processor.py:183} INFO - Processing /home/airflow/.local/lib/python3.12/site-packages/airflow/example_dags/tutorial_dag.py took 0.290 seconds
[2025-05-02T19:57:24.840+0000] {processor.py:161} INFO - Started process (PID=3751) to work on /home/airflow/.local/lib/python3.12/site-packages/airflow/example_dags/tutorial_dag.py
[2025-05-02T19:57:24.841+0000] {processor.py:830} INFO - Processing file /home/airflow/.local/lib/python3.12/site-packages/airflow/example_dags/tutorial_dag.py for tasks to queue
[2025-05-02T19:57:24.855+0000] {logging_mixin.py:188} INFO - [2025-05-02T19:57:24.844+0000] {dagbag.py:540} INFO - Filling up the DagBag from /home/airflow/.local/lib/python3.12/site-packages/airflow/example_dags/tutorial_dag.py
[2025-05-02T19:57:24.866+0000] {processor.py:840} INFO - DAG(s) 'tutorial_dag' retrieved from /home/airflow/.local/lib/python3.12/site-packages/airflow/example_dags/tutorial_dag.py
[2025-05-02T19:57:24.994+0000] {logging_mixin.py:188} INFO - [2025-05-02T19:57:24.994+0000] {dag.py:3096} INFO - Sync 1 DAGs
[2025-05-02T19:57:25.023+0000] {logging_mixin.py:188} INFO - [2025-05-02T19:57:25.023+0000] {dag.py:3954} INFO - Setting next_dagrun for tutorial_dag to None, run_after=None
[2025-05-02T19:57:25.093+0000] {processor.py:183} INFO - Processing /home/airflow/.local/lib/python3.12/site-packages/airflow/example_dags/tutorial_dag.py took 0.267 seconds
[2025-05-02T19:57:59.583+0000] {processor.py:161} INFO - Started process (PID=3862) to work on /home/airflow/.local/lib/python3.12/site-packages/airflow/example_dags/tutorial_dag.py
[2025-05-02T19:57:59.591+0000] {processor.py:830} INFO - Processing file /home/airflow/.local/lib/python3.12/site-packages/airflow/example_dags/tutorial_dag.py for tasks to queue
[2025-05-02T19:57:59.595+0000] {logging_mixin.py:188} INFO - [2025-05-02T19:57:59.594+0000] {dagbag.py:540} INFO - Filling up the DagBag from /home/airflow/.local/lib/python3.12/site-packages/airflow/example_dags/tutorial_dag.py
[2025-05-02T19:57:59.605+0000] {processor.py:840} INFO - DAG(s) 'tutorial_dag' retrieved from /home/airflow/.local/lib/python3.12/site-packages/airflow/example_dags/tutorial_dag.py
[2025-05-02T19:57:59.671+0000] {logging_mixin.py:188} INFO - [2025-05-02T19:57:59.671+0000] {dag.py:3096} INFO - Sync 1 DAGs
[2025-05-02T19:57:59.703+0000] {logging_mixin.py:188} INFO - [2025-05-02T19:57:59.702+0000] {dag.py:3954} INFO - Setting next_dagrun for tutorial_dag to None, run_after=None
[2025-05-02T19:57:59.768+0000] {processor.py:183} INFO - Processing /home/airflow/.local/lib/python3.12/site-packages/airflow/example_dags/tutorial_dag.py took 0.201 seconds
