[2025-05-02T19:33:05.699+0000] {processor.py:161} INFO - Started process (PID=56) to work on /home/airflow/.local/lib/python3.12/site-packages/airflow/example_dags/tutorial_taskflow_api.py
[2025-05-02T19:33:05.701+0000] {processor.py:830} INFO - Processing file /home/airflow/.local/lib/python3.12/site-packages/airflow/example_dags/tutorial_taskflow_api.py for tasks to queue
[2025-05-02T19:33:05.706+0000] {logging_mixin.py:188} INFO - [2025-05-02T19:33:05.705+0000] {dagbag.py:540} INFO - Filling up the DagBag from /home/airflow/.local/lib/python3.12/site-packages/airflow/example_dags/tutorial_taskflow_api.py
[2025-05-02T19:33:05.730+0000] {processor.py:840} INFO - DAG(s) 'tutorial_taskflow_api' retrieved from /home/airflow/.local/lib/python3.12/site-packages/airflow/example_dags/tutorial_taskflow_api.py
[2025-05-02T19:33:05.753+0000] {logging_mixin.py:188} INFO - [2025-05-02T19:33:05.752+0000] {dag.py:3096} INFO - Sync 1 DAGs
[2025-05-02T19:33:05.779+0000] {logging_mixin.py:188} INFO - [2025-05-02T19:33:05.778+0000] {dag.py:3954} INFO - Setting next_dagrun for tutorial_taskflow_api to None, run_after=None
[2025-05-02T19:33:05.813+0000] {processor.py:183} INFO - Processing /home/airflow/.local/lib/python3.12/site-packages/airflow/example_dags/tutorial_taskflow_api.py took 0.132 seconds
[2025-05-02T19:33:35.992+0000] {processor.py:161} INFO - Started process (PID=114) to work on /home/airflow/.local/lib/python3.12/site-packages/airflow/example_dags/tutorial_taskflow_api.py
[2025-05-02T19:33:35.993+0000] {processor.py:830} INFO - Processing file /home/airflow/.local/lib/python3.12/site-packages/airflow/example_dags/tutorial_taskflow_api.py for tasks to queue
[2025-05-02T19:33:35.994+0000] {logging_mixin.py:188} INFO - [2025-05-02T19:33:35.994+0000] {dagbag.py:540} INFO - Filling up the DagBag from /home/airflow/.local/lib/python3.12/site-packages/airflow/example_dags/tutorial_taskflow_api.py
[2025-05-02T19:33:35.998+0000] {processor.py:840} INFO - DAG(s) 'tutorial_taskflow_api' retrieved from /home/airflow/.local/lib/python3.12/site-packages/airflow/example_dags/tutorial_taskflow_api.py
[2025-05-02T19:33:36.070+0000] {logging_mixin.py:188} INFO - [2025-05-02T19:33:36.070+0000] {dag.py:3096} INFO - Sync 1 DAGs
[2025-05-02T19:33:36.079+0000] {logging_mixin.py:188} INFO - [2025-05-02T19:33:36.079+0000] {dag.py:3954} INFO - Setting next_dagrun for tutorial_taskflow_api to None, run_after=None
[2025-05-02T19:33:36.100+0000] {processor.py:183} INFO - Processing /home/airflow/.local/lib/python3.12/site-packages/airflow/example_dags/tutorial_taskflow_api.py took 0.111 seconds
[2025-05-02T19:34:07.053+0000] {processor.py:161} INFO - Started process (PID=172) to work on /home/airflow/.local/lib/python3.12/site-packages/airflow/example_dags/tutorial_taskflow_api.py
[2025-05-02T19:34:07.054+0000] {processor.py:830} INFO - Processing file /home/airflow/.local/lib/python3.12/site-packages/airflow/example_dags/tutorial_taskflow_api.py for tasks to queue
[2025-05-02T19:34:07.056+0000] {logging_mixin.py:188} INFO - [2025-05-02T19:34:07.056+0000] {dagbag.py:540} INFO - Filling up the DagBag from /home/airflow/.local/lib/python3.12/site-packages/airflow/example_dags/tutorial_taskflow_api.py
[2025-05-02T19:34:07.060+0000] {processor.py:840} INFO - DAG(s) 'tutorial_taskflow_api' retrieved from /home/airflow/.local/lib/python3.12/site-packages/airflow/example_dags/tutorial_taskflow_api.py
[2025-05-02T19:34:07.075+0000] {logging_mixin.py:188} INFO - [2025-05-02T19:34:07.075+0000] {dag.py:3096} INFO - Sync 1 DAGs
[2025-05-02T19:34:07.085+0000] {logging_mixin.py:188} INFO - [2025-05-02T19:34:07.085+0000] {dag.py:3954} INFO - Setting next_dagrun for tutorial_taskflow_api to None, run_after=None
[2025-05-02T19:34:07.105+0000] {processor.py:183} INFO - Processing /home/airflow/.local/lib/python3.12/site-packages/airflow/example_dags/tutorial_taskflow_api.py took 0.055 seconds
[2025-05-02T19:34:38.407+0000] {processor.py:161} INFO - Started process (PID=230) to work on /home/airflow/.local/lib/python3.12/site-packages/airflow/example_dags/tutorial_taskflow_api.py
[2025-05-02T19:34:38.409+0000] {processor.py:830} INFO - Processing file /home/airflow/.local/lib/python3.12/site-packages/airflow/example_dags/tutorial_taskflow_api.py for tasks to queue
[2025-05-02T19:34:38.410+0000] {logging_mixin.py:188} INFO - [2025-05-02T19:34:38.410+0000] {dagbag.py:540} INFO - Filling up the DagBag from /home/airflow/.local/lib/python3.12/site-packages/airflow/example_dags/tutorial_taskflow_api.py
[2025-05-02T19:34:38.415+0000] {processor.py:840} INFO - DAG(s) 'tutorial_taskflow_api' retrieved from /home/airflow/.local/lib/python3.12/site-packages/airflow/example_dags/tutorial_taskflow_api.py
[2025-05-02T19:34:38.431+0000] {logging_mixin.py:188} INFO - [2025-05-02T19:34:38.431+0000] {dag.py:3096} INFO - Sync 1 DAGs
[2025-05-02T19:34:38.441+0000] {logging_mixin.py:188} INFO - [2025-05-02T19:34:38.441+0000] {dag.py:3954} INFO - Setting next_dagrun for tutorial_taskflow_api to None, run_after=None
[2025-05-02T19:34:38.456+0000] {processor.py:183} INFO - Processing /home/airflow/.local/lib/python3.12/site-packages/airflow/example_dags/tutorial_taskflow_api.py took 0.053 seconds
[2025-05-02T19:35:09.058+0000] {processor.py:161} INFO - Started process (PID=288) to work on /home/airflow/.local/lib/python3.12/site-packages/airflow/example_dags/tutorial_taskflow_api.py
[2025-05-02T19:35:09.059+0000] {processor.py:830} INFO - Processing file /home/airflow/.local/lib/python3.12/site-packages/airflow/example_dags/tutorial_taskflow_api.py for tasks to queue
[2025-05-02T19:35:09.060+0000] {logging_mixin.py:188} INFO - [2025-05-02T19:35:09.060+0000] {dagbag.py:540} INFO - Filling up the DagBag from /home/airflow/.local/lib/python3.12/site-packages/airflow/example_dags/tutorial_taskflow_api.py
[2025-05-02T19:35:09.065+0000] {processor.py:840} INFO - DAG(s) 'tutorial_taskflow_api' retrieved from /home/airflow/.local/lib/python3.12/site-packages/airflow/example_dags/tutorial_taskflow_api.py
[2025-05-02T19:35:09.083+0000] {logging_mixin.py:188} INFO - [2025-05-02T19:35:09.083+0000] {dag.py:3096} INFO - Sync 1 DAGs
[2025-05-02T19:35:09.096+0000] {logging_mixin.py:188} INFO - [2025-05-02T19:35:09.096+0000] {dag.py:3954} INFO - Setting next_dagrun for tutorial_taskflow_api to None, run_after=None
[2025-05-02T19:35:09.113+0000] {processor.py:183} INFO - Processing /home/airflow/.local/lib/python3.12/site-packages/airflow/example_dags/tutorial_taskflow_api.py took 0.060 seconds
[2025-05-02T19:35:39.448+0000] {processor.py:161} INFO - Started process (PID=346) to work on /home/airflow/.local/lib/python3.12/site-packages/airflow/example_dags/tutorial_taskflow_api.py
[2025-05-02T19:35:39.449+0000] {processor.py:830} INFO - Processing file /home/airflow/.local/lib/python3.12/site-packages/airflow/example_dags/tutorial_taskflow_api.py for tasks to queue
[2025-05-02T19:35:39.451+0000] {logging_mixin.py:188} INFO - [2025-05-02T19:35:39.451+0000] {dagbag.py:540} INFO - Filling up the DagBag from /home/airflow/.local/lib/python3.12/site-packages/airflow/example_dags/tutorial_taskflow_api.py
[2025-05-02T19:35:39.456+0000] {processor.py:840} INFO - DAG(s) 'tutorial_taskflow_api' retrieved from /home/airflow/.local/lib/python3.12/site-packages/airflow/example_dags/tutorial_taskflow_api.py
[2025-05-02T19:35:39.475+0000] {logging_mixin.py:188} INFO - [2025-05-02T19:35:39.475+0000] {dag.py:3096} INFO - Sync 1 DAGs
[2025-05-02T19:35:39.489+0000] {logging_mixin.py:188} INFO - [2025-05-02T19:35:39.489+0000] {dag.py:3954} INFO - Setting next_dagrun for tutorial_taskflow_api to None, run_after=None
[2025-05-02T19:35:39.509+0000] {processor.py:183} INFO - Processing /home/airflow/.local/lib/python3.12/site-packages/airflow/example_dags/tutorial_taskflow_api.py took 0.066 seconds
[2025-05-02T19:36:10.023+0000] {processor.py:161} INFO - Started process (PID=404) to work on /home/airflow/.local/lib/python3.12/site-packages/airflow/example_dags/tutorial_taskflow_api.py
[2025-05-02T19:36:10.025+0000] {processor.py:830} INFO - Processing file /home/airflow/.local/lib/python3.12/site-packages/airflow/example_dags/tutorial_taskflow_api.py for tasks to queue
[2025-05-02T19:36:10.026+0000] {logging_mixin.py:188} INFO - [2025-05-02T19:36:10.026+0000] {dagbag.py:540} INFO - Filling up the DagBag from /home/airflow/.local/lib/python3.12/site-packages/airflow/example_dags/tutorial_taskflow_api.py
[2025-05-02T19:36:10.031+0000] {processor.py:840} INFO - DAG(s) 'tutorial_taskflow_api' retrieved from /home/airflow/.local/lib/python3.12/site-packages/airflow/example_dags/tutorial_taskflow_api.py
[2025-05-02T19:36:10.045+0000] {logging_mixin.py:188} INFO - [2025-05-02T19:36:10.045+0000] {dag.py:3096} INFO - Sync 1 DAGs
[2025-05-02T19:36:10.054+0000] {logging_mixin.py:188} INFO - [2025-05-02T19:36:10.054+0000] {dag.py:3954} INFO - Setting next_dagrun for tutorial_taskflow_api to None, run_after=None
[2025-05-02T19:36:10.072+0000] {processor.py:183} INFO - Processing /home/airflow/.local/lib/python3.12/site-packages/airflow/example_dags/tutorial_taskflow_api.py took 0.054 seconds
[2025-05-02T19:36:40.345+0000] {processor.py:161} INFO - Started process (PID=461) to work on /home/airflow/.local/lib/python3.12/site-packages/airflow/example_dags/tutorial_taskflow_api.py
[2025-05-02T19:36:40.346+0000] {processor.py:830} INFO - Processing file /home/airflow/.local/lib/python3.12/site-packages/airflow/example_dags/tutorial_taskflow_api.py for tasks to queue
[2025-05-02T19:36:40.347+0000] {logging_mixin.py:188} INFO - [2025-05-02T19:36:40.347+0000] {dagbag.py:540} INFO - Filling up the DagBag from /home/airflow/.local/lib/python3.12/site-packages/airflow/example_dags/tutorial_taskflow_api.py
[2025-05-02T19:36:40.352+0000] {processor.py:840} INFO - DAG(s) 'tutorial_taskflow_api' retrieved from /home/airflow/.local/lib/python3.12/site-packages/airflow/example_dags/tutorial_taskflow_api.py
[2025-05-02T19:36:40.369+0000] {logging_mixin.py:188} INFO - [2025-05-02T19:36:40.369+0000] {dag.py:3096} INFO - Sync 1 DAGs
[2025-05-02T19:36:40.379+0000] {logging_mixin.py:188} INFO - [2025-05-02T19:36:40.379+0000] {dag.py:3954} INFO - Setting next_dagrun for tutorial_taskflow_api to None, run_after=None
[2025-05-02T19:36:40.393+0000] {processor.py:183} INFO - Processing /home/airflow/.local/lib/python3.12/site-packages/airflow/example_dags/tutorial_taskflow_api.py took 0.053 seconds
[2025-05-02T19:37:10.683+0000] {processor.py:161} INFO - Started process (PID=519) to work on /home/airflow/.local/lib/python3.12/site-packages/airflow/example_dags/tutorial_taskflow_api.py
[2025-05-02T19:37:10.690+0000] {processor.py:830} INFO - Processing file /home/airflow/.local/lib/python3.12/site-packages/airflow/example_dags/tutorial_taskflow_api.py for tasks to queue
[2025-05-02T19:37:10.691+0000] {logging_mixin.py:188} INFO - [2025-05-02T19:37:10.691+0000] {dagbag.py:540} INFO - Filling up the DagBag from /home/airflow/.local/lib/python3.12/site-packages/airflow/example_dags/tutorial_taskflow_api.py
[2025-05-02T19:37:10.699+0000] {processor.py:840} INFO - DAG(s) 'tutorial_taskflow_api' retrieved from /home/airflow/.local/lib/python3.12/site-packages/airflow/example_dags/tutorial_taskflow_api.py
[2025-05-02T19:37:10.716+0000] {logging_mixin.py:188} INFO - [2025-05-02T19:37:10.716+0000] {dag.py:3096} INFO - Sync 1 DAGs
[2025-05-02T19:37:10.727+0000] {logging_mixin.py:188} INFO - [2025-05-02T19:37:10.727+0000] {dag.py:3954} INFO - Setting next_dagrun for tutorial_taskflow_api to None, run_after=None
[2025-05-02T19:37:10.746+0000] {processor.py:183} INFO - Processing /home/airflow/.local/lib/python3.12/site-packages/airflow/example_dags/tutorial_taskflow_api.py took 0.068 seconds
[2025-05-02T19:37:41.209+0000] {processor.py:161} INFO - Started process (PID=578) to work on /home/airflow/.local/lib/python3.12/site-packages/airflow/example_dags/tutorial_taskflow_api.py
[2025-05-02T19:37:41.210+0000] {processor.py:830} INFO - Processing file /home/airflow/.local/lib/python3.12/site-packages/airflow/example_dags/tutorial_taskflow_api.py for tasks to queue
[2025-05-02T19:37:41.212+0000] {logging_mixin.py:188} INFO - [2025-05-02T19:37:41.211+0000] {dagbag.py:540} INFO - Filling up the DagBag from /home/airflow/.local/lib/python3.12/site-packages/airflow/example_dags/tutorial_taskflow_api.py
[2025-05-02T19:37:41.218+0000] {processor.py:840} INFO - DAG(s) 'tutorial_taskflow_api' retrieved from /home/airflow/.local/lib/python3.12/site-packages/airflow/example_dags/tutorial_taskflow_api.py
[2025-05-02T19:37:41.238+0000] {logging_mixin.py:188} INFO - [2025-05-02T19:37:41.238+0000] {dag.py:3096} INFO - Sync 1 DAGs
[2025-05-02T19:37:41.250+0000] {logging_mixin.py:188} INFO - [2025-05-02T19:37:41.250+0000] {dag.py:3954} INFO - Setting next_dagrun for tutorial_taskflow_api to None, run_after=None
[2025-05-02T19:37:41.268+0000] {processor.py:183} INFO - Processing /home/airflow/.local/lib/python3.12/site-packages/airflow/example_dags/tutorial_taskflow_api.py took 0.065 seconds
[2025-05-02T19:38:11.479+0000] {processor.py:161} INFO - Started process (PID=636) to work on /home/airflow/.local/lib/python3.12/site-packages/airflow/example_dags/tutorial_taskflow_api.py
[2025-05-02T19:38:11.480+0000] {processor.py:830} INFO - Processing file /home/airflow/.local/lib/python3.12/site-packages/airflow/example_dags/tutorial_taskflow_api.py for tasks to queue
[2025-05-02T19:38:11.481+0000] {logging_mixin.py:188} INFO - [2025-05-02T19:38:11.481+0000] {dagbag.py:540} INFO - Filling up the DagBag from /home/airflow/.local/lib/python3.12/site-packages/airflow/example_dags/tutorial_taskflow_api.py
[2025-05-02T19:38:11.487+0000] {processor.py:840} INFO - DAG(s) 'tutorial_taskflow_api' retrieved from /home/airflow/.local/lib/python3.12/site-packages/airflow/example_dags/tutorial_taskflow_api.py
[2025-05-02T19:38:11.506+0000] {logging_mixin.py:188} INFO - [2025-05-02T19:38:11.506+0000] {dag.py:3096} INFO - Sync 1 DAGs
[2025-05-02T19:38:11.518+0000] {logging_mixin.py:188} INFO - [2025-05-02T19:38:11.518+0000] {dag.py:3954} INFO - Setting next_dagrun for tutorial_taskflow_api to None, run_after=None
[2025-05-02T19:38:11.535+0000] {processor.py:183} INFO - Processing /home/airflow/.local/lib/python3.12/site-packages/airflow/example_dags/tutorial_taskflow_api.py took 0.061 seconds
[2025-05-02T19:38:44.075+0000] {processor.py:161} INFO - Started process (PID=694) to work on /home/airflow/.local/lib/python3.12/site-packages/airflow/example_dags/tutorial_taskflow_api.py
[2025-05-02T19:38:44.076+0000] {processor.py:830} INFO - Processing file /home/airflow/.local/lib/python3.12/site-packages/airflow/example_dags/tutorial_taskflow_api.py for tasks to queue
[2025-05-02T19:38:44.078+0000] {logging_mixin.py:188} INFO - [2025-05-02T19:38:44.078+0000] {dagbag.py:540} INFO - Filling up the DagBag from /home/airflow/.local/lib/python3.12/site-packages/airflow/example_dags/tutorial_taskflow_api.py
[2025-05-02T19:38:44.085+0000] {processor.py:840} INFO - DAG(s) 'tutorial_taskflow_api' retrieved from /home/airflow/.local/lib/python3.12/site-packages/airflow/example_dags/tutorial_taskflow_api.py
[2025-05-02T19:38:44.108+0000] {logging_mixin.py:188} INFO - [2025-05-02T19:38:44.107+0000] {dag.py:3096} INFO - Sync 1 DAGs
[2025-05-02T19:38:44.124+0000] {logging_mixin.py:188} INFO - [2025-05-02T19:38:44.124+0000] {dag.py:3954} INFO - Setting next_dagrun for tutorial_taskflow_api to None, run_after=None
[2025-05-02T19:38:44.145+0000] {processor.py:183} INFO - Processing /home/airflow/.local/lib/python3.12/site-packages/airflow/example_dags/tutorial_taskflow_api.py took 0.074 seconds
[2025-05-02T19:39:14.634+0000] {processor.py:161} INFO - Started process (PID=752) to work on /home/airflow/.local/lib/python3.12/site-packages/airflow/example_dags/tutorial_taskflow_api.py
[2025-05-02T19:39:14.636+0000] {processor.py:830} INFO - Processing file /home/airflow/.local/lib/python3.12/site-packages/airflow/example_dags/tutorial_taskflow_api.py for tasks to queue
[2025-05-02T19:39:14.637+0000] {logging_mixin.py:188} INFO - [2025-05-02T19:39:14.637+0000] {dagbag.py:540} INFO - Filling up the DagBag from /home/airflow/.local/lib/python3.12/site-packages/airflow/example_dags/tutorial_taskflow_api.py
[2025-05-02T19:39:14.643+0000] {processor.py:840} INFO - DAG(s) 'tutorial_taskflow_api' retrieved from /home/airflow/.local/lib/python3.12/site-packages/airflow/example_dags/tutorial_taskflow_api.py
[2025-05-02T19:39:14.661+0000] {logging_mixin.py:188} INFO - [2025-05-02T19:39:14.661+0000] {dag.py:3096} INFO - Sync 1 DAGs
[2025-05-02T19:39:14.673+0000] {logging_mixin.py:188} INFO - [2025-05-02T19:39:14.673+0000] {dag.py:3954} INFO - Setting next_dagrun for tutorial_taskflow_api to None, run_after=None
[2025-05-02T19:39:14.688+0000] {processor.py:183} INFO - Processing /home/airflow/.local/lib/python3.12/site-packages/airflow/example_dags/tutorial_taskflow_api.py took 0.059 seconds
[2025-05-02T19:39:44.858+0000] {processor.py:161} INFO - Started process (PID=810) to work on /home/airflow/.local/lib/python3.12/site-packages/airflow/example_dags/tutorial_taskflow_api.py
[2025-05-02T19:39:44.859+0000] {processor.py:830} INFO - Processing file /home/airflow/.local/lib/python3.12/site-packages/airflow/example_dags/tutorial_taskflow_api.py for tasks to queue
[2025-05-02T19:39:44.861+0000] {logging_mixin.py:188} INFO - [2025-05-02T19:39:44.861+0000] {dagbag.py:540} INFO - Filling up the DagBag from /home/airflow/.local/lib/python3.12/site-packages/airflow/example_dags/tutorial_taskflow_api.py
[2025-05-02T19:39:44.867+0000] {processor.py:840} INFO - DAG(s) 'tutorial_taskflow_api' retrieved from /home/airflow/.local/lib/python3.12/site-packages/airflow/example_dags/tutorial_taskflow_api.py
[2025-05-02T19:39:44.883+0000] {logging_mixin.py:188} INFO - [2025-05-02T19:39:44.883+0000] {dag.py:3096} INFO - Sync 1 DAGs
[2025-05-02T19:39:44.893+0000] {logging_mixin.py:188} INFO - [2025-05-02T19:39:44.893+0000] {dag.py:3954} INFO - Setting next_dagrun for tutorial_taskflow_api to None, run_after=None
[2025-05-02T19:39:44.911+0000] {processor.py:183} INFO - Processing /home/airflow/.local/lib/python3.12/site-packages/airflow/example_dags/tutorial_taskflow_api.py took 0.057 seconds
[2025-05-02T19:40:15.483+0000] {processor.py:161} INFO - Started process (PID=868) to work on /home/airflow/.local/lib/python3.12/site-packages/airflow/example_dags/tutorial_taskflow_api.py
[2025-05-02T19:40:15.484+0000] {processor.py:830} INFO - Processing file /home/airflow/.local/lib/python3.12/site-packages/airflow/example_dags/tutorial_taskflow_api.py for tasks to queue
[2025-05-02T19:40:15.485+0000] {logging_mixin.py:188} INFO - [2025-05-02T19:40:15.485+0000] {dagbag.py:540} INFO - Filling up the DagBag from /home/airflow/.local/lib/python3.12/site-packages/airflow/example_dags/tutorial_taskflow_api.py
[2025-05-02T19:40:15.493+0000] {processor.py:840} INFO - DAG(s) 'tutorial_taskflow_api' retrieved from /home/airflow/.local/lib/python3.12/site-packages/airflow/example_dags/tutorial_taskflow_api.py
[2025-05-02T19:40:15.511+0000] {logging_mixin.py:188} INFO - [2025-05-02T19:40:15.511+0000] {dag.py:3096} INFO - Sync 1 DAGs
[2025-05-02T19:40:15.523+0000] {logging_mixin.py:188} INFO - [2025-05-02T19:40:15.523+0000] {dag.py:3954} INFO - Setting next_dagrun for tutorial_taskflow_api to None, run_after=None
[2025-05-02T19:40:15.539+0000] {processor.py:183} INFO - Processing /home/airflow/.local/lib/python3.12/site-packages/airflow/example_dags/tutorial_taskflow_api.py took 0.062 seconds
[2025-05-02T19:40:46.171+0000] {processor.py:161} INFO - Started process (PID=926) to work on /home/airflow/.local/lib/python3.12/site-packages/airflow/example_dags/tutorial_taskflow_api.py
[2025-05-02T19:40:46.172+0000] {processor.py:830} INFO - Processing file /home/airflow/.local/lib/python3.12/site-packages/airflow/example_dags/tutorial_taskflow_api.py for tasks to queue
[2025-05-02T19:40:46.174+0000] {logging_mixin.py:188} INFO - [2025-05-02T19:40:46.174+0000] {dagbag.py:540} INFO - Filling up the DagBag from /home/airflow/.local/lib/python3.12/site-packages/airflow/example_dags/tutorial_taskflow_api.py
[2025-05-02T19:40:46.183+0000] {processor.py:840} INFO - DAG(s) 'tutorial_taskflow_api' retrieved from /home/airflow/.local/lib/python3.12/site-packages/airflow/example_dags/tutorial_taskflow_api.py
[2025-05-02T19:40:46.204+0000] {logging_mixin.py:188} INFO - [2025-05-02T19:40:46.204+0000] {dag.py:3096} INFO - Sync 1 DAGs
[2025-05-02T19:40:46.215+0000] {logging_mixin.py:188} INFO - [2025-05-02T19:40:46.215+0000] {dag.py:3954} INFO - Setting next_dagrun for tutorial_taskflow_api to None, run_after=None
[2025-05-02T19:40:46.231+0000] {processor.py:183} INFO - Processing /home/airflow/.local/lib/python3.12/site-packages/airflow/example_dags/tutorial_taskflow_api.py took 0.067 seconds
[2025-05-02T19:41:16.632+0000] {processor.py:161} INFO - Started process (PID=978) to work on /home/airflow/.local/lib/python3.12/site-packages/airflow/example_dags/tutorial_taskflow_api.py
[2025-05-02T19:41:16.633+0000] {processor.py:830} INFO - Processing file /home/airflow/.local/lib/python3.12/site-packages/airflow/example_dags/tutorial_taskflow_api.py for tasks to queue
[2025-05-02T19:41:16.635+0000] {logging_mixin.py:188} INFO - [2025-05-02T19:41:16.635+0000] {dagbag.py:540} INFO - Filling up the DagBag from /home/airflow/.local/lib/python3.12/site-packages/airflow/example_dags/tutorial_taskflow_api.py
[2025-05-02T19:41:16.643+0000] {processor.py:840} INFO - DAG(s) 'tutorial_taskflow_api' retrieved from /home/airflow/.local/lib/python3.12/site-packages/airflow/example_dags/tutorial_taskflow_api.py
[2025-05-02T19:41:16.661+0000] {logging_mixin.py:188} INFO - [2025-05-02T19:41:16.660+0000] {dag.py:3096} INFO - Sync 1 DAGs
[2025-05-02T19:41:16.673+0000] {logging_mixin.py:188} INFO - [2025-05-02T19:41:16.672+0000] {dag.py:3954} INFO - Setting next_dagrun for tutorial_taskflow_api to None, run_after=None
[2025-05-02T19:41:16.692+0000] {processor.py:183} INFO - Processing /home/airflow/.local/lib/python3.12/site-packages/airflow/example_dags/tutorial_taskflow_api.py took 0.065 seconds
[2025-05-02T19:41:47.351+0000] {processor.py:161} INFO - Started process (PID=1036) to work on /home/airflow/.local/lib/python3.12/site-packages/airflow/example_dags/tutorial_taskflow_api.py
[2025-05-02T19:41:47.352+0000] {processor.py:830} INFO - Processing file /home/airflow/.local/lib/python3.12/site-packages/airflow/example_dags/tutorial_taskflow_api.py for tasks to queue
[2025-05-02T19:41:47.354+0000] {logging_mixin.py:188} INFO - [2025-05-02T19:41:47.354+0000] {dagbag.py:540} INFO - Filling up the DagBag from /home/airflow/.local/lib/python3.12/site-packages/airflow/example_dags/tutorial_taskflow_api.py
[2025-05-02T19:41:47.363+0000] {processor.py:840} INFO - DAG(s) 'tutorial_taskflow_api' retrieved from /home/airflow/.local/lib/python3.12/site-packages/airflow/example_dags/tutorial_taskflow_api.py
[2025-05-02T19:41:47.384+0000] {logging_mixin.py:188} INFO - [2025-05-02T19:41:47.384+0000] {dag.py:3096} INFO - Sync 1 DAGs
[2025-05-02T19:41:47.396+0000] {logging_mixin.py:188} INFO - [2025-05-02T19:41:47.395+0000] {dag.py:3954} INFO - Setting next_dagrun for tutorial_taskflow_api to None, run_after=None
[2025-05-02T19:41:47.417+0000] {processor.py:183} INFO - Processing /home/airflow/.local/lib/python3.12/site-packages/airflow/example_dags/tutorial_taskflow_api.py took 0.074 seconds
[2025-05-02T19:42:17.830+0000] {processor.py:161} INFO - Started process (PID=1094) to work on /home/airflow/.local/lib/python3.12/site-packages/airflow/example_dags/tutorial_taskflow_api.py
[2025-05-02T19:42:17.831+0000] {processor.py:830} INFO - Processing file /home/airflow/.local/lib/python3.12/site-packages/airflow/example_dags/tutorial_taskflow_api.py for tasks to queue
[2025-05-02T19:42:17.833+0000] {logging_mixin.py:188} INFO - [2025-05-02T19:42:17.833+0000] {dagbag.py:540} INFO - Filling up the DagBag from /home/airflow/.local/lib/python3.12/site-packages/airflow/example_dags/tutorial_taskflow_api.py
[2025-05-02T19:42:17.839+0000] {processor.py:840} INFO - DAG(s) 'tutorial_taskflow_api' retrieved from /home/airflow/.local/lib/python3.12/site-packages/airflow/example_dags/tutorial_taskflow_api.py
[2025-05-02T19:42:17.856+0000] {logging_mixin.py:188} INFO - [2025-05-02T19:42:17.856+0000] {dag.py:3096} INFO - Sync 1 DAGs
[2025-05-02T19:42:17.866+0000] {logging_mixin.py:188} INFO - [2025-05-02T19:42:17.866+0000] {dag.py:3954} INFO - Setting next_dagrun for tutorial_taskflow_api to None, run_after=None
[2025-05-02T19:42:17.880+0000] {processor.py:183} INFO - Processing /home/airflow/.local/lib/python3.12/site-packages/airflow/example_dags/tutorial_taskflow_api.py took 0.054 seconds
[2025-05-02T19:42:49.532+0000] {processor.py:161} INFO - Started process (PID=1152) to work on /home/airflow/.local/lib/python3.12/site-packages/airflow/example_dags/tutorial_taskflow_api.py
[2025-05-02T19:42:49.533+0000] {processor.py:830} INFO - Processing file /home/airflow/.local/lib/python3.12/site-packages/airflow/example_dags/tutorial_taskflow_api.py for tasks to queue
[2025-05-02T19:42:49.535+0000] {logging_mixin.py:188} INFO - [2025-05-02T19:42:49.535+0000] {dagbag.py:540} INFO - Filling up the DagBag from /home/airflow/.local/lib/python3.12/site-packages/airflow/example_dags/tutorial_taskflow_api.py
[2025-05-02T19:42:49.540+0000] {processor.py:840} INFO - DAG(s) 'tutorial_taskflow_api' retrieved from /home/airflow/.local/lib/python3.12/site-packages/airflow/example_dags/tutorial_taskflow_api.py
[2025-05-02T19:42:49.558+0000] {logging_mixin.py:188} INFO - [2025-05-02T19:42:49.558+0000] {dag.py:3096} INFO - Sync 1 DAGs
[2025-05-02T19:42:49.572+0000] {logging_mixin.py:188} INFO - [2025-05-02T19:42:49.571+0000] {dag.py:3954} INFO - Setting next_dagrun for tutorial_taskflow_api to None, run_after=None
[2025-05-02T19:42:49.590+0000] {processor.py:183} INFO - Processing /home/airflow/.local/lib/python3.12/site-packages/airflow/example_dags/tutorial_taskflow_api.py took 0.063 seconds
[2025-05-02T19:43:19.791+0000] {processor.py:161} INFO - Started process (PID=1212) to work on /home/airflow/.local/lib/python3.12/site-packages/airflow/example_dags/tutorial_taskflow_api.py
[2025-05-02T19:43:19.792+0000] {processor.py:830} INFO - Processing file /home/airflow/.local/lib/python3.12/site-packages/airflow/example_dags/tutorial_taskflow_api.py for tasks to queue
[2025-05-02T19:43:19.793+0000] {logging_mixin.py:188} INFO - [2025-05-02T19:43:19.793+0000] {dagbag.py:540} INFO - Filling up the DagBag from /home/airflow/.local/lib/python3.12/site-packages/airflow/example_dags/tutorial_taskflow_api.py
[2025-05-02T19:43:19.798+0000] {processor.py:840} INFO - DAG(s) 'tutorial_taskflow_api' retrieved from /home/airflow/.local/lib/python3.12/site-packages/airflow/example_dags/tutorial_taskflow_api.py
[2025-05-02T19:43:19.815+0000] {logging_mixin.py:188} INFO - [2025-05-02T19:43:19.815+0000] {dag.py:3096} INFO - Sync 1 DAGs
[2025-05-02T19:43:19.826+0000] {logging_mixin.py:188} INFO - [2025-05-02T19:43:19.825+0000] {dag.py:3954} INFO - Setting next_dagrun for tutorial_taskflow_api to None, run_after=None
[2025-05-02T19:43:19.841+0000] {processor.py:183} INFO - Processing /home/airflow/.local/lib/python3.12/site-packages/airflow/example_dags/tutorial_taskflow_api.py took 0.054 seconds
[2025-05-02T19:43:50.512+0000] {processor.py:161} INFO - Started process (PID=1272) to work on /home/airflow/.local/lib/python3.12/site-packages/airflow/example_dags/tutorial_taskflow_api.py
[2025-05-02T19:43:50.514+0000] {processor.py:830} INFO - Processing file /home/airflow/.local/lib/python3.12/site-packages/airflow/example_dags/tutorial_taskflow_api.py for tasks to queue
[2025-05-02T19:43:50.515+0000] {logging_mixin.py:188} INFO - [2025-05-02T19:43:50.515+0000] {dagbag.py:540} INFO - Filling up the DagBag from /home/airflow/.local/lib/python3.12/site-packages/airflow/example_dags/tutorial_taskflow_api.py
[2025-05-02T19:43:50.520+0000] {processor.py:840} INFO - DAG(s) 'tutorial_taskflow_api' retrieved from /home/airflow/.local/lib/python3.12/site-packages/airflow/example_dags/tutorial_taskflow_api.py
[2025-05-02T19:43:50.538+0000] {logging_mixin.py:188} INFO - [2025-05-02T19:43:50.538+0000] {dag.py:3096} INFO - Sync 1 DAGs
[2025-05-02T19:43:50.551+0000] {logging_mixin.py:188} INFO - [2025-05-02T19:43:50.551+0000] {dag.py:3954} INFO - Setting next_dagrun for tutorial_taskflow_api to None, run_after=None
[2025-05-02T19:43:50.569+0000] {processor.py:183} INFO - Processing /home/airflow/.local/lib/python3.12/site-packages/airflow/example_dags/tutorial_taskflow_api.py took 0.061 seconds
[2025-05-02T19:44:21.887+0000] {processor.py:161} INFO - Started process (PID=1367) to work on /home/airflow/.local/lib/python3.12/site-packages/airflow/example_dags/tutorial_taskflow_api.py
[2025-05-02T19:44:21.889+0000] {processor.py:830} INFO - Processing file /home/airflow/.local/lib/python3.12/site-packages/airflow/example_dags/tutorial_taskflow_api.py for tasks to queue
[2025-05-02T19:44:21.894+0000] {logging_mixin.py:188} INFO - [2025-05-02T19:44:21.893+0000] {dagbag.py:540} INFO - Filling up the DagBag from /home/airflow/.local/lib/python3.12/site-packages/airflow/example_dags/tutorial_taskflow_api.py
[2025-05-02T19:44:21.910+0000] {processor.py:840} INFO - DAG(s) 'tutorial_taskflow_api' retrieved from /home/airflow/.local/lib/python3.12/site-packages/airflow/example_dags/tutorial_taskflow_api.py
[2025-05-02T19:44:21.944+0000] {logging_mixin.py:188} INFO - [2025-05-02T19:44:21.944+0000] {dag.py:3096} INFO - Sync 1 DAGs
[2025-05-02T19:44:21.971+0000] {logging_mixin.py:188} INFO - [2025-05-02T19:44:21.970+0000] {dag.py:3954} INFO - Setting next_dagrun for tutorial_taskflow_api to None, run_after=None
[2025-05-02T19:44:22.080+0000] {processor.py:183} INFO - Processing /home/airflow/.local/lib/python3.12/site-packages/airflow/example_dags/tutorial_taskflow_api.py took 0.219 seconds
[2025-05-02T19:44:53.290+0000] {processor.py:161} INFO - Started process (PID=1469) to work on /home/airflow/.local/lib/python3.12/site-packages/airflow/example_dags/tutorial_taskflow_api.py
[2025-05-02T19:44:53.292+0000] {processor.py:830} INFO - Processing file /home/airflow/.local/lib/python3.12/site-packages/airflow/example_dags/tutorial_taskflow_api.py for tasks to queue
[2025-05-02T19:44:53.296+0000] {logging_mixin.py:188} INFO - [2025-05-02T19:44:53.295+0000] {dagbag.py:540} INFO - Filling up the DagBag from /home/airflow/.local/lib/python3.12/site-packages/airflow/example_dags/tutorial_taskflow_api.py
[2025-05-02T19:44:53.312+0000] {processor.py:840} INFO - DAG(s) 'tutorial_taskflow_api' retrieved from /home/airflow/.local/lib/python3.12/site-packages/airflow/example_dags/tutorial_taskflow_api.py
[2025-05-02T19:44:53.417+0000] {logging_mixin.py:188} INFO - [2025-05-02T19:44:53.416+0000] {dag.py:3096} INFO - Sync 1 DAGs
[2025-05-02T19:44:53.458+0000] {logging_mixin.py:188} INFO - [2025-05-02T19:44:53.457+0000] {dag.py:3954} INFO - Setting next_dagrun for tutorial_taskflow_api to None, run_after=None
[2025-05-02T19:44:53.638+0000] {processor.py:183} INFO - Processing /home/airflow/.local/lib/python3.12/site-packages/airflow/example_dags/tutorial_taskflow_api.py took 0.361 seconds
[2025-05-02T19:45:24.417+0000] {processor.py:161} INFO - Started process (PID=1559) to work on /home/airflow/.local/lib/python3.12/site-packages/airflow/example_dags/tutorial_taskflow_api.py
[2025-05-02T19:45:24.419+0000] {processor.py:830} INFO - Processing file /home/airflow/.local/lib/python3.12/site-packages/airflow/example_dags/tutorial_taskflow_api.py for tasks to queue
[2025-05-02T19:45:24.427+0000] {logging_mixin.py:188} INFO - [2025-05-02T19:45:24.426+0000] {dagbag.py:540} INFO - Filling up the DagBag from /home/airflow/.local/lib/python3.12/site-packages/airflow/example_dags/tutorial_taskflow_api.py
[2025-05-02T19:45:24.463+0000] {processor.py:840} INFO - DAG(s) 'tutorial_taskflow_api' retrieved from /home/airflow/.local/lib/python3.12/site-packages/airflow/example_dags/tutorial_taskflow_api.py
[2025-05-02T19:45:24.630+0000] {logging_mixin.py:188} INFO - [2025-05-02T19:45:24.620+0000] {dag.py:3096} INFO - Sync 1 DAGs
[2025-05-02T19:45:24.721+0000] {logging_mixin.py:188} INFO - [2025-05-02T19:45:24.721+0000] {dag.py:3954} INFO - Setting next_dagrun for tutorial_taskflow_api to None, run_after=None
[2025-05-02T19:45:24.891+0000] {processor.py:183} INFO - Processing /home/airflow/.local/lib/python3.12/site-packages/airflow/example_dags/tutorial_taskflow_api.py took 0.520 seconds
[2025-05-02T19:45:55.739+0000] {processor.py:161} INFO - Started process (PID=1661) to work on /home/airflow/.local/lib/python3.12/site-packages/airflow/example_dags/tutorial_taskflow_api.py
[2025-05-02T19:45:55.743+0000] {processor.py:830} INFO - Processing file /home/airflow/.local/lib/python3.12/site-packages/airflow/example_dags/tutorial_taskflow_api.py for tasks to queue
[2025-05-02T19:45:55.755+0000] {logging_mixin.py:188} INFO - [2025-05-02T19:45:55.754+0000] {dagbag.py:540} INFO - Filling up the DagBag from /home/airflow/.local/lib/python3.12/site-packages/airflow/example_dags/tutorial_taskflow_api.py
[2025-05-02T19:45:55.775+0000] {processor.py:840} INFO - DAG(s) 'tutorial_taskflow_api' retrieved from /home/airflow/.local/lib/python3.12/site-packages/airflow/example_dags/tutorial_taskflow_api.py
[2025-05-02T19:45:55.825+0000] {logging_mixin.py:188} INFO - [2025-05-02T19:45:55.825+0000] {dag.py:3096} INFO - Sync 1 DAGs
[2025-05-02T19:45:55.855+0000] {logging_mixin.py:188} INFO - [2025-05-02T19:45:55.855+0000] {dag.py:3954} INFO - Setting next_dagrun for tutorial_taskflow_api to None, run_after=None
[2025-05-02T19:45:55.923+0000] {processor.py:183} INFO - Processing /home/airflow/.local/lib/python3.12/site-packages/airflow/example_dags/tutorial_taskflow_api.py took 0.200 seconds
[2025-05-02T19:46:26.011+0000] {processor.py:161} INFO - Started process (PID=1764) to work on /home/airflow/.local/lib/python3.12/site-packages/airflow/example_dags/tutorial_taskflow_api.py
[2025-05-02T19:46:26.013+0000] {processor.py:830} INFO - Processing file /home/airflow/.local/lib/python3.12/site-packages/airflow/example_dags/tutorial_taskflow_api.py for tasks to queue
[2025-05-02T19:46:26.029+0000] {logging_mixin.py:188} INFO - [2025-05-02T19:46:26.028+0000] {dagbag.py:540} INFO - Filling up the DagBag from /home/airflow/.local/lib/python3.12/site-packages/airflow/example_dags/tutorial_taskflow_api.py
[2025-05-02T19:46:26.054+0000] {processor.py:840} INFO - DAG(s) 'tutorial_taskflow_api' retrieved from /home/airflow/.local/lib/python3.12/site-packages/airflow/example_dags/tutorial_taskflow_api.py
[2025-05-02T19:46:26.154+0000] {logging_mixin.py:188} INFO - [2025-05-02T19:46:26.154+0000] {dag.py:3096} INFO - Sync 1 DAGs
[2025-05-02T19:46:26.187+0000] {logging_mixin.py:188} INFO - [2025-05-02T19:46:26.186+0000] {dag.py:3954} INFO - Setting next_dagrun for tutorial_taskflow_api to None, run_after=None
[2025-05-02T19:46:26.220+0000] {processor.py:183} INFO - Processing /home/airflow/.local/lib/python3.12/site-packages/airflow/example_dags/tutorial_taskflow_api.py took 0.222 seconds
[2025-05-02T19:46:57.347+0000] {processor.py:161} INFO - Started process (PID=1885) to work on /home/airflow/.local/lib/python3.12/site-packages/airflow/example_dags/tutorial_taskflow_api.py
[2025-05-02T19:46:57.357+0000] {processor.py:830} INFO - Processing file /home/airflow/.local/lib/python3.12/site-packages/airflow/example_dags/tutorial_taskflow_api.py for tasks to queue
[2025-05-02T19:46:57.360+0000] {logging_mixin.py:188} INFO - [2025-05-02T19:46:57.360+0000] {dagbag.py:540} INFO - Filling up the DagBag from /home/airflow/.local/lib/python3.12/site-packages/airflow/example_dags/tutorial_taskflow_api.py
[2025-05-02T19:46:57.373+0000] {processor.py:840} INFO - DAG(s) 'tutorial_taskflow_api' retrieved from /home/airflow/.local/lib/python3.12/site-packages/airflow/example_dags/tutorial_taskflow_api.py
[2025-05-02T19:46:57.445+0000] {logging_mixin.py:188} INFO - [2025-05-02T19:46:57.444+0000] {dag.py:3096} INFO - Sync 1 DAGs
[2025-05-02T19:46:57.488+0000] {logging_mixin.py:188} INFO - [2025-05-02T19:46:57.487+0000] {dag.py:3954} INFO - Setting next_dagrun for tutorial_taskflow_api to None, run_after=None
[2025-05-02T19:46:57.556+0000] {processor.py:183} INFO - Processing /home/airflow/.local/lib/python3.12/site-packages/airflow/example_dags/tutorial_taskflow_api.py took 0.223 seconds
[2025-05-02T19:47:32.996+0000] {processor.py:161} INFO - Started process (PID=1983) to work on /home/airflow/.local/lib/python3.12/site-packages/airflow/example_dags/tutorial_taskflow_api.py
[2025-05-02T19:47:32.997+0000] {processor.py:830} INFO - Processing file /home/airflow/.local/lib/python3.12/site-packages/airflow/example_dags/tutorial_taskflow_api.py for tasks to queue
[2025-05-02T19:47:33.002+0000] {logging_mixin.py:188} INFO - [2025-05-02T19:47:33.000+0000] {dagbag.py:540} INFO - Filling up the DagBag from /home/airflow/.local/lib/python3.12/site-packages/airflow/example_dags/tutorial_taskflow_api.py
[2025-05-02T19:47:33.029+0000] {processor.py:840} INFO - DAG(s) 'tutorial_taskflow_api' retrieved from /home/airflow/.local/lib/python3.12/site-packages/airflow/example_dags/tutorial_taskflow_api.py
[2025-05-02T19:47:33.083+0000] {logging_mixin.py:188} INFO - [2025-05-02T19:47:33.083+0000] {dag.py:3096} INFO - Sync 1 DAGs
[2025-05-02T19:47:33.124+0000] {logging_mixin.py:188} INFO - [2025-05-02T19:47:33.123+0000] {dag.py:3954} INFO - Setting next_dagrun for tutorial_taskflow_api to None, run_after=None
[2025-05-02T19:47:33.214+0000] {processor.py:183} INFO - Processing /home/airflow/.local/lib/python3.12/site-packages/airflow/example_dags/tutorial_taskflow_api.py took 0.247 seconds
[2025-05-02T19:48:06.113+0000] {processor.py:161} INFO - Started process (PID=2086) to work on /home/airflow/.local/lib/python3.12/site-packages/airflow/example_dags/tutorial_taskflow_api.py
[2025-05-02T19:48:06.114+0000] {processor.py:830} INFO - Processing file /home/airflow/.local/lib/python3.12/site-packages/airflow/example_dags/tutorial_taskflow_api.py for tasks to queue
[2025-05-02T19:48:06.118+0000] {logging_mixin.py:188} INFO - [2025-05-02T19:48:06.118+0000] {dagbag.py:540} INFO - Filling up the DagBag from /home/airflow/.local/lib/python3.12/site-packages/airflow/example_dags/tutorial_taskflow_api.py
[2025-05-02T19:48:06.141+0000] {processor.py:840} INFO - DAG(s) 'tutorial_taskflow_api' retrieved from /home/airflow/.local/lib/python3.12/site-packages/airflow/example_dags/tutorial_taskflow_api.py
[2025-05-02T19:48:06.233+0000] {logging_mixin.py:188} INFO - [2025-05-02T19:48:06.232+0000] {dag.py:3096} INFO - Sync 1 DAGs
[2025-05-02T19:48:06.274+0000] {logging_mixin.py:188} INFO - [2025-05-02T19:48:06.273+0000] {dag.py:3954} INFO - Setting next_dagrun for tutorial_taskflow_api to None, run_after=None
[2025-05-02T19:48:06.353+0000] {processor.py:183} INFO - Processing /home/airflow/.local/lib/python3.12/site-packages/airflow/example_dags/tutorial_taskflow_api.py took 0.264 seconds
[2025-05-02T19:48:36.730+0000] {processor.py:161} INFO - Started process (PID=2174) to work on /home/airflow/.local/lib/python3.12/site-packages/airflow/example_dags/tutorial_taskflow_api.py
[2025-05-02T19:48:36.743+0000] {processor.py:830} INFO - Processing file /home/airflow/.local/lib/python3.12/site-packages/airflow/example_dags/tutorial_taskflow_api.py for tasks to queue
[2025-05-02T19:48:36.747+0000] {logging_mixin.py:188} INFO - [2025-05-02T19:48:36.746+0000] {dagbag.py:540} INFO - Filling up the DagBag from /home/airflow/.local/lib/python3.12/site-packages/airflow/example_dags/tutorial_taskflow_api.py
[2025-05-02T19:48:36.762+0000] {processor.py:840} INFO - DAG(s) 'tutorial_taskflow_api' retrieved from /home/airflow/.local/lib/python3.12/site-packages/airflow/example_dags/tutorial_taskflow_api.py
[2025-05-02T19:48:36.845+0000] {logging_mixin.py:188} INFO - [2025-05-02T19:48:36.844+0000] {dag.py:3096} INFO - Sync 1 DAGs
[2025-05-02T19:48:36.899+0000] {logging_mixin.py:188} INFO - [2025-05-02T19:48:36.898+0000] {dag.py:3954} INFO - Setting next_dagrun for tutorial_taskflow_api to None, run_after=None
[2025-05-02T19:48:39.969+0000] {processor.py:183} INFO - Processing /home/airflow/.local/lib/python3.12/site-packages/airflow/example_dags/tutorial_taskflow_api.py took 0.319 seconds
[2025-05-02T19:49:10.391+0000] {processor.py:161} INFO - Started process (PID=2264) to work on /home/airflow/.local/lib/python3.12/site-packages/airflow/example_dags/tutorial_taskflow_api.py
[2025-05-02T19:49:10.393+0000] {processor.py:830} INFO - Processing file /home/airflow/.local/lib/python3.12/site-packages/airflow/example_dags/tutorial_taskflow_api.py for tasks to queue
[2025-05-02T19:49:10.399+0000] {logging_mixin.py:188} INFO - [2025-05-02T19:49:10.398+0000] {dagbag.py:540} INFO - Filling up the DagBag from /home/airflow/.local/lib/python3.12/site-packages/airflow/example_dags/tutorial_taskflow_api.py
[2025-05-02T19:49:10.411+0000] {processor.py:840} INFO - DAG(s) 'tutorial_taskflow_api' retrieved from /home/airflow/.local/lib/python3.12/site-packages/airflow/example_dags/tutorial_taskflow_api.py
[2025-05-02T19:49:10.451+0000] {logging_mixin.py:188} INFO - [2025-05-02T19:49:10.451+0000] {dag.py:3096} INFO - Sync 1 DAGs
[2025-05-02T19:49:10.479+0000] {logging_mixin.py:188} INFO - [2025-05-02T19:49:10.478+0000] {dag.py:3954} INFO - Setting next_dagrun for tutorial_taskflow_api to None, run_after=None
[2025-05-02T19:49:10.532+0000] {processor.py:183} INFO - Processing /home/airflow/.local/lib/python3.12/site-packages/airflow/example_dags/tutorial_taskflow_api.py took 0.154 seconds
[2025-05-02T19:49:41.052+0000] {processor.py:161} INFO - Started process (PID=2355) to work on /home/airflow/.local/lib/python3.12/site-packages/airflow/example_dags/tutorial_taskflow_api.py
[2025-05-02T19:49:41.054+0000] {processor.py:830} INFO - Processing file /home/airflow/.local/lib/python3.12/site-packages/airflow/example_dags/tutorial_taskflow_api.py for tasks to queue
[2025-05-02T19:49:41.056+0000] {logging_mixin.py:188} INFO - [2025-05-02T19:49:41.055+0000] {dagbag.py:540} INFO - Filling up the DagBag from /home/airflow/.local/lib/python3.12/site-packages/airflow/example_dags/tutorial_taskflow_api.py
[2025-05-02T19:49:41.061+0000] {processor.py:840} INFO - DAG(s) 'tutorial_taskflow_api' retrieved from /home/airflow/.local/lib/python3.12/site-packages/airflow/example_dags/tutorial_taskflow_api.py
[2025-05-02T19:49:41.080+0000] {logging_mixin.py:188} INFO - [2025-05-02T19:49:41.079+0000] {dag.py:3096} INFO - Sync 1 DAGs
[2025-05-02T19:49:41.091+0000] {logging_mixin.py:188} INFO - [2025-05-02T19:49:41.091+0000] {dag.py:3954} INFO - Setting next_dagrun for tutorial_taskflow_api to None, run_after=None
[2025-05-02T19:49:41.108+0000] {processor.py:183} INFO - Processing /home/airflow/.local/lib/python3.12/site-packages/airflow/example_dags/tutorial_taskflow_api.py took 0.060 seconds
[2025-05-02T19:50:11.634+0000] {processor.py:161} INFO - Started process (PID=2461) to work on /home/airflow/.local/lib/python3.12/site-packages/airflow/example_dags/tutorial_taskflow_api.py
[2025-05-02T19:50:11.636+0000] {processor.py:830} INFO - Processing file /home/airflow/.local/lib/python3.12/site-packages/airflow/example_dags/tutorial_taskflow_api.py for tasks to queue
[2025-05-02T19:50:11.640+0000] {logging_mixin.py:188} INFO - [2025-05-02T19:50:11.639+0000] {dagbag.py:540} INFO - Filling up the DagBag from /home/airflow/.local/lib/python3.12/site-packages/airflow/example_dags/tutorial_taskflow_api.py
[2025-05-02T19:50:11.653+0000] {processor.py:840} INFO - DAG(s) 'tutorial_taskflow_api' retrieved from /home/airflow/.local/lib/python3.12/site-packages/airflow/example_dags/tutorial_taskflow_api.py
[2025-05-02T19:50:11.769+0000] {logging_mixin.py:188} INFO - [2025-05-02T19:50:11.768+0000] {dag.py:3096} INFO - Sync 1 DAGs
[2025-05-02T19:50:11.796+0000] {logging_mixin.py:188} INFO - [2025-05-02T19:50:11.796+0000] {dag.py:3954} INFO - Setting next_dagrun for tutorial_taskflow_api to None, run_after=None
[2025-05-02T19:50:11.841+0000] {processor.py:183} INFO - Processing /home/airflow/.local/lib/python3.12/site-packages/airflow/example_dags/tutorial_taskflow_api.py took 0.219 seconds
[2025-05-02T19:50:42.875+0000] {processor.py:161} INFO - Started process (PID=2557) to work on /home/airflow/.local/lib/python3.12/site-packages/airflow/example_dags/tutorial_taskflow_api.py
[2025-05-02T19:50:42.882+0000] {processor.py:830} INFO - Processing file /home/airflow/.local/lib/python3.12/site-packages/airflow/example_dags/tutorial_taskflow_api.py for tasks to queue
[2025-05-02T19:50:42.885+0000] {logging_mixin.py:188} INFO - [2025-05-02T19:50:42.884+0000] {dagbag.py:540} INFO - Filling up the DagBag from /home/airflow/.local/lib/python3.12/site-packages/airflow/example_dags/tutorial_taskflow_api.py
[2025-05-02T19:50:42.901+0000] {processor.py:840} INFO - DAG(s) 'tutorial_taskflow_api' retrieved from /home/airflow/.local/lib/python3.12/site-packages/airflow/example_dags/tutorial_taskflow_api.py
[2025-05-02T19:50:42.980+0000] {logging_mixin.py:188} INFO - [2025-05-02T19:50:42.980+0000] {dag.py:3096} INFO - Sync 1 DAGs
[2025-05-02T19:50:43.022+0000] {logging_mixin.py:188} INFO - [2025-05-02T19:50:43.021+0000] {dag.py:3954} INFO - Setting next_dagrun for tutorial_taskflow_api to None, run_after=None
[2025-05-02T19:50:43.371+0000] {processor.py:183} INFO - Processing /home/airflow/.local/lib/python3.12/site-packages/airflow/example_dags/tutorial_taskflow_api.py took 0.512 seconds
[2025-05-02T19:51:15.827+0000] {processor.py:161} INFO - Started process (PID=2645) to work on /home/airflow/.local/lib/python3.12/site-packages/airflow/example_dags/tutorial_taskflow_api.py
[2025-05-02T19:51:15.829+0000] {processor.py:830} INFO - Processing file /home/airflow/.local/lib/python3.12/site-packages/airflow/example_dags/tutorial_taskflow_api.py for tasks to queue
[2025-05-02T19:51:15.834+0000] {logging_mixin.py:188} INFO - [2025-05-02T19:51:15.833+0000] {dagbag.py:540} INFO - Filling up the DagBag from /home/airflow/.local/lib/python3.12/site-packages/airflow/example_dags/tutorial_taskflow_api.py
[2025-05-02T19:51:15.869+0000] {processor.py:840} INFO - DAG(s) 'tutorial_taskflow_api' retrieved from /home/airflow/.local/lib/python3.12/site-packages/airflow/example_dags/tutorial_taskflow_api.py
[2025-05-02T19:51:15.975+0000] {logging_mixin.py:188} INFO - [2025-05-02T19:51:15.975+0000] {dag.py:3096} INFO - Sync 1 DAGs
[2025-05-02T19:51:16.025+0000] {logging_mixin.py:188} INFO - [2025-05-02T19:51:16.025+0000] {dag.py:3954} INFO - Setting next_dagrun for tutorial_taskflow_api to None, run_after=None
[2025-05-02T19:51:16.134+0000] {processor.py:183} INFO - Processing /home/airflow/.local/lib/python3.12/site-packages/airflow/example_dags/tutorial_taskflow_api.py took 0.320 seconds
[2025-05-02T19:51:50.774+0000] {processor.py:161} INFO - Started process (PID=2747) to work on /home/airflow/.local/lib/python3.12/site-packages/airflow/example_dags/tutorial_taskflow_api.py
[2025-05-02T19:51:50.779+0000] {processor.py:830} INFO - Processing file /home/airflow/.local/lib/python3.12/site-packages/airflow/example_dags/tutorial_taskflow_api.py for tasks to queue
[2025-05-02T19:51:50.782+0000] {logging_mixin.py:188} INFO - [2025-05-02T19:51:50.781+0000] {dagbag.py:540} INFO - Filling up the DagBag from /home/airflow/.local/lib/python3.12/site-packages/airflow/example_dags/tutorial_taskflow_api.py
[2025-05-02T19:51:50.800+0000] {processor.py:840} INFO - DAG(s) 'tutorial_taskflow_api' retrieved from /home/airflow/.local/lib/python3.12/site-packages/airflow/example_dags/tutorial_taskflow_api.py
[2025-05-02T19:51:51.143+0000] {logging_mixin.py:188} INFO - [2025-05-02T19:51:51.142+0000] {dag.py:3096} INFO - Sync 1 DAGs
[2025-05-02T19:51:51.164+0000] {logging_mixin.py:188} INFO - [2025-05-02T19:51:51.164+0000] {dag.py:3954} INFO - Setting next_dagrun for tutorial_taskflow_api to None, run_after=None
[2025-05-02T19:51:51.223+0000] {processor.py:183} INFO - Processing /home/airflow/.local/lib/python3.12/site-packages/airflow/example_dags/tutorial_taskflow_api.py took 0.462 seconds
[2025-05-02T19:52:21.721+0000] {processor.py:161} INFO - Started process (PID=2829) to work on /home/airflow/.local/lib/python3.12/site-packages/airflow/example_dags/tutorial_taskflow_api.py
[2025-05-02T19:52:21.723+0000] {processor.py:830} INFO - Processing file /home/airflow/.local/lib/python3.12/site-packages/airflow/example_dags/tutorial_taskflow_api.py for tasks to queue
[2025-05-02T19:52:21.728+0000] {logging_mixin.py:188} INFO - [2025-05-02T19:52:21.727+0000] {dagbag.py:540} INFO - Filling up the DagBag from /home/airflow/.local/lib/python3.12/site-packages/airflow/example_dags/tutorial_taskflow_api.py
[2025-05-02T19:52:21.745+0000] {processor.py:840} INFO - DAG(s) 'tutorial_taskflow_api' retrieved from /home/airflow/.local/lib/python3.12/site-packages/airflow/example_dags/tutorial_taskflow_api.py
[2025-05-02T19:52:21.824+0000] {logging_mixin.py:188} INFO - [2025-05-02T19:52:21.824+0000] {dag.py:3096} INFO - Sync 1 DAGs
[2025-05-02T19:52:21.871+0000] {logging_mixin.py:188} INFO - [2025-05-02T19:52:21.871+0000] {dag.py:3954} INFO - Setting next_dagrun for tutorial_taskflow_api to None, run_after=None
[2025-05-02T19:52:21.956+0000] {processor.py:183} INFO - Processing /home/airflow/.local/lib/python3.12/site-packages/airflow/example_dags/tutorial_taskflow_api.py took 0.252 seconds
[2025-05-02T19:52:52.095+0000] {processor.py:161} INFO - Started process (PID=2918) to work on /home/airflow/.local/lib/python3.12/site-packages/airflow/example_dags/tutorial_taskflow_api.py
[2025-05-02T19:52:52.097+0000] {processor.py:830} INFO - Processing file /home/airflow/.local/lib/python3.12/site-packages/airflow/example_dags/tutorial_taskflow_api.py for tasks to queue
[2025-05-02T19:52:52.106+0000] {logging_mixin.py:188} INFO - [2025-05-02T19:52:52.100+0000] {dagbag.py:540} INFO - Filling up the DagBag from /home/airflow/.local/lib/python3.12/site-packages/airflow/example_dags/tutorial_taskflow_api.py
[2025-05-02T19:52:52.126+0000] {processor.py:840} INFO - DAG(s) 'tutorial_taskflow_api' retrieved from /home/airflow/.local/lib/python3.12/site-packages/airflow/example_dags/tutorial_taskflow_api.py
[2025-05-02T19:52:52.177+0000] {logging_mixin.py:188} INFO - [2025-05-02T19:52:52.177+0000] {dag.py:3096} INFO - Sync 1 DAGs
[2025-05-02T19:52:52.206+0000] {logging_mixin.py:188} INFO - [2025-05-02T19:52:52.206+0000] {dag.py:3954} INFO - Setting next_dagrun for tutorial_taskflow_api to None, run_after=None
[2025-05-02T19:52:52.272+0000] {processor.py:183} INFO - Processing /home/airflow/.local/lib/python3.12/site-packages/airflow/example_dags/tutorial_taskflow_api.py took 0.209 seconds
[2025-05-02T19:53:23.522+0000] {processor.py:161} INFO - Started process (PID=3023) to work on /home/airflow/.local/lib/python3.12/site-packages/airflow/example_dags/tutorial_taskflow_api.py
[2025-05-02T19:53:23.524+0000] {processor.py:830} INFO - Processing file /home/airflow/.local/lib/python3.12/site-packages/airflow/example_dags/tutorial_taskflow_api.py for tasks to queue
[2025-05-02T19:53:23.528+0000] {logging_mixin.py:188} INFO - [2025-05-02T19:53:23.527+0000] {dagbag.py:540} INFO - Filling up the DagBag from /home/airflow/.local/lib/python3.12/site-packages/airflow/example_dags/tutorial_taskflow_api.py
[2025-05-02T19:53:23.546+0000] {processor.py:840} INFO - DAG(s) 'tutorial_taskflow_api' retrieved from /home/airflow/.local/lib/python3.12/site-packages/airflow/example_dags/tutorial_taskflow_api.py
[2025-05-02T19:53:23.645+0000] {logging_mixin.py:188} INFO - [2025-05-02T19:53:23.645+0000] {dag.py:3096} INFO - Sync 1 DAGs
[2025-05-02T19:53:23.686+0000] {logging_mixin.py:188} INFO - [2025-05-02T19:53:23.685+0000] {dag.py:3954} INFO - Setting next_dagrun for tutorial_taskflow_api to None, run_after=None
[2025-05-02T19:53:23.760+0000] {processor.py:183} INFO - Processing /home/airflow/.local/lib/python3.12/site-packages/airflow/example_dags/tutorial_taskflow_api.py took 0.253 seconds
[2025-05-02T19:53:55.815+0000] {processor.py:161} INFO - Started process (PID=3116) to work on /home/airflow/.local/lib/python3.12/site-packages/airflow/example_dags/tutorial_taskflow_api.py
[2025-05-02T19:53:55.823+0000] {processor.py:830} INFO - Processing file /home/airflow/.local/lib/python3.12/site-packages/airflow/example_dags/tutorial_taskflow_api.py for tasks to queue
[2025-05-02T19:53:55.826+0000] {logging_mixin.py:188} INFO - [2025-05-02T19:53:55.826+0000] {dagbag.py:540} INFO - Filling up the DagBag from /home/airflow/.local/lib/python3.12/site-packages/airflow/example_dags/tutorial_taskflow_api.py
[2025-05-02T19:53:55.847+0000] {processor.py:840} INFO - DAG(s) 'tutorial_taskflow_api' retrieved from /home/airflow/.local/lib/python3.12/site-packages/airflow/example_dags/tutorial_taskflow_api.py
[2025-05-02T19:53:55.946+0000] {logging_mixin.py:188} INFO - [2025-05-02T19:53:55.946+0000] {dag.py:3096} INFO - Sync 1 DAGs
[2025-05-02T19:53:56.024+0000] {logging_mixin.py:188} INFO - [2025-05-02T19:53:56.024+0000] {dag.py:3954} INFO - Setting next_dagrun for tutorial_taskflow_api to None, run_after=None
[2025-05-02T19:53:56.072+0000] {processor.py:183} INFO - Processing /home/airflow/.local/lib/python3.12/site-packages/airflow/example_dags/tutorial_taskflow_api.py took 0.276 seconds
[2025-05-02T19:54:29.939+0000] {processor.py:161} INFO - Started process (PID=3216) to work on /home/airflow/.local/lib/python3.12/site-packages/airflow/example_dags/tutorial_taskflow_api.py
[2025-05-02T19:54:29.940+0000] {processor.py:830} INFO - Processing file /home/airflow/.local/lib/python3.12/site-packages/airflow/example_dags/tutorial_taskflow_api.py for tasks to queue
[2025-05-02T19:54:29.947+0000] {logging_mixin.py:188} INFO - [2025-05-02T19:54:29.946+0000] {dagbag.py:540} INFO - Filling up the DagBag from /home/airflow/.local/lib/python3.12/site-packages/airflow/example_dags/tutorial_taskflow_api.py
[2025-05-02T19:54:29.969+0000] {processor.py:840} INFO - DAG(s) 'tutorial_taskflow_api' retrieved from /home/airflow/.local/lib/python3.12/site-packages/airflow/example_dags/tutorial_taskflow_api.py
[2025-05-02T19:54:30.059+0000] {logging_mixin.py:188} INFO - [2025-05-02T19:54:30.058+0000] {dag.py:3096} INFO - Sync 1 DAGs
[2025-05-02T19:54:30.118+0000] {logging_mixin.py:188} INFO - [2025-05-02T19:54:30.118+0000] {dag.py:3954} INFO - Setting next_dagrun for tutorial_taskflow_api to None, run_after=None
[2025-05-02T19:54:30.253+0000] {processor.py:183} INFO - Processing /home/airflow/.local/lib/python3.12/site-packages/airflow/example_dags/tutorial_taskflow_api.py took 0.340 seconds
[2025-05-02T19:55:03.942+0000] {processor.py:161} INFO - Started process (PID=3308) to work on /home/airflow/.local/lib/python3.12/site-packages/airflow/example_dags/tutorial_taskflow_api.py
[2025-05-02T19:55:03.947+0000] {processor.py:830} INFO - Processing file /home/airflow/.local/lib/python3.12/site-packages/airflow/example_dags/tutorial_taskflow_api.py for tasks to queue
[2025-05-02T19:55:03.951+0000] {logging_mixin.py:188} INFO - [2025-05-02T19:55:03.950+0000] {dagbag.py:540} INFO - Filling up the DagBag from /home/airflow/.local/lib/python3.12/site-packages/airflow/example_dags/tutorial_taskflow_api.py
[2025-05-02T19:55:03.964+0000] {processor.py:840} INFO - DAG(s) 'tutorial_taskflow_api' retrieved from /home/airflow/.local/lib/python3.12/site-packages/airflow/example_dags/tutorial_taskflow_api.py
[2025-05-02T19:55:04.030+0000] {logging_mixin.py:188} INFO - [2025-05-02T19:55:04.029+0000] {dag.py:3096} INFO - Sync 1 DAGs
[2025-05-02T19:55:04.068+0000] {logging_mixin.py:188} INFO - [2025-05-02T19:55:04.067+0000] {dag.py:3954} INFO - Setting next_dagrun for tutorial_taskflow_api to None, run_after=None
[2025-05-02T19:55:04.148+0000] {processor.py:183} INFO - Processing /home/airflow/.local/lib/python3.12/site-packages/airflow/example_dags/tutorial_taskflow_api.py took 0.222 seconds
[2025-05-02T19:55:34.487+0000] {processor.py:161} INFO - Started process (PID=3416) to work on /home/airflow/.local/lib/python3.12/site-packages/airflow/example_dags/tutorial_taskflow_api.py
[2025-05-02T19:55:34.492+0000] {processor.py:830} INFO - Processing file /home/airflow/.local/lib/python3.12/site-packages/airflow/example_dags/tutorial_taskflow_api.py for tasks to queue
[2025-05-02T19:55:34.495+0000] {logging_mixin.py:188} INFO - [2025-05-02T19:55:34.495+0000] {dagbag.py:540} INFO - Filling up the DagBag from /home/airflow/.local/lib/python3.12/site-packages/airflow/example_dags/tutorial_taskflow_api.py
[2025-05-02T19:55:34.508+0000] {processor.py:840} INFO - DAG(s) 'tutorial_taskflow_api' retrieved from /home/airflow/.local/lib/python3.12/site-packages/airflow/example_dags/tutorial_taskflow_api.py
[2025-05-02T19:55:34.571+0000] {logging_mixin.py:188} INFO - [2025-05-02T19:55:34.570+0000] {dag.py:3096} INFO - Sync 1 DAGs
[2025-05-02T19:55:34.632+0000] {logging_mixin.py:188} INFO - [2025-05-02T19:55:34.631+0000] {dag.py:3954} INFO - Setting next_dagrun for tutorial_taskflow_api to None, run_after=None
[2025-05-02T19:55:34.762+0000] {processor.py:183} INFO - Processing /home/airflow/.local/lib/python3.12/site-packages/airflow/example_dags/tutorial_taskflow_api.py took 0.288 seconds
[2025-05-02T19:56:05.543+0000] {processor.py:161} INFO - Started process (PID=3509) to work on /home/airflow/.local/lib/python3.12/site-packages/airflow/example_dags/tutorial_taskflow_api.py
[2025-05-02T19:56:05.544+0000] {processor.py:830} INFO - Processing file /home/airflow/.local/lib/python3.12/site-packages/airflow/example_dags/tutorial_taskflow_api.py for tasks to queue
[2025-05-02T19:56:05.553+0000] {logging_mixin.py:188} INFO - [2025-05-02T19:56:05.547+0000] {dagbag.py:540} INFO - Filling up the DagBag from /home/airflow/.local/lib/python3.12/site-packages/airflow/example_dags/tutorial_taskflow_api.py
[2025-05-02T19:56:05.571+0000] {processor.py:840} INFO - DAG(s) 'tutorial_taskflow_api' retrieved from /home/airflow/.local/lib/python3.12/site-packages/airflow/example_dags/tutorial_taskflow_api.py
[2025-05-02T19:56:05.625+0000] {logging_mixin.py:188} INFO - [2025-05-02T19:56:05.625+0000] {dag.py:3096} INFO - Sync 1 DAGs
[2025-05-02T19:56:05.653+0000] {logging_mixin.py:188} INFO - [2025-05-02T19:56:05.652+0000] {dag.py:3954} INFO - Setting next_dagrun for tutorial_taskflow_api to None, run_after=None
[2025-05-02T19:56:05.687+0000] {processor.py:183} INFO - Processing /home/airflow/.local/lib/python3.12/site-packages/airflow/example_dags/tutorial_taskflow_api.py took 0.156 seconds
[2025-05-02T19:56:35.996+0000] {processor.py:161} INFO - Started process (PID=3603) to work on /home/airflow/.local/lib/python3.12/site-packages/airflow/example_dags/tutorial_taskflow_api.py
[2025-05-02T19:56:36.007+0000] {processor.py:830} INFO - Processing file /home/airflow/.local/lib/python3.12/site-packages/airflow/example_dags/tutorial_taskflow_api.py for tasks to queue
[2025-05-02T19:56:36.012+0000] {logging_mixin.py:188} INFO - [2025-05-02T19:56:36.011+0000] {dagbag.py:540} INFO - Filling up the DagBag from /home/airflow/.local/lib/python3.12/site-packages/airflow/example_dags/tutorial_taskflow_api.py
[2025-05-02T19:56:36.036+0000] {processor.py:840} INFO - DAG(s) 'tutorial_taskflow_api' retrieved from /home/airflow/.local/lib/python3.12/site-packages/airflow/example_dags/tutorial_taskflow_api.py
[2025-05-02T19:56:36.151+0000] {logging_mixin.py:188} INFO - [2025-05-02T19:56:36.151+0000] {dag.py:3096} INFO - Sync 1 DAGs
[2025-05-02T19:56:36.197+0000] {logging_mixin.py:188} INFO - [2025-05-02T19:56:36.197+0000] {dag.py:3954} INFO - Setting next_dagrun for tutorial_taskflow_api to None, run_after=None
[2025-05-02T19:56:36.257+0000] {processor.py:183} INFO - Processing /home/airflow/.local/lib/python3.12/site-packages/airflow/example_dags/tutorial_taskflow_api.py took 0.276 seconds
[2025-05-02T19:57:06.742+0000] {processor.py:161} INFO - Started process (PID=3693) to work on /home/airflow/.local/lib/python3.12/site-packages/airflow/example_dags/tutorial_taskflow_api.py
[2025-05-02T19:57:06.745+0000] {processor.py:830} INFO - Processing file /home/airflow/.local/lib/python3.12/site-packages/airflow/example_dags/tutorial_taskflow_api.py for tasks to queue
[2025-05-02T19:57:06.749+0000] {logging_mixin.py:188} INFO - [2025-05-02T19:57:06.749+0000] {dagbag.py:540} INFO - Filling up the DagBag from /home/airflow/.local/lib/python3.12/site-packages/airflow/example_dags/tutorial_taskflow_api.py
[2025-05-02T19:57:06.765+0000] {processor.py:840} INFO - DAG(s) 'tutorial_taskflow_api' retrieved from /home/airflow/.local/lib/python3.12/site-packages/airflow/example_dags/tutorial_taskflow_api.py
[2025-05-02T19:57:06.850+0000] {logging_mixin.py:188} INFO - [2025-05-02T19:57:06.849+0000] {dag.py:3096} INFO - Sync 1 DAGs
[2025-05-02T19:57:06.890+0000] {logging_mixin.py:188} INFO - [2025-05-02T19:57:06.890+0000] {dag.py:3954} INFO - Setting next_dagrun for tutorial_taskflow_api to None, run_after=None
[2025-05-02T19:57:06.948+0000] {processor.py:183} INFO - Processing /home/airflow/.local/lib/python3.12/site-packages/airflow/example_dags/tutorial_taskflow_api.py took 0.243 seconds
[2025-05-02T19:57:37.373+0000] {processor.py:161} INFO - Started process (PID=3783) to work on /home/airflow/.local/lib/python3.12/site-packages/airflow/example_dags/tutorial_taskflow_api.py
[2025-05-02T19:57:37.374+0000] {processor.py:830} INFO - Processing file /home/airflow/.local/lib/python3.12/site-packages/airflow/example_dags/tutorial_taskflow_api.py for tasks to queue
[2025-05-02T19:57:37.376+0000] {logging_mixin.py:188} INFO - [2025-05-02T19:57:37.375+0000] {dagbag.py:540} INFO - Filling up the DagBag from /home/airflow/.local/lib/python3.12/site-packages/airflow/example_dags/tutorial_taskflow_api.py
[2025-05-02T19:57:37.382+0000] {processor.py:840} INFO - DAG(s) 'tutorial_taskflow_api' retrieved from /home/airflow/.local/lib/python3.12/site-packages/airflow/example_dags/tutorial_taskflow_api.py
[2025-05-02T19:57:37.401+0000] {logging_mixin.py:188} INFO - [2025-05-02T19:57:37.401+0000] {dag.py:3096} INFO - Sync 1 DAGs
[2025-05-02T19:57:37.413+0000] {logging_mixin.py:188} INFO - [2025-05-02T19:57:37.413+0000] {dag.py:3954} INFO - Setting next_dagrun for tutorial_taskflow_api to None, run_after=None
[2025-05-02T19:57:37.436+0000] {processor.py:183} INFO - Processing /home/airflow/.local/lib/python3.12/site-packages/airflow/example_dags/tutorial_taskflow_api.py took 0.070 seconds
[2025-05-02T19:58:08.183+0000] {processor.py:161} INFO - Started process (PID=3896) to work on /home/airflow/.local/lib/python3.12/site-packages/airflow/example_dags/tutorial_taskflow_api.py
[2025-05-02T19:58:08.185+0000] {processor.py:830} INFO - Processing file /home/airflow/.local/lib/python3.12/site-packages/airflow/example_dags/tutorial_taskflow_api.py for tasks to queue
[2025-05-02T19:58:08.200+0000] {logging_mixin.py:188} INFO - [2025-05-02T19:58:08.189+0000] {dagbag.py:540} INFO - Filling up the DagBag from /home/airflow/.local/lib/python3.12/site-packages/airflow/example_dags/tutorial_taskflow_api.py
[2025-05-02T19:58:08.218+0000] {processor.py:840} INFO - DAG(s) 'tutorial_taskflow_api' retrieved from /home/airflow/.local/lib/python3.12/site-packages/airflow/example_dags/tutorial_taskflow_api.py
[2025-05-02T19:58:08.311+0000] {logging_mixin.py:188} INFO - [2025-05-02T19:58:08.310+0000] {dag.py:3096} INFO - Sync 1 DAGs
[2025-05-02T19:58:08.361+0000] {logging_mixin.py:188} INFO - [2025-05-02T19:58:08.360+0000] {dag.py:3954} INFO - Setting next_dagrun for tutorial_taskflow_api to None, run_after=None
[2025-05-02T19:58:08.411+0000] {processor.py:183} INFO - Processing /home/airflow/.local/lib/python3.12/site-packages/airflow/example_dags/tutorial_taskflow_api.py took 0.244 seconds
