[2025-05-02T19:45:29.042+0000] {local_task_job_runner.py:120} INFO - ::group::Pre task execution logs
[2025-05-02T19:45:29.122+0000] {taskinstance.py:2073} INFO - Dependencies all met for dep_context=non-requeueable deps ti=<TaskInstance: random_user_dag_s3.get_male_data scheduled__2023-10-24T00:00:00+00:00 [queued]>
[2025-05-02T19:45:29.190+0000] {taskinstance.py:2073} INFO - Dependencies all met for dep_context=requeueable deps ti=<TaskInstance: random_user_dag_s3.get_male_data scheduled__2023-10-24T00:00:00+00:00 [queued]>
[2025-05-02T19:45:29.191+0000] {taskinstance.py:2303} INFO - Starting attempt 1 of 3
[2025-05-02T19:45:29.222+0000] {taskinstance.py:2327} INFO - Executing <Task(PythonOperator): get_male_data> on 2023-10-24 00:00:00+00:00
[2025-05-02T19:45:29.271+0000] {warnings.py:110} WARNING - /home/***/.local/lib/python3.12/site-packages/***/task/task_runner/standard_task_runner.py:61: DeprecationWarning: This process (pid=498) is multi-threaded, use of fork() may lead to deadlocks in the child.
  pid = os.fork()

[2025-05-02T19:45:29.291+0000] {standard_task_runner.py:63} INFO - Started process 538 to run task
[2025-05-02T19:45:29.318+0000] {standard_task_runner.py:90} INFO - Running: ['***', 'tasks', 'run', 'random_user_dag_s3', 'get_male_data', 'scheduled__2023-10-24T00:00:00+00:00', '--job-id', '107', '--raw', '--subdir', 'DAGS_FOLDER/random_user_dag.py', '--cfg-path', '/tmp/tmpdijw656q']
[2025-05-02T19:45:29.325+0000] {standard_task_runner.py:91} INFO - Job 107: Subtask get_male_data
[2025-05-02T19:45:29.555+0000] {task_command.py:426} INFO - Running <TaskInstance: random_user_dag_s3.get_male_data scheduled__2023-10-24T00:00:00+00:00 [running]> on host 1878fa9eca19
[2025-05-02T19:45:29.972+0000] {taskinstance.py:2644} INFO - Exporting env vars: AIRFLOW_CTX_DAG_OWNER='***' AIRFLOW_CTX_DAG_ID='random_user_dag_s3' AIRFLOW_CTX_TASK_ID='get_male_data' AIRFLOW_CTX_EXECUTION_DATE='2023-10-24T00:00:00+00:00' AIRFLOW_CTX_TRY_NUMBER='1' AIRFLOW_CTX_DAG_RUN_ID='scheduled__2023-10-24T00:00:00+00:00'
[2025-05-02T19:45:29.974+0000] {taskinstance.py:430} INFO - ::endgroup::
[2025-05-02T19:45:30.603+0000] {python.py:237} INFO - Done. Returned value was:   male_gender
0        male
[2025-05-02T19:45:30.849+0000] {taskinstance.py:441} INFO - ::group::Post task execution logs
[2025-05-02T19:45:30.930+0000] {taskinstance.py:1205} INFO - Marking task as SUCCESS. dag_id=random_user_dag_s3, task_id=get_male_data, execution_date=20231024T000000, start_date=20250502T194529, end_date=20250502T194530
[2025-05-02T19:45:31.043+0000] {local_task_job_runner.py:240} INFO - Task exited with return code 0
[2025-05-02T19:45:31.108+0000] {taskinstance.py:3482} INFO - 1 downstream tasks scheduled from follow-on schedule check
[2025-05-02T19:45:31.123+0000] {local_task_job_runner.py:222} INFO - ::endgroup::
