[2025-05-02T19:47:02.332+0000] {local_task_job_runner.py:120} INFO - ::group::Pre task execution logs
[2025-05-02T19:47:02.380+0000] {taskinstance.py:2073} INFO - Dependencies all met for dep_context=non-requeueable deps ti=<TaskInstance: random_user_dag_s3.write_male_data scheduled__2023-11-14T00:00:00+00:00 [queued]>
[2025-05-02T19:47:02.417+0000] {taskinstance.py:2073} INFO - Dependencies all met for dep_context=requeueable deps ti=<TaskInstance: random_user_dag_s3.write_male_data scheduled__2023-11-14T00:00:00+00:00 [queued]>
[2025-05-02T19:47:02.418+0000] {taskinstance.py:2303} INFO - Starting attempt 2 of 3
[2025-05-02T19:47:02.467+0000] {taskinstance.py:2327} INFO - Executing <Task(PythonOperator): write_male_data> on 2023-11-14 00:00:00+00:00
[2025-05-02T19:47:02.484+0000] {warnings.py:110} WARNING - /home/***/.local/lib/python3.12/site-packages/***/task/task_runner/standard_task_runner.py:61: DeprecationWarning: This process (pid=872) is multi-threaded, use of fork() may lead to deadlocks in the child.
  pid = os.fork()

[2025-05-02T19:47:02.487+0000] {standard_task_runner.py:63} INFO - Started process 910 to run task
[2025-05-02T19:47:02.490+0000] {standard_task_runner.py:90} INFO - Running: ['***', 'tasks', 'run', 'random_user_dag_s3', 'write_male_data', 'scheduled__2023-11-14T00:00:00+00:00', '--job-id', '229', '--raw', '--subdir', 'DAGS_FOLDER/random_user_dag.py', '--cfg-path', '/tmp/tmps691bgdd']
[2025-05-02T19:47:02.491+0000] {standard_task_runner.py:91} INFO - Job 229: Subtask write_male_data
[2025-05-02T19:47:02.971+0000] {task_command.py:426} INFO - Running <TaskInstance: random_user_dag_s3.write_male_data scheduled__2023-11-14T00:00:00+00:00 [running]> on host 1878fa9eca19
[2025-05-02T19:47:03.333+0000] {taskinstance.py:2644} INFO - Exporting env vars: AIRFLOW_CTX_DAG_OWNER='***' AIRFLOW_CTX_DAG_ID='random_user_dag_s3' AIRFLOW_CTX_TASK_ID='write_male_data' AIRFLOW_CTX_EXECUTION_DATE='2023-11-14T00:00:00+00:00' AIRFLOW_CTX_TRY_NUMBER='2' AIRFLOW_CTX_DAG_RUN_ID='scheduled__2023-11-14T00:00:00+00:00'
[2025-05-02T19:47:03.335+0000] {taskinstance.py:430} INFO - ::endgroup::
[2025-05-02T19:47:03.823+0000] {taskinstance.py:441} INFO - ::group::Post task execution logs
[2025-05-02T19:47:03.824+0000] {taskinstance.py:2890} ERROR - Task failed with exception
Traceback (most recent call last):
  File "/home/airflow/.local/lib/python3.12/site-packages/airflow/models/taskinstance.py", line 465, in _execute_task
    result = _execute_callable(context=context, **execute_callable_kwargs)
             ^^^^^^^^^^^^^^^^^^^^^^^^^^^^^^^^^^^^^^^^^^^^^^^^^^^^^^^^^^^^^
  File "/home/airflow/.local/lib/python3.12/site-packages/airflow/models/taskinstance.py", line 432, in _execute_callable
    return execute_callable(context=context, **execute_callable_kwargs)
           ^^^^^^^^^^^^^^^^^^^^^^^^^^^^^^^^^^^^^^^^^^^^^^^^^^^^^^^^^^^^
  File "/home/airflow/.local/lib/python3.12/site-packages/airflow/models/baseoperator.py", line 400, in wrapper
    return func(self, *args, **kwargs)
           ^^^^^^^^^^^^^^^^^^^^^^^^^^^
  File "/home/airflow/.local/lib/python3.12/site-packages/airflow/operators/python.py", line 235, in execute
    return_value = self.execute_callable()
                   ^^^^^^^^^^^^^^^^^^^^^^^
  File "/home/airflow/.local/lib/python3.12/site-packages/airflow/operators/python.py", line 252, in execute_callable
    return self.python_callable(*self.op_args, **self.op_kwargs)
           ^^^^^^^^^^^^^^^^^^^^^^^^^^^^^^^^^^^^^^^^^^^^^^^^^^^^^
  File "/opt/airflow/dags/random_user_module.py", line 43, in load_male_to_s3
    aws_access_key_id=Variable.get("AWS_ACCESS_KEY_ID"),
                      ^^^^^^^^^^^^^^^^^^^^^^^^^^^^^^^^^
  File "/home/airflow/.local/lib/python3.12/site-packages/airflow/models/variable.py", line 143, in get
    raise KeyError(f"Variable {key} does not exist")
KeyError: 'Variable AWS_ACCESS_KEY_ID does not exist'
[2025-05-02T19:47:03.892+0000] {taskinstance.py:1205} INFO - Marking task as UP_FOR_RETRY. dag_id=random_user_dag_s3, task_id=write_male_data, execution_date=20231114T000000, start_date=20250502T194702, end_date=20250502T194703
[2025-05-02T19:47:03.923+0000] {standard_task_runner.py:110} ERROR - Failed to execute job 229 for task write_male_data ('Variable AWS_ACCESS_KEY_ID does not exist'; 910)
[2025-05-02T19:47:03.989+0000] {local_task_job_runner.py:240} INFO - Task exited with return code 1
[2025-05-02T19:47:04.240+0000] {taskinstance.py:3482} INFO - 0 downstream tasks scheduled from follow-on schedule check
[2025-05-02T19:47:04.260+0000] {local_task_job_runner.py:222} INFO - ::endgroup::
