[2025-05-02T19:55:15.139+0000] {local_task_job_runner.py:120} INFO - ::group::Pre task execution logs
[2025-05-02T19:55:15.164+0000] {taskinstance.py:2073} INFO - Dependencies all met for dep_context=non-requeueable deps ti=<TaskInstance: random_user_dag_s3.get_male_data scheduled__2024-04-10T00:00:00+00:00 [queued]>
[2025-05-02T19:55:15.174+0000] {taskinstance.py:2073} INFO - Dependencies all met for dep_context=requeueable deps ti=<TaskInstance: random_user_dag_s3.get_male_data scheduled__2024-04-10T00:00:00+00:00 [queued]>
[2025-05-02T19:55:15.174+0000] {taskinstance.py:2303} INFO - Starting attempt 1 of 3
[2025-05-02T19:55:15.193+0000] {taskinstance.py:2327} INFO - Executing <Task(PythonOperator): get_male_data> on 2024-04-10 00:00:00+00:00
[2025-05-02T19:55:15.202+0000] {warnings.py:110} WARNING - /home/***/.local/lib/python3.12/site-packages/***/task/task_runner/standard_task_runner.py:61: DeprecationWarning: This process (pid=2647) is multi-threaded, use of fork() may lead to deadlocks in the child.
  pid = os.fork()

[2025-05-02T19:55:15.204+0000] {standard_task_runner.py:63} INFO - Started process 2663 to run task
[2025-05-02T19:55:15.205+0000] {standard_task_runner.py:90} INFO - Running: ['***', 'tasks', 'run', 'random_user_dag_s3', 'get_male_data', 'scheduled__2024-04-10T00:00:00+00:00', '--job-id', '788', '--raw', '--subdir', 'DAGS_FOLDER/random_user_dag.py', '--cfg-path', '/tmp/tmp88070gx0']
[2025-05-02T19:55:15.206+0000] {standard_task_runner.py:91} INFO - Job 788: Subtask get_male_data
[2025-05-02T19:55:15.269+0000] {task_command.py:426} INFO - Running <TaskInstance: random_user_dag_s3.get_male_data scheduled__2024-04-10T00:00:00+00:00 [running]> on host 1878fa9eca19
[2025-05-02T19:55:15.405+0000] {taskinstance.py:2644} INFO - Exporting env vars: AIRFLOW_CTX_DAG_OWNER='***' AIRFLOW_CTX_DAG_ID='random_user_dag_s3' AIRFLOW_CTX_TASK_ID='get_male_data' AIRFLOW_CTX_EXECUTION_DATE='2024-04-10T00:00:00+00:00' AIRFLOW_CTX_TRY_NUMBER='1' AIRFLOW_CTX_DAG_RUN_ID='scheduled__2024-04-10T00:00:00+00:00'
[2025-05-02T19:55:15.410+0000] {taskinstance.py:430} INFO - ::endgroup::
[2025-05-02T19:55:16.740+0000] {python.py:237} INFO - Done. Returned value was:   male_gender
0        male
1        male
2        male
3        male
4        male
5        male
[2025-05-02T19:55:16.752+0000] {taskinstance.py:441} INFO - ::group::Post task execution logs
[2025-05-02T19:55:16.784+0000] {taskinstance.py:1205} INFO - Marking task as SUCCESS. dag_id=random_user_dag_s3, task_id=get_male_data, execution_date=20240410T000000, start_date=20250502T195515, end_date=20250502T195516
[2025-05-02T19:55:16.839+0000] {local_task_job_runner.py:240} INFO - Task exited with return code 0
[2025-05-02T19:55:16.883+0000] {taskinstance.py:3482} INFO - 1 downstream tasks scheduled from follow-on schedule check
[2025-05-02T19:55:16.894+0000] {local_task_job_runner.py:222} INFO - ::endgroup::
