[2025-05-02T19:50:47.540+0000] {local_task_job_runner.py:120} INFO - ::group::Pre task execution logs
[2025-05-02T19:50:47.586+0000] {taskinstance.py:2073} INFO - Dependencies all met for dep_context=non-requeueable deps ti=<TaskInstance: random_user_dag_s3.write_male_data scheduled__2023-12-21T00:00:00+00:00 [queued]>
[2025-05-02T19:50:47.604+0000] {taskinstance.py:2073} INFO - Dependencies all met for dep_context=requeueable deps ti=<TaskInstance: random_user_dag_s3.write_male_data scheduled__2023-12-21T00:00:00+00:00 [queued]>
[2025-05-02T19:50:47.605+0000] {taskinstance.py:2303} INFO - Starting attempt 3 of 3
[2025-05-02T19:50:47.646+0000] {taskinstance.py:2327} INFO - Executing <Task(PythonOperator): write_male_data> on 2023-12-21 00:00:00+00:00
[2025-05-02T19:50:47.678+0000] {warnings.py:110} WARNING - /home/***/.local/lib/python3.12/site-packages/***/task/task_runner/standard_task_runner.py:61: DeprecationWarning: This process (pid=1677) is multi-threaded, use of fork() may lead to deadlocks in the child.
  pid = os.fork()

[2025-05-02T19:50:47.680+0000] {standard_task_runner.py:63} INFO - Started process 1695 to run task
[2025-05-02T19:50:47.678+0000] {standard_task_runner.py:90} INFO - Running: ['***', 'tasks', 'run', 'random_user_dag_s3', 'write_male_data', 'scheduled__2023-12-21T00:00:00+00:00', '--job-id', '479', '--raw', '--subdir', 'DAGS_FOLDER/random_user_dag.py', '--cfg-path', '/tmp/tmp4z9h6al5']
[2025-05-02T19:50:47.686+0000] {standard_task_runner.py:91} INFO - Job 479: Subtask write_male_data
[2025-05-02T19:50:47.959+0000] {task_command.py:426} INFO - Running <TaskInstance: random_user_dag_s3.write_male_data scheduled__2023-12-21T00:00:00+00:00 [running]> on host 1878fa9eca19
[2025-05-02T19:50:48.561+0000] {taskinstance.py:2644} INFO - Exporting env vars: AIRFLOW_CTX_DAG_OWNER='***' AIRFLOW_CTX_DAG_ID='random_user_dag_s3' AIRFLOW_CTX_TASK_ID='write_male_data' AIRFLOW_CTX_EXECUTION_DATE='2023-12-21T00:00:00+00:00' AIRFLOW_CTX_TRY_NUMBER='3' AIRFLOW_CTX_DAG_RUN_ID='scheduled__2023-12-21T00:00:00+00:00'
[2025-05-02T19:50:48.574+0000] {taskinstance.py:430} INFO - ::endgroup::
[2025-05-02T19:50:49.240+0000] {taskinstance.py:441} INFO - ::group::Post task execution logs
[2025-05-02T19:50:49.241+0000] {taskinstance.py:2890} ERROR - Task failed with exception
Traceback (most recent call last):
  File "/home/airflow/.local/lib/python3.12/site-packages/airflow/models/taskinstance.py", line 465, in _execute_task
    result = _execute_callable(context=context, **execute_callable_kwargs)
             ^^^^^^^^^^^^^^^^^^^^^^^^^^^^^^^^^^^^^^^^^^^^^^^^^^^^^^^^^^^^^
  File "/home/airflow/.local/lib/python3.12/site-packages/airflow/models/taskinstance.py", line 432, in _execute_callable
    return execute_callable(context=context, **execute_callable_kwargs)
           ^^^^^^^^^^^^^^^^^^^^^^^^^^^^^^^^^^^^^^^^^^^^^^^^^^^^^^^^^^^^
  File "/home/airflow/.local/lib/python3.12/site-packages/airflow/models/baseoperator.py", line 400, in wrapper
    return func(self, *args, **kwargs)
           ^^^^^^^^^^^^^^^^^^^^^^^^^^^
  File "/home/airflow/.local/lib/python3.12/site-packages/airflow/operators/python.py", line 235, in execute
    return_value = self.execute_callable()
                   ^^^^^^^^^^^^^^^^^^^^^^^
  File "/home/airflow/.local/lib/python3.12/site-packages/airflow/operators/python.py", line 252, in execute_callable
    return self.python_callable(*self.op_args, **self.op_kwargs)
           ^^^^^^^^^^^^^^^^^^^^^^^^^^^^^^^^^^^^^^^^^^^^^^^^^^^^^
  File "/opt/airflow/dags/random_user_module.py", line 45, in load_male_to_s3
    region_name=Variable.get("AWS_REGION")
                ^^^^^^^^^^^^^^^^^^^^^^^^^^
  File "/home/airflow/.local/lib/python3.12/site-packages/airflow/models/variable.py", line 143, in get
    raise KeyError(f"Variable {key} does not exist")
KeyError: 'Variable AWS_REGION does not exist'
[2025-05-02T19:50:49.261+0000] {taskinstance.py:1205} INFO - Marking task as FAILED. dag_id=random_user_dag_s3, task_id=write_male_data, execution_date=20231221T000000, start_date=20250502T195047, end_date=20250502T195049
[2025-05-02T19:50:49.307+0000] {standard_task_runner.py:110} ERROR - Failed to execute job 479 for task write_male_data ('Variable AWS_REGION does not exist'; 1695)
[2025-05-02T19:50:49.361+0000] {local_task_job_runner.py:240} INFO - Task exited with return code 1
[2025-05-02T19:50:49.422+0000] {taskinstance.py:3482} INFO - 0 downstream tasks scheduled from follow-on schedule check
[2025-05-02T19:50:49.436+0000] {local_task_job_runner.py:222} INFO - ::endgroup::
