[2025-05-02T19:55:51.531+0000] {local_task_job_runner.py:120} INFO - ::group::Pre task execution logs
[2025-05-02T19:55:51.556+0000] {taskinstance.py:2073} INFO - Dependencies all met for dep_context=non-requeueable deps ti=<TaskInstance: random_user_dag_s3.get_male_data scheduled__2024-04-25T00:00:00+00:00 [queued]>
[2025-05-02T19:55:51.571+0000] {taskinstance.py:2073} INFO - Dependencies all met for dep_context=requeueable deps ti=<TaskInstance: random_user_dag_s3.get_male_data scheduled__2024-04-25T00:00:00+00:00 [queued]>
[2025-05-02T19:55:51.572+0000] {taskinstance.py:2303} INFO - Starting attempt 1 of 3
[2025-05-02T19:55:51.597+0000] {taskinstance.py:2327} INFO - Executing <Task(PythonOperator): get_male_data> on 2024-04-25 00:00:00+00:00
[2025-05-02T19:55:51.616+0000] {warnings.py:110} WARNING - /home/***/.local/lib/python3.12/site-packages/***/task/task_runner/standard_task_runner.py:61: DeprecationWarning: This process (pid=2792) is multi-threaded, use of fork() may lead to deadlocks in the child.
  pid = os.fork()

[2025-05-02T19:55:51.619+0000] {standard_task_runner.py:63} INFO - Started process 2804 to run task
[2025-05-02T19:55:51.628+0000] {standard_task_runner.py:90} INFO - Running: ['***', 'tasks', 'run', 'random_user_dag_s3', 'get_male_data', 'scheduled__2024-04-25T00:00:00+00:00', '--job-id', '833', '--raw', '--subdir', 'DAGS_FOLDER/random_user_dag.py', '--cfg-path', '/tmp/tmpqorn4qji']
[2025-05-02T19:55:51.630+0000] {standard_task_runner.py:91} INFO - Job 833: Subtask get_male_data
[2025-05-02T19:55:51.720+0000] {task_command.py:426} INFO - Running <TaskInstance: random_user_dag_s3.get_male_data scheduled__2024-04-25T00:00:00+00:00 [running]> on host 1878fa9eca19
[2025-05-02T19:55:52.028+0000] {taskinstance.py:2644} INFO - Exporting env vars: AIRFLOW_CTX_DAG_OWNER='***' AIRFLOW_CTX_DAG_ID='random_user_dag_s3' AIRFLOW_CTX_TASK_ID='get_male_data' AIRFLOW_CTX_EXECUTION_DATE='2024-04-25T00:00:00+00:00' AIRFLOW_CTX_TRY_NUMBER='1' AIRFLOW_CTX_DAG_RUN_ID='scheduled__2024-04-25T00:00:00+00:00'
[2025-05-02T19:55:52.038+0000] {taskinstance.py:430} INFO - ::endgroup::
[2025-05-02T19:55:53.397+0000] {python.py:237} INFO - Done. Returned value was:   male_gender
0        male
1        male
[2025-05-02T19:55:53.413+0000] {taskinstance.py:441} INFO - ::group::Post task execution logs
[2025-05-02T19:55:53.466+0000] {taskinstance.py:1205} INFO - Marking task as SUCCESS. dag_id=random_user_dag_s3, task_id=get_male_data, execution_date=20240425T000000, start_date=20250502T195551, end_date=20250502T195553
[2025-05-02T19:55:53.505+0000] {local_task_job_runner.py:240} INFO - Task exited with return code 0
[2025-05-02T19:55:53.538+0000] {taskinstance.py:3482} INFO - 1 downstream tasks scheduled from follow-on schedule check
[2025-05-02T19:55:53.542+0000] {local_task_job_runner.py:222} INFO - ::endgroup::
