[2025-05-02T19:46:06.301+0000] {local_task_job_runner.py:120} INFO - ::group::Pre task execution logs
[2025-05-02T19:46:06.322+0000] {taskinstance.py:2073} INFO - Dependencies all met for dep_context=non-requeueable deps ti=<TaskInstance: random_user_dag_s3.write_male_data scheduled__2023-10-24T00:00:00+00:00 [queued]>
[2025-05-02T19:46:06.335+0000] {taskinstance.py:2073} INFO - Dependencies all met for dep_context=requeueable deps ti=<TaskInstance: random_user_dag_s3.write_male_data scheduled__2023-10-24T00:00:00+00:00 [queued]>
[2025-05-02T19:46:06.336+0000] {taskinstance.py:2303} INFO - Starting attempt 3 of 3
[2025-05-02T19:46:06.354+0000] {taskinstance.py:2327} INFO - Executing <Task(PythonOperator): write_male_data> on 2023-10-24 00:00:00+00:00
[2025-05-02T19:46:06.367+0000] {warnings.py:110} WARNING - /home/***/.local/lib/python3.12/site-packages/***/task/task_runner/standard_task_runner.py:61: DeprecationWarning: This process (pid=658) is multi-threaded, use of fork() may lead to deadlocks in the child.
  pid = os.fork()

[2025-05-02T19:46:06.371+0000] {standard_task_runner.py:63} INFO - Started process 677 to run task
[2025-05-02T19:46:06.371+0000] {standard_task_runner.py:90} INFO - Running: ['***', 'tasks', 'run', 'random_user_dag_s3', 'write_male_data', 'scheduled__2023-10-24T00:00:00+00:00', '--job-id', '155', '--raw', '--subdir', 'DAGS_FOLDER/random_user_dag.py', '--cfg-path', '/tmp/tmpayapdqok']
[2025-05-02T19:46:06.374+0000] {standard_task_runner.py:91} INFO - Job 155: Subtask write_male_data
[2025-05-02T19:46:06.463+0000] {task_command.py:426} INFO - Running <TaskInstance: random_user_dag_s3.write_male_data scheduled__2023-10-24T00:00:00+00:00 [running]> on host 1878fa9eca19
[2025-05-02T19:46:06.594+0000] {taskinstance.py:2644} INFO - Exporting env vars: AIRFLOW_CTX_DAG_OWNER='***' AIRFLOW_CTX_DAG_ID='random_user_dag_s3' AIRFLOW_CTX_TASK_ID='write_male_data' AIRFLOW_CTX_EXECUTION_DATE='2023-10-24T00:00:00+00:00' AIRFLOW_CTX_TRY_NUMBER='3' AIRFLOW_CTX_DAG_RUN_ID='scheduled__2023-10-24T00:00:00+00:00'
[2025-05-02T19:46:06.596+0000] {taskinstance.py:430} INFO - ::endgroup::
[2025-05-02T19:46:07.018+0000] {taskinstance.py:441} INFO - ::group::Post task execution logs
[2025-05-02T19:46:07.019+0000] {taskinstance.py:2890} ERROR - Task failed with exception
Traceback (most recent call last):
  File "/home/airflow/.local/lib/python3.12/site-packages/airflow/models/taskinstance.py", line 465, in _execute_task
    result = _execute_callable(context=context, **execute_callable_kwargs)
             ^^^^^^^^^^^^^^^^^^^^^^^^^^^^^^^^^^^^^^^^^^^^^^^^^^^^^^^^^^^^^
  File "/home/airflow/.local/lib/python3.12/site-packages/airflow/models/taskinstance.py", line 432, in _execute_callable
    return execute_callable(context=context, **execute_callable_kwargs)
           ^^^^^^^^^^^^^^^^^^^^^^^^^^^^^^^^^^^^^^^^^^^^^^^^^^^^^^^^^^^^
  File "/home/airflow/.local/lib/python3.12/site-packages/airflow/models/baseoperator.py", line 400, in wrapper
    return func(self, *args, **kwargs)
           ^^^^^^^^^^^^^^^^^^^^^^^^^^^
  File "/home/airflow/.local/lib/python3.12/site-packages/airflow/operators/python.py", line 235, in execute
    return_value = self.execute_callable()
                   ^^^^^^^^^^^^^^^^^^^^^^^
  File "/home/airflow/.local/lib/python3.12/site-packages/airflow/operators/python.py", line 252, in execute_callable
    return self.python_callable(*self.op_args, **self.op_kwargs)
           ^^^^^^^^^^^^^^^^^^^^^^^^^^^^^^^^^^^^^^^^^^^^^^^^^^^^^
  File "/opt/airflow/dags/random_user_module.py", line 43, in load_male_to_s3
    aws_access_key_id=Variable.get("AWS_ACCESS_KEY_ID"),
                      ^^^^^^^^^^^^^^^^^^^^^^^^^^^^^^^^^
  File "/home/airflow/.local/lib/python3.12/site-packages/airflow/models/variable.py", line 143, in get
    raise KeyError(f"Variable {key} does not exist")
KeyError: 'Variable AWS_ACCESS_KEY_ID does not exist'
[2025-05-02T19:46:07.034+0000] {taskinstance.py:1205} INFO - Marking task as FAILED. dag_id=random_user_dag_s3, task_id=write_male_data, execution_date=20231024T000000, start_date=20250502T194606, end_date=20250502T194607
[2025-05-02T19:46:07.054+0000] {standard_task_runner.py:110} ERROR - Failed to execute job 155 for task write_male_data ('Variable AWS_ACCESS_KEY_ID does not exist'; 677)
[2025-05-02T19:46:07.075+0000] {local_task_job_runner.py:240} INFO - Task exited with return code 1
[2025-05-02T19:46:07.098+0000] {taskinstance.py:3482} INFO - 0 downstream tasks scheduled from follow-on schedule check
[2025-05-02T19:46:07.102+0000] {local_task_job_runner.py:222} INFO - ::endgroup::
