[2025-05-02T19:43:08.395+0000] {processor.py:161} INFO - Started process (PID=1203) to work on /opt/airflow/dags/random_user_dag.py
[2025-05-02T19:43:08.396+0000] {processor.py:830} INFO - Processing file /opt/airflow/dags/random_user_dag.py for tasks to queue
[2025-05-02T19:43:08.398+0000] {logging_mixin.py:188} INFO - [2025-05-02T19:43:08.398+0000] {dagbag.py:540} INFO - Filling up the DagBag from /opt/airflow/dags/random_user_dag.py
[2025-05-02T19:43:09.444+0000] {processor.py:840} INFO - DAG(s) 'random_user_dag_s3' retrieved from /opt/airflow/dags/random_user_dag.py
[2025-05-02T19:43:09.516+0000] {logging_mixin.py:188} INFO - [2025-05-02T19:43:09.516+0000] {override.py:1829} INFO - Created Permission View: can read on DAG:random_user_dag_s3
[2025-05-02T19:43:09.526+0000] {logging_mixin.py:188} INFO - [2025-05-02T19:43:09.526+0000] {override.py:1829} INFO - Created Permission View: can edit on DAG:random_user_dag_s3
[2025-05-02T19:43:09.531+0000] {logging_mixin.py:188} INFO - [2025-05-02T19:43:09.531+0000] {override.py:1829} INFO - Created Permission View: can delete on DAG:random_user_dag_s3
[2025-05-02T19:43:09.531+0000] {logging_mixin.py:188} INFO - [2025-05-02T19:43:09.531+0000] {dag.py:3096} INFO - Sync 1 DAGs
[2025-05-02T19:43:09.538+0000] {logging_mixin.py:188} INFO - [2025-05-02T19:43:09.538+0000] {dag.py:3118} INFO - Creating ORM DAG for random_user_dag_s3
[2025-05-02T19:43:09.546+0000] {logging_mixin.py:188} INFO - [2025-05-02T19:43:09.546+0000] {dag.py:3954} INFO - Setting next_dagrun for random_user_dag_s3 to 2023-10-01 00:00:00+00:00, run_after=2023-10-02 00:00:00+00:00
[2025-05-02T19:43:09.558+0000] {processor.py:183} INFO - Processing /opt/airflow/dags/random_user_dag.py took 1.175 seconds
[2025-05-02T19:43:39.743+0000] {processor.py:161} INFO - Started process (PID=1263) to work on /opt/airflow/dags/random_user_dag.py
[2025-05-02T19:43:39.744+0000] {processor.py:830} INFO - Processing file /opt/airflow/dags/random_user_dag.py for tasks to queue
[2025-05-02T19:43:39.746+0000] {logging_mixin.py:188} INFO - [2025-05-02T19:43:39.746+0000] {dagbag.py:540} INFO - Filling up the DagBag from /opt/airflow/dags/random_user_dag.py
[2025-05-02T19:43:40.404+0000] {processor.py:840} INFO - DAG(s) 'random_user_dag_s3' retrieved from /opt/airflow/dags/random_user_dag.py
[2025-05-02T19:43:40.417+0000] {logging_mixin.py:188} INFO - [2025-05-02T19:43:40.416+0000] {dag.py:3096} INFO - Sync 1 DAGs
[2025-05-02T19:43:40.433+0000] {logging_mixin.py:188} INFO - [2025-05-02T19:43:40.433+0000] {dag.py:3954} INFO - Setting next_dagrun for random_user_dag_s3 to 2023-10-01 00:00:00+00:00, run_after=2023-10-02 00:00:00+00:00
[2025-05-02T19:43:40.444+0000] {processor.py:183} INFO - Processing /opt/airflow/dags/random_user_dag.py took 0.706 seconds
[2025-05-02T19:44:11.285+0000] {processor.py:161} INFO - Started process (PID=1338) to work on /opt/airflow/dags/random_user_dag.py
[2025-05-02T19:44:11.291+0000] {processor.py:830} INFO - Processing file /opt/airflow/dags/random_user_dag.py for tasks to queue
[2025-05-02T19:44:11.295+0000] {logging_mixin.py:188} INFO - [2025-05-02T19:44:11.295+0000] {dagbag.py:540} INFO - Filling up the DagBag from /opt/airflow/dags/random_user_dag.py
[2025-05-02T19:44:13.008+0000] {processor.py:840} INFO - DAG(s) 'random_user_dag_s3' retrieved from /opt/airflow/dags/random_user_dag.py
[2025-05-02T19:44:13.088+0000] {logging_mixin.py:188} INFO - [2025-05-02T19:44:13.087+0000] {dag.py:3096} INFO - Sync 1 DAGs
[2025-05-02T19:44:13.234+0000] {processor.py:183} INFO - Processing /opt/airflow/dags/random_user_dag.py took 1.962 seconds
[2025-05-02T19:44:43.731+0000] {processor.py:161} INFO - Started process (PID=1440) to work on /opt/airflow/dags/random_user_dag.py
[2025-05-02T19:44:43.733+0000] {processor.py:830} INFO - Processing file /opt/airflow/dags/random_user_dag.py for tasks to queue
[2025-05-02T19:44:43.737+0000] {logging_mixin.py:188} INFO - [2025-05-02T19:44:43.736+0000] {dagbag.py:540} INFO - Filling up the DagBag from /opt/airflow/dags/random_user_dag.py
[2025-05-02T19:44:44.772+0000] {processor.py:840} INFO - DAG(s) 'random_user_dag_s3' retrieved from /opt/airflow/dags/random_user_dag.py
[2025-05-02T19:44:44.793+0000] {logging_mixin.py:188} INFO - [2025-05-02T19:44:44.793+0000] {dag.py:3096} INFO - Sync 1 DAGs
[2025-05-02T19:44:44.832+0000] {processor.py:183} INFO - Processing /opt/airflow/dags/random_user_dag.py took 1.117 seconds
[2025-05-02T19:45:14.964+0000] {processor.py:161} INFO - Started process (PID=1524) to work on /opt/airflow/dags/random_user_dag.py
[2025-05-02T19:45:14.976+0000] {processor.py:830} INFO - Processing file /opt/airflow/dags/random_user_dag.py for tasks to queue
[2025-05-02T19:45:14.981+0000] {logging_mixin.py:188} INFO - [2025-05-02T19:45:14.980+0000] {dagbag.py:540} INFO - Filling up the DagBag from /opt/airflow/dags/random_user_dag.py
[2025-05-02T19:45:16.681+0000] {processor.py:840} INFO - DAG(s) 'random_user_dag_s3' retrieved from /opt/airflow/dags/random_user_dag.py
[2025-05-02T19:45:16.748+0000] {logging_mixin.py:188} INFO - [2025-05-02T19:45:16.747+0000] {dag.py:3096} INFO - Sync 1 DAGs
[2025-05-02T19:45:16.896+0000] {processor.py:183} INFO - Processing /opt/airflow/dags/random_user_dag.py took 1.953 seconds
[2025-05-02T19:45:47.080+0000] {processor.py:161} INFO - Started process (PID=1636) to work on /opt/airflow/dags/random_user_dag.py
[2025-05-02T19:45:47.081+0000] {processor.py:830} INFO - Processing file /opt/airflow/dags/random_user_dag.py for tasks to queue
[2025-05-02T19:45:47.085+0000] {logging_mixin.py:188} INFO - [2025-05-02T19:45:47.084+0000] {dagbag.py:540} INFO - Filling up the DagBag from /opt/airflow/dags/random_user_dag.py
[2025-05-02T19:45:48.922+0000] {processor.py:840} INFO - DAG(s) 'random_user_dag_s3' retrieved from /opt/airflow/dags/random_user_dag.py
[2025-05-02T19:45:48.996+0000] {logging_mixin.py:188} INFO - [2025-05-02T19:45:48.995+0000] {dag.py:3096} INFO - Sync 1 DAGs
[2025-05-02T19:45:49.128+0000] {processor.py:183} INFO - Processing /opt/airflow/dags/random_user_dag.py took 2.066 seconds
[2025-05-02T19:46:19.645+0000] {processor.py:161} INFO - Started process (PID=1738) to work on /opt/airflow/dags/random_user_dag.py
[2025-05-02T19:46:19.648+0000] {processor.py:830} INFO - Processing file /opt/airflow/dags/random_user_dag.py for tasks to queue
[2025-05-02T19:46:19.652+0000] {logging_mixin.py:188} INFO - [2025-05-02T19:46:19.651+0000] {dagbag.py:540} INFO - Filling up the DagBag from /opt/airflow/dags/random_user_dag.py
[2025-05-02T19:46:21.572+0000] {processor.py:840} INFO - DAG(s) 'random_user_dag_s3' retrieved from /opt/airflow/dags/random_user_dag.py
[2025-05-02T19:46:21.677+0000] {logging_mixin.py:188} INFO - [2025-05-02T19:46:21.676+0000] {dag.py:3096} INFO - Sync 1 DAGs
[2025-05-02T19:46:21.863+0000] {processor.py:183} INFO - Processing /opt/airflow/dags/random_user_dag.py took 2.247 seconds
[2025-05-02T19:46:54.838+0000] {processor.py:161} INFO - Started process (PID=1876) to work on /opt/airflow/dags/random_user_dag.py
[2025-05-02T19:46:54.847+0000] {processor.py:830} INFO - Processing file /opt/airflow/dags/random_user_dag.py for tasks to queue
[2025-05-02T19:46:54.851+0000] {logging_mixin.py:188} INFO - [2025-05-02T19:46:54.850+0000] {dagbag.py:540} INFO - Filling up the DagBag from /opt/airflow/dags/random_user_dag.py
[2025-05-02T19:46:56.469+0000] {processor.py:840} INFO - DAG(s) 'random_user_dag_s3' retrieved from /opt/airflow/dags/random_user_dag.py
[2025-05-02T19:46:56.508+0000] {logging_mixin.py:188} INFO - [2025-05-02T19:46:56.507+0000] {dag.py:3096} INFO - Sync 1 DAGs
[2025-05-02T19:46:56.543+0000] {logging_mixin.py:188} INFO - [2025-05-02T19:46:56.543+0000] {dag.py:3954} INFO - Setting next_dagrun for random_user_dag_s3 to 2023-11-17 00:00:00+00:00, run_after=2023-11-18 00:00:00+00:00
[2025-05-02T19:46:56.588+0000] {processor.py:183} INFO - Processing /opt/airflow/dags/random_user_dag.py took 1.774 seconds
[2025-05-02T19:47:30.018+0000] {processor.py:161} INFO - Started process (PID=1972) to work on /opt/airflow/dags/random_user_dag.py
[2025-05-02T19:47:30.019+0000] {processor.py:830} INFO - Processing file /opt/airflow/dags/random_user_dag.py for tasks to queue
[2025-05-02T19:47:30.024+0000] {logging_mixin.py:188} INFO - [2025-05-02T19:47:30.024+0000] {dagbag.py:540} INFO - Filling up the DagBag from /opt/airflow/dags/random_user_dag.py
[2025-05-02T19:47:33.096+0000] {processor.py:840} INFO - DAG(s) 'random_user_dag_s3' retrieved from /opt/airflow/dags/random_user_dag.py
[2025-05-02T19:47:33.148+0000] {logging_mixin.py:188} INFO - [2025-05-02T19:47:33.144+0000] {dag.py:3096} INFO - Sync 1 DAGs
[2025-05-02T19:47:33.325+0000] {processor.py:183} INFO - Processing /opt/airflow/dags/random_user_dag.py took 3.332 seconds
[2025-05-02T19:48:04.961+0000] {processor.py:161} INFO - Started process (PID=2075) to work on /opt/airflow/dags/random_user_dag.py
[2025-05-02T19:48:04.962+0000] {processor.py:830} INFO - Processing file /opt/airflow/dags/random_user_dag.py for tasks to queue
[2025-05-02T19:48:04.986+0000] {logging_mixin.py:188} INFO - [2025-05-02T19:48:04.985+0000] {dagbag.py:540} INFO - Filling up the DagBag from /opt/airflow/dags/random_user_dag.py
[2025-05-02T19:48:06.861+0000] {processor.py:840} INFO - DAG(s) 'random_user_dag_s3' retrieved from /opt/airflow/dags/random_user_dag.py
[2025-05-02T19:48:06.917+0000] {logging_mixin.py:188} INFO - [2025-05-02T19:48:06.916+0000] {dag.py:3096} INFO - Sync 1 DAGs
[2025-05-02T19:48:07.055+0000] {processor.py:183} INFO - Processing /opt/airflow/dags/random_user_dag.py took 2.106 seconds
[2025-05-02T19:48:40.016+0000] {processor.py:161} INFO - Started process (PID=2175) to work on /opt/airflow/dags/random_user_dag.py
[2025-05-02T19:48:40.029+0000] {processor.py:830} INFO - Processing file /opt/airflow/dags/random_user_dag.py for tasks to queue
[2025-05-02T19:48:40.033+0000] {logging_mixin.py:188} INFO - [2025-05-02T19:48:40.032+0000] {dagbag.py:540} INFO - Filling up the DagBag from /opt/airflow/dags/random_user_dag.py
[2025-05-02T19:48:43.325+0000] {processor.py:840} INFO - DAG(s) 'random_user_dag_s3' retrieved from /opt/airflow/dags/random_user_dag.py
[2025-05-02T19:48:43.411+0000] {logging_mixin.py:188} INFO - [2025-05-02T19:48:43.410+0000] {dag.py:3096} INFO - Sync 1 DAGs
[2025-05-02T19:48:43.808+0000] {processor.py:183} INFO - Processing /opt/airflow/dags/random_user_dag.py took 3.806 seconds
[2025-05-02T19:49:15.329+0000] {processor.py:161} INFO - Started process (PID=2269) to work on /opt/airflow/dags/random_user_dag.py
[2025-05-02T19:49:15.330+0000] {processor.py:830} INFO - Processing file /opt/airflow/dags/random_user_dag.py for tasks to queue
[2025-05-02T19:49:15.334+0000] {logging_mixin.py:188} INFO - [2025-05-02T19:49:15.333+0000] {dagbag.py:540} INFO - Filling up the DagBag from /opt/airflow/dags/random_user_dag.py
[2025-05-02T19:49:17.536+0000] {processor.py:840} INFO - DAG(s) 'random_user_dag_s3' retrieved from /opt/airflow/dags/random_user_dag.py
[2025-05-02T19:49:17.737+0000] {logging_mixin.py:188} INFO - [2025-05-02T19:49:17.736+0000] {dag.py:3096} INFO - Sync 1 DAGs
[2025-05-02T19:49:17.865+0000] {processor.py:183} INFO - Processing /opt/airflow/dags/random_user_dag.py took 2.547 seconds
[2025-05-02T19:49:51.114+0000] {processor.py:161} INFO - Started process (PID=2357) to work on /opt/airflow/dags/random_user_dag.py
[2025-05-02T19:49:51.116+0000] {processor.py:830} INFO - Processing file /opt/airflow/dags/random_user_dag.py for tasks to queue
[2025-05-02T19:49:51.120+0000] {logging_mixin.py:188} INFO - [2025-05-02T19:49:51.119+0000] {dagbag.py:540} INFO - Filling up the DagBag from /opt/airflow/dags/random_user_dag.py
[2025-05-02T19:49:53.452+0000] {processor.py:840} INFO - DAG(s) 'random_user_dag_s3' retrieved from /opt/airflow/dags/random_user_dag.py
[2025-05-02T19:49:53.485+0000] {logging_mixin.py:188} INFO - [2025-05-02T19:49:53.484+0000] {dag.py:3096} INFO - Sync 1 DAGs
[2025-05-02T19:49:53.534+0000] {logging_mixin.py:188} INFO - [2025-05-02T19:49:53.534+0000] {dag.py:3954} INFO - Setting next_dagrun for random_user_dag_s3 to 2023-12-29 00:00:00+00:00, run_after=2023-12-30 00:00:00+00:00
[2025-05-02T19:49:53.567+0000] {processor.py:183} INFO - Processing /opt/airflow/dags/random_user_dag.py took 2.489 seconds
[2025-05-02T19:50:25.788+0000] {processor.py:161} INFO - Started process (PID=2475) to work on /opt/airflow/dags/random_user_dag.py
[2025-05-02T19:50:25.802+0000] {processor.py:830} INFO - Processing file /opt/airflow/dags/random_user_dag.py for tasks to queue
[2025-05-02T19:50:25.805+0000] {logging_mixin.py:188} INFO - [2025-05-02T19:50:25.805+0000] {dagbag.py:540} INFO - Filling up the DagBag from /opt/airflow/dags/random_user_dag.py
[2025-05-02T19:50:27.994+0000] {processor.py:840} INFO - DAG(s) 'random_user_dag_s3' retrieved from /opt/airflow/dags/random_user_dag.py
[2025-05-02T19:50:28.072+0000] {logging_mixin.py:188} INFO - [2025-05-02T19:50:28.071+0000] {dag.py:3096} INFO - Sync 1 DAGs
[2025-05-02T19:50:28.240+0000] {processor.py:183} INFO - Processing /opt/airflow/dags/random_user_dag.py took 2.468 seconds
[2025-05-02T19:51:01.030+0000] {processor.py:161} INFO - Started process (PID=2577) to work on /opt/airflow/dags/random_user_dag.py
[2025-05-02T19:51:01.034+0000] {processor.py:830} INFO - Processing file /opt/airflow/dags/random_user_dag.py for tasks to queue
[2025-05-02T19:51:01.038+0000] {logging_mixin.py:188} INFO - [2025-05-02T19:51:01.037+0000] {dagbag.py:540} INFO - Filling up the DagBag from /opt/airflow/dags/random_user_dag.py
[2025-05-02T19:51:03.463+0000] {processor.py:840} INFO - DAG(s) 'random_user_dag_s3' retrieved from /opt/airflow/dags/random_user_dag.py
[2025-05-02T19:51:03.520+0000] {logging_mixin.py:188} INFO - [2025-05-02T19:51:03.519+0000] {dag.py:3096} INFO - Sync 1 DAGs
[2025-05-02T19:51:03.588+0000] {logging_mixin.py:188} INFO - [2025-05-02T19:51:03.587+0000] {dag.py:3954} INFO - Setting next_dagrun for random_user_dag_s3 to 2024-01-16 00:00:00+00:00, run_after=2024-01-17 00:00:00+00:00
[2025-05-02T19:51:03.723+0000] {processor.py:183} INFO - Processing /opt/airflow/dags/random_user_dag.py took 2.717 seconds
[2025-05-02T19:51:36.059+0000] {processor.py:161} INFO - Started process (PID=2683) to work on /opt/airflow/dags/random_user_dag.py
[2025-05-02T19:51:36.063+0000] {processor.py:830} INFO - Processing file /opt/airflow/dags/random_user_dag.py for tasks to queue
[2025-05-02T19:51:36.067+0000] {logging_mixin.py:188} INFO - [2025-05-02T19:51:36.066+0000] {dagbag.py:540} INFO - Filling up the DagBag from /opt/airflow/dags/random_user_dag.py
[2025-05-02T19:51:38.484+0000] {processor.py:840} INFO - DAG(s) 'random_user_dag_s3' retrieved from /opt/airflow/dags/random_user_dag.py
[2025-05-02T19:51:38.536+0000] {logging_mixin.py:188} INFO - [2025-05-02T19:51:38.535+0000] {dag.py:3096} INFO - Sync 1 DAGs
[2025-05-02T19:51:38.616+0000] {processor.py:183} INFO - Processing /opt/airflow/dags/random_user_dag.py took 2.579 seconds
[2025-05-02T19:52:11.608+0000] {processor.py:161} INFO - Started process (PID=2768) to work on /opt/airflow/dags/random_user_dag.py
[2025-05-02T19:52:11.616+0000] {processor.py:830} INFO - Processing file /opt/airflow/dags/random_user_dag.py for tasks to queue
[2025-05-02T19:52:11.620+0000] {logging_mixin.py:188} INFO - [2025-05-02T19:52:11.620+0000] {dagbag.py:540} INFO - Filling up the DagBag from /opt/airflow/dags/random_user_dag.py
[2025-05-02T19:52:13.297+0000] {processor.py:840} INFO - DAG(s) 'random_user_dag_s3' retrieved from /opt/airflow/dags/random_user_dag.py
[2025-05-02T19:52:13.370+0000] {logging_mixin.py:188} INFO - [2025-05-02T19:52:13.369+0000] {dag.py:3096} INFO - Sync 1 DAGs
[2025-05-02T19:52:13.830+0000] {processor.py:183} INFO - Processing /opt/airflow/dags/random_user_dag.py took 2.251 seconds
[2025-05-02T19:52:46.059+0000] {processor.py:161} INFO - Started process (PID=2870) to work on /opt/airflow/dags/random_user_dag.py
[2025-05-02T19:52:46.061+0000] {processor.py:830} INFO - Processing file /opt/airflow/dags/random_user_dag.py for tasks to queue
[2025-05-02T19:52:46.063+0000] {logging_mixin.py:188} INFO - [2025-05-02T19:52:46.063+0000] {dagbag.py:540} INFO - Filling up the DagBag from /opt/airflow/dags/random_user_dag.py
[2025-05-02T19:52:46.617+0000] {processor.py:840} INFO - DAG(s) 'random_user_dag_s3' retrieved from /opt/airflow/dags/random_user_dag.py
[2025-05-02T19:52:46.638+0000] {logging_mixin.py:188} INFO - [2025-05-02T19:52:46.638+0000] {dag.py:3096} INFO - Sync 1 DAGs
[2025-05-02T19:52:46.663+0000] {logging_mixin.py:188} INFO - [2025-05-02T19:52:46.663+0000] {dag.py:3954} INFO - Setting next_dagrun for random_user_dag_s3 to 2024-02-07 00:00:00+00:00, run_after=2024-02-08 00:00:00+00:00
[2025-05-02T19:52:46.860+0000] {processor.py:183} INFO - Processing /opt/airflow/dags/random_user_dag.py took 0.807 seconds
[2025-05-02T19:53:17.442+0000] {processor.py:161} INFO - Started process (PID=2989) to work on /opt/airflow/dags/random_user_dag.py
[2025-05-02T19:53:17.444+0000] {processor.py:830} INFO - Processing file /opt/airflow/dags/random_user_dag.py for tasks to queue
[2025-05-02T19:53:17.453+0000] {logging_mixin.py:188} INFO - [2025-05-02T19:53:17.452+0000] {dagbag.py:540} INFO - Filling up the DagBag from /opt/airflow/dags/random_user_dag.py
[2025-05-02T19:53:19.632+0000] {processor.py:840} INFO - DAG(s) 'random_user_dag_s3' retrieved from /opt/airflow/dags/random_user_dag.py
[2025-05-02T19:53:19.674+0000] {logging_mixin.py:188} INFO - [2025-05-02T19:53:19.673+0000] {dag.py:3096} INFO - Sync 1 DAGs
[2025-05-02T19:53:19.722+0000] {logging_mixin.py:188} INFO - [2025-05-02T19:53:19.722+0000] {dag.py:3954} INFO - Setting next_dagrun for random_user_dag_s3 to 2024-02-22 00:00:00+00:00, run_after=2024-02-23 00:00:00+00:00
[2025-05-02T19:53:19.791+0000] {processor.py:183} INFO - Processing /opt/airflow/dags/random_user_dag.py took 2.373 seconds
[2025-05-02T19:53:50.433+0000] {processor.py:161} INFO - Started process (PID=3093) to work on /opt/airflow/dags/random_user_dag.py
[2025-05-02T19:53:50.447+0000] {processor.py:830} INFO - Processing file /opt/airflow/dags/random_user_dag.py for tasks to queue
[2025-05-02T19:53:50.452+0000] {logging_mixin.py:188} INFO - [2025-05-02T19:53:50.451+0000] {dagbag.py:540} INFO - Filling up the DagBag from /opt/airflow/dags/random_user_dag.py
[2025-05-02T19:53:54.269+0000] {processor.py:840} INFO - DAG(s) 'random_user_dag_s3' retrieved from /opt/airflow/dags/random_user_dag.py
[2025-05-02T19:53:54.636+0000] {logging_mixin.py:188} INFO - [2025-05-02T19:53:54.635+0000] {dag.py:3096} INFO - Sync 1 DAGs
[2025-05-02T19:53:54.704+0000] {logging_mixin.py:188} INFO - [2025-05-02T19:53:54.703+0000] {dag.py:3954} INFO - Setting next_dagrun for random_user_dag_s3 to 2024-03-09 00:00:00+00:00, run_after=2024-03-10 00:00:00+00:00
[2025-05-02T19:53:54.767+0000] {processor.py:183} INFO - Processing /opt/airflow/dags/random_user_dag.py took 2.081 seconds
[2025-05-02T19:54:24.866+0000] {processor.py:161} INFO - Started process (PID=3201) to work on /opt/airflow/dags/random_user_dag.py
[2025-05-02T19:54:24.883+0000] {processor.py:830} INFO - Processing file /opt/airflow/dags/random_user_dag.py for tasks to queue
[2025-05-02T19:54:24.887+0000] {logging_mixin.py:188} INFO - [2025-05-02T19:54:24.886+0000] {dagbag.py:540} INFO - Filling up the DagBag from /opt/airflow/dags/random_user_dag.py
[2025-05-02T19:54:29.114+0000] {processor.py:840} INFO - DAG(s) 'random_user_dag_s3' retrieved from /opt/airflow/dags/random_user_dag.py
[2025-05-02T19:54:29.205+0000] {logging_mixin.py:188} INFO - [2025-05-02T19:54:29.204+0000] {dag.py:3096} INFO - Sync 1 DAGs
[2025-05-02T19:54:29.574+0000] {logging_mixin.py:188} INFO - [2025-05-02T19:54:29.573+0000] {dag.py:3954} INFO - Setting next_dagrun for random_user_dag_s3 to 2024-03-25 00:00:00+00:00, run_after=2024-03-26 00:00:00+00:00
[2025-05-02T19:54:29.763+0000] {processor.py:183} INFO - Processing /opt/airflow/dags/random_user_dag.py took 2.141 seconds
[2025-05-02T19:54:59.934+0000] {processor.py:161} INFO - Started process (PID=3305) to work on /opt/airflow/dags/random_user_dag.py
[2025-05-02T19:54:59.936+0000] {processor.py:830} INFO - Processing file /opt/airflow/dags/random_user_dag.py for tasks to queue
[2025-05-02T19:54:59.939+0000] {logging_mixin.py:188} INFO - [2025-05-02T19:54:59.938+0000] {dagbag.py:540} INFO - Filling up the DagBag from /opt/airflow/dags/random_user_dag.py
[2025-05-02T19:55:04.703+0000] {processor.py:840} INFO - DAG(s) 'random_user_dag_s3' retrieved from /opt/airflow/dags/random_user_dag.py
[2025-05-02T19:55:04.765+0000] {logging_mixin.py:188} INFO - [2025-05-02T19:55:04.764+0000] {dag.py:3096} INFO - Sync 1 DAGs
[2025-05-02T19:55:04.859+0000] {processor.py:183} INFO - Processing /opt/airflow/dags/random_user_dag.py took 2.026 seconds
[2025-05-02T19:55:34.989+0000] {processor.py:161} INFO - Started process (PID=3418) to work on /opt/airflow/dags/random_user_dag.py
[2025-05-02T19:55:34.990+0000] {processor.py:830} INFO - Processing file /opt/airflow/dags/random_user_dag.py for tasks to queue
[2025-05-02T19:55:34.994+0000] {logging_mixin.py:188} INFO - [2025-05-02T19:55:34.993+0000] {dagbag.py:540} INFO - Filling up the DagBag from /opt/airflow/dags/random_user_dag.py
[2025-05-02T19:55:39.763+0000] {processor.py:840} INFO - DAG(s) 'random_user_dag_s3' retrieved from /opt/airflow/dags/random_user_dag.py
[2025-05-02T19:55:39.790+0000] {logging_mixin.py:188} INFO - [2025-05-02T19:55:39.789+0000] {dag.py:3096} INFO - Sync 1 DAGs
[2025-05-02T19:55:39.873+0000] {processor.py:183} INFO - Processing /opt/airflow/dags/random_user_dag.py took 1.993 seconds
[2025-05-02T19:56:10.161+0000] {processor.py:161} INFO - Started process (PID=3526) to work on /opt/airflow/dags/random_user_dag.py
[2025-05-02T19:56:10.162+0000] {processor.py:830} INFO - Processing file /opt/airflow/dags/random_user_dag.py for tasks to queue
[2025-05-02T19:56:10.166+0000] {logging_mixin.py:188} INFO - [2025-05-02T19:56:10.165+0000] {dagbag.py:540} INFO - Filling up the DagBag from /opt/airflow/dags/random_user_dag.py
[2025-05-02T19:56:14.516+0000] {processor.py:840} INFO - DAG(s) 'random_user_dag_s3' retrieved from /opt/airflow/dags/random_user_dag.py
[2025-05-02T19:56:14.544+0000] {logging_mixin.py:188} INFO - [2025-05-02T19:56:14.543+0000] {dag.py:3096} INFO - Sync 1 DAGs
[2025-05-02T19:56:14.581+0000] {logging_mixin.py:188} INFO - [2025-05-02T19:56:14.581+0000] {dag.py:3954} INFO - Setting next_dagrun for random_user_dag_s3 to 2024-05-05 00:00:00+00:00, run_after=2024-05-06 00:00:00+00:00
[2025-05-02T19:56:14.622+0000] {processor.py:183} INFO - Processing /opt/airflow/dags/random_user_dag.py took 1.474 seconds
[2025-05-02T19:56:44.840+0000] {processor.py:161} INFO - Started process (PID=3628) to work on /opt/airflow/dags/random_user_dag.py
[2025-05-02T19:56:44.841+0000] {processor.py:830} INFO - Processing file /opt/airflow/dags/random_user_dag.py for tasks to queue
[2025-05-02T19:56:44.845+0000] {logging_mixin.py:188} INFO - [2025-05-02T19:56:44.844+0000] {dagbag.py:540} INFO - Filling up the DagBag from /opt/airflow/dags/random_user_dag.py
[2025-05-02T19:56:49.040+0000] {processor.py:840} INFO - DAG(s) 'random_user_dag_s3' retrieved from /opt/airflow/dags/random_user_dag.py
[2025-05-02T19:56:49.068+0000] {logging_mixin.py:188} INFO - [2025-05-02T19:56:49.068+0000] {dag.py:3096} INFO - Sync 1 DAGs
[2025-05-02T19:56:49.162+0000] {processor.py:183} INFO - Processing /opt/airflow/dags/random_user_dag.py took 1.976 seconds
[2025-05-02T19:57:19.410+0000] {processor.py:161} INFO - Started process (PID=3735) to work on /opt/airflow/dags/random_user_dag.py
[2025-05-02T19:57:19.412+0000] {processor.py:830} INFO - Processing file /opt/airflow/dags/random_user_dag.py for tasks to queue
[2025-05-02T19:57:19.415+0000] {logging_mixin.py:188} INFO - [2025-05-02T19:57:19.415+0000] {dagbag.py:540} INFO - Filling up the DagBag from /opt/airflow/dags/random_user_dag.py
[2025-05-02T19:57:23.849+0000] {processor.py:840} INFO - DAG(s) 'random_user_dag_s3' retrieved from /opt/airflow/dags/random_user_dag.py
[2025-05-02T19:57:23.896+0000] {logging_mixin.py:188} INFO - [2025-05-02T19:57:23.896+0000] {dag.py:3096} INFO - Sync 1 DAGs
[2025-05-02T19:57:23.991+0000] {processor.py:183} INFO - Processing /opt/airflow/dags/random_user_dag.py took 2.120 seconds
[2025-05-02T19:57:54.397+0000] {processor.py:161} INFO - Started process (PID=3835) to work on /opt/airflow/dags/random_user_dag.py
[2025-05-02T19:57:54.406+0000] {processor.py:830} INFO - Processing file /opt/airflow/dags/random_user_dag.py for tasks to queue
[2025-05-02T19:57:54.409+0000] {logging_mixin.py:188} INFO - [2025-05-02T19:57:54.408+0000] {dagbag.py:540} INFO - Filling up the DagBag from /opt/airflow/dags/random_user_dag.py
[2025-05-02T19:57:58.612+0000] {processor.py:840} INFO - DAG(s) 'random_user_dag_s3' retrieved from /opt/airflow/dags/random_user_dag.py
[2025-05-02T19:57:58.644+0000] {logging_mixin.py:188} INFO - [2025-05-02T19:57:58.643+0000] {dag.py:3096} INFO - Sync 1 DAGs
[2025-05-02T19:57:58.676+0000] {logging_mixin.py:188} INFO - [2025-05-02T19:57:58.675+0000] {dag.py:3954} INFO - Setting next_dagrun for random_user_dag_s3 to 2024-06-22 00:00:00+00:00, run_after=2024-06-23 00:00:00+00:00
[2025-05-02T19:57:58.749+0000] {processor.py:183} INFO - Processing /opt/airflow/dags/random_user_dag.py took 1.822 seconds
