[2025-05-02T19:57:12.256+0000] {local_task_job_runner.py:120} INFO - ::group::Pre task execution logs
[2025-05-02T19:57:12.328+0000] {taskinstance.py:2073} INFO - Dependencies all met for dep_context=non-requeueable deps ti=<TaskInstance: random_user_dag_s3.get_male_data scheduled__2024-05-26T00:00:00+00:00 [queued]>
[2025-05-02T19:57:12.400+0000] {taskinstance.py:2073} INFO - Dependencies all met for dep_context=requeueable deps ti=<TaskInstance: random_user_dag_s3.get_male_data scheduled__2024-05-26T00:00:00+00:00 [queued]>
[2025-05-02T19:57:12.401+0000] {taskinstance.py:2303} INFO - Starting attempt 1 of 3
[2025-05-02T19:57:12.734+0000] {taskinstance.py:2327} INFO - Executing <Task(PythonOperator): get_male_data> on 2024-05-26 00:00:00+00:00
[2025-05-02T19:57:12.768+0000] {warnings.py:110} WARNING - /home/***/.local/lib/python3.12/site-packages/***/task/task_runner/standard_task_runner.py:61: DeprecationWarning: This process (pid=3104) is multi-threaded, use of fork() may lead to deadlocks in the child.
  pid = os.fork()

[2025-05-02T19:57:12.770+0000] {standard_task_runner.py:63} INFO - Started process 3138 to run task
[2025-05-02T19:57:12.798+0000] {standard_task_runner.py:90} INFO - Running: ['***', 'tasks', 'run', 'random_user_dag_s3', 'get_male_data', 'scheduled__2024-05-26T00:00:00+00:00', '--job-id', '936', '--raw', '--subdir', 'DAGS_FOLDER/random_user_dag.py', '--cfg-path', '/tmp/tmpfsojr_ov']
[2025-05-02T19:57:12.806+0000] {standard_task_runner.py:91} INFO - Job 936: Subtask get_male_data
[2025-05-02T19:57:13.102+0000] {task_command.py:426} INFO - Running <TaskInstance: random_user_dag_s3.get_male_data scheduled__2024-05-26T00:00:00+00:00 [running]> on host 1878fa9eca19
[2025-05-02T19:57:13.590+0000] {taskinstance.py:2644} INFO - Exporting env vars: AIRFLOW_CTX_DAG_OWNER='***' AIRFLOW_CTX_DAG_ID='random_user_dag_s3' AIRFLOW_CTX_TASK_ID='get_male_data' AIRFLOW_CTX_EXECUTION_DATE='2024-05-26T00:00:00+00:00' AIRFLOW_CTX_TRY_NUMBER='1' AIRFLOW_CTX_DAG_RUN_ID='scheduled__2024-05-26T00:00:00+00:00'
[2025-05-02T19:57:13.592+0000] {taskinstance.py:430} INFO - ::endgroup::
[2025-05-02T19:57:14.294+0000] {python.py:237} INFO - Done. Returned value was:   male_gender
0        male
1        male
2        male
3        male
4        male
5        male
6        male
[2025-05-02T19:57:14.385+0000] {taskinstance.py:441} INFO - ::group::Post task execution logs
[2025-05-02T19:57:14.529+0000] {taskinstance.py:1205} INFO - Marking task as SUCCESS. dag_id=random_user_dag_s3, task_id=get_male_data, execution_date=20240526T000000, start_date=20250502T195712, end_date=20250502T195714
[2025-05-02T19:57:15.049+0000] {local_task_job_runner.py:240} INFO - Task exited with return code 0
[2025-05-02T19:57:15.152+0000] {taskinstance.py:3482} INFO - 1 downstream tasks scheduled from follow-on schedule check
[2025-05-02T19:57:15.173+0000] {local_task_job_runner.py:222} INFO - ::endgroup::
