[2025-05-02T19:56:37.165+0000] {local_task_job_runner.py:120} INFO - ::group::Pre task execution logs
[2025-05-02T19:56:37.217+0000] {taskinstance.py:2073} INFO - Dependencies all met for dep_context=non-requeueable deps ti=<TaskInstance: random_user_dag_s3.get_male_data scheduled__2024-05-12T00:00:00+00:00 [queued]>
[2025-05-02T19:56:37.256+0000] {taskinstance.py:2073} INFO - Dependencies all met for dep_context=requeueable deps ti=<TaskInstance: random_user_dag_s3.get_male_data scheduled__2024-05-12T00:00:00+00:00 [queued]>
[2025-05-02T19:56:37.257+0000] {taskinstance.py:2303} INFO - Starting attempt 1 of 3
[2025-05-02T19:56:37.330+0000] {taskinstance.py:2327} INFO - Executing <Task(PythonOperator): get_male_data> on 2024-05-12 00:00:00+00:00
[2025-05-02T19:56:37.345+0000] {warnings.py:110} WARNING - /home/***/.local/lib/python3.12/site-packages/***/task/task_runner/standard_task_runner.py:61: DeprecationWarning: This process (pid=2962) is multi-threaded, use of fork() may lead to deadlocks in the child.
  pid = os.fork()

[2025-05-02T19:56:37.355+0000] {standard_task_runner.py:90} INFO - Running: ['***', 'tasks', 'run', 'random_user_dag_s3', 'get_male_data', 'scheduled__2024-05-12T00:00:00+00:00', '--job-id', '891', '--raw', '--subdir', 'DAGS_FOLDER/random_user_dag.py', '--cfg-path', '/tmp/tmpeh5zdg4f']
[2025-05-02T19:56:37.356+0000] {standard_task_runner.py:91} INFO - Job 891: Subtask get_male_data
[2025-05-02T19:56:37.357+0000] {standard_task_runner.py:63} INFO - Started process 3001 to run task
[2025-05-02T19:56:37.575+0000] {task_command.py:426} INFO - Running <TaskInstance: random_user_dag_s3.get_male_data scheduled__2024-05-12T00:00:00+00:00 [running]> on host 1878fa9eca19
[2025-05-02T19:56:38.011+0000] {taskinstance.py:2644} INFO - Exporting env vars: AIRFLOW_CTX_DAG_OWNER='***' AIRFLOW_CTX_DAG_ID='random_user_dag_s3' AIRFLOW_CTX_TASK_ID='get_male_data' AIRFLOW_CTX_EXECUTION_DATE='2024-05-12T00:00:00+00:00' AIRFLOW_CTX_TRY_NUMBER='1' AIRFLOW_CTX_DAG_RUN_ID='scheduled__2024-05-12T00:00:00+00:00'
[2025-05-02T19:56:38.021+0000] {taskinstance.py:430} INFO - ::endgroup::
[2025-05-02T19:56:38.618+0000] {python.py:237} INFO - Done. Returned value was:   male_gender
0        male
1        male
2        male
3        male
4        male
5        male
6        male
[2025-05-02T19:56:38.655+0000] {taskinstance.py:441} INFO - ::group::Post task execution logs
[2025-05-02T19:56:38.778+0000] {taskinstance.py:1205} INFO - Marking task as SUCCESS. dag_id=random_user_dag_s3, task_id=get_male_data, execution_date=20240512T000000, start_date=20250502T195637, end_date=20250502T195638
[2025-05-02T19:56:38.873+0000] {local_task_job_runner.py:240} INFO - Task exited with return code 0
[2025-05-02T19:56:39.022+0000] {taskinstance.py:3482} INFO - 1 downstream tasks scheduled from follow-on schedule check
[2025-05-02T19:56:39.052+0000] {local_task_job_runner.py:222} INFO - ::endgroup::
