[2025-05-02T19:51:27.603+0000] {local_task_job_runner.py:120} INFO - ::group::Pre task execution logs
[2025-05-02T19:51:27.758+0000] {taskinstance.py:2073} INFO - Dependencies all met for dep_context=non-requeueable deps ti=<TaskInstance: random_user_dag_s3.write_male_data scheduled__2024-01-06T00:00:00+00:00 [queued]>
[2025-05-02T19:51:27.819+0000] {taskinstance.py:2073} INFO - Dependencies all met for dep_context=requeueable deps ti=<TaskInstance: random_user_dag_s3.write_male_data scheduled__2024-01-06T00:00:00+00:00 [queued]>
[2025-05-02T19:51:27.820+0000] {taskinstance.py:2303} INFO - Starting attempt 1 of 3
[2025-05-02T19:51:28.202+0000] {taskinstance.py:2327} INFO - Executing <Task(PythonOperator): write_male_data> on 2024-01-06 00:00:00+00:00
[2025-05-02T19:51:28.219+0000] {warnings.py:110} WARNING - /home/***/.local/lib/python3.12/site-packages/***/task/task_runner/standard_task_runner.py:61: DeprecationWarning: This process (pid=1804) is multi-threaded, use of fork() may lead to deadlocks in the child.
  pid = os.fork()

[2025-05-02T19:51:28.240+0000] {standard_task_runner.py:63} INFO - Started process 1834 to run task
[2025-05-02T19:51:28.256+0000] {standard_task_runner.py:90} INFO - Running: ['***', 'tasks', 'run', 'random_user_dag_s3', 'write_male_data', 'scheduled__2024-01-06T00:00:00+00:00', '--job-id', '518', '--raw', '--subdir', 'DAGS_FOLDER/random_user_dag.py', '--cfg-path', '/tmp/tmpx0v_xjtp']
[2025-05-02T19:51:28.258+0000] {standard_task_runner.py:91} INFO - Job 518: Subtask write_male_data
[2025-05-02T19:51:28.493+0000] {task_command.py:426} INFO - Running <TaskInstance: random_user_dag_s3.write_male_data scheduled__2024-01-06T00:00:00+00:00 [running]> on host 1878fa9eca19
[2025-05-02T19:51:28.848+0000] {taskinstance.py:2644} INFO - Exporting env vars: AIRFLOW_CTX_DAG_OWNER='***' AIRFLOW_CTX_DAG_ID='random_user_dag_s3' AIRFLOW_CTX_TASK_ID='write_male_data' AIRFLOW_CTX_EXECUTION_DATE='2024-01-06T00:00:00+00:00' AIRFLOW_CTX_TRY_NUMBER='1' AIRFLOW_CTX_DAG_RUN_ID='scheduled__2024-01-06T00:00:00+00:00'
[2025-05-02T19:51:28.850+0000] {taskinstance.py:430} INFO - ::endgroup::
[2025-05-02T19:51:29.713+0000] {taskinstance.py:441} INFO - ::group::Post task execution logs
[2025-05-02T19:51:29.714+0000] {taskinstance.py:2890} ERROR - Task failed with exception
Traceback (most recent call last):
  File "/home/airflow/.local/lib/python3.12/site-packages/airflow/models/taskinstance.py", line 465, in _execute_task
    result = _execute_callable(context=context, **execute_callable_kwargs)
             ^^^^^^^^^^^^^^^^^^^^^^^^^^^^^^^^^^^^^^^^^^^^^^^^^^^^^^^^^^^^^
  File "/home/airflow/.local/lib/python3.12/site-packages/airflow/models/taskinstance.py", line 432, in _execute_callable
    return execute_callable(context=context, **execute_callable_kwargs)
           ^^^^^^^^^^^^^^^^^^^^^^^^^^^^^^^^^^^^^^^^^^^^^^^^^^^^^^^^^^^^
  File "/home/airflow/.local/lib/python3.12/site-packages/airflow/models/baseoperator.py", line 400, in wrapper
    return func(self, *args, **kwargs)
           ^^^^^^^^^^^^^^^^^^^^^^^^^^^
  File "/home/airflow/.local/lib/python3.12/site-packages/airflow/operators/python.py", line 235, in execute
    return_value = self.execute_callable()
                   ^^^^^^^^^^^^^^^^^^^^^^^
  File "/home/airflow/.local/lib/python3.12/site-packages/airflow/operators/python.py", line 252, in execute_callable
    return self.python_callable(*self.op_args, **self.op_kwargs)
           ^^^^^^^^^^^^^^^^^^^^^^^^^^^^^^^^^^^^^^^^^^^^^^^^^^^^^
  File "/opt/airflow/dags/random_user_module.py", line 45, in load_male_to_s3
    region_name=Variable.get("AWS_REGION")
                ^^^^^^^^^^^^^^^^^^^^^^^^^^
  File "/home/airflow/.local/lib/python3.12/site-packages/airflow/models/variable.py", line 143, in get
    raise KeyError(f"Variable {key} does not exist")
KeyError: 'Variable AWS_REGION does not exist'
[2025-05-02T19:51:29.764+0000] {taskinstance.py:1205} INFO - Marking task as UP_FOR_RETRY. dag_id=random_user_dag_s3, task_id=write_male_data, execution_date=20240106T000000, start_date=20250502T195127, end_date=20250502T195129
[2025-05-02T19:51:29.828+0000] {standard_task_runner.py:110} ERROR - Failed to execute job 518 for task write_male_data ('Variable AWS_REGION does not exist'; 1834)
[2025-05-02T19:51:29.911+0000] {local_task_job_runner.py:240} INFO - Task exited with return code 1
[2025-05-02T19:51:30.011+0000] {taskinstance.py:3482} INFO - 0 downstream tasks scheduled from follow-on schedule check
[2025-05-02T19:51:30.071+0000] {local_task_job_runner.py:222} INFO - ::endgroup::
