[2025-05-02T19:52:26.521+0000] {local_task_job_runner.py:120} INFO - ::group::Pre task execution logs
[2025-05-02T19:52:26.593+0000] {taskinstance.py:2073} INFO - Dependencies all met for dep_context=non-requeueable deps ti=<TaskInstance: random_user_dag_s3.get_male_data scheduled__2024-01-30T00:00:00+00:00 [queued]>
[2025-05-02T19:52:26.609+0000] {taskinstance.py:2073} INFO - Dependencies all met for dep_context=requeueable deps ti=<TaskInstance: random_user_dag_s3.get_male_data scheduled__2024-01-30T00:00:00+00:00 [queued]>
[2025-05-02T19:52:26.610+0000] {taskinstance.py:2303} INFO - Starting attempt 1 of 3
[2025-05-02T19:52:26.874+0000] {taskinstance.py:2327} INFO - Executing <Task(PythonOperator): get_male_data> on 2024-01-30 00:00:00+00:00
[2025-05-02T19:52:27.014+0000] {warnings.py:110} WARNING - /home/***/.local/lib/python3.12/site-packages/***/task/task_runner/standard_task_runner.py:61: DeprecationWarning: This process (pid=1974) is multi-threaded, use of fork() may lead to deadlocks in the child.
  pid = os.fork()

[2025-05-02T19:52:27.027+0000] {standard_task_runner.py:90} INFO - Running: ['***', 'tasks', 'run', 'random_user_dag_s3', 'get_male_data', 'scheduled__2024-01-30T00:00:00+00:00', '--job-id', '575', '--raw', '--subdir', 'DAGS_FOLDER/random_user_dag.py', '--cfg-path', '/tmp/tmp2vewky1s']
[2025-05-02T19:52:27.028+0000] {standard_task_runner.py:91} INFO - Job 575: Subtask get_male_data
[2025-05-02T19:52:27.056+0000] {standard_task_runner.py:63} INFO - Started process 2019 to run task
[2025-05-02T19:52:27.413+0000] {task_command.py:426} INFO - Running <TaskInstance: random_user_dag_s3.get_male_data scheduled__2024-01-30T00:00:00+00:00 [running]> on host 1878fa9eca19
[2025-05-02T19:52:28.035+0000] {taskinstance.py:2644} INFO - Exporting env vars: AIRFLOW_CTX_DAG_OWNER='***' AIRFLOW_CTX_DAG_ID='random_user_dag_s3' AIRFLOW_CTX_TASK_ID='get_male_data' AIRFLOW_CTX_EXECUTION_DATE='2024-01-30T00:00:00+00:00' AIRFLOW_CTX_TRY_NUMBER='1' AIRFLOW_CTX_DAG_RUN_ID='scheduled__2024-01-30T00:00:00+00:00'
[2025-05-02T19:52:28.042+0000] {taskinstance.py:430} INFO - ::endgroup::
[2025-05-02T19:52:28.618+0000] {python.py:237} INFO - Done. Returned value was:   male_gender
0        male
1        male
2        male
3        male
4        male
[2025-05-02T19:52:28.669+0000] {taskinstance.py:441} INFO - ::group::Post task execution logs
[2025-05-02T19:52:28.911+0000] {taskinstance.py:1205} INFO - Marking task as SUCCESS. dag_id=random_user_dag_s3, task_id=get_male_data, execution_date=20240130T000000, start_date=20250502T195226, end_date=20250502T195228
[2025-05-02T19:52:29.038+0000] {local_task_job_runner.py:240} INFO - Task exited with return code 0
[2025-05-02T19:52:29.106+0000] {taskinstance.py:3482} INFO - 1 downstream tasks scheduled from follow-on schedule check
[2025-05-02T19:52:29.118+0000] {local_task_job_runner.py:222} INFO - ::endgroup::
